Resolving dependencies...
Downloading packages...
  _flutterfire_internals 1.3.59 (1.3.66 available)
  audioplayers 4.1.0 (6.5.1 available)
  audioplayers_android 3.0.2 (5.2.1 available)
  audioplayers_darwin 4.1.0 (6.3.0 available)
  audioplayers_linux 2.1.0 (4.2.1 available)
  audioplayers_platform_interface 5.0.1 (7.1.1 available)
  audioplayers_web 3.1.0 (5.1.1 available)
  audioplayers_windows 2.0.2 (4.2.1 available)
  characters 1.4.0 (1.4.1 available)
  cloud_firestore 5.6.12 (6.1.2 available)
  cloud_firestore_platform_interface 6.6.12 (7.0.6 available)
  cloud_firestore_web 4.4.12 (5.1.2 available)
  file 6.1.4 (7.0.1 available)
  firebase_auth 5.7.0 (6.1.4 available)
  firebase_auth_platform_interface 7.7.3 (8.1.6 available)
  firebase_auth_web 5.15.3 (6.1.2 available)
  firebase_core 3.15.2 (4.4.0 available)
  firebase_core_web 2.24.1 (3.4.0 available)
  flutter_launcher_icons 0.13.1 (0.14.4 available)
  flutter_lints 2.0.3 (6.0.0 available)
  http 0.13.6 (1.6.0 available)
  intl 0.18.1 (0.20.2 available)
  js 0.6.7 (0.7.2 available)
  lints 2.1.1 (6.1.0 available)
  matcher 0.12.17 (0.12.18 available)
  material_color_utilities 0.11.1 (0.13.0 available)
  meta 1.17.0 (1.18.1 available)
  share_plus 10.1.4 (12.0.1 available)
  share_plus_platform_interface 5.0.2 (6.1.0 available)
  test_api 0.7.7 (0.7.9 available)
  uuid 3.0.7 (4.5.2 available)
Got dependencies!
31 packages have newer versions incompatible with dependency constraints.
Try `flutter pub outdated` for more information.
Analyzing TheHittersLedger...                                   

  error • Target of URI doesn't exist: 'package:a11y_assessments/main.dart' • flutter/dev/a11y_assessments/test/accessibility_guideline_test.dart:5:8 • uri_does_not_exist
  error • Target of URI doesn't exist: 'package:a11y_assessments/use_cases/use_cases.dart' • flutter/dev/a11y_assessments/test/accessibility_guideline_test.dart:6:8 • uri_does_not_exist
  error • Undefined class 'UseCase' • flutter/dev/a11y_assessments/test/accessibility_guideline_test.dart:11:14 • undefined_class
  error • Undefined name 'useCases' • flutter/dev/a11y_assessments/test/accessibility_guideline_test.dart:11:33 • undefined_identifier
  error • The name 'App' isn't a class • flutter/dev/a11y_assessments/test/accessibility_guideline_test.dart:13:37 • creation_with_non_type
  error • The name 'HomePageState' isn't a type, so it can't be used as a type argument • flutter/dev/a11y_assessments/test/accessibility_guideline_test.dart:20:18 • non_type_as_type_argument
  error • Undefined name 'HomePage' • flutter/dev/a11y_assessments/test/accessibility_guideline_test.dart:20:45 • undefined_identifier
  error • Target of URI doesn't exist: 'package:a11y_assessments/use_cases/action_chip.dart' • flutter/dev/a11y_assessments/test/action_chip_test.dart:5:8 • uri_does_not_exist
  error • The function 'ActionChipUseCase' isn't defined • flutter/dev/a11y_assessments/test/action_chip_test.dart:13:32 • undefined_function
  error • The function 'ActionChipUseCase' isn't defined • flutter/dev/a11y_assessments/test/action_chip_test.dart:18:32 • undefined_function
  error • Target of URI doesn't exist: 'package:a11y_assessments/use_cases/app_bar.dart' • flutter/dev/a11y_assessments/test/app_bar_test.dart:5:8 • uri_does_not_exist
  error • The function 'AppBarUseCase' isn't defined • flutter/dev/a11y_assessments/test/app_bar_test.dart:12:32 • undefined_function
  error • Target of URI doesn't exist: 'package:a11y_assessments/use_cases/auto_complete.dart' • flutter/dev/a11y_assessments/test/auto_complete_test.dart:5:8 • uri_does_not_exist
  error • The function 'AutoCompleteUseCase' isn't defined • flutter/dev/a11y_assessments/test/auto_complete_test.dart:14:32 • undefined_function
  error • The function 'AutoCompleteUseCase' isn't defined • flutter/dev/a11y_assessments/test/auto_complete_test.dart:19:32 • undefined_function
  error • The function 'AutoCompleteUseCase' isn't defined • flutter/dev/a11y_assessments/test/auto_complete_test.dart:27:32 • undefined_function
  error • The function 'AutoCompleteUseCase' isn't defined • flutter/dev/a11y_assessments/test/auto_complete_test.dart:36:32 • undefined_function
  error • Target of URI doesn't exist: 'package:a11y_assessments/use_cases/badge.dart' • flutter/dev/a11y_assessments/test/badge_test.dart:5:8 • uri_does_not_exist
  error • The function 'BadgeUseCase' isn't defined • flutter/dev/a11y_assessments/test/badge_test.dart:12:32 • undefined_function
  error • The function 'BadgeUseCase' isn't defined • flutter/dev/a11y_assessments/test/badge_test.dart:18:32 • undefined_function
  error • Target of URI doesn't exist: 'package:a11y_assessments/use_cases/card.dart' • flutter/dev/a11y_assessments/test/card_test.dart:5:8 • uri_does_not_exist
  error • The function 'CardUseCase' isn't defined • flutter/dev/a11y_assessments/test/card_test.dart:13:32 • undefined_function
  error • The function 'CardUseCase' isn't defined • flutter/dev/a11y_assessments/test/card_test.dart:18:32 • undefined_function
  error • Target of URI doesn't exist: 'package:a11y_assessments/use_cases/check_box_list_tile.dart' • flutter/dev/a11y_assessments/test/check_box_list_tile_test.dart:5:8 • uri_does_not_exist
  error • The function 'CheckBoxListTile' isn't defined • flutter/dev/a11y_assessments/test/check_box_list_tile_test.dart:12:32 • undefined_function
  error • The function 'CheckBoxListTile' isn't defined • flutter/dev/a11y_assessments/test/check_box_list_tile_test.dart:18:32 • undefined_function
  error • Target of URI doesn't exist: 'package:a11y_assessments/use_cases/date_picker.dart' • flutter/dev/a11y_assessments/test/date_picker_test.dart:5:8 • uri_does_not_exist
  error • The function 'DatePickerUseCase' isn't defined • flutter/dev/a11y_assessments/test/date_picker_test.dart:13:32 • undefined_function
  error • The function 'DatePickerUseCase' isn't defined • flutter/dev/a11y_assessments/test/date_picker_test.dart:22:32 • undefined_function
  error • Target of URI doesn't exist: 'package:a11y_assessments/use_cases/dialog.dart' • flutter/dev/a11y_assessments/test/dialog_test.dart:5:8 • uri_does_not_exist
  error • The function 'DialogUseCase' isn't defined • flutter/dev/a11y_assessments/test/dialog_test.dart:13:32 • undefined_function
  error • The function 'DialogUseCase' isn't defined • flutter/dev/a11y_assessments/test/dialog_test.dart:34:32 • undefined_function
  error • The function 'DialogUseCase' isn't defined • flutter/dev/a11y_assessments/test/dialog_test.dart:47:32 • undefined_function
  error • Target of URI doesn't exist: 'package:a11y_assessments/use_cases/drawer.dart' • flutter/dev/a11y_assessments/test/drawer_test.dart:5:8 • uri_does_not_exist
  error • The function 'DrawerUseCase' isn't defined • flutter/dev/a11y_assessments/test/drawer_test.dart:13:32 • undefined_function
  error • The function 'DrawerUseCase' isn't defined • flutter/dev/a11y_assessments/test/drawer_test.dart:25:32 • undefined_function
  error • Target of URI doesn't exist: 'package:a11y_assessments/use_cases/expansion_tile.dart' • flutter/dev/a11y_assessments/test/expansion_tile_test.dart:5:8 • uri_does_not_exist
  error • The function 'ExpansionTileUseCase' isn't defined • flutter/dev/a11y_assessments/test/expansion_tile_test.dart:13:32 • undefined_function
  error • The function 'ExpansionTileUseCase' isn't defined • flutter/dev/a11y_assessments/test/expansion_tile_test.dart:18:32 • undefined_function
  error • Target of URI doesn't exist: 'package:a11y_assessments/main.dart' • flutter/dev/a11y_assessments/test/home_page_test.dart:5:8 • uri_does_not_exist
  error • Target of URI doesn't exist: 'package:a11y_assessments/use_cases/action_chip.dart' • flutter/dev/a11y_assessments/test/home_page_test.dart:6:8 • uri_does_not_exist
  error • Target of URI doesn't exist: 'package:a11y_assessments/use_cases/auto_complete.dart' • flutter/dev/a11y_assessments/test/home_page_test.dart:7:8 • uri_does_not_exist
  error • Target of URI doesn't exist: 'package:a11y_assessments/use_cases/badge.dart' • flutter/dev/a11y_assessments/test/home_page_test.dart:8:8 • uri_does_not_exist
  error • Target of URI doesn't exist: 'package:a11y_assessments/use_cases/card.dart' • flutter/dev/a11y_assessments/test/home_page_test.dart:9:8 • uri_does_not_exist
  error • Target of URI doesn't exist: 'package:a11y_assessments/use_cases/check_box_list_tile.dart' • flutter/dev/a11y_assessments/test/home_page_test.dart:10:8 • uri_does_not_exist
  error • Target of URI doesn't exist: 'package:a11y_assessments/use_cases/date_picker.dart' • flutter/dev/a11y_assessments/test/home_page_test.dart:11:8 • uri_does_not_exist
  error • Target of URI doesn't exist: 'package:a11y_assessments/use_cases/dialog.dart' • flutter/dev/a11y_assessments/test/home_page_test.dart:12:8 • uri_does_not_exist
  error • Target of URI doesn't exist: 'package:a11y_assessments/use_cases/drawer.dart' • flutter/dev/a11y_assessments/test/home_page_test.dart:13:8 • uri_does_not_exist
  error • Target of URI doesn't exist: 'package:a11y_assessments/use_cases/expansion_tile.dart' • flutter/dev/a11y_assessments/test/home_page_test.dart:14:8 • uri_does_not_exist
  error • Target of URI doesn't exist: 'package:a11y_assessments/use_cases/material_banner.dart' • flutter/dev/a11y_assessments/test/home_page_test.dart:15:8 • uri_does_not_exist
  error • Target of URI doesn't exist: 'package:a11y_assessments/use_cases/navigation_bar.dart' • flutter/dev/a11y_assessments/test/home_page_test.dart:16:8 • uri_does_not_exist
  error • Target of URI doesn't exist: 'package:a11y_assessments/use_cases/navigation_drawer.dart' • flutter/dev/a11y_assessments/test/home_page_test.dart:17:8 • uri_does_not_exist
  error • Target of URI doesn't exist: 'package:a11y_assessments/use_cases/navigation_rail.dart' • flutter/dev/a11y_assessments/test/home_page_test.dart:18:8 • uri_does_not_exist
  error • Target of URI doesn't exist: 'package:a11y_assessments/use_cases/radio_list_tile.dart' • flutter/dev/a11y_assessments/test/home_page_test.dart:19:8 • uri_does_not_exist
  error • Target of URI doesn't exist: 'package:a11y_assessments/use_cases/slider.dart' • flutter/dev/a11y_assessments/test/home_page_test.dart:20:8 • uri_does_not_exist
  error • Target of URI doesn't exist: 'package:a11y_assessments/use_cases/snack_bar.dart' • flutter/dev/a11y_assessments/test/home_page_test.dart:21:8 • uri_does_not_exist
  error • Target of URI doesn't exist: 'package:a11y_assessments/use_cases/switch_list_tile.dart' • flutter/dev/a11y_assessments/test/home_page_test.dart:22:8 • uri_does_not_exist
  error • Target of URI doesn't exist: 'package:a11y_assessments/use_cases/text_button.dart' • flutter/dev/a11y_assessments/test/home_page_test.dart:23:8 • uri_does_not_exist
  error • Target of URI doesn't exist: 'package:a11y_assessments/use_cases/text_field.dart' • flutter/dev/a11y_assessments/test/home_page_test.dart:24:8 • uri_does_not_exist
  error • Target of URI doesn't exist: 'package:a11y_assessments/use_cases/text_field_password.dart' • flutter/dev/a11y_assessments/test/home_page_test.dart:25:8 • uri_does_not_exist
  error • The name 'App' isn't a class • flutter/dev/a11y_assessments/test/home_page_test.dart:35:35 • creation_with_non_type
  error • Invalid constant value • flutter/dev/a11y_assessments/test/home_page_test.dart:43:73 • invalid_constant
  error • The function 'App' isn't defined • flutter/dev/a11y_assessments/test/home_page_test.dart:43:73 • undefined_function
  error • The function 'AutoCompleteUseCase' isn't defined • flutter/dev/a11y_assessments/test/home_page_test.dart:242:32 • undefined_function
  error • The function 'ActionChipUseCase' isn't defined • flutter/dev/a11y_assessments/test/home_page_test.dart:251:32 • undefined_function
  error • The function 'BadgeUseCase' isn't defined • flutter/dev/a11y_assessments/test/home_page_test.dart:260:32 • undefined_function
  error • The function 'CardUseCase' isn't defined • flutter/dev/a11y_assessments/test/home_page_test.dart:269:32 • undefined_function
  error • The function 'CheckBoxListTile' isn't defined • flutter/dev/a11y_assessments/test/home_page_test.dart:278:32 • undefined_function
  error • The function 'DatePickerUseCase' isn't defined • flutter/dev/a11y_assessments/test/home_page_test.dart:287:32 • undefined_function
  error • The function 'DialogUseCase' isn't defined • flutter/dev/a11y_assessments/test/home_page_test.dart:296:32 • undefined_function
  error • The function 'ExpansionTileUseCase' isn't defined • flutter/dev/a11y_assessments/test/home_page_test.dart:305:32 • undefined_function
  error • The function 'MaterialBannerUseCase' isn't defined • flutter/dev/a11y_assessments/test/home_page_test.dart:314:32 • undefined_function
  error • The function 'NavigationBarUseCase' isn't defined • flutter/dev/a11y_assessments/test/home_page_test.dart:323:32 • undefined_function
  error • The function 'RadioListTileUseCase' isn't defined • flutter/dev/a11y_assessments/test/home_page_test.dart:332:32 • undefined_function
  error • The function 'SliderUseCase' isn't defined • flutter/dev/a11y_assessments/test/home_page_test.dart:341:32 • undefined_function
  error • The function 'SnackBarUseCase' isn't defined • flutter/dev/a11y_assessments/test/home_page_test.dart:350:32 • undefined_function
  error • The function 'SwitchListTileUseCase' isn't defined • flutter/dev/a11y_assessments/test/home_page_test.dart:359:32 • undefined_function
  error • The function 'TextButtonUseCase' isn't defined • flutter/dev/a11y_assessments/test/home_page_test.dart:368:32 • undefined_function
  error • The function 'TextFieldUseCase' isn't defined • flutter/dev/a11y_assessments/test/home_page_test.dart:377:32 • undefined_function
  error • The function 'TextFieldPasswordUseCase' isn't defined • flutter/dev/a11y_assessments/test/home_page_test.dart:386:32 • undefined_function
  error • The function 'NavigationDrawerUseCase' isn't defined • flutter/dev/a11y_assessments/test/home_page_test.dart:395:32 • undefined_function
  error • The function 'NavigationRailUseCase' isn't defined • flutter/dev/a11y_assessments/test/home_page_test.dart:404:32 • undefined_function
  error • The function 'DrawerUseCase' isn't defined • flutter/dev/a11y_assessments/test/home_page_test.dart:413:32 • undefined_function
  error • The name 'App' isn't a class • flutter/dev/a11y_assessments/test/home_page_test.dart:424:35 • creation_with_non_type
  error • Target of URI doesn't exist: 'package:a11y_assessments/use_cases/material_banner.dart' • flutter/dev/a11y_assessments/test/material_banner_test.dart:5:8 • uri_does_not_exist
  error • The function 'MaterialBannerUseCase' isn't defined • flutter/dev/a11y_assessments/test/material_banner_test.dart:13:32 • undefined_function
  error • The function 'MaterialBannerUseCase' isn't defined • flutter/dev/a11y_assessments/test/material_banner_test.dart:26:32 • undefined_function
  error • The function 'MaterialBannerUseCase' isn't defined • flutter/dev/a11y_assessments/test/material_banner_test.dart:35:32 • undefined_function
  error • The function 'MaterialBannerUseCase' isn't defined • flutter/dev/a11y_assessments/test/material_banner_test.dart:48:32 • undefined_function
  error • Target of URI doesn't exist: 'package:a11y_assessments/use_cases/navigation_bar.dart' • flutter/dev/a11y_assessments/test/navigation_bar_test.dart:5:8 • uri_does_not_exist
  error • The function 'NavigationBarUseCase' isn't defined • flutter/dev/a11y_assessments/test/navigation_bar_test.dart:12:32 • undefined_function
  error • The function 'NavigationBarUseCase' isn't defined • flutter/dev/a11y_assessments/test/navigation_bar_test.dart:25:32 • undefined_function
  error • Target of URI doesn't exist: 'package:a11y_assessments/use_cases/navigation_drawer.dart' • flutter/dev/a11y_assessments/test/navigation_drawer_test.dart:5:8 • uri_does_not_exist
  error • The function 'NavigationDrawerUseCase' isn't defined • flutter/dev/a11y_assessments/test/navigation_drawer_test.dart:13:32 • undefined_function
  error • The function 'NavigationDrawerUseCase' isn't defined • flutter/dev/a11y_assessments/test/navigation_drawer_test.dart:25:32 • undefined_function
  error • Target of URI doesn't exist: 'package:a11y_assessments/use_cases/navigation_rail.dart' • flutter/dev/a11y_assessments/test/navigation_rail_test.dart:5:8 • uri_does_not_exist
  error • The function 'NavigationRailUseCase' isn't defined • flutter/dev/a11y_assessments/test/navigation_rail_test.dart:13:32 • undefined_function
  error • The function 'NavigationRailUseCase' isn't defined • flutter/dev/a11y_assessments/test/navigation_rail_test.dart:19:32 • undefined_function
  error • The function 'NavigationRailUseCase' isn't defined • flutter/dev/a11y_assessments/test/navigation_rail_test.dart:34:32 • undefined_function
  error • Target of URI doesn't exist: 'package:a11y_assessments/use_cases/radio_list_tile.dart' • flutter/dev/a11y_assessments/test/radio_list_tile_test.dart:5:8 • uri_does_not_exist
  error • The function 'RadioListTileUseCase' isn't defined • flutter/dev/a11y_assessments/test/radio_list_tile_test.dart:12:32 • undefined_function
  error • The function 'RadioListTileUseCase' isn't defined • flutter/dev/a11y_assessments/test/radio_list_tile_test.dart:18:32 • undefined_function
  error • Target of URI doesn't exist: 'package:a11y_assessments/use_cases/range_slider.dart' • flutter/dev/a11y_assessments/test/range_slider_test.dart:5:8 • uri_does_not_exist
  error • The function 'RangeSliderUseCase' isn't defined • flutter/dev/a11y_assessments/test/range_slider_test.dart:13:32 • undefined_function
  error • Target of URI doesn't exist: 'package:a11y_assessments/use_cases/slider.dart' • flutter/dev/a11y_assessments/test/slider_test.dart:5:8 • uri_does_not_exist
  error • The function 'SliderUseCase' isn't defined • flutter/dev/a11y_assessments/test/slider_test.dart:13:32 • undefined_function
  error • Undefined class 'MainWidgetState' • flutter/dev/a11y_assessments/test/slider_test.dart:19:11 • undefined_class
  error • The name 'MainWidgetState' isn't a type, so it can't be used as a type argument • flutter/dev/a11y_assessments/test/slider_test.dart:19:48 • non_type_as_type_argument
  error • Undefined name 'MainWidget' • flutter/dev/a11y_assessments/test/slider_test.dart:19:77 • undefined_identifier
  error • The function 'SliderUseCase' isn't defined • flutter/dev/a11y_assessments/test/slider_test.dart:23:32 • undefined_function
  error • The function 'SliderUseCase' isn't defined • flutter/dev/a11y_assessments/test/slider_test.dart:29:32 • undefined_function
  error • Target of URI doesn't exist: 'package:a11y_assessments/use_cases/snack_bar.dart' • flutter/dev/a11y_assessments/test/snack_bar_test.dart:5:8 • uri_does_not_exist
  error • The function 'SnackBarUseCase' isn't defined • flutter/dev/a11y_assessments/test/snack_bar_test.dart:12:32 • undefined_function
  error • The function 'SnackBarUseCase' isn't defined • flutter/dev/a11y_assessments/test/snack_bar_test.dart:22:32 • undefined_function
  error • Target of URI doesn't exist: 'package:a11y_assessments/use_cases/switch_list_tile.dart' • flutter/dev/a11y_assessments/test/switch_list_tile_test.dart:5:8 • uri_does_not_exist
  error • The function 'SwitchListTileUseCase' isn't defined • flutter/dev/a11y_assessments/test/switch_list_tile_test.dart:13:32 • undefined_function
  error • The function 'SwitchListTileUseCase' isn't defined • flutter/dev/a11y_assessments/test/switch_list_tile_test.dart:18:32 • undefined_function
  error • Target of URI doesn't exist: 'package:a11y_assessments/use_cases/tab_bar_view.dart' • flutter/dev/a11y_assessments/test/tab_bar_view_test.dart:5:8 • uri_does_not_exist
  error • The function 'TabBarViewUseCase' isn't defined • flutter/dev/a11y_assessments/test/tab_bar_view_test.dart:13:32 • undefined_function
  error • Target of URI doesn't exist: 'package:a11y_assessments/use_cases/use_cases.dart' • flutter/dev/a11y_assessments/test/test_utils.dart:5:8 • uri_does_not_exist
  error • Undefined class 'UseCase' • flutter/dev/a11y_assessments/test/test_utils.dart:9:48 • undefined_class
  error • Target of URI doesn't exist: 'package:a11y_assessments/use_cases/text_button.dart' • flutter/dev/a11y_assessments/test/text_button_test.dart:5:8 • uri_does_not_exist
  error • The function 'TextButtonUseCase' isn't defined • flutter/dev/a11y_assessments/test/text_button_test.dart:13:32 • undefined_function
  error • The function 'TextButtonUseCase' isn't defined • flutter/dev/a11y_assessments/test/text_button_test.dart:18:32 • undefined_function
  error • The function 'TextButtonUseCase' isn't defined • flutter/dev/a11y_assessments/test/text_button_test.dart:23:32 • undefined_function
  error • The function 'TextButtonUseCase' isn't defined • flutter/dev/a11y_assessments/test/text_button_test.dart:37:32 • undefined_function
  error • The function 'TextButtonUseCase' isn't defined • flutter/dev/a11y_assessments/test/text_button_test.dart:44:32 • undefined_function
  error • Target of URI doesn't exist: 'package:a11y_assessments/use_cases/text_field_password.dart' • flutter/dev/a11y_assessments/test/text_field_password_test.dart:5:8 • uri_does_not_exist
  error • The function 'TextFieldPasswordUseCase' isn't defined • flutter/dev/a11y_assessments/test/text_field_password_test.dart:13:32 • undefined_function
  error • The function 'TextFieldPasswordUseCase' isn't defined • flutter/dev/a11y_assessments/test/text_field_password_test.dart:35:32 • undefined_function
  error • The function 'TextFieldPasswordUseCase' isn't defined • flutter/dev/a11y_assessments/test/text_field_password_test.dart:54:32 • undefined_function
  error • Target of URI doesn't exist: 'package:a11y_assessments/use_cases/text_field.dart' • flutter/dev/a11y_assessments/test/text_field_test.dart:5:8 • uri_does_not_exist
  error • The function 'TextFieldUseCase' isn't defined • flutter/dev/a11y_assessments/test/text_field_test.dart:13:32 • undefined_function
  error • The function 'TextFieldUseCase' isn't defined • flutter/dev/a11y_assessments/test/text_field_test.dart:35:32 • undefined_function
  error • The function 'TextFieldUseCase' isn't defined • flutter/dev/a11y_assessments/test/text_field_test.dart:43:22 • undefined_function
  error • The function 'TextFieldUseCase' isn't defined • flutter/dev/a11y_assessments/test/text_field_test.dart:61:32 • undefined_function
  error • The function 'TextFieldUseCase' isn't defined • flutter/dev/a11y_assessments/test/text_field_test.dart:69:32 • undefined_function
  error • Target of URI doesn't exist: 'package:test/test.dart' • flutter/dev/automated_tests/flutter_test/child_directory/second_trivial_test.dart:5:8 • uri_does_not_exist
  error • The function 'test' isn't defined • flutter/dev/automated_tests/flutter_test/child_directory/second_trivial_test.dart:8:3 • undefined_function
  error • Target of URI doesn't exist: 'package:test/test.dart' • flutter/dev/automated_tests/flutter_test/child_directory/trivial_test.dart:5:8 • uri_does_not_exist
  error • The function 'test' isn't defined • flutter/dev/automated_tests/flutter_test/child_directory/trivial_test.dart:8:3 • undefined_function
  error • Target of URI doesn't exist: 'package:test/test.dart' • flutter/dev/automated_tests/flutter_test/filtering_tag_test.dart:5:8 • uri_does_not_exist
  error • The function 'test' isn't defined • flutter/dev/automated_tests/flutter_test/filtering_tag_test.dart:8:3 • undefined_function
  error • The function 'expect' isn't defined • flutter/dev/automated_tests/flutter_test/filtering_tag_test.dart:9:5 • undefined_function
  error • The function 'test' isn't defined • flutter/dev/automated_tests/flutter_test/filtering_tag_test.dart:11:3 • undefined_function
  error • Target of URI doesn't exist: 'package:test/test.dart' • flutter/dev/automated_tests/flutter_test/filtering_test.dart:5:8 • uri_does_not_exist
  error • The function 'test' isn't defined • flutter/dev/automated_tests/flutter_test/filtering_test.dart:8:3 • undefined_function
  error • The function 'expect' isn't defined • flutter/dev/automated_tests/flutter_test/filtering_test.dart:9:5 • undefined_function
  error • The function 'test' isn't defined • flutter/dev/automated_tests/flutter_test/filtering_test.dart:11:3 • undefined_function
  error • Target of URI doesn't exist: 'package:flutter_goldens/flutter_goldens.dart' • flutter/dev/automated_tests/flutter_test/flutter_gold_test.dart:11:8 • uri_does_not_exist
  error • Undefined class 'FlutterLocalFileComparator' • flutter/dev/automated_tests/flutter_test/flutter_gold_test.dart:95:9 • undefined_class
  error • The function 'FlutterLocalFileComparator' isn't defined • flutter/dev/automated_tests/flutter_test/flutter_gold_test.dart:95:49 • undefined_function
  error • Classes and mixins can only implement other classes and mixins • flutter/dev/automated_tests/flutter_test/flutter_gold_test.dart:140:50 • implements_non_class
   info • Unreachable member 'getExpectationForTest' in an executable library • flutter/dev/automated_tests/flutter_test/flutter_gold_test.dart:144:18 • unreachable_from_main
warning • The method doesn't override an inherited method • flutter/dev/automated_tests/flutter_test/flutter_gold_test.dart:144:18 • override_on_non_overriding_member
   info • Unreachable member 'getImageBytes' in an executable library • flutter/dev/automated_tests/flutter_test/flutter_gold_test.dart:153:21 • unreachable_from_main
warning • The method doesn't override an inherited method • flutter/dev/automated_tests/flutter_test/flutter_gold_test.dart:153:21 • override_on_non_overriding_member
   info • Unreachable member 'cleanTestName' in an executable library • flutter/dev/automated_tests/flutter_test/flutter_gold_test.dart:157:10 • unreachable_from_main
warning • The method doesn't override an inherited method • flutter/dev/automated_tests/flutter_test/flutter_gold_test.dart:157:10 • override_on_non_overriding_member
  error • Target of URI doesn't exist: 'package:test/test.dart' • flutter/dev/automated_tests/flutter_test/trivial_test.dart:5:8 • uri_does_not_exist
  error • The function 'test' isn't defined • flutter/dev/automated_tests/flutter_test/trivial_test.dart:8:3 • undefined_function
  error • Target of URI doesn't exist: 'package:test/test.dart' • flutter/dev/automated_tests/flutter_test/uri_format_test.dart:5:8 • uri_does_not_exist
  error • The function 'test' isn't defined • flutter/dev/automated_tests/flutter_test/uri_format_test.dart:11:3 • undefined_function
  error • The function 'expect' isn't defined • flutter/dev/automated_tests/flutter_test/uri_format_test.dart:12:5 • undefined_function
  error • The function 'test' isn't defined • flutter/dev/automated_tests/flutter_test/uri_format_test.dart:14:3 • undefined_function
  error • Target of URI doesn't exist: 'package:test/test.dart' • flutter/dev/automated_tests/flutter_test/working_directory_test.dart:6:8 • uri_does_not_exist
  error • The function 'test' isn't defined • flutter/dev/automated_tests/flutter_test/working_directory_test.dart:9:3 • undefined_function
  error • The function 'expect' isn't defined • flutter/dev/automated_tests/flutter_test/working_directory_test.dart:10:5 • undefined_function
  error • The function 'endsWith' isn't defined • flutter/dev/automated_tests/flutter_test/working_directory_test.dart:10:36 • undefined_function
  error • Target of URI doesn't exist: 'package:complex_layout/main.dart' • flutter/dev/benchmarks/complex_layout/test/measure_scroll_smoothness.dart:9:8 • uri_does_not_exist
  error • Target of URI doesn't exist: 'package:integration_test/integration_test.dart' • flutter/dev/benchmarks/complex_layout/test/measure_scroll_smoothness.dart:13:8 • uri_does_not_exist
warning • The declaration '<unnamed>' isn't referenced • flutter/dev/benchmarks/complex_layout/test/measure_scroll_smoothness.dart:47:7 • unused_element
  error • Undefined class 'IntegrationTestWidgetsFlutterBinding' • flutter/dev/benchmarks/complex_layout/test/measure_scroll_smoothness.dart:49:9 • undefined_class
  error • Expected to find ';' • flutter/dev/benchmarks/complex_layout/test/measure_scroll_smoothness.dart:56:21 • expected_token
  error • Expected a class member • flutter/dev/benchmarks/complex_layout/test/measure_scroll_smoothness.dart:56:24 • expected_class_member
  error • Expected an identifier • flutter/dev/benchmarks/complex_layout/test/measure_scroll_smoothness.dart:56:24 • missing_identifier
  error • Expected an identifier • flutter/dev/benchmarks/complex_layout/test/measure_scroll_smoothness.dart:56:31 • missing_identifier
   info • Missing type annotation • flutter/dev/benchmarks/complex_layout/test/measure_scroll_smoothness.dart:56:32 • always_specify_types
   info • Missing type annotation • flutter/dev/benchmarks/complex_layout/test/measure_scroll_smoothness.dart:56:32 • strict_top_level_inference
  error • The operands of the operator '||' must be assignable to 'bool' • flutter/dev/benchmarks/complex_layout/test/measure_scroll_smoothness.dart:57:5 • non_bool_operand
   info • Unnecessary statement • flutter/dev/benchmarks/complex_layout/test/measure_scroll_smoothness.dart:57:36 • unnecessary_statements
  error • The operands of the operator '||' must be assignable to 'bool' • flutter/dev/benchmarks/complex_layout/test/measure_scroll_smoothness.dart:57:36 • non_bool_operand
  error • Expected to find ';' • flutter/dev/benchmarks/complex_layout/test/measure_scroll_smoothness.dart:57:49 • expected_token
  error • Expected an identifier • flutter/dev/benchmarks/complex_layout/test/measure_scroll_smoothness.dart:57:64 • missing_identifier
  error • Expected to find ';' • flutter/dev/benchmarks/complex_layout/test/measure_scroll_smoothness.dart:57:64 • expected_token
   info • Unnecessary statement • flutter/dev/benchmarks/complex_layout/test/measure_scroll_smoothness.dart:57:67 • unnecessary_statements
  error • Expected to find ';' • flutter/dev/benchmarks/complex_layout/test/measure_scroll_smoothness.dart:57:67 • expected_token
  error • Expected an identifier • flutter/dev/benchmarks/complex_layout/test/measure_scroll_smoothness.dart:57:71 • missing_identifier
  error • Unexpected text ';' • flutter/dev/benchmarks/complex_layout/test/measure_scroll_smoothness.dart:57:71 • unexpected_token
  error • The operands of the operator '||' must be assignable to 'bool' • flutter/dev/benchmarks/complex_layout/test/measure_scroll_smoothness.dart:58:5 • non_bool_operand
   info • Unnecessary statement • flutter/dev/benchmarks/complex_layout/test/measure_scroll_smoothness.dart:58:37 • unnecessary_statements
  error • The operands of the operator '||' must be assignable to 'bool' • flutter/dev/benchmarks/complex_layout/test/measure_scroll_smoothness.dart:58:37 • non_bool_operand
  error • Expected to find ';' • flutter/dev/benchmarks/complex_layout/test/measure_scroll_smoothness.dart:58:50 • expected_token
  error • Expected an identifier • flutter/dev/benchmarks/complex_layout/test/measure_scroll_smoothness.dart:58:66 • missing_identifier
  error • Expected to find ';' • flutter/dev/benchmarks/complex_layout/test/measure_scroll_smoothness.dart:58:66 • expected_token
   info • Unnecessary statement • flutter/dev/benchmarks/complex_layout/test/measure_scroll_smoothness.dart:58:69 • unnecessary_statements
  error • Expected to find ';' • flutter/dev/benchmarks/complex_layout/test/measure_scroll_smoothness.dart:58:69 • expected_token
  error • Expected an identifier • flutter/dev/benchmarks/complex_layout/test/measure_scroll_smoothness.dart:58:74 • missing_identifier
  error • Unexpected text ';' • flutter/dev/benchmarks/complex_layout/test/measure_scroll_smoothness.dart:58:74 • unexpected_token
  error • Expected a class member • flutter/dev/benchmarks/complex_layout/test/measure_scroll_smoothness.dart:59:4 • expected_class_member
  error • Expected to find ';' • flutter/dev/benchmarks/complex_layout/test/measure_scroll_smoothness.dart:61:24 • expected_token
  error • Expected a class member • flutter/dev/benchmarks/complex_layout/test/measure_scroll_smoothness.dart:61:27 • expected_class_member
  error • Expected an identifier • flutter/dev/benchmarks/complex_layout/test/measure_scroll_smoothness.dart:61:27 • missing_identifier
  error • Expected an identifier • flutter/dev/benchmarks/complex_layout/test/measure_scroll_smoothness.dart:61:34 • missing_identifier
   info • Missing type annotation • flutter/dev/benchmarks/complex_layout/test/measure_scroll_smoothness.dart:61:35 • always_specify_types
   info • Missing type annotation • flutter/dev/benchmarks/complex_layout/test/measure_scroll_smoothness.dart:61:35 • strict_top_level_inference
  error • The operands of the operator '||' must be assignable to 'bool' • flutter/dev/benchmarks/complex_layout/test/measure_scroll_smoothness.dart:62:5 • non_bool_operand
   info • Unnecessary statement • flutter/dev/benchmarks/complex_layout/test/measure_scroll_smoothness.dart:62:36 • unnecessary_statements
  error • The operands of the operator '||' must be assignable to 'bool' • flutter/dev/benchmarks/complex_layout/test/measure_scroll_smoothness.dart:62:36 • non_bool_operand
  error • Expected to find ';' • flutter/dev/benchmarks/complex_layout/test/measure_scroll_smoothness.dart:62:49 • expected_token
  error • Expected an identifier • flutter/dev/benchmarks/complex_layout/test/measure_scroll_smoothness.dart:62:65 • missing_identifier
  error • Expected to find ';' • flutter/dev/benchmarks/complex_layout/test/measure_scroll_smoothness.dart:62:65 • expected_token
   info • Unnecessary statement • flutter/dev/benchmarks/complex_layout/test/measure_scroll_smoothness.dart:62:68 • unnecessary_statements
  error • Expected to find ';' • flutter/dev/benchmarks/complex_layout/test/measure_scroll_smoothness.dart:62:68 • expected_token
  error • Expected an identifier • flutter/dev/benchmarks/complex_layout/test/measure_scroll_smoothness.dart:62:72 • missing_identifier
  error • Unexpected text ';' • flutter/dev/benchmarks/complex_layout/test/measure_scroll_smoothness.dart:62:72 • unexpected_token
  error • The operands of the operator '||' must be assignable to 'bool' • flutter/dev/benchmarks/complex_layout/test/measure_scroll_smoothness.dart:63:5 • non_bool_operand
   info • Unnecessary statement • flutter/dev/benchmarks/complex_layout/test/measure_scroll_smoothness.dart:63:36 • unnecessary_statements
  error • The operands of the operator '||' must be assignable to 'bool' • flutter/dev/benchmarks/complex_layout/test/measure_scroll_smoothness.dart:63:36 • non_bool_operand
  error • Expected to find ';' • flutter/dev/benchmarks/complex_layout/test/measure_scroll_smoothness.dart:63:49 • expected_token
  error • Expected an identifier • flutter/dev/benchmarks/complex_layout/test/measure_scroll_smoothness.dart:63:65 • missing_identifier
  error • Expected to find ';' • flutter/dev/benchmarks/complex_layout/test/measure_scroll_smoothness.dart:63:65 • expected_token
   info • Unnecessary statement • flutter/dev/benchmarks/complex_layout/test/measure_scroll_smoothness.dart:63:68 • unnecessary_statements
  error • Expected to find ';' • flutter/dev/benchmarks/complex_layout/test/measure_scroll_smoothness.dart:63:68 • expected_token
  error • Expected an identifier • flutter/dev/benchmarks/complex_layout/test/measure_scroll_smoothness.dart:63:72 • missing_identifier
  error • Unexpected text ';' • flutter/dev/benchmarks/complex_layout/test/measure_scroll_smoothness.dart:63:72 • unexpected_token
  error • Expected a class member • flutter/dev/benchmarks/complex_layout/test/measure_scroll_smoothness.dart:64:4 • expected_class_member
  error • Expected to find ';' • flutter/dev/benchmarks/complex_layout/test/measure_scroll_smoothness.dart:70:5 • expected_token
warning • Dead code • flutter/dev/benchmarks/complex_layout/test/measure_scroll_smoothness.dart:70:12 • dead_code
warning • Missing case clause for 'resampleOff59Hz' • flutter/dev/benchmarks/complex_layout/test/measure_scroll_smoothness.dart:70:12 • missing_enum_constant_in_switch
warning • Missing case clause for 'resampleOff90Hz' • flutter/dev/benchmarks/complex_layout/test/measure_scroll_smoothness.dart:70:12 • missing_enum_constant_in_switch
warning • Missing case clause for 'resampleOn59Hz' • flutter/dev/benchmarks/complex_layout/test/measure_scroll_smoothness.dart:70:12 • missing_enum_constant_in_switch
warning • Missing case clause for 'resampleOn90Hz' • flutter/dev/benchmarks/complex_layout/test/measure_scroll_smoothness.dart:70:12 • missing_enum_constant_in_switch
  error • Expected an identifier • flutter/dev/benchmarks/complex_layout/test/measure_scroll_smoothness.dart:70:12 • missing_identifier
  error • Expected to find 'case' • flutter/dev/benchmarks/complex_layout/test/measure_scroll_smoothness.dart:71:7 • expected_token
   info • Unnecessary empty statement • flutter/dev/benchmarks/complex_layout/test/measure_scroll_smoothness.dart:75:6 • empty_statements
  error • Undefined name 'IntegrationTestWidgetsFlutterBinding' • flutter/dev/benchmarks/complex_layout/test/measure_scroll_smoothness.dart:94:41 • undefined_identifier
  error • The name 'IntegrationTestWidgetsFlutterBinding' isn't defined, so it can't be used in an 'is' expression • flutter/dev/benchmarks/complex_layout/test/measure_scroll_smoothness.dart:95:28 • type_test_with_undefined_name
  error • Undefined class 'IntegrationTestWidgetsFlutterBinding' • flutter/dev/benchmarks/complex_layout/test/measure_scroll_smoothness.dart:96:9 • undefined_class
  error • The name 'IntegrationTestWidgetsFlutterBinding' isn't a type, so it can't be used in an 'as' expression • flutter/dev/benchmarks/complex_layout/test/measure_scroll_smoothness.dart:97:25 • cast_to_non_type
  error • Target of URI doesn't exist: 'package:integration_test/integration_test_driver.dart' • flutter/dev/benchmarks/complex_layout/test_driver/measure_scroll_smoothness_test.dart:7:8 • uri_does_not_exist
  error • Target of URI doesn't exist: 'package:complex_layout/main.dart' • flutter/dev/benchmarks/complex_layout/test_driver/scroll_perf.dart:5:8 • uri_does_not_exist
  error • Target of URI doesn't exist: 'package:flutter_driver/driver_extension.dart' • flutter/dev/benchmarks/complex_layout/test_driver/scroll_perf.dart:6:8 • uri_does_not_exist
  error • The function 'enableFlutterDriverExtension' isn't defined • flutter/dev/benchmarks/complex_layout/test_driver/scroll_perf.dart:9:3 • undefined_function
  error • Target of URI doesn't exist: 'package:complex_layout/main_bad.dart' • flutter/dev/benchmarks/complex_layout/test_driver/scroll_perf_bad.dart:5:8 • uri_does_not_exist
  error • Target of URI doesn't exist: 'package:flutter_driver/driver_extension.dart' • flutter/dev/benchmarks/complex_layout/test_driver/scroll_perf_bad.dart:6:8 • uri_does_not_exist
  error • The function 'enableFlutterDriverExtension' isn't defined • flutter/dev/benchmarks/complex_layout/test_driver/scroll_perf_bad.dart:9:3 • undefined_function
  error • Target of URI doesn't exist: 'package:flutter_driver/flutter_driver.dart' • flutter/dev/benchmarks/complex_layout/test_driver/scroll_perf_bad_test.dart:7:8 • uri_does_not_exist
  error • Target of URI doesn't exist: 'package:test/test.dart' • flutter/dev/benchmarks/complex_layout/test_driver/scroll_perf_bad_test.dart:8:8 • uri_does_not_exist
  error • The function 'group' isn't defined • flutter/dev/benchmarks/complex_layout/test_driver/scroll_perf_bad_test.dart:11:3 • undefined_function
  error • Undefined class 'FlutterDriver' • flutter/dev/benchmarks/complex_layout/test_driver/scroll_perf_bad_test.dart:12:10 • undefined_class
  error • The function 'setUpAll' isn't defined • flutter/dev/benchmarks/complex_layout/test_driver/scroll_perf_bad_test.dart:14:5 • undefined_function
  error • Undefined name 'FlutterDriver' • flutter/dev/benchmarks/complex_layout/test_driver/scroll_perf_bad_test.dart:15:22 • undefined_identifier
  error • The function 'tearDownAll' isn't defined • flutter/dev/benchmarks/complex_layout/test_driver/scroll_perf_bad_test.dart:20:5 • undefined_function
  error • Undefined class 'Timeline' • flutter/dev/benchmarks/complex_layout/test_driver/scroll_perf_bad_test.dart:31:13 • undefined_class
  error • Undefined class 'SerializableFinder' • flutter/dev/benchmarks/complex_layout/test_driver/scroll_perf_bad_test.dart:33:15 • undefined_class
  error • Undefined name 'find' • flutter/dev/benchmarks/complex_layout/test_driver/scroll_perf_bad_test.dart:33:41 • undefined_identifier
  error • The function 'expect' isn't defined • flutter/dev/benchmarks/complex_layout/test_driver/scroll_perf_bad_test.dart:34:9 • undefined_function
  error • Undefined name 'isNotNull' • flutter/dev/benchmarks/complex_layout/test_driver/scroll_perf_bad_test.dart:34:22 • undefined_identifier
  error • Undefined class 'TimelineSummary' • flutter/dev/benchmarks/complex_layout/test_driver/scroll_perf_bad_test.dart:49:13 • undefined_class
  error • Undefined name 'TimelineSummary' • flutter/dev/benchmarks/complex_layout/test_driver/scroll_perf_bad_test.dart:49:39 • undefined_identifier
  error • The function 'test' isn't defined • flutter/dev/benchmarks/complex_layout/test_driver/scroll_perf_bad_test.dart:53:5 • undefined_function
  error • Undefined name 'Timeout' • flutter/dev/benchmarks/complex_layout/test_driver/scroll_perf_bad_test.dart:55:17 • undefined_identifier
  error • Target of URI doesn't exist: 'package:flutter_driver/flutter_driver.dart' • flutter/dev/benchmarks/complex_layout/test_driver/scroll_perf_test.dart:7:8 • uri_does_not_exist
  error • Target of URI doesn't exist: 'package:test/test.dart' • flutter/dev/benchmarks/complex_layout/test_driver/scroll_perf_test.dart:8:8 • uri_does_not_exist
  error • The function 'group' isn't defined • flutter/dev/benchmarks/complex_layout/test_driver/scroll_perf_test.dart:11:3 • undefined_function
  error • Undefined class 'FlutterDriver' • flutter/dev/benchmarks/complex_layout/test_driver/scroll_perf_test.dart:12:10 • undefined_class
  error • The function 'setUpAll' isn't defined • flutter/dev/benchmarks/complex_layout/test_driver/scroll_perf_test.dart:14:5 • undefined_function
  error • Undefined name 'FlutterDriver' • flutter/dev/benchmarks/complex_layout/test_driver/scroll_perf_test.dart:15:22 • undefined_identifier
  error • The function 'tearDownAll' isn't defined • flutter/dev/benchmarks/complex_layout/test_driver/scroll_perf_test.dart:20:5 • undefined_function
  error • Undefined class 'Timeline' • flutter/dev/benchmarks/complex_layout/test_driver/scroll_perf_test.dart:33:13 • undefined_class
  error • Undefined class 'SerializableFinder' • flutter/dev/benchmarks/complex_layout/test_driver/scroll_perf_test.dart:35:15 • undefined_class
  error • Undefined name 'find' • flutter/dev/benchmarks/complex_layout/test_driver/scroll_perf_test.dart:35:41 • undefined_identifier
  error • The function 'expect' isn't defined • flutter/dev/benchmarks/complex_layout/test_driver/scroll_perf_test.dart:36:9 • undefined_function
  error • Undefined name 'isNotNull' • flutter/dev/benchmarks/complex_layout/test_driver/scroll_perf_test.dart:36:22 • undefined_identifier
  error • Undefined class 'TimelineSummary' • flutter/dev/benchmarks/complex_layout/test_driver/scroll_perf_test.dart:51:13 • undefined_class
  error • Undefined name 'TimelineSummary' • flutter/dev/benchmarks/complex_layout/test_driver/scroll_perf_test.dart:51:39 • undefined_identifier
  error • The function 'test' isn't defined • flutter/dev/benchmarks/complex_layout/test_driver/scroll_perf_test.dart:55:5 • undefined_function
  error • Undefined name 'Timeout' • flutter/dev/benchmarks/complex_layout/test_driver/scroll_perf_test.dart:57:17 • undefined_identifier
  error • The function 'test' isn't defined • flutter/dev/benchmarks/complex_layout/test_driver/scroll_perf_test.dart:59:5 • undefined_function
  error • Undefined name 'find' • flutter/dev/benchmarks/complex_layout/test_driver/scroll_perf_test.dart:60:24 • undefined_identifier
  error • Undefined name 'find' • flutter/dev/benchmarks/complex_layout/test_driver/scroll_perf_test.dart:61:24 • undefined_identifier
  error • Undefined name 'Timeout' • flutter/dev/benchmarks/complex_layout/test_driver/scroll_perf_test.dart:63:17 • undefined_identifier
  error • Target of URI doesn't exist: 'package:complex_layout/main.dart' • flutter/dev/benchmarks/complex_layout/test_driver/semantics_perf.dart:5:8 • uri_does_not_exist
  error • Target of URI doesn't exist: 'package:flutter_driver/driver_extension.dart' • flutter/dev/benchmarks/complex_layout/test_driver/semantics_perf.dart:6:8 • uri_does_not_exist
  error • The function 'enableFlutterDriverExtension' isn't defined • flutter/dev/benchmarks/complex_layout/test_driver/semantics_perf.dart:9:3 • undefined_function
  error • Target of URI doesn't exist: 'package:flutter_driver/flutter_driver.dart' • flutter/dev/benchmarks/complex_layout/test_driver/semantics_perf_test.dart:9:8 • uri_does_not_exist
  error • Target of URI doesn't exist: 'package:test/test.dart' • flutter/dev/benchmarks/complex_layout/test_driver/semantics_perf_test.dart:11:8 • uri_does_not_exist
  error • The function 'group' isn't defined • flutter/dev/benchmarks/complex_layout/test_driver/semantics_perf_test.dart:14:3 • undefined_function
  error • Undefined class 'FlutterDriver' • flutter/dev/benchmarks/complex_layout/test_driver/semantics_perf_test.dart:15:10 • undefined_class
  error • The function 'setUpAll' isn't defined • flutter/dev/benchmarks/complex_layout/test_driver/semantics_perf_test.dart:17:5 • undefined_function
  error • Undefined name 'FlutterDriver' • flutter/dev/benchmarks/complex_layout/test_driver/semantics_perf_test.dart:33:22 • undefined_identifier
  error • The function 'tearDownAll' isn't defined • flutter/dev/benchmarks/complex_layout/test_driver/semantics_perf_test.dart:36:5 • undefined_function
  error • The function 'test' isn't defined • flutter/dev/benchmarks/complex_layout/test_driver/semantics_perf_test.dart:40:5 • undefined_function
  error • Undefined class 'Timeline' • flutter/dev/benchmarks/complex_layout/test_driver/semantics_perf_test.dart:46:13 • undefined_class
  error • The function 'expect' isn't defined • flutter/dev/benchmarks/complex_layout/test_driver/semantics_perf_test.dart:47:9 • undefined_function
  error • Undefined name 'isTrue' • flutter/dev/benchmarks/complex_layout/test_driver/semantics_perf_test.dart:49:11 • undefined_identifier
  error • The name 'TimelineEvent' isn't a type, so it can't be used as a type argument • flutter/dev/benchmarks/complex_layout/test_driver/semantics_perf_test.dart:57:22 • non_type_as_type_argument
  error • Undefined class 'TimelineEvent' • flutter/dev/benchmarks/complex_layout/test_driver/semantics_perf_test.dart:58:10 • undefined_class
  error • The function 'fail' isn't defined • flutter/dev/benchmarks/complex_layout/test_driver/semantics_perf_test.dart:61:9 • undefined_function
  error • Undefined name 'testOutputsDirectory' • flutter/dev/benchmarks/complex_layout/test_driver/semantics_perf_test.dart:74:16 • undefined_identifier
  error • Undefined name 'Timeout' • flutter/dev/benchmarks/complex_layout/test_driver/semantics_perf_test.dart:76:17 • undefined_identifier
  error • Target of URI doesn't exist: 'package:complex_layout/src/app.dart' • flutter/dev/benchmarks/complex_layout/test_memory/scroll_perf.dart:7:8 • uri_does_not_exist
  error • Invalid constant value • flutter/dev/benchmarks/complex_layout/test_memory/scroll_perf.dart:31:41 • invalid_constant
  error • The function 'ComplexLayoutApp' isn't defined • flutter/dev/benchmarks/complex_layout/test_memory/scroll_perf.dart:31:41 • undefined_function
  error • Invalid constant value • flutter/dev/benchmarks/complex_layout/test_memory/scroll_perf.dart:44:77 • invalid_constant
  error • The function 'ComplexLayoutApp' isn't defined • flutter/dev/benchmarks/complex_layout/test_memory/scroll_perf.dart:44:77 • undefined_function
   info • Use 'const' with the constructor to improve performance • flutter/dev/benchmarks/imitation_game_flutter/lib/main.dart:8:10 • prefer_const_constructors
   info • Use 'const' with the constructor to improve performance • flutter/dev/benchmarks/imitation_game_flutter/lib/main.dart:16:12 • prefer_const_constructors
   info • Use 'const' with the constructor to improve performance • flutter/dev/benchmarks/imitation_game_flutter/lib/main.dart:18:13 • prefer_const_constructors
   info • Use 'const' with the constructor to improve performance • flutter/dev/benchmarks/imitation_game_flutter/lib/main.dart:61:18 • prefer_const_constructors
warning • The declaration '<unnamed>' isn't referenced • flutter/dev/benchmarks/macrobenchmarks/lib/src/filtered_child_animation.dart:28:7 • unused_element
  error • Expected to find ';' • flutter/dev/benchmarks/macrobenchmarks/lib/src/filtered_child_animation.dart:62:21 • expected_token
  error • Expected a class member • flutter/dev/benchmarks/macrobenchmarks/lib/src/filtered_child_animation.dart:62:24 • expected_class_member
  error • Expected an identifier • flutter/dev/benchmarks/macrobenchmarks/lib/src/filtered_child_animation.dart:62:24 • missing_identifier
  error • Expected an identifier • flutter/dev/benchmarks/macrobenchmarks/lib/src/filtered_child_animation.dart:62:31 • missing_identifier
   info • Missing type annotation • flutter/dev/benchmarks/macrobenchmarks/lib/src/filtered_child_animation.dart:62:32 • always_specify_types
   info • Missing type annotation • flutter/dev/benchmarks/macrobenchmarks/lib/src/filtered_child_animation.dart:62:32 • strict_top_level_inference
   info • The local variable '_filterType' starts with an underscore • flutter/dev/benchmarks/macrobenchmarks/lib/src/filtered_child_animation.dart:62:32 • no_leading_underscores_for_local_identifiers
   info • Unnecessary statement • flutter/dev/benchmarks/macrobenchmarks/lib/src/filtered_child_animation.dart:63:5 • unnecessary_statements
  error • Expected to find ';' • flutter/dev/benchmarks/macrobenchmarks/lib/src/filtered_child_animation.dart:63:16 • expected_token
  error • Expected an identifier • flutter/dev/benchmarks/macrobenchmarks/lib/src/filtered_child_animation.dart:63:24 • missing_identifier
  error • Expected to find ';' • flutter/dev/benchmarks/macrobenchmarks/lib/src/filtered_child_animation.dart:63:24 • expected_token
   info • Unnecessary statement • flutter/dev/benchmarks/macrobenchmarks/lib/src/filtered_child_animation.dart:63:27 • unnecessary_statements
  error • Expected to find ';' • flutter/dev/benchmarks/macrobenchmarks/lib/src/filtered_child_animation.dart:63:27 • expected_token
  error • Expected an identifier • flutter/dev/benchmarks/macrobenchmarks/lib/src/filtered_child_animation.dart:63:51 • missing_identifier
  error • Unexpected text ';' • flutter/dev/benchmarks/macrobenchmarks/lib/src/filtered_child_animation.dart:63:51 • unexpected_token
   info • Unnecessary statement • flutter/dev/benchmarks/macrobenchmarks/lib/src/filtered_child_animation.dart:64:5 • unnecessary_statements
  error • Expected to find ';' • flutter/dev/benchmarks/macrobenchmarks/lib/src/filtered_child_animation.dart:64:16 • expected_token
  error • Expected an identifier • flutter/dev/benchmarks/macrobenchmarks/lib/src/filtered_child_animation.dart:64:32 • missing_identifier
  error • Expected to find ';' • flutter/dev/benchmarks/macrobenchmarks/lib/src/filtered_child_animation.dart:64:32 • expected_token
   info • Unnecessary statement • flutter/dev/benchmarks/macrobenchmarks/lib/src/filtered_child_animation.dart:64:35 • unnecessary_statements
  error • Expected to find ';' • flutter/dev/benchmarks/macrobenchmarks/lib/src/filtered_child_animation.dart:64:35 • expected_token
  error • Expected an identifier • flutter/dev/benchmarks/macrobenchmarks/lib/src/filtered_child_animation.dart:64:64 • missing_identifier
  error • Unexpected text ';' • flutter/dev/benchmarks/macrobenchmarks/lib/src/filtered_child_animation.dart:64:64 • unexpected_token
   info • Unnecessary statement • flutter/dev/benchmarks/macrobenchmarks/lib/src/filtered_child_animation.dart:65:5 • unnecessary_statements
  error • Expected to find ';' • flutter/dev/benchmarks/macrobenchmarks/lib/src/filtered_child_animation.dart:65:16 • expected_token
  error • Expected an identifier • flutter/dev/benchmarks/macrobenchmarks/lib/src/filtered_child_animation.dart:65:29 • missing_identifier
  error • Expected to find ';' • flutter/dev/benchmarks/macrobenchmarks/lib/src/filtered_child_animation.dart:65:29 • expected_token
   info • Unnecessary statement • flutter/dev/benchmarks/macrobenchmarks/lib/src/filtered_child_animation.dart:65:32 • unnecessary_statements
  error • Expected to find ';' • flutter/dev/benchmarks/macrobenchmarks/lib/src/filtered_child_animation.dart:65:32 • expected_token
  error • Expected an identifier • flutter/dev/benchmarks/macrobenchmarks/lib/src/filtered_child_animation.dart:65:65 • missing_identifier
  error • Unexpected text ';' • flutter/dev/benchmarks/macrobenchmarks/lib/src/filtered_child_animation.dart:65:65 • unexpected_token
   info • Unnecessary statement • flutter/dev/benchmarks/macrobenchmarks/lib/src/filtered_child_animation.dart:66:5 • unnecessary_statements
  error • Expected to find ';' • flutter/dev/benchmarks/macrobenchmarks/lib/src/filtered_child_animation.dart:66:5 • expected_token
  error • Expected an identifier • flutter/dev/benchmarks/macrobenchmarks/lib/src/filtered_child_animation.dart:66:10 • missing_identifier
  error • Expected to find ';' • flutter/dev/benchmarks/macrobenchmarks/lib/src/filtered_child_animation.dart:66:10 • expected_token
   info • Unnecessary statement • flutter/dev/benchmarks/macrobenchmarks/lib/src/filtered_child_animation.dart:66:13 • unnecessary_statements
  error • Expected to find ';' • flutter/dev/benchmarks/macrobenchmarks/lib/src/filtered_child_animation.dart:66:13 • expected_token
  error • Expected an identifier • flutter/dev/benchmarks/macrobenchmarks/lib/src/filtered_child_animation.dart:66:27 • missing_identifier
  error • Unexpected text ';' • flutter/dev/benchmarks/macrobenchmarks/lib/src/filtered_child_animation.dart:66:27 • unexpected_token
  error • Expected a class member • flutter/dev/benchmarks/macrobenchmarks/lib/src/filtered_child_animation.dart:67:4 • expected_class_member
  error • The 'case' shouldn't complete normally • flutter/dev/benchmarks/macrobenchmarks/lib/src/filtered_child_animation.dart:108:7 • switch_case_completes_normally
  error • The 'case' shouldn't complete normally • flutter/dev/benchmarks/macrobenchmarks/lib/src/filtered_child_animation.dart:111:7 • switch_case_completes_normally
  error • The 'case' shouldn't complete normally • flutter/dev/benchmarks/macrobenchmarks/lib/src/path_tessellation.dart:151:7 • switch_case_completes_normally
  error • The 'case' shouldn't complete normally • flutter/dev/benchmarks/macrobenchmarks/lib/src/path_tessellation.dart:154:7 • switch_case_completes_normally
  error • The 'case' shouldn't complete normally • flutter/dev/benchmarks/macrobenchmarks/lib/src/path_tessellation.dart:157:7 • switch_case_completes_normally
  error • The 'case' shouldn't complete normally • flutter/dev/benchmarks/macrobenchmarks/lib/src/path_tessellation.dart:167:7 • switch_case_completes_normally
  error • Expected to find ';' • flutter/dev/benchmarks/macrobenchmarks/lib/src/picture_cache.dart:162:5 • expected_token
warning • Dead code • flutter/dev/benchmarks/macrobenchmarks/lib/src/picture_cache.dart:162:12 • dead_code
  error • Expected an identifier • flutter/dev/benchmarks/macrobenchmarks/lib/src/picture_cache.dart:162:12 • missing_identifier
  error • Expected to find 'case' • flutter/dev/benchmarks/macrobenchmarks/lib/src/picture_cache.dart:163:7 • expected_token
   info • Unnecessary empty statement • flutter/dev/benchmarks/macrobenchmarks/lib/src/picture_cache.dart:166:6 • empty_statements
warning • The value of the local variable '<unnamed>' isn't used • flutter/dev/benchmarks/macrobenchmarks/lib/src/very_long_picture_scrolling.dart:99:8 • unused_local_variable
warning • The value of the local variable 'paintPos' isn't used • flutter/dev/benchmarks/macrobenchmarks/lib/src/very_long_picture_scrolling.dart:105:17 • unused_local_variable
warning • The value of the local variable 'paintNeg' isn't used • flutter/dev/benchmarks/macrobenchmarks/lib/src/very_long_picture_scrolling.dart:111:17 • unused_local_variable
warning • The value of the local variable 'paintZero' isn't used • flutter/dev/benchmarks/macrobenchmarks/lib/src/very_long_picture_scrolling.dart:117:17 • unused_local_variable
   info • Missing type annotation • flutter/dev/benchmarks/macrobenchmarks/lib/src/very_long_picture_scrolling.dart:128:7 • always_specify_types
  error • Expected an identifier • flutter/dev/benchmarks/macrobenchmarks/lib/src/very_long_picture_scrolling.dart:128:13 • missing_identifier
  error • Expected to find ';' • flutter/dev/benchmarks/macrobenchmarks/lib/src/very_long_picture_scrolling.dart:128:13 • expected_token
   info • An uninitialized variable should have an explicit type annotation • flutter/dev/benchmarks/macrobenchmarks/lib/src/very_long_picture_scrolling.dart:128:14 • prefer_typing_uninitialized_variables
warning • The type of  can't be inferred without either a type or initializer • flutter/dev/benchmarks/macrobenchmarks/lib/src/very_long_picture_scrolling.dart:128:14 • inference_failure_on_uninitialized_variable
   info • The variable name 'Offset' isn't a lowerCamelCase identifier • flutter/dev/benchmarks/macrobenchmarks/lib/src/very_long_picture_scrolling.dart:128:30 • non_constant_identifier_names
  error • Expected to find ';' • flutter/dev/benchmarks/macrobenchmarks/lib/src/very_long_picture_scrolling.dart:128:30 • expected_token
   info • Unnecessary statement • flutter/dev/benchmarks/macrobenchmarks/lib/src/very_long_picture_scrolling.dart:128:37 • unnecessary_statements
  error • Expected to find ';' • flutter/dev/benchmarks/macrobenchmarks/lib/src/very_long_picture_scrolling.dart:128:37 • expected_token
  error • Undefined name 'p1' • flutter/dev/benchmarks/macrobenchmarks/lib/src/very_long_picture_scrolling.dart:128:37 • undefined_identifier
  error • Expected an identifier • flutter/dev/benchmarks/macrobenchmarks/lib/src/very_long_picture_scrolling.dart:128:39 • missing_identifier
  error • Unexpected text ')' • flutter/dev/benchmarks/macrobenchmarks/lib/src/very_long_picture_scrolling.dart:128:39 • unexpected_token
   info • The variable or property is being assigned to itself • flutter/dev/benchmarks/macrobenchmarks/lib/src/very_long_picture_scrolling.dart:128:41 • no_self_assignments
  error • Expected an identifier • flutter/dev/benchmarks/macrobenchmarks/lib/src/very_long_picture_scrolling.dart:128:41 • missing_identifier
  error • Expected to find ';' • flutter/dev/benchmarks/macrobenchmarks/lib/src/very_long_picture_scrolling.dart:128:41 • expected_token
  error • Expected an identifier • flutter/dev/benchmarks/macrobenchmarks/lib/src/very_long_picture_scrolling.dart:128:43 • missing_identifier
  error • Expected to find 'case' • flutter/dev/benchmarks/macrobenchmarks/lib/src/very_long_picture_scrolling.dart:129:9 • expected_token
   info • Unnecessary empty statement • flutter/dev/benchmarks/macrobenchmarks/lib/src/very_long_picture_scrolling.dart:132:8 • empty_statements
  error • Local variable 'Offset' can't be referenced before it is declared • flutter/dev/benchmarks/macrobenchmarks/lib/src/very_long_picture_scrolling.dart:133:13 • referenced_before_declaration
  error • The expression doesn't evaluate to a function, so it can't be invoked • flutter/dev/benchmarks/macrobenchmarks/lib/src/very_long_picture_scrolling.dart:133:25 • invocation_of_non_function_expression
  error • The non-nullable local variable 'Offset' must be assigned before it can be used • flutter/dev/benchmarks/macrobenchmarks/lib/src/very_long_picture_scrolling.dart:133:25 • not_assigned_potentially_non_nullable_local_variable
  error • The non-nullable local variable 'curPaint' must be assigned before it can be used • flutter/dev/benchmarks/macrobenchmarks/lib/src/very_long_picture_scrolling.dart:135:47 • not_assigned_potentially_non_nullable_local_variable
  error • The non-nullable local variable 'curPaint' must be assigned before it can be used • flutter/dev/benchmarks/macrobenchmarks/lib/src/very_long_picture_scrolling.dart:139:21 • not_assigned_potentially_non_nullable_local_variable
  error • Undefined name 'p1' • flutter/dev/benchmarks/macrobenchmarks/lib/src/very_long_picture_scrolling.dart:142:27 • undefined_identifier
  error • Undefined name 'p1' • flutter/dev/benchmarks/macrobenchmarks/lib/src/very_long_picture_scrolling.dart:143:27 • undefined_identifier
  error • Undefined name 'p1' • flutter/dev/benchmarks/macrobenchmarks/lib/src/very_long_picture_scrolling.dart:145:29 • undefined_identifier
  error • The non-nullable local variable 'curPaint' must be assigned before it can be used • flutter/dev/benchmarks/macrobenchmarks/lib/src/very_long_picture_scrolling.dart:145:33 • not_assigned_potentially_non_nullable_local_variable
warning • The value of the local variable '<unnamed>' isn't used • flutter/dev/benchmarks/macrobenchmarks/lib/src/very_long_picture_scrolling.dart:172:8 • unused_local_variable
warning • The value of the local variable 'paintPos' isn't used • flutter/dev/benchmarks/macrobenchmarks/lib/src/very_long_picture_scrolling.dart:178:17 • unused_local_variable
warning • The value of the local variable 'paintNeg' isn't used • flutter/dev/benchmarks/macrobenchmarks/lib/src/very_long_picture_scrolling.dart:184:17 • unused_local_variable
warning • The value of the local variable 'paintZero' isn't used • flutter/dev/benchmarks/macrobenchmarks/lib/src/very_long_picture_scrolling.dart:190:17 • unused_local_variable
   info • Missing type annotation • flutter/dev/benchmarks/macrobenchmarks/lib/src/very_long_picture_scrolling.dart:197:7 • always_specify_types
  error • Expected an identifier • flutter/dev/benchmarks/macrobenchmarks/lib/src/very_long_picture_scrolling.dart:197:13 • missing_identifier
  error • Expected to find ';' • flutter/dev/benchmarks/macrobenchmarks/lib/src/very_long_picture_scrolling.dart:197:13 • expected_token
   info • An uninitialized variable should have an explicit type annotation • flutter/dev/benchmarks/macrobenchmarks/lib/src/very_long_picture_scrolling.dart:197:14 • prefer_typing_uninitialized_variables
warning • The type of  can't be inferred without either a type or initializer • flutter/dev/benchmarks/macrobenchmarks/lib/src/very_long_picture_scrolling.dart:197:14 • inference_failure_on_uninitialized_variable
   info • The variable name 'Offset' isn't a lowerCamelCase identifier • flutter/dev/benchmarks/macrobenchmarks/lib/src/very_long_picture_scrolling.dart:197:30 • non_constant_identifier_names
  error • Expected to find ';' • flutter/dev/benchmarks/macrobenchmarks/lib/src/very_long_picture_scrolling.dart:197:30 • expected_token
   info • Unnecessary statement • flutter/dev/benchmarks/macrobenchmarks/lib/src/very_long_picture_scrolling.dart:197:37 • unnecessary_statements
  error • Expected to find ';' • flutter/dev/benchmarks/macrobenchmarks/lib/src/very_long_picture_scrolling.dart:197:37 • expected_token
  error • Undefined name 'p1' • flutter/dev/benchmarks/macrobenchmarks/lib/src/very_long_picture_scrolling.dart:197:37 • undefined_identifier
  error • Expected an identifier • flutter/dev/benchmarks/macrobenchmarks/lib/src/very_long_picture_scrolling.dart:197:39 • missing_identifier
  error • Unexpected text ')' • flutter/dev/benchmarks/macrobenchmarks/lib/src/very_long_picture_scrolling.dart:197:39 • unexpected_token
   info • The variable or property is being assigned to itself • flutter/dev/benchmarks/macrobenchmarks/lib/src/very_long_picture_scrolling.dart:197:41 • no_self_assignments
  error • Expected an identifier • flutter/dev/benchmarks/macrobenchmarks/lib/src/very_long_picture_scrolling.dart:197:41 • missing_identifier
  error • Expected to find ';' • flutter/dev/benchmarks/macrobenchmarks/lib/src/very_long_picture_scrolling.dart:197:41 • expected_token
  error • Expected an identifier • flutter/dev/benchmarks/macrobenchmarks/lib/src/very_long_picture_scrolling.dart:197:43 • missing_identifier
  error • Expected to find 'case' • flutter/dev/benchmarks/macrobenchmarks/lib/src/very_long_picture_scrolling.dart:198:9 • expected_token
   info • Unnecessary empty statement • flutter/dev/benchmarks/macrobenchmarks/lib/src/very_long_picture_scrolling.dart:201:8 • empty_statements
  error • Local variable 'Offset' can't be referenced before it is declared • flutter/dev/benchmarks/macrobenchmarks/lib/src/very_long_picture_scrolling.dart:202:13 • referenced_before_declaration
  error • The expression doesn't evaluate to a function, so it can't be invoked • flutter/dev/benchmarks/macrobenchmarks/lib/src/very_long_picture_scrolling.dart:202:25 • invocation_of_non_function_expression
  error • The non-nullable local variable 'Offset' must be assigned before it can be used • flutter/dev/benchmarks/macrobenchmarks/lib/src/very_long_picture_scrolling.dart:202:25 • not_assigned_potentially_non_nullable_local_variable
  error • Undefined name 'p1' • flutter/dev/benchmarks/macrobenchmarks/lib/src/very_long_picture_scrolling.dart:203:27 • undefined_identifier
  error • The non-nullable local variable 'curPaint' must be assigned before it can be used • flutter/dev/benchmarks/macrobenchmarks/lib/src/very_long_picture_scrolling.dart:203:31 • not_assigned_potentially_non_nullable_local_variable
  error • Expected to find ';' • flutter/dev/benchmarks/macrobenchmarks/lib/src/web/bench_build_material_checkbox.dart:34:16 • expected_token
  error • Expected an identifier • flutter/dev/benchmarks/macrobenchmarks/lib/src/web/bench_build_material_checkbox.dart:34:18 • missing_identifier
  error • Expected to find 'case' • flutter/dev/benchmarks/macrobenchmarks/lib/src/web/bench_build_material_checkbox.dart:35:7 • expected_token
   info • Unnecessary empty statement • flutter/dev/benchmarks/macrobenchmarks/lib/src/web/bench_build_material_checkbox.dart:38:6 • empty_statements
  error • This requires the 'class-modifiers' language feature to be enabled • flutter/dev/benchmarks/macrobenchmarks/lib/src/web/bench_mouse_region_grid_hover.dart:116:10 • experiment_not_enabled
  error • This requires the 'class-modifiers' language feature to be enabled • flutter/dev/benchmarks/macrobenchmarks/lib/src/web/bench_mouse_region_grid_scroll.dart:91:10 • experiment_not_enabled
  error • Target of URI doesn't exist: 'package:macrobenchmarks/common.dart' • flutter/dev/benchmarks/macrobenchmarks/test/animated_complex_image_filtered_perf_e2e.dart:5:8 • uri_does_not_exist
  error • Undefined name 'kAnimatedComplexImageFilteredPerfRouteName' • flutter/dev/benchmarks/macrobenchmarks/test/animated_complex_image_filtered_perf_e2e.dart:12:5 • undefined_identifier
  error • Target of URI doesn't exist: 'package:macrobenchmarks/common.dart' • flutter/dev/benchmarks/macrobenchmarks/test/animated_complex_opacity_perf_e2e.dart:5:8 • uri_does_not_exist
  error • Undefined name 'kAnimatedComplexOpacityPerfRouteName' • flutter/dev/benchmarks/macrobenchmarks/test/animated_complex_opacity_perf_e2e.dart:12:5 • undefined_identifier
  error • Target of URI doesn't exist: 'package:macrobenchmarks/common.dart' • flutter/dev/benchmarks/macrobenchmarks/test/animated_placeholder_perf_e2e.dart:5:8 • uri_does_not_exist
  error • Undefined name 'kAnimatedPlaceholderRouteName' • flutter/dev/benchmarks/macrobenchmarks/test/animated_placeholder_perf_e2e.dart:12:5 • undefined_identifier
  error • Target of URI doesn't exist: 'package:macrobenchmarks/common.dart' • flutter/dev/benchmarks/macrobenchmarks/test/backdrop_filter_perf_e2e.dart:5:8 • uri_does_not_exist
  error • Undefined name 'kBackdropFilterRouteName' • flutter/dev/benchmarks/macrobenchmarks/test/backdrop_filter_perf_e2e.dart:12:5 • undefined_identifier
  error • Target of URI doesn't exist: 'package:macrobenchmarks/common.dart' • flutter/dev/benchmarks/macrobenchmarks/test/clipper_cache_perf_e2e.dart:5:8 • uri_does_not_exist
  error • Undefined name 'kClipperCacheRouteName' • flutter/dev/benchmarks/macrobenchmarks/test/clipper_cache_perf_e2e.dart:12:5 • undefined_identifier
  error • Target of URI doesn't exist: 'package:macrobenchmarks/common.dart' • flutter/dev/benchmarks/macrobenchmarks/test/color_filter_and_fade_perf_e2e.dart:5:8 • uri_does_not_exist
  error • Undefined name 'kColorFilterAndFadeRouteName' • flutter/dev/benchmarks/macrobenchmarks/test/color_filter_and_fade_perf_e2e.dart:12:5 • undefined_identifier
  error • Target of URI doesn't exist: 'package:macrobenchmarks/common.dart' • flutter/dev/benchmarks/macrobenchmarks/test/color_filter_cache_perf_e2e.dart:5:8 • uri_does_not_exist
  error • Undefined name 'kColorFilterCacheRouteName' • flutter/dev/benchmarks/macrobenchmarks/test/color_filter_cache_perf_e2e.dart:12:5 • undefined_identifier
  error • Target of URI doesn't exist: 'package:macrobenchmarks/common.dart' • flutter/dev/benchmarks/macrobenchmarks/test/color_filter_with_unstable_child_perf_e2e.dart:5:8 • uri_does_not_exist
  error • Undefined name 'kColorFilterWithUnstableChildName' • flutter/dev/benchmarks/macrobenchmarks/test/color_filter_with_unstable_child_perf_e2e.dart:12:5 • undefined_identifier
  error • Target of URI doesn't exist: 'package:macrobenchmarks/common.dart' • flutter/dev/benchmarks/macrobenchmarks/test/cubic_bezier_perf_e2e.dart:5:8 • uri_does_not_exist
  error • Undefined name 'kCubicBezierRouteName' • flutter/dev/benchmarks/macrobenchmarks/test/cubic_bezier_perf_e2e.dart:10:41 • undefined_identifier
  error • Target of URI doesn't exist: 'package:macrobenchmarks/common.dart' • flutter/dev/benchmarks/macrobenchmarks/test/cull_opacity_perf_e2e.dart:8:8 • uri_does_not_exist
  error • Undefined name 'kCullOpacityRouteName' • flutter/dev/benchmarks/macrobenchmarks/test/cull_opacity_perf_e2e.dart:15:5 • undefined_identifier
  error • Target of URI doesn't exist: 'package:macrobenchmarks/common.dart' • flutter/dev/benchmarks/macrobenchmarks/test/fullscreen_textfield_perf_e2e.dart:7:8 • uri_does_not_exist
  error • Undefined name 'kFullscreenTextRouteName' • flutter/dev/benchmarks/macrobenchmarks/test/fullscreen_textfield_perf_e2e.dart:14:5 • undefined_identifier
  error • Target of URI doesn't exist: 'package:macrobenchmarks/common.dart' • flutter/dev/benchmarks/macrobenchmarks/test/gradient_consistent_perf_e2e.dart:5:8 • uri_does_not_exist
  error • Undefined name 'kScrollableName' • flutter/dev/benchmarks/macrobenchmarks/test/gradient_consistent_perf_e2e.dart:13:29 • undefined_identifier
  error • Undefined name 'kGradientPerfRouteName' • flutter/dev/benchmarks/macrobenchmarks/test/gradient_consistent_perf_e2e.dart:13:46 • undefined_identifier
  error • Undefined name 'kGradientPerfScrollableName' • flutter/dev/benchmarks/macrobenchmarks/test/gradient_consistent_perf_e2e.dart:14:29 • undefined_identifier
  error • Undefined name 'kGradientPerfRecreateConsistentRouteName' • flutter/dev/benchmarks/macrobenchmarks/test/gradient_consistent_perf_e2e.dart:14:58 • undefined_identifier
  error • Target of URI doesn't exist: 'package:macrobenchmarks/common.dart' • flutter/dev/benchmarks/macrobenchmarks/test/gradient_dynamic_perf_e2e.dart:5:8 • uri_does_not_exist
  error • Undefined name 'kScrollableName' • flutter/dev/benchmarks/macrobenchmarks/test/gradient_dynamic_perf_e2e.dart:13:29 • undefined_identifier
  error • Undefined name 'kGradientPerfRouteName' • flutter/dev/benchmarks/macrobenchmarks/test/gradient_dynamic_perf_e2e.dart:13:46 • undefined_identifier
  error • Undefined name 'kGradientPerfScrollableName' • flutter/dev/benchmarks/macrobenchmarks/test/gradient_dynamic_perf_e2e.dart:14:29 • undefined_identifier
  error • Undefined name 'kGradientPerfRecreateDynamicRouteName' • flutter/dev/benchmarks/macrobenchmarks/test/gradient_dynamic_perf_e2e.dart:14:58 • undefined_identifier
  error • Target of URI doesn't exist: 'package:macrobenchmarks/common.dart' • flutter/dev/benchmarks/macrobenchmarks/test/gradient_static_perf_e2e.dart:5:8 • uri_does_not_exist
  error • Undefined name 'kScrollableName' • flutter/dev/benchmarks/macrobenchmarks/test/gradient_static_perf_e2e.dart:13:29 • undefined_identifier
  error • Undefined name 'kGradientPerfRouteName' • flutter/dev/benchmarks/macrobenchmarks/test/gradient_static_perf_e2e.dart:13:46 • undefined_identifier
  error • Undefined name 'kGradientPerfScrollableName' • flutter/dev/benchmarks/macrobenchmarks/test/gradient_static_perf_e2e.dart:14:29 • undefined_identifier
  error • Undefined name 'kGradientPerfStaticConsistentRouteName' • flutter/dev/benchmarks/macrobenchmarks/test/gradient_static_perf_e2e.dart:14:58 • undefined_identifier
  error • Target of URI doesn't exist: 'package:macrobenchmarks/common.dart' • flutter/dev/benchmarks/macrobenchmarks/test/list_text_layout_perf_e2e.dart:5:8 • uri_does_not_exist
  error • Undefined name 'kListTextLayoutRouteName' • flutter/dev/benchmarks/macrobenchmarks/test/list_text_layout_perf_e2e.dart:12:5 • undefined_identifier
  error • Target of URI doesn't exist: 'package:macrobenchmarks/common.dart' • flutter/dev/benchmarks/macrobenchmarks/test/multi_widget_construction_perf_e2e.dart:5:8 • uri_does_not_exist
  error • Undefined name 'kMultiWidgetConstructionRouteName' • flutter/dev/benchmarks/macrobenchmarks/test/multi_widget_construction_perf_e2e.dart:12:5 • undefined_identifier
  error • Target of URI doesn't exist: 'package:macrobenchmarks/common.dart' • flutter/dev/benchmarks/macrobenchmarks/test/opacity_peephole_col_of_alpha_savelayer_rows_perf_e2e.dart:5:8 • uri_does_not_exist
  error • Undefined name 'kScrollableName' • flutter/dev/benchmarks/macrobenchmarks/test/opacity_peephole_col_of_alpha_savelayer_rows_perf_e2e.dart:13:29 • undefined_identifier
  error • Undefined name 'kOpacityPeepholeRouteName' • flutter/dev/benchmarks/macrobenchmarks/test/opacity_peephole_col_of_alpha_savelayer_rows_perf_e2e.dart:13:46 • undefined_identifier
  error • Undefined name 'kOpacityScrollableName' • flutter/dev/benchmarks/macrobenchmarks/test/opacity_peephole_col_of_alpha_savelayer_rows_perf_e2e.dart:15:9 • undefined_identifier
  error • Undefined name 'kOpacityPeepholeColumnOfAlphaSaveLayerRowsOfRectsRouteName' • flutter/dev/benchmarks/macrobenchmarks/test/opacity_peephole_col_of_alpha_savelayer_rows_perf_e2e.dart:16:9 • undefined_identifier
  error • Target of URI doesn't exist: 'package:macrobenchmarks/common.dart' • flutter/dev/benchmarks/macrobenchmarks/test/opacity_peephole_col_of_rows_perf_e2e.dart:5:8 • uri_does_not_exist
  error • Undefined name 'kScrollableName' • flutter/dev/benchmarks/macrobenchmarks/test/opacity_peephole_col_of_rows_perf_e2e.dart:13:29 • undefined_identifier
  error • Undefined name 'kOpacityPeepholeRouteName' • flutter/dev/benchmarks/macrobenchmarks/test/opacity_peephole_col_of_rows_perf_e2e.dart:13:46 • undefined_identifier
  error • Undefined name 'kOpacityScrollableName' • flutter/dev/benchmarks/macrobenchmarks/test/opacity_peephole_col_of_rows_perf_e2e.dart:14:29 • undefined_identifier
  error • Undefined name 'kOpacityPeepholeOpacityOfColOfRowsRouteName' • flutter/dev/benchmarks/macrobenchmarks/test/opacity_peephole_col_of_rows_perf_e2e.dart:14:53 • undefined_identifier
  error • Target of URI doesn't exist: 'package:macrobenchmarks/common.dart' • flutter/dev/benchmarks/macrobenchmarks/test/opacity_peephole_fade_transition_text_perf_e2e.dart:5:8 • uri_does_not_exist
  error • Undefined name 'kScrollableName' • flutter/dev/benchmarks/macrobenchmarks/test/opacity_peephole_fade_transition_text_perf_e2e.dart:13:29 • undefined_identifier
  error • Undefined name 'kOpacityPeepholeRouteName' • flutter/dev/benchmarks/macrobenchmarks/test/opacity_peephole_fade_transition_text_perf_e2e.dart:13:46 • undefined_identifier
  error • Undefined name 'kOpacityScrollableName' • flutter/dev/benchmarks/macrobenchmarks/test/opacity_peephole_fade_transition_text_perf_e2e.dart:14:29 • undefined_identifier
  error • Undefined name 'kOpacityPeepholeFadeTransitionTextRouteName' • flutter/dev/benchmarks/macrobenchmarks/test/opacity_peephole_fade_transition_text_perf_e2e.dart:14:53 • undefined_identifier
  error • Target of URI doesn't exist: 'package:macrobenchmarks/common.dart' • flutter/dev/benchmarks/macrobenchmarks/test/opacity_peephole_grid_of_alpha_savelayers_perf_e2e.dart:5:8 • uri_does_not_exist
  error • Undefined name 'kScrollableName' • flutter/dev/benchmarks/macrobenchmarks/test/opacity_peephole_grid_of_alpha_savelayers_perf_e2e.dart:13:29 • undefined_identifier
  error • Undefined name 'kOpacityPeepholeRouteName' • flutter/dev/benchmarks/macrobenchmarks/test/opacity_peephole_grid_of_alpha_savelayers_perf_e2e.dart:13:46 • undefined_identifier
  error • Undefined name 'kOpacityScrollableName' • flutter/dev/benchmarks/macrobenchmarks/test/opacity_peephole_grid_of_alpha_savelayers_perf_e2e.dart:15:9 • undefined_identifier
  error • Undefined name 'kOpacityPeepholeGridOfAlphaSaveLayerRectsRouteName' • flutter/dev/benchmarks/macrobenchmarks/test/opacity_peephole_grid_of_alpha_savelayers_perf_e2e.dart:16:9 • undefined_identifier
  error • Target of URI doesn't exist: 'package:macrobenchmarks/common.dart' • flutter/dev/benchmarks/macrobenchmarks/test/opacity_peephole_grid_of_opacity_perf_e2e.dart:5:8 • uri_does_not_exist
  error • Undefined name 'kScrollableName' • flutter/dev/benchmarks/macrobenchmarks/test/opacity_peephole_grid_of_opacity_perf_e2e.dart:13:29 • undefined_identifier
  error • Undefined name 'kOpacityPeepholeRouteName' • flutter/dev/benchmarks/macrobenchmarks/test/opacity_peephole_grid_of_opacity_perf_e2e.dart:13:46 • undefined_identifier
  error • Undefined name 'kOpacityScrollableName' • flutter/dev/benchmarks/macrobenchmarks/test/opacity_peephole_grid_of_opacity_perf_e2e.dart:14:29 • undefined_identifier
  error • Undefined name 'kOpacityPeepholeGridOfOpacityRouteName' • flutter/dev/benchmarks/macrobenchmarks/test/opacity_peephole_grid_of_opacity_perf_e2e.dart:14:53 • undefined_identifier
  error • Target of URI doesn't exist: 'package:macrobenchmarks/common.dart' • flutter/dev/benchmarks/macrobenchmarks/test/opacity_peephole_one_rect_perf_e2e.dart:5:8 • uri_does_not_exist
  error • Undefined name 'kScrollableName' • flutter/dev/benchmarks/macrobenchmarks/test/opacity_peephole_one_rect_perf_e2e.dart:13:29 • undefined_identifier
  error • Undefined name 'kOpacityPeepholeRouteName' • flutter/dev/benchmarks/macrobenchmarks/test/opacity_peephole_one_rect_perf_e2e.dart:13:46 • undefined_identifier
  error • Undefined name 'kOpacityScrollableName' • flutter/dev/benchmarks/macrobenchmarks/test/opacity_peephole_one_rect_perf_e2e.dart:14:29 • undefined_identifier
  error • Undefined name 'kOpacityPeepholeOneRectRouteName' • flutter/dev/benchmarks/macrobenchmarks/test/opacity_peephole_one_rect_perf_e2e.dart:14:53 • undefined_identifier
  error • Target of URI doesn't exist: 'package:macrobenchmarks/common.dart' • flutter/dev/benchmarks/macrobenchmarks/test/opacity_peephole_opacity_of_grid_perf_e2e.dart:5:8 • uri_does_not_exist
  error • Undefined name 'kScrollableName' • flutter/dev/benchmarks/macrobenchmarks/test/opacity_peephole_opacity_of_grid_perf_e2e.dart:13:29 • undefined_identifier
  error • Undefined name 'kOpacityPeepholeRouteName' • flutter/dev/benchmarks/macrobenchmarks/test/opacity_peephole_opacity_of_grid_perf_e2e.dart:13:46 • undefined_identifier
  error • Undefined name 'kOpacityScrollableName' • flutter/dev/benchmarks/macrobenchmarks/test/opacity_peephole_opacity_of_grid_perf_e2e.dart:14:29 • undefined_identifier
  error • Undefined name 'kOpacityPeepholeOpacityOfGridRouteName' • flutter/dev/benchmarks/macrobenchmarks/test/opacity_peephole_opacity_of_grid_perf_e2e.dart:14:53 • undefined_identifier
  error • Target of URI doesn't exist: 'package:macrobenchmarks/common.dart' • flutter/dev/benchmarks/macrobenchmarks/test/picture_cache_perf_e2e.dart:7:8 • uri_does_not_exist
  error • Undefined name 'kPictureCacheRouteName' • flutter/dev/benchmarks/macrobenchmarks/test/picture_cache_perf_e2e.dart:14:5 • undefined_identifier
  error • Target of URI doesn't exist: 'package:macrobenchmarks/common.dart' • flutter/dev/benchmarks/macrobenchmarks/test/raster_cache_use_memory_perf_e2e.dart:5:8 • uri_does_not_exist
  error • Undefined name 'kRasterCacheUseMemory' • flutter/dev/benchmarks/macrobenchmarks/test/raster_cache_use_memory_perf_e2e.dart:12:5 • undefined_identifier
  error • Target of URI doesn't exist: 'package:macrobenchmarks/common.dart' • flutter/dev/benchmarks/macrobenchmarks/test/shader_mask_cache_perf_e2e.dart:5:8 • uri_does_not_exist
  error • Undefined name 'kShaderMaskCacheRouteName' • flutter/dev/benchmarks/macrobenchmarks/test/shader_mask_cache_perf_e2e.dart:12:5 • undefined_identifier
  error • Target of URI doesn't exist: 'package:macrobenchmarks/common.dart' • flutter/dev/benchmarks/macrobenchmarks/test/textfield_perf_e2e.dart:7:8 • uri_does_not_exist
  error • Undefined name 'kTextRouteName' • flutter/dev/benchmarks/macrobenchmarks/test/textfield_perf_e2e.dart:14:5 • undefined_identifier
  error • Target of URI doesn't exist: 'package:integration_test/integration_test.dart' • flutter/dev/benchmarks/macrobenchmarks/test/util.dart:7:8 • uri_does_not_exist
  error • Target of URI doesn't exist: 'package:macrobenchmarks/common.dart' • flutter/dev/benchmarks/macrobenchmarks/test/util.dart:8:8 • uri_does_not_exist
  error • Target of URI doesn't exist: 'package:macrobenchmarks/main.dart' • flutter/dev/benchmarks/macrobenchmarks/test/util.dart:9:8 • uri_does_not_exist
  error • Undefined name 'kScrollableName' • flutter/dev/benchmarks/macrobenchmarks/test/util.dart:30:51 • undefined_identifier
  error • Undefined name 'IntegrationTestWidgetsFlutterBinding' • flutter/dev/benchmarks/macrobenchmarks/test/util.dart:46:41 • undefined_identifier
  error • The name 'IntegrationTestWidgetsFlutterBinding' isn't defined, so it can't be used in an 'is' expression • flutter/dev/benchmarks/macrobenchmarks/test/util.dart:47:28 • type_test_with_undefined_name
  error • Undefined class 'IntegrationTestWidgetsFlutterBinding' • flutter/dev/benchmarks/macrobenchmarks/test/util.dart:48:9 • undefined_class
  error • The name 'IntegrationTestWidgetsFlutterBinding' isn't a type, so it can't be used in an 'as' expression • flutter/dev/benchmarks/macrobenchmarks/test/util.dart:49:25 • cast_to_non_type
  error • Target of URI doesn't exist: 'package:macrobenchmarks/common.dart' • flutter/dev/benchmarks/macrobenchmarks/test/very_long_picture_scrolling_perf_e2e.dart:7:8 • uri_does_not_exist
  error • Undefined name 'kVeryLongPictureScrollingRouteName' • flutter/dev/benchmarks/macrobenchmarks/test/very_long_picture_scrolling_perf_e2e.dart:14:5 • undefined_identifier
  error • Target of URI doesn't exist: 'package:macrobenchmarks/common.dart' • flutter/dev/benchmarks/macrobenchmarks/test_driver/animated_advanced_blend_perf_test.dart:5:8 • uri_does_not_exist
  error • Undefined name 'kAnimatedAdvancedBlend' • flutter/dev/benchmarks/macrobenchmarks/test_driver/animated_advanced_blend_perf_test.dart:12:5 • undefined_identifier
  error • Target of URI doesn't exist: 'package:macrobenchmarks/common.dart' • flutter/dev/benchmarks/macrobenchmarks/test_driver/animated_blur_backdrop_filter_perf_test.dart:5:8 • uri_does_not_exist
  error • Undefined name 'kAnimatedBlurBackdropFilter' • flutter/dev/benchmarks/macrobenchmarks/test_driver/animated_blur_backdrop_filter_perf_test.dart:12:5 • undefined_identifier
  error • Target of URI doesn't exist: 'package:flutter_driver/driver_extension.dart' • flutter/dev/benchmarks/macrobenchmarks/test_driver/animated_image.dart:8:8 • uri_does_not_exist
  error • Target of URI doesn't exist: 'package:macrobenchmarks/src/animated_image.dart' • flutter/dev/benchmarks/macrobenchmarks/test_driver/animated_image.dart:10:8 • uri_does_not_exist
  error • The function 'enableFlutterDriverExtension' isn't defined • flutter/dev/benchmarks/macrobenchmarks/test_driver/animated_image.dart:18:3 • undefined_function
  error • The function 'AnimatedImagePage' isn't defined • flutter/dev/benchmarks/macrobenchmarks/test_driver/animated_image.dart:29:13 • undefined_function
  error • Target of URI doesn't exist: 'package:flutter_driver/flutter_driver.dart' • flutter/dev/benchmarks/macrobenchmarks/test_driver/animated_image_test.dart:5:8 • uri_does_not_exist
  error • Target of URI doesn't exist: 'package:test/test.dart' • flutter/dev/benchmarks/macrobenchmarks/test_driver/animated_image_test.dart:6:8 • uri_does_not_exist
  error • The function 'test' isn't defined • flutter/dev/benchmarks/macrobenchmarks/test_driver/animated_image_test.dart:11:3 • undefined_function
  error • Undefined class 'FlutterDriver' • flutter/dev/benchmarks/macrobenchmarks/test_driver/animated_image_test.dart:12:11 • undefined_class
  error • Undefined name 'FlutterDriver' • flutter/dev/benchmarks/macrobenchmarks/test_driver/animated_image_test.dart:12:40 • undefined_identifier
  error • Undefined class 'Timeline' • flutter/dev/benchmarks/macrobenchmarks/test_driver/animated_image_test.dart:15:11 • undefined_class
  error • Undefined class 'TimelineSummary' • flutter/dev/benchmarks/macrobenchmarks/test_driver/animated_image_test.dart:18:11 • undefined_class
  error • Undefined name 'TimelineSummary' • flutter/dev/benchmarks/macrobenchmarks/test_driver/animated_image_test.dart:18:37 • undefined_identifier
  error • Undefined name 'Timeout' • flutter/dev/benchmarks/macrobenchmarks/test_driver/animated_image_test.dart:22:15 • undefined_identifier
  error • Target of URI doesn't exist: 'package:macrobenchmarks/common.dart' • flutter/dev/benchmarks/macrobenchmarks/test_driver/animated_placeholder_perf_test.dart:5:8 • uri_does_not_exist
  error • Undefined name 'kAnimatedPlaceholderRouteName' • flutter/dev/benchmarks/macrobenchmarks/test_driver/animated_placeholder_perf_test.dart:12:5 • undefined_identifier
  error • Target of URI doesn't exist: 'package:macrobenchmarks/common.dart' • flutter/dev/benchmarks/macrobenchmarks/test_driver/animation_with_microtasks_perf_test.dart:5:8 • uri_does_not_exist
  error • Undefined name 'kAnimationWithMicrotasksRouteName' • flutter/dev/benchmarks/macrobenchmarks/test_driver/animation_with_microtasks_perf_test.dart:12:5 • undefined_identifier
  error • Target of URI doesn't exist: 'package:macrobenchmarks/common.dart' • flutter/dev/benchmarks/macrobenchmarks/test_driver/backdrop_filter_perf_test.dart:5:8 • uri_does_not_exist
  error • Undefined name 'kBackdropFilterRouteName' • flutter/dev/benchmarks/macrobenchmarks/test_driver/backdrop_filter_perf_test.dart:12:5 • undefined_identifier
  error • Target of URI doesn't exist: 'package:macrobenchmarks/common.dart' • flutter/dev/benchmarks/macrobenchmarks/test_driver/color_filter_and_fade_perf_test.dart:5:8 • uri_does_not_exist
  error • Undefined name 'kColorFilterAndFadeRouteName' • flutter/dev/benchmarks/macrobenchmarks/test_driver/color_filter_and_fade_perf_test.dart:12:5 • undefined_identifier
  error • Target of URI doesn't exist: 'package:macrobenchmarks/common.dart' • flutter/dev/benchmarks/macrobenchmarks/test_driver/cubic_bezier_perf_test.dart:5:8 • uri_does_not_exist
  error • Undefined name 'kCubicBezierRouteName' • flutter/dev/benchmarks/macrobenchmarks/test_driver/cubic_bezier_perf_test.dart:10:38 • undefined_identifier
  error • Target of URI doesn't exist: 'package:macrobenchmarks/common.dart' • flutter/dev/benchmarks/macrobenchmarks/test_driver/cull_opacity_perf_test.dart:5:8 • uri_does_not_exist
  error • Undefined name 'kCullOpacityRouteName' • flutter/dev/benchmarks/macrobenchmarks/test_driver/cull_opacity_perf_test.dart:12:5 • undefined_identifier
  error • Target of URI doesn't exist: 'package:macrobenchmarks/common.dart' • flutter/dev/benchmarks/macrobenchmarks/test_driver/draw_atlas_perf_test.dart:5:8 • uri_does_not_exist
  error • Undefined name 'kDrawAtlasPageRouteName' • flutter/dev/benchmarks/macrobenchmarks/test_driver/draw_atlas_perf_test.dart:12:5 • undefined_identifier
  error • Target of URI doesn't exist: 'package:macrobenchmarks/common.dart' • flutter/dev/benchmarks/macrobenchmarks/test_driver/draw_points_perf_test.dart:5:8 • uri_does_not_exist
  error • Undefined name 'kDrawPointsPageRougeName' • flutter/dev/benchmarks/macrobenchmarks/test_driver/draw_points_perf_test.dart:12:5 • undefined_identifier
  error • Target of URI doesn't exist: 'package:macrobenchmarks/common.dart' • flutter/dev/benchmarks/macrobenchmarks/test_driver/draw_vertices_perf_test.dart:5:8 • uri_does_not_exist
  error • Undefined name 'kDrawVerticesPageRouteName' • flutter/dev/benchmarks/macrobenchmarks/test_driver/draw_vertices_perf_test.dart:12:5 • undefined_identifier
  error • Target of URI doesn't exist: 'package:integration_test/integration_test_driver.dart' • flutter/dev/benchmarks/macrobenchmarks/test_driver/e2e_test.dart:5:8 • uri_does_not_exist
  error • Target of URI doesn't exist: 'package:macrobenchmarks/common.dart' • flutter/dev/benchmarks/macrobenchmarks/test_driver/fading_child_animation_perf_test.dart:5:8 • uri_does_not_exist
  error • Undefined name 'kFadingChildAnimationRouteName' • flutter/dev/benchmarks/macrobenchmarks/test_driver/fading_child_animation_perf_test.dart:12:5 • undefined_identifier
  error • Target of URI doesn't exist: 'package:flutter_driver/flutter_driver.dart' • flutter/dev/benchmarks/macrobenchmarks/test_driver/fullscreen_textfield_perf_test.dart:5:8 • uri_does_not_exist
  error • Target of URI doesn't exist: 'package:macrobenchmarks/common.dart' • flutter/dev/benchmarks/macrobenchmarks/test_driver/fullscreen_textfield_perf_test.dart:6:8 • uri_does_not_exist
  error • Undefined name 'kFullscreenTextRouteName' • flutter/dev/benchmarks/macrobenchmarks/test_driver/fullscreen_textfield_perf_test.dart:13:5 • undefined_identifier
  error • Undefined class 'FlutterDriver' • flutter/dev/benchmarks/macrobenchmarks/test_driver/fullscreen_textfield_perf_test.dart:15:17 • undefined_class
  error • Undefined class 'SerializableFinder' • flutter/dev/benchmarks/macrobenchmarks/test_driver/fullscreen_textfield_perf_test.dart:16:13 • undefined_class
  error • Undefined name 'find' • flutter/dev/benchmarks/macrobenchmarks/test_driver/fullscreen_textfield_perf_test.dart:16:44 • undefined_identifier
  error • Target of URI doesn't exist: 'package:macrobenchmarks/common.dart' • flutter/dev/benchmarks/macrobenchmarks/test_driver/imagefiltered_transform_animation_perf_test.dart:5:8 • uri_does_not_exist
  error • Undefined name 'kImageFilteredTransformAnimationRouteName' • flutter/dev/benchmarks/macrobenchmarks/test_driver/imagefiltered_transform_animation_perf_test.dart:12:5 • undefined_identifier
  error • Target of URI doesn't exist: 'package:flutter_driver/driver_extension.dart' • flutter/dev/benchmarks/macrobenchmarks/test_driver/large_image_changer.dart:7:8 • uri_does_not_exist
  error • Target of URI doesn't exist: 'package:macrobenchmarks/common.dart' • flutter/dev/benchmarks/macrobenchmarks/test_driver/large_image_changer.dart:10:8 • uri_does_not_exist
  error • Target of URI doesn't exist: 'package:macrobenchmarks/main.dart' • flutter/dev/benchmarks/macrobenchmarks/test_driver/large_image_changer.dart:11:8 • uri_does_not_exist
  error • The function 'enableFlutterDriverExtension' isn't defined • flutter/dev/benchmarks/macrobenchmarks/test_driver/large_image_changer.dart:14:3 • undefined_function
  error • The name 'MacrobenchmarksApp' isn't a class • flutter/dev/benchmarks/macrobenchmarks/test_driver/large_image_changer.dart:22:16 • creation_with_non_type
  error • Undefined name 'kLargeImageChangerRouteName' • flutter/dev/benchmarks/macrobenchmarks/test_driver/large_image_changer.dart:22:49 • undefined_identifier
  error • Target of URI doesn't exist: 'package:flutter_driver/flutter_driver.dart' • flutter/dev/benchmarks/macrobenchmarks/test_driver/large_image_changer_test.dart:5:8 • uri_does_not_exist
  error • Target of URI doesn't exist: 'package:test/test.dart' • flutter/dev/benchmarks/macrobenchmarks/test_driver/large_image_changer_test.dart:6:8 • uri_does_not_exist
  error • The function 'test' isn't defined • flutter/dev/benchmarks/macrobenchmarks/test_driver/large_image_changer_test.dart:11:3 • undefined_function
  error • Undefined class 'FlutterDriver' • flutter/dev/benchmarks/macrobenchmarks/test_driver/large_image_changer_test.dart:12:11 • undefined_class
  error • Undefined name 'FlutterDriver' • flutter/dev/benchmarks/macrobenchmarks/test_driver/large_image_changer_test.dart:12:40 • undefined_identifier
  error • Undefined class 'Timeline' • flutter/dev/benchmarks/macrobenchmarks/test_driver/large_image_changer_test.dart:17:5 • undefined_class
  error • The 'case' shouldn't complete normally • flutter/dev/benchmarks/macrobenchmarks/test_driver/large_image_changer_test.dart:19:7 • switch_case_completes_normally
  error • The 'case' shouldn't complete normally • flutter/dev/benchmarks/macrobenchmarks/test_driver/large_image_changer_test.dart:25:7 • switch_case_completes_normally
  error • Undefined class 'TimelineSummary' • flutter/dev/benchmarks/macrobenchmarks/test_driver/large_image_changer_test.dart:36:13 • undefined_class
  error • Undefined name 'TimelineSummary' • flutter/dev/benchmarks/macrobenchmarks/test_driver/large_image_changer_test.dart:36:39 • undefined_identifier
  error • Undefined name 'Timeout' • flutter/dev/benchmarks/macrobenchmarks/test_driver/large_image_changer_test.dart:41:15 • undefined_identifier
  error • Target of URI doesn't exist: 'package:macrobenchmarks/common.dart' • flutter/dev/benchmarks/macrobenchmarks/test_driver/list_text_layout_perf_test.dart:5:8 • uri_does_not_exist
  error • Undefined name 'kListTextLayoutRouteName' • flutter/dev/benchmarks/macrobenchmarks/test_driver/list_text_layout_perf_test.dart:12:5 • undefined_identifier
  error • Target of URI doesn't exist: 'package:macrobenchmarks/common.dart' • flutter/dev/benchmarks/macrobenchmarks/test_driver/multi_widget_construction_perf_test.dart:5:8 • uri_does_not_exist
  error • Undefined name 'kMultiWidgetConstructionRouteName' • flutter/dev/benchmarks/macrobenchmarks/test_driver/multi_widget_construction_perf_test.dart:12:5 • undefined_identifier
  error • Target of URI doesn't exist: 'package:flutter_driver/flutter_driver.dart' • flutter/dev/benchmarks/macrobenchmarks/test_driver/path_stroke_tessellation_dynamic_perf_test.dart:5:8 • uri_does_not_exist
  error • Target of URI doesn't exist: 'package:macrobenchmarks/common.dart' • flutter/dev/benchmarks/macrobenchmarks/test_driver/path_stroke_tessellation_dynamic_perf_test.dart:6:8 • uri_does_not_exist
  error • Undefined name 'kPathStrokeTessellationRouteName' • flutter/dev/benchmarks/macrobenchmarks/test_driver/path_stroke_tessellation_dynamic_perf_test.dart:13:5 • undefined_identifier
  error • Undefined class 'FlutterDriver' • flutter/dev/benchmarks/macrobenchmarks/test_driver/path_stroke_tessellation_dynamic_perf_test.dart:16:16 • undefined_class
  error • Undefined class 'SerializableFinder' • flutter/dev/benchmarks/macrobenchmarks/test_driver/path_stroke_tessellation_dynamic_perf_test.dart:17:13 • undefined_class
  error • Undefined name 'find' • flutter/dev/benchmarks/macrobenchmarks/test_driver/path_stroke_tessellation_dynamic_perf_test.dart:17:48 • undefined_identifier
  error • Target of URI doesn't exist: 'package:flutter_driver/flutter_driver.dart' • flutter/dev/benchmarks/macrobenchmarks/test_driver/path_stroke_tessellation_static_perf_test.dart:5:8 • uri_does_not_exist
  error • Target of URI doesn't exist: 'package:macrobenchmarks/common.dart' • flutter/dev/benchmarks/macrobenchmarks/test_driver/path_stroke_tessellation_static_perf_test.dart:6:8 • uri_does_not_exist
  error • Undefined name 'kPathStrokeTessellationRouteName' • flutter/dev/benchmarks/macrobenchmarks/test_driver/path_stroke_tessellation_static_perf_test.dart:13:5 • undefined_identifier
  error • Undefined class 'FlutterDriver' • flutter/dev/benchmarks/macrobenchmarks/test_driver/path_stroke_tessellation_static_perf_test.dart:15:17 • undefined_class
  error • Undefined class 'SerializableFinder' • flutter/dev/benchmarks/macrobenchmarks/test_driver/path_stroke_tessellation_static_perf_test.dart:16:13 • undefined_class
  error • Undefined name 'find' • flutter/dev/benchmarks/macrobenchmarks/test_driver/path_stroke_tessellation_static_perf_test.dart:16:43 • undefined_identifier
  error • Target of URI doesn't exist: 'package:flutter_driver/flutter_driver.dart' • flutter/dev/benchmarks/macrobenchmarks/test_driver/path_tessellation_dynamic_perf_test.dart:5:8 • uri_does_not_exist
  error • Target of URI doesn't exist: 'package:macrobenchmarks/common.dart' • flutter/dev/benchmarks/macrobenchmarks/test_driver/path_tessellation_dynamic_perf_test.dart:6:8 • uri_does_not_exist
  error • Undefined name 'kPathTessellationRouteName' • flutter/dev/benchmarks/macrobenchmarks/test_driver/path_tessellation_dynamic_perf_test.dart:13:5 • undefined_identifier
  error • Undefined class 'FlutterDriver' • flutter/dev/benchmarks/macrobenchmarks/test_driver/path_tessellation_dynamic_perf_test.dart:16:16 • undefined_class
  error • Undefined class 'SerializableFinder' • flutter/dev/benchmarks/macrobenchmarks/test_driver/path_tessellation_dynamic_perf_test.dart:17:13 • undefined_class
  error • Undefined name 'find' • flutter/dev/benchmarks/macrobenchmarks/test_driver/path_tessellation_dynamic_perf_test.dart:17:48 • undefined_identifier
  error • Target of URI doesn't exist: 'package:flutter_driver/flutter_driver.dart' • flutter/dev/benchmarks/macrobenchmarks/test_driver/path_tessellation_static_perf_test.dart:5:8 • uri_does_not_exist
  error • Target of URI doesn't exist: 'package:macrobenchmarks/common.dart' • flutter/dev/benchmarks/macrobenchmarks/test_driver/path_tessellation_static_perf_test.dart:6:8 • uri_does_not_exist
  error • Undefined name 'kPathTessellationRouteName' • flutter/dev/benchmarks/macrobenchmarks/test_driver/path_tessellation_static_perf_test.dart:13:5 • undefined_identifier
  error • Undefined class 'FlutterDriver' • flutter/dev/benchmarks/macrobenchmarks/test_driver/path_tessellation_static_perf_test.dart:15:17 • undefined_class
  error • Undefined class 'SerializableFinder' • flutter/dev/benchmarks/macrobenchmarks/test_driver/path_tessellation_static_perf_test.dart:16:13 • undefined_class
  error • Undefined name 'find' • flutter/dev/benchmarks/macrobenchmarks/test_driver/path_tessellation_static_perf_test.dart:16:43 • undefined_identifier
  error • Target of URI doesn't exist: 'package:flutter_driver/flutter_driver.dart' • flutter/dev/benchmarks/macrobenchmarks/test_driver/picture_cache_complexity_scoring_perf_test.dart:5:8 • uri_does_not_exist
  error • Target of URI doesn't exist: 'package:macrobenchmarks/common.dart' • flutter/dev/benchmarks/macrobenchmarks/test_driver/picture_cache_complexity_scoring_perf_test.dart:6:8 • uri_does_not_exist
  error • Undefined name 'kPictureCacheComplexityScoringRouteName' • flutter/dev/benchmarks/macrobenchmarks/test_driver/picture_cache_complexity_scoring_perf_test.dart:13:5 • undefined_identifier
  error • Undefined class 'FlutterDriver' • flutter/dev/benchmarks/macrobenchmarks/test_driver/picture_cache_complexity_scoring_perf_test.dart:15:17 • undefined_class
  error • Undefined class 'SerializableFinder' • flutter/dev/benchmarks/macrobenchmarks/test_driver/picture_cache_complexity_scoring_perf_test.dart:16:13 • undefined_class
  error • Undefined name 'find' • flutter/dev/benchmarks/macrobenchmarks/test_driver/picture_cache_complexity_scoring_perf_test.dart:16:45 • undefined_identifier
  error • Target of URI doesn't exist: 'package:flutter_driver/flutter_driver.dart' • flutter/dev/benchmarks/macrobenchmarks/test_driver/picture_cache_perf_test.dart:5:8 • uri_does_not_exist
  error • Target of URI doesn't exist: 'package:macrobenchmarks/common.dart' • flutter/dev/benchmarks/macrobenchmarks/test_driver/picture_cache_perf_test.dart:6:8 • uri_does_not_exist
  error • Undefined name 'kPictureCacheRouteName' • flutter/dev/benchmarks/macrobenchmarks/test_driver/picture_cache_perf_test.dart:13:5 • undefined_identifier
  error • Undefined class 'FlutterDriver' • flutter/dev/benchmarks/macrobenchmarks/test_driver/picture_cache_perf_test.dart:15:17 • undefined_class
  error • Undefined class 'SerializableFinder' • flutter/dev/benchmarks/macrobenchmarks/test_driver/picture_cache_perf_test.dart:16:13 • undefined_class
  error • Undefined name 'find' • flutter/dev/benchmarks/macrobenchmarks/test_driver/picture_cache_perf_test.dart:16:45 • undefined_identifier
  error • Target of URI doesn't exist: 'package:flutter_driver/flutter_driver.dart' • flutter/dev/benchmarks/macrobenchmarks/test_driver/post_backdrop_filter_perf_test.dart:5:8 • uri_does_not_exist
  error • Target of URI doesn't exist: 'package:macrobenchmarks/common.dart' • flutter/dev/benchmarks/macrobenchmarks/test_driver/post_backdrop_filter_perf_test.dart:6:8 • uri_does_not_exist
  error • Undefined name 'kPostBackdropFilterRouteName' • flutter/dev/benchmarks/macrobenchmarks/test_driver/post_backdrop_filter_perf_test.dart:13:5 • undefined_identifier
  error • Undefined class 'FlutterDriver' • flutter/dev/benchmarks/macrobenchmarks/test_driver/post_backdrop_filter_perf_test.dart:16:16 • undefined_class
  error • Undefined class 'SerializableFinder' • flutter/dev/benchmarks/macrobenchmarks/test_driver/post_backdrop_filter_perf_test.dart:17:13 • undefined_class
  error • Undefined name 'find' • flutter/dev/benchmarks/macrobenchmarks/test_driver/post_backdrop_filter_perf_test.dart:17:57 • undefined_identifier
  error • Undefined class 'SerializableFinder' • flutter/dev/benchmarks/macrobenchmarks/test_driver/post_backdrop_filter_perf_test.dart:23:13 • undefined_class
  error • Undefined name 'find' • flutter/dev/benchmarks/macrobenchmarks/test_driver/post_backdrop_filter_perf_test.dart:23:48 • undefined_identifier
  error • Target of URI doesn't exist: 'package:macrobenchmarks/common.dart' • flutter/dev/benchmarks/macrobenchmarks/test_driver/rrect_blur_perf_test.dart:5:8 • uri_does_not_exist
  error • Undefined name 'kRRectBlurRouteName' • flutter/dev/benchmarks/macrobenchmarks/test_driver/rrect_blur_perf_test.dart:12:5 • undefined_identifier
  error • Target of URI doesn't exist: 'package:flutter_driver/driver_extension.dart' • flutter/dev/benchmarks/macrobenchmarks/test_driver/run_app.dart:5:8 • uri_does_not_exist
  error • Target of URI doesn't exist: 'package:macrobenchmarks/main.dart' • flutter/dev/benchmarks/macrobenchmarks/test_driver/run_app.dart:6:8 • uri_does_not_exist
  error • The function 'enableFlutterDriverExtension' isn't defined • flutter/dev/benchmarks/macrobenchmarks/test_driver/run_app.dart:9:3 • undefined_function
  error • Target of URI doesn't exist: 'package:macrobenchmarks/common.dart' • flutter/dev/benchmarks/macrobenchmarks/test_driver/simple_animation_perf_test.dart:5:8 • uri_does_not_exist
  error • Undefined name 'kSimpleAnimationRouteName' • flutter/dev/benchmarks/macrobenchmarks/test_driver/simple_animation_perf_test.dart:12:5 • undefined_identifier
  error • Target of URI doesn't exist: 'package:macrobenchmarks/common.dart' • flutter/dev/benchmarks/macrobenchmarks/test_driver/sliders_perf_test.dart:5:8 • uri_does_not_exist
  error • Undefined name 'kSlidersRouteName' • flutter/dev/benchmarks/macrobenchmarks/test_driver/sliders_perf_test.dart:12:5 • undefined_identifier
  error • Target of URI doesn't exist: 'package:flutter_driver/flutter_driver.dart' • flutter/dev/benchmarks/macrobenchmarks/test_driver/textfield_perf_test.dart:5:8 • uri_does_not_exist
  error • Target of URI doesn't exist: 'package:macrobenchmarks/common.dart' • flutter/dev/benchmarks/macrobenchmarks/test_driver/textfield_perf_test.dart:6:8 • uri_does_not_exist
  error • Undefined name 'kTextRouteName' • flutter/dev/benchmarks/macrobenchmarks/test_driver/textfield_perf_test.dart:13:5 • undefined_identifier
  error • Undefined class 'FlutterDriver' • flutter/dev/benchmarks/macrobenchmarks/test_driver/textfield_perf_test.dart:15:17 • undefined_class
  error • Undefined class 'SerializableFinder' • flutter/dev/benchmarks/macrobenchmarks/test_driver/textfield_perf_test.dart:16:13 • undefined_class
  error • Undefined name 'find' • flutter/dev/benchmarks/macrobenchmarks/test_driver/textfield_perf_test.dart:16:44 • undefined_identifier
  error • Target of URI doesn't exist: 'package:flutter_driver/flutter_driver.dart' • flutter/dev/benchmarks/macrobenchmarks/test_driver/util.dart:5:8 • uri_does_not_exist
  error • Target of URI doesn't exist: 'package:macrobenchmarks/common.dart' • flutter/dev/benchmarks/macrobenchmarks/test_driver/util.dart:6:8 • uri_does_not_exist
  error • Target of URI doesn't exist: 'package:test/test.dart' • flutter/dev/benchmarks/macrobenchmarks/test_driver/util.dart:7:8 • uri_does_not_exist
  error • Undefined class 'FlutterDriver' • flutter/dev/benchmarks/macrobenchmarks/test_driver/util.dart:9:52 • undefined_class
  error • Undefined class 'FlutterDriver' • flutter/dev/benchmarks/macrobenchmarks/test_driver/util.dart:12:9 • undefined_class
  error • Undefined name 'FlutterDriver' • flutter/dev/benchmarks/macrobenchmarks/test_driver/util.dart:12:38 • undefined_identifier
  error • Undefined class 'SerializableFinder' • flutter/dev/benchmarks/macrobenchmarks/test_driver/util.dart:22:9 • undefined_class
  error • Undefined name 'find' • flutter/dev/benchmarks/macrobenchmarks/test_driver/util.dart:22:41 • undefined_identifier
  error • Undefined name 'kScrollableName' • flutter/dev/benchmarks/macrobenchmarks/test_driver/util.dart:22:57 • undefined_identifier
  error • The function 'expect' isn't defined • flutter/dev/benchmarks/macrobenchmarks/test_driver/util.dart:23:3 • undefined_function
  error • Undefined name 'isNotNull' • flutter/dev/benchmarks/macrobenchmarks/test_driver/util.dart:23:22 • undefined_identifier
  error • Undefined class 'SerializableFinder' • flutter/dev/benchmarks/macrobenchmarks/test_driver/util.dart:24:9 • undefined_class
  error • Undefined name 'find' • flutter/dev/benchmarks/macrobenchmarks/test_driver/util.dart:24:37 • undefined_identifier
  error • The function 'expect' isn't defined • flutter/dev/benchmarks/macrobenchmarks/test_driver/util.dart:25:3 • undefined_function
  error • Undefined name 'isNotNull' • flutter/dev/benchmarks/macrobenchmarks/test_driver/util.dart:25:18 • undefined_identifier
  error • Undefined class 'FlutterDriver' • flutter/dev/benchmarks/macrobenchmarks/test_driver/util.dart:43:25 • undefined_class
  error • Undefined class 'FlutterDriver' • flutter/dev/benchmarks/macrobenchmarks/test_driver/util.dart:44:25 • undefined_class
  error • The function 'test' isn't defined • flutter/dev/benchmarks/macrobenchmarks/test_driver/util.dart:46:3 • undefined_function
  error • Undefined class 'Timeline' • flutter/dev/benchmarks/macrobenchmarks/test_driver/util.dart:47:10 • undefined_class
  error • Undefined class 'FlutterDriver' • flutter/dev/benchmarks/macrobenchmarks/test_driver/util.dart:48:45 • undefined_class
  error • The function 'expect' isn't defined • flutter/dev/benchmarks/macrobenchmarks/test_driver/util.dart:67:5 • undefined_function
  error • Undefined name 'isNotNull' • flutter/dev/benchmarks/macrobenchmarks/test_driver/util.dart:67:22 • undefined_identifier
  error • Undefined class 'TimelineSummary' • flutter/dev/benchmarks/macrobenchmarks/test_driver/util.dart:69:11 • undefined_class
  error • Undefined name 'TimelineSummary' • flutter/dev/benchmarks/macrobenchmarks/test_driver/util.dart:69:37 • undefined_identifier
  error • Undefined name 'Timeout' • flutter/dev/benchmarks/macrobenchmarks/test_driver/util.dart:71:15 • undefined_identifier
  error • Target of URI doesn't exist: 'package:macrobenchmarks/common.dart' • flutter/dev/benchmarks/macrobenchmarks/test_memory/heavy_gridview.dart:8:8 • uri_does_not_exist
  error • Target of URI doesn't exist: 'package:macrobenchmarks/main.dart' • flutter/dev/benchmarks/macrobenchmarks/test_memory/heavy_gridview.dart:9:8 • uri_does_not_exist
  error • The name 'MacrobenchmarksApp' isn't a class • flutter/dev/benchmarks/macrobenchmarks/test_memory/heavy_gridview.dart:18:16 • creation_with_non_type
  error • Undefined name 'kHeavyGridViewRouteName' • flutter/dev/benchmarks/macrobenchmarks/test_memory/heavy_gridview.dart:18:49 • undefined_identifier
  error • Target of URI doesn't exist: 'package:macrobenchmarks/common.dart' • flutter/dev/benchmarks/macrobenchmarks/test_memory/large_images.dart:8:8 • uri_does_not_exist
  error • Target of URI doesn't exist: 'package:macrobenchmarks/main.dart' • flutter/dev/benchmarks/macrobenchmarks/test_memory/large_images.dart:9:8 • uri_does_not_exist
  error • The name 'MacrobenchmarksApp' isn't a class • flutter/dev/benchmarks/macrobenchmarks/test_memory/large_images.dart:18:16 • creation_with_non_type
  error • Undefined name 'kLargeImagesRouteName' • flutter/dev/benchmarks/macrobenchmarks/test_memory/large_images.dart:18:49 • undefined_identifier
warning • Unused import: 'package:flutter/material.dart' • flutter/dev/benchmarks/microbenchmarks/lib/benchmark_collection.dart:9:8 • unused_import
warning • Unused import: 'package:flutter/scheduler.dart' • flutter/dev/benchmarks/microbenchmarks/lib/benchmark_collection.dart:10:8 • unused_import
warning • Unused import: 'foundation/all_elements_bench.dart' • flutter/dev/benchmarks/microbenchmarks/lib/benchmark_collection.dart:14:8 • unused_import
warning • Unused import: 'foundation/change_notifier_bench.dart' • flutter/dev/benchmarks/microbenchmarks/lib/benchmark_collection.dart:15:8 • unused_import
warning • Unused import: 'foundation/clamp.dart' • flutter/dev/benchmarks/microbenchmarks/lib/benchmark_collection.dart:16:8 • unused_import
warning • Unused import: 'foundation/decode_and_parse_asset_manifest.dart' • flutter/dev/benchmarks/microbenchmarks/lib/benchmark_collection.dart:17:8 • unused_import
warning • Unused import: 'foundation/observer_list_bench.dart' • flutter/dev/benchmarks/microbenchmarks/lib/benchmark_collection.dart:18:8 • unused_import
warning • Unused import: 'foundation/platform_asset_bundle.dart' • flutter/dev/benchmarks/microbenchmarks/lib/benchmark_collection.dart:19:8 • unused_import
warning • Unused import: 'foundation/standard_message_codec_bench.dart' • flutter/dev/benchmarks/microbenchmarks/lib/benchmark_collection.dart:20:8 • unused_import
warning • Unused import: 'foundation/standard_method_codec_bench.dart' • flutter/dev/benchmarks/microbenchmarks/lib/benchmark_collection.dart:21:8 • unused_import
warning • Unused import: 'foundation/timeline_bench.dart' • flutter/dev/benchmarks/microbenchmarks/lib/benchmark_collection.dart:22:8 • unused_import
warning • Unused import: 'geometry/matrix_utils_transform_bench.dart' • flutter/dev/benchmarks/microbenchmarks/lib/benchmark_collection.dart:23:8 • unused_import
warning • Unused import: 'geometry/rrect_contains_bench.dart' • flutter/dev/benchmarks/microbenchmarks/lib/benchmark_collection.dart:24:8 • unused_import
warning • Unused import: 'gestures/gesture_detector_bench.dart' • flutter/dev/benchmarks/microbenchmarks/lib/benchmark_collection.dart:25:8 • unused_import
warning • Unused import: 'gestures/velocity_tracker_bench.dart' • flutter/dev/benchmarks/microbenchmarks/lib/benchmark_collection.dart:26:8 • unused_import
warning • Unused import: 'language/compute_bench.dart' • flutter/dev/benchmarks/microbenchmarks/lib/benchmark_collection.dart:27:8 • unused_import
warning • Unused import: 'language/sync_star_bench.dart' • flutter/dev/benchmarks/microbenchmarks/lib/benchmark_collection.dart:28:8 • unused_import
warning • Unused import: 'language/sync_star_semantics_bench.dart' • flutter/dev/benchmarks/microbenchmarks/lib/benchmark_collection.dart:29:8 • unused_import
warning • Unused import: 'layout/text_intrinsic_bench.dart' • flutter/dev/benchmarks/microbenchmarks/lib/benchmark_collection.dart:30:8 • unused_import
warning • Unused import: 'stocks/animation_bench.dart' • flutter/dev/benchmarks/microbenchmarks/lib/benchmark_collection.dart:31:8 • unused_import
warning • Unused import: 'stocks/build_bench.dart' • flutter/dev/benchmarks/microbenchmarks/lib/benchmark_collection.dart:32:8 • unused_import
warning • Unused import: 'stocks/build_bench_profiled.dart' • flutter/dev/benchmarks/microbenchmarks/lib/benchmark_collection.dart:33:8 • unused_import
warning • Unused import: 'stocks/layout_bench.dart' • flutter/dev/benchmarks/microbenchmarks/lib/benchmark_collection.dart:34:8 • unused_import
warning • Unused import: 'ui/image_bench.dart' • flutter/dev/benchmarks/microbenchmarks/lib/benchmark_collection.dart:35:8 • unused_import
  error • This requires the 'records' language feature to be enabled • flutter/dev/benchmarks/microbenchmarks/lib/benchmark_collection.dart:37:21 • experiment_not_enabled
   info • Unnecessary use of parentheses • flutter/dev/benchmarks/microbenchmarks/lib/benchmark_collection.dart:47:5 • unnecessary_parenthesis
  error • This requires the 'records' language feature to be enabled • flutter/dev/benchmarks/microbenchmarks/lib/benchmark_collection.dart:47:5 • experiment_not_enabled
   info • Unnecessary use of parentheses • flutter/dev/benchmarks/microbenchmarks/lib/benchmark_collection.dart:48:5 • unnecessary_parenthesis
  error • This requires the 'records' language feature to be enabled • flutter/dev/benchmarks/microbenchmarks/lib/benchmark_collection.dart:48:5 • experiment_not_enabled
   info • Unnecessary use of parentheses • flutter/dev/benchmarks/microbenchmarks/lib/benchmark_collection.dart:49:5 • unnecessary_parenthesis
  error • This requires the 'records' language feature to be enabled • flutter/dev/benchmarks/microbenchmarks/lib/benchmark_collection.dart:49:5 • experiment_not_enabled
   info • Unnecessary use of parentheses • flutter/dev/benchmarks/microbenchmarks/lib/benchmark_collection.dart:50:5 • unnecessary_parenthesis
  error • This requires the 'records' language feature to be enabled • flutter/dev/benchmarks/microbenchmarks/lib/benchmark_collection.dart:50:5 • experiment_not_enabled
   info • Unnecessary use of parentheses • flutter/dev/benchmarks/microbenchmarks/lib/benchmark_collection.dart:51:5 • unnecessary_parenthesis
  error • This requires the 'records' language feature to be enabled • flutter/dev/benchmarks/microbenchmarks/lib/benchmark_collection.dart:51:5 • experiment_not_enabled
   info • Unnecessary use of parentheses • flutter/dev/benchmarks/microbenchmarks/lib/benchmark_collection.dart:52:5 • unnecessary_parenthesis
  error • This requires the 'records' language feature to be enabled • flutter/dev/benchmarks/microbenchmarks/lib/benchmark_collection.dart:52:5 • experiment_not_enabled
   info • Unnecessary use of parentheses • flutter/dev/benchmarks/microbenchmarks/lib/benchmark_collection.dart:53:5 • unnecessary_parenthesis
  error • This requires the 'records' language feature to be enabled • flutter/dev/benchmarks/microbenchmarks/lib/benchmark_collection.dart:53:5 • experiment_not_enabled
   info • Unnecessary use of parentheses • flutter/dev/benchmarks/microbenchmarks/lib/benchmark_collection.dart:54:5 • unnecessary_parenthesis
  error • This requires the 'records' language feature to be enabled • flutter/dev/benchmarks/microbenchmarks/lib/benchmark_collection.dart:54:5 • experiment_not_enabled
   info • Unnecessary use of parentheses • flutter/dev/benchmarks/microbenchmarks/lib/benchmark_collection.dart:55:5 • unnecessary_parenthesis
  error • This requires the 'records' language feature to be enabled • flutter/dev/benchmarks/microbenchmarks/lib/benchmark_collection.dart:55:5 • experiment_not_enabled
   info • Unnecessary use of parentheses • flutter/dev/benchmarks/microbenchmarks/lib/benchmark_collection.dart:56:5 • unnecessary_parenthesis
  error • This requires the 'records' language feature to be enabled • flutter/dev/benchmarks/microbenchmarks/lib/benchmark_collection.dart:56:5 • experiment_not_enabled
   info • Unnecessary use of parentheses • flutter/dev/benchmarks/microbenchmarks/lib/benchmark_collection.dart:57:5 • unnecessary_parenthesis
  error • This requires the 'records' language feature to be enabled • flutter/dev/benchmarks/microbenchmarks/lib/benchmark_collection.dart:57:5 • experiment_not_enabled
   info • Unnecessary use of parentheses • flutter/dev/benchmarks/microbenchmarks/lib/benchmark_collection.dart:58:5 • unnecessary_parenthesis
  error • This requires the 'records' language feature to be enabled • flutter/dev/benchmarks/microbenchmarks/lib/benchmark_collection.dart:58:5 • experiment_not_enabled
   info • Unnecessary use of parentheses • flutter/dev/benchmarks/microbenchmarks/lib/benchmark_collection.dart:59:5 • unnecessary_parenthesis
  error • This requires the 'records' language feature to be enabled • flutter/dev/benchmarks/microbenchmarks/lib/benchmark_collection.dart:59:5 • experiment_not_enabled
   info • Unnecessary use of parentheses • flutter/dev/benchmarks/microbenchmarks/lib/benchmark_collection.dart:60:5 • unnecessary_parenthesis
  error • This requires the 'records' language feature to be enabled • flutter/dev/benchmarks/microbenchmarks/lib/benchmark_collection.dart:60:5 • experiment_not_enabled
   info • Unnecessary use of parentheses • flutter/dev/benchmarks/microbenchmarks/lib/benchmark_collection.dart:61:5 • unnecessary_parenthesis
  error • This requires the 'records' language feature to be enabled • flutter/dev/benchmarks/microbenchmarks/lib/benchmark_collection.dart:61:5 • experiment_not_enabled
   info • Unnecessary use of parentheses • flutter/dev/benchmarks/microbenchmarks/lib/benchmark_collection.dart:62:5 • unnecessary_parenthesis
  error • This requires the 'records' language feature to be enabled • flutter/dev/benchmarks/microbenchmarks/lib/benchmark_collection.dart:62:5 • experiment_not_enabled
   info • Unnecessary use of parentheses • flutter/dev/benchmarks/microbenchmarks/lib/benchmark_collection.dart:63:5 • unnecessary_parenthesis
  error • This requires the 'records' language feature to be enabled • flutter/dev/benchmarks/microbenchmarks/lib/benchmark_collection.dart:63:5 • experiment_not_enabled
   info • Unnecessary use of parentheses • flutter/dev/benchmarks/microbenchmarks/lib/benchmark_collection.dart:64:5 • unnecessary_parenthesis
  error • This requires the 'records' language feature to be enabled • flutter/dev/benchmarks/microbenchmarks/lib/benchmark_collection.dart:64:5 • experiment_not_enabled
   info • Unnecessary use of parentheses • flutter/dev/benchmarks/microbenchmarks/lib/benchmark_collection.dart:65:5 • unnecessary_parenthesis
  error • This requires the 'records' language feature to be enabled • flutter/dev/benchmarks/microbenchmarks/lib/benchmark_collection.dart:65:5 • experiment_not_enabled
   info • Unnecessary use of parentheses • flutter/dev/benchmarks/microbenchmarks/lib/benchmark_collection.dart:66:5 • unnecessary_parenthesis
  error • This requires the 'records' language feature to be enabled • flutter/dev/benchmarks/microbenchmarks/lib/benchmark_collection.dart:66:5 • experiment_not_enabled
   info • Unnecessary use of parentheses • flutter/dev/benchmarks/microbenchmarks/lib/benchmark_collection.dart:67:5 • unnecessary_parenthesis
  error • This requires the 'records' language feature to be enabled • flutter/dev/benchmarks/microbenchmarks/lib/benchmark_collection.dart:67:5 • experiment_not_enabled
   info • Unnecessary use of parentheses • flutter/dev/benchmarks/microbenchmarks/lib/benchmark_collection.dart:68:5 • unnecessary_parenthesis
  error • This requires the 'records' language feature to be enabled • flutter/dev/benchmarks/microbenchmarks/lib/benchmark_collection.dart:68:5 • experiment_not_enabled
warning • The declaration 'miss' isn't referenced • flutter/dev/benchmarks/microbenchmarks/lib/foundation/observer_list_bench.dart:35:10 • unused_element
  error • Expected an identifier • flutter/dev/benchmarks/microbenchmarks/lib/foundation/observer_list_bench.dart:42:26 • missing_identifier
  error • Expected to find ')' • flutter/dev/benchmarks/microbenchmarks/lib/foundation/observer_list_bench.dart:42:26 • expected_token
  error • Target of URI doesn't exist: 'package:stocks/main.dart' • flutter/dev/benchmarks/microbenchmarks/lib/stocks/animation_bench.dart:7:8 • uri_does_not_exist
  error • Target of URI doesn't exist: 'package:stocks/stock_data.dart' • flutter/dev/benchmarks/microbenchmarks/lib/stocks/animation_bench.dart:8:8 • uri_does_not_exist
  error • Target of URI doesn't exist: 'package:stocks/main.dart' • flutter/dev/benchmarks/microbenchmarks/lib/stocks/build_bench.dart:7:8 • uri_does_not_exist
  error • Target of URI doesn't exist: 'package:stocks/stock_data.dart' • flutter/dev/benchmarks/microbenchmarks/lib/stocks/build_bench.dart:8:8 • uri_does_not_exist
  error • Target of URI doesn't exist: 'package:stocks/main.dart' • flutter/dev/benchmarks/microbenchmarks/lib/stocks/layout_bench.dart:8:8 • uri_does_not_exist
  error • Target of URI doesn't exist: 'package:stocks/stock_data.dart' • flutter/dev/benchmarks/microbenchmarks/lib/stocks/layout_bench.dart:9:8 • uri_does_not_exist
  error • Target of URI doesn't exist: 'package:google_fonts/google_fonts.dart' • flutter/dev/benchmarks/multiple_flutters/module/lib/main.dart:7:8 • uri_does_not_exist
  error • Undefined name 'GoogleFonts' • flutter/dev/benchmarks/multiple_flutters/module/lib/main.dart:93:74 • undefined_identifier
  error • Target of URI doesn't exist: 'package:microbenchmarks/common.dart' • flutter/dev/benchmarks/platform_channels_benchmarks/lib/main.dart:11:8 • uri_does_not_exist
  error • Expected an identifier • flutter/dev/benchmarks/platform_channels_benchmarks/lib/main.dart:16:7 • missing_identifier
  error • Expected to find ']' • flutter/dev/benchmarks/platform_channels_benchmarks/lib/main.dart:16:7 • expected_token
  error • Undefined class 'BenchmarkResultPrinter' • flutter/dev/benchmarks/platform_channels_benchmarks/lib/main.dart:127:12 • undefined_class
  error • Undefined class 'BenchmarkResultPrinter' • flutter/dev/benchmarks/platform_channels_benchmarks/lib/main.dart:171:9 • undefined_class
  error • The function 'BenchmarkResultPrinter' isn't defined • flutter/dev/benchmarks/platform_channels_benchmarks/lib/main.dart:171:42 • undefined_function
  error • Target of URI doesn't exist: 'package:google_mobile_ads/google_mobile_ads.dart' • flutter/dev/benchmarks/platform_views_layout/lib/main_ad_banners.dart:8:8 • uri_does_not_exist
  error • Undefined class 'AdWidget' • flutter/dev/benchmarks/platform_views_layout/lib/main_ad_banners.dart:22:3 • undefined_class
  error • Undefined class 'BannerAd' • flutter/dev/benchmarks/platform_views_layout/lib/main_ad_banners.dart:29:11 • undefined_class
  error • The method 'BannerAd' isn't defined for the type 'PlatformViewAppState' • flutter/dev/benchmarks/platform_views_layout/lib/main_ad_banners.dart:29:31 • undefined_method
  error • The name 'AdRequest' isn't a class • flutter/dev/benchmarks/platform_views_layout/lib/main_ad_banners.dart:31:22 • creation_with_non_type
  error • Undefined name 'AdSize' • flutter/dev/benchmarks/platform_views_layout/lib/main_ad_banners.dart:32:13 • undefined_identifier
  error • The name 'BannerAdListener' isn't a class • flutter/dev/benchmarks/platform_views_layout/lib/main_ad_banners.dart:33:23 • creation_with_non_type
  error • The method 'AdWidget' isn't defined for the type 'PlatformViewAppState' • flutter/dev/benchmarks/platform_views_layout/lib/main_ad_banners.dart:36:12 • undefined_method
  error • Target of URI doesn't exist: 'package:google_mobile_ads/google_mobile_ads.dart' • flutter/dev/benchmarks/platform_views_layout/lib/main_bottom_ad_banner.dart:8:8 • uri_does_not_exist
  error • Undefined class 'BannerAd' • flutter/dev/benchmarks/platform_views_layout/lib/main_bottom_ad_banner.dart:29:11 • undefined_class
  error • The method 'BannerAd' isn't defined for the type 'PlatformViewAppState' • flutter/dev/benchmarks/platform_views_layout/lib/main_bottom_ad_banner.dart:29:31 • undefined_method
  error • The name 'AdRequest' isn't a class • flutter/dev/benchmarks/platform_views_layout/lib/main_bottom_ad_banner.dart:31:22 • creation_with_non_type
  error • Undefined name 'AdSize' • flutter/dev/benchmarks/platform_views_layout/lib/main_bottom_ad_banner.dart:32:13 • undefined_identifier
  error • The name 'BannerAdListener' isn't a class • flutter/dev/benchmarks/platform_views_layout/lib/main_bottom_ad_banner.dart:33:23 • creation_with_non_type
  error • The method 'AdWidget' isn't defined for the type 'PlatformViewAppState' • flutter/dev/benchmarks/platform_views_layout/lib/main_bottom_ad_banner.dart:39:54 • undefined_method
  error • This requires the 'class-modifiers' language feature to be enabled • flutter/dev/benchmarks/platform_views_layout/lib/main_hcpp.dart:54:1 • experiment_not_enabled
  error • Target of URI doesn't exist: 'package:flutter_driver/driver_extension.dart' • flutter/dev/benchmarks/platform_views_layout/test_driver/android_view_scroll_perf.dart:6:8 • uri_does_not_exist
  error • Target of URI doesn't exist: 'package:platform_views_layout/main.dart' • flutter/dev/benchmarks/platform_views_layout/test_driver/android_view_scroll_perf.dart:8:8 • uri_does_not_exist
  error • The function 'enableFlutterDriverExtension' isn't defined • flutter/dev/benchmarks/platform_views_layout/test_driver/android_view_scroll_perf.dart:11:3 • undefined_function
  error • Target of URI doesn't exist: 'package:flutter_driver/flutter_driver.dart' • flutter/dev/benchmarks/platform_views_layout/test_driver/scroll_perf_ad_banners_test.dart:5:8 • uri_does_not_exist
  error • Target of URI doesn't exist: 'package:test/test.dart' • flutter/dev/benchmarks/platform_views_layout/test_driver/scroll_perf_ad_banners_test.dart:6:8 • uri_does_not_exist
  error • The function 'group' isn't defined • flutter/dev/benchmarks/platform_views_layout/test_driver/scroll_perf_ad_banners_test.dart:9:3 • undefined_function
  error • Undefined class 'FlutterDriver' • flutter/dev/benchmarks/platform_views_layout/test_driver/scroll_perf_ad_banners_test.dart:10:10 • undefined_class
  error • The function 'setUpAll' isn't defined • flutter/dev/benchmarks/platform_views_layout/test_driver/scroll_perf_ad_banners_test.dart:12:5 • undefined_function
  error • Undefined name 'FlutterDriver' • flutter/dev/benchmarks/platform_views_layout/test_driver/scroll_perf_ad_banners_test.dart:13:22 • undefined_identifier
  error • The function 'tearDownAll' isn't defined • flutter/dev/benchmarks/platform_views_layout/test_driver/scroll_perf_ad_banners_test.dart:18:5 • undefined_function
  error • Undefined class 'Timeline' • flutter/dev/benchmarks/platform_views_layout/test_driver/scroll_perf_ad_banners_test.dart:29:13 • undefined_class
  error • Undefined class 'SerializableFinder' • flutter/dev/benchmarks/platform_views_layout/test_driver/scroll_perf_ad_banners_test.dart:31:15 • undefined_class
  error • Undefined name 'find' • flutter/dev/benchmarks/platform_views_layout/test_driver/scroll_perf_ad_banners_test.dart:31:41 • undefined_identifier
  error • Undefined class 'TimelineSummary' • flutter/dev/benchmarks/platform_views_layout/test_driver/scroll_perf_ad_banners_test.dart:48:13 • undefined_class
  error • Undefined name 'TimelineSummary' • flutter/dev/benchmarks/platform_views_layout/test_driver/scroll_perf_ad_banners_test.dart:48:39 • undefined_identifier
  error • The function 'test' isn't defined • flutter/dev/benchmarks/platform_views_layout/test_driver/scroll_perf_ad_banners_test.dart:52:5 • undefined_function
  error • Undefined name 'Timeout' • flutter/dev/benchmarks/platform_views_layout/test_driver/scroll_perf_ad_banners_test.dart:57:17 • undefined_identifier
  error • Target of URI doesn't exist: 'package:flutter_driver/flutter_driver.dart' • flutter/dev/benchmarks/platform_views_layout/test_driver/scroll_perf_bottom_ad_banner_test.dart:5:8 • uri_does_not_exist
  error • Target of URI doesn't exist: 'package:test/test.dart' • flutter/dev/benchmarks/platform_views_layout/test_driver/scroll_perf_bottom_ad_banner_test.dart:6:8 • uri_does_not_exist
  error • The function 'group' isn't defined • flutter/dev/benchmarks/platform_views_layout/test_driver/scroll_perf_bottom_ad_banner_test.dart:9:3 • undefined_function
  error • Undefined class 'FlutterDriver' • flutter/dev/benchmarks/platform_views_layout/test_driver/scroll_perf_bottom_ad_banner_test.dart:10:10 • undefined_class
  error • The function 'setUpAll' isn't defined • flutter/dev/benchmarks/platform_views_layout/test_driver/scroll_perf_bottom_ad_banner_test.dart:12:5 • undefined_function
  error • Undefined name 'FlutterDriver' • flutter/dev/benchmarks/platform_views_layout/test_driver/scroll_perf_bottom_ad_banner_test.dart:13:22 • undefined_identifier
  error • The function 'tearDownAll' isn't defined • flutter/dev/benchmarks/platform_views_layout/test_driver/scroll_perf_bottom_ad_banner_test.dart:18:5 • undefined_function
  error • Undefined class 'Timeline' • flutter/dev/benchmarks/platform_views_layout/test_driver/scroll_perf_bottom_ad_banner_test.dart:29:13 • undefined_class
  error • Undefined class 'SerializableFinder' • flutter/dev/benchmarks/platform_views_layout/test_driver/scroll_perf_bottom_ad_banner_test.dart:31:15 • undefined_class
  error • Undefined name 'find' • flutter/dev/benchmarks/platform_views_layout/test_driver/scroll_perf_bottom_ad_banner_test.dart:31:41 • undefined_identifier
  error • Undefined class 'TimelineSummary' • flutter/dev/benchmarks/platform_views_layout/test_driver/scroll_perf_bottom_ad_banner_test.dart:48:13 • undefined_class
  error • Undefined name 'TimelineSummary' • flutter/dev/benchmarks/platform_views_layout/test_driver/scroll_perf_bottom_ad_banner_test.dart:48:39 • undefined_identifier
  error • The function 'test' isn't defined • flutter/dev/benchmarks/platform_views_layout/test_driver/scroll_perf_bottom_ad_banner_test.dart:52:5 • undefined_function
  error • Undefined name 'Timeout' • flutter/dev/benchmarks/platform_views_layout/test_driver/scroll_perf_bottom_ad_banner_test.dart:60:17 • undefined_identifier
  error • Target of URI doesn't exist: 'package:flutter_driver/driver_extension.dart' • flutter/dev/benchmarks/platform_views_layout/test_driver/scroll_perf_hcpp.dart:6:8 • uri_does_not_exist
  error • Target of URI doesn't exist: 'package:platform_views_layout/main_hcpp.dart' • flutter/dev/benchmarks/platform_views_layout/test_driver/scroll_perf_hcpp.dart:8:8 • uri_does_not_exist
  error • The function 'enableFlutterDriverExtension' isn't defined • flutter/dev/benchmarks/platform_views_layout/test_driver/scroll_perf_hcpp.dart:11:3 • undefined_function
  error • Target of URI doesn't exist: 'package:flutter_driver/flutter_driver.dart' • flutter/dev/benchmarks/platform_views_layout/test_driver/scroll_perf_hcpp_test.dart:5:8 • uri_does_not_exist
  error • Target of URI doesn't exist: 'package:test/test.dart' • flutter/dev/benchmarks/platform_views_layout/test_driver/scroll_perf_hcpp_test.dart:6:8 • uri_does_not_exist
  error • The function 'group' isn't defined • flutter/dev/benchmarks/platform_views_layout/test_driver/scroll_perf_hcpp_test.dart:9:3 • undefined_function
  error • Undefined class 'FlutterDriver' • flutter/dev/benchmarks/platform_views_layout/test_driver/scroll_perf_hcpp_test.dart:10:10 • undefined_class
  error • The function 'setUpAll' isn't defined • flutter/dev/benchmarks/platform_views_layout/test_driver/scroll_perf_hcpp_test.dart:12:5 • undefined_function
  error • Undefined name 'FlutterDriver' • flutter/dev/benchmarks/platform_views_layout/test_driver/scroll_perf_hcpp_test.dart:13:22 • undefined_identifier
  error • The function 'tearDownAll' isn't defined • flutter/dev/benchmarks/platform_views_layout/test_driver/scroll_perf_hcpp_test.dart:18:5 • undefined_function
  error • Undefined class 'Timeline' • flutter/dev/benchmarks/platform_views_layout/test_driver/scroll_perf_hcpp_test.dart:31:13 • undefined_class
  error • Undefined class 'SerializableFinder' • flutter/dev/benchmarks/platform_views_layout/test_driver/scroll_perf_hcpp_test.dart:33:15 • undefined_class
  error • Undefined name 'find' • flutter/dev/benchmarks/platform_views_layout/test_driver/scroll_perf_hcpp_test.dart:33:41 • undefined_identifier
  error • Undefined class 'TimelineSummary' • flutter/dev/benchmarks/platform_views_layout/test_driver/scroll_perf_hcpp_test.dart:50:13 • undefined_class
  error • Undefined name 'TimelineSummary' • flutter/dev/benchmarks/platform_views_layout/test_driver/scroll_perf_hcpp_test.dart:50:39 • undefined_identifier
  error • The function 'test' isn't defined • flutter/dev/benchmarks/platform_views_layout/test_driver/scroll_perf_hcpp_test.dart:54:5 • undefined_function
  error • Undefined name 'Timeout' • flutter/dev/benchmarks/platform_views_layout/test_driver/scroll_perf_hcpp_test.dart:59:17 • undefined_identifier
  error • Target of URI doesn't exist: 'package:flutter_driver/flutter_driver.dart' • flutter/dev/benchmarks/platform_views_layout/test_driver/scroll_perf_non_intersecting_test.dart:5:8 • uri_does_not_exist
  error • Target of URI doesn't exist: 'package:test/test.dart' • flutter/dev/benchmarks/platform_views_layout/test_driver/scroll_perf_non_intersecting_test.dart:6:8 • uri_does_not_exist
  error • The function 'group' isn't defined • flutter/dev/benchmarks/platform_views_layout/test_driver/scroll_perf_non_intersecting_test.dart:9:3 • undefined_function
  error • Undefined class 'FlutterDriver' • flutter/dev/benchmarks/platform_views_layout/test_driver/scroll_perf_non_intersecting_test.dart:10:10 • undefined_class
  error • The function 'setUpAll' isn't defined • flutter/dev/benchmarks/platform_views_layout/test_driver/scroll_perf_non_intersecting_test.dart:12:5 • undefined_function
  error • Undefined name 'FlutterDriver' • flutter/dev/benchmarks/platform_views_layout/test_driver/scroll_perf_non_intersecting_test.dart:13:22 • undefined_identifier
  error • The function 'tearDownAll' isn't defined • flutter/dev/benchmarks/platform_views_layout/test_driver/scroll_perf_non_intersecting_test.dart:18:5 • undefined_function
  error • Undefined class 'Timeline' • flutter/dev/benchmarks/platform_views_layout/test_driver/scroll_perf_non_intersecting_test.dart:31:13 • undefined_class
  error • Undefined class 'SerializableFinder' • flutter/dev/benchmarks/platform_views_layout/test_driver/scroll_perf_non_intersecting_test.dart:33:15 • undefined_class
  error • Undefined name 'find' • flutter/dev/benchmarks/platform_views_layout/test_driver/scroll_perf_non_intersecting_test.dart:33:41 • undefined_identifier
  error • Undefined class 'TimelineSummary' • flutter/dev/benchmarks/platform_views_layout/test_driver/scroll_perf_non_intersecting_test.dart:50:13 • undefined_class
  error • Undefined name 'TimelineSummary' • flutter/dev/benchmarks/platform_views_layout/test_driver/scroll_perf_non_intersecting_test.dart:50:39 • undefined_identifier
  error • The function 'test' isn't defined • flutter/dev/benchmarks/platform_views_layout/test_driver/scroll_perf_non_intersecting_test.dart:54:5 • undefined_function
  error • Undefined name 'Timeout' • flutter/dev/benchmarks/platform_views_layout/test_driver/scroll_perf_non_intersecting_test.dart:62:17 • undefined_identifier
  error • Target of URI doesn't exist: 'package:flutter_driver/flutter_driver.dart' • flutter/dev/benchmarks/platform_views_layout/test_driver/scroll_perf_test.dart:5:8 • uri_does_not_exist
  error • Target of URI doesn't exist: 'package:test/test.dart' • flutter/dev/benchmarks/platform_views_layout/test_driver/scroll_perf_test.dart:6:8 • uri_does_not_exist
  error • The function 'group' isn't defined • flutter/dev/benchmarks/platform_views_layout/test_driver/scroll_perf_test.dart:9:3 • undefined_function
  error • Undefined class 'FlutterDriver' • flutter/dev/benchmarks/platform_views_layout/test_driver/scroll_perf_test.dart:10:10 • undefined_class
  error • The function 'setUpAll' isn't defined • flutter/dev/benchmarks/platform_views_layout/test_driver/scroll_perf_test.dart:12:5 • undefined_function
  error • Undefined name 'FlutterDriver' • flutter/dev/benchmarks/platform_views_layout/test_driver/scroll_perf_test.dart:13:22 • undefined_identifier
  error • The function 'tearDownAll' isn't defined • flutter/dev/benchmarks/platform_views_layout/test_driver/scroll_perf_test.dart:18:5 • undefined_function
  error • Undefined class 'Timeline' • flutter/dev/benchmarks/platform_views_layout/test_driver/scroll_perf_test.dart:31:13 • undefined_class
  error • Undefined class 'SerializableFinder' • flutter/dev/benchmarks/platform_views_layout/test_driver/scroll_perf_test.dart:33:15 • undefined_class
  error • Undefined name 'find' • flutter/dev/benchmarks/platform_views_layout/test_driver/scroll_perf_test.dart:33:41 • undefined_identifier
  error • Undefined class 'TimelineSummary' • flutter/dev/benchmarks/platform_views_layout/test_driver/scroll_perf_test.dart:50:13 • undefined_class
  error • Undefined name 'TimelineSummary' • flutter/dev/benchmarks/platform_views_layout/test_driver/scroll_perf_test.dart:50:39 • undefined_identifier
  error • The function 'test' isn't defined • flutter/dev/benchmarks/platform_views_layout/test_driver/scroll_perf_test.dart:54:5 • undefined_function
  error • Undefined name 'Timeout' • flutter/dev/benchmarks/platform_views_layout/test_driver/scroll_perf_test.dart:59:17 • undefined_identifier
  error • Target of URI doesn't exist: 'package:flutter_driver/driver_extension.dart' • flutter/dev/benchmarks/platform_views_layout/test_driver/uikit_view_scroll_perf.dart:6:8 • uri_does_not_exist
  error • Target of URI doesn't exist: 'package:platform_views_layout/main.dart' • flutter/dev/benchmarks/platform_views_layout/test_driver/uikit_view_scroll_perf.dart:8:8 • uri_does_not_exist
  error • The function 'enableFlutterDriverExtension' isn't defined • flutter/dev/benchmarks/platform_views_layout/test_driver/uikit_view_scroll_perf.dart:11:3 • undefined_function
  error • Target of URI doesn't exist: 'package:flutter_driver/driver_extension.dart' • flutter/dev/benchmarks/platform_views_layout/test_driver/uikit_view_scroll_perf_ad_banners.dart:6:8 • uri_does_not_exist
  error • Target of URI doesn't exist: 'package:platform_views_layout/main_ad_banners.dart' • flutter/dev/benchmarks/platform_views_layout/test_driver/uikit_view_scroll_perf_ad_banners.dart:8:8 • uri_does_not_exist
  error • The function 'enableFlutterDriverExtension' isn't defined • flutter/dev/benchmarks/platform_views_layout/test_driver/uikit_view_scroll_perf_ad_banners.dart:11:3 • undefined_function
  error • Target of URI doesn't exist: 'package:flutter_driver/driver_extension.dart' • flutter/dev/benchmarks/platform_views_layout/test_driver/uikit_view_scroll_perf_bottom_ad_banner.dart:6:8 • uri_does_not_exist
  error • Target of URI doesn't exist: 'package:platform_views_layout/main_bottom_ad_banner.dart' • flutter/dev/benchmarks/platform_views_layout/test_driver/uikit_view_scroll_perf_bottom_ad_banner.dart:8:8 • uri_does_not_exist
  error • The function 'enableFlutterDriverExtension' isn't defined • flutter/dev/benchmarks/platform_views_layout/test_driver/uikit_view_scroll_perf_bottom_ad_banner.dart:11:3 • undefined_function
  error • Target of URI doesn't exist: 'package:flutter_driver/driver_extension.dart' • flutter/dev/benchmarks/platform_views_layout/test_driver/uikit_view_scroll_perf_non_intersecting.dart:6:8 • uri_does_not_exist
  error • Target of URI doesn't exist: 'package:platform_views_layout/main_non_intersecting.dart' • flutter/dev/benchmarks/platform_views_layout/test_driver/uikit_view_scroll_perf_non_intersecting.dart:8:8 • uri_does_not_exist
  error • The function 'enableFlutterDriverExtension' isn't defined • flutter/dev/benchmarks/platform_views_layout/test_driver/uikit_view_scroll_perf_non_intersecting.dart:11:3 • undefined_function
  error • Target of URI doesn't exist: 'package:flutter_driver/driver_extension.dart' • flutter/dev/benchmarks/platform_views_layout_hybrid_composition/lib/main.dart:8:8 • uri_does_not_exist
  error • The function 'enableFlutterDriverExtension' isn't defined • flutter/dev/benchmarks/platform_views_layout_hybrid_composition/lib/main.dart:13:3 • undefined_function
  error • Target of URI doesn't exist: 'package:flutter_driver/driver_extension.dart' • flutter/dev/benchmarks/platform_views_layout_hybrid_composition/test_driver/android_view_scroll_perf.dart:6:8 • uri_does_not_exist
  error • Target of URI doesn't exist: 'package:platform_views_layout_hybrid_composition/main.dart' • flutter/dev/benchmarks/platform_views_layout_hybrid_composition/test_driver/android_view_scroll_perf.dart:8:8 • uri_does_not_exist
  error • The function 'enableFlutterDriverExtension' isn't defined • flutter/dev/benchmarks/platform_views_layout_hybrid_composition/test_driver/android_view_scroll_perf.dart:11:3 • undefined_function
  error • Target of URI doesn't exist: 'package:flutter_driver/flutter_driver.dart' • flutter/dev/benchmarks/platform_views_layout_hybrid_composition/test_driver/scroll_perf_test.dart:5:8 • uri_does_not_exist
  error • Target of URI doesn't exist: 'package:test/test.dart' • flutter/dev/benchmarks/platform_views_layout_hybrid_composition/test_driver/scroll_perf_test.dart:6:8 • uri_does_not_exist
  error • The function 'group' isn't defined • flutter/dev/benchmarks/platform_views_layout_hybrid_composition/test_driver/scroll_perf_test.dart:9:3 • undefined_function
  error • Undefined class 'FlutterDriver' • flutter/dev/benchmarks/platform_views_layout_hybrid_composition/test_driver/scroll_perf_test.dart:10:10 • undefined_class
  error • The function 'setUpAll' isn't defined • flutter/dev/benchmarks/platform_views_layout_hybrid_composition/test_driver/scroll_perf_test.dart:12:5 • undefined_function
  error • Undefined name 'FlutterDriver' • flutter/dev/benchmarks/platform_views_layout_hybrid_composition/test_driver/scroll_perf_test.dart:13:22 • undefined_identifier
  error • The function 'tearDownAll' isn't defined • flutter/dev/benchmarks/platform_views_layout_hybrid_composition/test_driver/scroll_perf_test.dart:18:5 • undefined_function
  error • Undefined class 'Timeline' • flutter/dev/benchmarks/platform_views_layout_hybrid_composition/test_driver/scroll_perf_test.dart:31:13 • undefined_class
  error • Undefined class 'SerializableFinder' • flutter/dev/benchmarks/platform_views_layout_hybrid_composition/test_driver/scroll_perf_test.dart:33:15 • undefined_class
  error • Undefined name 'find' • flutter/dev/benchmarks/platform_views_layout_hybrid_composition/test_driver/scroll_perf_test.dart:33:41 • undefined_identifier
  error • The function 'expect' isn't defined • flutter/dev/benchmarks/platform_views_layout_hybrid_composition/test_driver/scroll_perf_test.dart:34:9 • undefined_function
  error • Undefined name 'isNotNull' • flutter/dev/benchmarks/platform_views_layout_hybrid_composition/test_driver/scroll_perf_test.dart:34:22 • undefined_identifier
  error • Undefined class 'TimelineSummary' • flutter/dev/benchmarks/platform_views_layout_hybrid_composition/test_driver/scroll_perf_test.dart:49:13 • undefined_class
  error • Undefined name 'TimelineSummary' • flutter/dev/benchmarks/platform_views_layout_hybrid_composition/test_driver/scroll_perf_test.dart:49:39 • undefined_identifier
  error • The function 'test' isn't defined • flutter/dev/benchmarks/platform_views_layout_hybrid_composition/test_driver/scroll_perf_test.dart:53:5 • undefined_function
  error • Undefined name 'Timeout' • flutter/dev/benchmarks/platform_views_layout_hybrid_composition/test_driver/scroll_perf_test.dart:61:17 • undefined_identifier
  error • Target of URI doesn't exist: 'package:flutter_driver/driver_extension.dart' • flutter/dev/benchmarks/platform_views_layout_hybrid_composition/test_driver/uikit_view_scroll_perf.dart:6:8 • uri_does_not_exist
  error • Target of URI doesn't exist: 'package:platform_views_layout_hybrid_composition/main.dart' • flutter/dev/benchmarks/platform_views_layout_hybrid_composition/test_driver/uikit_view_scroll_perf.dart:8:8 • uri_does_not_exist
  error • The function 'enableFlutterDriverExtension' isn't defined • flutter/dev/benchmarks/platform_views_layout_hybrid_composition/test_driver/uikit_view_scroll_perf.dart:11:3 • undefined_function
  error • Target of URI doesn't exist: 'package:flutter_localizations/flutter_localizations.dart' • flutter/dev/benchmarks/test_apps/stocks/lib/i18n/stock_strings.dart:11:8 • uri_does_not_exist
  error • Const variables must be initialized with a constant value • flutter/dev/benchmarks/test_apps/stocks/lib/i18n/stock_strings.dart:94:9 • const_initialized_with_non_constant_value
  error • The values in a const list literal must be constants • flutter/dev/benchmarks/test_apps/stocks/lib/i18n/stock_strings.dart:94:9 • non_constant_list_element
  error • Undefined name 'GlobalMaterialLocalizations' • flutter/dev/benchmarks/test_apps/stocks/lib/i18n/stock_strings.dart:94:9 • undefined_identifier
  error • The values in a const list literal must be constants • flutter/dev/benchmarks/test_apps/stocks/lib/i18n/stock_strings.dart:95:9 • non_constant_list_element
  error • Undefined name 'GlobalCupertinoLocalizations' • flutter/dev/benchmarks/test_apps/stocks/lib/i18n/stock_strings.dart:95:9 • undefined_identifier
  error • The values in a const list literal must be constants • flutter/dev/benchmarks/test_apps/stocks/lib/i18n/stock_strings.dart:96:9 • non_constant_list_element
  error • Undefined name 'GlobalWidgetsLocalizations' • flutter/dev/benchmarks/test_apps/stocks/lib/i18n/stock_strings.dart:96:9 • undefined_identifier
  error • Expected an identifier • flutter/dev/benchmarks/test_apps/stocks/lib/main.dart:53:19 • missing_identifier
  error • Expected to find ')' • flutter/dev/benchmarks/test_apps/stocks/lib/main.dart:53:19 • expected_token
  error • The 'case' shouldn't complete normally • flutter/dev/benchmarks/test_apps/stocks/lib/stock_home.dart:92:7 • switch_case_completes_normally
  error • The 'case' shouldn't complete normally • flutter/dev/benchmarks/test_apps/stocks/lib/stock_home.dart:96:7 • switch_case_completes_normally
  error • The 'case' shouldn't complete normally • flutter/dev/benchmarks/test_apps/stocks/lib/stock_home.dart:101:7 • switch_case_completes_normally
  error • The 'case' shouldn't complete normally • flutter/dev/benchmarks/test_apps/stocks/lib/stock_settings.dart:69:7 • switch_case_completes_normally
  error • Target of URI doesn't exist: 'package:stocks/main.dart' • flutter/dev/benchmarks/test_apps/stocks/test/icon_color_test.dart:7:8 • uri_does_not_exist
  error • Target of URI doesn't exist: 'package:stocks/stock_data.dart' • flutter/dev/benchmarks/test_apps/stocks/test/icon_color_test.dart:8:8 • uri_does_not_exist
  error • Target of URI doesn't exist: 'package:stocks/main.dart' • flutter/dev/benchmarks/test_apps/stocks/test/locale_test.dart:6:8 • uri_does_not_exist
  error • Target of URI doesn't exist: 'package:stocks/stock_data.dart' • flutter/dev/benchmarks/test_apps/stocks/test/locale_test.dart:7:8 • uri_does_not_exist
  error • Target of URI doesn't exist: 'package:stocks/main.dart' • flutter/dev/benchmarks/test_apps/stocks/test/search_test.dart:7:8 • uri_does_not_exist
  error • Target of URI doesn't exist: 'package:stocks/stock_data.dart' • flutter/dev/benchmarks/test_apps/stocks/test/search_test.dart:8:8 • uri_does_not_exist
  error • Target of URI doesn't exist: 'package:flutter_driver/driver_extension.dart' • flutter/dev/benchmarks/test_apps/stocks/test_driver/scroll_perf.dart:5:8 • uri_does_not_exist
  error • Target of URI doesn't exist: 'package:stocks/main.dart' • flutter/dev/benchmarks/test_apps/stocks/test_driver/scroll_perf.dart:6:8 • uri_does_not_exist
  error • The function 'enableFlutterDriverExtension' isn't defined • flutter/dev/benchmarks/test_apps/stocks/test_driver/scroll_perf.dart:9:3 • undefined_function
  error • Target of URI doesn't exist: 'package:flutter_driver/flutter_driver.dart' • flutter/dev/benchmarks/test_apps/stocks/test_driver/scroll_perf_test.dart:7:8 • uri_does_not_exist
  error • Target of URI doesn't exist: 'package:test/test.dart' • flutter/dev/benchmarks/test_apps/stocks/test_driver/scroll_perf_test.dart:8:8 • uri_does_not_exist
  error • The function 'group' isn't defined • flutter/dev/benchmarks/test_apps/stocks/test_driver/scroll_perf_test.dart:11:3 • undefined_function
  error • Undefined class 'FlutterDriver' • flutter/dev/benchmarks/test_apps/stocks/test_driver/scroll_perf_test.dart:12:10 • undefined_class
  error • The function 'setUpAll' isn't defined • flutter/dev/benchmarks/test_apps/stocks/test_driver/scroll_perf_test.dart:14:5 • undefined_function
  error • Undefined name 'FlutterDriver' • flutter/dev/benchmarks/test_apps/stocks/test_driver/scroll_perf_test.dart:15:22 • undefined_identifier
  error • The function 'tearDownAll' isn't defined • flutter/dev/benchmarks/test_apps/stocks/test_driver/scroll_perf_test.dart:18:5 • undefined_function
  error • The function 'test' isn't defined • flutter/dev/benchmarks/test_apps/stocks/test_driver/scroll_perf_test.dart:22:5 • undefined_function
  error • Undefined class 'Timeline' • flutter/dev/benchmarks/test_apps/stocks/test_driver/scroll_perf_test.dart:23:13 • undefined_class
  error • Undefined class 'SerializableFinder' • flutter/dev/benchmarks/test_apps/stocks/test_driver/scroll_perf_test.dart:25:15 • undefined_class
  error • Undefined name 'find' • flutter/dev/benchmarks/test_apps/stocks/test_driver/scroll_perf_test.dart:25:46 • undefined_identifier
  error • The function 'expect' isn't defined • flutter/dev/benchmarks/test_apps/stocks/test_driver/scroll_perf_test.dart:26:9 • undefined_function
  error • Undefined name 'isNotNull' • flutter/dev/benchmarks/test_apps/stocks/test_driver/scroll_perf_test.dart:26:27 • undefined_identifier
  error • Undefined class 'TimelineSummary' • flutter/dev/benchmarks/test_apps/stocks/test_driver/scroll_perf_test.dart:41:13 • undefined_class
  error • Undefined name 'TimelineSummary' • flutter/dev/benchmarks/test_apps/stocks/test_driver/scroll_perf_test.dart:41:39 • undefined_identifier
  error • Undefined name 'Timeout' • flutter/dev/benchmarks/test_apps/stocks/test_driver/scroll_perf_test.dart:43:17 • undefined_identifier
  error • Target of URI doesn't exist: 'package:flutter_driver/driver_extension.dart' • flutter/dev/benchmarks/test_apps/stocks/test_driver/stock_view.dart:5:8 • uri_does_not_exist
  error • Target of URI doesn't exist: 'package:stocks/main.dart' • flutter/dev/benchmarks/test_apps/stocks/test_driver/stock_view.dart:6:8 • uri_does_not_exist
  error • The function 'enableFlutterDriverExtension' isn't defined • flutter/dev/benchmarks/test_apps/stocks/test_driver/stock_view.dart:9:3 • undefined_function
  error • Target of URI doesn't exist: 'package:flutter_driver/flutter_driver.dart' • flutter/dev/benchmarks/test_apps/stocks/test_driver/stock_view_test.dart:7:8 • uri_does_not_exist
  error • Target of URI doesn't exist: 'package:test/test.dart' • flutter/dev/benchmarks/test_apps/stocks/test_driver/stock_view_test.dart:8:8 • uri_does_not_exist
  error • The function 'group' isn't defined • flutter/dev/benchmarks/test_apps/stocks/test_driver/stock_view_test.dart:11:3 • undefined_function
  error • Undefined class 'FlutterDriver' • flutter/dev/benchmarks/test_apps/stocks/test_driver/stock_view_test.dart:12:10 • undefined_class
  error • The function 'setUpAll' isn't defined • flutter/dev/benchmarks/test_apps/stocks/test_driver/stock_view_test.dart:14:5 • undefined_function
  error • Undefined name 'FlutterDriver' • flutter/dev/benchmarks/test_apps/stocks/test_driver/stock_view_test.dart:15:22 • undefined_identifier
  error • The function 'tearDownAll' isn't defined • flutter/dev/benchmarks/test_apps/stocks/test_driver/stock_view_test.dart:18:5 • undefined_function
  error • The function 'test' isn't defined • flutter/dev/benchmarks/test_apps/stocks/test_driver/stock_view_test.dart:22:5 • undefined_function
  error • Undefined class 'SerializableFinder' • flutter/dev/benchmarks/test_apps/stocks/test_driver/stock_view_test.dart:23:13 • undefined_class
  error • Undefined name 'find' • flutter/dev/benchmarks/test_apps/stocks/test_driver/stock_view_test.dart:23:44 • undefined_identifier
  error • The function 'expect' isn't defined • flutter/dev/benchmarks/test_apps/stocks/test_driver/stock_view_test.dart:24:7 • undefined_function
  error • Undefined name 'isNotNull' • flutter/dev/benchmarks/test_apps/stocks/test_driver/stock_view_test.dart:24:25 • undefined_identifier
  error • Undefined name 'Timeout' • flutter/dev/benchmarks/test_apps/stocks/test_driver/stock_view_test.dart:25:17 • undefined_identifier
  error • The function 'test' isn't defined • flutter/dev/benchmarks/test_apps/stocks/test_driver/stock_view_test.dart:27:5 • undefined_function
  error • Undefined class 'SerializableFinder' • flutter/dev/benchmarks/test_apps/stocks/test_driver/stock_view_test.dart:30:15 • undefined_class
  error • Undefined name 'find' • flutter/dev/benchmarks/test_apps/stocks/test_driver/stock_view_test.dart:30:46 • undefined_identifier
  error • The function 'expect' isn't defined • flutter/dev/benchmarks/test_apps/stocks/test_driver/stock_view_test.dart:31:9 • undefined_function
  error • Undefined name 'isNotNull' • flutter/dev/benchmarks/test_apps/stocks/test_driver/stock_view_test.dart:31:27 • undefined_identifier
  error • Undefined class 'SerializableFinder' • flutter/dev/benchmarks/test_apps/stocks/test_driver/stock_view_test.dart:33:15 • undefined_class
  error • Undefined name 'find' • flutter/dev/benchmarks/test_apps/stocks/test_driver/stock_view_test.dart:33:49 • undefined_identifier
  error • Undefined class 'SerializableFinder' • flutter/dev/benchmarks/test_apps/stocks/test_driver/stock_view_test.dart:39:15 • undefined_class
  error • Undefined name 'find' • flutter/dev/benchmarks/test_apps/stocks/test_driver/stock_view_test.dart:39:48 • undefined_identifier
  error • The function 'expect' isn't defined • flutter/dev/benchmarks/test_apps/stocks/test_driver/stock_view_test.dart:42:9 • undefined_function
  error • Undefined name 'Timeout' • flutter/dev/benchmarks/test_apps/stocks/test_driver/stock_view_test.dart:45:16 • undefined_identifier
  error • Target of URI doesn't exist: 'package:analyzer/dart/analysis/features.dart' • flutter/dev/bots/analyze.dart:10:8 • uri_does_not_exist
  error • Target of URI doesn't exist: 'package:analyzer/dart/analysis/results.dart' • flutter/dev/bots/analyze.dart:11:8 • uri_does_not_exist
  error • Target of URI doesn't exist: 'package:analyzer/dart/analysis/utilities.dart' • flutter/dev/bots/analyze.dart:12:8 • uri_does_not_exist
  error • Target of URI doesn't exist: 'package:analyzer/dart/ast/ast.dart' • flutter/dev/bots/analyze.dart:13:8 • uri_does_not_exist
  error • Target of URI doesn't exist: 'package:analyzer/dart/ast/visitor.dart' • flutter/dev/bots/analyze.dart:14:8 • uri_does_not_exist
  error • Undefined class 'FeatureSet' • flutter/dev/bots/analyze.dart:295:1 • undefined_class
  error • Undefined name 'FeatureSet' • flutter/dev/bots/analyze.dart:295:36 • undefined_identifier
  error • Undefined class 'ParseStringResult' • flutter/dev/bots/analyze.dart:297:16 • undefined_class
  error • Classes can only extend other classes • flutter/dev/bots/analyze.dart:696:43 • extends_non_class
  error • Undefined class 'ParseStringResult' • flutter/dev/bots/analyze.dart:699:9 • undefined_class
  error • Undefined class 'AstNode' • flutter/dev/bots/analyze.dart:720:30 • undefined_class
warning • The method doesn't override an inherited method • flutter/dev/bots/analyze.dart:726:8 • override_on_non_overriding_member
warning • The value of the local variable '<unnamed>' isn't used • flutter/dev/bots/analyze.dart:726:8 • unused_local_variable
  error • Undefined class 'Annotation' • flutter/dev/bots/analyze.dart:726:24 • undefined_class
  error • The method 'visitAnnotation' isn't defined in a superclass of '_DeprecationMessagesVisitor' • flutter/dev/bots/analyze.dart:727:11 • undefined_super_member
  error • Undefined class 'NodeList' • flutter/dev/bots/analyze.dart:735:11 • undefined_class
  error • The name 'Expression' isn't a type, so it can't be used as a type argument • flutter/dev/bots/analyze.dart:735:20 • non_type_as_type_argument
  error • Undefined class 'Expression' • flutter/dev/bots/analyze.dart:743:11 • undefined_class
  error • The name 'AdjacentStrings' isn't defined, so it can't be used in an 'is' expression • flutter/dev/bots/analyze.dart:744:31 • type_test_with_undefined_name
  error • The name 'StringLiteral' isn't a type, so it can't be used as a type argument • flutter/dev/bots/analyze.dart:748:16 • non_type_as_type_argument
  error • The name 'StringLiteral' isn't a type, so it can't be used as a type argument • flutter/dev/bots/analyze.dart:749:20 • non_type_as_type_argument
   info • Missing type annotation • flutter/dev/bots/analyze.dart:753:5 • always_specify_types
  error • Expected an identifier • flutter/dev/bots/analyze.dart:753:11 • missing_identifier
  error • Expected to find ';' • flutter/dev/bots/analyze.dart:753:11 • expected_token
   info • An uninitialized variable should have an explicit type annotation • flutter/dev/bots/analyze.dart:753:12 • prefer_typing_uninitialized_variables
warning • The type of  can't be inferred without either a type or initializer • flutter/dev/bots/analyze.dart:753:12 • inference_failure_on_uninitialized_variable
  error • Expected an identifier • flutter/dev/bots/analyze.dart:753:12 • missing_identifier
  error • Expected to find ';' • flutter/dev/bots/analyze.dart:753:12 • expected_token
  error • The name 'StringLiteral' isn't a type, so it can't be used as a type argument • flutter/dev/bots/analyze.dart:753:20 • non_type_as_type_argument
   info • The variable name 'StringLiteral' isn't a lowerCamelCase identifier • flutter/dev/bots/analyze.dart:753:52 • non_constant_identifier_names
  error • Expected to find ';' • flutter/dev/bots/analyze.dart:753:52 • expected_token
   info • Unnecessary statement • flutter/dev/bots/analyze.dart:753:66 • unnecessary_statements
  error • Expected to find ';' • flutter/dev/bots/analyze.dart:753:66 • expected_token
  error • Undefined name 'versionLiteral' • flutter/dev/bots/analyze.dart:753:66 • undefined_identifier
  error • Expected an identifier • flutter/dev/bots/analyze.dart:753:80 • missing_identifier
  error • Unexpected text ';' • flutter/dev/bots/analyze.dart:753:80 • unexpected_token
  error • Expected an identifier • flutter/dev/bots/analyze.dart:753:82 • missing_identifier
  error • Undefined name 'versionLiteral' • flutter/dev/bots/analyze.dart:756:39 • undefined_identifier
  error • The name 'SimpleStringLiteral' isn't defined, so it can't be used in an 'is' expression • flutter/dev/bots/analyze.dart:756:57 • type_test_with_undefined_name
  error • Undefined name 'versionLiteral' • flutter/dev/bots/analyze.dart:757:48 • undefined_identifier
  error • Undefined name 'versionLiteral' • flutter/dev/bots/analyze.dart:761:9 • undefined_identifier
  error • Undefined name 'versionLiteral' • flutter/dev/bots/analyze.dart:777:11 • undefined_identifier
  error • The non-nullable local variable 'messageLiterals' must be assigned before it can be used • flutter/dev/bots/analyze.dart:786:12 • not_assigned_potentially_non_nullable_local_variable
  error • Local variable 'StringLiteral' can't be referenced before it is declared • flutter/dev/bots/analyze.dart:787:16 • referenced_before_declaration
  error • The non-nullable local variable 'messageLiterals' must be assigned before it can be used • flutter/dev/bots/analyze.dart:787:41 • not_assigned_potentially_non_nullable_local_variable
  error • The name 'SingleStringLiteral' isn't defined, so it can't be used in an 'is' expression • flutter/dev/bots/analyze.dart:788:23 • type_test_with_undefined_name
  error • The non-nullable local variable 'messageLiterals' must be assigned before it can be used • flutter/dev/bots/analyze.dart:804:36 • not_assigned_potentially_non_nullable_local_variable
  error • Local variable 'StringLiteral' can't be referenced before it is declared • flutter/dev/bots/analyze.dart:805:15 • referenced_before_declaration
  error • The non-nullable local variable 'messageLiterals' must be assigned before it can be used • flutter/dev/bots/analyze.dart:810:9 • not_assigned_potentially_non_nullable_local_variable
  error • The non-nullable local variable 'messageLiterals' must be assigned before it can be used • flutter/dev/bots/analyze.dart:819:9 • not_assigned_potentially_non_nullable_local_variable
  error • The non-nullable local variable 'messageLiterals' must be assigned before it can be used • flutter/dev/bots/analyze.dart:829:9 • not_assigned_potentially_non_nullable_local_variable
  error • Undefined class 'ParseStringResult' • flutter/dev/bots/analyze.dart:845:11 • undefined_class
  error • The function 'parseFile' isn't defined • flutter/dev/bots/analyze.dart:845:43 • undefined_function
  error • The method 'visitCompilationUnit' isn't defined for the type '_DeprecationMessagesVisitor' • flutter/dev/bots/analyze.dart:850:13 • undefined_method
  error • Undefined class 'ParseStringResult' • flutter/dev/bots/analyze.dart:1020:9 • undefined_class
  error • The function 'parseFile' isn't defined • flutter/dev/bots/analyze.dart:1020:41 • undefined_function
  error • The name 'CompilationUnit' isn't a type, so it can't be used as a type argument • flutter/dev/bots/analyze.dart:1024:31 • non_type_as_type_argument
  error • The name 'CompilationUnit' isn't a type, so it can't be used as a type argument • flutter/dev/bots/analyze.dart:1024:80 • non_type_as_type_argument
  error • The method 'visitCompilationUnit' isn't defined for the type '_TestSkipLinesVisitor' • flutter/dev/bots/analyze.dart:1027:11 • undefined_method
  error • Classes can only extend other classes • flutter/dev/bots/analyze.dart:1031:40 • extends_non_class
  error • Undefined class 'ParseStringResult' • flutter/dev/bots/analyze.dart:1034:9 • undefined_class
  error • Undefined class 'Label' • flutter/dev/bots/analyze.dart:1045:38 • undefined_class
warning • The method doesn't override an inherited method • flutter/dev/bots/analyze.dart:1051:6 • override_on_non_overriding_member
  error • Undefined class 'MethodInvocation' • flutter/dev/bots/analyze.dart:1051:28 • undefined_class
  error • Undefined class 'Expression' • flutter/dev/bots/analyze.dart:1053:18 • undefined_class
  error • The name 'NamedExpression' isn't defined, so it can't be used in an 'is' expression • flutter/dev/bots/analyze.dart:1054:25 • type_test_with_undefined_name
  error • The method 'visitMethodInvocation' isn't defined in a superclass of '_TestSkipLinesVisitor' • flutter/dev/bots/analyze.dart:1061:18 • undefined_super_member
   info • This expression is not valid in a 'case' clause in Dart 3.0 • flutter/dev/bots/analyze.dart:2210:14 • invalid_case_patterns
  error • In constant expressions, operands of this operator must be of type 'bool' • flutter/dev/bots/analyze.dart:2210:14 • const_eval_type_bool
  error • The operands of the operator '||' must be assignable to 'bool' • flutter/dev/bots/analyze.dart:2210:14 • non_bool_operand
  error • The switch case expression type 'bool' must be a subtype of the switch expression type 'String' • flutter/dev/bots/analyze.dart:2210:14 • case_expression_type_is_not_switch_expression_subtype
  error • The operands of the operator '||' must be assignable to 'bool' • flutter/dev/bots/analyze.dart:2210:49 • non_bool_operand
  error • The operands of the operator '||' must be assignable to 'bool' • flutter/dev/bots/analyze.dart:2210:66 • non_bool_operand
   info • This expression is not valid in a 'case' clause in Dart 3.0 • flutter/dev/bots/analyze.dart:2222:14 • invalid_case_patterns
  error • In constant expressions, operands of this operator must be of type 'bool' • flutter/dev/bots/analyze.dart:2222:14 • const_eval_type_bool
  error • The operands of the operator '||' must be assignable to 'bool' • flutter/dev/bots/analyze.dart:2222:14 • non_bool_operand
  error • The switch case expression type 'bool' must be a subtype of the switch expression type 'String' • flutter/dev/bots/analyze.dart:2222:14 • case_expression_type_is_not_switch_expression_subtype
  error • The operands of the operator '||' must be assignable to 'bool' • flutter/dev/bots/analyze.dart:2222:24 • non_bool_operand
  error • The operands of the operator '||' must be assignable to 'bool' • flutter/dev/bots/analyze.dart:2222:35 • non_bool_operand
  error • The operands of the operator '||' must be assignable to 'bool' • flutter/dev/bots/analyze.dart:2222:48 • non_bool_operand
  error • The operands of the operator '||' must be assignable to 'bool' • flutter/dev/bots/analyze.dart:2222:64 • non_bool_operand
  error • Classes can only extend other classes • flutter/dev/bots/analyze.dart:2377:38 • extends_non_class
  error • Undefined class 'ParseStringResult' • flutter/dev/bots/analyze.dart:2380:9 • undefined_class
  error • The name 'AstNode' isn't a type, so it can't be used as a type argument • flutter/dev/bots/analyze.dart:2381:14 • non_type_as_type_argument
  error • The name 'AstNode' isn't a type, so it can't be used as a type argument • flutter/dev/bots/analyze.dart:2381:33 • non_type_as_type_argument
warning • The method doesn't override an inherited method • flutter/dev/bots/analyze.dart:2387:8 • override_on_non_overriding_member
  error • Undefined class 'FieldDeclaration' • flutter/dev/bots/analyze.dart:2387:30 • undefined_class
  error • The method 'visitFieldDeclaration' isn't defined in a superclass of '_DebugOnlyFieldVisitor' • flutter/dev/bots/analyze.dart:2388:11 • undefined_super_member
  error • Undefined class 'Annotation' • flutter/dev/bots/analyze.dart:2390:8 • undefined_class
  error • Undefined class 'ParseStringResult' • flutter/dev/bots/analyze.dart:2411:11 • undefined_class
  error • The function 'parseFile' isn't defined • flutter/dev/bots/analyze.dart:2411:42 • undefined_function
  error • The method 'visitCompilationUnit' isn't defined for the type '_DebugOnlyFieldVisitor' • flutter/dev/bots/analyze.dart:2416:13 • undefined_method
  error • Undefined class 'AstNode' • flutter/dev/bots/analyze.dart:2417:16 • undefined_class
  error • Target of URI doesn't exist: 'package:watcher/watcher.dart' • flutter/dev/bots/analyze_snippet_code.dart:77:8 • uri_does_not_exist
  error • Target of URI doesn't exist: 'package:yaml_edit/yaml_edit.dart' • flutter/dev/bots/analyze_snippet_code.dart:78:8 • uri_does_not_exist
  error • The method 'existsSync' can't be unconditionally invoked because the receiver can be 'null' • flutter/dev/bots/analyze_snippet_code.dart:548:53 • unchecked_use_of_nullable_value
  error • The property 'path' can't be unconditionally accessed because the receiver can be 'null' • flutter/dev/bots/analyze_snippet_code.dart:549:83 • unchecked_use_of_nullable_value
  error • The method 'existsSync' can't be unconditionally invoked because the receiver can be 'null' • flutter/dev/bots/analyze_snippet_code.dart:554:54 • unchecked_use_of_nullable_value
  error • The argument type 'Directory?' can't be assigned to the parameter type 'Directory'.  • flutter/dev/bots/analyze_snippet_code.dart:555:27 • argument_type_not_assignable
  error • Expected to find ';' • flutter/dev/bots/analyze_snippet_code.dart:892:31 • expected_token
  error • Expected an identifier • flutter/dev/bots/analyze_snippet_code.dart:892:33 • missing_identifier
   info • Unnecessary use of parentheses • flutter/dev/bots/analyze_snippet_code.dart:892:41 • unnecessary_parenthesis
  error • This requires the 'records' language feature to be enabled • flutter/dev/bots/analyze_snippet_code.dart:892:41 • experiment_not_enabled
  error • Expected to find 'case' • flutter/dev/bots/analyze_snippet_code.dart:893:7 • expected_token
   info • Unnecessary empty statement • flutter/dev/bots/analyze_snippet_code.dart:900:6 • empty_statements
  error • The method 'YamlEditor' isn't defined for the type '_SnippetChecker' • flutter/dev/bots/analyze_snippet_code.dart:1003:35 • undefined_method
  error • The function 'Watcher' isn't defined • flutter/dev/bots/analyze_snippet_code.dart:1341:3 • undefined_function
  error • Target of URI doesn't exist: 'package:flutter_devicelab/framework/browser.dart' • flutter/dev/bots/browser.dart:8:8 • uri_does_not_exist
  error • Target of URI doesn't exist: 'package:shelf/shelf.dart' • flutter/dev/bots/browser.dart:9:8 • uri_does_not_exist
  error • Target of URI doesn't exist: 'package:shelf/shelf_io.dart' • flutter/dev/bots/browser.dart:10:8 • uri_does_not_exist
  error • Target of URI doesn't exist: 'package:shelf_static/shelf_static.dart' • flutter/dev/bots/browser.dart:11:8 • uri_does_not_exist
  error • Undefined class 'Chrome' • flutter/dev/bots/browser.dart:29:3 • undefined_class
  error • Undefined class 'Cascade' • flutter/dev/bots/browser.dart:33:11 • undefined_class
  error • The function 'Cascade' isn't defined • flutter/dev/bots/browser.dart:33:29 • undefined_function
  error • Undefined class 'Request' • flutter/dev/bots/browser.dart:34:15 • undefined_class
  error • Undefined name 'Response' • flutter/dev/bots/browser.dart:37:20 • undefined_identifier
  error • Undefined name 'Response' • flutter/dev/bots/browser.dart:39:18 • undefined_identifier
  error • The function 'createStaticHandler' isn't defined • flutter/dev/bots/browser.dart:41:14 • undefined_function
  error • Undefined name 'Chrome' • flutter/dev/bots/browser.dart:46:20 • undefined_identifier
  error • The function 'ChromeOptions' isn't defined • flutter/dev/bots/browser.dart:47:7 • undefined_function
  error • Undefined class 'Request' • flutter/dev/bots/browser.dart:64:47 • undefined_class
  error • The name 'Handler' isn't a type, so it can't be used as a type argument • flutter/dev/bots/browser.dart:76:10 • non_type_as_type_argument
  error • Undefined class 'Chrome' • flutter/dev/bots/browser.dart:79:5 • undefined_class
  error • Undefined class 'Handler' • flutter/dev/bots/browser.dart:81:11 • undefined_class
  error • The method 'createStaticHandler' isn't defined for the type 'AppServer' • flutter/dev/bots/browser.dart:81:35 • undefined_method
  error • Undefined class 'Cascade' • flutter/dev/bots/browser.dart:82:5 • undefined_class
  error • The method 'Cascade' isn't defined for the type 'AppServer' • flutter/dev/bots/browser.dart:82:23 • undefined_method
  error • Undefined class 'Handler' • flutter/dev/bots/browser.dart:84:18 • undefined_class
  error • Undefined class 'Request' • flutter/dev/bots/browser.dart:88:28 • undefined_class
  error • Undefined class 'Response' • flutter/dev/bots/browser.dart:89:13 • undefined_class
  error • Undefined name 'Chrome' • flutter/dev/bots/browser.dart:97:20 • undefined_identifier
  error • The method 'ChromeOptions' isn't defined for the type 'AppServer' • flutter/dev/bots/browser.dart:98:7 • undefined_method
  error • Undefined class 'Chrome' • flutter/dev/bots/browser.dart:111:9 • undefined_class
warning • The value of the local variable '<unnamed>' isn't used • flutter/dev/bots/check_code_samples.dart:131:8 • unused_local_variable
   info • Missing type annotation • flutter/dev/bots/check_code_samples.dart:138:5 • always_specify_types
  error • Expected an identifier • flutter/dev/bots/check_code_samples.dart:138:11 • missing_identifier
  error • Expected to find ';' • flutter/dev/bots/check_code_samples.dart:138:11 • expected_token
   info • An uninitialized variable should have an explicit type annotation • flutter/dev/bots/check_code_samples.dart:138:12 • prefer_typing_uninitialized_variables
warning • The type of  can't be inferred without either a type or initializer • flutter/dev/bots/check_code_samples.dart:138:12 • inference_failure_on_uninitialized_variable
  error • Local variable 'Set' can't be referenced before it is declared • flutter/dev/bots/check_code_samples.dart:138:12 • referenced_before_declaration
   info • The variable name 'Set' isn't a lowerCamelCase identifier • flutter/dev/bots/check_code_samples.dart:138:38 • non_constant_identifier_names
  error • Expected to find ';' • flutter/dev/bots/check_code_samples.dart:138:38 • expected_token
   info • Unnecessary statement • flutter/dev/bots/check_code_samples.dart:138:41 • unnecessary_statements
  error • Expected to find ';' • flutter/dev/bots/check_code_samples.dart:138:50 • expected_token
   info • Unnecessary statement • flutter/dev/bots/check_code_samples.dart:138:52 • unnecessary_statements
  error • Expected to find ';' • flutter/dev/bots/check_code_samples.dart:138:52 • expected_token
  error • Expected to find '[' • flutter/dev/bots/check_code_samples.dart:138:52 • expected_token
  error • Undefined name 'malformedLinks' • flutter/dev/bots/check_code_samples.dart:138:52 • undefined_identifier
  error • Expected an identifier • flutter/dev/bots/check_code_samples.dart:138:66 • missing_identifier
  error • Unexpected text ';' • flutter/dev/bots/check_code_samples.dart:138:66 • unexpected_token
  error • Expected an identifier • flutter/dev/bots/check_code_samples.dart:138:68 • missing_identifier
   info • Missing type annotation • flutter/dev/bots/check_code_samples.dart:140:5 • always_specify_types
  error • Expected an identifier • flutter/dev/bots/check_code_samples.dart:140:11 • missing_identifier
  error • Expected to find ';' • flutter/dev/bots/check_code_samples.dart:140:11 • expected_token
   info • An uninitialized variable should have an explicit type annotation • flutter/dev/bots/check_code_samples.dart:140:12 • prefer_typing_uninitialized_variables
warning • The type of  can't be inferred without either a type or initializer • flutter/dev/bots/check_code_samples.dart:140:12 • inference_failure_on_uninitialized_variable
  error • Local variable 'Set' can't be referenced before it is declared • flutter/dev/bots/check_code_samples.dart:140:12 • referenced_before_declaration
   info • The variable name 'Set' isn't a lowerCamelCase identifier • flutter/dev/bots/check_code_samples.dart:140:40 • non_constant_identifier_names
warning • The value of the local variable 'Set' isn't used • flutter/dev/bots/check_code_samples.dart:140:40 • unused_local_variable
  error • Expected to find ';' • flutter/dev/bots/check_code_samples.dart:140:40 • expected_token
  error • The name 'Set' is already defined • flutter/dev/bots/check_code_samples.dart:140:40 • duplicate_definition
   info • Unnecessary statement • flutter/dev/bots/check_code_samples.dart:140:43 • unnecessary_statements
  error • Expected to find ';' • flutter/dev/bots/check_code_samples.dart:140:52 • expected_token
   info • Unnecessary statement • flutter/dev/bots/check_code_samples.dart:140:54 • unnecessary_statements
  error • Expected to find ';' • flutter/dev/bots/check_code_samples.dart:140:54 • expected_token
  error • Expected to find '[' • flutter/dev/bots/check_code_samples.dart:140:54 • expected_token
  error • Undefined name 'uiMalformedLinks' • flutter/dev/bots/check_code_samples.dart:140:54 • undefined_identifier
  error • Expected an identifier • flutter/dev/bots/check_code_samples.dart:140:70 • missing_identifier
  error • Unexpected text ';' • flutter/dev/bots/check_code_samples.dart:140:70 • unexpected_token
  error • Expected an identifier • flutter/dev/bots/check_code_samples.dart:140:72 • missing_identifier
  error • Undefined name 'malformedLinks' • flutter/dev/bots/check_code_samples.dart:145:5 • undefined_identifier
  error • Undefined name 'uiMalformedLinks' • flutter/dev/bots/check_code_samples.dart:145:27 • undefined_identifier
  error • Undefined name 'malformedLinks' • flutter/dev/bots/check_code_samples.dart:158:61 • undefined_identifier
  error • Undefined name 'malformedLinks' • flutter/dev/bots/check_code_samples.dart:181:9 • undefined_identifier
  error • Undefined name 'malformedLinks' • flutter/dev/bots/check_code_samples.dart:185:35 • undefined_identifier
  error • This requires the 'records' language feature to be enabled • flutter/dev/bots/check_code_samples.dart:226:3 • experiment_not_enabled
   info • Unnecessary use of parentheses • flutter/dev/bots/check_code_samples.dart:255:12 • unnecessary_parenthesis
  error • This requires the 'records' language feature to be enabled • flutter/dev/bots/check_code_samples.dart:255:12 • experiment_not_enabled
  error • Target of URI doesn't exist: 'package:analyzer/dart/analysis/analysis_context.dart' • flutter/dev/bots/custom_rules/analyze.dart:7:8 • uri_does_not_exist
  error • Target of URI doesn't exist: 'package:analyzer/dart/analysis/analysis_context_collection.dart' • flutter/dev/bots/custom_rules/analyze.dart:8:8 • uri_does_not_exist
  error • Target of URI doesn't exist: 'package:analyzer/dart/analysis/results.dart' • flutter/dev/bots/custom_rules/analyze.dart:9:8 • uri_does_not_exist
  error • Target of URI doesn't exist: 'package:analyzer/dart/analysis/session.dart' • flutter/dev/bots/custom_rules/analyze.dart:10:8 • uri_does_not_exist
  error • Undefined class 'AnalysisContextCollection' • flutter/dev/bots/custom_rules/analyze.dart:42:9 • undefined_class
  error • The function 'AnalysisContextCollection' isn't defined • flutter/dev/bots/custom_rules/analyze.dart:42:48 • undefined_function
  error • Undefined class 'AnalysisContext' • flutter/dev/bots/custom_rules/analyze.dart:50:14 • undefined_class
  error • Undefined class 'AnalysisSession' • flutter/dev/bots/custom_rules/analyze.dart:52:11 • undefined_class
  error • Undefined class 'SomeResolvedUnitResult' • flutter/dev/bots/custom_rules/analyze.dart:55:13 • undefined_class
  error • The name 'ResolvedUnitResult' isn't defined, so it can't be used in an 'is' expression • flutter/dev/bots/custom_rules/analyze.dart:56:19 • type_test_with_undefined_name
  error • Undefined class 'ResolvedUnitResult' • flutter/dev/bots/custom_rules/analyze.dart:91:16 • undefined_class
  error • Target of URI doesn't exist: 'package:analyzer/dart/analysis/results.dart' • flutter/dev/bots/custom_rules/avoid_future_catcherror.dart:5:8 • uri_does_not_exist
  error • Target of URI doesn't exist: 'package:analyzer/dart/ast/ast.dart' • flutter/dev/bots/custom_rules/avoid_future_catcherror.dart:6:8 • uri_does_not_exist
  error • Target of URI doesn't exist: 'package:analyzer/dart/ast/visitor.dart' • flutter/dev/bots/custom_rules/avoid_future_catcherror.dart:7:8 • uri_does_not_exist
  error • Target of URI doesn't exist: 'package:analyzer/dart/element/type.dart' • flutter/dev/bots/custom_rules/avoid_future_catcherror.dart:8:8 • uri_does_not_exist
  error • The name 'ResolvedUnitResult' isn't a type, so it can't be used as a type argument • flutter/dev/bots/custom_rules/avoid_future_catcherror.dart:44:13 • non_type_as_type_argument
  error • The name 'AstNode' isn't a type, so it can't be used as a type argument • flutter/dev/bots/custom_rules/avoid_future_catcherror.dart:44:38 • non_type_as_type_argument
  error • The name 'ResolvedUnitResult' isn't a type, so it can't be used as a type argument • flutter/dev/bots/custom_rules/avoid_future_catcherror.dart:44:59 • non_type_as_type_argument
  error • The name 'AstNode' isn't a type, so it can't be used as a type argument • flutter/dev/bots/custom_rules/avoid_future_catcherror.dart:44:84 • non_type_as_type_argument
  error • Undefined class 'ResolvedUnitResult' • flutter/dev/bots/custom_rules/avoid_future_catcherror.dart:47:16 • undefined_class
  error • The name 'AstNode' isn't a type, so it can't be used as a type argument • flutter/dev/bots/custom_rules/avoid_future_catcherror.dart:51:40 • non_type_as_type_argument
  error • The name 'ResolvedUnitResult' isn't a type, so it can't be used as a type argument • flutter/dev/bots/custom_rules/avoid_future_catcherror.dart:62:27 • non_type_as_type_argument
  error • The name 'AstNode' isn't a type, so it can't be used as a type argument • flutter/dev/bots/custom_rules/avoid_future_catcherror.dart:62:52 • non_type_as_type_argument
  error • Undefined class 'AstNode' • flutter/dev/bots/custom_rules/avoid_future_catcherror.dart:63:20 • undefined_class
  error • Classes can only extend other classes • flutter/dev/bots/custom_rules/avoid_future_catcherror.dart:73:24 • extends_non_class
  error • The name 'AstNode' isn't a type, so it can't be used as a type argument • flutter/dev/bots/custom_rules/avoid_future_catcherror.dart:76:14 • non_type_as_type_argument
  error • The name 'AstNode' isn't a type, so it can't be used as a type argument • flutter/dev/bots/custom_rules/avoid_future_catcherror.dart:76:42 • non_type_as_type_argument
warning • The method doesn't override an inherited method • flutter/dev/bots/custom_rules/avoid_future_catcherror.dart:79:8 • override_on_non_overriding_member
  error • Undefined class 'MethodInvocation' • flutter/dev/bots/custom_rules/avoid_future_catcherror.dart:79:30 • undefined_class
  error • Expected to find ')' • flutter/dev/bots/custom_rules/avoid_future_catcherror.dart:80:14 • expected_token
  error • Target of URI doesn't exist: 'package:analyzer/dart/analysis/results.dart' • flutter/dev/bots/custom_rules/no_double_clamp.dart:5:8 • uri_does_not_exist
  error • Target of URI doesn't exist: 'package:analyzer/dart/ast/ast.dart' • flutter/dev/bots/custom_rules/no_double_clamp.dart:6:8 • uri_does_not_exist
  error • Target of URI doesn't exist: 'package:analyzer/dart/ast/visitor.dart' • flutter/dev/bots/custom_rules/no_double_clamp.dart:7:8 • uri_does_not_exist
  error • Target of URI doesn't exist: 'package:analyzer/dart/element/element.dart' • flutter/dev/bots/custom_rules/no_double_clamp.dart:8:8 • uri_does_not_exist
  error • Target of URI doesn't exist: 'package:analyzer/dart/element/type.dart' • flutter/dev/bots/custom_rules/no_double_clamp.dart:9:8 • uri_does_not_exist
  error • The name 'ResolvedUnitResult' isn't a type, so it can't be used as a type argument • flutter/dev/bots/custom_rules/no_double_clamp.dart:23:13 • non_type_as_type_argument
  error • The name 'AstNode' isn't a type, so it can't be used as a type argument • flutter/dev/bots/custom_rules/no_double_clamp.dart:23:38 • non_type_as_type_argument
  error • The name 'ResolvedUnitResult' isn't a type, so it can't be used as a type argument • flutter/dev/bots/custom_rules/no_double_clamp.dart:23:59 • non_type_as_type_argument
  error • The name 'AstNode' isn't a type, so it can't be used as a type argument • flutter/dev/bots/custom_rules/no_double_clamp.dart:23:84 • non_type_as_type_argument
  error • Undefined class 'ResolvedUnitResult' • flutter/dev/bots/custom_rules/no_double_clamp.dart:26:16 • undefined_class
  error • The name 'AstNode' isn't a type, so it can't be used as a type argument • flutter/dev/bots/custom_rules/no_double_clamp.dart:29:16 • non_type_as_type_argument
  error • The name 'AstNode' isn't a type, so it can't be used as a type argument • flutter/dev/bots/custom_rules/no_double_clamp.dart:31:40 • non_type_as_type_argument
  error • The name 'ResolvedUnitResult' isn't a type, so it can't be used as a type argument • flutter/dev/bots/custom_rules/no_double_clamp.dart:42:27 • non_type_as_type_argument
  error • The name 'AstNode' isn't a type, so it can't be used as a type argument • flutter/dev/bots/custom_rules/no_double_clamp.dart:42:52 • non_type_as_type_argument
  error • Undefined class 'AstNode' • flutter/dev/bots/custom_rules/no_double_clamp.dart:43:20 • undefined_class
  error • Classes can only extend other classes • flutter/dev/bots/custom_rules/no_double_clamp.dart:53:35 • extends_non_class
  error • The name 'AstNode' isn't a type, so it can't be used as a type argument • flutter/dev/bots/custom_rules/no_double_clamp.dart:54:14 • non_type_as_type_argument
  error • The name 'AstNode' isn't a type, so it can't be used as a type argument • flutter/dev/bots/custom_rules/no_double_clamp.dart:54:43 • non_type_as_type_argument
warning • The method doesn't override an inherited method • flutter/dev/bots/custom_rules/no_double_clamp.dart:58:8 • override_on_non_overriding_member
  error • Undefined class 'ImportDirective' • flutter/dev/bots/custom_rules/no_double_clamp.dart:58:29 • undefined_class
warning • The method doesn't override an inherited method • flutter/dev/bots/custom_rules/no_double_clamp.dart:61:8 • override_on_non_overriding_member
  error • Undefined class 'ExportDirective' • flutter/dev/bots/custom_rules/no_double_clamp.dart:61:29 • undefined_class
warning • The method doesn't override an inherited method • flutter/dev/bots/custom_rules/no_double_clamp.dart:64:8 • override_on_non_overriding_member
  error • Undefined class 'Comment' • flutter/dev/bots/custom_rules/no_double_clamp.dart:64:21 • undefined_class
warning • The method doesn't override an inherited method • flutter/dev/bots/custom_rules/no_double_clamp.dart:67:8 • override_on_non_overriding_member
  error • Undefined class 'SimpleIdentifier' • flutter/dev/bots/custom_rules/no_double_clamp.dart:67:30 • undefined_class
  error • The name 'MethodElement' isn't defined, so it can't be used in an 'is' expression • flutter/dev/bots/custom_rules/no_double_clamp.dart:68:50 • type_test_with_undefined_name
  error • Expected to find ';' • flutter/dev/bots/custom_rules/no_double_clamp.dart:71:26 • expected_token
  error • Expected an identifier • flutter/dev/bots/custom_rules/no_double_clamp.dart:71:28 • missing_identifier
  error • Expected to find 'case' • flutter/dev/bots/custom_rules/no_double_clamp.dart:78:7 • expected_token
   info • Unnecessary empty statement • flutter/dev/bots/custom_rules/no_double_clamp.dart:110:6 • empty_statements
  error • Target of URI doesn't exist: 'package:analyzer/dart/analysis/results.dart' • flutter/dev/bots/custom_rules/no_stop_watches.dart:5:8 • uri_does_not_exist
  error • Target of URI doesn't exist: 'package:analyzer/dart/ast/ast.dart' • flutter/dev/bots/custom_rules/no_stop_watches.dart:6:8 • uri_does_not_exist
  error • Target of URI doesn't exist: 'package:analyzer/dart/ast/visitor.dart' • flutter/dev/bots/custom_rules/no_stop_watches.dart:7:8 • uri_does_not_exist
  error • Target of URI doesn't exist: 'package:analyzer/dart/element/element.dart' • flutter/dev/bots/custom_rules/no_stop_watches.dart:8:8 • uri_does_not_exist
  error • Target of URI doesn't exist: 'package:analyzer/dart/element/type.dart' • flutter/dev/bots/custom_rules/no_stop_watches.dart:9:8 • uri_does_not_exist
  error • The name 'ResolvedUnitResult' isn't a type, so it can't be used as a type argument • flutter/dev/bots/custom_rules/no_stop_watches.dart:26:13 • non_type_as_type_argument
  error • The name 'AstNode' isn't a type, so it can't be used as a type argument • flutter/dev/bots/custom_rules/no_stop_watches.dart:26:38 • non_type_as_type_argument
  error • The name 'ResolvedUnitResult' isn't a type, so it can't be used as a type argument • flutter/dev/bots/custom_rules/no_stop_watches.dart:26:59 • non_type_as_type_argument
  error • The name 'AstNode' isn't a type, so it can't be used as a type argument • flutter/dev/bots/custom_rules/no_stop_watches.dart:26:84 • non_type_as_type_argument
  error • Undefined class 'ResolvedUnitResult' • flutter/dev/bots/custom_rules/no_stop_watches.dart:29:16 • undefined_class
  error • The name 'AstNode' isn't a type, so it can't be used as a type argument • flutter/dev/bots/custom_rules/no_stop_watches.dart:32:16 • non_type_as_type_argument
  error • The name 'AstNode' isn't a type, so it can't be used as a type argument • flutter/dev/bots/custom_rules/no_stop_watches.dart:34:40 • non_type_as_type_argument
  error • Undefined class 'ResolvedUnitResult' • flutter/dev/bots/custom_rules/no_stop_watches.dart:44:27 • undefined_class
  error • Undefined class 'AstNode' • flutter/dev/bots/custom_rules/no_stop_watches.dart:44:52 • undefined_class
  error • The name 'ResolvedUnitResult' isn't a type, so it can't be used as a type argument • flutter/dev/bots/custom_rules/no_stop_watches.dart:49:27 • non_type_as_type_argument
  error • The name 'AstNode' isn't a type, so it can't be used as a type argument • flutter/dev/bots/custom_rules/no_stop_watches.dart:49:52 • non_type_as_type_argument
  error • Undefined class 'AstNode' • flutter/dev/bots/custom_rules/no_stop_watches.dart:50:20 • undefined_class
  error • Classes can only extend other classes • flutter/dev/bots/custom_rules/no_stop_watches.dart:64:33 • extends_non_class
  error • Undefined class 'ResolvedUnitResult' • flutter/dev/bots/custom_rules/no_stop_watches.dart:67:9 • undefined_class
  error • The name 'AstNode' isn't a type, so it can't be used as a type argument • flutter/dev/bots/custom_rules/no_stop_watches.dart:69:14 • non_type_as_type_argument
  error • The name 'AstNode' isn't a type, so it can't be used as a type argument • flutter/dev/bots/custom_rules/no_stop_watches.dart:69:47 • non_type_as_type_argument
  error • The name 'ClassElement' isn't a type, so it can't be used as a type argument • flutter/dev/bots/custom_rules/no_stop_watches.dart:71:13 • non_type_as_type_argument
  error • The name 'ClassElement' isn't a type, so it can't be used as a type argument • flutter/dev/bots/custom_rules/no_stop_watches.dart:71:66 • non_type_as_type_argument
  error • Undefined class 'ClassElement' • flutter/dev/bots/custom_rules/no_stop_watches.dart:73:47 • undefined_class
  error • Undefined class 'InterfaceType' • flutter/dev/bots/custom_rules/no_stop_watches.dart:77:44 • undefined_class
  error • Undefined class 'InterfaceElement' • flutter/dev/bots/custom_rules/no_stop_watches.dart:78:13 • undefined_class
  error • The name 'ClassElement' isn't defined, so it can't be used in an 'is' expression • flutter/dev/bots/custom_rules/no_stop_watches.dart:79:34 • type_test_with_undefined_name
  error • Undefined class 'ClassElement' • flutter/dev/bots/custom_rules/no_stop_watches.dart:84:29 • undefined_class
warning • The declaration '_isInternal' isn't referenced • flutter/dev/bots/custom_rules/no_stop_watches.dart:93:8 • unused_element
  error • Undefined class 'LibraryElement' • flutter/dev/bots/custom_rules/no_stop_watches.dart:93:20 • undefined_class
  error • Undefined class 'AstNode' • flutter/dev/bots/custom_rules/no_stop_watches.dart:100:34 • undefined_class
warning • The method doesn't override an inherited method • flutter/dev/bots/custom_rules/no_stop_watches.dart:111:8 • override_on_non_overriding_member
  error • Undefined class 'ImportDirective' • flutter/dev/bots/custom_rules/no_stop_watches.dart:111:29 • undefined_class
warning • The method doesn't override an inherited method • flutter/dev/bots/custom_rules/no_stop_watches.dart:114:8 • override_on_non_overriding_member
  error • Undefined class 'ExportDirective' • flutter/dev/bots/custom_rules/no_stop_watches.dart:114:29 • undefined_class
warning • The method doesn't override an inherited method • flutter/dev/bots/custom_rules/no_stop_watches.dart:117:8 • override_on_non_overriding_member
  error • Undefined class 'Comment' • flutter/dev/bots/custom_rules/no_stop_watches.dart:117:21 • undefined_class
warning • The method doesn't override an inherited method • flutter/dev/bots/custom_rules/no_stop_watches.dart:120:8 • override_on_non_overriding_member
  error • Undefined class 'ConstructorName' • flutter/dev/bots/custom_rules/no_stop_watches.dart:120:29 • undefined_class
  error • Undefined class 'Element' • flutter/dev/bots/custom_rules/no_stop_watches.dart:121:11 • undefined_class
  error • The name 'ConstructorElement' isn't defined, so it can't be used in an 'is' expression • flutter/dev/bots/custom_rules/no_stop_watches.dart:122:21 • type_test_with_undefined_name
  error • Expected to find ';' • flutter/dev/bots/custom_rules/no_stop_watches.dart:126:26 • expected_token
  error • Expected an identifier • flutter/dev/bots/custom_rules/no_stop_watches.dart:126:28 • missing_identifier
  error • Expected to find 'case' • flutter/dev/bots/custom_rules/no_stop_watches.dart:127:7 • expected_token
   info • Unnecessary empty statement • flutter/dev/bots/custom_rules/no_stop_watches.dart:131:6 • empty_statements
warning • The method doesn't override an inherited method • flutter/dev/bots/custom_rules/no_stop_watches.dart:139:8 • override_on_non_overriding_member
  error • Undefined class 'SimpleIdentifier' • flutter/dev/bots/custom_rules/no_stop_watches.dart:139:30 • undefined_class
  error • Expected to find ';' • flutter/dev/bots/custom_rules/no_stop_watches.dart:140:26 • expected_token
  error • Expected an identifier • flutter/dev/bots/custom_rules/no_stop_watches.dart:140:28 • missing_identifier
  error • Expected to find 'case' • flutter/dev/bots/custom_rules/no_stop_watches.dart:141:7 • expected_token
   info • Unnecessary empty statement • flutter/dev/bots/custom_rules/no_stop_watches.dart:147:6 • empty_statements
  error • Target of URI doesn't exist: 'package:analyzer/dart/analysis/results.dart' • flutter/dev/bots/custom_rules/protect_public_state_subtypes.dart:8:8 • uri_does_not_exist
  error • Target of URI doesn't exist: 'package:analyzer/dart/ast/ast.dart' • flutter/dev/bots/custom_rules/protect_public_state_subtypes.dart:9:8 • uri_does_not_exist
  error • Target of URI doesn't exist: 'package:analyzer/dart/ast/visitor.dart' • flutter/dev/bots/custom_rules/protect_public_state_subtypes.dart:10:8 • uri_does_not_exist
  error • Target of URI doesn't exist: 'package:analyzer/dart/element/element.dart' • flutter/dev/bots/custom_rules/protect_public_state_subtypes.dart:11:8 • uri_does_not_exist
  error • Target of URI doesn't exist: 'package:analyzer/dart/element/type.dart' • flutter/dev/bots/custom_rules/protect_public_state_subtypes.dart:12:8 • uri_does_not_exist
  error • The name 'ResolvedUnitResult' isn't a type, so it can't be used as a type argument • flutter/dev/bots/custom_rules/protect_public_state_subtypes.dart:20:13 • non_type_as_type_argument
  error • The name 'MethodDeclaration' isn't a type, so it can't be used as a type argument • flutter/dev/bots/custom_rules/protect_public_state_subtypes.dart:20:38 • non_type_as_type_argument
  error • The name 'ResolvedUnitResult' isn't a type, so it can't be used as a type argument • flutter/dev/bots/custom_rules/protect_public_state_subtypes.dart:21:8 • non_type_as_type_argument
  error • The name 'MethodDeclaration' isn't a type, so it can't be used as a type argument • flutter/dev/bots/custom_rules/protect_public_state_subtypes.dart:21:33 • non_type_as_type_argument
  error • Undefined class 'ResolvedUnitResult' • flutter/dev/bots/custom_rules/protect_public_state_subtypes.dart:24:16 • undefined_class
  error • The name 'MethodDeclaration' isn't a type, so it can't be used as a type argument • flutter/dev/bots/custom_rules/protect_public_state_subtypes.dart:27:16 • non_type_as_type_argument
  error • The name 'MethodDeclaration' isn't a type, so it can't be used as a type argument • flutter/dev/bots/custom_rules/protect_public_state_subtypes.dart:29:40 • non_type_as_type_argument
  error • The name 'ResolvedUnitResult' isn't a type, so it can't be used as a type argument • flutter/dev/bots/custom_rules/protect_public_state_subtypes.dart:40:27 • non_type_as_type_argument
  error • The name 'MethodDeclaration' isn't a type, so it can't be used as a type argument • flutter/dev/bots/custom_rules/protect_public_state_subtypes.dart:40:52 • non_type_as_type_argument
  error • Undefined class 'MethodDeclaration' • flutter/dev/bots/custom_rules/protect_public_state_subtypes.dart:41:20 • undefined_class
  error • Classes can only extend other classes • flutter/dev/bots/custom_rules/protect_public_state_subtypes.dart:52:37 • extends_non_class
  error • The name 'MethodDeclaration' isn't a type, so it can't be used as a type argument • flutter/dev/bots/custom_rules/protect_public_state_subtypes.dart:53:14 • non_type_as_type_argument
  error • The name 'MethodDeclaration' isn't a type, so it can't be used as a type argument • flutter/dev/bots/custom_rules/protect_public_state_subtypes.dart:53:55 • non_type_as_type_argument
  error • Undefined class 'DartType' • flutter/dev/bots/custom_rules/protect_public_state_subtypes.dart:56:10 • undefined_class
  error • Undefined class 'InterfaceElement' • flutter/dev/bots/custom_rules/protect_public_state_subtypes.dart:58:36 • undefined_class
  error • Undefined class 'InterfaceType' • flutter/dev/bots/custom_rules/protect_public_state_subtypes.dart:65:16 • undefined_class
warning • The method doesn't override an inherited method • flutter/dev/bots/custom_rules/protect_public_state_subtypes.dart:75:8 • override_on_non_overriding_member
  error • Undefined class 'ClassDeclaration' • flutter/dev/bots/custom_rules/protect_public_state_subtypes.dart:75:30 • undefined_class
warning • The method doesn't override an inherited method • flutter/dev/bots/custom_rules/protect_public_state_subtypes.dart:84:8 • override_on_non_overriding_member
  error • Undefined class 'MethodDeclaration' • flutter/dev/bots/custom_rules/protect_public_state_subtypes.dart:84:31 • undefined_class
  error • Target of URI doesn't exist: 'package:analyzer/dart/analysis/results.dart' • flutter/dev/bots/custom_rules/render_box_intrinsics.dart:5:8 • uri_does_not_exist
  error • Target of URI doesn't exist: 'package:analyzer/dart/ast/ast.dart' • flutter/dev/bots/custom_rules/render_box_intrinsics.dart:6:8 • uri_does_not_exist
  error • Target of URI doesn't exist: 'package:analyzer/dart/ast/visitor.dart' • flutter/dev/bots/custom_rules/render_box_intrinsics.dart:7:8 • uri_does_not_exist
  error • Target of URI doesn't exist: 'package:analyzer/dart/element/element.dart' • flutter/dev/bots/custom_rules/render_box_intrinsics.dart:8:8 • uri_does_not_exist
  error • Target of URI doesn't exist: 'package:analyzer/dart/element/type.dart' • flutter/dev/bots/custom_rules/render_box_intrinsics.dart:9:8 • uri_does_not_exist
  error • The name 'ResolvedUnitResult' isn't a type, so it can't be used as a type argument • flutter/dev/bots/custom_rules/render_box_intrinsics.dart:30:13 • non_type_as_type_argument
  error • This requires the 'records' language feature to be enabled • flutter/dev/bots/custom_rules/render_box_intrinsics.dart:30:38 • experiment_not_enabled
  error • The name 'ResolvedUnitResult' isn't a type, so it can't be used as a type argument • flutter/dev/bots/custom_rules/render_box_intrinsics.dart:31:8 • non_type_as_type_argument
  error • This requires the 'records' language feature to be enabled • flutter/dev/bots/custom_rules/render_box_intrinsics.dart:31:33 • experiment_not_enabled
  error • Undefined class 'ResolvedUnitResult' • flutter/dev/bots/custom_rules/render_box_intrinsics.dart:34:16 • undefined_class
  error • This requires the 'records' language feature to be enabled • flutter/dev/bots/custom_rules/render_box_intrinsics.dart:37:16 • experiment_not_enabled
  error • This requires the 'records' language feature to be enabled • flutter/dev/bots/custom_rules/render_box_intrinsics.dart:39:40 • experiment_not_enabled
warning • The value of the local variable '<unnamed>' isn't used • flutter/dev/bots/custom_rules/render_box_intrinsics.dart:44:8 • unused_local_variable
  error • The name 'ResolvedUnitResult' isn't a type, so it can't be used as a type argument • flutter/dev/bots/custom_rules/render_box_intrinsics.dart:50:27 • non_type_as_type_argument
  error • This requires the 'records' language feature to be enabled • flutter/dev/bots/custom_rules/render_box_intrinsics.dart:50:52 • experiment_not_enabled
   info • Missing type annotation • flutter/dev/bots/custom_rules/render_box_intrinsics.dart:51:14 • always_specify_types
  error • Expected an identifier • flutter/dev/bots/custom_rules/render_box_intrinsics.dart:51:20 • missing_identifier
  error • Expected to find ';' • flutter/dev/bots/custom_rules/render_box_intrinsics.dart:51:20 • expected_token
   info • An uninitialized variable should have an explicit type annotation • flutter/dev/bots/custom_rules/render_box_intrinsics.dart:51:21 • prefer_typing_uninitialized_variables
warning • The type of  can't be inferred without either a type or initializer • flutter/dev/bots/custom_rules/render_box_intrinsics.dart:51:21 • inference_failure_on_uninitialized_variable
  error • Expected to find ';' • flutter/dev/bots/custom_rules/render_box_intrinsics.dart:51:21 • expected_token
  error • Undefined name 'AstNode' • flutter/dev/bots/custom_rules/render_box_intrinsics.dart:51:21 • undefined_identifier
  error • Undefined name 'node' • flutter/dev/bots/custom_rules/render_box_intrinsics.dart:51:29 • undefined_identifier
  error • Unexpected text 'suggestion' • flutter/dev/bots/custom_rules/render_box_intrinsics.dart:51:42 • unexpected_token
  error • Undefined name 'node' • flutter/dev/bots/custom_rules/render_box_intrinsics.dart:52:40 • undefined_identifier
  error • Undefined name 'node' • flutter/dev/bots/custom_rules/render_box_intrinsics.dart:52:68 • undefined_identifier
  error • Undefined name 'suggestion' • flutter/dev/bots/custom_rules/render_box_intrinsics.dart:52:100 • undefined_identifier
  error • Classes can only extend other classes • flutter/dev/bots/custom_rules/render_box_intrinsics.dart:61:41 • extends_non_class
  error • This requires the 'records' language feature to be enabled • flutter/dev/bots/custom_rules/render_box_intrinsics.dart:62:14 • experiment_not_enabled
  error • This requires the 'records' language feature to be enabled • flutter/dev/bots/custom_rules/render_box_intrinsics.dart:62:51 • experiment_not_enabled
  error • The name 'InterfaceElement' isn't a type, so it can't be used as a type argument • flutter/dev/bots/custom_rules/render_box_intrinsics.dart:64:20 • non_type_as_type_argument
  error • The name 'InterfaceElement' isn't a type, so it can't be used as a type argument • flutter/dev/bots/custom_rules/render_box_intrinsics.dart:65:8 • non_type_as_type_argument
  error • Undefined class 'InterfaceElement' • flutter/dev/bots/custom_rules/render_box_intrinsics.dart:67:36 • undefined_class
  error • Undefined class 'InterfaceElement' • flutter/dev/bots/custom_rules/render_box_intrinsics.dart:79:43 • undefined_class
  error • Undefined class 'InterfaceType' • flutter/dev/bots/custom_rules/render_box_intrinsics.dart:81:8 • undefined_class
warning • The method doesn't override an inherited method • flutter/dev/bots/custom_rules/render_box_intrinsics.dart:87:8 • override_on_non_overriding_member
  error • Undefined class 'ImportDirective' • flutter/dev/bots/custom_rules/render_box_intrinsics.dart:87:29 • undefined_class
warning • The method doesn't override an inherited method • flutter/dev/bots/custom_rules/render_box_intrinsics.dart:89:8 • override_on_non_overriding_member
  error • Undefined class 'ExportDirective' • flutter/dev/bots/custom_rules/render_box_intrinsics.dart:89:29 • undefined_class
warning • The method doesn't override an inherited method • flutter/dev/bots/custom_rules/render_box_intrinsics.dart:91:8 • override_on_non_overriding_member
  error • Undefined class 'Comment' • flutter/dev/bots/custom_rules/render_box_intrinsics.dart:91:21 • undefined_class
warning • The method doesn't override an inherited method • flutter/dev/bots/custom_rules/render_box_intrinsics.dart:93:8 • override_on_non_overriding_member
  error • Undefined class 'AssertStatement' • flutter/dev/bots/custom_rules/render_box_intrinsics.dart:93:29 • undefined_class
warning • The method doesn't override an inherited method • flutter/dev/bots/custom_rules/render_box_intrinsics.dart:96:8 • override_on_non_overriding_member
  error • Undefined class 'ClassDeclaration' • flutter/dev/bots/custom_rules/render_box_intrinsics.dart:96:30 • undefined_class
  error • The method 'visitClassDeclaration' isn't defined in a superclass of '_RenderBoxSubclassVisitor' • flutter/dev/bots/custom_rules/render_box_intrinsics.dart:100:13 • undefined_super_member
warning • The method doesn't override an inherited method • flutter/dev/bots/custom_rules/render_box_intrinsics.dart:105:8 • override_on_non_overriding_member
  error • Undefined class 'SimpleIdentifier' • flutter/dev/bots/custom_rules/render_box_intrinsics.dart:105:30 • undefined_class
  error • Expected to find ';' • flutter/dev/bots/custom_rules/render_box_intrinsics.dart:110:45 • expected_token
  error • Expected an identifier • flutter/dev/bots/custom_rules/render_box_intrinsics.dart:110:47 • missing_identifier
  error • Expected to find 'case' • flutter/dev/bots/custom_rules/render_box_intrinsics.dart:111:7 • expected_token
   info • Unnecessary empty statement • flutter/dev/bots/custom_rules/render_box_intrinsics.dart:114:6 • empty_statements
  error • Undefined class 'Element' • flutter/dev/bots/custom_rules/render_box_intrinsics.dart:118:11 • undefined_class
  error • The name 'InterfaceElement' isn't defined, so it can't be used in an 'is' expression • flutter/dev/bots/custom_rules/render_box_intrinsics.dart:119:35 • type_test_with_undefined_name
   info • Unnecessary use of parentheses • flutter/dev/bots/custom_rules/render_box_intrinsics.dart:121:26 • unnecessary_parenthesis
  error • This requires the 'records' language feature to be enabled • flutter/dev/bots/custom_rules/render_box_intrinsics.dart:121:26 • experiment_not_enabled
  error • Target of URI doesn't exist: 'package:process/process.dart' • flutter/dev/bots/post_process_docs.dart:14:8 • uri_does_not_exist
   info • This expression is not valid in a 'case' clause in Dart 3.0 • flutter/dev/bots/post_process_docs.dart:54:10 • invalid_case_patterns
  error • Case expressions must be constant • flutter/dev/bots/post_process_docs.dart:54:10 • non_constant_case_expression
  error • The class 'VersionError' doesn't have an unnamed constant constructor • flutter/dev/bots/post_process_docs.dart:54:10 • const_with_undefined_constructor_default
  error • Expected an identifier • flutter/dev/bots/post_process_docs.dart:54:23 • missing_identifier
  error • Expected an identifier • flutter/dev/bots/post_process_docs.dart:54:24 • missing_identifier
  error • Expected to find ')' • flutter/dev/bots/post_process_docs.dart:54:24 • expected_token
  error • Undefined name 'error' • flutter/dev/bots/post_process_docs.dart:55:47 • undefined_identifier
   info • This expression is not valid in a 'case' clause in Dart 3.0 • flutter/dev/bots/post_process_docs.dart:57:10 • invalid_case_patterns
  error • Case expressions must be constant • flutter/dev/bots/post_process_docs.dart:57:10 • non_constant_case_expression
  error • The class 'VersionOk' doesn't have an unnamed constant constructor • flutter/dev/bots/post_process_docs.dart:57:10 • const_with_undefined_constructor_default
  error • Expected an identifier • flutter/dev/bots/post_process_docs.dart:57:29 • missing_identifier
  error • Expected to find ')' • flutter/dev/bots/post_process_docs.dart:57:29 • expected_token
  error • Undefined name 'parsedVersion' • flutter/dev/bots/post_process_docs.dart:58:17 • undefined_identifier
  error • The final variable 'version' can't be read because it's potentially unassigned at this point • flutter/dev/bots/post_process_docs.dart:64:28 • read_potentially_unassigned_final
  error • Undefined class 'ProcessManager' • flutter/dev/bots/post_process_docs.dart:72:22 • undefined_class
  error • The name 'LocalProcessManager' isn't a class • flutter/dev/bots/post_process_docs.dart:72:60 • creation_with_non_type
  error • Undefined class 'ProcessManager' • flutter/dev/bots/post_process_docs.dart:95:22 • undefined_class
  error • The name 'LocalProcessManager' isn't a class • flutter/dev/bots/post_process_docs.dart:95:60 • creation_with_non_type
  error • Undefined class 'ProcessManager' • flutter/dev/bots/post_process_docs.dart:121:22 • undefined_class
  error • The name 'LocalProcessManager' isn't a class • flutter/dev/bots/post_process_docs.dart:121:60 • creation_with_non_type
  error • Target of URI doesn't exist: 'package:convert/convert.dart' • flutter/dev/bots/prepare_package/archive_creator.dart:9:8 • uri_does_not_exist
  error • Target of URI doesn't exist: 'package:pool/pool.dart' • flutter/dev/bots/prepare_package/archive_creator.dart:15:8 • uri_does_not_exist
  error • Target of URI doesn't exist: 'package:process/process.dart' • flutter/dev/bots/prepare_package/archive_creator.dart:16:8 • uri_does_not_exist
  error • Undefined class 'ProcessManager' • flutter/dev/bots/prepare_package/archive_creator.dart:41:5 • undefined_class
  error • Undefined class 'Pool' • flutter/dev/bots/prepare_package/archive_creator.dart:289:11 • undefined_class
  error • The method 'Pool' isn't defined for the type 'ArchiveCreator' • flutter/dev/bots/prepare_package/archive_creator.dart:289:23 • undefined_method
  error • Undefined name 'hex' • flutter/dev/bots/prepare_package/archive_creator.dart:349:17 • undefined_identifier
  error • Target of URI doesn't exist: 'package:convert/convert.dart' • flutter/dev/bots/prepare_package/archive_publisher.dart:7:8 • uri_does_not_exist
  error • Target of URI doesn't exist: 'package:process/process.dart' • flutter/dev/bots/prepare_package/archive_publisher.dart:12:8 • uri_does_not_exist
  error • Undefined class 'ProcessManager' • flutter/dev/bots/prepare_package/archive_publisher.dart:25:5 • undefined_class
  error • Undefined class 'AccumulatorSink' • flutter/dev/bots/prepare_package/archive_publisher.dart:54:11 • undefined_class
  error • The method 'AccumulatorSink' isn't defined for the type 'ArchivePublisher' • flutter/dev/bots/prepare_package/archive_publisher.dart:54:48 • undefined_method
  error • Target of URI doesn't exist: 'package:process/process.dart' • flutter/dev/bots/prepare_package/process_runner.dart:10:8 • uri_does_not_exist
  error • Undefined class 'ProcessManager' • flutter/dev/bots/prepare_package/process_runner.dart:20:5 • undefined_class
  error • The name 'LocalProcessManager' isn't a class • flutter/dev/bots/prepare_package/process_runner.dart:24:49 • creation_with_non_type
  error • Undefined class 'ProcessManager' • flutter/dev/bots/prepare_package/process_runner.dart:37:9 • undefined_class
  error • The 'case' shouldn't complete normally • flutter/dev/bots/run_command.dart:122:13 • switch_case_completes_normally
  error • The 'case' shouldn't complete normally • flutter/dev/bots/run_command.dart:135:13 • switch_case_completes_normally
  error • This requires the 'null-aware-elements' language feature to be enabled • flutter/dev/bots/run_command.dart:215:7 • experiment_not_enabled
  error • The element type 'String?' can't be assigned to the list type 'String' • flutter/dev/bots/run_command.dart:215:8 • list_element_type_not_assignable
  error • Target of URI doesn't exist: 'package:shelf/shelf.dart' • flutter/dev/bots/service_worker_test.dart:9:8 • uri_does_not_exist
  error • Expected to find ';' • flutter/dev/bots/service_worker_test.dart:160:3 • expected_token
warning • Dead code • flutter/dev/bots/service_worker_test.dart:160:10 • dead_code
warning • Missing case clause for 'blockedServiceWorkers' • flutter/dev/bots/service_worker_test.dart:160:10 • missing_enum_constant_in_switch
warning • Missing case clause for 'generatedEntrypoint' • flutter/dev/bots/service_worker_test.dart:160:10 • missing_enum_constant_in_switch
warning • Missing case clause for 'withFlutterJs' • flutter/dev/bots/service_worker_test.dart:160:10 • missing_enum_constant_in_switch
warning • Missing case clause for 'withFlutterJsCustomServiceWorkerVersion' • flutter/dev/bots/service_worker_test.dart:160:10 • missing_enum_constant_in_switch
warning • Missing case clause for 'withFlutterJsEntrypointLoadedEvent' • flutter/dev/bots/service_worker_test.dart:160:10 • missing_enum_constant_in_switch
warning • Missing case clause for 'withFlutterJsNonceOn' • flutter/dev/bots/service_worker_test.dart:160:10 • missing_enum_constant_in_switch
warning • Missing case clause for 'withFlutterJsShort' • flutter/dev/bots/service_worker_test.dart:160:10 • missing_enum_constant_in_switch
warning • Missing case clause for 'withFlutterJsTrustedTypesOn' • flutter/dev/bots/service_worker_test.dart:160:10 • missing_enum_constant_in_switch
warning • Missing case clause for 'withoutFlutterJs' • flutter/dev/bots/service_worker_test.dart:160:10 • missing_enum_constant_in_switch
  error • Expected an identifier • flutter/dev/bots/service_worker_test.dart:160:10 • missing_identifier
  error • Expected to find 'case' • flutter/dev/bots/service_worker_test.dart:161:5 • expected_token
   info • Unnecessary empty statement • flutter/dev/bots/service_worker_test.dart:172:4 • empty_statements
  error • Undefined class 'Matcher' • flutter/dev/bots/service_worker_test.dart:226:9 • undefined_class
  error • The function 'wrapMatcher' isn't defined • flutter/dev/bots/service_worker_test.dart:226:27 • undefined_function
  error • Undefined class 'StringDescription' • flutter/dev/bots/service_worker_test.dart:232:9 • undefined_class
  error • The function 'StringDescription' isn't defined • flutter/dev/bots/service_worker_test.dart:232:49 • undefined_function
  error • The function 'StringDescription' isn't defined • flutter/dev/bots/service_worker_test.dart:257:39 • undefined_function
  error • The name 'Handler' isn't a type, so it can't be used as a type argument • flutter/dev/bots/service_worker_test.dart:306:35 • non_type_as_type_argument
  error • Undefined class 'Request' • flutter/dev/bots/service_worker_test.dart:307:10 • undefined_class
  error • Undefined name 'Response' • flutter/dev/bots/service_worker_test.dart:310:20 • undefined_identifier
  error • Undefined name 'Response' • flutter/dev/bots/service_worker_test.dart:316:20 • undefined_identifier
  error • Undefined name 'Response' • flutter/dev/bots/service_worker_test.dart:318:18 • undefined_identifier
  error • The name 'Handler' isn't a type, so it can't be used as a type argument • flutter/dev/bots/service_worker_test.dart:521:35 • non_type_as_type_argument
  error • Undefined class 'Request' • flutter/dev/bots/service_worker_test.dart:522:10 • undefined_class
  error • Undefined name 'Response' • flutter/dev/bots/service_worker_test.dart:525:20 • undefined_identifier
  error • Undefined name 'Response' • flutter/dev/bots/service_worker_test.dart:530:20 • undefined_identifier
  error • Undefined name 'Response' • flutter/dev/bots/service_worker_test.dart:532:18 • undefined_identifier
  error • The name 'Handler' isn't a type, so it can't be used as a type argument • flutter/dev/bots/service_worker_test.dart:668:35 • non_type_as_type_argument
  error • Undefined class 'Request' • flutter/dev/bots/service_worker_test.dart:669:10 • undefined_class
  error • Undefined name 'Response' • flutter/dev/bots/service_worker_test.dart:672:20 • undefined_identifier
  error • Undefined name 'Response' • flutter/dev/bots/service_worker_test.dart:677:20 • undefined_identifier
  error • Undefined name 'Response' • flutter/dev/bots/service_worker_test.dart:679:18 • undefined_identifier
  error • The name 'Handler' isn't a type, so it can't be used as a type argument • flutter/dev/bots/service_worker_test.dart:744:35 • non_type_as_type_argument
  error • Undefined class 'Request' • flutter/dev/bots/service_worker_test.dart:745:10 • undefined_class
  error • Undefined name 'Response' • flutter/dev/bots/service_worker_test.dart:748:20 • undefined_identifier
  error • Undefined name 'Response' • flutter/dev/bots/service_worker_test.dart:753:20 • undefined_identifier
  error • Undefined name 'Response' • flutter/dev/bots/service_worker_test.dart:755:18 • undefined_identifier
warning • Unnecessary cast • flutter/dev/bots/suite_runners/run_framework_tests.dart:134:39 • unnecessary_cast
  error • Conditions must have a static type of 'bool' • flutter/dev/bots/suite_runners/run_test_harness_tests.dart:131:7 • non_bool_condition
  error • Expected to find ')' • flutter/dev/bots/suite_runners/run_test_harness_tests.dart:131:33 • expected_token
  error • Undefined name 'e' • flutter/dev/bots/suite_runners/run_test_harness_tests.dart:132:25 • undefined_identifier
  error • Conditions must have a static type of 'bool' • flutter/dev/bots/suite_runners/run_test_harness_tests.dart:159:7 • non_bool_condition
  error • Expected to find ')' • flutter/dev/bots/suite_runners/run_test_harness_tests.dart:159:91 • expected_token
  error • Undefined name 'parsedVersion' • flutter/dev/bots/suite_runners/run_test_harness_tests.dart:162:23 • undefined_identifier
  error • Target of URI doesn't exist: 'package:process/process.dart' • flutter/dev/bots/suite_runners/run_verify_binaries_codesigned_tests.dart:10:8 • uri_does_not_exist
  error • Undefined class 'ProcessManager' • flutter/dev/bots/suite_runners/run_verify_binaries_codesigned_tests.dart:183:22 • undefined_class
  error • The name 'LocalProcessManager' isn't a class • flutter/dev/bots/suite_runners/run_verify_binaries_codesigned_tests.dart:183:60 • creation_with_non_type
  error • Undefined class 'ProcessManager' • flutter/dev/bots/suite_runners/run_verify_binaries_codesigned_tests.dart:224:22 • undefined_class
  error • The name 'LocalProcessManager' isn't a class • flutter/dev/bots/suite_runners/run_verify_binaries_codesigned_tests.dart:224:60 • creation_with_non_type
  error • Undefined class 'ProcessManager' • flutter/dev/bots/suite_runners/run_verify_binaries_codesigned_tests.dart:341:22 • undefined_class
  error • The name 'LocalProcessManager' isn't a class • flutter/dev/bots/suite_runners/run_verify_binaries_codesigned_tests.dart:341:60 • creation_with_non_type
  error • Undefined class 'ProcessManager' • flutter/dev/bots/suite_runners/run_verify_binaries_codesigned_tests.dart:367:22 • undefined_class
  error • The name 'LocalProcessManager' isn't a class • flutter/dev/bots/suite_runners/run_verify_binaries_codesigned_tests.dart:367:60 • creation_with_non_type
  error • Undefined class 'ProcessManager' • flutter/dev/bots/suite_runners/run_verify_binaries_codesigned_tests.dart:389:22 • undefined_class
  error • The name 'LocalProcessManager' isn't a class • flutter/dev/bots/suite_runners/run_verify_binaries_codesigned_tests.dart:389:60 • creation_with_non_type
  error • Undefined class 'ProcessManager' • flutter/dev/bots/suite_runners/run_verify_binaries_codesigned_tests.dart:404:22 • undefined_class
  error • The name 'LocalProcessManager' isn't a class • flutter/dev/bots/suite_runners/run_verify_binaries_codesigned_tests.dart:404:60 • creation_with_non_type
  error • Expected to find ';' • flutter/dev/bots/test/analyze-gen-defaults/dev/tools/gen_defaults/bin/template.dart:175:5 • expected_token
warning • Dead code • flutter/dev/bots/test/analyze-gen-defaults/dev/tools/gen_defaults/bin/template.dart:175:12 • dead_code
  error • Expected an identifier • flutter/dev/bots/test/analyze-gen-defaults/dev/tools/gen_defaults/bin/template.dart:175:12 • missing_identifier
  error • Expected to find 'case' • flutter/dev/bots/test/analyze-gen-defaults/dev/tools/gen_defaults/bin/template.dart:176:7 • expected_token
   info • Unnecessary empty statement • flutter/dev/bots/test/analyze-gen-defaults/dev/tools/gen_defaults/bin/template.dart:180:6 • empty_statements
  error • Expected to find ';' • flutter/dev/bots/test/analyze-test-input/root/dev/tools/localization/bin/gen_localizations.dart:6:21 • expected_token
  error • Expected an identifier • flutter/dev/bots/test/analyze-test-input/root/dev/tools/localization/bin/gen_localizations.dart:6:23 • missing_identifier
  error • Expected to find 'case' • flutter/dev/bots/test/analyze-test-input/root/dev/tools/localization/bin/gen_localizations.dart:7:5 • expected_token
   info • Unnecessary empty statement • flutter/dev/bots/test/analyze-test-input/root/dev/tools/localization/bin/gen_localizations.dart:10:4 • empty_statements
  error • Undefined name 'Tags' used as an annotation • flutter/dev/bots/test/analyze-test-input/root/packages/foo/golden_ignore.dart:8:1 • undefined_annotation
  error • Target of URI doesn't exist: 'package:test/test.dart' • flutter/dev/bots/test/analyze-test-input/root/packages/foo/golden_ignore.dart:11:8 • uri_does_not_exist
  error • Undefined name 'Tags' used as an annotation • flutter/dev/bots/test/analyze-test-input/root/packages/foo/golden_missing_tag.dart:6:1 • undefined_annotation
  error • Target of URI doesn't exist: 'package:test/test.dart' • flutter/dev/bots/test/analyze-test-input/root/packages/foo/golden_missing_tag.dart:9:8 • uri_does_not_exist
  error • The function 'test' isn't defined • flutter/dev/bots/test/analyze_snippet_code_test.dart:58:3 • undefined_function
  error • The function 'expect' isn't defined • flutter/dev/bots/test/analyze_snippet_code_test.dart:67:7 • undefined_function
  error • Undefined name 'isEmpty' • flutter/dev/bots/test/analyze_snippet_code_test.dart:67:30 • undefined_identifier
  error • The function 'expect' isn't defined • flutter/dev/bots/test/analyze_snippet_code_test.dart:69:7 • undefined_function
  error • The function 'expect' isn't defined • flutter/dev/bots/test/analyze_snippet_code_test.dart:75:7 • undefined_function
  error • The function 'expect' isn't defined • flutter/dev/bots/test/analyze_snippet_code_test.dart:81:7 • undefined_function
  error • The function 'test' isn't defined • flutter/dev/bots/test/analyze_snippet_code_test.dart:87:3 • undefined_function
  error • The function 'expect' isn't defined • flutter/dev/bots/test/analyze_snippet_code_test.dart:96:7 • undefined_function
  error • Undefined name 'isEmpty' • flutter/dev/bots/test/analyze_snippet_code_test.dart:96:30 • undefined_identifier
  error • The function 'expect' isn't defined • flutter/dev/bots/test/analyze_snippet_code_test.dart:98:7 • undefined_function
  error • The function 'expect' isn't defined • flutter/dev/bots/test/analyze_snippet_code_test.dart:104:7 • undefined_function
  error • The function 'expect' isn't defined • flutter/dev/bots/test/analyze_snippet_code_test.dart:111:7 • undefined_function
  error • The function 'expect' isn't defined • flutter/dev/bots/test/analyze_test.dart:27:5 • undefined_function
  error • The function 'test' isn't defined • flutter/dev/bots/test/analyze_test.dart:56:3 • undefined_function
  error • The function 'expect' isn't defined • flutter/dev/bots/test/analyze_test.dart:67:5 • undefined_function
  error • The function 'test' isn't defined • flutter/dev/bots/test/analyze_test.dart:70:3 • undefined_function
  error • The function 'expect' isn't defined • flutter/dev/bots/test/analyze_test.dart:76:5 • undefined_function
  error • The function 'test' isn't defined • flutter/dev/bots/test/analyze_test.dart:87:3 • undefined_function
  error • The function 'expect' isn't defined • flutter/dev/bots/test/analyze_test.dart:101:5 • undefined_function
  error • The function 'expect' isn't defined • flutter/dev/bots/test/analyze_test.dart:106:5 • undefined_function
  error • The function 'expect' isn't defined • flutter/dev/bots/test/analyze_test.dart:110:5 • undefined_function
  error • The function 'expect' isn't defined • flutter/dev/bots/test/analyze_test.dart:111:5 • undefined_function
  error • The function 'expect' isn't defined • flutter/dev/bots/test/analyze_test.dart:115:5 • undefined_function
  error • The function 'expect' isn't defined • flutter/dev/bots/test/analyze_test.dart:119:5 • undefined_function
  error • The function 'test' isn't defined • flutter/dev/bots/test/analyze_test.dart:122:3 • undefined_function
  error • The function 'expect' isn't defined • flutter/dev/bots/test/analyze_test.dart:131:5 • undefined_function
  error • The function 'test' isn't defined • flutter/dev/bots/test/analyze_test.dart:145:3 • undefined_function
  error • The function 'expect' isn't defined • flutter/dev/bots/test/analyze_test.dart:154:5 • undefined_function
  error • The function 'test' isn't defined • flutter/dev/bots/test/analyze_test.dart:162:3 • undefined_function
  error • The function 'expect' isn't defined • flutter/dev/bots/test/analyze_test.dart:182:5 • undefined_function
  error • The function 'test' isn't defined • flutter/dev/bots/test/analyze_test.dart:190:3 • undefined_function
  error • The function 'expect' isn't defined • flutter/dev/bots/test/analyze_test.dart:199:7 • undefined_function
  error • The function 'test' isn't defined • flutter/dev/bots/test/analyze_test.dart:215:3 • undefined_function
  error • The function 'expect' isn't defined • flutter/dev/bots/test/analyze_test.dart:227:5 • undefined_function
  error • The function 'contains' isn't defined • flutter/dev/bots/test/analyze_test.dart:227:20 • undefined_function
  error • The function 'expect' isn't defined • flutter/dev/bots/test/analyze_test.dart:228:5 • undefined_function
  error • The function 'contains' isn't defined • flutter/dev/bots/test/analyze_test.dart:228:20 • undefined_function
  error • The function 'expect' isn't defined • flutter/dev/bots/test/analyze_test.dart:238:5 • undefined_function
  error • The function 'contains' isn't defined • flutter/dev/bots/test/analyze_test.dart:240:7 • undefined_function
  error • The function 'expect' isn't defined • flutter/dev/bots/test/analyze_test.dart:244:5 • undefined_function
  error • The function 'contains' isn't defined • flutter/dev/bots/test/analyze_test.dart:246:7 • undefined_function
  error • The function 'test' isn't defined • flutter/dev/bots/test/analyze_test.dart:250:3 • undefined_function
  error • The function 'test' isn't defined • flutter/dev/bots/test/analyze_test.dart:267:3 • undefined_function
  error • The function 'expect' isn't defined • flutter/dev/bots/test/analyze_test.dart:274:5 • undefined_function
  error • The function 'test' isn't defined • flutter/dev/bots/test/analyze_test.dart:289:3 • undefined_function
  error • The function 'expect' isn't defined • flutter/dev/bots/test/analyze_test.dart:298:5 • undefined_function
  error • The function 'test' isn't defined • flutter/dev/bots/test/analyze_test.dart:312:3 • undefined_function
  error • The function 'expect' isn't defined • flutter/dev/bots/test/analyze_test.dart:325:5 • undefined_function
  error • The function 'test' isn't defined • flutter/dev/bots/test/analyze_test.dart:337:3 • undefined_function
  error • The function 'expect' isn't defined • flutter/dev/bots/test/analyze_test.dart:350:5 • undefined_function
  error • The function 'test' isn't defined • flutter/dev/bots/test/analyze_test.dart:363:3 • undefined_function
  error • The function 'expect' isn't defined • flutter/dev/bots/test/analyze_test.dart:375:5 • undefined_function
  error • The function 'test' isn't defined • flutter/dev/bots/test/analyze_test.dart:387:3 • undefined_function
  error • The function 'expect' isn't defined • flutter/dev/bots/test/analyze_test.dart:397:5 • undefined_function
  error • The function 'setUp' isn't defined • flutter/dev/bots/test/check_code_samples_test.dart:102:3 • undefined_function
  error • The function 'test' isn't defined • flutter/dev/bots/test/check_code_samples_test.dart:132:3 • undefined_function
  error • The function 'expect' isn't defined • flutter/dev/bots/test/check_code_samples_test.dart:150:5 • undefined_function
  error • The function 'equals' isn't defined • flutter/dev/bots/test/check_code_samples_test.dart:150:20 • undefined_function
  error • The function 'expect' isn't defined • flutter/dev/bots/test/check_code_samples_test.dart:151:5 • undefined_function
  error • The function 'equals' isn't defined • flutter/dev/bots/test/check_code_samples_test.dart:151:21 • undefined_function
  error • The function 'test' isn't defined • flutter/dev/bots/test/check_code_samples_test.dart:154:3 • undefined_function
  error • The function 'expect' isn't defined • flutter/dev/bots/test/check_code_samples_test.dart:183:5 • undefined_function
  error • The function 'equals' isn't defined • flutter/dev/bots/test/check_code_samples_test.dart:183:20 • undefined_function
  error • The function 'expect' isn't defined • flutter/dev/bots/test/check_code_samples_test.dart:184:5 • undefined_function
  error • The function 'equals' isn't defined • flutter/dev/bots/test/check_code_samples_test.dart:184:21 • undefined_function
  error • The function 'test' isn't defined • flutter/dev/bots/test/check_code_samples_test.dart:187:3 • undefined_function
  error • The function 'expect' isn't defined • flutter/dev/bots/test/check_code_samples_test.dart:204:5 • undefined_function
  error • The function 'equals' isn't defined • flutter/dev/bots/test/check_code_samples_test.dart:204:20 • undefined_function
  error • The function 'expect' isn't defined • flutter/dev/bots/test/check_code_samples_test.dart:205:5 • undefined_function
  error • The function 'equals' isn't defined • flutter/dev/bots/test/check_code_samples_test.dart:205:21 • undefined_function
  error • The function 'test' isn't defined • flutter/dev/bots/test/check_code_samples_test.dart:208:3 • undefined_function
  error • The function 'expect' isn't defined • flutter/dev/bots/test/check_code_samples_test.dart:214:5 • undefined_function
  error • Undefined name 'isEmpty' • flutter/dev/bots/test/check_code_samples_test.dart:214:20 • undefined_identifier
  error • The function 'expect' isn't defined • flutter/dev/bots/test/check_code_samples_test.dart:215:5 • undefined_function
  error • The function 'equals' isn't defined • flutter/dev/bots/test/check_code_samples_test.dart:215:21 • undefined_function
  error • The function 'expect' isn't defined • flutter/dev/bots/test/check_code_samples_test.dart:229:5 • undefined_function
  error • Undefined name 'TestOn' used as an annotation • flutter/dev/bots/test/ci_yaml_validation_test.dart:5:1 • undefined_annotation
  error • The function 'fail' isn't defined • flutter/dev/bots/test/ci_yaml_validation_test.dart:21:9 • undefined_function
  error • The function 'group' isn't defined • flutter/dev/bots/test/ci_yaml_validation_test.dart:30:3 • undefined_function
  error • The function 'setUp' isn't defined • flutter/dev/bots/test/ci_yaml_validation_test.dart:38:7 • undefined_function
  error • The function 'printOnFailure' isn't defined • flutter/dev/bots/test/ci_yaml_validation_test.dart:39:9 • undefined_function
  error • The function 'group' isn't defined • flutter/dev/bots/test/ci_yaml_validation_test.dart:42:7 • undefined_function
  error • The function 'test' isn't defined • flutter/dev/bots/test/ci_yaml_validation_test.dart:43:9 • undefined_function
  error • The function 'expect' isn't defined • flutter/dev/bots/test/ci_yaml_validation_test.dart:44:11 • undefined_function
  error • The function 'contains' isn't defined • flutter/dev/bots/test/ci_yaml_validation_test.dart:46:13 • undefined_function
  error • The function 'test' isn't defined • flutter/dev/bots/test/ci_yaml_validation_test.dart:51:9 • undefined_function
  error • The function 'expect' isn't defined • flutter/dev/bots/test/ci_yaml_validation_test.dart:52:11 • undefined_function
  error • The function 'contains' isn't defined • flutter/dev/bots/test/ci_yaml_validation_test.dart:54:13 • undefined_function
  error • The function 'test' isn't defined • flutter/dev/bots/test/ci_yaml_validation_test.dart:59:9 • undefined_function
  error • The function 'expect' isn't defined • flutter/dev/bots/test/ci_yaml_validation_test.dart:60:11 • undefined_function
  error • The function 'contains' isn't defined • flutter/dev/bots/test/ci_yaml_validation_test.dart:62:13 • undefined_function
  error • The function 'group' isn't defined • flutter/dev/bots/test/ci_yaml_validation_test.dart:70:3 • undefined_function
  error • The function 'setUp' isn't defined • flutter/dev/bots/test/ci_yaml_validation_test.dart:80:7 • undefined_function
  error • The function 'printOnFailure' isn't defined • flutter/dev/bots/test/ci_yaml_validation_test.dart:81:9 • undefined_function
  error • The function 'group' isn't defined • flutter/dev/bots/test/ci_yaml_validation_test.dart:84:7 • undefined_function
  error • The function 'test' isn't defined • flutter/dev/bots/test/ci_yaml_validation_test.dart:85:9 • undefined_function
  error • The function 'expect' isn't defined • flutter/dev/bots/test/ci_yaml_validation_test.dart:86:11 • undefined_function
  error • The function 'contains' isn't defined • flutter/dev/bots/test/ci_yaml_validation_test.dart:88:13 • undefined_function
  error • The function 'test' isn't defined • flutter/dev/bots/test/ci_yaml_validation_test.dart:93:9 • undefined_function
  error • The function 'expect' isn't defined • flutter/dev/bots/test/ci_yaml_validation_test.dart:94:11 • undefined_function
  error • The function 'contains' isn't defined • flutter/dev/bots/test/ci_yaml_validation_test.dart:96:13 • undefined_function
  error • This requires the 'class-modifiers' language feature to be enabled • flutter/dev/bots/test/ci_yaml_validation_test.dart:122:1 • experiment_not_enabled
  error • Undefined name 'TestOn' used as an annotation • flutter/dev/bots/test/codesign_test.dart:5:1 • undefined_annotation
  error • The function 'group' isn't defined • flutter/dev/bots/test/codesign_test.dart:21:3 • undefined_function
  error • The function 'test' isn't defined • flutter/dev/bots/test/codesign_test.dart:22:5 • undefined_function
  error • Undefined class 'ProcessManager' • flutter/dev/bots/test/codesign_test.dart:23:13 • undefined_class
   info • Type could be non-nullable • flutter/dev/bots/test/codesign_test.dart:23:28 • unnecessary_nullable_for_final_variable_declarations
  error • The function 'expect' isn't defined • flutter/dev/bots/test/codesign_test.dart:38:7 • undefined_function
  error • The function 'test' isn't defined • flutter/dev/bots/test/codesign_test.dart:44:5 • undefined_function
  error • Undefined class 'ProcessManager' • flutter/dev/bots/test/codesign_test.dart:59:13 • undefined_class
   info • Type could be non-nullable • flutter/dev/bots/test/codesign_test.dart:59:28 • unnecessary_nullable_for_final_variable_declarations
  error • The function 'expectLater' isn't defined • flutter/dev/bots/test/codesign_test.dart:60:13 • undefined_function
  error • Undefined name 'completes' • flutter/dev/bots/test/codesign_test.dart:60:80 • undefined_identifier
  error • The function 'group' isn't defined • flutter/dev/bots/test/codesign_test.dart:64:3 • undefined_function
  error • The function 'test' isn't defined • flutter/dev/bots/test/codesign_test.dart:65:5 • undefined_function
  error • Undefined class 'ProcessManager' • flutter/dev/bots/test/codesign_test.dart:80:13 • undefined_class
   info • Type could be non-nullable • flutter/dev/bots/test/codesign_test.dart:80:28 • unnecessary_nullable_for_final_variable_declarations
  error • The function 'expect' isn't defined • flutter/dev/bots/test/codesign_test.dart:85:7 • undefined_function
  error • The function 'test' isn't defined • flutter/dev/bots/test/codesign_test.dart:88:5 • undefined_function
  error • Undefined class 'ProcessManager' • flutter/dev/bots/test/codesign_test.dart:94:13 • undefined_class
   info • Type could be non-nullable • flutter/dev/bots/test/codesign_test.dart:94:28 • unnecessary_nullable_for_final_variable_declarations
  error • The function 'expect' isn't defined • flutter/dev/bots/test/codesign_test.dart:99:7 • undefined_function
  error • The function 'test' isn't defined • flutter/dev/bots/test/codesign_test.dart:102:5 • undefined_function
  error • Undefined class 'ProcessManager' • flutter/dev/bots/test/codesign_test.dart:116:13 • undefined_class
   info • Type could be non-nullable • flutter/dev/bots/test/codesign_test.dart:116:28 • unnecessary_nullable_for_final_variable_declarations
  error • The function 'expect' isn't defined • flutter/dev/bots/test/codesign_test.dart:121:7 • undefined_function
  error • The function 'group' isn't defined • flutter/dev/bots/test/codesign_test.dart:124:5 • undefined_function
  error • The function 'test' isn't defined • flutter/dev/bots/test/codesign_test.dart:125:7 • undefined_function
  error • Undefined class 'ProcessManager' • flutter/dev/bots/test/codesign_test.dart:133:15 • undefined_class
   info • Type could be non-nullable • flutter/dev/bots/test/codesign_test.dart:133:30 • unnecessary_nullable_for_final_variable_declarations
  error • The function 'expect' isn't defined • flutter/dev/bots/test/codesign_test.dart:135:9 • undefined_function
  error • Undefined name 'isTrue' • flutter/dev/bots/test/codesign_test.dart:135:24 • undefined_identifier
  error • The function 'test' isn't defined • flutter/dev/bots/test/codesign_test.dart:138:7 • undefined_function
  error • Undefined class 'ProcessManager' • flutter/dev/bots/test/codesign_test.dart:146:15 • undefined_class
   info • Type could be non-nullable • flutter/dev/bots/test/codesign_test.dart:146:30 • unnecessary_nullable_for_final_variable_declarations
  error • The function 'expect' isn't defined • flutter/dev/bots/test/codesign_test.dart:148:9 • undefined_function
  error • Undefined name 'isFalse' • flutter/dev/bots/test/codesign_test.dart:148:24 • undefined_identifier
  error • The function 'group' isn't defined • flutter/dev/bots/test/codesign_test.dart:152:5 • undefined_function
  error • The function 'test' isn't defined • flutter/dev/bots/test/codesign_test.dart:153:7 • undefined_function
  error • Undefined class 'ProcessManager' • flutter/dev/bots/test/codesign_test.dart:160:15 • undefined_class
   info • Type could be non-nullable • flutter/dev/bots/test/codesign_test.dart:160:30 • unnecessary_nullable_for_final_variable_declarations
  error • The function 'expect' isn't defined • flutter/dev/bots/test/codesign_test.dart:166:9 • undefined_function
  error • Undefined name 'isTrue' • flutter/dev/bots/test/codesign_test.dart:166:24 • undefined_identifier
  error • The function 'test' isn't defined • flutter/dev/bots/test/codesign_test.dart:169:7 • undefined_function
  error • Undefined class 'ProcessManager' • flutter/dev/bots/test/codesign_test.dart:177:15 • undefined_class
   info • Type could be non-nullable • flutter/dev/bots/test/codesign_test.dart:177:30 • unnecessary_nullable_for_final_variable_declarations
  error • The function 'expect' isn't defined • flutter/dev/bots/test/codesign_test.dart:183:9 • undefined_function
  error • Undefined name 'isFalse' • flutter/dev/bots/test/codesign_test.dart:183:24 • undefined_identifier
  error • The function 'group' isn't defined • flutter/dev/bots/test/codesign_test.dart:188:3 • undefined_function
  error • The function 'test' isn't defined • flutter/dev/bots/test/codesign_test.dart:189:5 • undefined_function
  error • Undefined class 'ProcessManager' • flutter/dev/bots/test/codesign_test.dart:232:13 • undefined_class
   info • Type could be non-nullable • flutter/dev/bots/test/codesign_test.dart:232:28 • unnecessary_nullable_for_final_variable_declarations
  error • The function 'expectLater' isn't defined • flutter/dev/bots/test/codesign_test.dart:233:13 • undefined_function
  error • Undefined name 'completes' • flutter/dev/bots/test/codesign_test.dart:233:88 • undefined_identifier
  error • The function 'test' isn't defined • flutter/dev/bots/test/codesign_test.dart:236:5 • undefined_function
  error • Undefined class 'ProcessManager' • flutter/dev/bots/test/codesign_test.dart:277:13 • undefined_class
   info • Type could be non-nullable • flutter/dev/bots/test/codesign_test.dart:277:28 • unnecessary_nullable_for_final_variable_declarations
  error • The function 'expect' isn't defined • flutter/dev/bots/test/codesign_test.dart:279:7 • undefined_function
  error • Target of URI doesn't exist: 'package:test/test.dart' • flutter/dev/bots/test/common.dart:9:8 • uri_does_not_exist
  error • Target of URI doesn't exist: 'package:test/test.dart' • flutter/dev/bots/test/common.dart:13:8 • uri_does_not_exist
  error • Undefined class 'TypeMatcher' • flutter/dev/bots/test/common.dart:16:1 • undefined_class
  error • The function 'isA' isn't defined • flutter/dev/bots/test/common.dart:16:37 • undefined_function
  error • Undefined class 'Matcher' • flutter/dev/bots/test/common.dart:29:1 • undefined_class
  error • The function 'throwsA' isn't defined • flutter/dev/bots/test/common.dart:30:10 • undefined_function
  error • The function 'isA' isn't defined • flutter/dev/bots/test/common.dart:31:5 • undefined_function
  error • The function 'contains' isn't defined • flutter/dev/bots/test/common.dart:34:7 • undefined_function
  error • Undefined class 'Matcher' • flutter/dev/bots/test/common.dart:52:1 • undefined_class
  error • Classes can only extend other classes • flutter/dev/bots/test/common.dart:55:29 • extends_non_class
warning • The method doesn't override an inherited method • flutter/dev/bots/test/common.dart:76:8 • override_on_non_overriding_member
  error • Undefined class 'Description' • flutter/dev/bots/test/common.dart:132:3 • undefined_class
warning • The method doesn't override an inherited method • flutter/dev/bots/test/common.dart:132:15 • override_on_non_overriding_member
  error • Undefined class 'Description' • flutter/dev/bots/test/common.dart:132:24 • undefined_class
  error • Undefined class 'Description' • flutter/dev/bots/test/common.dart:137:3 • undefined_class
warning • The method doesn't override an inherited method • flutter/dev/bots/test/common.dart:137:15 • override_on_non_overriding_member
  error • Undefined class 'Description' • flutter/dev/bots/test/common.dart:139:5 • undefined_class
  error • Classes can only extend other classes • flutter/dev/bots/test/common.dart:150:36 • extends_non_class
  error • This requires the 'records' language feature to be enabled • flutter/dev/bots/test/common.dart:161:8 • experiment_not_enabled
warning • The value of the local variable '<unnamed>' isn't used • flutter/dev/bots/test/common.dart:161:23 • unused_local_variable
  error • This requires the 'records' language feature to be enabled • flutter/dev/bots/test/common.dart:162:16 • experiment_not_enabled
  error • This requires the 'records' language feature to be enabled • flutter/dev/bots/test/common.dart:162:46 • experiment_not_enabled
   info • Missing type annotation • flutter/dev/bots/test/common.dart:163:10 • always_specify_types
  error • Expected an identifier • flutter/dev/bots/test/common.dart:163:16 • missing_identifier
  error • Expected to find ';' • flutter/dev/bots/test/common.dart:163:16 • expected_token
   info • An uninitialized variable should have an explicit type annotation • flutter/dev/bots/test/common.dart:163:17 • prefer_typing_uninitialized_variables
warning • The type of  can't be inferred without either a type or initializer • flutter/dev/bots/test/common.dart:163:17 • inference_failure_on_uninitialized_variable
  error • Conditions must have a static type of 'bool' • flutter/dev/bots/test/common.dart:163:17 • non_bool_condition
  error • Expected to find ';' • flutter/dev/bots/test/common.dart:163:17 • expected_token
  error • Undefined name 'index' • flutter/dev/bots/test/common.dart:163:21 • undefined_identifier
  error • Unexpected text 'line' • flutter/dev/bots/test/common.dart:163:35 • unexpected_token
  error • Undefined name 'line' • flutter/dev/bots/test/common.dart:165:41 • undefined_identifier
warning • The value of the local variable 'expectation' isn't used • flutter/dev/bots/test/common.dart:167:25 • unused_local_variable
   info • Unnecessary use of parentheses • flutter/dev/bots/test/common.dart:168:25 • unnecessary_parenthesis
  error • This requires the 'records' language feature to be enabled • flutter/dev/bots/test/common.dart:168:25 • experiment_not_enabled
  error • Undefined name 'index' • flutter/dev/bots/test/common.dart:168:26 • undefined_identifier
warning • The method doesn't override an inherited method • flutter/dev/bots/test/common.dart:175:8 • override_on_non_overriding_member
warning • The value of the local variable '<unnamed>' isn't used • flutter/dev/bots/test/common.dart:175:8 • unused_local_variable
  error • This requires the 'records' language feature to be enabled • flutter/dev/bots/test/common.dart:177:16 • experiment_not_enabled
  error • This requires the 'records' language feature to be enabled • flutter/dev/bots/test/common.dart:181:60 • experiment_not_enabled
  error • Local variable 'String' can't be referenced before it is declared • flutter/dev/bots/test/common.dart:187:13 • referenced_before_declaration
   info • Type could be non-nullable • flutter/dev/bots/test/common.dart:187:20 • unnecessary_nullable_for_final_variable_declarations
   info • Missing type annotation • flutter/dev/bots/test/common.dart:188:7 • always_specify_types
  error • Expected an identifier • flutter/dev/bots/test/common.dart:188:13 • missing_identifier
  error • Expected to find ';' • flutter/dev/bots/test/common.dart:188:13 • expected_token
   info • An uninitialized variable should have an explicit type annotation • flutter/dev/bots/test/common.dart:188:14 • prefer_typing_uninitialized_variables
warning • The type of  can't be inferred without either a type or initializer • flutter/dev/bots/test/common.dart:188:14 • inference_failure_on_uninitialized_variable
   info • The variable name 'String' isn't a lowerCamelCase identifier • flutter/dev/bots/test/common.dart:188:30 • non_constant_identifier_names
  error • Expected to find ';' • flutter/dev/bots/test/common.dart:188:30 • expected_token
   info • Unnecessary statement • flutter/dev/bots/test/common.dart:188:37 • unnecessary_statements
  error • Expected to find ';' • flutter/dev/bots/test/common.dart:188:37 • expected_token
  error • Undefined name 'expectedError' • flutter/dev/bots/test/common.dart:188:37 • undefined_identifier
  error • Expected an identifier • flutter/dev/bots/test/common.dart:188:50 • missing_identifier
  error • Unexpected text ')' • flutter/dev/bots/test/common.dart:188:50 • unexpected_token
  error • Expected an identifier • flutter/dev/bots/test/common.dart:188:52 • missing_identifier
   info • Missing type annotation • flutter/dev/bots/test/common.dart:190:14 • always_specify_types
   info • This expression is not valid in a 'case' clause in Dart 3.0 • flutter/dev/bots/test/common.dart:190:14 • invalid_case_patterns
  error • Case expressions must be constant • flutter/dev/bots/test/common.dart:190:15 • non_constant_case_expression
  error • Expected an identifier • flutter/dev/bots/test/common.dart:190:15 • missing_identifier
  error • Expected to find ']' • flutter/dev/bots/test/common.dart:190:15 • expected_token
  error • The values in a const list literal must be constants • flutter/dev/bots/test/common.dart:190:15 • non_constant_list_element
  error • The 'case' shouldn't complete normally • flutter/dev/bots/test/common.dart:192:9 • switch_case_completes_normally
   info • Missing type annotation • flutter/dev/bots/test/common.dart:192:14 • always_specify_types
   info • This expression is not valid in a 'case' clause in Dart 3.0 • flutter/dev/bots/test/common.dart:192:14 • invalid_case_patterns
  error • Case expressions must be constant • flutter/dev/bots/test/common.dart:192:15 • non_constant_case_expression
  error • Expected an identifier • flutter/dev/bots/test/common.dart:192:15 • missing_identifier
  error • Expected to find ']' • flutter/dev/bots/test/common.dart:192:15 • expected_token
  error • The values in a const list literal must be constants • flutter/dev/bots/test/common.dart:192:15 • non_constant_list_element
  error • Undefined name 'path' • flutter/dev/bots/test/common.dart:193:16 • undefined_identifier
  error • Undefined name 'path' • flutter/dev/bots/test/common.dart:194:32 • undefined_identifier
  error • The non-nullable local variable 'lineNumber' must be assigned before it can be used • flutter/dev/bots/test/common.dart:196:15 • not_assigned_potentially_non_nullable_local_variable
  error • Undefined name 'line' • flutter/dev/bots/test/common.dart:196:40 • undefined_identifier
  error • Undefined name 'expectedError' • flutter/dev/bots/test/common.dart:198:52 • undefined_identifier
  error • The non-nullable local variable 'lineNumber' must be assigned before it can be used • flutter/dev/bots/test/common.dart:198:76 • not_assigned_potentially_non_nullable_local_variable
  error • Local variable 'String' can't be referenced before it is declared • flutter/dev/bots/test/common.dart:202:17 • referenced_before_declaration
  error • Undefined name 'rest' • flutter/dev/bots/test/common.dart:202:40 • undefined_identifier
  error • Undefined name 'expectedError' • flutter/dev/bots/test/common.dart:203:32 • undefined_identifier
  error • Undefined name 'expectedError' • flutter/dev/bots/test/common.dart:205:29 • undefined_identifier
  error • The non-nullable local variable 'lineNumber' must be assigned before it can be used • flutter/dev/bots/test/common.dart:205:55 • not_assigned_potentially_non_nullable_local_variable
   info • This expression is not valid in a 'case' clause in Dart 3.0 • flutter/dev/bots/test/common.dart:210:14 • invalid_case_patterns
  error • Case expressions must be constant • flutter/dev/bots/test/common.dart:210:14 • non_constant_case_expression
  error • Undefined name '_' • flutter/dev/bots/test/common.dart:210:14 • undefined_identifier
  error • Undefined class 'Description' • flutter/dev/bots/test/common.dart:221:3 • undefined_class
warning • The method doesn't override an inherited method • flutter/dev/bots/test/common.dart:221:15 • override_on_non_overriding_member
  error • Undefined class 'Description' • flutter/dev/bots/test/common.dart:221:24 • undefined_class
  error • The function 'group' isn't defined • flutter/dev/bots/test/post_process_docs_test.dart:15:3 • undefined_function
  error • The function 'test' isn't defined • flutter/dev/bots/test/post_process_docs_test.dart:17:5 • undefined_function
  error • Undefined class 'ProcessManager' • flutter/dev/bots/test/post_process_docs_test.dart:21:13 • undefined_class
   info • Type could be non-nullable • flutter/dev/bots/test/post_process_docs_test.dart:21:28 • unnecessary_nullable_for_final_variable_declarations
  error • The function 'expect' isn't defined • flutter/dev/bots/test/post_process_docs_test.dart:26:7 • undefined_function
  error • The function 'test' isn't defined • flutter/dev/bots/test/post_process_docs_test.dart:29:5 • undefined_function
  error • Undefined class 'ProcessManager' • flutter/dev/bots/test/post_process_docs_test.dart:32:13 • undefined_class
   info • Type could be non-nullable • flutter/dev/bots/test/post_process_docs_test.dart:32:28 • unnecessary_nullable_for_final_variable_declarations
  error • The function 'expect' isn't defined • flutter/dev/bots/test/post_process_docs_test.dart:43:7 • undefined_function
  error • The function 'expect' isn't defined • flutter/dev/bots/test/post_process_docs_test.dart:44:7 • undefined_function
  error • The function 'test' isn't defined • flutter/dev/bots/test/post_process_docs_test.dart:46:5 • undefined_function
  error • Undefined class 'ProcessManager' • flutter/dev/bots/test/post_process_docs_test.dart:49:13 • undefined_class
   info • Type could be non-nullable • flutter/dev/bots/test/post_process_docs_test.dart:49:28 • unnecessary_nullable_for_final_variable_declarations
  error • The function 'expect' isn't defined • flutter/dev/bots/test/post_process_docs_test.dart:59:7 • undefined_function
  error • The function 'expect' isn't defined • flutter/dev/bots/test/post_process_docs_test.dart:60:7 • undefined_function
  error • The function 'group' isn't defined • flutter/dev/bots/test/post_process_docs_test.dart:64:3 • undefined_function
  error • The function 'test' isn't defined • flutter/dev/bots/test/post_process_docs_test.dart:65:5 • undefined_function
  error • Undefined class 'ProcessManager' • flutter/dev/bots/test/post_process_docs_test.dart:67:13 • undefined_class
   info • Type could be non-nullable • flutter/dev/bots/test/post_process_docs_test.dart:67:28 • unnecessary_nullable_for_final_variable_declarations
  error • The function 'expect' isn't defined • flutter/dev/bots/test/post_process_docs_test.dart:71:7 • undefined_function
  error • The function 'expect' isn't defined • flutter/dev/bots/test/post_process_docs_test.dart:72:7 • undefined_function
  error • The function 'test' isn't defined • flutter/dev/bots/test/post_process_docs_test.dart:75:5 • undefined_function
  error • Undefined class 'ProcessManager' • flutter/dev/bots/test/post_process_docs_test.dart:77:13 • undefined_class
   info • Type could be non-nullable • flutter/dev/bots/test/post_process_docs_test.dart:77:28 • unnecessary_nullable_for_final_variable_declarations
  error • The function 'expect' isn't defined • flutter/dev/bots/test/post_process_docs_test.dart:81:7 • undefined_function
  error • The function 'expect' isn't defined • flutter/dev/bots/test/post_process_docs_test.dart:82:7 • undefined_function
  error • The function 'group' isn't defined • flutter/dev/bots/test/post_process_docs_test.dart:86:3 • undefined_function
  error • The function 'test' isn't defined • flutter/dev/bots/test/post_process_docs_test.dart:87:5 • undefined_function
  error • Undefined class 'ProcessManager' • flutter/dev/bots/test/post_process_docs_test.dart:89:13 • undefined_class
   info • Type could be non-nullable • flutter/dev/bots/test/post_process_docs_test.dart:89:28 • unnecessary_nullable_for_final_variable_declarations
  error • The function 'expect' isn't defined • flutter/dev/bots/test/post_process_docs_test.dart:93:7 • undefined_function
  error • The function 'test' isn't defined • flutter/dev/bots/test/post_process_docs_test.dart:96:5 • undefined_function
  error • Undefined class 'ProcessManager' • flutter/dev/bots/test/post_process_docs_test.dart:98:13 • undefined_class
   info • Type could be non-nullable • flutter/dev/bots/test/post_process_docs_test.dart:98:28 • unnecessary_nullable_for_final_variable_declarations
  error • The function 'expect' isn't defined • flutter/dev/bots/test/post_process_docs_test.dart:110:9 • undefined_function
  error • The function 'isA' isn't defined • flutter/dev/bots/test/post_process_docs_test.dart:110:19 • undefined_function
  error • The function 'group' isn't defined • flutter/dev/bots/test/post_process_docs_test.dart:115:3 • undefined_function
  error • The function 'test' isn't defined • flutter/dev/bots/test/post_process_docs_test.dart:116:5 • undefined_function
  error • The function 'expect' isn't defined • flutter/dev/bots/test/post_process_docs_test.dart:139:7 • undefined_function
  error • The function 'test' isn't defined • flutter/dev/bots/test/prepare_package_test.dart:23:3 • undefined_function
  error • The function 'expect' isn't defined • flutter/dev/bots/test/prepare_package_test.dart:27:5 • undefined_function
  error • The function 'expectAsync1' isn't defined • flutter/dev/bots/test/prepare_package_test.dart:28:7 • undefined_function
  error • The function 'throwsA' isn't defined • flutter/dev/bots/test/prepare_package_test.dart:31:7 • undefined_function
  error • The function 'isA' isn't defined • flutter/dev/bots/test/prepare_package_test.dart:31:15 • undefined_function
  error • The function 'expectLater' isn't defined • flutter/dev/bots/test/prepare_package_test.dart:34:11 • undefined_function
  error • The function 'throwsA' isn't defined • flutter/dev/bots/test/prepare_package_test.dart:36:7 • undefined_function
  error • The function 'isA' isn't defined • flutter/dev/bots/test/prepare_package_test.dart:37:9 • undefined_function
  error • The function 'contains' isn't defined • flutter/dev/bots/test/prepare_package_test.dart:40:11 • undefined_function
  error • The function 'group' isn't defined • flutter/dev/bots/test/prepare_package_test.dart:56:5 • undefined_function
  error • The function 'test' isn't defined • flutter/dev/bots/test/prepare_package_test.dart:57:7 • undefined_function
  error • The function 'expect' isn't defined • flutter/dev/bots/test/prepare_package_test.dart:67:9 • undefined_function
  error • The function 'equals' isn't defined • flutter/dev/bots/test/prepare_package_test.dart:67:24 • undefined_function
  error • The function 'test' isn't defined • flutter/dev/bots/test/prepare_package_test.dart:69:7 • undefined_function
  error • The function 'expect' isn't defined • flutter/dev/bots/test/prepare_package_test.dart:83:9 • undefined_function
  error • The function 'expectAsync1' isn't defined • flutter/dev/bots/test/prepare_package_test.dart:84:11 • undefined_function
  error • The function 'throwsA' isn't defined • flutter/dev/bots/test/prepare_package_test.dart:87:11 • undefined_function
  error • The function 'isA' isn't defined • flutter/dev/bots/test/prepare_package_test.dart:87:19 • undefined_function
  error • The function 'group' isn't defined • flutter/dev/bots/test/prepare_package_test.dart:92:5 • undefined_function
  error • The function 'setUp' isn't defined • flutter/dev/bots/test/prepare_package_test.dart:108:7 • undefined_function
  error • The function 'tearDown' isn't defined • flutter/dev/bots/test/prepare_package_test.dart:140:7 • undefined_function
  error • The function 'test' isn't defined • flutter/dev/bots/test/prepare_package_test.dart:144:7 • undefined_function
  error • The function 'test' isn't defined • flutter/dev/bots/test/prepare_package_test.dart:199:7 • undefined_function
  error • The function 'test' isn't defined • flutter/dev/bots/test/prepare_package_test.dart:263:7 • undefined_function
  error • The function 'test' isn't defined • flutter/dev/bots/test/prepare_package_test.dart:327:7 • undefined_function
  error • The function 'expect' isn't defined • flutter/dev/bots/test/prepare_package_test.dart:335:9 • undefined_function
  error • The function 'expectAsync0' isn't defined • flutter/dev/bots/test/prepare_package_test.dart:335:16 • undefined_function
  error • The function 'throwsA' isn't defined • flutter/dev/bots/test/prepare_package_test.dart:335:54 • undefined_function
  error • The function 'isA' isn't defined • flutter/dev/bots/test/prepare_package_test.dart:335:62 • undefined_function
  error • The function 'test' isn't defined • flutter/dev/bots/test/prepare_package_test.dart:338:7 • undefined_function
  error • The function 'test' isn't defined • flutter/dev/bots/test/prepare_package_test.dart:400:7 • undefined_function
  error • The function 'expectLater' isn't defined • flutter/dev/bots/test/prepare_package_test.dart:476:15 • undefined_function
  error • The function 'throwsA' isn't defined • flutter/dev/bots/test/prepare_package_test.dart:478:11 • undefined_function
  error • The function 'isA' isn't defined • flutter/dev/bots/test/prepare_package_test.dart:479:13 • undefined_function
  error • The function 'contains' isn't defined • flutter/dev/bots/test/prepare_package_test.dart:482:15 • undefined_function
  error • The function 'group' isn't defined • flutter/dev/bots/test/prepare_package_test.dart:489:5 • undefined_function
  error • The function 'setUp' isn't defined • flutter/dev/bots/test/prepare_package_test.dart:502:7 • undefined_function
  error • The function 'tearDown' isn't defined • flutter/dev/bots/test/prepare_package_test.dart:510:7 • undefined_function
  error • The function 'test' isn't defined • flutter/dev/bots/test/prepare_package_test.dart:514:7 • undefined_function
  error • The function 'expect' isn't defined • flutter/dev/bots/test/prepare_package_test.dart:594:9 • undefined_function
  error • Undefined name 'isTrue' • flutter/dev/bots/test/prepare_package_test.dart:594:42 • undefined_identifier
  error • The function 'expect' isn't defined • flutter/dev/bots/test/prepare_package_test.dart:597:9 • undefined_function
  error • The function 'contains' isn't defined • flutter/dev/bots/test/prepare_package_test.dart:597:26 • undefined_function
  error • The function 'expect' isn't defined • flutter/dev/bots/test/prepare_package_test.dart:598:9 • undefined_function
  error • The function 'contains' isn't defined • flutter/dev/bots/test/prepare_package_test.dart:598:26 • undefined_function
  error • The function 'expect' isn't defined • flutter/dev/bots/test/prepare_package_test.dart:599:9 • undefined_function
  error • The function 'contains' isn't defined • flutter/dev/bots/test/prepare_package_test.dart:599:26 • undefined_function
  error • The function 'expect' isn't defined • flutter/dev/bots/test/prepare_package_test.dart:600:9 • undefined_function
  error • The function 'contains' isn't defined • flutter/dev/bots/test/prepare_package_test.dart:602:11 • undefined_function
  error • The function 'expect' isn't defined • flutter/dev/bots/test/prepare_package_test.dart:605:9 • undefined_function
  error • The function 'contains' isn't defined • flutter/dev/bots/test/prepare_package_test.dart:605:26 • undefined_function
  error • The function 'expect' isn't defined • flutter/dev/bots/test/prepare_package_test.dart:606:9 • undefined_function
  error • The function 'contains' isn't defined • flutter/dev/bots/test/prepare_package_test.dart:606:26 • undefined_function
  error • The function 'expect' isn't defined • flutter/dev/bots/test/prepare_package_test.dart:607:9 • undefined_function
  error • The function 'contains' isn't defined • flutter/dev/bots/test/prepare_package_test.dart:607:26 • undefined_function
  error • The function 'expect' isn't defined • flutter/dev/bots/test/prepare_package_test.dart:608:9 • undefined_function
  error • The function 'contains' isn't defined • flutter/dev/bots/test/prepare_package_test.dart:608:26 • undefined_function
  error • The function 'expect' isn't defined • flutter/dev/bots/test/prepare_package_test.dart:610:9 • undefined_function
  error • The function 'isNot' isn't defined • flutter/dev/bots/test/prepare_package_test.dart:610:26 • undefined_function
  error • The function 'contains' isn't defined • flutter/dev/bots/test/prepare_package_test.dart:610:32 • undefined_function
  error • The function 'expect' isn't defined • flutter/dev/bots/test/prepare_package_test.dart:613:9 • undefined_function
  error • The function 'equals' isn't defined • flutter/dev/bots/test/prepare_package_test.dart:613:33 • undefined_function
  error • The function 'expect' isn't defined • flutter/dev/bots/test/prepare_package_test.dart:616:9 • undefined_function
  error • The function 'lessThan' isn't defined • flutter/dev/bots/test/prepare_package_test.dart:620:11 • undefined_function
  error • The function 'expect' isn't defined • flutter/dev/bots/test/prepare_package_test.dart:623:9 • undefined_function
  error • The function 'equals' isn't defined • flutter/dev/bots/test/prepare_package_test.dart:623:26 • undefined_function
  error • The function 'test' isn't defined • flutter/dev/bots/test/prepare_package_test.dart:626:7 • undefined_function
  error • The function 'expect' isn't defined • flutter/dev/bots/test/prepare_package_test.dart:703:9 • undefined_function
  error • Undefined name 'isTrue' • flutter/dev/bots/test/prepare_package_test.dart:703:42 • undefined_identifier
  error • The function 'expect' isn't defined • flutter/dev/bots/test/prepare_package_test.dart:705:9 • undefined_function
  error • The function 'contains' isn't defined • flutter/dev/bots/test/prepare_package_test.dart:705:26 • undefined_function
  error • The function 'expect' isn't defined • flutter/dev/bots/test/prepare_package_test.dart:706:9 • undefined_function
  error • The function 'contains' isn't defined • flutter/dev/bots/test/prepare_package_test.dart:706:26 • undefined_function
  error • The function 'test' isn't defined • flutter/dev/bots/test/prepare_package_test.dart:709:7 • undefined_function
  error • The function 'expect' isn't defined • flutter/dev/bots/test/prepare_package_test.dart:771:9 • undefined_function
  error • Undefined name 'isTrue' • flutter/dev/bots/test/prepare_package_test.dart:771:42 • undefined_identifier
  error • The function 'expect' isn't defined • flutter/dev/bots/test/prepare_package_test.dart:774:9 • undefined_function
  error • The function 'equals' isn't defined • flutter/dev/bots/test/prepare_package_test.dart:774:64 • undefined_function
  error • The function 'test' isn't defined • flutter/dev/bots/test/prepare_package_test.dart:777:7 • undefined_function
  error • The function 'expect' isn't defined • flutter/dev/bots/test/prepare_package_test.dart:854:9 • undefined_function
  error • Undefined name 'isTrue' • flutter/dev/bots/test/prepare_package_test.dart:854:42 • undefined_identifier
  error • The function 'expect' isn't defined • flutter/dev/bots/test/prepare_package_test.dart:857:9 • undefined_function
  error • The function 'test' isn't defined • flutter/dev/bots/test/prepare_package_test.dart:863:7 • undefined_function
  error • The function 'expect' isn't defined • flutter/dev/bots/test/prepare_package_test.dart:889:11 • undefined_function
  error • Undefined name 'throwsException' • flutter/dev/bots/test/prepare_package_test.dart:889:58 • undefined_identifier
  error • The function 'test' isn't defined • flutter/dev/bots/test/prepare_package_test.dart:893:7 • undefined_function
  error • The function 'test' isn't defined • flutter/dev/bots/test/run_command_test.dart:19:3 • undefined_function
  error • The function 'expect' isn't defined • flutter/dev/bots/test/run_command_test.dart:25:7 • undefined_function
  error • The function 'startsWith' isn't defined • flutter/dev/bots/test/run_command_test.dart:26:9 • undefined_function
  error • The function 'startsWith' isn't defined • flutter/dev/bots/test/run_command_test.dart:30:9 • undefined_function
  error • The function 'startsWith' isn't defined • flutter/dev/bots/test/run_command_test.dart:32:9 • undefined_function
  error • The function 'test' isn't defined • flutter/dev/bots/test/run_command_test.dart:44:3 • undefined_function
  error • The function 'expect' isn't defined • flutter/dev/bots/test/run_command_test.dart:50:7 • undefined_function
  error • The function 'startsWith' isn't defined • flutter/dev/bots/test/run_command_test.dart:51:9 • undefined_function
  error • The function 'startsWith' isn't defined • flutter/dev/bots/test/run_command_test.dart:55:9 • undefined_function
  error • The function 'startsWith' isn't defined • flutter/dev/bots/test/run_command_test.dart:57:9 • undefined_function
  error • The function 'test' isn't defined • flutter/dev/bots/test/sdk_directory_has_space_test.dart:12:3 • undefined_function
  error • The function 'expect' isn't defined • flutter/dev/bots/test/sdk_directory_has_space_test.dart:16:5 • undefined_function
  error • The function 'expect' isn't defined • flutter/dev/bots/test/sdk_directory_has_space_test.dart:17:5 • undefined_function
  error • The function 'contains' isn't defined • flutter/dev/bots/test/sdk_directory_has_space_test.dart:17:26 • undefined_function
  error • The function 'expect' isn't defined • flutter/dev/bots/test/sdk_directory_has_space_test.dart:19:5 • undefined_function
warning • The value of the local variable '<unnamed>' isn't used • flutter/dev/bots/test/test_test.dart:1:1 • unused_local_variable
  error • Target of URI doesn't exist: 'package:process/process.dart' • flutter/dev/bots/test/test_test.dart:12:8 • uri_does_not_exist
  error • The function 'fail' isn't defined • flutter/dev/bots/test/test_test.dart:23:5 • undefined_function
  error • The function 'group' isn't defined • flutter/dev/bots/test/test_test.dart:38:3 • undefined_function
  error • The function 'setUp' isn't defined • flutter/dev/bots/test/test_test.dart:41:5 • undefined_function
  error • The function 'test' isn't defined • flutter/dev/bots/test/test_test.dart:45:5 • undefined_function
  error • The function 'expectLater' isn't defined • flutter/dev/bots/test/test_test.dart:57:15 • undefined_function
  error • The function 'completion' isn't defined • flutter/dev/bots/test/test_test.dart:59:11 • undefined_function
  error • The function 'isA' isn't defined • flutter/dev/bots/test/test_test.dart:59:22 • undefined_function
  error • The function 'test' isn't defined • flutter/dev/bots/test/test_test.dart:65:5 • undefined_function
  error • The function 'expectLater' isn't defined • flutter/dev/bots/test/test_test.dart:79:15 • undefined_function
  error • The function 'completion' isn't defined • flutter/dev/bots/test/test_test.dart:81:11 • undefined_function
  error • The function 'isA' isn't defined • flutter/dev/bots/test/test_test.dart:82:13 • undefined_function
  error • The function 'group' isn't defined • flutter/dev/bots/test/test_test.dart:94:3 • undefined_function
  error • The function 'setUpAll' isn't defined • flutter/dev/bots/test/test_test.dart:100:5 • undefined_function
  error • The function 'test' isn't defined • flutter/dev/bots/test/test_test.dart:104:5 • undefined_function
  error • The function 'expect' isn't defined • flutter/dev/bots/test/test_test.dart:111:7 • undefined_function
  error • The function 'test' isn't defined • flutter/dev/bots/test/test_test.dart:114:5 • undefined_function
  error • The function 'expect' isn't defined • flutter/dev/bots/test/test_test.dart:121:7 • undefined_function
  error • The function 'group' isn't defined • flutter/dev/bots/test/test_test.dart:125:3 • undefined_function
  error • Undefined class 'ProcessManager' • flutter/dev/bots/test/test_test.dart:126:11 • undefined_class
  error • Const variables must be initialized with a constant value • flutter/dev/bots/test/test_test.dart:126:43 • const_initialized_with_non_constant_value
  error • The function 'LocalProcessManager' isn't defined • flutter/dev/bots/test/test_test.dart:126:43 • undefined_function
  error • The function 'test' isn't defined • flutter/dev/bots/test/test_test.dart:143:5 • undefined_function
  error • The function 'expect' isn't defined • flutter/dev/bots/test/test_test.dart:151:7 • undefined_function
  error • The function 'contains' isn't defined • flutter/dev/bots/test/test_test.dart:151:29 • undefined_function
  error • The function 'expect' isn't defined • flutter/dev/bots/test/test_test.dart:155:7 • undefined_function
  error • The function 'contains' isn't defined • flutter/dev/bots/test/test_test.dart:155:29 • undefined_function
  error • The function 'test' isn't defined • flutter/dev/bots/test/test_test.dart:158:5 • undefined_function
  error • The function 'expect' isn't defined • flutter/dev/bots/test/test_test.dart:164:7 • undefined_function
  error • The function 'contains' isn't defined • flutter/dev/bots/test/test_test.dart:164:29 • undefined_function
  error • The function 'test' isn't defined • flutter/dev/bots/test/test_test.dart:167:5 • undefined_function
  error • The function 'expect' isn't defined • flutter/dev/bots/test/test_test.dart:173:7 • undefined_function
  error • The function 'contains' isn't defined • flutter/dev/bots/test/test_test.dart:173:29 • undefined_function
  error • The function 'test' isn't defined • flutter/dev/bots/test/test_test.dart:176:5 • undefined_function
  error • The function 'expect' isn't defined • flutter/dev/bots/test/test_test.dart:179:7 • undefined_function
  error • The function 'contains' isn't defined • flutter/dev/bots/test/test_test.dart:179:29 • undefined_function
  error • The function 'test' isn't defined • flutter/dev/bots/test/test_test.dart:183:3 • undefined_function
  error • Local variable 'int' can't be referenced before it is declared • flutter/dev/bots/test/test_test.dart:194:15 • referenced_before_declaration
   info • Type could be non-nullable • flutter/dev/bots/test/test_test.dart:194:19 • unnecessary_nullable_for_final_variable_declarations
   info • Missing type annotation • flutter/dev/bots/test/test_test.dart:195:9 • always_specify_types
  error • Expected an identifier • flutter/dev/bots/test/test_test.dart:195:15 • missing_identifier
  error • Expected to find ';' • flutter/dev/bots/test/test_test.dart:195:15 • expected_token
   info • An uninitialized variable should have an explicit type annotation • flutter/dev/bots/test/test_test.dart:195:16 • prefer_typing_uninitialized_variables
warning • The type of  can't be inferred without either a type or initializer • flutter/dev/bots/test/test_test.dart:195:16 • inference_failure_on_uninitialized_variable
  error • Local variable 'int' can't be referenced before it is declared • flutter/dev/bots/test/test_test.dart:195:16 • referenced_before_declaration
  error • Expected to find ';' • flutter/dev/bots/test/test_test.dart:195:27 • expected_token
   info • Unnecessary statement • flutter/dev/bots/test/test_test.dart:195:31 • unnecessary_statements
  error • Expected to find ';' • flutter/dev/bots/test/test_test.dart:195:31 • expected_token
  error • Undefined name 'end' • flutter/dev/bots/test/test_test.dart:195:31 • undefined_identifier
  error • Expected an identifier • flutter/dev/bots/test/test_test.dart:195:34 • missing_identifier
  error • Unexpected text ';' • flutter/dev/bots/test/test_test.dart:195:34 • unexpected_token
  error • Expected an identifier • flutter/dev/bots/test/test_test.dart:195:36 • missing_identifier
  error • Undefined name 'end' • flutter/dev/bots/test/test_test.dart:200:37 • undefined_identifier
  error • The function 'expect' isn't defined • flutter/dev/bots/test/test_test.dart:205:7 • undefined_function
  error • The function 'hasLength' isn't defined • flutter/dev/bots/test/test_test.dart:207:9 • undefined_function
  error • The function 'expect' isn't defined • flutter/dev/bots/test/test_test.dart:210:7 • undefined_function
  error • The function 'unorderedEquals' isn't defined • flutter/dev/bots/test/test_test.dart:212:9 • undefined_function
  error • The function 'expect' isn't defined • flutter/dev/bots/test/test_test.dart:219:9 • undefined_function
  error • Undefined name 'isNonNegative' • flutter/dev/bots/test/test_test.dart:221:11 • undefined_identifier
  error • The function 'expect' isn't defined • flutter/dev/bots/test/test_test.dart:226:9 • undefined_function
  error • The function 'lessThanOrEqualTo' isn't defined • flutter/dev/bots/test/test_test.dart:228:11 • undefined_function
  error • The function 'group' isn't defined • flutter/dev/bots/test/tool_subsharding_test.dart:13:3 • undefined_function
  error • The function 'setUp' isn't defined • flutter/dev/bots/test/tool_subsharding_test.dart:16:5 • undefined_function
  error • The function 'test' isn't defined • flutter/dev/bots/test/tool_subsharding_test.dart:20:5 • undefined_function
  error • The function 'expect' isn't defined • flutter/dev/bots/test/tool_subsharding_test.dart:27:7 • undefined_function
  error • Undefined name 'isEmpty' • flutter/dev/bots/test/tool_subsharding_test.dart:27:35 • undefined_identifier
  error • The function 'test' isn't defined • flutter/dev/bots/test/tool_subsharding_test.dart:30:5 • undefined_function
  error • The function 'expect' isn't defined • flutter/dev/bots/test/tool_subsharding_test.dart:51:7 • undefined_function
  error • The function 'contains' isn't defined • flutter/dev/bots/test/tool_subsharding_test.dart:51:22 • undefined_function
  error • The function 'expect' isn't defined • flutter/dev/bots/test/tool_subsharding_test.dart:52:7 • undefined_function
  error • The function 'contains' isn't defined • flutter/dev/bots/test/tool_subsharding_test.dart:52:22 • undefined_function
  error • The function 'expect' isn't defined • flutter/dev/bots/test/tool_subsharding_test.dart:53:7 • undefined_function
  error • The function 'expect' isn't defined • flutter/dev/bots/test/tool_subsharding_test.dart:54:7 • undefined_function
  error • The function 'expect' isn't defined • flutter/dev/bots/test/tool_subsharding_test.dart:55:7 • undefined_function
  error • The function 'expect' isn't defined • flutter/dev/bots/test/tool_subsharding_test.dart:56:7 • undefined_function
  error • The function 'test' isn't defined • flutter/dev/bots/test/tool_subsharding_test.dart:59:5 • undefined_function
  error • The function 'expect' isn't defined • flutter/dev/bots/test/tool_subsharding_test.dart:66:7 • undefined_function
  error • The function 'test' isn't defined • flutter/dev/bots/test/tool_subsharding_test.dart:69:5 • undefined_function
  error • The function 'expect' isn't defined • flutter/dev/bots/test/tool_subsharding_test.dart:91:7 • undefined_function
  error • The function 'expect' isn't defined • flutter/dev/bots/test/tool_subsharding_test.dart:92:7 • undefined_function
  error • The function 'expect' isn't defined • flutter/dev/bots/test/tool_subsharding_test.dart:93:7 • undefined_function
  error • The function 'expect' isn't defined • flutter/dev/bots/test/tool_subsharding_test.dart:94:7 • undefined_function
  error • The function 'expect' isn't defined • flutter/dev/bots/test/tool_subsharding_test.dart:95:7 • undefined_function
  error • Target of URI doesn't exist: 'package:process/process.dart' • flutter/dev/bots/unpublish_package.dart:21:8 • uri_does_not_exist
  error • Expected to find ';' • flutter/dev/bots/unpublish_package.dart:52:3 • expected_token
warning • Dead code • flutter/dev/bots/unpublish_package.dart:52:10 • dead_code
warning • Missing case clause for 'beta' • flutter/dev/bots/unpublish_package.dart:52:10 • missing_enum_constant_in_switch
warning • Missing case clause for 'dev' • flutter/dev/bots/unpublish_package.dart:52:10 • missing_enum_constant_in_switch
warning • Missing case clause for 'stable' • flutter/dev/bots/unpublish_package.dart:52:10 • missing_enum_constant_in_switch
  error • Expected an identifier • flutter/dev/bots/unpublish_package.dart:52:10 • missing_identifier
  error • Expected to find 'case' • flutter/dev/bots/unpublish_package.dart:53:5 • expected_token
   info • Unnecessary empty statement • flutter/dev/bots/unpublish_package.dart:56:4 • empty_statements
  error • Expected to find ';' • flutter/dev/bots/unpublish_package.dart:60:3 • expected_token
warning • Dead code • flutter/dev/bots/unpublish_package.dart:60:10 • dead_code
  error • Expected an identifier • flutter/dev/bots/unpublish_package.dart:60:10 • missing_identifier
  error • Expected to find 'case' • flutter/dev/bots/unpublish_package.dart:61:5 • expected_token
   info • Unnecessary empty statement • flutter/dev/bots/unpublish_package.dart:65:4 • empty_statements
  error • Expected to find ';' • flutter/dev/bots/unpublish_package.dart:71:3 • expected_token
warning • Dead code • flutter/dev/bots/unpublish_package.dart:71:10 • dead_code
warning • Missing case clause for 'linux' • flutter/dev/bots/unpublish_package.dart:71:10 • missing_enum_constant_in_switch
warning • Missing case clause for 'macos' • flutter/dev/bots/unpublish_package.dart:71:10 • missing_enum_constant_in_switch
warning • Missing case clause for 'windows' • flutter/dev/bots/unpublish_package.dart:71:10 • missing_enum_constant_in_switch
  error • Expected an identifier • flutter/dev/bots/unpublish_package.dart:71:10 • missing_identifier
  error • Expected to find 'case' • flutter/dev/bots/unpublish_package.dart:72:5 • expected_token
   info • Unnecessary empty statement • flutter/dev/bots/unpublish_package.dart:75:4 • empty_statements
  error • Expected to find ';' • flutter/dev/bots/unpublish_package.dart:79:3 • expected_token
warning • Dead code • flutter/dev/bots/unpublish_package.dart:79:10 • dead_code
  error • Expected an identifier • flutter/dev/bots/unpublish_package.dart:79:10 • missing_identifier
  error • Expected to find 'case' • flutter/dev/bots/unpublish_package.dart:80:5 • expected_token
   info • Unnecessary empty statement • flutter/dev/bots/unpublish_package.dart:84:4 • empty_statements
  error • The name 'LocalProcessManager' isn't a class • flutter/dev/bots/unpublish_package.dart:96:33 • creation_with_non_type
  error • Undefined class 'ProcessManager' • flutter/dev/bots/unpublish_package.dart:113:9 • undefined_class
  error • Undefined class 'ProcessManager' • flutter/dev/bots/unpublish_package.dart:195:5 • undefined_class
  error • The name 'LocalProcessManager' isn't a class • flutter/dev/bots/unpublish_package.dart:200:50 • creation_with_non_type
  error • Target of URI doesn't exist: 'package:analyzer/dart/analysis/results.dart' • flutter/dev/bots/utils.dart:12:8 • uri_does_not_exist
  error • Target of URI doesn't exist: 'package:analyzer/dart/ast/ast.dart' • flutter/dev/bots/utils.dart:13:8 • uri_does_not_exist
  error • Target of URI doesn't exist: 'package:analyzer/source/line_info.dart' • flutter/dev/bots/utils.dart:14:8 • uri_does_not_exist
  error • Undefined class 'ResolvedUnitResult' • flutter/dev/bots/utils.dart:348:23 • undefined_class
  error • Undefined class 'AstNode' • flutter/dev/bots/utils.dart:348:48 • undefined_class
  error • Undefined class 'AstNode' • flutter/dev/bots/utils.dart:367:3 • undefined_class
  error • Undefined class 'ParseStringResult' • flutter/dev/bots/utils.dart:368:3 • undefined_class
  error • Undefined class 'LineInfo' • flutter/dev/bots/utils.dart:371:9 • undefined_class
warning • The value of the local variable '<unnamed>' isn't used • flutter/dev/bots/utils.dart:636:9 • unused_local_variable
  error • Local variable 'int' can't be referenced before it is declared • flutter/dev/bots/utils.dart:654:9 • referenced_before_declaration
  error • Local variable 'int' can't be referenced before it is declared • flutter/dev/bots/utils.dart:654:21 • referenced_before_declaration
  error • Local variable 'int' can't be referenced before it is declared • flutter/dev/bots/utils.dart:655:9 • referenced_before_declaration
  error • Local variable 'int' can't be referenced before it is declared • flutter/dev/bots/utils.dart:655:21 • referenced_before_declaration
   info • Missing type annotation • flutter/dev/bots/utils.dart:663:3 • always_specify_types
  error • Expected an identifier • flutter/dev/bots/utils.dart:663:9 • missing_identifier
  error • Expected to find ';' • flutter/dev/bots/utils.dart:663:9 • expected_token
   info • An uninitialized variable should have an explicit type annotation • flutter/dev/bots/utils.dart:663:10 • prefer_typing_uninitialized_variables
warning • The type of  can't be inferred without either a type or initializer • flutter/dev/bots/utils.dart:663:10 • inference_failure_on_uninitialized_variable
  error • Local variable 'int' can't be referenced before it is declared • flutter/dev/bots/utils.dart:663:10 • referenced_before_declaration
  error • Expected to find ';' • flutter/dev/bots/utils.dart:663:21 • expected_token
   info • Unnecessary statement • flutter/dev/bots/utils.dart:663:25 • unnecessary_statements
  error • Expected to find ';' • flutter/dev/bots/utils.dart:663:25 • expected_token
  error • Undefined name 'end' • flutter/dev/bots/utils.dart:663:25 • undefined_identifier
  error • Expected an identifier • flutter/dev/bots/utils.dart:663:28 • missing_identifier
  error • Unexpected text ';' • flutter/dev/bots/utils.dart:663:28 • unexpected_token
  error • Expected an identifier • flutter/dev/bots/utils.dart:663:30 • missing_identifier
  error • Undefined name 'end' • flutter/dev/bots/utils.dart:668:67 • undefined_identifier
  error • Undefined name 'end' • flutter/dev/bots/utils.dart:669:31 • undefined_identifier
  error • This requires the 'records' language feature to be enabled • flutter/dev/bots/utils.dart:674:1 • experiment_not_enabled
warning • The value of the local variable 'end' isn't used • flutter/dev/bots/utils.dart:702:13 • unused_local_variable
   info • Unnecessary use of parentheses • flutter/dev/bots/utils.dart:704:10 • unnecessary_parenthesis
  error • This requires the 'records' language feature to be enabled • flutter/dev/bots/utils.dart:704:10 • experiment_not_enabled
  error • This requires the 'sealed-class' language feature to be enabled • flutter/dev/bots/utils.dart:739:1 • experiment_not_enabled
  error • This requires the 'class-modifiers' language feature to be enabled • flutter/dev/bots/utils.dart:788:1 • experiment_not_enabled
  error • This requires the 'class-modifiers' language feature to be enabled • flutter/dev/bots/utils.dart:804:1 • experiment_not_enabled
  error • Expected to find ';' • flutter/dev/customer_testing/lib/customer_test.dart:172:5 • expected_token
warning • Dead code • flutter/dev/customer_testing/lib/customer_test.dart:172:12 • dead_code
warning • Missing case clause for 'all' • flutter/dev/customer_testing/lib/customer_test.dart:172:12 • missing_enum_constant_in_switch
warning • Missing case clause for 'linux' • flutter/dev/customer_testing/lib/customer_test.dart:172:12 • missing_enum_constant_in_switch
warning • Missing case clause for 'macos' • flutter/dev/customer_testing/lib/customer_test.dart:172:12 • missing_enum_constant_in_switch
warning • Missing case clause for 'posix' • flutter/dev/customer_testing/lib/customer_test.dart:172:12 • missing_enum_constant_in_switch
warning • Missing case clause for 'windows' • flutter/dev/customer_testing/lib/customer_test.dart:172:12 • missing_enum_constant_in_switch
  error • Expected an identifier • flutter/dev/customer_testing/lib/customer_test.dart:172:12 • missing_identifier
  error • Expected to find 'case' • flutter/dev/customer_testing/lib/customer_test.dart:173:7 • expected_token
   info • Unnecessary empty statement • flutter/dev/customer_testing/lib/customer_test.dart:175:6 • empty_statements
warning • The declaration '<unnamed>' isn't referenced • flutter/dev/customer_testing/lib/customer_test.dart:179:6 • unused_element
  error • Expected to find ';' • flutter/dev/customer_testing/lib/customer_test.dart:186:25 • expected_token
  error • Expected a class member • flutter/dev/customer_testing/lib/customer_test.dart:186:28 • expected_class_member
  error • Expected an identifier • flutter/dev/customer_testing/lib/customer_test.dart:186:28 • missing_identifier
  error • Expected an identifier • flutter/dev/customer_testing/lib/customer_test.dart:186:35 • missing_identifier
   info • Missing type annotation • flutter/dev/customer_testing/lib/customer_test.dart:186:36 • always_specify_types
   info • Missing type annotation • flutter/dev/customer_testing/lib/customer_test.dart:186:36 • strict_top_level_inference
  error • 'this' can't be used as an identifier because it's a keyword • flutter/dev/customer_testing/lib/customer_test.dart:186:36 • expected_identifier_but_got_keyword
   info • Unnecessary statement • flutter/dev/customer_testing/lib/customer_test.dart:187:5 • unnecessary_statements
  error • Expected to find ';' • flutter/dev/customer_testing/lib/customer_test.dart:187:19 • expected_token
  error • Expected an identifier • flutter/dev/customer_testing/lib/customer_test.dart:187:23 • missing_identifier
  error • Expected to find ';' • flutter/dev/customer_testing/lib/customer_test.dart:187:23 • expected_token
   info • Unnecessary statement • flutter/dev/customer_testing/lib/customer_test.dart:187:26 • unnecessary_statements
  error • Expected to find ';' • flutter/dev/customer_testing/lib/customer_test.dart:187:26 • expected_token
  error • Expected an identifier • flutter/dev/customer_testing/lib/customer_test.dart:187:30 • missing_identifier
  error • Unexpected text ';' • flutter/dev/customer_testing/lib/customer_test.dart:187:30 • unexpected_token
   info • Unnecessary statement • flutter/dev/customer_testing/lib/customer_test.dart:188:5 • unnecessary_statements
  error • Expected to find ';' • flutter/dev/customer_testing/lib/customer_test.dart:188:19 • expected_token
  error • Expected an identifier • flutter/dev/customer_testing/lib/customer_test.dart:188:27 • missing_identifier
  error • Expected to find ';' • flutter/dev/customer_testing/lib/customer_test.dart:188:27 • expected_token
   info • Unnecessary statement • flutter/dev/customer_testing/lib/customer_test.dart:188:30 • unnecessary_statements
  error • Expected to find ';' • flutter/dev/customer_testing/lib/customer_test.dart:188:39 • expected_token
  error • Expected an identifier • flutter/dev/customer_testing/lib/customer_test.dart:188:48 • missing_identifier
  error • Unexpected text ';' • flutter/dev/customer_testing/lib/customer_test.dart:188:48 • unexpected_token
   info • Unnecessary statement • flutter/dev/customer_testing/lib/customer_test.dart:189:5 • unnecessary_statements
  error • Expected to find ';' • flutter/dev/customer_testing/lib/customer_test.dart:189:19 • expected_token
  error • Expected an identifier • flutter/dev/customer_testing/lib/customer_test.dart:189:25 • missing_identifier
  error • Expected to find ';' • flutter/dev/customer_testing/lib/customer_test.dart:189:25 • expected_token
   info • Unnecessary statement • flutter/dev/customer_testing/lib/customer_test.dart:189:28 • unnecessary_statements
  error • Expected to find ';' • flutter/dev/customer_testing/lib/customer_test.dart:189:37 • expected_token
  error • Expected an identifier • flutter/dev/customer_testing/lib/customer_test.dart:189:44 • missing_identifier
  error • Unexpected text ';' • flutter/dev/customer_testing/lib/customer_test.dart:189:44 • unexpected_token
   info • Unnecessary statement • flutter/dev/customer_testing/lib/customer_test.dart:190:5 • unnecessary_statements
  error • Expected to find ';' • flutter/dev/customer_testing/lib/customer_test.dart:190:19 • expected_token
  error • Expected an identifier • flutter/dev/customer_testing/lib/customer_test.dart:190:25 • missing_identifier
  error • Expected to find ';' • flutter/dev/customer_testing/lib/customer_test.dart:190:25 • expected_token
   info • Unnecessary statement • flutter/dev/customer_testing/lib/customer_test.dart:190:28 • unnecessary_statements
  error • Expected to find ';' • flutter/dev/customer_testing/lib/customer_test.dart:190:37 • expected_token
  error • Expected an identifier • flutter/dev/customer_testing/lib/customer_test.dart:190:44 • missing_identifier
  error • Unexpected text ';' • flutter/dev/customer_testing/lib/customer_test.dart:190:44 • unexpected_token
   info • Unnecessary statement • flutter/dev/customer_testing/lib/customer_test.dart:191:5 • unnecessary_statements
  error • Expected to find ';' • flutter/dev/customer_testing/lib/customer_test.dart:191:19 • expected_token
  error • Expected an identifier • flutter/dev/customer_testing/lib/customer_test.dart:191:25 • missing_identifier
  error • Expected to find ';' • flutter/dev/customer_testing/lib/customer_test.dart:191:25 • expected_token
   info • Unnecessary statement • flutter/dev/customer_testing/lib/customer_test.dart:191:48 • unnecessary_statements
  error • Expected to find ';' • flutter/dev/customer_testing/lib/customer_test.dart:191:57 • expected_token
  error • Expected an identifier • flutter/dev/customer_testing/lib/customer_test.dart:191:64 • missing_identifier
  error • Unexpected text ';' • flutter/dev/customer_testing/lib/customer_test.dart:191:64 • unexpected_token
  error • Expected a class member • flutter/dev/customer_testing/lib/customer_test.dart:192:4 • expected_class_member
  error • Target of URI doesn't exist: 'package:test/test.dart' • flutter/dev/customer_testing/test/common.dart:5:8 • uri_does_not_exist
  error • Target of URI doesn't exist: 'package:test/test.dart' • flutter/dev/customer_testing/test/common.dart:7:8 • uri_does_not_exist
  error • Undefined class 'TypeMatcher' • flutter/dev/customer_testing/test/common.dart:10:1 • undefined_class
  error • The function 'isA' isn't defined • flutter/dev/customer_testing/test/common.dart:10:37 • undefined_function
  error • Target of URI doesn't exist: 'package:customer_testing/customer_test.dart' • flutter/dev/customer_testing/test/customer_test_test.dart:7:8 • uri_does_not_exist
  error • The function 'test' isn't defined • flutter/dev/customer_testing/test/customer_test_test.dart:14:3 • undefined_function
  error • Undefined class 'CustomerTest' • flutter/dev/customer_testing/test/customer_test_test.dart:33:11 • undefined_class
  error • The function 'CustomerTest' isn't defined • flutter/dev/customer_testing/test/customer_test_test.dart:33:31 • undefined_function
  error • The function 'expect' isn't defined • flutter/dev/customer_testing/test/customer_test_test.dart:34:5 • undefined_function
  error • The function 'containsAll' isn't defined • flutter/dev/customer_testing/test/customer_test_test.dart:34:27 • undefined_function
  error • The function 'expect' isn't defined • flutter/dev/customer_testing/test/customer_test_test.dart:35:5 • undefined_function
  error • The function 'containsAllInOrder' isn't defined • flutter/dev/customer_testing/test/customer_test_test.dart:37:7 • undefined_function
  error • The function 'expect' isn't defined • flutter/dev/customer_testing/test/customer_test_test.dart:42:5 • undefined_function
  error • The function 'expect' isn't defined • flutter/dev/customer_testing/test/customer_test_test.dart:44:7 • undefined_function
  error • The function 'expect' isn't defined • flutter/dev/customer_testing/test/customer_test_test.dart:45:7 • undefined_function
  error • The function 'expect' isn't defined • flutter/dev/customer_testing/test/customer_test_test.dart:46:7 • undefined_function
  error • The function 'expect' isn't defined • flutter/dev/customer_testing/test/customer_test_test.dart:47:7 • undefined_function
  error • The function 'containsAllInOrder' isn't defined • flutter/dev/customer_testing/test/customer_test_test.dart:49:9 • undefined_function
  error • The function 'expect' isn't defined • flutter/dev/customer_testing/test/customer_test_test.dart:55:7 • undefined_function
  error • The function 'expect' isn't defined • flutter/dev/customer_testing/test/customer_test_test.dart:56:7 • undefined_function
  error • The function 'expect' isn't defined • flutter/dev/customer_testing/test/customer_test_test.dart:57:7 • undefined_function
  error • The function 'containsAllInOrder' isn't defined • flutter/dev/customer_testing/test/customer_test_test.dart:59:9 • undefined_function
  error • The function 'test' isn't defined • flutter/dev/customer_testing/test/customer_test_test.dart:64:3 • undefined_function
  error • The function 'expect' isn't defined • flutter/dev/customer_testing/test/customer_test_test.dart:77:5 • undefined_function
  error • The function 'CustomerTest' isn't defined • flutter/dev/customer_testing/test/customer_test_test.dart:77:18 • undefined_function
  error • Undefined name 'throwsFormatException' • flutter/dev/customer_testing/test/customer_test_test.dart:77:46 • undefined_identifier
  error • The function 'test' isn't defined • flutter/dev/customer_testing/test/customer_test_test.dart:80:3 • undefined_function
  error • The function 'expect' isn't defined • flutter/dev/customer_testing/test/customer_test_test.dart:89:5 • undefined_function
  error • The function 'CustomerTest' isn't defined • flutter/dev/customer_testing/test/customer_test_test.dart:89:18 • undefined_function
  error • Undefined name 'throwsFormatException' • flutter/dev/customer_testing/test/customer_test_test.dart:89:46 • undefined_identifier
  error • The function 'test' isn't defined • flutter/dev/customer_testing/test/customer_test_test.dart:92:3 • undefined_function
  error • The function 'expect' isn't defined • flutter/dev/customer_testing/test/customer_test_test.dart:103:5 • undefined_function
  error • The function 'CustomerTest' isn't defined • flutter/dev/customer_testing/test/customer_test_test.dart:103:18 • undefined_function
  error • Undefined name 'throwsFormatException' • flutter/dev/customer_testing/test/customer_test_test.dart:103:46 • undefined_identifier
  error • The function 'test' isn't defined • flutter/dev/customer_testing/test/customer_test_test.dart:106:3 • undefined_function
  error • The function 'expect' isn't defined • flutter/dev/customer_testing/test/customer_test_test.dart:116:5 • undefined_function
  error • The function 'CustomerTest' isn't defined • flutter/dev/customer_testing/test/customer_test_test.dart:116:18 • undefined_function
  error • Undefined name 'throwsFormatException' • flutter/dev/customer_testing/test/customer_test_test.dart:116:46 • undefined_identifier
  error • Target of URI doesn't exist: 'package:flutter_devicelab/framework/ab.dart' • flutter/dev/devicelab/bin/run.dart:9:8 • uri_does_not_exist
  error • Target of URI doesn't exist: 'package:flutter_devicelab/framework/runner.dart' • flutter/dev/devicelab/bin/run.dart:10:8 • uri_does_not_exist
  error • Target of URI doesn't exist: 'package:flutter_devicelab/framework/task_result.dart' • flutter/dev/devicelab/bin/run.dart:11:8 • uri_does_not_exist
  error • Target of URI doesn't exist: 'package:flutter_devicelab/framework/utils.dart' • flutter/dev/devicelab/bin/run.dart:12:8 • uri_does_not_exist
  error • The function 'runTasks' isn't defined • flutter/dev/devicelab/bin/run.dart:128:11 • undefined_function
  error • Undefined class 'ABTest' • flutter/dev/devicelab/bin/run.dart:164:9 • undefined_class
  error • The function 'ABTest' isn't defined • flutter/dev/devicelab/bin/run.dart:164:25 • undefined_function
  error • The function 'section' isn't defined • flutter/dev/devicelab/bin/run.dart:170:5 • undefined_function
  error • Undefined class 'TaskResult' • flutter/dev/devicelab/bin/run.dart:176:13 • undefined_class
  error • The function 'runTask' isn't defined • flutter/dev/devicelab/bin/run.dart:176:52 • undefined_function
  error • Undefined class 'TaskResult' • flutter/dev/devicelab/bin/run.dart:195:11 • undefined_class
  error • The function 'runTask' isn't defined • flutter/dev/devicelab/bin/run.dart:195:48 • undefined_function
  error • The function 'section' isn't defined • flutter/dev/devicelab/bin/run.dart:217:7 • undefined_function
  error • The function 'section' isn't defined • flutter/dev/devicelab/bin/run.dart:227:5 • undefined_function
  error • The function 'section' isn't defined • flutter/dev/devicelab/bin/run.dart:231:3 • undefined_function
  error • Target of URI doesn't exist: 'package:flutter_devicelab/framework/ab.dart' • flutter/dev/devicelab/bin/summarize.dart:10:8 • uri_does_not_exist
  error • Target of URI doesn't exist: 'package:flutter_devicelab/framework/utils.dart' • flutter/dev/devicelab/bin/summarize.dart:11:8 • uri_does_not_exist
  error • Undefined class 'ABTest' • flutter/dev/devicelab/bin/summarize.dart:42:5 • undefined_class
  error • Undefined name 'ABTest' • flutter/dev/devicelab/bin/summarize.dart:44:14 • undefined_identifier
  error • The function 'section' isn't defined • flutter/dev/devicelab/bin/summarize.dart:53:7 • undefined_function
  error • The function 'section' isn't defined • flutter/dev/devicelab/bin/summarize.dart:57:7 • undefined_function
  error • The function 'section' isn't defined • flutter/dev/devicelab/bin/summarize.dart:61:7 • undefined_function
  error • Target of URI doesn't exist: 'package:flutter_devicelab/framework/framework.dart' • flutter/dev/devicelab/bin/tasks/analyzer_benchmark.dart:5:8 • uri_does_not_exist
  error • Target of URI doesn't exist: 'package:flutter_devicelab/tasks/analysis.dart' • flutter/dev/devicelab/bin/tasks/analyzer_benchmark.dart:6:8 • uri_does_not_exist
  error • The function 'task' isn't defined • flutter/dev/devicelab/bin/tasks/analyzer_benchmark.dart:9:9 • undefined_function
  error • Undefined name 'analyzerBenchmarkTask' • flutter/dev/devicelab/bin/tasks/analyzer_benchmark.dart:9:14 • undefined_identifier
  error • Target of URI doesn't exist: 'package:flutter_devicelab/framework/framework.dart' • flutter/dev/devicelab/bin/tasks/android_choreographer_do_frame_test.dart:5:8 • uri_does_not_exist
  error • Target of URI doesn't exist: 'package:flutter_devicelab/tasks/android_choreographer_do_frame_test.dart' • flutter/dev/devicelab/bin/tasks/android_choreographer_do_frame_test.dart:6:8 • uri_does_not_exist
  error • The function 'task' isn't defined • flutter/dev/devicelab/bin/tasks/android_choreographer_do_frame_test.dart:9:9 • undefined_function
  error • The function 'androidChoreographerDoFrameTest' isn't defined • flutter/dev/devicelab/bin/tasks/android_choreographer_do_frame_test.dart:9:14 • undefined_function
  error • Target of URI doesn't exist: 'package:flutter_devicelab/framework/devices.dart' • flutter/dev/devicelab/bin/tasks/android_defines_test.dart:5:8 • uri_does_not_exist
  error • Target of URI doesn't exist: 'package:flutter_devicelab/framework/framework.dart' • flutter/dev/devicelab/bin/tasks/android_defines_test.dart:6:8 • uri_does_not_exist
  error • Target of URI doesn't exist: 'package:flutter_devicelab/tasks/integration_tests.dart' • flutter/dev/devicelab/bin/tasks/android_defines_test.dart:7:8 • uri_does_not_exist
  error • Undefined name 'deviceOperatingSystem' • flutter/dev/devicelab/bin/tasks/android_defines_test.dart:11:3 • undefined_identifier
  error • Undefined name 'DeviceOperatingSystem' • flutter/dev/devicelab/bin/tasks/android_defines_test.dart:11:27 • undefined_identifier
  error • The function 'task' isn't defined • flutter/dev/devicelab/bin/tasks/android_defines_test.dart:12:9 • undefined_function
  error • The function 'dartDefinesTask' isn't defined • flutter/dev/devicelab/bin/tasks/android_defines_test.dart:12:14 • undefined_function
  error • Target of URI doesn't exist: 'package:flutter_devicelab/framework/devices.dart' • flutter/dev/devicelab/bin/tasks/android_display_cutout.dart:5:8 • uri_does_not_exist
  error • Target of URI doesn't exist: 'package:flutter_devicelab/framework/framework.dart' • flutter/dev/devicelab/bin/tasks/android_display_cutout.dart:6:8 • uri_does_not_exist
  error • Target of URI doesn't exist: 'package:flutter_devicelab/tasks/integration_tests.dart' • flutter/dev/devicelab/bin/tasks/android_display_cutout.dart:7:8 • uri_does_not_exist
  error • Undefined name 'deviceOperatingSystem' • flutter/dev/devicelab/bin/tasks/android_display_cutout.dart:10:3 • undefined_identifier
  error • Undefined name 'DeviceOperatingSystem' • flutter/dev/devicelab/bin/tasks/android_display_cutout.dart:10:27 • undefined_identifier
  error • The function 'task' isn't defined • flutter/dev/devicelab/bin/tasks/android_display_cutout.dart:11:9 • undefined_function
  error • The function 'createDisplayCutoutTest' isn't defined • flutter/dev/devicelab/bin/tasks/android_display_cutout.dart:11:14 • undefined_function
  error • Target of URI doesn't exist: 'package:flutter_devicelab/framework/framework.dart' • flutter/dev/devicelab/bin/tasks/android_java11_dependency_smoke_tests.dart:5:8 • uri_does_not_exist
  error • Target of URI doesn't exist: 'package:flutter_devicelab/framework/task_result.dart' • flutter/dev/devicelab/bin/tasks/android_java11_dependency_smoke_tests.dart:6:8 • uri_does_not_exist
  error • The function 'task' isn't defined • flutter/dev/devicelab/bin/tasks/android_java11_dependency_smoke_tests.dart:10:9 • undefined_function
  error • Undefined name 'TaskResult' • flutter/dev/devicelab/bin/tasks/android_java11_dependency_smoke_tests.dart:11:12 • undefined_identifier
  error • Target of URI doesn't exist: 'package:flutter_devicelab/framework/dependency_smoke_test_task_definition.dart' • flutter/dev/devicelab/bin/tasks/android_java17_dependency_smoke_tests.dart:8:8 • uri_does_not_exist
  error • Target of URI doesn't exist: 'package:flutter_devicelab/framework/framework.dart' • flutter/dev/devicelab/bin/tasks/android_java17_dependency_smoke_tests.dart:9:8 • uri_does_not_exist
  error • The name 'VersionTuple' isn't a type, so it can't be used as a type argument • flutter/dev/devicelab/bin/tasks/android_java17_dependency_smoke_tests.dart:18:6 • non_type_as_type_argument
  error • The name 'VersionTuple' isn't a type, so it can't be used as a type argument • flutter/dev/devicelab/bin/tasks/android_java17_dependency_smoke_tests.dart:18:37 • non_type_as_type_argument
  error • The function 'VersionTuple' isn't defined • flutter/dev/devicelab/bin/tasks/android_java17_dependency_smoke_tests.dart:20:3 • undefined_function
  error • The function 'VersionTuple' isn't defined • flutter/dev/devicelab/bin/tasks/android_java17_dependency_smoke_tests.dart:22:3 • undefined_function
  error • The function 'VersionTuple' isn't defined • flutter/dev/devicelab/bin/tasks/android_java17_dependency_smoke_tests.dart:24:3 • undefined_function
  error • The function 'VersionTuple' isn't defined • flutter/dev/devicelab/bin/tasks/android_java17_dependency_smoke_tests.dart:26:3 • undefined_function
  error • The function 'VersionTuple' isn't defined • flutter/dev/devicelab/bin/tasks/android_java17_dependency_smoke_tests.dart:27:3 • undefined_function
  error • The function 'VersionTuple' isn't defined • flutter/dev/devicelab/bin/tasks/android_java17_dependency_smoke_tests.dart:28:3 • undefined_function
  error • The function 'VersionTuple' isn't defined • flutter/dev/devicelab/bin/tasks/android_java17_dependency_smoke_tests.dart:29:3 • undefined_function
  error • The function 'task' isn't defined • flutter/dev/devicelab/bin/tasks/android_java17_dependency_smoke_tests.dart:40:9 • undefined_function
  error • The function 'buildFlutterApkWithSpecifiedDependencyVersions' isn't defined • flutter/dev/devicelab/bin/tasks/android_java17_dependency_smoke_tests.dart:41:12 • undefined_function
  error • Target of URI doesn't exist: 'package:flutter_devicelab/framework/framework.dart' • flutter/dev/devicelab/bin/tasks/android_lifecycles_test.dart:5:8 • uri_does_not_exist
  error • Target of URI doesn't exist: 'package:flutter_devicelab/tasks/android_lifecycles_test.dart' • flutter/dev/devicelab/bin/tasks/android_lifecycles_test.dart:6:8 • uri_does_not_exist
  error • The function 'task' isn't defined • flutter/dev/devicelab/bin/tasks/android_lifecycles_test.dart:9:9 • undefined_function
  error • The function 'androidLifecyclesTest' isn't defined • flutter/dev/devicelab/bin/tasks/android_lifecycles_test.dart:9:14 • undefined_function
  error • Target of URI doesn't exist: 'package:flutter_devicelab/framework/devices.dart' • flutter/dev/devicelab/bin/tasks/android_picture_cache_complexity_scoring_perf__timeline_summary.dart:5:8 • uri_does_not_exist
  error • Target of URI doesn't exist: 'package:flutter_devicelab/framework/framework.dart' • flutter/dev/devicelab/bin/tasks/android_picture_cache_complexity_scoring_perf__timeline_summary.dart:6:8 • uri_does_not_exist
  error • Target of URI doesn't exist: 'package:flutter_devicelab/tasks/perf_tests.dart' • flutter/dev/devicelab/bin/tasks/android_picture_cache_complexity_scoring_perf__timeline_summary.dart:7:8 • uri_does_not_exist
  error • Undefined name 'deviceOperatingSystem' • flutter/dev/devicelab/bin/tasks/android_picture_cache_complexity_scoring_perf__timeline_summary.dart:10:3 • undefined_identifier
  error • Undefined name 'DeviceOperatingSystem' • flutter/dev/devicelab/bin/tasks/android_picture_cache_complexity_scoring_perf__timeline_summary.dart:10:27 • undefined_identifier
  error • The function 'task' isn't defined • flutter/dev/devicelab/bin/tasks/android_picture_cache_complexity_scoring_perf__timeline_summary.dart:11:9 • undefined_function
  error • The function 'createPictureCacheComplexityScoringPerfTest' isn't defined • flutter/dev/devicelab/bin/tasks/android_picture_cache_complexity_scoring_perf__timeline_summary.dart:11:14 • undefined_function
  error • Target of URI doesn't exist: 'package:flutter_devicelab/framework/apk_utils.dart' • flutter/dev/devicelab/bin/tasks/android_release_builds_exclude_dev_dependencies_test.dart:8:8 • uri_does_not_exist
  error • Target of URI doesn't exist: 'package:flutter_devicelab/framework/framework.dart' • flutter/dev/devicelab/bin/tasks/android_release_builds_exclude_dev_dependencies_test.dart:9:8 • uri_does_not_exist
  error • Target of URI doesn't exist: 'package:flutter_devicelab/framework/task_result.dart' • flutter/dev/devicelab/bin/tasks/android_release_builds_exclude_dev_dependencies_test.dart:10:8 • uri_does_not_exist
  error • Target of URI doesn't exist: 'package:flutter_devicelab/framework/utils.dart' • flutter/dev/devicelab/bin/tasks/android_release_builds_exclude_dev_dependencies_test.dart:11:8 • uri_does_not_exist
  error • The function 'task' isn't defined • flutter/dev/devicelab/bin/tasks/android_release_builds_exclude_dev_dependencies_test.dart:15:9 • undefined_function
  error • The function 'runProjectTest' isn't defined • flutter/dev/devicelab/bin/tasks/android_release_builds_exclude_dev_dependencies_test.dart:17:13 • undefined_function
  error • Undefined class 'FlutterProject' • flutter/dev/devicelab/bin/tasks/android_release_builds_exclude_dev_dependencies_test.dart:17:29 • undefined_class
  error • Undefined name 'FlutterPluginProject' • flutter/dev/devicelab/bin/tasks/android_release_builds_exclude_dev_dependencies_test.dart:26:15 • undefined_identifier
  error • Undefined name 'TaskResult' • flutter/dev/devicelab/bin/tasks/android_release_builds_exclude_dev_dependencies_test.dart:75:21 • undefined_identifier
  error • Undefined name 'TaskResult' • flutter/dev/devicelab/bin/tasks/android_release_builds_exclude_dev_dependencies_test.dart:93:19 • undefined_identifier
  error • Undefined name 'TaskResult' • flutter/dev/devicelab/bin/tasks/android_release_builds_exclude_dev_dependencies_test.dart:99:14 • undefined_identifier
  error • The name 'TaskResult' isn't a type and can't be used in an on-catch clause • flutter/dev/devicelab/bin/tasks/android_release_builds_exclude_dev_dependencies_test.dart:100:10 • non_type_in_catch_clause
  error • Undefined name 'TaskResult' • flutter/dev/devicelab/bin/tasks/android_release_builds_exclude_dev_dependencies_test.dart:104:14 • undefined_identifier
  error • Target of URI doesn't exist: 'package:flutter_devicelab/framework/devices.dart' • flutter/dev/devicelab/bin/tasks/android_semantics_integration_test.dart:5:8 • uri_does_not_exist
  error • Target of URI doesn't exist: 'package:flutter_devicelab/framework/framework.dart' • flutter/dev/devicelab/bin/tasks/android_semantics_integration_test.dart:6:8 • uri_does_not_exist
  error • Target of URI doesn't exist: 'package:flutter_devicelab/tasks/integration_tests.dart' • flutter/dev/devicelab/bin/tasks/android_semantics_integration_test.dart:7:8 • uri_does_not_exist
  error • Undefined name 'deviceOperatingSystem' • flutter/dev/devicelab/bin/tasks/android_semantics_integration_test.dart:10:3 • undefined_identifier
  error • Undefined name 'DeviceOperatingSystem' • flutter/dev/devicelab/bin/tasks/android_semantics_integration_test.dart:10:27 • undefined_identifier
  error • The function 'task' isn't defined • flutter/dev/devicelab/bin/tasks/android_semantics_integration_test.dart:11:9 • undefined_function
  error • The function 'createAndroidSemanticsIntegrationTest' isn't defined • flutter/dev/devicelab/bin/tasks/android_semantics_integration_test.dart:11:14 • undefined_function
  error • Target of URI doesn't exist: 'package:flutter_devicelab/framework/devices.dart' • flutter/dev/devicelab/bin/tasks/android_view_scroll_perf__timeline_summary.dart:5:8 • uri_does_not_exist
  error • Target of URI doesn't exist: 'package:flutter_devicelab/framework/framework.dart' • flutter/dev/devicelab/bin/tasks/android_view_scroll_perf__timeline_summary.dart:6:8 • uri_does_not_exist
  error • Target of URI doesn't exist: 'package:flutter_devicelab/tasks/perf_tests.dart' • flutter/dev/devicelab/bin/tasks/android_view_scroll_perf__timeline_summary.dart:7:8 • uri_does_not_exist
  error • Undefined name 'deviceOperatingSystem' • flutter/dev/devicelab/bin/tasks/android_view_scroll_perf__timeline_summary.dart:10:3 • undefined_identifier
  error • Undefined name 'DeviceOperatingSystem' • flutter/dev/devicelab/bin/tasks/android_view_scroll_perf__timeline_summary.dart:10:27 • undefined_identifier
  error • The function 'task' isn't defined • flutter/dev/devicelab/bin/tasks/android_view_scroll_perf__timeline_summary.dart:11:9 • undefined_function
  error • The function 'createAndroidViewScrollPerfTest' isn't defined • flutter/dev/devicelab/bin/tasks/android_view_scroll_perf__timeline_summary.dart:11:14 • undefined_function
  error • Target of URI doesn't exist: 'package:flutter_devicelab/framework/framework.dart' • flutter/dev/devicelab/bin/tasks/android_views.dart:5:8 • uri_does_not_exist
  error • Target of URI doesn't exist: 'package:flutter_devicelab/tasks/android_views_test.dart' • flutter/dev/devicelab/bin/tasks/android_views.dart:6:8 • uri_does_not_exist
  error • The function 'task' isn't defined • flutter/dev/devicelab/bin/tasks/android_views.dart:9:9 • undefined_function
  error • The function 'androidViewsTest' isn't defined • flutter/dev/devicelab/bin/tasks/android_views.dart:9:14 • undefined_function
  error • Target of URI doesn't exist: 'package:flutter_devicelab/framework/devices.dart' • flutter/dev/devicelab/bin/tasks/animated_advanced_blend_perf__timeline_summary.dart:7:8 • uri_does_not_exist
  error • Target of URI doesn't exist: 'package:flutter_devicelab/framework/framework.dart' • flutter/dev/devicelab/bin/tasks/animated_advanced_blend_perf__timeline_summary.dart:8:8 • uri_does_not_exist
  error • Target of URI doesn't exist: 'package:flutter_devicelab/tasks/perf_tests.dart' • flutter/dev/devicelab/bin/tasks/animated_advanced_blend_perf__timeline_summary.dart:9:8 • uri_does_not_exist
  error • Undefined name 'deviceOperatingSystem' • flutter/dev/devicelab/bin/tasks/animated_advanced_blend_perf__timeline_summary.dart:12:3 • undefined_identifier
  error • Undefined name 'DeviceOperatingSystem' • flutter/dev/devicelab/bin/tasks/animated_advanced_blend_perf__timeline_summary.dart:12:27 • undefined_identifier
  error • The function 'task' isn't defined • flutter/dev/devicelab/bin/tasks/animated_advanced_blend_perf__timeline_summary.dart:13:9 • undefined_function
  error • The function 'createAnimatedAdvancedBlendPerfTest' isn't defined • flutter/dev/devicelab/bin/tasks/animated_advanced_blend_perf__timeline_summary.dart:13:14 • undefined_function
  error • Target of URI doesn't exist: 'package:flutter_devicelab/framework/devices.dart' • flutter/dev/devicelab/bin/tasks/animated_advanced_blend_perf_ios__timeline_summary.dart:7:8 • uri_does_not_exist
  error • Target of URI doesn't exist: 'package:flutter_devicelab/framework/framework.dart' • flutter/dev/devicelab/bin/tasks/animated_advanced_blend_perf_ios__timeline_summary.dart:8:8 • uri_does_not_exist
  error • Target of URI doesn't exist: 'package:flutter_devicelab/tasks/perf_tests.dart' • flutter/dev/devicelab/bin/tasks/animated_advanced_blend_perf_ios__timeline_summary.dart:9:8 • uri_does_not_exist
  error • Undefined name 'deviceOperatingSystem' • flutter/dev/devicelab/bin/tasks/animated_advanced_blend_perf_ios__timeline_summary.dart:12:3 • undefined_identifier
  error • Undefined name 'DeviceOperatingSystem' • flutter/dev/devicelab/bin/tasks/animated_advanced_blend_perf_ios__timeline_summary.dart:12:27 • undefined_identifier
  error • The function 'task' isn't defined • flutter/dev/devicelab/bin/tasks/animated_advanced_blend_perf_ios__timeline_summary.dart:13:9 • undefined_function
  error • The function 'createAnimatedAdvancedBlendPerfTest' isn't defined • flutter/dev/devicelab/bin/tasks/animated_advanced_blend_perf_ios__timeline_summary.dart:13:14 • undefined_function
  error • Target of URI doesn't exist: 'package:flutter_devicelab/framework/devices.dart' • flutter/dev/devicelab/bin/tasks/animated_advanced_blend_perf_opengles__timeline_summary.dart:7:8 • uri_does_not_exist
  error • Target of URI doesn't exist: 'package:flutter_devicelab/framework/framework.dart' • flutter/dev/devicelab/bin/tasks/animated_advanced_blend_perf_opengles__timeline_summary.dart:8:8 • uri_does_not_exist
  error • Target of URI doesn't exist: 'package:flutter_devicelab/tasks/perf_tests.dart' • flutter/dev/devicelab/bin/tasks/animated_advanced_blend_perf_opengles__timeline_summary.dart:9:8 • uri_does_not_exist
  error • Undefined name 'deviceOperatingSystem' • flutter/dev/devicelab/bin/tasks/animated_advanced_blend_perf_opengles__timeline_summary.dart:12:3 • undefined_identifier
  error • Undefined name 'DeviceOperatingSystem' • flutter/dev/devicelab/bin/tasks/animated_advanced_blend_perf_opengles__timeline_summary.dart:12:27 • undefined_identifier
  error • The function 'task' isn't defined • flutter/dev/devicelab/bin/tasks/animated_advanced_blend_perf_opengles__timeline_summary.dart:13:9 • undefined_function
  error • The function 'createAnimatedAdvancedBlendPerfTest' isn't defined • flutter/dev/devicelab/bin/tasks/animated_advanced_blend_perf_opengles__timeline_summary.dart:13:14 • undefined_function
  error • Target of URI doesn't exist: 'package:flutter_devicelab/framework/devices.dart' • flutter/dev/devicelab/bin/tasks/animated_blur_backdrop_filter_perf__timeline_summary.dart:7:8 • uri_does_not_exist
  error • Target of URI doesn't exist: 'package:flutter_devicelab/framework/framework.dart' • flutter/dev/devicelab/bin/tasks/animated_blur_backdrop_filter_perf__timeline_summary.dart:8:8 • uri_does_not_exist
  error • Target of URI doesn't exist: 'package:flutter_devicelab/tasks/perf_tests.dart' • flutter/dev/devicelab/bin/tasks/animated_blur_backdrop_filter_perf__timeline_summary.dart:9:8 • uri_does_not_exist
  error • Undefined name 'deviceOperatingSystem' • flutter/dev/devicelab/bin/tasks/animated_blur_backdrop_filter_perf__timeline_summary.dart:12:3 • undefined_identifier
  error • Undefined name 'DeviceOperatingSystem' • flutter/dev/devicelab/bin/tasks/animated_blur_backdrop_filter_perf__timeline_summary.dart:12:27 • undefined_identifier
  error • The function 'task' isn't defined • flutter/dev/devicelab/bin/tasks/animated_blur_backdrop_filter_perf__timeline_summary.dart:13:9 • undefined_function
  error • The function 'createAnimatedBlurBackropFilterPerfTest' isn't defined • flutter/dev/devicelab/bin/tasks/animated_blur_backdrop_filter_perf__timeline_summary.dart:13:14 • undefined_function
  error • Target of URI doesn't exist: 'package:flutter_devicelab/framework/devices.dart' • flutter/dev/devicelab/bin/tasks/animated_blur_backdrop_filter_perf_ios__timeline_summary.dart:7:8 • uri_does_not_exist
  error • Target of URI doesn't exist: 'package:flutter_devicelab/framework/framework.dart' • flutter/dev/devicelab/bin/tasks/animated_blur_backdrop_filter_perf_ios__timeline_summary.dart:8:8 • uri_does_not_exist
  error • Target of URI doesn't exist: 'package:flutter_devicelab/tasks/perf_tests.dart' • flutter/dev/devicelab/bin/tasks/animated_blur_backdrop_filter_perf_ios__timeline_summary.dart:9:8 • uri_does_not_exist
  error • Undefined name 'deviceOperatingSystem' • flutter/dev/devicelab/bin/tasks/animated_blur_backdrop_filter_perf_ios__timeline_summary.dart:12:3 • undefined_identifier
  error • Undefined name 'DeviceOperatingSystem' • flutter/dev/devicelab/bin/tasks/animated_blur_backdrop_filter_perf_ios__timeline_summary.dart:12:27 • undefined_identifier
  error • The function 'task' isn't defined • flutter/dev/devicelab/bin/tasks/animated_blur_backdrop_filter_perf_ios__timeline_summary.dart:13:9 • undefined_function
  error • The function 'createAnimatedBlurBackropFilterPerfTest' isn't defined • flutter/dev/devicelab/bin/tasks/animated_blur_backdrop_filter_perf_ios__timeline_summary.dart:13:14 • undefined_function
  error • Target of URI doesn't exist: 'package:flutter_devicelab/framework/devices.dart' • flutter/dev/devicelab/bin/tasks/animated_blur_backdrop_filter_perf_opengles__timeline_summary.dart:7:8 • uri_does_not_exist
  error • Target of URI doesn't exist: 'package:flutter_devicelab/framework/framework.dart' • flutter/dev/devicelab/bin/tasks/animated_blur_backdrop_filter_perf_opengles__timeline_summary.dart:8:8 • uri_does_not_exist
  error • Target of URI doesn't exist: 'package:flutter_devicelab/tasks/perf_tests.dart' • flutter/dev/devicelab/bin/tasks/animated_blur_backdrop_filter_perf_opengles__timeline_summary.dart:9:8 • uri_does_not_exist
  error • Undefined name 'deviceOperatingSystem' • flutter/dev/devicelab/bin/tasks/animated_blur_backdrop_filter_perf_opengles__timeline_summary.dart:12:3 • undefined_identifier
  error • Undefined name 'DeviceOperatingSystem' • flutter/dev/devicelab/bin/tasks/animated_blur_backdrop_filter_perf_opengles__timeline_summary.dart:12:27 • undefined_identifier
  error • The function 'task' isn't defined • flutter/dev/devicelab/bin/tasks/animated_blur_backdrop_filter_perf_opengles__timeline_summary.dart:13:9 • undefined_function
  error • The function 'createAnimatedBlurBackropFilterPerfTest' isn't defined • flutter/dev/devicelab/bin/tasks/animated_blur_backdrop_filter_perf_opengles__timeline_summary.dart:13:14 • undefined_function
  error • Target of URI doesn't exist: 'package:flutter_devicelab/framework/devices.dart' • flutter/dev/devicelab/bin/tasks/animated_complex_image_filtered_perf__e2e_summary.dart:7:8 • uri_does_not_exist
  error • Target of URI doesn't exist: 'package:flutter_devicelab/framework/framework.dart' • flutter/dev/devicelab/bin/tasks/animated_complex_image_filtered_perf__e2e_summary.dart:8:8 • uri_does_not_exist
  error • Target of URI doesn't exist: 'package:flutter_devicelab/tasks/perf_tests.dart' • flutter/dev/devicelab/bin/tasks/animated_complex_image_filtered_perf__e2e_summary.dart:9:8 • uri_does_not_exist
  error • Undefined name 'deviceOperatingSystem' • flutter/dev/devicelab/bin/tasks/animated_complex_image_filtered_perf__e2e_summary.dart:12:3 • undefined_identifier
  error • Undefined name 'DeviceOperatingSystem' • flutter/dev/devicelab/bin/tasks/animated_complex_image_filtered_perf__e2e_summary.dart:12:27 • undefined_identifier
  error • The function 'task' isn't defined • flutter/dev/devicelab/bin/tasks/animated_complex_image_filtered_perf__e2e_summary.dart:13:9 • undefined_function
  error • The function 'createAnimatedComplexImageFilteredPerfE2ETest' isn't defined • flutter/dev/devicelab/bin/tasks/animated_complex_image_filtered_perf__e2e_summary.dart:13:14 • undefined_function
  error • Target of URI doesn't exist: 'package:flutter_devicelab/framework/devices.dart' • flutter/dev/devicelab/bin/tasks/animated_complex_opacity_perf__e2e_summary.dart:7:8 • uri_does_not_exist
  error • Target of URI doesn't exist: 'package:flutter_devicelab/framework/framework.dart' • flutter/dev/devicelab/bin/tasks/animated_complex_opacity_perf__e2e_summary.dart:8:8 • uri_does_not_exist
  error • Target of URI doesn't exist: 'package:flutter_devicelab/tasks/perf_tests.dart' • flutter/dev/devicelab/bin/tasks/animated_complex_opacity_perf__e2e_summary.dart:9:8 • uri_does_not_exist
  error • Undefined name 'deviceOperatingSystem' • flutter/dev/devicelab/bin/tasks/animated_complex_opacity_perf__e2e_summary.dart:12:3 • undefined_identifier
  error • Undefined name 'DeviceOperatingSystem' • flutter/dev/devicelab/bin/tasks/animated_complex_opacity_perf__e2e_summary.dart:12:27 • undefined_identifier
  error • The function 'task' isn't defined • flutter/dev/devicelab/bin/tasks/animated_complex_opacity_perf__e2e_summary.dart:13:9 • undefined_function
  error • The function 'createAnimatedComplexOpacityPerfE2ETest' isn't defined • flutter/dev/devicelab/bin/tasks/animated_complex_opacity_perf__e2e_summary.dart:13:14 • undefined_function
  error • Target of URI doesn't exist: 'package:flutter_devicelab/framework/devices.dart' • flutter/dev/devicelab/bin/tasks/animated_complex_opacity_perf_ios__e2e_summary.dart:7:8 • uri_does_not_exist
  error • Target of URI doesn't exist: 'package:flutter_devicelab/framework/framework.dart' • flutter/dev/devicelab/bin/tasks/animated_complex_opacity_perf_ios__e2e_summary.dart:8:8 • uri_does_not_exist
  error • Target of URI doesn't exist: 'package:flutter_devicelab/tasks/perf_tests.dart' • flutter/dev/devicelab/bin/tasks/animated_complex_opacity_perf_ios__e2e_summary.dart:9:8 • uri_does_not_exist
  error • Undefined name 'deviceOperatingSystem' • flutter/dev/devicelab/bin/tasks/animated_complex_opacity_perf_ios__e2e_summary.dart:12:3 • undefined_identifier
  error • Undefined name 'DeviceOperatingSystem' • flutter/dev/devicelab/bin/tasks/animated_complex_opacity_perf_ios__e2e_summary.dart:12:27 • undefined_identifier
  error • The function 'task' isn't defined • flutter/dev/devicelab/bin/tasks/animated_complex_opacity_perf_ios__e2e_summary.dart:13:9 • undefined_function
  error • The function 'createAnimatedComplexOpacityPerfE2ETest' isn't defined • flutter/dev/devicelab/bin/tasks/animated_complex_opacity_perf_ios__e2e_summary.dart:13:14 • undefined_function
  error • Target of URI doesn't exist: 'package:flutter_devicelab/framework/devices.dart' • flutter/dev/devicelab/bin/tasks/animated_complex_opacity_perf_macos__e2e_summary.dart:7:8 • uri_does_not_exist
  error • Target of URI doesn't exist: 'package:flutter_devicelab/framework/framework.dart' • flutter/dev/devicelab/bin/tasks/animated_complex_opacity_perf_macos__e2e_summary.dart:8:8 • uri_does_not_exist
  error • Target of URI doesn't exist: 'package:flutter_devicelab/tasks/perf_tests.dart' • flutter/dev/devicelab/bin/tasks/animated_complex_opacity_perf_macos__e2e_summary.dart:9:8 • uri_does_not_exist
  error • Undefined name 'deviceOperatingSystem' • flutter/dev/devicelab/bin/tasks/animated_complex_opacity_perf_macos__e2e_summary.dart:12:3 • undefined_identifier
  error • Undefined name 'DeviceOperatingSystem' • flutter/dev/devicelab/bin/tasks/animated_complex_opacity_perf_macos__e2e_summary.dart:12:27 • undefined_identifier
  error • The function 'task' isn't defined • flutter/dev/devicelab/bin/tasks/animated_complex_opacity_perf_macos__e2e_summary.dart:13:9 • undefined_function
  error • The function 'createAnimatedComplexOpacityPerfE2ETest' isn't defined • flutter/dev/devicelab/bin/tasks/animated_complex_opacity_perf_macos__e2e_summary.dart:13:14 • undefined_function
  error • Target of URI doesn't exist: 'package:flutter_devicelab/framework/devices.dart' • flutter/dev/devicelab/bin/tasks/animated_image_gc_perf.dart:5:8 • uri_does_not_exist
  error • Target of URI doesn't exist: 'package:flutter_devicelab/framework/framework.dart' • flutter/dev/devicelab/bin/tasks/animated_image_gc_perf.dart:6:8 • uri_does_not_exist
  error • Target of URI doesn't exist: 'package:flutter_devicelab/framework/utils.dart' • flutter/dev/devicelab/bin/tasks/animated_image_gc_perf.dart:7:8 • uri_does_not_exist
  error • Target of URI doesn't exist: 'package:flutter_devicelab/tasks/perf_tests.dart' • flutter/dev/devicelab/bin/tasks/animated_image_gc_perf.dart:8:8 • uri_does_not_exist
  error • Undefined name 'deviceOperatingSystem' • flutter/dev/devicelab/bin/tasks/animated_image_gc_perf.dart:11:3 • undefined_identifier
  error • Undefined name 'DeviceOperatingSystem' • flutter/dev/devicelab/bin/tasks/animated_image_gc_perf.dart:11:27 • undefined_identifier
  error • The function 'task' isn't defined • flutter/dev/devicelab/bin/tasks/animated_image_gc_perf.dart:12:9 • undefined_function
  error • The function 'PerfTest' isn't defined • flutter/dev/devicelab/bin/tasks/animated_image_gc_perf.dart:13:5 • undefined_function
  error • Undefined name 'flutterDirectory' • flutter/dev/devicelab/bin/tasks/animated_image_gc_perf.dart:14:10 • undefined_identifier
  error • Target of URI doesn't exist: 'package:flutter_devicelab/framework/devices.dart' • flutter/dev/devicelab/bin/tasks/animated_placeholder_perf__e2e_summary.dart:7:8 • uri_does_not_exist
  error • Target of URI doesn't exist: 'package:flutter_devicelab/framework/framework.dart' • flutter/dev/devicelab/bin/tasks/animated_placeholder_perf__e2e_summary.dart:8:8 • uri_does_not_exist
  error • Target of URI doesn't exist: 'package:flutter_devicelab/tasks/perf_tests.dart' • flutter/dev/devicelab/bin/tasks/animated_placeholder_perf__e2e_summary.dart:9:8 • uri_does_not_exist
  error • Undefined name 'deviceOperatingSystem' • flutter/dev/devicelab/bin/tasks/animated_placeholder_perf__e2e_summary.dart:12:3 • undefined_identifier
  error • Undefined name 'DeviceOperatingSystem' • flutter/dev/devicelab/bin/tasks/animated_placeholder_perf__e2e_summary.dart:12:27 • undefined_identifier
  error • The function 'task' isn't defined • flutter/dev/devicelab/bin/tasks/animated_placeholder_perf__e2e_summary.dart:13:9 • undefined_function
  error • The function 'createAnimatedPlaceholderPerfE2ETest' isn't defined • flutter/dev/devicelab/bin/tasks/animated_placeholder_perf__e2e_summary.dart:13:14 • undefined_function
  error • Target of URI doesn't exist: 'package:flutter_devicelab/framework/devices.dart' • flutter/dev/devicelab/bin/tasks/animation_with_microtasks_perf_ios__timeline_summary.dart:5:8 • uri_does_not_exist
  error • Target of URI doesn't exist: 'package:flutter_devicelab/framework/framework.dart' • flutter/dev/devicelab/bin/tasks/animation_with_microtasks_perf_ios__timeline_summary.dart:6:8 • uri_does_not_exist
  error • Target of URI doesn't exist: 'package:flutter_devicelab/tasks/perf_tests.dart' • flutter/dev/devicelab/bin/tasks/animation_with_microtasks_perf_ios__timeline_summary.dart:7:8 • uri_does_not_exist
  error • Undefined name 'deviceOperatingSystem' • flutter/dev/devicelab/bin/tasks/animation_with_microtasks_perf_ios__timeline_summary.dart:10:3 • undefined_identifier
  error • Undefined name 'DeviceOperatingSystem' • flutter/dev/devicelab/bin/tasks/animation_with_microtasks_perf_ios__timeline_summary.dart:10:27 • undefined_identifier
  error • The function 'task' isn't defined • flutter/dev/devicelab/bin/tasks/animation_with_microtasks_perf_ios__timeline_summary.dart:11:9 • undefined_function
  error • The function 'createAnimationWithMicrotasksPerfTest' isn't defined • flutter/dev/devicelab/bin/tasks/animation_with_microtasks_perf_ios__timeline_summary.dart:11:14 • undefined_function
  error • Target of URI doesn't exist: 'package:flutter_devicelab/framework/devices.dart' • flutter/dev/devicelab/bin/tasks/backdrop_filter_perf__e2e_summary.dart:7:8 • uri_does_not_exist
  error • Target of URI doesn't exist: 'package:flutter_devicelab/framework/framework.dart' • flutter/dev/devicelab/bin/tasks/backdrop_filter_perf__e2e_summary.dart:8:8 • uri_does_not_exist
  error • Target of URI doesn't exist: 'package:flutter_devicelab/tasks/perf_tests.dart' • flutter/dev/devicelab/bin/tasks/backdrop_filter_perf__e2e_summary.dart:9:8 • uri_does_not_exist
  error • Undefined name 'deviceOperatingSystem' • flutter/dev/devicelab/bin/tasks/backdrop_filter_perf__e2e_summary.dart:12:3 • undefined_identifier
  error • Undefined name 'DeviceOperatingSystem' • flutter/dev/devicelab/bin/tasks/backdrop_filter_perf__e2e_summary.dart:12:27 • undefined_identifier
  error • The function 'task' isn't defined • flutter/dev/devicelab/bin/tasks/backdrop_filter_perf__e2e_summary.dart:13:9 • undefined_function
  error • The function 'createBackdropFilterPerfE2ETest' isn't defined • flutter/dev/devicelab/bin/tasks/backdrop_filter_perf__e2e_summary.dart:13:14 • undefined_function
  error • Target of URI doesn't exist: 'package:flutter_devicelab/framework/devices.dart' • flutter/dev/devicelab/bin/tasks/backdrop_filter_perf__timeline_summary.dart:5:8 • uri_does_not_exist
  error • Target of URI doesn't exist: 'package:flutter_devicelab/framework/framework.dart' • flutter/dev/devicelab/bin/tasks/backdrop_filter_perf__timeline_summary.dart:6:8 • uri_does_not_exist
  error • Target of URI doesn't exist: 'package:flutter_devicelab/tasks/perf_tests.dart' • flutter/dev/devicelab/bin/tasks/backdrop_filter_perf__timeline_summary.dart:7:8 • uri_does_not_exist
  error • Undefined name 'deviceOperatingSystem' • flutter/dev/devicelab/bin/tasks/backdrop_filter_perf__timeline_summary.dart:10:3 • undefined_identifier
  error • Undefined name 'DeviceOperatingSystem' • flutter/dev/devicelab/bin/tasks/backdrop_filter_perf__timeline_summary.dart:10:27 • undefined_identifier
  error • The function 'task' isn't defined • flutter/dev/devicelab/bin/tasks/backdrop_filter_perf__timeline_summary.dart:11:9 • undefined_function
  error • The function 'createBackdropFilterPerfTest' isn't defined • flutter/dev/devicelab/bin/tasks/backdrop_filter_perf__timeline_summary.dart:11:14 • undefined_function
  error • Target of URI doesn't exist: 'package:flutter_devicelab/framework/devices.dart' • flutter/dev/devicelab/bin/tasks/backdrop_filter_perf_ios__timeline_summary.dart:5:8 • uri_does_not_exist
  error • Target of URI doesn't exist: 'package:flutter_devicelab/framework/framework.dart' • flutter/dev/devicelab/bin/tasks/backdrop_filter_perf_ios__timeline_summary.dart:6:8 • uri_does_not_exist
  error • Target of URI doesn't exist: 'package:flutter_devicelab/tasks/perf_tests.dart' • flutter/dev/devicelab/bin/tasks/backdrop_filter_perf_ios__timeline_summary.dart:7:8 • uri_does_not_exist
  error • Undefined name 'deviceOperatingSystem' • flutter/dev/devicelab/bin/tasks/backdrop_filter_perf_ios__timeline_summary.dart:10:3 • undefined_identifier
  error • Undefined name 'DeviceOperatingSystem' • flutter/dev/devicelab/bin/tasks/backdrop_filter_perf_ios__timeline_summary.dart:10:27 • undefined_identifier
  error • The function 'task' isn't defined • flutter/dev/devicelab/bin/tasks/backdrop_filter_perf_ios__timeline_summary.dart:11:9 • undefined_function
  error • The function 'createBackdropFilterPerfTest' isn't defined • flutter/dev/devicelab/bin/tasks/backdrop_filter_perf_ios__timeline_summary.dart:11:14 • undefined_function
  error • Target of URI doesn't exist: 'package:flutter_devicelab/framework/devices.dart' • flutter/dev/devicelab/bin/tasks/basic_material_app_android__compile.dart:5:8 • uri_does_not_exist
  error • Target of URI doesn't exist: 'package:flutter_devicelab/framework/framework.dart' • flutter/dev/devicelab/bin/tasks/basic_material_app_android__compile.dart:6:8 • uri_does_not_exist
  error • Target of URI doesn't exist: 'package:flutter_devicelab/tasks/perf_tests.dart' • flutter/dev/devicelab/bin/tasks/basic_material_app_android__compile.dart:7:8 • uri_does_not_exist
  error • Undefined name 'deviceOperatingSystem' • flutter/dev/devicelab/bin/tasks/basic_material_app_android__compile.dart:10:3 • undefined_identifier
  error • Undefined name 'DeviceOperatingSystem' • flutter/dev/devicelab/bin/tasks/basic_material_app_android__compile.dart:10:27 • undefined_identifier
  error • The function 'task' isn't defined • flutter/dev/devicelab/bin/tasks/basic_material_app_android__compile.dart:11:9 • undefined_function
  error • The function 'createBasicMaterialCompileTest' isn't defined • flutter/dev/devicelab/bin/tasks/basic_material_app_android__compile.dart:11:14 • undefined_function
  error • Target of URI doesn't exist: 'package:flutter_devicelab/framework/devices.dart' • flutter/dev/devicelab/bin/tasks/basic_material_app_ios__compile.dart:5:8 • uri_does_not_exist
  error • Target of URI doesn't exist: 'package:flutter_devicelab/framework/framework.dart' • flutter/dev/devicelab/bin/tasks/basic_material_app_ios__compile.dart:6:8 • uri_does_not_exist
  error • Target of URI doesn't exist: 'package:flutter_devicelab/tasks/perf_tests.dart' • flutter/dev/devicelab/bin/tasks/basic_material_app_ios__compile.dart:7:8 • uri_does_not_exist
  error • Undefined name 'deviceOperatingSystem' • flutter/dev/devicelab/bin/tasks/basic_material_app_ios__compile.dart:10:3 • undefined_identifier
  error • Undefined name 'DeviceOperatingSystem' • flutter/dev/devicelab/bin/tasks/basic_material_app_ios__compile.dart:10:27 • undefined_identifier
  error • The function 'task' isn't defined • flutter/dev/devicelab/bin/tasks/basic_material_app_ios__compile.dart:11:9 • undefined_function
  error • The function 'createBasicMaterialCompileTest' isn't defined • flutter/dev/devicelab/bin/tasks/basic_material_app_ios__compile.dart:11:14 • undefined_function
  error • Target of URI doesn't exist: 'package:flutter_devicelab/framework/devices.dart' • flutter/dev/devicelab/bin/tasks/basic_material_app_macos__compile.dart:5:8 • uri_does_not_exist
  error • Target of URI doesn't exist: 'package:flutter_devicelab/framework/framework.dart' • flutter/dev/devicelab/bin/tasks/basic_material_app_macos__compile.dart:6:8 • uri_does_not_exist
  error • Target of URI doesn't exist: 'package:flutter_devicelab/tasks/perf_tests.dart' • flutter/dev/devicelab/bin/tasks/basic_material_app_macos__compile.dart:7:8 • uri_does_not_exist
  error • Undefined name 'deviceOperatingSystem' • flutter/dev/devicelab/bin/tasks/basic_material_app_macos__compile.dart:10:3 • undefined_identifier
  error • Undefined name 'DeviceOperatingSystem' • flutter/dev/devicelab/bin/tasks/basic_material_app_macos__compile.dart:10:27 • undefined_identifier
  error • The function 'task' isn't defined • flutter/dev/devicelab/bin/tasks/basic_material_app_macos__compile.dart:11:9 • undefined_function
  error • The function 'createBasicMaterialCompileTest' isn't defined • flutter/dev/devicelab/bin/tasks/basic_material_app_macos__compile.dart:11:14 • undefined_function
  error • Target of URI doesn't exist: 'package:flutter_devicelab/framework/devices.dart' • flutter/dev/devicelab/bin/tasks/basic_material_app_win__compile.dart:5:8 • uri_does_not_exist
  error • Target of URI doesn't exist: 'package:flutter_devicelab/framework/framework.dart' • flutter/dev/devicelab/bin/tasks/basic_material_app_win__compile.dart:6:8 • uri_does_not_exist
  error • Target of URI doesn't exist: 'package:flutter_devicelab/tasks/perf_tests.dart' • flutter/dev/devicelab/bin/tasks/basic_material_app_win__compile.dart:7:8 • uri_does_not_exist
  error • Undefined name 'deviceOperatingSystem' • flutter/dev/devicelab/bin/tasks/basic_material_app_win__compile.dart:10:3 • undefined_identifier
  error • Undefined name 'DeviceOperatingSystem' • flutter/dev/devicelab/bin/tasks/basic_material_app_win__compile.dart:10:27 • undefined_identifier
  error • The function 'task' isn't defined • flutter/dev/devicelab/bin/tasks/basic_material_app_win__compile.dart:11:9 • undefined_function
  error • The function 'createBasicMaterialCompileTest' isn't defined • flutter/dev/devicelab/bin/tasks/basic_material_app_win__compile.dart:11:14 • undefined_function
  error • Target of URI doesn't exist: 'package:flutter_devicelab/framework/apk_utils.dart' • flutter/dev/devicelab/bin/tasks/build_aar_module_test.dart:7:8 • uri_does_not_exist
  error • Target of URI doesn't exist: 'package:flutter_devicelab/framework/framework.dart' • flutter/dev/devicelab/bin/tasks/build_aar_module_test.dart:8:8 • uri_does_not_exist
  error • Target of URI doesn't exist: 'package:flutter_devicelab/framework/task_result.dart' • flutter/dev/devicelab/bin/tasks/build_aar_module_test.dart:9:8 • uri_does_not_exist
  error • Target of URI doesn't exist: 'package:flutter_devicelab/framework/utils.dart' • flutter/dev/devicelab/bin/tasks/build_aar_module_test.dart:10:8 • uri_does_not_exist
  error • The function 'task' isn't defined • flutter/dev/devicelab/bin/tasks/build_aar_module_test.dart:15:9 • undefined_function
  error • The function 'section' isn't defined • flutter/dev/devicelab/bin/tasks/build_aar_module_test.dart:16:5 • undefined_function
  error • The function 'findJavaHome' isn't defined • flutter/dev/devicelab/bin/tasks/build_aar_module_test.dart:18:36 • undefined_function
  error • Undefined name 'TaskResult' • flutter/dev/devicelab/bin/tasks/build_aar_module_test.dart:20:14 • undefined_identifier
  error • The function 'section' isn't defined • flutter/dev/devicelab/bin/tasks/build_aar_module_test.dart:27:7 • undefined_function
  error • The function 'inDirectory' isn't defined • flutter/dev/devicelab/bin/tasks/build_aar_module_test.dart:29:13 • undefined_function
  error • The function 'flutter' isn't defined • flutter/dev/devicelab/bin/tasks/build_aar_module_test.dart:30:15 • undefined_function
  error • The function 'section' isn't defined • flutter/dev/devicelab/bin/tasks/build_aar_module_test.dart:36:7 • undefined_function
  error • The function 'inDirectory' isn't defined • flutter/dev/devicelab/bin/tasks/build_aar_module_test.dart:38:13 • undefined_function
  error • The function 'flutter' isn't defined • flutter/dev/devicelab/bin/tasks/build_aar_module_test.dart:39:15 • undefined_function
  error • The function 'section' isn't defined • flutter/dev/devicelab/bin/tasks/build_aar_module_test.dart:52:7 • undefined_function
  error • The function 'inDirectory' isn't defined • flutter/dev/devicelab/bin/tasks/build_aar_module_test.dart:54:13 • undefined_function
  error • The function 'flutter' isn't defined • flutter/dev/devicelab/bin/tasks/build_aar_module_test.dart:55:15 • undefined_function
  error • The function 'section' isn't defined • flutter/dev/devicelab/bin/tasks/build_aar_module_test.dart:68:7 • undefined_function
  error • The function 'section' isn't defined • flutter/dev/devicelab/bin/tasks/build_aar_module_test.dart:82:7 • undefined_function
  error • The function 'inDirectory' isn't defined • flutter/dev/devicelab/bin/tasks/build_aar_module_test.dart:84:13 • undefined_function
  error • The function 'flutter' isn't defined • flutter/dev/devicelab/bin/tasks/build_aar_module_test.dart:85:15 • undefined_function
  error • The function 'section' isn't defined • flutter/dev/devicelab/bin/tasks/build_aar_module_test.dart:88:7 • undefined_function
  error • The function 'inDirectory' isn't defined • flutter/dev/devicelab/bin/tasks/build_aar_module_test.dart:90:13 • undefined_function
  error • The function 'flutter' isn't defined • flutter/dev/devicelab/bin/tasks/build_aar_module_test.dart:91:15 • undefined_function
  error • The function 'section' isn't defined • flutter/dev/devicelab/bin/tasks/build_aar_module_test.dart:96:7 • undefined_function
  error • The function 'checkFileExists' isn't defined • flutter/dev/devicelab/bin/tasks/build_aar_module_test.dart:98:7 • undefined_function
  error • The function 'checkFileExists' isn't defined • flutter/dev/devicelab/bin/tasks/build_aar_module_test.dart:122:7 • undefined_function
  error • The function 'checkFileExists' isn't defined • flutter/dev/devicelab/bin/tasks/build_aar_module_test.dart:124:7 • undefined_function
  error • The function 'checkFileExists' isn't defined • flutter/dev/devicelab/bin/tasks/build_aar_module_test.dart:137:7 • undefined_function
  error • The function 'section' isn't defined • flutter/dev/devicelab/bin/tasks/build_aar_module_test.dart:150:7 • undefined_function
  error • The function 'checkFileContains' isn't defined • flutter/dev/devicelab/bin/tasks/build_aar_module_test.dart:152:7 • undefined_function
  error • The function 'section' isn't defined • flutter/dev/devicelab/bin/tasks/build_aar_module_test.dart:160:7 • undefined_function
  error • The function 'checkCollectionContains' isn't defined • flutter/dev/devicelab/bin/tasks/build_aar_module_test.dart:162:7 • undefined_function
  error • Undefined name 'flutterAssets' • flutter/dev/devicelab/bin/tasks/build_aar_module_test.dart:164:14 • undefined_identifier
  error • The function 'getFilesInAar' isn't defined • flutter/dev/devicelab/bin/tasks/build_aar_module_test.dart:170:15 • undefined_function
  error • The function 'section' isn't defined • flutter/dev/devicelab/bin/tasks/build_aar_module_test.dart:184:7 • undefined_function
  error • The function 'checkFileExists' isn't defined • flutter/dev/devicelab/bin/tasks/build_aar_module_test.dart:186:7 • undefined_function
  error • The function 'checkFileExists' isn't defined • flutter/dev/devicelab/bin/tasks/build_aar_module_test.dart:210:7 • undefined_function
  error • The function 'checkFileExists' isn't defined • flutter/dev/devicelab/bin/tasks/build_aar_module_test.dart:212:7 • undefined_function
  error • The function 'checkFileExists' isn't defined • flutter/dev/devicelab/bin/tasks/build_aar_module_test.dart:225:7 • undefined_function
  error • The function 'section' isn't defined • flutter/dev/devicelab/bin/tasks/build_aar_module_test.dart:238:7 • undefined_function
  error • The function 'checkFileContains' isn't defined • flutter/dev/devicelab/bin/tasks/build_aar_module_test.dart:240:7 • undefined_function
  error • The function 'section' isn't defined • flutter/dev/devicelab/bin/tasks/build_aar_module_test.dart:248:7 • undefined_function
  error • The function 'getFilesInAar' isn't defined • flutter/dev/devicelab/bin/tasks/build_aar_module_test.dart:250:47 • undefined_function
  error • The function 'checkCollectionContains' isn't defined • flutter/dev/devicelab/bin/tasks/build_aar_module_test.dart:263:7 • undefined_function
  error • Undefined name 'flutterAssets' • flutter/dev/devicelab/bin/tasks/build_aar_module_test.dart:263:51 • undefined_identifier
  error • Undefined name 'debugAssets' • flutter/dev/devicelab/bin/tasks/build_aar_module_test.dart:263:69 • undefined_identifier
  error • Undefined name 'TaskResult' • flutter/dev/devicelab/bin/tasks/build_aar_module_test.dart:265:14 • undefined_identifier
  error • The name 'TaskResult' isn't a type and can't be used in an on-catch clause • flutter/dev/devicelab/bin/tasks/build_aar_module_test.dart:266:10 • non_type_in_catch_clause
  error • Undefined name 'TaskResult' • flutter/dev/devicelab/bin/tasks/build_aar_module_test.dart:270:14 • undefined_identifier
  error • The function 'rmTree' isn't defined • flutter/dev/devicelab/bin/tasks/build_aar_module_test.dart:272:7 • undefined_function
  error • Target of URI doesn't exist: 'package:flutter_devicelab/framework/apk_utils.dart' • flutter/dev/devicelab/bin/tasks/build_android_host_app_with_module_aar.dart:10:8 • uri_does_not_exist
  error • Target of URI doesn't exist: 'package:flutter_devicelab/framework/framework.dart' • flutter/dev/devicelab/bin/tasks/build_android_host_app_with_module_aar.dart:11:8 • uri_does_not_exist
  error • Target of URI doesn't exist: 'package:flutter_devicelab/framework/task_result.dart' • flutter/dev/devicelab/bin/tasks/build_android_host_app_with_module_aar.dart:12:8 • uri_does_not_exist
  error • Target of URI doesn't exist: 'package:flutter_devicelab/framework/utils.dart' • flutter/dev/devicelab/bin/tasks/build_android_host_app_with_module_aar.dart:13:8 • uri_does_not_exist
  error • Undefined class 'TaskFunction' • flutter/dev/devicelab/bin/tasks/build_android_host_app_with_module_aar.dart:22:1 • undefined_class
  error • The name 'TaskFunction' isn't a type, so it can't be used as a type argument • flutter/dev/devicelab/bin/tasks/build_android_host_app_with_module_aar.dart:22:27 • non_type_as_type_argument
  error • Undefined class 'TaskFunction' • flutter/dev/devicelab/bin/tasks/build_android_host_app_with_module_aar.dart:24:16 • undefined_class
  error • Undefined class 'TaskResult' • flutter/dev/devicelab/bin/tasks/build_android_host_app_with_module_aar.dart:25:13 • undefined_class
  error • Undefined name 'TaskResult' • flutter/dev/devicelab/bin/tasks/build_android_host_app_with_module_aar.dart:30:12 • undefined_identifier
  error • The name 'TaskResult' isn't a type, so it can't be used as a type argument • flutter/dev/devicelab/bin/tasks/build_android_host_app_with_module_aar.dart:48:10 • non_type_as_type_argument
  error • The method 'section' isn't defined for the type 'ModuleTest' • flutter/dev/devicelab/bin/tasks/build_android_host_app_with_module_aar.dart:49:5 • undefined_method
  error • The method 'section' isn't defined for the type 'ModuleTest' • flutter/dev/devicelab/bin/tasks/build_android_host_app_with_module_aar.dart:50:5 • undefined_method
  error • The method 'findJavaHome' isn't defined for the type 'ModuleTest' • flutter/dev/devicelab/bin/tasks/build_android_host_app_with_module_aar.dart:52:36 • undefined_method
  error • Undefined name 'TaskResult' • flutter/dev/devicelab/bin/tasks/build_android_host_app_with_module_aar.dart:54:14 • undefined_identifier
  error • The method 'section' isn't defined for the type 'ModuleTest' • flutter/dev/devicelab/bin/tasks/build_android_host_app_with_module_aar.dart:58:5 • undefined_method
  error • The method 'inDirectory' isn't defined for the type 'ModuleTest' • flutter/dev/devicelab/bin/tasks/build_android_host_app_with_module_aar.dart:63:13 • undefined_method
  error • The method 'flutter' isn't defined for the type 'ModuleTest' • flutter/dev/devicelab/bin/tasks/build_android_host_app_with_module_aar.dart:64:15 • undefined_method
  error • The method 'section' isn't defined for the type 'ModuleTest' • flutter/dev/devicelab/bin/tasks/build_android_host_app_with_module_aar.dart:73:7 • undefined_method
  error • The method 'createFfiPackage' isn't defined for the type 'ModuleTest' • flutter/dev/devicelab/bin/tasks/build_android_host_app_with_module_aar.dart:76:13 • undefined_method
  error • The method 'section' isn't defined for the type 'ModuleTest' • flutter/dev/devicelab/bin/tasks/build_android_host_app_with_module_aar.dart:78:7 • undefined_method
  error • The method 'inDirectory' isn't defined for the type 'ModuleTest' • flutter/dev/devicelab/bin/tasks/build_android_host_app_with_module_aar.dart:87:13 • undefined_method
  error • The method 'flutter' isn't defined for the type 'ModuleTest' • flutter/dev/devicelab/bin/tasks/build_android_host_app_with_module_aar.dart:88:15 • undefined_method
  error • The method 'section' isn't defined for the type 'ModuleTest' • flutter/dev/devicelab/bin/tasks/build_android_host_app_with_module_aar.dart:91:7 • undefined_method
  error • The method 'exists' isn't defined for the type 'ModuleTest' • flutter/dev/devicelab/bin/tasks/build_android_host_app_with_module_aar.dart:97:12 • undefined_method
  error • Undefined name 'TaskResult' • flutter/dev/devicelab/bin/tasks/build_android_host_app_with_module_aar.dart:98:16 • undefined_identifier
  error • The method 'exec' isn't defined for the type 'ModuleTest' • flutter/dev/devicelab/bin/tasks/build_android_host_app_with_module_aar.dart:102:15 • undefined_method
  error • The method 'section' isn't defined for the type 'ModuleTest' • flutter/dev/devicelab/bin/tasks/build_android_host_app_with_module_aar.dart:111:7 • undefined_method
  error • The method 'inDirectory' isn't defined for the type 'ModuleTest' • flutter/dev/devicelab/bin/tasks/build_android_host_app_with_module_aar.dart:118:13 • undefined_method
  error • The method 'flutter' isn't defined for the type 'ModuleTest' • flutter/dev/devicelab/bin/tasks/build_android_host_app_with_module_aar.dart:119:15 • undefined_method
  error • The method 'section' isn't defined for the type 'ModuleTest' • flutter/dev/devicelab/bin/tasks/build_android_host_app_with_module_aar.dart:124:7 • undefined_method
  error • The method 'inDirectory' isn't defined for the type 'ModuleTest' • flutter/dev/devicelab/bin/tasks/build_android_host_app_with_module_aar.dart:126:13 • undefined_method
  error • The method 'exec' isn't defined for the type 'ModuleTest' • flutter/dev/devicelab/bin/tasks/build_android_host_app_with_module_aar.dart:127:15 • undefined_method
  error • The method 'exists' isn't defined for the type 'ModuleTest' • flutter/dev/devicelab/bin/tasks/build_android_host_app_with_module_aar.dart:134:29 • undefined_method
  error • Undefined name 'TaskResult' • flutter/dev/devicelab/bin/tasks/build_android_host_app_with_module_aar.dart:149:16 • undefined_identifier
  error • The method 'section' isn't defined for the type 'ModuleTest' • flutter/dev/devicelab/bin/tasks/build_android_host_app_with_module_aar.dart:152:7 • undefined_method
  error • The method 'inDirectory' isn't defined for the type 'ModuleTest' • flutter/dev/devicelab/bin/tasks/build_android_host_app_with_module_aar.dart:154:13 • undefined_method
  error • The method 'flutter' isn't defined for the type 'ModuleTest' • flutter/dev/devicelab/bin/tasks/build_android_host_app_with_module_aar.dart:155:15 • undefined_method
  error • The method 'exists' isn't defined for the type 'ModuleTest' • flutter/dev/devicelab/bin/tasks/build_android_host_app_with_module_aar.dart:158:42 • undefined_method
  error • Undefined name 'TaskResult' • flutter/dev/devicelab/bin/tasks/build_android_host_app_with_module_aar.dart:173:16 • undefined_identifier
  error • The method 'section' isn't defined for the type 'ModuleTest' • flutter/dev/devicelab/bin/tasks/build_android_host_app_with_module_aar.dart:176:7 • undefined_method
  error • The method 'inDirectory' isn't defined for the type 'ModuleTest' • flutter/dev/devicelab/bin/tasks/build_android_host_app_with_module_aar.dart:178:13 • undefined_method
  error • The method 'flutter' isn't defined for the type 'ModuleTest' • flutter/dev/devicelab/bin/tasks/build_android_host_app_with_module_aar.dart:179:15 • undefined_method
  error • The method 'section' isn't defined for the type 'ModuleTest' • flutter/dev/devicelab/bin/tasks/build_android_host_app_with_module_aar.dart:182:7 • undefined_method
  error • The method 'inDirectory' isn't defined for the type 'ModuleTest' • flutter/dev/devicelab/bin/tasks/build_android_host_app_with_module_aar.dart:184:13 • undefined_method
  error • The method 'flutter' isn't defined for the type 'ModuleTest' • flutter/dev/devicelab/bin/tasks/build_android_host_app_with_module_aar.dart:185:15 • undefined_method
  error • The method 'exists' isn't defined for the type 'ModuleTest' • flutter/dev/devicelab/bin/tasks/build_android_host_app_with_module_aar.dart:188:41 • undefined_method
  error • Undefined name 'TaskResult' • flutter/dev/devicelab/bin/tasks/build_android_host_app_with_module_aar.dart:203:16 • undefined_identifier
  error • The method 'section' isn't defined for the type 'ModuleTest' • flutter/dev/devicelab/bin/tasks/build_android_host_app_with_module_aar.dart:206:7 • undefined_method
  error • The method 'inDirectory' isn't defined for the type 'ModuleTest' • flutter/dev/devicelab/bin/tasks/build_android_host_app_with_module_aar.dart:208:13 • undefined_method
  error • The method 'flutter' isn't defined for the type 'ModuleTest' • flutter/dev/devicelab/bin/tasks/build_android_host_app_with_module_aar.dart:209:15 • undefined_method
  error • The method 'section' isn't defined for the type 'ModuleTest' • flutter/dev/devicelab/bin/tasks/build_android_host_app_with_module_aar.dart:217:7 • undefined_method
  error • The method 'mkdir' isn't defined for the type 'ModuleTest' • flutter/dev/devicelab/bin/tasks/build_android_host_app_with_module_aar.dart:220:7 • undefined_method
  error • The method 'recursiveCopy' isn't defined for the type 'ModuleTest' • flutter/dev/devicelab/bin/tasks/build_android_host_app_with_module_aar.dart:221:7 • undefined_method
  error • Undefined name 'flutterDirectory' • flutter/dev/devicelab/bin/tasks/build_android_host_app_with_module_aar.dart:224:13 • undefined_identifier
  error • The method 'copy' isn't defined for the type 'ModuleTest' • flutter/dev/devicelab/bin/tasks/build_android_host_app_with_module_aar.dart:233:7 • undefined_method
  error • The method 'copy' isn't defined for the type 'ModuleTest' • flutter/dev/devicelab/bin/tasks/build_android_host_app_with_module_aar.dart:234:7 • undefined_method
  error • The method 'section' isn't defined for the type 'ModuleTest' • flutter/dev/devicelab/bin/tasks/build_android_host_app_with_module_aar.dart:245:7 • undefined_method
  error • The method 'section' isn't defined for the type 'ModuleTest' • flutter/dev/devicelab/bin/tasks/build_android_host_app_with_module_aar.dart:252:7 • undefined_method
  error • The method 'section' isn't defined for the type 'ModuleTest' • flutter/dev/devicelab/bin/tasks/build_android_host_app_with_module_aar.dart:257:7 • undefined_method
  error • The method 'inDirectory' isn't defined for the type 'ModuleTest' • flutter/dev/devicelab/bin/tasks/build_android_host_app_with_module_aar.dart:259:13 • undefined_method
  error • The method 'exec' isn't defined for the type 'ModuleTest' • flutter/dev/devicelab/bin/tasks/build_android_host_app_with_module_aar.dart:261:17 • undefined_method
  error • The method 'exec' isn't defined for the type 'ModuleTest' • flutter/dev/devicelab/bin/tasks/build_android_host_app_with_module_aar.dart:263:15 • undefined_method
  error • The method 'section' isn't defined for the type 'ModuleTest' • flutter/dev/devicelab/bin/tasks/build_android_host_app_with_module_aar.dart:273:7 • undefined_method
  error • The method 'exists' isn't defined for the type 'ModuleTest' • flutter/dev/devicelab/bin/tasks/build_android_host_app_with_module_aar.dart:284:12 • undefined_method
  error • Undefined name 'TaskResult' • flutter/dev/devicelab/bin/tasks/build_android_host_app_with_module_aar.dart:285:16 • undefined_identifier
  error • The method 'section' isn't defined for the type 'ModuleTest' • flutter/dev/devicelab/bin/tasks/build_android_host_app_with_module_aar.dart:288:7 • undefined_method
  error • The method 'checkCollectionContains' isn't defined for the type 'ModuleTest' • flutter/dev/devicelab/bin/tasks/build_android_host_app_with_module_aar.dart:290:7 • undefined_method
  error • Undefined name 'flutterAssets' • flutter/dev/devicelab/bin/tasks/build_android_host_app_with_module_aar.dart:291:12 • undefined_identifier
  error • Undefined name 'debugAssets' • flutter/dev/devicelab/bin/tasks/build_android_host_app_with_module_aar.dart:292:12 • undefined_identifier
  error • Undefined name 'baseApkFiles' • flutter/dev/devicelab/bin/tasks/build_android_host_app_with_module_aar.dart:293:12 • undefined_identifier
  error • The method 'getFilesInApk' isn't defined for the type 'ModuleTest' • flutter/dev/devicelab/bin/tasks/build_android_host_app_with_module_aar.dart:296:16 • undefined_method
  error • The method 'section' isn't defined for the type 'ModuleTest' • flutter/dev/devicelab/bin/tasks/build_android_host_app_with_module_aar.dart:298:7 • undefined_method
  error • The method 'getAndroidManifest' isn't defined for the type 'ModuleTest' • flutter/dev/devicelab/bin/tasks/build_android_host_app_with_module_aar.dart:300:49 • undefined_method
  error • Undefined name 'TaskResult' • flutter/dev/devicelab/bin/tasks/build_android_host_app_with_module_aar.dart:305:16 • undefined_identifier
  error • The method 'section' isn't defined for the type 'ModuleTest' • flutter/dev/devicelab/bin/tasks/build_android_host_app_with_module_aar.dart:310:7 • undefined_method
  error • The method 'exists' isn't defined for the type 'ModuleTest' • flutter/dev/devicelab/bin/tasks/build_android_host_app_with_module_aar.dart:326:12 • undefined_method
  error • Undefined name 'TaskResult' • flutter/dev/devicelab/bin/tasks/build_android_host_app_with_module_aar.dart:327:16 • undefined_identifier
  error • Undefined name 'TaskResult' • flutter/dev/devicelab/bin/tasks/build_android_host_app_with_module_aar.dart:333:16 • undefined_identifier
  error • The method 'section' isn't defined for the type 'ModuleTest' • flutter/dev/devicelab/bin/tasks/build_android_host_app_with_module_aar.dart:336:7 • undefined_method
  error • The method 'inDirectory' isn't defined for the type 'ModuleTest' • flutter/dev/devicelab/bin/tasks/build_android_host_app_with_module_aar.dart:338:13 • undefined_method
  error • The method 'exec' isn't defined for the type 'ModuleTest' • flutter/dev/devicelab/bin/tasks/build_android_host_app_with_module_aar.dart:339:15 • undefined_method
  error • The method 'exists' isn't defined for the type 'ModuleTest' • flutter/dev/devicelab/bin/tasks/build_android_host_app_with_module_aar.dart:358:12 • undefined_method
  error • Undefined name 'TaskResult' • flutter/dev/devicelab/bin/tasks/build_android_host_app_with_module_aar.dart:359:16 • undefined_identifier
  error • The method 'section' isn't defined for the type 'ModuleTest' • flutter/dev/devicelab/bin/tasks/build_android_host_app_with_module_aar.dart:362:7 • undefined_method
  error • The method 'checkCollectionContains' isn't defined for the type 'ModuleTest' • flutter/dev/devicelab/bin/tasks/build_android_host_app_with_module_aar.dart:364:7 • undefined_method
  error • Undefined name 'flutterAssets' • flutter/dev/devicelab/bin/tasks/build_android_host_app_with_module_aar.dart:365:12 • undefined_identifier
  error • Undefined name 'baseApkFiles' • flutter/dev/devicelab/bin/tasks/build_android_host_app_with_module_aar.dart:366:12 • undefined_identifier
  error • The method 'getFilesInApk' isn't defined for the type 'ModuleTest' • flutter/dev/devicelab/bin/tasks/build_android_host_app_with_module_aar.dart:373:16 • undefined_method
  error • The method 'section' isn't defined for the type 'ModuleTest' • flutter/dev/devicelab/bin/tasks/build_android_host_app_with_module_aar.dart:375:7 • undefined_method
  error • The method 'inDirectory' isn't defined for the type 'ModuleTest' • flutter/dev/devicelab/bin/tasks/build_android_host_app_with_module_aar.dart:377:13 • undefined_method
warning • Unnecessary cast • flutter/dev/devicelab/bin/tasks/build_android_host_app_with_module_aar.dart:383:40 • unnecessary_cast
  error • Undefined name 'TaskResult' • flutter/dev/devicelab/bin/tasks/build_android_host_app_with_module_aar.dart:385:18 • undefined_identifier
  error • Undefined name 'TaskResult' • flutter/dev/devicelab/bin/tasks/build_android_host_app_with_module_aar.dart:389:18 • undefined_identifier
  error • The method 'section' isn't defined for the type 'ModuleTest' • flutter/dev/devicelab/bin/tasks/build_android_host_app_with_module_aar.dart:393:7 • undefined_method
  error • The method 'getAndroidManifest' isn't defined for the type 'ModuleTest' • flutter/dev/devicelab/bin/tasks/build_android_host_app_with_module_aar.dart:395:51 • undefined_method
  error • Undefined name 'TaskResult' • flutter/dev/devicelab/bin/tasks/build_android_host_app_with_module_aar.dart:400:16 • undefined_identifier
  error • The method 'section' isn't defined for the type 'ModuleTest' • flutter/dev/devicelab/bin/tasks/build_android_host_app_with_module_aar.dart:405:7 • undefined_method
  error • The method 'exists' isn't defined for the type 'ModuleTest' • flutter/dev/devicelab/bin/tasks/build_android_host_app_with_module_aar.dart:420:12 • undefined_method
  error • Undefined name 'TaskResult' • flutter/dev/devicelab/bin/tasks/build_android_host_app_with_module_aar.dart:421:16 • undefined_identifier
  error • Undefined name 'TaskResult' • flutter/dev/devicelab/bin/tasks/build_android_host_app_with_module_aar.dart:427:16 • undefined_identifier
  error • The method 'section' isn't defined for the type 'ModuleTest' • flutter/dev/devicelab/bin/tasks/build_android_host_app_with_module_aar.dart:430:7 • undefined_method
  error • Undefined name 'TaskResult' • flutter/dev/devicelab/bin/tasks/build_android_host_app_with_module_aar.dart:433:16 • undefined_identifier
  error • Undefined name 'TaskResult' • flutter/dev/devicelab/bin/tasks/build_android_host_app_with_module_aar.dart:436:14 • undefined_identifier
  error • The name 'TaskResult' isn't a type and can't be used in an on-catch clause • flutter/dev/devicelab/bin/tasks/build_android_host_app_with_module_aar.dart:437:10 • non_type_in_catch_clause
  error • Undefined name 'TaskResult' • flutter/dev/devicelab/bin/tasks/build_android_host_app_with_module_aar.dart:441:14 • undefined_identifier
  error • The method 'rmTree' isn't defined for the type 'ModuleTest' • flutter/dev/devicelab/bin/tasks/build_android_host_app_with_module_aar.dart:443:7 • undefined_method
  error • The function 'task' isn't defined • flutter/dev/devicelab/bin/tasks/build_android_host_app_with_module_aar.dart:449:9 • undefined_function
  error • The name 'TaskFunction' isn't a type, so it can't be used as a type argument • flutter/dev/devicelab/bin/tasks/build_android_host_app_with_module_aar.dart:450:14 • non_type_as_type_argument
  error • Target of URI doesn't exist: 'package:flutter_devicelab/framework/apk_utils.dart' • flutter/dev/devicelab/bin/tasks/build_android_host_app_with_module_source.dart:10:8 • uri_does_not_exist
  error • Target of URI doesn't exist: 'package:flutter_devicelab/framework/framework.dart' • flutter/dev/devicelab/bin/tasks/build_android_host_app_with_module_source.dart:11:8 • uri_does_not_exist
  error • Target of URI doesn't exist: 'package:flutter_devicelab/framework/task_result.dart' • flutter/dev/devicelab/bin/tasks/build_android_host_app_with_module_source.dart:12:8 • uri_does_not_exist
  error • Target of URI doesn't exist: 'package:flutter_devicelab/framework/utils.dart' • flutter/dev/devicelab/bin/tasks/build_android_host_app_with_module_source.dart:13:8 • uri_does_not_exist
  error • Undefined class 'TaskFunction' • flutter/dev/devicelab/bin/tasks/build_android_host_app_with_module_source.dart:21:1 • undefined_class
  error • The name 'TaskFunction' isn't a type, so it can't be used as a type argument • flutter/dev/devicelab/bin/tasks/build_android_host_app_with_module_source.dart:21:27 • non_type_as_type_argument
  error • Undefined class 'TaskFunction' • flutter/dev/devicelab/bin/tasks/build_android_host_app_with_module_source.dart:23:16 • undefined_class
  error • Undefined class 'TaskResult' • flutter/dev/devicelab/bin/tasks/build_android_host_app_with_module_source.dart:24:13 • undefined_class
  error • Undefined name 'TaskResult' • flutter/dev/devicelab/bin/tasks/build_android_host_app_with_module_source.dart:29:12 • undefined_identifier
  error • The name 'TaskResult' isn't a type, so it can't be used as a type argument • flutter/dev/devicelab/bin/tasks/build_android_host_app_with_module_source.dart:43:10 • non_type_as_type_argument
  error • The method 'section' isn't defined for the type 'ModuleTest' • flutter/dev/devicelab/bin/tasks/build_android_host_app_with_module_source.dart:44:5 • undefined_method
  error • The method 'section' isn't defined for the type 'ModuleTest' • flutter/dev/devicelab/bin/tasks/build_android_host_app_with_module_source.dart:45:5 • undefined_method
  error • The method 'findJavaHome' isn't defined for the type 'ModuleTest' • flutter/dev/devicelab/bin/tasks/build_android_host_app_with_module_source.dart:47:36 • undefined_method
  error • Undefined name 'TaskResult' • flutter/dev/devicelab/bin/tasks/build_android_host_app_with_module_source.dart:49:14 • undefined_identifier
  error • The method 'section' isn't defined for the type 'ModuleTest' • flutter/dev/devicelab/bin/tasks/build_android_host_app_with_module_source.dart:53:5 • undefined_method
  error • The method 'inDirectory' isn't defined for the type 'ModuleTest' • flutter/dev/devicelab/bin/tasks/build_android_host_app_with_module_source.dart:58:13 • undefined_method
  error • The method 'flutter' isn't defined for the type 'ModuleTest' • flutter/dev/devicelab/bin/tasks/build_android_host_app_with_module_source.dart:59:15 • undefined_method
  error • The method 'section' isn't defined for the type 'ModuleTest' • flutter/dev/devicelab/bin/tasks/build_android_host_app_with_module_source.dart:67:7 • undefined_method
  error • The method 'createFfiPackage' isn't defined for the type 'ModuleTest' • flutter/dev/devicelab/bin/tasks/build_android_host_app_with_module_source.dart:70:13 • undefined_method
  error • The method 'section' isn't defined for the type 'ModuleTest' • flutter/dev/devicelab/bin/tasks/build_android_host_app_with_module_source.dart:72:7 • undefined_method
  error • The method 'inDirectory' isn't defined for the type 'ModuleTest' • flutter/dev/devicelab/bin/tasks/build_android_host_app_with_module_source.dart:81:13 • undefined_method
  error • The method 'flutter' isn't defined for the type 'ModuleTest' • flutter/dev/devicelab/bin/tasks/build_android_host_app_with_module_source.dart:82:15 • undefined_method
  error • The method 'section' isn't defined for the type 'ModuleTest' • flutter/dev/devicelab/bin/tasks/build_android_host_app_with_module_source.dart:85:7 • undefined_method
  error • The method 'exists' isn't defined for the type 'ModuleTest' • flutter/dev/devicelab/bin/tasks/build_android_host_app_with_module_source.dart:91:12 • undefined_method
  error • Undefined name 'TaskResult' • flutter/dev/devicelab/bin/tasks/build_android_host_app_with_module_source.dart:92:16 • undefined_identifier
  error • The method 'exec' isn't defined for the type 'ModuleTest' • flutter/dev/devicelab/bin/tasks/build_android_host_app_with_module_source.dart:96:15 • undefined_method
  error • The method 'section' isn't defined for the type 'ModuleTest' • flutter/dev/devicelab/bin/tasks/build_android_host_app_with_module_source.dart:105:7 • undefined_method
  error • The method 'inDirectory' isn't defined for the type 'ModuleTest' • flutter/dev/devicelab/bin/tasks/build_android_host_app_with_module_source.dart:112:13 • undefined_method
  error • The method 'flutter' isn't defined for the type 'ModuleTest' • flutter/dev/devicelab/bin/tasks/build_android_host_app_with_module_source.dart:113:15 • undefined_method
  error • The method 'section' isn't defined for the type 'ModuleTest' • flutter/dev/devicelab/bin/tasks/build_android_host_app_with_module_source.dart:116:7 • undefined_method
  error • The method 'inDirectory' isn't defined for the type 'ModuleTest' • flutter/dev/devicelab/bin/tasks/build_android_host_app_with_module_source.dart:118:13 • undefined_method
  error • The method 'flutter' isn't defined for the type 'ModuleTest' • flutter/dev/devicelab/bin/tasks/build_android_host_app_with_module_source.dart:119:15 • undefined_method
  error • The method 'exists' isn't defined for the type 'ModuleTest' • flutter/dev/devicelab/bin/tasks/build_android_host_app_with_module_source.dart:122:42 • undefined_method
  error • Undefined name 'TaskResult' • flutter/dev/devicelab/bin/tasks/build_android_host_app_with_module_source.dart:137:16 • undefined_identifier
  error • The method 'section' isn't defined for the type 'ModuleTest' • flutter/dev/devicelab/bin/tasks/build_android_host_app_with_module_source.dart:140:7 • undefined_method
  error • The method 'inDirectory' isn't defined for the type 'ModuleTest' • flutter/dev/devicelab/bin/tasks/build_android_host_app_with_module_source.dart:142:13 • undefined_method
  error • The method 'flutter' isn't defined for the type 'ModuleTest' • flutter/dev/devicelab/bin/tasks/build_android_host_app_with_module_source.dart:143:15 • undefined_method
  error • The method 'section' isn't defined for the type 'ModuleTest' • flutter/dev/devicelab/bin/tasks/build_android_host_app_with_module_source.dart:146:7 • undefined_method
  error • The method 'inDirectory' isn't defined for the type 'ModuleTest' • flutter/dev/devicelab/bin/tasks/build_android_host_app_with_module_source.dart:148:13 • undefined_method
  error • The method 'flutter' isn't defined for the type 'ModuleTest' • flutter/dev/devicelab/bin/tasks/build_android_host_app_with_module_source.dart:149:15 • undefined_method
  error • The method 'exists' isn't defined for the type 'ModuleTest' • flutter/dev/devicelab/bin/tasks/build_android_host_app_with_module_source.dart:152:41 • undefined_method
  error • Undefined name 'TaskResult' • flutter/dev/devicelab/bin/tasks/build_android_host_app_with_module_source.dart:167:16 • undefined_identifier
  error • The method 'section' isn't defined for the type 'ModuleTest' • flutter/dev/devicelab/bin/tasks/build_android_host_app_with_module_source.dart:170:7 • undefined_method
  error • The method 'mkdir' isn't defined for the type 'ModuleTest' • flutter/dev/devicelab/bin/tasks/build_android_host_app_with_module_source.dart:173:7 • undefined_method
  error • The method 'recursiveCopy' isn't defined for the type 'ModuleTest' • flutter/dev/devicelab/bin/tasks/build_android_host_app_with_module_source.dart:174:7 • undefined_method
  error • Undefined name 'flutterDirectory' • flutter/dev/devicelab/bin/tasks/build_android_host_app_with_module_source.dart:177:13 • undefined_identifier
  error • The method 'copy' isn't defined for the type 'ModuleTest' • flutter/dev/devicelab/bin/tasks/build_android_host_app_with_module_source.dart:186:7 • undefined_method
  error • The method 'copy' isn't defined for the type 'ModuleTest' • flutter/dev/devicelab/bin/tasks/build_android_host_app_with_module_source.dart:187:7 • undefined_method
  error • The method 'section' isn't defined for the type 'ModuleTest' • flutter/dev/devicelab/bin/tasks/build_android_host_app_with_module_source.dart:199:7 • undefined_method
  error • The method 'section' isn't defined for the type 'ModuleTest' • flutter/dev/devicelab/bin/tasks/build_android_host_app_with_module_source.dart:202:7 • undefined_method
  error • The method 'inDirectory' isn't defined for the type 'ModuleTest' • flutter/dev/devicelab/bin/tasks/build_android_host_app_with_module_source.dart:204:13 • undefined_method
  error • The method 'exec' isn't defined for the type 'ModuleTest' • flutter/dev/devicelab/bin/tasks/build_android_host_app_with_module_source.dart:206:17 • undefined_method
  error • The method 'exec' isn't defined for the type 'ModuleTest' • flutter/dev/devicelab/bin/tasks/build_android_host_app_with_module_source.dart:208:15 • undefined_method
  error • The method 'section' isn't defined for the type 'ModuleTest' • flutter/dev/devicelab/bin/tasks/build_android_host_app_with_module_source.dart:218:7 • undefined_method
  error • The method 'exists' isn't defined for the type 'ModuleTest' • flutter/dev/devicelab/bin/tasks/build_android_host_app_with_module_source.dart:229:12 • undefined_method
  error • Undefined name 'TaskResult' • flutter/dev/devicelab/bin/tasks/build_android_host_app_with_module_source.dart:230:16 • undefined_identifier
  error • The method 'section' isn't defined for the type 'ModuleTest' • flutter/dev/devicelab/bin/tasks/build_android_host_app_with_module_source.dart:233:7 • undefined_method
  error • The method 'checkCollectionContains' isn't defined for the type 'ModuleTest' • flutter/dev/devicelab/bin/tasks/build_android_host_app_with_module_source.dart:235:7 • undefined_method
  error • Undefined name 'flutterAssets' • flutter/dev/devicelab/bin/tasks/build_android_host_app_with_module_source.dart:236:12 • undefined_identifier
  error • Undefined name 'debugAssets' • flutter/dev/devicelab/bin/tasks/build_android_host_app_with_module_source.dart:237:12 • undefined_identifier
  error • Undefined name 'baseApkFiles' • flutter/dev/devicelab/bin/tasks/build_android_host_app_with_module_source.dart:238:12 • undefined_identifier
  error • The method 'getFilesInApk' isn't defined for the type 'ModuleTest' • flutter/dev/devicelab/bin/tasks/build_android_host_app_with_module_source.dart:241:16 • undefined_method
  error • The method 'section' isn't defined for the type 'ModuleTest' • flutter/dev/devicelab/bin/tasks/build_android_host_app_with_module_source.dart:243:7 • undefined_method
  error • The method 'getAndroidManifest' isn't defined for the type 'ModuleTest' • flutter/dev/devicelab/bin/tasks/build_android_host_app_with_module_source.dart:245:49 • undefined_method
  error • Undefined name 'TaskResult' • flutter/dev/devicelab/bin/tasks/build_android_host_app_with_module_source.dart:250:16 • undefined_identifier
  error • The method 'section' isn't defined for the type 'ModuleTest' • flutter/dev/devicelab/bin/tasks/build_android_host_app_with_module_source.dart:255:7 • undefined_method
  error • The method 'exists' isn't defined for the type 'ModuleTest' • flutter/dev/devicelab/bin/tasks/build_android_host_app_with_module_source.dart:270:12 • undefined_method
  error • Undefined name 'TaskResult' • flutter/dev/devicelab/bin/tasks/build_android_host_app_with_module_source.dart:271:16 • undefined_identifier
  error • Undefined name 'TaskResult' • flutter/dev/devicelab/bin/tasks/build_android_host_app_with_module_source.dart:277:16 • undefined_identifier
  error • The method 'section' isn't defined for the type 'ModuleTest' • flutter/dev/devicelab/bin/tasks/build_android_host_app_with_module_source.dart:280:7 • undefined_method
  error • The method 'inDirectory' isn't defined for the type 'ModuleTest' • flutter/dev/devicelab/bin/tasks/build_android_host_app_with_module_source.dart:282:13 • undefined_method
  error • The method 'exec' isn't defined for the type 'ModuleTest' • flutter/dev/devicelab/bin/tasks/build_android_host_app_with_module_source.dart:283:15 • undefined_method
  error • The method 'exists' isn't defined for the type 'ModuleTest' • flutter/dev/devicelab/bin/tasks/build_android_host_app_with_module_source.dart:302:12 • undefined_method
  error • Undefined name 'TaskResult' • flutter/dev/devicelab/bin/tasks/build_android_host_app_with_module_source.dart:303:16 • undefined_identifier
  error • The method 'section' isn't defined for the type 'ModuleTest' • flutter/dev/devicelab/bin/tasks/build_android_host_app_with_module_source.dart:306:7 • undefined_method
  error • The method 'checkCollectionContains' isn't defined for the type 'ModuleTest' • flutter/dev/devicelab/bin/tasks/build_android_host_app_with_module_source.dart:308:7 • undefined_method
  error • Undefined name 'flutterAssets' • flutter/dev/devicelab/bin/tasks/build_android_host_app_with_module_source.dart:309:12 • undefined_identifier
  error • Undefined name 'baseApkFiles' • flutter/dev/devicelab/bin/tasks/build_android_host_app_with_module_source.dart:310:12 • undefined_identifier
  error • The method 'getFilesInApk' isn't defined for the type 'ModuleTest' • flutter/dev/devicelab/bin/tasks/build_android_host_app_with_module_source.dart:317:16 • undefined_method
  error • The method 'section' isn't defined for the type 'ModuleTest' • flutter/dev/devicelab/bin/tasks/build_android_host_app_with_module_source.dart:319:7 • undefined_method
  error • The method 'inDirectory' isn't defined for the type 'ModuleTest' • flutter/dev/devicelab/bin/tasks/build_android_host_app_with_module_source.dart:321:13 • undefined_method
warning • Unnecessary cast • flutter/dev/devicelab/bin/tasks/build_android_host_app_with_module_source.dart:327:40 • unnecessary_cast
  error • Undefined name 'TaskResult' • flutter/dev/devicelab/bin/tasks/build_android_host_app_with_module_source.dart:329:18 • undefined_identifier
  error • Undefined name 'TaskResult' • flutter/dev/devicelab/bin/tasks/build_android_host_app_with_module_source.dart:333:18 • undefined_identifier
  error • The method 'section' isn't defined for the type 'ModuleTest' • flutter/dev/devicelab/bin/tasks/build_android_host_app_with_module_source.dart:337:7 • undefined_method
  error • The method 'getAndroidManifest' isn't defined for the type 'ModuleTest' • flutter/dev/devicelab/bin/tasks/build_android_host_app_with_module_source.dart:339:51 • undefined_method
  error • Undefined name 'TaskResult' • flutter/dev/devicelab/bin/tasks/build_android_host_app_with_module_source.dart:344:16 • undefined_identifier
  error • The method 'section' isn't defined for the type 'ModuleTest' • flutter/dev/devicelab/bin/tasks/build_android_host_app_with_module_source.dart:349:7 • undefined_method
  error • The method 'exists' isn't defined for the type 'ModuleTest' • flutter/dev/devicelab/bin/tasks/build_android_host_app_with_module_source.dart:364:12 • undefined_method
  error • Undefined name 'TaskResult' • flutter/dev/devicelab/bin/tasks/build_android_host_app_with_module_source.dart:365:16 • undefined_identifier
  error • Undefined name 'TaskResult' • flutter/dev/devicelab/bin/tasks/build_android_host_app_with_module_source.dart:371:16 • undefined_identifier
  error • The method 'section' isn't defined for the type 'ModuleTest' • flutter/dev/devicelab/bin/tasks/build_android_host_app_with_module_source.dart:374:7 • undefined_method
  error • Undefined name 'TaskResult' • flutter/dev/devicelab/bin/tasks/build_android_host_app_with_module_source.dart:377:16 • undefined_identifier
  error • Undefined name 'TaskResult' • flutter/dev/devicelab/bin/tasks/build_android_host_app_with_module_source.dart:380:14 • undefined_identifier
  error • The name 'TaskResult' isn't a type and can't be used in an on-catch clause • flutter/dev/devicelab/bin/tasks/build_android_host_app_with_module_source.dart:381:10 • non_type_in_catch_clause
  error • Undefined name 'TaskResult' • flutter/dev/devicelab/bin/tasks/build_android_host_app_with_module_source.dart:385:14 • undefined_identifier
  error • The method 'rmTree' isn't defined for the type 'ModuleTest' • flutter/dev/devicelab/bin/tasks/build_android_host_app_with_module_source.dart:387:7 • undefined_method
  error • The function 'task' isn't defined • flutter/dev/devicelab/bin/tasks/build_android_host_app_with_module_source.dart:393:9 • undefined_function
  error • The name 'TaskFunction' isn't a type, so it can't be used as a type argument • flutter/dev/devicelab/bin/tasks/build_android_host_app_with_module_source.dart:393:23 • non_type_as_type_argument
  error • Target of URI doesn't exist: 'package:flutter_devicelab/framework/framework.dart' • flutter/dev/devicelab/bin/tasks/build_ios_framework_module_test.dart:7:8 • uri_does_not_exist
  error • Target of URI doesn't exist: 'package:flutter_devicelab/framework/ios.dart' • flutter/dev/devicelab/bin/tasks/build_ios_framework_module_test.dart:8:8 • uri_does_not_exist
  error • Target of URI doesn't exist: 'package:flutter_devicelab/framework/task_result.dart' • flutter/dev/devicelab/bin/tasks/build_ios_framework_module_test.dart:9:8 • uri_does_not_exist
  error • Target of URI doesn't exist: 'package:flutter_devicelab/framework/utils.dart' • flutter/dev/devicelab/bin/tasks/build_ios_framework_module_test.dart:10:8 • uri_does_not_exist
  error • The function 'task' isn't defined • flutter/dev/devicelab/bin/tasks/build_ios_framework_module_test.dart:15:9 • undefined_function
  error • The function 'section' isn't defined • flutter/dev/devicelab/bin/tasks/build_ios_framework_module_test.dart:16:5 • undefined_function
  error • The function 'inDirectory' isn't defined • flutter/dev/devicelab/bin/tasks/build_ios_framework_module_test.dart:20:13 • undefined_function
  error • The function 'section' isn't defined • flutter/dev/devicelab/bin/tasks/build_ios_framework_module_test.dart:21:9 • undefined_function
  error • The function 'flutter' isn't defined • flutter/dev/devicelab/bin/tasks/build_ios_framework_module_test.dart:24:15 • undefined_function
  error • The function 'section' isn't defined • flutter/dev/devicelab/bin/tasks/build_ios_framework_module_test.dart:38:9 • undefined_function
  error • The function 'flutter' isn't defined • flutter/dev/devicelab/bin/tasks/build_ios_framework_module_test.dart:41:15 • undefined_function
  error • Undefined name 'TaskResult' • flutter/dev/devicelab/bin/tasks/build_ios_framework_module_test.dart:51:14 • undefined_identifier
  error • The name 'TaskResult' isn't a type and can't be used in an on-catch clause • flutter/dev/devicelab/bin/tasks/build_ios_framework_module_test.dart:52:10 • non_type_in_catch_clause
  error • Undefined name 'TaskResult' • flutter/dev/devicelab/bin/tasks/build_ios_framework_module_test.dart:56:14 • undefined_identifier
  error • The function 'rmTree' isn't defined • flutter/dev/devicelab/bin/tasks/build_ios_framework_module_test.dart:58:7 • undefined_function
  error • The function 'section' isn't defined • flutter/dev/devicelab/bin/tasks/build_ios_framework_module_test.dart:64:3 • undefined_function
  error • The function 'inDirectory' isn't defined • flutter/dev/devicelab/bin/tasks/build_ios_framework_module_test.dart:73:9 • undefined_function
  error • The function 'flutter' isn't defined • flutter/dev/devicelab/bin/tasks/build_ios_framework_module_test.dart:74:11 • undefined_function
  error • The function 'section' isn't defined • flutter/dev/devicelab/bin/tasks/build_ios_framework_module_test.dart:80:3 • undefined_function
  error • The function 'inDirectory' isn't defined • flutter/dev/devicelab/bin/tasks/build_ios_framework_module_test.dart:84:9 • undefined_function
  error • The function 'flutter' isn't defined • flutter/dev/devicelab/bin/tasks/build_ios_framework_module_test.dart:85:11 • undefined_function
  error • The function 'checkFileExists' isn't defined • flutter/dev/devicelab/bin/tasks/build_ios_framework_module_test.dart:98:3 • undefined_function
  error • The function 'checkFileExists' isn't defined • flutter/dev/devicelab/bin/tasks/build_ios_framework_module_test.dart:117:3 • undefined_function
  error • The function 'checkFileExists' isn't defined • flutter/dev/devicelab/bin/tasks/build_ios_framework_module_test.dart:119:3 • undefined_function
  error • The function 'section' isn't defined • flutter/dev/devicelab/bin/tasks/build_ios_framework_module_test.dart:123:3 • undefined_function
  error • The function 'checkFileExists' isn't defined • flutter/dev/devicelab/bin/tasks/build_ios_framework_module_test.dart:125:3 • undefined_function
  error • The function 'section' isn't defined • flutter/dev/devicelab/bin/tasks/build_ios_framework_module_test.dart:137:3 • undefined_function
  error • The function 'checkFileExists' isn't defined • flutter/dev/devicelab/bin/tasks/build_ios_framework_module_test.dart:139:3 • undefined_function
  error • The function 'section' isn't defined • flutter/dev/devicelab/bin/tasks/build_ios_framework_module_test.dart:141:3 • undefined_function
  error • The function 'dumpSymbolTable' isn't defined • flutter/dev/devicelab/bin/tasks/build_ios_framework_module_test.dart:143:35 • undefined_function
  error • Undefined name 'TaskResult' • flutter/dev/devicelab/bin/tasks/build_ios_framework_module_test.dart:146:11 • undefined_identifier
  error • The function 'section' isn't defined • flutter/dev/devicelab/bin/tasks/build_ios_framework_module_test.dart:149:3 • undefined_function
  error • The function 'dumpSymbolTable' isn't defined • flutter/dev/devicelab/bin/tasks/build_ios_framework_module_test.dart:163:37 • undefined_function
  error • Undefined name 'TaskResult' • flutter/dev/devicelab/bin/tasks/build_ios_framework_module_test.dart:166:13 • undefined_identifier
  error • The function 'checkFileNotExists' isn't defined • flutter/dev/devicelab/bin/tasks/build_ios_framework_module_test.dart:169:5 • undefined_function
  error • The function 'checkDirectoryExists' isn't defined • flutter/dev/devicelab/bin/tasks/build_ios_framework_module_test.dart:182:5 • undefined_function
  error • The function 'checkDirectoryExists' isn't defined • flutter/dev/devicelab/bin/tasks/build_ios_framework_module_test.dart:185:5 • undefined_function
  error • Undefined name 'TaskResult' • flutter/dev/devicelab/bin/tasks/build_ios_framework_module_test.dart:188:13 • undefined_identifier
  error • The function 'checkFileExists' isn't defined • flutter/dev/devicelab/bin/tasks/build_ios_framework_module_test.dart:193:5 • undefined_function
  error • The function 'checkFileExists' isn't defined • flutter/dev/devicelab/bin/tasks/build_ios_framework_module_test.dart:204:5 • undefined_function
  error • The function 'section' isn't defined • flutter/dev/devicelab/bin/tasks/build_ios_framework_module_test.dart:216:3 • undefined_function
  error • The function 'checkFileExists' isn't defined • flutter/dev/devicelab/bin/tasks/build_ios_framework_module_test.dart:219:5 • undefined_function
  error • The function 'checkFileExists' isn't defined • flutter/dev/devicelab/bin/tasks/build_ios_framework_module_test.dart:230:5 • undefined_function
  error • The function 'checkFileExists' isn't defined • flutter/dev/devicelab/bin/tasks/build_ios_framework_module_test.dart:241:5 • undefined_function
  error • The function 'section' isn't defined • flutter/dev/devicelab/bin/tasks/build_ios_framework_module_test.dart:254:3 • undefined_function
  error • Undefined name 'TaskResult' • flutter/dev/devicelab/bin/tasks/build_ios_framework_module_test.dart:268:13 • undefined_identifier
  error • The function 'exists' isn't defined • flutter/dev/devicelab/bin/tasks/build_ios_framework_module_test.dart:280:10 • undefined_function
  error • Undefined name 'TaskResult' • flutter/dev/devicelab/bin/tasks/build_ios_framework_module_test.dart:281:13 • undefined_identifier
  error • Undefined name 'TaskResult' • flutter/dev/devicelab/bin/tasks/build_ios_framework_module_test.dart:285:13 • undefined_identifier
  error • The function 'checkFileExists' isn't defined • flutter/dev/devicelab/bin/tasks/build_ios_framework_module_test.dart:290:5 • undefined_function
  error • The function 'checkDirectoryExists' isn't defined • flutter/dev/devicelab/bin/tasks/build_ios_framework_module_test.dart:303:7 • undefined_function
  error • The function 'checkFileExists' isn't defined • flutter/dev/devicelab/bin/tasks/build_ios_framework_module_test.dart:334:5 • undefined_function
  error • The function 'checkFileExists' isn't defined • flutter/dev/devicelab/bin/tasks/build_ios_framework_module_test.dart:335:5 • undefined_function
  error • The function 'section' isn't defined • flutter/dev/devicelab/bin/tasks/build_ios_framework_module_test.dart:338:3 • undefined_function
  error • The function 'checkFileExists' isn't defined • flutter/dev/devicelab/bin/tasks/build_ios_framework_module_test.dart:354:5 • undefined_function
  error • The function 'checkFileExists' isn't defined • flutter/dev/devicelab/bin/tasks/build_ios_framework_module_test.dart:374:5 • undefined_function
  error • The function 'section' isn't defined • flutter/dev/devicelab/bin/tasks/build_ios_framework_module_test.dart:378:3 • undefined_function
  error • The function 'inDirectory' isn't defined • flutter/dev/devicelab/bin/tasks/build_ios_framework_module_test.dart:382:9 • undefined_function
  error • The function 'flutter' isn't defined • flutter/dev/devicelab/bin/tasks/build_ios_framework_module_test.dart:383:11 • undefined_function
  error • The function 'checkFileExists' isn't defined • flutter/dev/devicelab/bin/tasks/build_ios_framework_module_test.dart:397:5 • undefined_function
  error • The function 'checkDirectoryExists' isn't defined • flutter/dev/devicelab/bin/tasks/build_ios_framework_module_test.dart:411:7 • undefined_function
  error • Undefined name 'TaskResult' • flutter/dev/devicelab/bin/tasks/build_ios_framework_module_test.dart:419:13 • undefined_identifier
  error • The function 'checkDirectoryExists' isn't defined • flutter/dev/devicelab/bin/tasks/build_ios_framework_module_test.dart:444:5 • undefined_function
  error • Undefined name 'TaskResult' • flutter/dev/devicelab/bin/tasks/build_ios_framework_module_test.dart:448:11 • undefined_identifier
  error • Undefined name 'TaskResult' • flutter/dev/devicelab/bin/tasks/build_ios_framework_module_test.dart:452:11 • undefined_identifier
  error • The function 'section' isn't defined • flutter/dev/devicelab/bin/tasks/build_ios_framework_module_test.dart:455:3 • undefined_function
  error • The function 'section' isn't defined • flutter/dev/devicelab/bin/tasks/build_ios_framework_module_test.dart:458:3 • undefined_function
  error • The function 'section' isn't defined • flutter/dev/devicelab/bin/tasks/build_ios_framework_module_test.dart:464:3 • undefined_function
  error • The function 'inDirectory' isn't defined • flutter/dev/devicelab/bin/tasks/build_ios_framework_module_test.dart:468:9 • undefined_function
  error • The function 'flutter' isn't defined • flutter/dev/devicelab/bin/tasks/build_ios_framework_module_test.dart:469:11 • undefined_function
  error • The function 'checkDirectoryExists' isn't defined • flutter/dev/devicelab/bin/tasks/build_ios_framework_module_test.dart:488:3 • undefined_function
  error • The function 'checkSymlinkExists' isn't defined • flutter/dev/devicelab/bin/tasks/build_ios_framework_module_test.dart:498:3 • undefined_function
  error • The function 'checkFileExists' isn't defined • flutter/dev/devicelab/bin/tasks/build_ios_framework_module_test.dart:500:3 • undefined_function
  error • The function 'section' isn't defined • flutter/dev/devicelab/bin/tasks/build_ios_framework_module_test.dart:512:3 • undefined_function
  error • The function 'checkFileExists' isn't defined • flutter/dev/devicelab/bin/tasks/build_ios_framework_module_test.dart:514:3 • undefined_function
  error • The function 'section' isn't defined • flutter/dev/devicelab/bin/tasks/build_ios_framework_module_test.dart:527:3 • undefined_function
  error • The function 'checkFileExists' isn't defined • flutter/dev/devicelab/bin/tasks/build_ios_framework_module_test.dart:529:3 • undefined_function
  error • The function 'checkFileExists' isn't defined • flutter/dev/devicelab/bin/tasks/build_ios_framework_module_test.dart:531:3 • undefined_function
  error • The function 'section' isn't defined • flutter/dev/devicelab/bin/tasks/build_ios_framework_module_test.dart:533:3 • undefined_function
  error • The function 'dumpSymbolTable' isn't defined • flutter/dev/devicelab/bin/tasks/build_ios_framework_module_test.dart:535:35 • undefined_function
  error • Undefined name 'TaskResult' • flutter/dev/devicelab/bin/tasks/build_ios_framework_module_test.dart:538:11 • undefined_identifier
  error • The function 'section' isn't defined • flutter/dev/devicelab/bin/tasks/build_ios_framework_module_test.dart:541:3 • undefined_function
  error • The function 'dumpSymbolTable' isn't defined • flutter/dev/devicelab/bin/tasks/build_ios_framework_module_test.dart:555:37 • undefined_function
  error • Undefined name 'TaskResult' • flutter/dev/devicelab/bin/tasks/build_ios_framework_module_test.dart:558:13 • undefined_identifier
  error • The function 'checkFileNotExists' isn't defined • flutter/dev/devicelab/bin/tasks/build_ios_framework_module_test.dart:561:5 • undefined_function
  error • The function 'checkFileExists' isn't defined • flutter/dev/devicelab/bin/tasks/build_ios_framework_module_test.dart:574:5 • undefined_function
  error • The function 'checkDirectoryExists' isn't defined • flutter/dev/devicelab/bin/tasks/build_ios_framework_module_test.dart:594:5 • undefined_function
  error • The function 'section' isn't defined • flutter/dev/devicelab/bin/tasks/build_ios_framework_module_test.dart:598:3 • undefined_function
  error • The function 'checkSymlinkExists' isn't defined • flutter/dev/devicelab/bin/tasks/build_ios_framework_module_test.dart:609:5 • undefined_function
  error • The function 'checkFileExists' isn't defined • flutter/dev/devicelab/bin/tasks/build_ios_framework_module_test.dart:611:5 • undefined_function
  error • The function 'section' isn't defined • flutter/dev/devicelab/bin/tasks/build_ios_framework_module_test.dart:624:3 • undefined_function
  error • Undefined name 'TaskResult' • flutter/dev/devicelab/bin/tasks/build_ios_framework_module_test.dart:638:13 • undefined_identifier
  error • Undefined name 'TaskResult' • flutter/dev/devicelab/bin/tasks/build_ios_framework_module_test.dart:650:13 • undefined_identifier
  error • The function 'checkFileExists' isn't defined • flutter/dev/devicelab/bin/tasks/build_ios_framework_module_test.dart:655:5 • undefined_function
  error • The function 'checkDirectoryExists' isn't defined • flutter/dev/devicelab/bin/tasks/build_ios_framework_module_test.dart:667:5 • undefined_function
  error • The function 'checkDirectoryExists' isn't defined • flutter/dev/devicelab/bin/tasks/build_ios_framework_module_test.dart:680:7 • undefined_function
  error • The function 'checkSymlinkExists' isn't defined • flutter/dev/devicelab/bin/tasks/build_ios_framework_module_test.dart:692:5 • undefined_function
  error • The function 'section' isn't defined • flutter/dev/devicelab/bin/tasks/build_ios_framework_module_test.dart:705:3 • undefined_function
  error • The function 'inDirectory' isn't defined • flutter/dev/devicelab/bin/tasks/build_ios_framework_module_test.dart:709:9 • undefined_function
  error • The function 'flutter' isn't defined • flutter/dev/devicelab/bin/tasks/build_ios_framework_module_test.dart:710:11 • undefined_function
  error • The function 'checkFileExists' isn't defined • flutter/dev/devicelab/bin/tasks/build_ios_framework_module_test.dart:724:5 • undefined_function
  error • The function 'checkDirectoryExists' isn't defined • flutter/dev/devicelab/bin/tasks/build_ios_framework_module_test.dart:745:7 • undefined_function
  error • The function 'checkDirectoryExists' isn't defined • flutter/dev/devicelab/bin/tasks/build_ios_framework_module_test.dart:771:5 • undefined_function
  error • The function 'checkFileExists' isn't defined • flutter/dev/devicelab/bin/tasks/build_ios_framework_module_test.dart:774:3 • undefined_function
  error • The function 'section' isn't defined • flutter/dev/devicelab/bin/tasks/build_ios_framework_module_test.dart:776:3 • undefined_function
  error • The function 'inDirectory' isn't defined • flutter/dev/devicelab/bin/tasks/build_ios_framework_module_test.dart:795:9 • undefined_function
  error • The function 'eval' isn't defined • flutter/dev/devicelab/bin/tasks/build_ios_framework_module_test.dart:796:11 • undefined_function
  error • The function 'inDirectory' isn't defined • flutter/dev/devicelab/bin/tasks/build_ios_framework_module_test.dart:801:9 • undefined_function
  error • The function 'eval' isn't defined • flutter/dev/devicelab/bin/tasks/build_ios_framework_module_test.dart:802:11 • undefined_function
  error • The function 'section' isn't defined • flutter/dev/devicelab/bin/tasks/build_ios_framework_module_test.dart:805:3 • undefined_function
  error • The function 'inDirectory' isn't defined • flutter/dev/devicelab/bin/tasks/build_ios_framework_module_test.dart:815:9 • undefined_function
  error • The function 'flutter' isn't defined • flutter/dev/devicelab/bin/tasks/build_ios_framework_module_test.dart:816:11 • undefined_function
  error • The function 'checkFileExists' isn't defined • flutter/dev/devicelab/bin/tasks/build_ios_framework_module_test.dart:830:5 • undefined_function
  error • The function 'checkDirectoryExists' isn't defined • flutter/dev/devicelab/bin/tasks/build_ios_framework_module_test.dart:833:5 • undefined_function
  error • The function 'checkDirectoryNotExists' isn't defined • flutter/dev/devicelab/bin/tasks/build_ios_framework_module_test.dart:835:5 • undefined_function
  error • The function 'checkDirectoryNotExists' isn't defined • flutter/dev/devicelab/bin/tasks/build_ios_framework_module_test.dart:837:5 • undefined_function
  error • The function 'checkDirectoryNotExists' isn't defined • flutter/dev/devicelab/bin/tasks/build_ios_framework_module_test.dart:839:5 • undefined_function
  error • The function 'inDirectory' isn't defined • flutter/dev/devicelab/bin/tasks/build_ios_framework_module_test.dart:845:38 • undefined_function
  error • The function 'executeFlutter' isn't defined • flutter/dev/devicelab/bin/tasks/build_ios_framework_module_test.dart:846:12 • undefined_function
  error • Undefined name 'TaskResult' • flutter/dev/devicelab/bin/tasks/build_ios_framework_module_test.dart:860:11 • undefined_identifier
  error • Undefined name 'TaskResult' • flutter/dev/devicelab/bin/tasks/build_ios_framework_module_test.dart:864:11 • undefined_identifier
  error • The function 'fileType' isn't defined • flutter/dev/devicelab/bin/tasks/build_ios_framework_module_test.dart:869:39 • undefined_function
  error • Undefined name 'TaskResult' • flutter/dev/devicelab/bin/tasks/build_ios_framework_module_test.dart:871:11 • undefined_identifier
  error • The function 'fileType' isn't defined • flutter/dev/devicelab/bin/tasks/build_ios_framework_module_test.dart:876:39 • undefined_function
  error • Undefined name 'TaskResult' • flutter/dev/devicelab/bin/tasks/build_ios_framework_module_test.dart:878:11 • undefined_identifier
  error • The function 'fileType' isn't defined • flutter/dev/devicelab/bin/tasks/build_ios_framework_module_test.dart:883:39 • undefined_function
  error • Undefined name 'TaskResult' • flutter/dev/devicelab/bin/tasks/build_ios_framework_module_test.dart:885:11 • undefined_identifier
  error • The function 'eval' isn't defined • flutter/dev/devicelab/bin/tasks/build_ios_framework_module_test.dart:890:37 • undefined_function
  error • The function 'eval' isn't defined • flutter/dev/devicelab/bin/tasks/build_ios_framework_module_test.dart:895:37 • undefined_function
  error • Target of URI doesn't exist: 'package:flutter_devicelab/framework/framework.dart' • flutter/dev/devicelab/bin/tasks/build_mode_test.dart:5:8 • uri_does_not_exist
  error • Target of URI doesn't exist: 'package:flutter_devicelab/framework/task_result.dart' • flutter/dev/devicelab/bin/tasks/build_mode_test.dart:6:8 • uri_does_not_exist
  error • The function 'task' isn't defined • flutter/dev/devicelab/bin/tasks/build_mode_test.dart:11:9 • undefined_function
  error • Undefined name 'TaskResult' • flutter/dev/devicelab/bin/tasks/build_mode_test.dart:13:12 • undefined_identifier
  error • Target of URI doesn't exist: 'package:flutter_devicelab/framework/devices.dart' • flutter/dev/devicelab/bin/tasks/channels_integration_test.dart:5:8 • uri_does_not_exist
  error • Target of URI doesn't exist: 'package:flutter_devicelab/framework/framework.dart' • flutter/dev/devicelab/bin/tasks/channels_integration_test.dart:6:8 • uri_does_not_exist
  error • Target of URI doesn't exist: 'package:flutter_devicelab/tasks/integration_tests.dart' • flutter/dev/devicelab/bin/tasks/channels_integration_test.dart:7:8 • uri_does_not_exist
  error • Undefined name 'deviceOperatingSystem' • flutter/dev/devicelab/bin/tasks/channels_integration_test.dart:10:3 • undefined_identifier
  error • Undefined name 'DeviceOperatingSystem' • flutter/dev/devicelab/bin/tasks/channels_integration_test.dart:10:27 • undefined_identifier
  error • The function 'task' isn't defined • flutter/dev/devicelab/bin/tasks/channels_integration_test.dart:11:9 • undefined_function
  error • The function 'createChannelsIntegrationTest' isn't defined • flutter/dev/devicelab/bin/tasks/channels_integration_test.dart:11:14 • undefined_function
  error • Target of URI doesn't exist: 'package:flutter_devicelab/framework/devices.dart' • flutter/dev/devicelab/bin/tasks/channels_integration_test_ios.dart:5:8 • uri_does_not_exist
  error • Target of URI doesn't exist: 'package:flutter_devicelab/framework/framework.dart' • flutter/dev/devicelab/bin/tasks/channels_integration_test_ios.dart:6:8 • uri_does_not_exist
  error • Target of URI doesn't exist: 'package:flutter_devicelab/tasks/integration_tests.dart' • flutter/dev/devicelab/bin/tasks/channels_integration_test_ios.dart:7:8 • uri_does_not_exist
  error • Undefined name 'deviceOperatingSystem' • flutter/dev/devicelab/bin/tasks/channels_integration_test_ios.dart:10:3 • undefined_identifier
  error • Undefined name 'DeviceOperatingSystem' • flutter/dev/devicelab/bin/tasks/channels_integration_test_ios.dart:10:27 • undefined_identifier
  error • The function 'task' isn't defined • flutter/dev/devicelab/bin/tasks/channels_integration_test_ios.dart:11:9 • undefined_function
  error • The function 'createChannelsIntegrationTest' isn't defined • flutter/dev/devicelab/bin/tasks/channels_integration_test_ios.dart:11:14 • undefined_function
  error • Target of URI doesn't exist: 'package:flutter_devicelab/framework/devices.dart' • flutter/dev/devicelab/bin/tasks/channels_integration_test_macos.dart:5:8 • uri_does_not_exist
  error • Target of URI doesn't exist: 'package:flutter_devicelab/framework/framework.dart' • flutter/dev/devicelab/bin/tasks/channels_integration_test_macos.dart:6:8 • uri_does_not_exist
  error • Target of URI doesn't exist: 'package:flutter_devicelab/tasks/integration_tests.dart' • flutter/dev/devicelab/bin/tasks/channels_integration_test_macos.dart:7:8 • uri_does_not_exist
  error • Undefined name 'deviceOperatingSystem' • flutter/dev/devicelab/bin/tasks/channels_integration_test_macos.dart:10:3 • undefined_identifier
  error • Undefined name 'DeviceOperatingSystem' • flutter/dev/devicelab/bin/tasks/channels_integration_test_macos.dart:10:27 • undefined_identifier
  error • The function 'task' isn't defined • flutter/dev/devicelab/bin/tasks/channels_integration_test_macos.dart:11:9 • undefined_function
  error • The function 'createChannelsIntegrationTest' isn't defined • flutter/dev/devicelab/bin/tasks/channels_integration_test_macos.dart:11:14 • undefined_function
  error • Target of URI doesn't exist: 'package:flutter_devicelab/framework/devices.dart' • flutter/dev/devicelab/bin/tasks/channels_integration_test_win.dart:5:8 • uri_does_not_exist
  error • Target of URI doesn't exist: 'package:flutter_devicelab/framework/framework.dart' • flutter/dev/devicelab/bin/tasks/channels_integration_test_win.dart:6:8 • uri_does_not_exist
  error • Target of URI doesn't exist: 'package:flutter_devicelab/tasks/integration_tests.dart' • flutter/dev/devicelab/bin/tasks/channels_integration_test_win.dart:7:8 • uri_does_not_exist
  error • Undefined name 'deviceOperatingSystem' • flutter/dev/devicelab/bin/tasks/channels_integration_test_win.dart:10:3 • undefined_identifier
  error • Undefined name 'DeviceOperatingSystem' • flutter/dev/devicelab/bin/tasks/channels_integration_test_win.dart:10:27 • undefined_identifier
  error • The function 'task' isn't defined • flutter/dev/devicelab/bin/tasks/channels_integration_test_win.dart:11:9 • undefined_function
  error • The function 'createChannelsIntegrationTest' isn't defined • flutter/dev/devicelab/bin/tasks/channels_integration_test_win.dart:11:14 • undefined_function
  error • Target of URI doesn't exist: 'package:flutter_devicelab/framework/devices.dart' • flutter/dev/devicelab/bin/tasks/clipper_cache_perf__e2e_summary.dart:7:8 • uri_does_not_exist
  error • Target of URI doesn't exist: 'package:flutter_devicelab/framework/framework.dart' • flutter/dev/devicelab/bin/tasks/clipper_cache_perf__e2e_summary.dart:8:8 • uri_does_not_exist
  error • Target of URI doesn't exist: 'package:flutter_devicelab/tasks/perf_tests.dart' • flutter/dev/devicelab/bin/tasks/clipper_cache_perf__e2e_summary.dart:9:8 • uri_does_not_exist
  error • Undefined name 'deviceOperatingSystem' • flutter/dev/devicelab/bin/tasks/clipper_cache_perf__e2e_summary.dart:12:3 • undefined_identifier
  error • Undefined name 'DeviceOperatingSystem' • flutter/dev/devicelab/bin/tasks/clipper_cache_perf__e2e_summary.dart:12:27 • undefined_identifier
  error • The function 'task' isn't defined • flutter/dev/devicelab/bin/tasks/clipper_cache_perf__e2e_summary.dart:13:9 • undefined_function
  error • The function 'createClipperCachePerfE2ETest' isn't defined • flutter/dev/devicelab/bin/tasks/clipper_cache_perf__e2e_summary.dart:13:14 • undefined_function
  error • Target of URI doesn't exist: 'package:flutter_devicelab/framework/devices.dart' • flutter/dev/devicelab/bin/tasks/color_filter_and_fade_perf__e2e_summary.dart:7:8 • uri_does_not_exist
  error • Target of URI doesn't exist: 'package:flutter_devicelab/framework/framework.dart' • flutter/dev/devicelab/bin/tasks/color_filter_and_fade_perf__e2e_summary.dart:8:8 • uri_does_not_exist
  error • Target of URI doesn't exist: 'package:flutter_devicelab/tasks/perf_tests.dart' • flutter/dev/devicelab/bin/tasks/color_filter_and_fade_perf__e2e_summary.dart:9:8 • uri_does_not_exist
  error • Undefined name 'deviceOperatingSystem' • flutter/dev/devicelab/bin/tasks/color_filter_and_fade_perf__e2e_summary.dart:12:3 • undefined_identifier
  error • Undefined name 'DeviceOperatingSystem' • flutter/dev/devicelab/bin/tasks/color_filter_and_fade_perf__e2e_summary.dart:12:27 • undefined_identifier
  error • The function 'task' isn't defined • flutter/dev/devicelab/bin/tasks/color_filter_and_fade_perf__e2e_summary.dart:13:9 • undefined_function
  error • The function 'createColorFilterAndFadePerfE2ETest' isn't defined • flutter/dev/devicelab/bin/tasks/color_filter_and_fade_perf__e2e_summary.dart:13:14 • undefined_function
  error • Target of URI doesn't exist: 'package:flutter_devicelab/framework/devices.dart' • flutter/dev/devicelab/bin/tasks/color_filter_and_fade_perf__timeline_summary.dart:5:8 • uri_does_not_exist
  error • Target of URI doesn't exist: 'package:flutter_devicelab/framework/framework.dart' • flutter/dev/devicelab/bin/tasks/color_filter_and_fade_perf__timeline_summary.dart:6:8 • uri_does_not_exist
  error • Target of URI doesn't exist: 'package:flutter_devicelab/tasks/perf_tests.dart' • flutter/dev/devicelab/bin/tasks/color_filter_and_fade_perf__timeline_summary.dart:7:8 • uri_does_not_exist
  error • Undefined name 'deviceOperatingSystem' • flutter/dev/devicelab/bin/tasks/color_filter_and_fade_perf__timeline_summary.dart:10:3 • undefined_identifier
  error • Undefined name 'DeviceOperatingSystem' • flutter/dev/devicelab/bin/tasks/color_filter_and_fade_perf__timeline_summary.dart:10:27 • undefined_identifier
  error • The function 'task' isn't defined • flutter/dev/devicelab/bin/tasks/color_filter_and_fade_perf__timeline_summary.dart:11:9 • undefined_function
  error • The function 'createColorFilterAndFadePerfTest' isn't defined • flutter/dev/devicelab/bin/tasks/color_filter_and_fade_perf__timeline_summary.dart:11:14 • undefined_function
  error • Target of URI doesn't exist: 'package:flutter_devicelab/framework/devices.dart' • flutter/dev/devicelab/bin/tasks/color_filter_and_fade_perf_ios__e2e_summary.dart:7:8 • uri_does_not_exist
  error • Target of URI doesn't exist: 'package:flutter_devicelab/framework/framework.dart' • flutter/dev/devicelab/bin/tasks/color_filter_and_fade_perf_ios__e2e_summary.dart:8:8 • uri_does_not_exist
  error • Target of URI doesn't exist: 'package:flutter_devicelab/tasks/perf_tests.dart' • flutter/dev/devicelab/bin/tasks/color_filter_and_fade_perf_ios__e2e_summary.dart:9:8 • uri_does_not_exist
  error • Undefined name 'deviceOperatingSystem' • flutter/dev/devicelab/bin/tasks/color_filter_and_fade_perf_ios__e2e_summary.dart:12:3 • undefined_identifier
  error • Undefined name 'DeviceOperatingSystem' • flutter/dev/devicelab/bin/tasks/color_filter_and_fade_perf_ios__e2e_summary.dart:12:27 • undefined_identifier
  error • The function 'task' isn't defined • flutter/dev/devicelab/bin/tasks/color_filter_and_fade_perf_ios__e2e_summary.dart:13:9 • undefined_function
  error • The function 'createColorFilterAndFadePerfE2ETest' isn't defined • flutter/dev/devicelab/bin/tasks/color_filter_and_fade_perf_ios__e2e_summary.dart:13:14 • undefined_function
  error • Target of URI doesn't exist: 'package:flutter_devicelab/framework/devices.dart' • flutter/dev/devicelab/bin/tasks/color_filter_cache_perf__e2e_summary.dart:7:8 • uri_does_not_exist
  error • Target of URI doesn't exist: 'package:flutter_devicelab/framework/framework.dart' • flutter/dev/devicelab/bin/tasks/color_filter_cache_perf__e2e_summary.dart:8:8 • uri_does_not_exist
  error • Target of URI doesn't exist: 'package:flutter_devicelab/tasks/perf_tests.dart' • flutter/dev/devicelab/bin/tasks/color_filter_cache_perf__e2e_summary.dart:9:8 • uri_does_not_exist
  error • Undefined name 'deviceOperatingSystem' • flutter/dev/devicelab/bin/tasks/color_filter_cache_perf__e2e_summary.dart:12:3 • undefined_identifier
  error • Undefined name 'DeviceOperatingSystem' • flutter/dev/devicelab/bin/tasks/color_filter_cache_perf__e2e_summary.dart:12:27 • undefined_identifier
  error • The function 'task' isn't defined • flutter/dev/devicelab/bin/tasks/color_filter_cache_perf__e2e_summary.dart:13:9 • undefined_function
  error • The function 'createColorFilterCachePerfE2ETest' isn't defined • flutter/dev/devicelab/bin/tasks/color_filter_cache_perf__e2e_summary.dart:13:14 • undefined_function
  error • Target of URI doesn't exist: 'package:flutter_devicelab/framework/devices.dart' • flutter/dev/devicelab/bin/tasks/color_filter_with_unstable_child_perf__e2e_summary.dart:5:8 • uri_does_not_exist
  error • Target of URI doesn't exist: 'package:flutter_devicelab/framework/framework.dart' • flutter/dev/devicelab/bin/tasks/color_filter_with_unstable_child_perf__e2e_summary.dart:6:8 • uri_does_not_exist
  error • Target of URI doesn't exist: 'package:flutter_devicelab/tasks/perf_tests.dart' • flutter/dev/devicelab/bin/tasks/color_filter_with_unstable_child_perf__e2e_summary.dart:7:8 • uri_does_not_exist
  error • Undefined name 'deviceOperatingSystem' • flutter/dev/devicelab/bin/tasks/color_filter_with_unstable_child_perf__e2e_summary.dart:10:3 • undefined_identifier
  error • Undefined name 'DeviceOperatingSystem' • flutter/dev/devicelab/bin/tasks/color_filter_with_unstable_child_perf__e2e_summary.dart:10:27 • undefined_identifier
  error • The function 'task' isn't defined • flutter/dev/devicelab/bin/tasks/color_filter_with_unstable_child_perf__e2e_summary.dart:11:9 • undefined_function
  error • The function 'createColorFilterWithUnstableChildPerfE2ETest' isn't defined • flutter/dev/devicelab/bin/tasks/color_filter_with_unstable_child_perf__e2e_summary.dart:11:14 • undefined_function
  error • Target of URI doesn't exist: 'package:flutter_devicelab/framework/devices.dart' • flutter/dev/devicelab/bin/tasks/complex_layout__start_up.dart:5:8 • uri_does_not_exist
  error • Target of URI doesn't exist: 'package:flutter_devicelab/framework/framework.dart' • flutter/dev/devicelab/bin/tasks/complex_layout__start_up.dart:6:8 • uri_does_not_exist
  error • Target of URI doesn't exist: 'package:flutter_devicelab/tasks/perf_tests.dart' • flutter/dev/devicelab/bin/tasks/complex_layout__start_up.dart:7:8 • uri_does_not_exist
  error • Undefined name 'deviceOperatingSystem' • flutter/dev/devicelab/bin/tasks/complex_layout__start_up.dart:10:3 • undefined_identifier
  error • Undefined name 'DeviceOperatingSystem' • flutter/dev/devicelab/bin/tasks/complex_layout__start_up.dart:10:27 • undefined_identifier
  error • The function 'task' isn't defined • flutter/dev/devicelab/bin/tasks/complex_layout__start_up.dart:11:9 • undefined_function
  error • The function 'createComplexLayoutStartupTest' isn't defined • flutter/dev/devicelab/bin/tasks/complex_layout__start_up.dart:11:14 • undefined_function
  error • Target of URI doesn't exist: 'package:flutter_devicelab/framework/devices.dart' • flutter/dev/devicelab/bin/tasks/complex_layout_android__scroll_smoothness.dart:7:8 • uri_does_not_exist
  error • Target of URI doesn't exist: 'package:flutter_devicelab/framework/framework.dart' • flutter/dev/devicelab/bin/tasks/complex_layout_android__scroll_smoothness.dart:8:8 • uri_does_not_exist
  error • Target of URI doesn't exist: 'package:flutter_devicelab/tasks/perf_tests.dart' • flutter/dev/devicelab/bin/tasks/complex_layout_android__scroll_smoothness.dart:9:8 • uri_does_not_exist
  error • Undefined name 'deviceOperatingSystem' • flutter/dev/devicelab/bin/tasks/complex_layout_android__scroll_smoothness.dart:12:3 • undefined_identifier
  error • Undefined name 'DeviceOperatingSystem' • flutter/dev/devicelab/bin/tasks/complex_layout_android__scroll_smoothness.dart:12:27 • undefined_identifier
  error • The function 'task' isn't defined • flutter/dev/devicelab/bin/tasks/complex_layout_android__scroll_smoothness.dart:13:9 • undefined_function
  error • The function 'createsScrollSmoothnessPerfTest' isn't defined • flutter/dev/devicelab/bin/tasks/complex_layout_android__scroll_smoothness.dart:13:14 • undefined_function
  error • Target of URI doesn't exist: 'package:flutter_devicelab/framework/devices.dart' • flutter/dev/devicelab/bin/tasks/complex_layout_ios__start_up.dart:5:8 • uri_does_not_exist
  error • Target of URI doesn't exist: 'package:flutter_devicelab/framework/framework.dart' • flutter/dev/devicelab/bin/tasks/complex_layout_ios__start_up.dart:6:8 • uri_does_not_exist
  error • Target of URI doesn't exist: 'package:flutter_devicelab/tasks/perf_tests.dart' • flutter/dev/devicelab/bin/tasks/complex_layout_ios__start_up.dart:7:8 • uri_does_not_exist
  error • Undefined name 'deviceOperatingSystem' • flutter/dev/devicelab/bin/tasks/complex_layout_ios__start_up.dart:10:3 • undefined_identifier
  error • Undefined name 'DeviceOperatingSystem' • flutter/dev/devicelab/bin/tasks/complex_layout_ios__start_up.dart:10:27 • undefined_identifier
  error • The function 'task' isn't defined • flutter/dev/devicelab/bin/tasks/complex_layout_ios__start_up.dart:11:9 • undefined_function
  error • The function 'createComplexLayoutStartupTest' isn't defined • flutter/dev/devicelab/bin/tasks/complex_layout_ios__start_up.dart:11:14 • undefined_function
  error • Target of URI doesn't exist: 'package:flutter_devicelab/framework/devices.dart' • flutter/dev/devicelab/bin/tasks/complex_layout_macos__start_up.dart:5:8 • uri_does_not_exist
  error • Target of URI doesn't exist: 'package:flutter_devicelab/framework/framework.dart' • flutter/dev/devicelab/bin/tasks/complex_layout_macos__start_up.dart:6:8 • uri_does_not_exist
  error • Target of URI doesn't exist: 'package:flutter_devicelab/tasks/perf_tests.dart' • flutter/dev/devicelab/bin/tasks/complex_layout_macos__start_up.dart:7:8 • uri_does_not_exist
  error • Undefined name 'deviceOperatingSystem' • flutter/dev/devicelab/bin/tasks/complex_layout_macos__start_up.dart:10:3 • undefined_identifier
  error • Undefined name 'DeviceOperatingSystem' • flutter/dev/devicelab/bin/tasks/complex_layout_macos__start_up.dart:10:27 • undefined_identifier
  error • The function 'task' isn't defined • flutter/dev/devicelab/bin/tasks/complex_layout_macos__start_up.dart:11:9 • undefined_function
  error • The function 'createComplexLayoutStartupTest' isn't defined • flutter/dev/devicelab/bin/tasks/complex_layout_macos__start_up.dart:11:14 • undefined_function
  error • Target of URI doesn't exist: 'package:flutter_devicelab/framework/devices.dart' • flutter/dev/devicelab/bin/tasks/complex_layout_scroll_perf__devtools_memory.dart:5:8 • uri_does_not_exist
  error • Target of URI doesn't exist: 'package:flutter_devicelab/framework/framework.dart' • flutter/dev/devicelab/bin/tasks/complex_layout_scroll_perf__devtools_memory.dart:6:8 • uri_does_not_exist
  error • Target of URI doesn't exist: 'package:flutter_devicelab/framework/utils.dart' • flutter/dev/devicelab/bin/tasks/complex_layout_scroll_perf__devtools_memory.dart:7:8 • uri_does_not_exist
  error • Target of URI doesn't exist: 'package:flutter_devicelab/tasks/perf_tests.dart' • flutter/dev/devicelab/bin/tasks/complex_layout_scroll_perf__devtools_memory.dart:8:8 • uri_does_not_exist
  error • Undefined name 'deviceOperatingSystem' • flutter/dev/devicelab/bin/tasks/complex_layout_scroll_perf__devtools_memory.dart:11:3 • undefined_identifier
  error • Undefined name 'DeviceOperatingSystem' • flutter/dev/devicelab/bin/tasks/complex_layout_scroll_perf__devtools_memory.dart:11:27 • undefined_identifier
  error • The function 'task' isn't defined • flutter/dev/devicelab/bin/tasks/complex_layout_scroll_perf__devtools_memory.dart:12:9 • undefined_function
  error • The function 'DevToolsMemoryTest' isn't defined • flutter/dev/devicelab/bin/tasks/complex_layout_scroll_perf__devtools_memory.dart:13:5 • undefined_function
  error • Undefined name 'flutterDirectory' • flutter/dev/devicelab/bin/tasks/complex_layout_scroll_perf__devtools_memory.dart:14:10 • undefined_identifier
  error • Target of URI doesn't exist: 'package:flutter_devicelab/framework/devices.dart' • flutter/dev/devicelab/bin/tasks/complex_layout_scroll_perf__memory.dart:5:8 • uri_does_not_exist
  error • Target of URI doesn't exist: 'package:flutter_devicelab/framework/framework.dart' • flutter/dev/devicelab/bin/tasks/complex_layout_scroll_perf__memory.dart:6:8 • uri_does_not_exist
  error • Target of URI doesn't exist: 'package:flutter_devicelab/framework/utils.dart' • flutter/dev/devicelab/bin/tasks/complex_layout_scroll_perf__memory.dart:7:8 • uri_does_not_exist
  error • Target of URI doesn't exist: 'package:flutter_devicelab/tasks/perf_tests.dart' • flutter/dev/devicelab/bin/tasks/complex_layout_scroll_perf__memory.dart:8:8 • uri_does_not_exist
  error • Undefined name 'deviceOperatingSystem' • flutter/dev/devicelab/bin/tasks/complex_layout_scroll_perf__memory.dart:11:3 • undefined_identifier
  error • Undefined name 'DeviceOperatingSystem' • flutter/dev/devicelab/bin/tasks/complex_layout_scroll_perf__memory.dart:11:27 • undefined_identifier
  error • The function 'task' isn't defined • flutter/dev/devicelab/bin/tasks/complex_layout_scroll_perf__memory.dart:12:9 • undefined_function
  error • The function 'MemoryTest' isn't defined • flutter/dev/devicelab/bin/tasks/complex_layout_scroll_perf__memory.dart:13:5 • undefined_function
  error • Undefined name 'flutterDirectory' • flutter/dev/devicelab/bin/tasks/complex_layout_scroll_perf__memory.dart:14:10 • undefined_identifier
  error • Target of URI doesn't exist: 'package:flutter_devicelab/framework/devices.dart' • flutter/dev/devicelab/bin/tasks/complex_layout_scroll_perf__timeline_summary.dart:5:8 • uri_does_not_exist
  error • Target of URI doesn't exist: 'package:flutter_devicelab/framework/framework.dart' • flutter/dev/devicelab/bin/tasks/complex_layout_scroll_perf__timeline_summary.dart:6:8 • uri_does_not_exist
  error • Target of URI doesn't exist: 'package:flutter_devicelab/tasks/perf_tests.dart' • flutter/dev/devicelab/bin/tasks/complex_layout_scroll_perf__timeline_summary.dart:7:8 • uri_does_not_exist
  error • Undefined name 'deviceOperatingSystem' • flutter/dev/devicelab/bin/tasks/complex_layout_scroll_perf__timeline_summary.dart:10:3 • undefined_identifier
  error • Undefined name 'DeviceOperatingSystem' • flutter/dev/devicelab/bin/tasks/complex_layout_scroll_perf__timeline_summary.dart:10:27 • undefined_identifier
  error • The function 'task' isn't defined • flutter/dev/devicelab/bin/tasks/complex_layout_scroll_perf__timeline_summary.dart:11:9 • undefined_function
  error • The function 'createComplexLayoutScrollPerfTest' isn't defined • flutter/dev/devicelab/bin/tasks/complex_layout_scroll_perf__timeline_summary.dart:11:14 • undefined_function
  error • Target of URI doesn't exist: 'package:flutter_devicelab/framework/devices.dart' • flutter/dev/devicelab/bin/tasks/complex_layout_scroll_perf_bad_ios__timeline_summary.dart:5:8 • uri_does_not_exist
  error • Target of URI doesn't exist: 'package:flutter_devicelab/framework/framework.dart' • flutter/dev/devicelab/bin/tasks/complex_layout_scroll_perf_bad_ios__timeline_summary.dart:6:8 • uri_does_not_exist
  error • Target of URI doesn't exist: 'package:flutter_devicelab/tasks/perf_tests.dart' • flutter/dev/devicelab/bin/tasks/complex_layout_scroll_perf_bad_ios__timeline_summary.dart:7:8 • uri_does_not_exist
  error • Undefined name 'deviceOperatingSystem' • flutter/dev/devicelab/bin/tasks/complex_layout_scroll_perf_bad_ios__timeline_summary.dart:10:3 • undefined_identifier
  error • Undefined name 'DeviceOperatingSystem' • flutter/dev/devicelab/bin/tasks/complex_layout_scroll_perf_bad_ios__timeline_summary.dart:10:27 • undefined_identifier
  error • The function 'task' isn't defined • flutter/dev/devicelab/bin/tasks/complex_layout_scroll_perf_bad_ios__timeline_summary.dart:11:9 • undefined_function
  error • The function 'createComplexLayoutScrollPerfTest' isn't defined • flutter/dev/devicelab/bin/tasks/complex_layout_scroll_perf_bad_ios__timeline_summary.dart:11:14 • undefined_function
  error • Target of URI doesn't exist: 'package:flutter_devicelab/framework/devices.dart' • flutter/dev/devicelab/bin/tasks/complex_layout_scroll_perf_impeller__timeline_summary.dart:5:8 • uri_does_not_exist
  error • Target of URI doesn't exist: 'package:flutter_devicelab/framework/framework.dart' • flutter/dev/devicelab/bin/tasks/complex_layout_scroll_perf_impeller__timeline_summary.dart:6:8 • uri_does_not_exist
  error • Target of URI doesn't exist: 'package:flutter_devicelab/tasks/perf_tests.dart' • flutter/dev/devicelab/bin/tasks/complex_layout_scroll_perf_impeller__timeline_summary.dart:7:8 • uri_does_not_exist
  error • Undefined name 'deviceOperatingSystem' • flutter/dev/devicelab/bin/tasks/complex_layout_scroll_perf_impeller__timeline_summary.dart:10:3 • undefined_identifier
  error • Undefined name 'DeviceOperatingSystem' • flutter/dev/devicelab/bin/tasks/complex_layout_scroll_perf_impeller__timeline_summary.dart:10:27 • undefined_identifier
  error • The function 'task' isn't defined • flutter/dev/devicelab/bin/tasks/complex_layout_scroll_perf_impeller__timeline_summary.dart:11:9 • undefined_function
  error • The function 'createComplexLayoutScrollPerfTest' isn't defined • flutter/dev/devicelab/bin/tasks/complex_layout_scroll_perf_impeller__timeline_summary.dart:11:14 • undefined_function
  error • Target of URI doesn't exist: 'package:flutter_devicelab/framework/devices.dart' • flutter/dev/devicelab/bin/tasks/complex_layout_scroll_perf_impeller_gles__timeline_summary.dart:5:8 • uri_does_not_exist
  error • Target of URI doesn't exist: 'package:flutter_devicelab/framework/framework.dart' • flutter/dev/devicelab/bin/tasks/complex_layout_scroll_perf_impeller_gles__timeline_summary.dart:6:8 • uri_does_not_exist
  error • Target of URI doesn't exist: 'package:flutter_devicelab/tasks/perf_tests.dart' • flutter/dev/devicelab/bin/tasks/complex_layout_scroll_perf_impeller_gles__timeline_summary.dart:7:8 • uri_does_not_exist
  error • Undefined name 'deviceOperatingSystem' • flutter/dev/devicelab/bin/tasks/complex_layout_scroll_perf_impeller_gles__timeline_summary.dart:10:3 • undefined_identifier
  error • Undefined name 'DeviceOperatingSystem' • flutter/dev/devicelab/bin/tasks/complex_layout_scroll_perf_impeller_gles__timeline_summary.dart:10:27 • undefined_identifier
  error • The function 'task' isn't defined • flutter/dev/devicelab/bin/tasks/complex_layout_scroll_perf_impeller_gles__timeline_summary.dart:11:9 • undefined_function
  error • The function 'createComplexLayoutScrollPerfTest' isn't defined • flutter/dev/devicelab/bin/tasks/complex_layout_scroll_perf_impeller_gles__timeline_summary.dart:11:14 • undefined_function
  error • Target of URI doesn't exist: 'package:flutter_devicelab/framework/devices.dart' • flutter/dev/devicelab/bin/tasks/complex_layout_scroll_perf_ios__timeline_summary.dart:5:8 • uri_does_not_exist
  error • Target of URI doesn't exist: 'package:flutter_devicelab/framework/framework.dart' • flutter/dev/devicelab/bin/tasks/complex_layout_scroll_perf_ios__timeline_summary.dart:6:8 • uri_does_not_exist
  error • Target of URI doesn't exist: 'package:flutter_devicelab/tasks/perf_tests.dart' • flutter/dev/devicelab/bin/tasks/complex_layout_scroll_perf_ios__timeline_summary.dart:7:8 • uri_does_not_exist
  error • Undefined name 'deviceOperatingSystem' • flutter/dev/devicelab/bin/tasks/complex_layout_scroll_perf_ios__timeline_summary.dart:10:3 • undefined_identifier
  error • Undefined name 'DeviceOperatingSystem' • flutter/dev/devicelab/bin/tasks/complex_layout_scroll_perf_ios__timeline_summary.dart:10:27 • undefined_identifier
  error • The function 'task' isn't defined • flutter/dev/devicelab/bin/tasks/complex_layout_scroll_perf_ios__timeline_summary.dart:11:9 • undefined_function
  error • The function 'createComplexLayoutScrollPerfTest' isn't defined • flutter/dev/devicelab/bin/tasks/complex_layout_scroll_perf_ios__timeline_summary.dart:11:14 • undefined_function
  error • Target of URI doesn't exist: 'package:flutter_devicelab/framework/devices.dart' • flutter/dev/devicelab/bin/tasks/complex_layout_scroll_perf_macos__timeline_summary.dart:5:8 • uri_does_not_exist
  error • Target of URI doesn't exist: 'package:flutter_devicelab/framework/framework.dart' • flutter/dev/devicelab/bin/tasks/complex_layout_scroll_perf_macos__timeline_summary.dart:6:8 • uri_does_not_exist
  error • Target of URI doesn't exist: 'package:flutter_devicelab/tasks/perf_tests.dart' • flutter/dev/devicelab/bin/tasks/complex_layout_scroll_perf_macos__timeline_summary.dart:7:8 • uri_does_not_exist
  error • Undefined name 'deviceOperatingSystem' • flutter/dev/devicelab/bin/tasks/complex_layout_scroll_perf_macos__timeline_summary.dart:10:3 • undefined_identifier
  error • Undefined name 'DeviceOperatingSystem' • flutter/dev/devicelab/bin/tasks/complex_layout_scroll_perf_macos__timeline_summary.dart:10:27 • undefined_identifier
  error • The function 'task' isn't defined • flutter/dev/devicelab/bin/tasks/complex_layout_scroll_perf_macos__timeline_summary.dart:11:9 • undefined_function
  error • The function 'createComplexLayoutScrollPerfTest' isn't defined • flutter/dev/devicelab/bin/tasks/complex_layout_scroll_perf_macos__timeline_summary.dart:11:14 • undefined_function
  error • Target of URI doesn't exist: 'package:flutter_devicelab/framework/devices.dart' • flutter/dev/devicelab/bin/tasks/complex_layout_semantics_perf.dart:7:8 • uri_does_not_exist
  error • Target of URI doesn't exist: 'package:flutter_devicelab/framework/framework.dart' • flutter/dev/devicelab/bin/tasks/complex_layout_semantics_perf.dart:8:8 • uri_does_not_exist
  error • Target of URI doesn't exist: 'package:flutter_devicelab/framework/task_result.dart' • flutter/dev/devicelab/bin/tasks/complex_layout_semantics_perf.dart:9:8 • uri_does_not_exist
  error • Target of URI doesn't exist: 'package:flutter_devicelab/framework/utils.dart' • flutter/dev/devicelab/bin/tasks/complex_layout_semantics_perf.dart:10:8 • uri_does_not_exist
  error • The function 'task' isn't defined • flutter/dev/devicelab/bin/tasks/complex_layout_semantics_perf.dart:14:3 • undefined_function
  error • Undefined name 'deviceOperatingSystem' • flutter/dev/devicelab/bin/tasks/complex_layout_semantics_perf.dart:15:5 • undefined_identifier
  error • Undefined name 'DeviceOperatingSystem' • flutter/dev/devicelab/bin/tasks/complex_layout_semantics_perf.dart:15:29 • undefined_identifier
  error • Undefined class 'Device' • flutter/dev/devicelab/bin/tasks/complex_layout_semantics_perf.dart:17:11 • undefined_class
  error • Undefined name 'devices' • flutter/dev/devicelab/bin/tasks/complex_layout_semantics_perf.dart:17:33 • undefined_identifier
  error • The function 'flutter' isn't defined • flutter/dev/devicelab/bin/tasks/complex_layout_semantics_perf.dart:20:11 • undefined_function
  error • Undefined name 'flutterDirectory' • flutter/dev/devicelab/bin/tasks/complex_layout_semantics_perf.dart:23:7 • undefined_identifier
  error • The function 'inDirectory' isn't defined • flutter/dev/devicelab/bin/tasks/complex_layout_semantics_perf.dart:29:11 • undefined_function
  error • The function 'flutter' isn't defined • flutter/dev/devicelab/bin/tasks/complex_layout_semantics_perf.dart:30:13 • undefined_function
  error • Undefined name 'TaskResult' • flutter/dev/devicelab/bin/tasks/complex_layout_semantics_perf.dart:48:12 • undefined_identifier
  error • The function 'file' isn't defined • flutter/dev/devicelab/bin/tasks/complex_layout_semantics_perf.dart:49:7 • undefined_function
  error • Target of URI doesn't exist: 'package:flutter_devicelab/framework/devices.dart' • flutter/dev/devicelab/bin/tasks/complex_layout_win_desktop__start_up.dart:5:8 • uri_does_not_exist
  error • Target of URI doesn't exist: 'package:flutter_devicelab/framework/framework.dart' • flutter/dev/devicelab/bin/tasks/complex_layout_win_desktop__start_up.dart:6:8 • uri_does_not_exist
  error • Target of URI doesn't exist: 'package:flutter_devicelab/tasks/perf_tests.dart' • flutter/dev/devicelab/bin/tasks/complex_layout_win_desktop__start_up.dart:7:8 • uri_does_not_exist
  error • Undefined name 'deviceOperatingSystem' • flutter/dev/devicelab/bin/tasks/complex_layout_win_desktop__start_up.dart:10:3 • undefined_identifier
  error • Undefined name 'DeviceOperatingSystem' • flutter/dev/devicelab/bin/tasks/complex_layout_win_desktop__start_up.dart:10:27 • undefined_identifier
  error • The function 'task' isn't defined • flutter/dev/devicelab/bin/tasks/complex_layout_win_desktop__start_up.dart:11:9 • undefined_function
  error • The function 'createComplexLayoutStartupTest' isn't defined • flutter/dev/devicelab/bin/tasks/complex_layout_win_desktop__start_up.dart:11:14 • undefined_function
  error • Target of URI doesn't exist: 'package:flutter_devicelab/framework/devices.dart' • flutter/dev/devicelab/bin/tasks/cubic_bezier_perf__e2e_summary.dart:7:8 • uri_does_not_exist
  error • Target of URI doesn't exist: 'package:flutter_devicelab/framework/framework.dart' • flutter/dev/devicelab/bin/tasks/cubic_bezier_perf__e2e_summary.dart:8:8 • uri_does_not_exist
  error • Target of URI doesn't exist: 'package:flutter_devicelab/tasks/perf_tests.dart' • flutter/dev/devicelab/bin/tasks/cubic_bezier_perf__e2e_summary.dart:9:8 • uri_does_not_exist
  error • Undefined name 'deviceOperatingSystem' • flutter/dev/devicelab/bin/tasks/cubic_bezier_perf__e2e_summary.dart:12:3 • undefined_identifier
  error • Undefined name 'DeviceOperatingSystem' • flutter/dev/devicelab/bin/tasks/cubic_bezier_perf__e2e_summary.dart:12:27 • undefined_identifier
  error • The function 'task' isn't defined • flutter/dev/devicelab/bin/tasks/cubic_bezier_perf__e2e_summary.dart:13:9 • undefined_function
  error • The function 'createCubicBezierPerfE2ETest' isn't defined • flutter/dev/devicelab/bin/tasks/cubic_bezier_perf__e2e_summary.dart:13:14 • undefined_function
  error • Target of URI doesn't exist: 'package:flutter_devicelab/framework/devices.dart' • flutter/dev/devicelab/bin/tasks/cubic_bezier_perf__timeline_summary.dart:5:8 • uri_does_not_exist
  error • Target of URI doesn't exist: 'package:flutter_devicelab/framework/framework.dart' • flutter/dev/devicelab/bin/tasks/cubic_bezier_perf__timeline_summary.dart:6:8 • uri_does_not_exist
  error • Target of URI doesn't exist: 'package:flutter_devicelab/tasks/perf_tests.dart' • flutter/dev/devicelab/bin/tasks/cubic_bezier_perf__timeline_summary.dart:7:8 • uri_does_not_exist
  error • Undefined name 'deviceOperatingSystem' • flutter/dev/devicelab/bin/tasks/cubic_bezier_perf__timeline_summary.dart:10:3 • undefined_identifier
  error • Undefined name 'DeviceOperatingSystem' • flutter/dev/devicelab/bin/tasks/cubic_bezier_perf__timeline_summary.dart:10:27 • undefined_identifier
  error • The function 'task' isn't defined • flutter/dev/devicelab/bin/tasks/cubic_bezier_perf__timeline_summary.dart:11:9 • undefined_function
  error • The function 'createCubicBezierPerfTest' isn't defined • flutter/dev/devicelab/bin/tasks/cubic_bezier_perf__timeline_summary.dart:11:14 • undefined_function
  error • Target of URI doesn't exist: 'package:flutter_devicelab/framework/devices.dart' • flutter/dev/devicelab/bin/tasks/cull_opacity_perf__e2e_summary.dart:5:8 • uri_does_not_exist
  error • Target of URI doesn't exist: 'package:flutter_devicelab/framework/framework.dart' • flutter/dev/devicelab/bin/tasks/cull_opacity_perf__e2e_summary.dart:6:8 • uri_does_not_exist
  error • Target of URI doesn't exist: 'package:flutter_devicelab/tasks/perf_tests.dart' • flutter/dev/devicelab/bin/tasks/cull_opacity_perf__e2e_summary.dart:7:8 • uri_does_not_exist
  error • Undefined name 'deviceOperatingSystem' • flutter/dev/devicelab/bin/tasks/cull_opacity_perf__e2e_summary.dart:10:3 • undefined_identifier
  error • Undefined name 'DeviceOperatingSystem' • flutter/dev/devicelab/bin/tasks/cull_opacity_perf__e2e_summary.dart:10:27 • undefined_identifier
  error • The function 'task' isn't defined • flutter/dev/devicelab/bin/tasks/cull_opacity_perf__e2e_summary.dart:11:9 • undefined_function
  error • The function 'createCullOpacityPerfE2ETest' isn't defined • flutter/dev/devicelab/bin/tasks/cull_opacity_perf__e2e_summary.dart:11:14 • undefined_function
  error • Target of URI doesn't exist: 'package:flutter_devicelab/framework/devices.dart' • flutter/dev/devicelab/bin/tasks/cull_opacity_perf__timeline_summary.dart:5:8 • uri_does_not_exist
  error • Target of URI doesn't exist: 'package:flutter_devicelab/framework/framework.dart' • flutter/dev/devicelab/bin/tasks/cull_opacity_perf__timeline_summary.dart:6:8 • uri_does_not_exist
  error • Target of URI doesn't exist: 'package:flutter_devicelab/tasks/perf_tests.dart' • flutter/dev/devicelab/bin/tasks/cull_opacity_perf__timeline_summary.dart:7:8 • uri_does_not_exist
  error • Undefined name 'deviceOperatingSystem' • flutter/dev/devicelab/bin/tasks/cull_opacity_perf__timeline_summary.dart:10:3 • undefined_identifier
  error • Undefined name 'DeviceOperatingSystem' • flutter/dev/devicelab/bin/tasks/cull_opacity_perf__timeline_summary.dart:10:27 • undefined_identifier
  error • The function 'task' isn't defined • flutter/dev/devicelab/bin/tasks/cull_opacity_perf__timeline_summary.dart:11:9 • undefined_function
  error • The function 'createCullOpacityPerfTest' isn't defined • flutter/dev/devicelab/bin/tasks/cull_opacity_perf__timeline_summary.dart:11:14 • undefined_function
  error • Target of URI doesn't exist: 'package:flutter_devicelab/framework/framework.dart' • flutter/dev/devicelab/bin/tasks/dart_plugin_registry_test.dart:5:8 • uri_does_not_exist
  error • Target of URI doesn't exist: 'package:flutter_devicelab/tasks/dart_plugin_registry_tests.dart' • flutter/dev/devicelab/bin/tasks/dart_plugin_registry_test.dart:6:8 • uri_does_not_exist
  error • The function 'task' isn't defined • flutter/dev/devicelab/bin/tasks/dart_plugin_registry_test.dart:9:9 • undefined_function
  error • The function 'dartPluginRegistryTest' isn't defined • flutter/dev/devicelab/bin/tasks/dart_plugin_registry_test.dart:9:14 • undefined_function
  error • Target of URI doesn't exist: 'package:flutter_devicelab/framework/devices.dart' • flutter/dev/devicelab/bin/tasks/devtools_profile_start_test.dart:5:8 • uri_does_not_exist
  error • Target of URI doesn't exist: 'package:flutter_devicelab/framework/framework.dart' • flutter/dev/devicelab/bin/tasks/devtools_profile_start_test.dart:6:8 • uri_does_not_exist
  error • Target of URI doesn't exist: 'package:flutter_devicelab/framework/utils.dart' • flutter/dev/devicelab/bin/tasks/devtools_profile_start_test.dart:7:8 • uri_does_not_exist
  error • Target of URI doesn't exist: 'package:flutter_devicelab/tasks/perf_tests.dart' • flutter/dev/devicelab/bin/tasks/devtools_profile_start_test.dart:8:8 • uri_does_not_exist
  error • Undefined name 'deviceOperatingSystem' • flutter/dev/devicelab/bin/tasks/devtools_profile_start_test.dart:11:3 • undefined_identifier
  error • Undefined name 'DeviceOperatingSystem' • flutter/dev/devicelab/bin/tasks/devtools_profile_start_test.dart:11:27 • undefined_identifier
  error • The function 'task' isn't defined • flutter/dev/devicelab/bin/tasks/devtools_profile_start_test.dart:12:9 • undefined_function
  error • The function 'DevtoolsStartupTest' isn't defined • flutter/dev/devicelab/bin/tasks/devtools_profile_start_test.dart:12:14 • undefined_function
  error • Undefined name 'flutterDirectory' • flutter/dev/devicelab/bin/tasks/devtools_profile_start_test.dart:12:37 • undefined_identifier
  error • Target of URI doesn't exist: 'package:flutter_devicelab/framework/devices.dart' • flutter/dev/devicelab/bin/tasks/draw_atlas_perf__timeline_summary.dart:7:8 • uri_does_not_exist
  error • Target of URI doesn't exist: 'package:flutter_devicelab/framework/framework.dart' • flutter/dev/devicelab/bin/tasks/draw_atlas_perf__timeline_summary.dart:8:8 • uri_does_not_exist
  error • Target of URI doesn't exist: 'package:flutter_devicelab/tasks/perf_tests.dart' • flutter/dev/devicelab/bin/tasks/draw_atlas_perf__timeline_summary.dart:9:8 • uri_does_not_exist
  error • Undefined name 'deviceOperatingSystem' • flutter/dev/devicelab/bin/tasks/draw_atlas_perf__timeline_summary.dart:12:3 • undefined_identifier
  error • Undefined name 'DeviceOperatingSystem' • flutter/dev/devicelab/bin/tasks/draw_atlas_perf__timeline_summary.dart:12:27 • undefined_identifier
  error • The function 'task' isn't defined • flutter/dev/devicelab/bin/tasks/draw_atlas_perf__timeline_summary.dart:13:9 • undefined_function
  error • The function 'createDrawAtlasPerfTest' isn't defined • flutter/dev/devicelab/bin/tasks/draw_atlas_perf__timeline_summary.dart:13:14 • undefined_function
  error • Target of URI doesn't exist: 'package:flutter_devicelab/framework/devices.dart' • flutter/dev/devicelab/bin/tasks/draw_atlas_perf_ios__timeline_summary.dart:7:8 • uri_does_not_exist
  error • Target of URI doesn't exist: 'package:flutter_devicelab/framework/framework.dart' • flutter/dev/devicelab/bin/tasks/draw_atlas_perf_ios__timeline_summary.dart:8:8 • uri_does_not_exist
  error • Target of URI doesn't exist: 'package:flutter_devicelab/tasks/perf_tests.dart' • flutter/dev/devicelab/bin/tasks/draw_atlas_perf_ios__timeline_summary.dart:9:8 • uri_does_not_exist
  error • Undefined name 'deviceOperatingSystem' • flutter/dev/devicelab/bin/tasks/draw_atlas_perf_ios__timeline_summary.dart:12:3 • undefined_identifier
  error • Undefined name 'DeviceOperatingSystem' • flutter/dev/devicelab/bin/tasks/draw_atlas_perf_ios__timeline_summary.dart:12:27 • undefined_identifier
  error • The function 'task' isn't defined • flutter/dev/devicelab/bin/tasks/draw_atlas_perf_ios__timeline_summary.dart:13:9 • undefined_function
  error • The function 'createDrawAtlasPerfTest' isn't defined • flutter/dev/devicelab/bin/tasks/draw_atlas_perf_ios__timeline_summary.dart:13:14 • undefined_function
  error • Target of URI doesn't exist: 'package:flutter_devicelab/framework/devices.dart' • flutter/dev/devicelab/bin/tasks/draw_atlas_perf_opengles__timeline_summary.dart:7:8 • uri_does_not_exist
  error • Target of URI doesn't exist: 'package:flutter_devicelab/framework/framework.dart' • flutter/dev/devicelab/bin/tasks/draw_atlas_perf_opengles__timeline_summary.dart:8:8 • uri_does_not_exist
  error • Target of URI doesn't exist: 'package:flutter_devicelab/tasks/perf_tests.dart' • flutter/dev/devicelab/bin/tasks/draw_atlas_perf_opengles__timeline_summary.dart:9:8 • uri_does_not_exist
  error • Undefined name 'deviceOperatingSystem' • flutter/dev/devicelab/bin/tasks/draw_atlas_perf_opengles__timeline_summary.dart:12:3 • undefined_identifier
  error • Undefined name 'DeviceOperatingSystem' • flutter/dev/devicelab/bin/tasks/draw_atlas_perf_opengles__timeline_summary.dart:12:27 • undefined_identifier
  error • The function 'task' isn't defined • flutter/dev/devicelab/bin/tasks/draw_atlas_perf_opengles__timeline_summary.dart:13:9 • undefined_function
  error • The function 'createDrawAtlasPerfTest' isn't defined • flutter/dev/devicelab/bin/tasks/draw_atlas_perf_opengles__timeline_summary.dart:13:14 • undefined_function
  error • Target of URI doesn't exist: 'package:flutter_devicelab/framework/devices.dart' • flutter/dev/devicelab/bin/tasks/draw_points_perf_ios__timeline_summary.dart:7:8 • uri_does_not_exist
  error • Target of URI doesn't exist: 'package:flutter_devicelab/framework/framework.dart' • flutter/dev/devicelab/bin/tasks/draw_points_perf_ios__timeline_summary.dart:8:8 • uri_does_not_exist
  error • Target of URI doesn't exist: 'package:flutter_devicelab/tasks/perf_tests.dart' • flutter/dev/devicelab/bin/tasks/draw_points_perf_ios__timeline_summary.dart:9:8 • uri_does_not_exist
  error • Undefined name 'deviceOperatingSystem' • flutter/dev/devicelab/bin/tasks/draw_points_perf_ios__timeline_summary.dart:12:3 • undefined_identifier
  error • Undefined name 'DeviceOperatingSystem' • flutter/dev/devicelab/bin/tasks/draw_points_perf_ios__timeline_summary.dart:12:27 • undefined_identifier
  error • The function 'task' isn't defined • flutter/dev/devicelab/bin/tasks/draw_points_perf_ios__timeline_summary.dart:13:9 • undefined_function
  error • The function 'createDrawPointsPerfTest' isn't defined • flutter/dev/devicelab/bin/tasks/draw_points_perf_ios__timeline_summary.dart:13:14 • undefined_function
  error • Target of URI doesn't exist: 'package:flutter_devicelab/framework/devices.dart' • flutter/dev/devicelab/bin/tasks/draw_vertices_perf__timeline_summary.dart:7:8 • uri_does_not_exist
  error • Target of URI doesn't exist: 'package:flutter_devicelab/framework/framework.dart' • flutter/dev/devicelab/bin/tasks/draw_vertices_perf__timeline_summary.dart:8:8 • uri_does_not_exist
  error • Target of URI doesn't exist: 'package:flutter_devicelab/tasks/perf_tests.dart' • flutter/dev/devicelab/bin/tasks/draw_vertices_perf__timeline_summary.dart:9:8 • uri_does_not_exist
  error • Undefined name 'deviceOperatingSystem' • flutter/dev/devicelab/bin/tasks/draw_vertices_perf__timeline_summary.dart:12:3 • undefined_identifier
  error • Undefined name 'DeviceOperatingSystem' • flutter/dev/devicelab/bin/tasks/draw_vertices_perf__timeline_summary.dart:12:27 • undefined_identifier
  error • The function 'task' isn't defined • flutter/dev/devicelab/bin/tasks/draw_vertices_perf__timeline_summary.dart:13:9 • undefined_function
  error • The function 'createDrawVerticesPerfTest' isn't defined • flutter/dev/devicelab/bin/tasks/draw_vertices_perf__timeline_summary.dart:13:14 • undefined_function
  error • Target of URI doesn't exist: 'package:flutter_devicelab/framework/devices.dart' • flutter/dev/devicelab/bin/tasks/draw_vertices_perf_ios__timeline_summary.dart:7:8 • uri_does_not_exist
  error • Target of URI doesn't exist: 'package:flutter_devicelab/framework/framework.dart' • flutter/dev/devicelab/bin/tasks/draw_vertices_perf_ios__timeline_summary.dart:8:8 • uri_does_not_exist
  error • Target of URI doesn't exist: 'package:flutter_devicelab/tasks/perf_tests.dart' • flutter/dev/devicelab/bin/tasks/draw_vertices_perf_ios__timeline_summary.dart:9:8 • uri_does_not_exist
  error • Undefined name 'deviceOperatingSystem' • flutter/dev/devicelab/bin/tasks/draw_vertices_perf_ios__timeline_summary.dart:12:3 • undefined_identifier
  error • Undefined name 'DeviceOperatingSystem' • flutter/dev/devicelab/bin/tasks/draw_vertices_perf_ios__timeline_summary.dart:12:27 • undefined_identifier
  error • The function 'task' isn't defined • flutter/dev/devicelab/bin/tasks/draw_vertices_perf_ios__timeline_summary.dart:13:9 • undefined_function
  error • The function 'createDrawVerticesPerfTest' isn't defined • flutter/dev/devicelab/bin/tasks/draw_vertices_perf_ios__timeline_summary.dart:13:14 • undefined_function
  error • Target of URI doesn't exist: 'package:flutter_devicelab/framework/devices.dart' • flutter/dev/devicelab/bin/tasks/draw_vertices_perf_opengles__timeline_summary.dart:7:8 • uri_does_not_exist
  error • Target of URI doesn't exist: 'package:flutter_devicelab/framework/framework.dart' • flutter/dev/devicelab/bin/tasks/draw_vertices_perf_opengles__timeline_summary.dart:8:8 • uri_does_not_exist
  error • Target of URI doesn't exist: 'package:flutter_devicelab/tasks/perf_tests.dart' • flutter/dev/devicelab/bin/tasks/draw_vertices_perf_opengles__timeline_summary.dart:9:8 • uri_does_not_exist
  error • Undefined name 'deviceOperatingSystem' • flutter/dev/devicelab/bin/tasks/draw_vertices_perf_opengles__timeline_summary.dart:12:3 • undefined_identifier
  error • Undefined name 'DeviceOperatingSystem' • flutter/dev/devicelab/bin/tasks/draw_vertices_perf_opengles__timeline_summary.dart:12:27 • undefined_identifier
  error • The function 'task' isn't defined • flutter/dev/devicelab/bin/tasks/draw_vertices_perf_opengles__timeline_summary.dart:13:9 • undefined_function
  error • The function 'createDrawVerticesPerfTest' isn't defined • flutter/dev/devicelab/bin/tasks/draw_vertices_perf_opengles__timeline_summary.dart:13:14 • undefined_function
  error • Target of URI doesn't exist: 'package:flutter_devicelab/framework/devices.dart' • flutter/dev/devicelab/bin/tasks/drive_perf_debug_warning.dart:5:8 • uri_does_not_exist
  error • Target of URI doesn't exist: 'package:flutter_devicelab/framework/framework.dart' • flutter/dev/devicelab/bin/tasks/drive_perf_debug_warning.dart:6:8 • uri_does_not_exist
  error • Target of URI doesn't exist: 'package:flutter_devicelab/framework/task_result.dart' • flutter/dev/devicelab/bin/tasks/drive_perf_debug_warning.dart:7:8 • uri_does_not_exist
  error • Target of URI doesn't exist: 'package:flutter_devicelab/framework/utils.dart' • flutter/dev/devicelab/bin/tasks/drive_perf_debug_warning.dart:8:8 • uri_does_not_exist
  error • The function 'evalFlutter' isn't defined • flutter/dev/devicelab/bin/tasks/drive_perf_debug_warning.dart:12:9 • undefined_function
  error • The name 'TaskResult' isn't a type, so it can't be used as a type argument • flutter/dev/devicelab/bin/tasks/drive_perf_debug_warning.dart:20:8 • non_type_as_type_argument
  error • The function 'cd' isn't defined • flutter/dev/devicelab/bin/tasks/drive_perf_debug_warning.dart:21:3 • undefined_function
  error • Undefined name 'flutterDirectory' • flutter/dev/devicelab/bin/tasks/drive_perf_debug_warning.dart:21:9 • undefined_identifier
  error • Undefined class 'Device' • flutter/dev/devicelab/bin/tasks/drive_perf_debug_warning.dart:22:9 • undefined_class
  error • Undefined name 'devices' • flutter/dev/devicelab/bin/tasks/drive_perf_debug_warning.dart:22:31 • undefined_identifier
  error • The function 'flutter' isn't defined • flutter/dev/devicelab/bin/tasks/drive_perf_debug_warning.dart:25:9 • undefined_function
  error • Undefined name 'TaskResult' • flutter/dev/devicelab/bin/tasks/drive_perf_debug_warning.dart:31:12 • undefined_identifier
  error • Undefined name 'TaskResult' • flutter/dev/devicelab/bin/tasks/drive_perf_debug_warning.dart:36:12 • undefined_identifier
  error • Undefined name 'TaskResult' • flutter/dev/devicelab/bin/tasks/drive_perf_debug_warning.dart:39:10 • undefined_identifier
  error • Undefined name 'deviceOperatingSystem' • flutter/dev/devicelab/bin/tasks/drive_perf_debug_warning.dart:43:3 • undefined_identifier
  error • Undefined name 'DeviceOperatingSystem' • flutter/dev/devicelab/bin/tasks/drive_perf_debug_warning.dart:43:27 • undefined_identifier
  error • The function 'task' isn't defined • flutter/dev/devicelab/bin/tasks/drive_perf_debug_warning.dart:44:9 • undefined_function
  error • Target of URI doesn't exist: 'package:flutter_devicelab/framework/devices.dart' • flutter/dev/devicelab/bin/tasks/dynamic_path_stroke_tessellation_perf__timeline_summary.dart:7:8 • uri_does_not_exist
  error • Target of URI doesn't exist: 'package:flutter_devicelab/framework/framework.dart' • flutter/dev/devicelab/bin/tasks/dynamic_path_stroke_tessellation_perf__timeline_summary.dart:8:8 • uri_does_not_exist
  error • Target of URI doesn't exist: 'package:flutter_devicelab/tasks/perf_tests.dart' • flutter/dev/devicelab/bin/tasks/dynamic_path_stroke_tessellation_perf__timeline_summary.dart:9:8 • uri_does_not_exist
  error • Undefined name 'deviceOperatingSystem' • flutter/dev/devicelab/bin/tasks/dynamic_path_stroke_tessellation_perf__timeline_summary.dart:12:3 • undefined_identifier
  error • Undefined name 'DeviceOperatingSystem' • flutter/dev/devicelab/bin/tasks/dynamic_path_stroke_tessellation_perf__timeline_summary.dart:12:27 • undefined_identifier
  error • The function 'task' isn't defined • flutter/dev/devicelab/bin/tasks/dynamic_path_stroke_tessellation_perf__timeline_summary.dart:13:9 • undefined_function
  error • The function 'createPathStrokeTessellationDynamicPerfTest' isn't defined • flutter/dev/devicelab/bin/tasks/dynamic_path_stroke_tessellation_perf__timeline_summary.dart:13:14 • undefined_function
  error • Target of URI doesn't exist: 'package:flutter_devicelab/framework/devices.dart' • flutter/dev/devicelab/bin/tasks/dynamic_path_stroke_tessellation_perf_ios__timeline_summary.dart:7:8 • uri_does_not_exist
  error • Target of URI doesn't exist: 'package:flutter_devicelab/framework/framework.dart' • flutter/dev/devicelab/bin/tasks/dynamic_path_stroke_tessellation_perf_ios__timeline_summary.dart:8:8 • uri_does_not_exist
  error • Target of URI doesn't exist: 'package:flutter_devicelab/tasks/perf_tests.dart' • flutter/dev/devicelab/bin/tasks/dynamic_path_stroke_tessellation_perf_ios__timeline_summary.dart:9:8 • uri_does_not_exist
  error • Undefined name 'deviceOperatingSystem' • flutter/dev/devicelab/bin/tasks/dynamic_path_stroke_tessellation_perf_ios__timeline_summary.dart:12:3 • undefined_identifier
  error • Undefined name 'DeviceOperatingSystem' • flutter/dev/devicelab/bin/tasks/dynamic_path_stroke_tessellation_perf_ios__timeline_summary.dart:12:27 • undefined_identifier
  error • The function 'task' isn't defined • flutter/dev/devicelab/bin/tasks/dynamic_path_stroke_tessellation_perf_ios__timeline_summary.dart:13:9 • undefined_function
  error • The function 'createPathStrokeTessellationDynamicPerfTest' isn't defined • flutter/dev/devicelab/bin/tasks/dynamic_path_stroke_tessellation_perf_ios__timeline_summary.dart:13:14 • undefined_function
  error • Target of URI doesn't exist: 'package:flutter_devicelab/framework/devices.dart' • flutter/dev/devicelab/bin/tasks/dynamic_path_tessellation_perf__timeline_summary.dart:7:8 • uri_does_not_exist
  error • Target of URI doesn't exist: 'package:flutter_devicelab/framework/framework.dart' • flutter/dev/devicelab/bin/tasks/dynamic_path_tessellation_perf__timeline_summary.dart:8:8 • uri_does_not_exist
  error • Target of URI doesn't exist: 'package:flutter_devicelab/tasks/perf_tests.dart' • flutter/dev/devicelab/bin/tasks/dynamic_path_tessellation_perf__timeline_summary.dart:9:8 • uri_does_not_exist
  error • Undefined name 'deviceOperatingSystem' • flutter/dev/devicelab/bin/tasks/dynamic_path_tessellation_perf__timeline_summary.dart:12:3 • undefined_identifier
  error • Undefined name 'DeviceOperatingSystem' • flutter/dev/devicelab/bin/tasks/dynamic_path_tessellation_perf__timeline_summary.dart:12:27 • undefined_identifier
  error • The function 'task' isn't defined • flutter/dev/devicelab/bin/tasks/dynamic_path_tessellation_perf__timeline_summary.dart:13:9 • undefined_function
  error • The function 'createPathTessellationDynamicPerfTest' isn't defined • flutter/dev/devicelab/bin/tasks/dynamic_path_tessellation_perf__timeline_summary.dart:13:14 • undefined_function
  error • Target of URI doesn't exist: 'package:flutter_devicelab/framework/devices.dart' • flutter/dev/devicelab/bin/tasks/dynamic_path_tessellation_perf_ios__timeline_summary.dart:7:8 • uri_does_not_exist
  error • Target of URI doesn't exist: 'package:flutter_devicelab/framework/framework.dart' • flutter/dev/devicelab/bin/tasks/dynamic_path_tessellation_perf_ios__timeline_summary.dart:8:8 • uri_does_not_exist
  error • Target of URI doesn't exist: 'package:flutter_devicelab/tasks/perf_tests.dart' • flutter/dev/devicelab/bin/tasks/dynamic_path_tessellation_perf_ios__timeline_summary.dart:9:8 • uri_does_not_exist
  error • Undefined name 'deviceOperatingSystem' • flutter/dev/devicelab/bin/tasks/dynamic_path_tessellation_perf_ios__timeline_summary.dart:12:3 • undefined_identifier
  error • Undefined name 'DeviceOperatingSystem' • flutter/dev/devicelab/bin/tasks/dynamic_path_tessellation_perf_ios__timeline_summary.dart:12:27 • undefined_identifier
  error • The function 'task' isn't defined • flutter/dev/devicelab/bin/tasks/dynamic_path_tessellation_perf_ios__timeline_summary.dart:13:9 • undefined_function
  error • The function 'createPathTessellationDynamicPerfTest' isn't defined • flutter/dev/devicelab/bin/tasks/dynamic_path_tessellation_perf_ios__timeline_summary.dart:13:14 • undefined_function
  error • Target of URI doesn't exist: 'package:flutter_devicelab/framework/devices.dart' • flutter/dev/devicelab/bin/tasks/embedded_android_views_integration_test.dart:5:8 • uri_does_not_exist
  error • Target of URI doesn't exist: 'package:flutter_devicelab/framework/framework.dart' • flutter/dev/devicelab/bin/tasks/embedded_android_views_integration_test.dart:6:8 • uri_does_not_exist
  error • Target of URI doesn't exist: 'package:flutter_devicelab/tasks/integration_tests.dart' • flutter/dev/devicelab/bin/tasks/embedded_android_views_integration_test.dart:7:8 • uri_does_not_exist
  error • Undefined name 'deviceOperatingSystem' • flutter/dev/devicelab/bin/tasks/embedded_android_views_integration_test.dart:10:3 • undefined_identifier
  error • Undefined name 'DeviceOperatingSystem' • flutter/dev/devicelab/bin/tasks/embedded_android_views_integration_test.dart:10:27 • undefined_identifier
  error • The function 'task' isn't defined • flutter/dev/devicelab/bin/tasks/embedded_android_views_integration_test.dart:11:9 • undefined_function
  error • The function 'createEmbeddedAndroidViewsIntegrationTest' isn't defined • flutter/dev/devicelab/bin/tasks/embedded_android_views_integration_test.dart:11:14 • undefined_function
  error • Target of URI doesn't exist: 'package:flutter_devicelab/framework/apk_utils.dart' • flutter/dev/devicelab/bin/tasks/engine_dependency_proxy_test.dart:8:8 • uri_does_not_exist
  error • Target of URI doesn't exist: 'package:flutter_devicelab/framework/framework.dart' • flutter/dev/devicelab/bin/tasks/engine_dependency_proxy_test.dart:9:8 • uri_does_not_exist
  error • Target of URI doesn't exist: 'package:flutter_devicelab/framework/task_result.dart' • flutter/dev/devicelab/bin/tasks/engine_dependency_proxy_test.dart:10:8 • uri_does_not_exist
  error • Target of URI doesn't exist: 'package:flutter_devicelab/framework/utils.dart' • flutter/dev/devicelab/bin/tasks/engine_dependency_proxy_test.dart:11:8 • uri_does_not_exist
  error • The function 'task' isn't defined • flutter/dev/devicelab/bin/tasks/engine_dependency_proxy_test.dart:19:9 • undefined_function
  error • The function 'section' isn't defined • flutter/dev/devicelab/bin/tasks/engine_dependency_proxy_test.dart:20:5 • undefined_function
  error • The function 'findJavaHome' isn't defined • flutter/dev/devicelab/bin/tasks/engine_dependency_proxy_test.dart:22:36 • undefined_function
  error • Undefined name 'TaskResult' • flutter/dev/devicelab/bin/tasks/engine_dependency_proxy_test.dart:24:14 • undefined_identifier
  error • The function 'section' isn't defined • flutter/dev/devicelab/bin/tasks/engine_dependency_proxy_test.dart:28:5 • undefined_function
  error • The function 'runProjectTest' isn't defined • flutter/dev/devicelab/bin/tasks/engine_dependency_proxy_test.dart:29:11 • undefined_function
  error • Undefined class 'FlutterProject' • flutter/dev/devicelab/bin/tasks/engine_dependency_proxy_test.dart:29:27 • undefined_class
  error • The function 'inDirectory' isn't defined • flutter/dev/devicelab/bin/tasks/engine_dependency_proxy_test.dart:30:13 • undefined_function
  error • The function 'section' isn't defined • flutter/dev/devicelab/bin/tasks/engine_dependency_proxy_test.dart:31:9 • undefined_function
  error • The function 'getAndroidBuildFile' isn't defined • flutter/dev/devicelab/bin/tasks/engine_dependency_proxy_test.dart:32:32 • undefined_function
  error • The function 'section' isn't defined • flutter/dev/devicelab/bin/tasks/engine_dependency_proxy_test.dart:52:9 • undefined_function
  error • The function 'eval' isn't defined • flutter/dev/devicelab/bin/tasks/engine_dependency_proxy_test.dart:54:37 • undefined_function
  error • Undefined name 'flutterDirectory' • flutter/dev/devicelab/bin/tasks/engine_dependency_proxy_test.dart:61:21 • undefined_identifier
  error • Undefined name 'TaskResult' • flutter/dev/devicelab/bin/tasks/engine_dependency_proxy_test.dart:68:17 • undefined_identifier
  error • The function 'section' isn't defined • flutter/dev/devicelab/bin/tasks/engine_dependency_proxy_test.dart:75:9 • undefined_function
  error • The function 'eval' isn't defined • flutter/dev/devicelab/bin/tasks/engine_dependency_proxy_test.dart:76:30 • undefined_function
  error • Undefined name 'TaskResult' • flutter/dev/devicelab/bin/tasks/engine_dependency_proxy_test.dart:85:17 • undefined_identifier
  error • Undefined name 'TaskResult' • flutter/dev/devicelab/bin/tasks/engine_dependency_proxy_test.dart:94:12 • undefined_identifier
  error • Target of URI doesn't exist: 'package:flutter_devicelab/framework/devices.dart' • flutter/dev/devicelab/bin/tasks/entrypoint_dart_registrant.dart:5:8 • uri_does_not_exist
  error • Target of URI doesn't exist: 'package:flutter_devicelab/framework/framework.dart' • flutter/dev/devicelab/bin/tasks/entrypoint_dart_registrant.dart:6:8 • uri_does_not_exist
  error • Target of URI doesn't exist: 'package:flutter_devicelab/tasks/entrypoint_dart_registrant.dart' • flutter/dev/devicelab/bin/tasks/entrypoint_dart_registrant.dart:7:8 • uri_does_not_exist
  error • Undefined name 'deviceOperatingSystem' • flutter/dev/devicelab/bin/tasks/entrypoint_dart_registrant.dart:10:3 • undefined_identifier
  error • Undefined name 'DeviceOperatingSystem' • flutter/dev/devicelab/bin/tasks/entrypoint_dart_registrant.dart:10:27 • undefined_identifier
  error • The function 'task' isn't defined • flutter/dev/devicelab/bin/tasks/entrypoint_dart_registrant.dart:11:9 • undefined_function
  error • The function 'entrypointDartRegistrant' isn't defined • flutter/dev/devicelab/bin/tasks/entrypoint_dart_registrant.dart:11:14 • undefined_function
  error • Target of URI doesn't exist: 'package:flutter_devicelab/framework/devices.dart' • flutter/dev/devicelab/bin/tasks/external_textures_integration_test.dart:5:8 • uri_does_not_exist
  error • Target of URI doesn't exist: 'package:flutter_devicelab/framework/framework.dart' • flutter/dev/devicelab/bin/tasks/external_textures_integration_test.dart:6:8 • uri_does_not_exist
  error • Target of URI doesn't exist: 'package:flutter_devicelab/tasks/integration_tests.dart' • flutter/dev/devicelab/bin/tasks/external_textures_integration_test.dart:7:8 • uri_does_not_exist
  error • Undefined name 'deviceOperatingSystem' • flutter/dev/devicelab/bin/tasks/external_textures_integration_test.dart:10:3 • undefined_identifier
  error • Undefined name 'DeviceOperatingSystem' • flutter/dev/devicelab/bin/tasks/external_textures_integration_test.dart:10:27 • undefined_identifier
  error • The function 'task' isn't defined • flutter/dev/devicelab/bin/tasks/external_textures_integration_test.dart:11:9 • undefined_function
  error • The function 'createExternalTexturesFrameRateIntegrationTest' isn't defined • flutter/dev/devicelab/bin/tasks/external_textures_integration_test.dart:11:14 • undefined_function
  error • Target of URI doesn't exist: 'package:flutter_devicelab/framework/devices.dart' • flutter/dev/devicelab/bin/tasks/external_textures_integration_test_ios.dart:5:8 • uri_does_not_exist
  error • Target of URI doesn't exist: 'package:flutter_devicelab/framework/framework.dart' • flutter/dev/devicelab/bin/tasks/external_textures_integration_test_ios.dart:6:8 • uri_does_not_exist
  error • Target of URI doesn't exist: 'package:flutter_devicelab/tasks/integration_tests.dart' • flutter/dev/devicelab/bin/tasks/external_textures_integration_test_ios.dart:7:8 • uri_does_not_exist
  error • Undefined name 'deviceOperatingSystem' • flutter/dev/devicelab/bin/tasks/external_textures_integration_test_ios.dart:10:3 • undefined_identifier
  error • Undefined name 'DeviceOperatingSystem' • flutter/dev/devicelab/bin/tasks/external_textures_integration_test_ios.dart:10:27 • undefined_identifier
  error • The function 'task' isn't defined • flutter/dev/devicelab/bin/tasks/external_textures_integration_test_ios.dart:11:9 • undefined_function
  error • The function 'createExternalTexturesFrameRateIntegrationTest' isn't defined • flutter/dev/devicelab/bin/tasks/external_textures_integration_test_ios.dart:11:14 • undefined_function
  error • Target of URI doesn't exist: 'package:flutter_devicelab/framework/devices.dart' • flutter/dev/devicelab/bin/tasks/fading_child_animation_perf__timeline_summary.dart:5:8 • uri_does_not_exist
  error • Target of URI doesn't exist: 'package:flutter_devicelab/framework/framework.dart' • flutter/dev/devicelab/bin/tasks/fading_child_animation_perf__timeline_summary.dart:6:8 • uri_does_not_exist
  error • Target of URI doesn't exist: 'package:flutter_devicelab/tasks/perf_tests.dart' • flutter/dev/devicelab/bin/tasks/fading_child_animation_perf__timeline_summary.dart:7:8 • uri_does_not_exist
  error • Undefined name 'deviceOperatingSystem' • flutter/dev/devicelab/bin/tasks/fading_child_animation_perf__timeline_summary.dart:10:3 • undefined_identifier
  error • Undefined name 'DeviceOperatingSystem' • flutter/dev/devicelab/bin/tasks/fading_child_animation_perf__timeline_summary.dart:10:27 • undefined_identifier
  error • The function 'task' isn't defined • flutter/dev/devicelab/bin/tasks/fading_child_animation_perf__timeline_summary.dart:11:9 • undefined_function
  error • The function 'createFadingChildAnimationPerfTest' isn't defined • flutter/dev/devicelab/bin/tasks/fading_child_animation_perf__timeline_summary.dart:11:14 • undefined_function
  error • Target of URI doesn't exist: 'package:flutter_devicelab/framework/devices.dart' • flutter/dev/devicelab/bin/tasks/fast_scroll_heavy_gridview__memory.dart:5:8 • uri_does_not_exist
  error • Target of URI doesn't exist: 'package:flutter_devicelab/framework/framework.dart' • flutter/dev/devicelab/bin/tasks/fast_scroll_heavy_gridview__memory.dart:6:8 • uri_does_not_exist
  error • Target of URI doesn't exist: 'package:flutter_devicelab/framework/utils.dart' • flutter/dev/devicelab/bin/tasks/fast_scroll_heavy_gridview__memory.dart:7:8 • uri_does_not_exist
  error • Target of URI doesn't exist: 'package:flutter_devicelab/tasks/perf_tests.dart' • flutter/dev/devicelab/bin/tasks/fast_scroll_heavy_gridview__memory.dart:8:8 • uri_does_not_exist
  error • Classes can only extend other classes • flutter/dev/devicelab/bin/tasks/fast_scroll_heavy_gridview__memory.dart:12:49 • extends_non_class
  error • Too many positional arguments: 0 expected, but 3 found • flutter/dev/devicelab/bin/tasks/fast_scroll_heavy_gridview__memory.dart:15:9 • extra_positional_arguments
  error • Undefined name 'flutterDirectory' • flutter/dev/devicelab/bin/tasks/fast_scroll_heavy_gridview__memory.dart:15:12 • undefined_identifier
  error • Undefined class 'AndroidDevice' • flutter/dev/devicelab/bin/tasks/fast_scroll_heavy_gridview__memory.dart:21:3 • undefined_class
warning • The getter doesn't override an inherited getter • flutter/dev/devicelab/bin/tasks/fast_scroll_heavy_gridview__memory.dart:21:22 • override_on_non_overriding_member
  error • The getter 'device' isn't defined in a superclass of 'FastScrollHeavyGridViewMemoryTest' • flutter/dev/devicelab/bin/tasks/fast_scroll_heavy_gridview__memory.dart:21:38 • undefined_super_member
  error • The name 'AndroidDevice' isn't a type, so it can't be used in an 'as' expression • flutter/dev/devicelab/bin/tasks/fast_scroll_heavy_gridview__memory.dart:21:48 • cast_to_non_type
   info • Unreachable member 'iterationCount' in an executable library • flutter/dev/devicelab/bin/tasks/fast_scroll_heavy_gridview__memory.dart:24:11 • unreachable_from_main
warning • The getter doesn't override an inherited getter • flutter/dev/devicelab/bin/tasks/fast_scroll_heavy_gridview__memory.dart:24:11 • override_on_non_overriding_member
   info • Unreachable member 'useMemory' in an executable library • flutter/dev/devicelab/bin/tasks/fast_scroll_heavy_gridview__memory.dart:27:16 • unreachable_from_main
warning • The method doesn't override an inherited method • flutter/dev/devicelab/bin/tasks/fast_scroll_heavy_gridview__memory.dart:27:16 • override_on_non_overriding_member
  error • The method 'launchApp' isn't defined for the type 'FastScrollHeavyGridViewMemoryTest' • flutter/dev/devicelab/bin/tasks/fast_scroll_heavy_gridview__memory.dart:28:11 • undefined_method
  error • The method 'recordStart' isn't defined for the type 'FastScrollHeavyGridViewMemoryTest' • flutter/dev/devicelab/bin/tasks/fast_scroll_heavy_gridview__memory.dart:29:11 • undefined_method
  error • The method 'recordEnd' isn't defined for the type 'FastScrollHeavyGridViewMemoryTest' • flutter/dev/devicelab/bin/tasks/fast_scroll_heavy_gridview__memory.dart:36:11 • undefined_method
  error • Undefined name 'deviceOperatingSystem' • flutter/dev/devicelab/bin/tasks/fast_scroll_heavy_gridview__memory.dart:41:3 • undefined_identifier
  error • Undefined name 'DeviceOperatingSystem' • flutter/dev/devicelab/bin/tasks/fast_scroll_heavy_gridview__memory.dart:41:27 • undefined_identifier
  error • The function 'task' isn't defined • flutter/dev/devicelab/bin/tasks/fast_scroll_heavy_gridview__memory.dart:42:9 • undefined_function
  error • The getter 'run' isn't defined for the type 'FastScrollHeavyGridViewMemoryTest' • flutter/dev/devicelab/bin/tasks/fast_scroll_heavy_gridview__memory.dart:42:50 • undefined_getter
  error • Target of URI doesn't exist: 'package:flutter_devicelab/framework/devices.dart' • flutter/dev/devicelab/bin/tasks/fast_scroll_large_images__memory.dart:5:8 • uri_does_not_exist
  error • Target of URI doesn't exist: 'package:flutter_devicelab/framework/framework.dart' • flutter/dev/devicelab/bin/tasks/fast_scroll_large_images__memory.dart:6:8 • uri_does_not_exist
  error • Target of URI doesn't exist: 'package:flutter_devicelab/framework/utils.dart' • flutter/dev/devicelab/bin/tasks/fast_scroll_large_images__memory.dart:7:8 • uri_does_not_exist
  error • Target of URI doesn't exist: 'package:flutter_devicelab/tasks/perf_tests.dart' • flutter/dev/devicelab/bin/tasks/fast_scroll_large_images__memory.dart:8:8 • uri_does_not_exist
  error • Classes can only extend other classes • flutter/dev/devicelab/bin/tasks/fast_scroll_large_images__memory.dart:12:47 • extends_non_class
  error • Too many positional arguments: 0 expected, but 3 found • flutter/dev/devicelab/bin/tasks/fast_scroll_large_images__memory.dart:15:9 • extra_positional_arguments
  error • Undefined name 'flutterDirectory' • flutter/dev/devicelab/bin/tasks/fast_scroll_large_images__memory.dart:15:12 • undefined_identifier
  error • Undefined class 'AndroidDevice' • flutter/dev/devicelab/bin/tasks/fast_scroll_large_images__memory.dart:21:3 • undefined_class
warning • The getter doesn't override an inherited getter • flutter/dev/devicelab/bin/tasks/fast_scroll_large_images__memory.dart:21:22 • override_on_non_overriding_member
  error • The getter 'device' isn't defined in a superclass of 'FastScrollLargeImagesMemoryTest' • flutter/dev/devicelab/bin/tasks/fast_scroll_large_images__memory.dart:21:38 • undefined_super_member
  error • The name 'AndroidDevice' isn't a type, so it can't be used in an 'as' expression • flutter/dev/devicelab/bin/tasks/fast_scroll_large_images__memory.dart:21:48 • cast_to_non_type
   info • Unreachable member 'iterationCount' in an executable library • flutter/dev/devicelab/bin/tasks/fast_scroll_large_images__memory.dart:24:11 • unreachable_from_main
warning • The getter doesn't override an inherited getter • flutter/dev/devicelab/bin/tasks/fast_scroll_large_images__memory.dart:24:11 • override_on_non_overriding_member
   info • Unreachable member 'useMemory' in an executable library • flutter/dev/devicelab/bin/tasks/fast_scroll_large_images__memory.dart:27:16 • unreachable_from_main
warning • The method doesn't override an inherited method • flutter/dev/devicelab/bin/tasks/fast_scroll_large_images__memory.dart:27:16 • override_on_non_overriding_member
  error • The method 'launchApp' isn't defined for the type 'FastScrollLargeImagesMemoryTest' • flutter/dev/devicelab/bin/tasks/fast_scroll_large_images__memory.dart:28:11 • undefined_method
  error • The method 'recordStart' isn't defined for the type 'FastScrollLargeImagesMemoryTest' • flutter/dev/devicelab/bin/tasks/fast_scroll_large_images__memory.dart:29:11 • undefined_method
  error • The method 'recordEnd' isn't defined for the type 'FastScrollLargeImagesMemoryTest' • flutter/dev/devicelab/bin/tasks/fast_scroll_large_images__memory.dart:32:11 • undefined_method
  error • Undefined name 'deviceOperatingSystem' • flutter/dev/devicelab/bin/tasks/fast_scroll_large_images__memory.dart:37:3 • undefined_identifier
  error • Undefined name 'DeviceOperatingSystem' • flutter/dev/devicelab/bin/tasks/fast_scroll_large_images__memory.dart:37:27 • undefined_identifier
  error • The function 'task' isn't defined • flutter/dev/devicelab/bin/tasks/fast_scroll_large_images__memory.dart:38:9 • undefined_function
  error • The getter 'run' isn't defined for the type 'FastScrollLargeImagesMemoryTest' • flutter/dev/devicelab/bin/tasks/fast_scroll_large_images__memory.dart:38:48 • undefined_getter
  error • Target of URI doesn't exist: 'package:flutter_devicelab/framework/devices.dart' • flutter/dev/devicelab/bin/tasks/flavors_test.dart:9:8 • uri_does_not_exist
  error • Target of URI doesn't exist: 'package:flutter_devicelab/framework/framework.dart' • flutter/dev/devicelab/bin/tasks/flavors_test.dart:10:8 • uri_does_not_exist
  error • Target of URI doesn't exist: 'package:flutter_devicelab/framework/task_result.dart' • flutter/dev/devicelab/bin/tasks/flavors_test.dart:11:8 • uri_does_not_exist
  error • Target of URI doesn't exist: 'package:flutter_devicelab/framework/utils.dart' • flutter/dev/devicelab/bin/tasks/flavors_test.dart:12:8 • uri_does_not_exist
  error • Target of URI doesn't exist: 'package:flutter_devicelab/tasks/integration_tests.dart' • flutter/dev/devicelab/bin/tasks/flavors_test.dart:13:8 • uri_does_not_exist
  error • Target of URI doesn't exist: 'package:standard_message_codec/standard_message_codec.dart' • flutter/dev/devicelab/bin/tasks/flavors_test.dart:15:8 • uri_does_not_exist
  error • Undefined name 'deviceOperatingSystem' • flutter/dev/devicelab/bin/tasks/flavors_test.dart:18:3 • undefined_identifier
  error • Undefined name 'DeviceOperatingSystem' • flutter/dev/devicelab/bin/tasks/flavors_test.dart:18:27 • undefined_identifier
  error • The function 'task' isn't defined • flutter/dev/devicelab/bin/tasks/flavors_test.dart:19:9 • undefined_function
  error • The function 'createFlavorsTest' isn't defined • flutter/dev/devicelab/bin/tasks/flavors_test.dart:20:11 • undefined_function
  error • The function 'createIntegrationTestFlavorsTest' isn't defined • flutter/dev/devicelab/bin/tasks/flavors_test.dart:21:11 • undefined_function
  error • Undefined name 'flutterDirectory' • flutter/dev/devicelab/bin/tasks/flavors_test.dart:23:35 • undefined_identifier
  error • Undefined class 'TaskResult' • flutter/dev/devicelab/bin/tasks/flavors_test.dart:24:11 • undefined_class
  error • The function 'inDirectory' isn't defined • flutter/dev/devicelab/bin/tasks/flavors_test.dart:24:49 • undefined_function
  error • The name 'TaskResult' isn't a type, so it can't be used as a type argument • flutter/dev/devicelab/bin/tasks/flavors_test.dart:25:18 • non_type_as_type_argument
  error • The name 'TaskResult' isn't a type, so it can't be used as a type argument • flutter/dev/devicelab/bin/tasks/flavors_test.dart:25:45 • non_type_as_type_argument
  error • Undefined class 'TaskResult' • flutter/dev/devicelab/bin/tasks/flavors_test.dart:30:13 • undefined_class
  error • Undefined class 'TaskResult' • flutter/dev/devicelab/bin/tasks/flavors_test.dart:31:10 • undefined_class
  error • Undefined name 'TaskResult' • flutter/dev/devicelab/bin/tasks/flavors_test.dart:34:37 • undefined_identifier
  error • The name 'TaskResult' isn't a type, so it can't be used as a type argument • flutter/dev/devicelab/bin/tasks/flavors_test.dart:44:8 • non_type_as_type_argument
  error • The function 'evalFlutter' isn't defined • flutter/dev/devicelab/bin/tasks/flavors_test.dart:45:9 • undefined_function
  error • The name 'StandardMessageCodec' isn't a class • flutter/dev/devicelab/bin/tasks/flavors_test.dart:62:13 • creation_with_non_type
  error • Undefined name 'TaskResult' • flutter/dev/devicelab/bin/tasks/flavors_test.dart:66:12 • undefined_identifier
  error • Undefined name 'TaskResult' • flutter/dev/devicelab/bin/tasks/flavors_test.dart:74:12 • undefined_identifier
  error • The function 'flutter' isn't defined • flutter/dev/devicelab/bin/tasks/flavors_test.dart:81:9 • undefined_function
  error • Undefined name 'TaskResult' • flutter/dev/devicelab/bin/tasks/flavors_test.dart:83:10 • undefined_identifier
  error • The name 'TaskResult' isn't a type, so it can't be used as a type argument • flutter/dev/devicelab/bin/tasks/flavors_test.dart:86:8 • non_type_as_type_argument
  error • The function 'evalFlutter' isn't defined • flutter/dev/devicelab/bin/tasks/flavors_test.dart:88:9 • undefined_function
  error • Undefined name 'TaskResult' • flutter/dev/devicelab/bin/tasks/flavors_test.dart:105:12 • undefined_identifier
  error • Undefined name 'TaskResult' • flutter/dev/devicelab/bin/tasks/flavors_test.dart:108:10 • undefined_identifier
  error • The name 'TaskResult' isn't a type, so it can't be used as a type argument • flutter/dev/devicelab/bin/tasks/flavors_test.dart:111:8 • non_type_as_type_argument
  error • The function 'inDirectory' isn't defined • flutter/dev/devicelab/bin/tasks/flavors_test.dart:119:9 • undefined_function
  error • The function 'flutter' isn't defined • flutter/dev/devicelab/bin/tasks/flavors_test.dart:120:11 • undefined_function
  error • The function 'inDirectory' isn't defined • flutter/dev/devicelab/bin/tasks/flavors_test.dart:123:9 • undefined_function
  error • The function 'exec' isn't defined • flutter/dev/devicelab/bin/tasks/flavors_test.dart:124:11 • undefined_function
  error • The function 'exec' isn't defined • flutter/dev/devicelab/bin/tasks/flavors_test.dart:125:11 • undefined_function
  error • Undefined name 'TaskResult' • flutter/dev/devicelab/bin/tasks/flavors_test.dart:131:12 • undefined_identifier
  error • The function 'createFlavorsTest' isn't defined • flutter/dev/devicelab/bin/tasks/flavors_test.dart:143:10 • undefined_function
  error • Target of URI doesn't exist: 'package:flutter_devicelab/framework/devices.dart' • flutter/dev/devicelab/bin/tasks/flavors_test_ios.dart:9:8 • uri_does_not_exist
  error • Target of URI doesn't exist: 'package:flutter_devicelab/framework/framework.dart' • flutter/dev/devicelab/bin/tasks/flavors_test_ios.dart:10:8 • uri_does_not_exist
  error • Target of URI doesn't exist: 'package:flutter_devicelab/framework/ios.dart' • flutter/dev/devicelab/bin/tasks/flavors_test_ios.dart:11:8 • uri_does_not_exist
  error • Target of URI doesn't exist: 'package:flutter_devicelab/framework/task_result.dart' • flutter/dev/devicelab/bin/tasks/flavors_test_ios.dart:12:8 • uri_does_not_exist
  error • Target of URI doesn't exist: 'package:flutter_devicelab/framework/utils.dart' • flutter/dev/devicelab/bin/tasks/flavors_test_ios.dart:13:8 • uri_does_not_exist
  error • Target of URI doesn't exist: 'package:flutter_devicelab/tasks/integration_tests.dart' • flutter/dev/devicelab/bin/tasks/flavors_test_ios.dart:14:8 • uri_does_not_exist
  error • Target of URI doesn't exist: 'package:standard_message_codec/standard_message_codec.dart' • flutter/dev/devicelab/bin/tasks/flavors_test_ios.dart:16:8 • uri_does_not_exist
  error • Undefined name 'deviceOperatingSystem' • flutter/dev/devicelab/bin/tasks/flavors_test_ios.dart:19:3 • undefined_identifier
  error • Undefined name 'DeviceOperatingSystem' • flutter/dev/devicelab/bin/tasks/flavors_test_ios.dart:19:27 • undefined_identifier
  error • The function 'task' isn't defined • flutter/dev/devicelab/bin/tasks/flavors_test_ios.dart:20:9 • undefined_function
  error • The function 'createFlavorsTest' isn't defined • flutter/dev/devicelab/bin/tasks/flavors_test_ios.dart:21:11 • undefined_function
  error • The function 'createIntegrationTestFlavorsTest' isn't defined • flutter/dev/devicelab/bin/tasks/flavors_test_ios.dart:22:11 • undefined_function
  error • Undefined name 'flutterDirectory' • flutter/dev/devicelab/bin/tasks/flavors_test_ios.dart:24:34 • undefined_identifier
  error • Undefined class 'TaskResult' • flutter/dev/devicelab/bin/tasks/flavors_test_ios.dart:25:11 • undefined_class
  error • The function 'inDirectory' isn't defined • flutter/dev/devicelab/bin/tasks/flavors_test_ios.dart:25:49 • undefined_function
  error • The name 'TaskResult' isn't a type, so it can't be used as a type argument • flutter/dev/devicelab/bin/tasks/flavors_test_ios.dart:26:18 • non_type_as_type_argument
  error • The name 'TaskResult' isn't a type, so it can't be used as a type argument • flutter/dev/devicelab/bin/tasks/flavors_test_ios.dart:26:45 • non_type_as_type_argument
  error • Undefined class 'TaskResult' • flutter/dev/devicelab/bin/tasks/flavors_test_ios.dart:31:13 • undefined_class
  error • Undefined class 'TaskResult' • flutter/dev/devicelab/bin/tasks/flavors_test_ios.dart:32:10 • undefined_class
  error • Undefined name 'TaskResult' • flutter/dev/devicelab/bin/tasks/flavors_test_ios.dart:35:37 • undefined_identifier
  error • The name 'TaskResult' isn't a type, so it can't be used as a type argument • flutter/dev/devicelab/bin/tasks/flavors_test_ios.dart:44:8 • non_type_as_type_argument
  error • The function 'evalFlutter' isn't defined • flutter/dev/devicelab/bin/tasks/flavors_test_ios.dart:45:9 • undefined_function
  error • The name 'StandardMessageCodec' isn't a class • flutter/dev/devicelab/bin/tasks/flavors_test_ios.dart:61:13 • creation_with_non_type
  error • Undefined name 'TaskResult' • flutter/dev/devicelab/bin/tasks/flavors_test_ios.dart:65:12 • undefined_identifier
  error • Undefined name 'TaskResult' • flutter/dev/devicelab/bin/tasks/flavors_test_ios.dart:73:12 • undefined_identifier
  error • The function 'flutter' isn't defined • flutter/dev/devicelab/bin/tasks/flavors_test_ios.dart:80:9 • undefined_function
  error • Undefined name 'TaskResult' • flutter/dev/devicelab/bin/tasks/flavors_test_ios.dart:82:10 • undefined_identifier
  error • The name 'TaskResult' isn't a type, so it can't be used as a type argument • flutter/dev/devicelab/bin/tasks/flavors_test_ios.dart:85:8 • non_type_as_type_argument
  error • The function 'evalFlutter' isn't defined • flutter/dev/devicelab/bin/tasks/flavors_test_ios.dart:87:9 • undefined_function
  error • Undefined name 'TaskResult' • flutter/dev/devicelab/bin/tasks/flavors_test_ios.dart:97:12 • undefined_identifier
  error • Undefined name 'TaskResult' • flutter/dev/devicelab/bin/tasks/flavors_test_ios.dart:100:10 • undefined_identifier
  error • The name 'TaskResult' isn't a type, so it can't be used as a type argument • flutter/dev/devicelab/bin/tasks/flavors_test_ios.dart:103:8 • non_type_as_type_argument
  error • Undefined class 'Device' • flutter/dev/devicelab/bin/tasks/flavors_test_ios.dart:104:9 • undefined_class
  error • Undefined name 'devices' • flutter/dev/devicelab/bin/tasks/flavors_test_ios.dart:104:31 • undefined_identifier
  error • The function 'inDirectory' isn't defined • flutter/dev/devicelab/bin/tasks/flavors_test_ios.dart:105:9 • undefined_function
  error • The function 'flutter' isn't defined • flutter/dev/devicelab/bin/tasks/flavors_test_ios.dart:107:11 • undefined_function
  error • Undefined name 'TaskResult' • flutter/dev/devicelab/bin/tasks/flavors_test_ios.dart:115:11 • undefined_identifier
  error • Undefined name 'TaskResult' • flutter/dev/devicelab/bin/tasks/flavors_test_ios.dart:118:11 • undefined_identifier
  error • The function 'runXcodeBuild' isn't defined • flutter/dev/devicelab/bin/tasks/flavors_test_ios.dart:133:14 • undefined_function
  error • Undefined name 'TaskResult' • flutter/dev/devicelab/bin/tasks/flavors_test_ios.dart:142:11 • undefined_identifier
  error • Undefined name 'TaskResult' • flutter/dev/devicelab/bin/tasks/flavors_test_ios.dart:146:11 • undefined_identifier
  error • Undefined name 'TaskResult' • flutter/dev/devicelab/bin/tasks/flavors_test_ios.dart:150:11 • undefined_identifier
  error • The function 'createFlavorsTest' isn't defined • flutter/dev/devicelab/bin/tasks/flavors_test_ios.dart:155:10 • undefined_function
  error • Target of URI doesn't exist: 'package:flutter_devicelab/framework/devices.dart' • flutter/dev/devicelab/bin/tasks/flavors_test_macos.dart:8:8 • uri_does_not_exist
  error • Target of URI doesn't exist: 'package:flutter_devicelab/framework/framework.dart' • flutter/dev/devicelab/bin/tasks/flavors_test_macos.dart:9:8 • uri_does_not_exist
  error • Target of URI doesn't exist: 'package:flutter_devicelab/framework/ios.dart' • flutter/dev/devicelab/bin/tasks/flavors_test_macos.dart:10:8 • uri_does_not_exist
  error • Target of URI doesn't exist: 'package:flutter_devicelab/framework/task_result.dart' • flutter/dev/devicelab/bin/tasks/flavors_test_macos.dart:11:8 • uri_does_not_exist
  error • Target of URI doesn't exist: 'package:flutter_devicelab/framework/utils.dart' • flutter/dev/devicelab/bin/tasks/flavors_test_macos.dart:12:8 • uri_does_not_exist
  error • Target of URI doesn't exist: 'package:flutter_devicelab/tasks/integration_tests.dart' • flutter/dev/devicelab/bin/tasks/flavors_test_macos.dart:13:8 • uri_does_not_exist
  error • Target of URI doesn't exist: 'package:standard_message_codec/standard_message_codec.dart' • flutter/dev/devicelab/bin/tasks/flavors_test_macos.dart:15:8 • uri_does_not_exist
  error • Undefined name 'deviceOperatingSystem' • flutter/dev/devicelab/bin/tasks/flavors_test_macos.dart:18:3 • undefined_identifier
  error • Undefined name 'DeviceOperatingSystem' • flutter/dev/devicelab/bin/tasks/flavors_test_macos.dart:18:27 • undefined_identifier
  error • The function 'task' isn't defined • flutter/dev/devicelab/bin/tasks/flavors_test_macos.dart:19:9 • undefined_function
  error • The function 'createFlavorsTest' isn't defined • flutter/dev/devicelab/bin/tasks/flavors_test_macos.dart:20:11 • undefined_function
  error • The function 'createIntegrationTestFlavorsTest' isn't defined • flutter/dev/devicelab/bin/tasks/flavors_test_macos.dart:21:11 • undefined_function
  error • Undefined name 'flutterDirectory' • flutter/dev/devicelab/bin/tasks/flavors_test_macos.dart:23:34 • undefined_identifier
  error • Undefined class 'TaskResult' • flutter/dev/devicelab/bin/tasks/flavors_test_macos.dart:24:11 • undefined_class
  error • The function 'inDirectory' isn't defined • flutter/dev/devicelab/bin/tasks/flavors_test_macos.dart:24:49 • undefined_function
  error • The function 'flutter' isn't defined • flutter/dev/devicelab/bin/tasks/flavors_test_macos.dart:25:13 • undefined_function
  error • The function 'flutter' isn't defined • flutter/dev/devicelab/bin/tasks/flavors_test_macos.dart:26:13 • undefined_function
  error • The function 'evalFlutter' isn't defined • flutter/dev/devicelab/bin/tasks/flavors_test_macos.dart:31:13 • undefined_function
  error • The name 'StandardMessageCodec' isn't a class • flutter/dev/devicelab/bin/tasks/flavors_test_macos.dart:57:17 • creation_with_non_type
  error • Undefined name 'TaskResult' • flutter/dev/devicelab/bin/tasks/flavors_test_macos.dart:61:16 • undefined_identifier
  error • Undefined name 'TaskResult' • flutter/dev/devicelab/bin/tasks/flavors_test_macos.dart:69:16 • undefined_identifier
  error • Undefined name 'TaskResult' • flutter/dev/devicelab/bin/tasks/flavors_test_macos.dart:80:16 • undefined_identifier
  error • Undefined name 'TaskResult' • flutter/dev/devicelab/bin/tasks/flavors_test_macos.dart:83:14 • undefined_identifier
  error • The name 'TaskResult' isn't a type, so it can't be used as a type argument • flutter/dev/devicelab/bin/tasks/flavors_test_macos.dart:92:8 • non_type_as_type_argument
  error • The function 'inDirectory' isn't defined • flutter/dev/devicelab/bin/tasks/flavors_test_macos.dart:93:9 • undefined_function
  error • The function 'flutter' isn't defined • flutter/dev/devicelab/bin/tasks/flavors_test_macos.dart:95:11 • undefined_function
  error • Undefined name 'TaskResult' • flutter/dev/devicelab/bin/tasks/flavors_test_macos.dart:105:11 • undefined_identifier
  error • Undefined name 'TaskResult' • flutter/dev/devicelab/bin/tasks/flavors_test_macos.dart:108:11 • undefined_identifier
  error • The function 'runXcodeBuild' isn't defined • flutter/dev/devicelab/bin/tasks/flavors_test_macos.dart:123:14 • undefined_function
  error • Undefined name 'TaskResult' • flutter/dev/devicelab/bin/tasks/flavors_test_macos.dart:133:11 • undefined_identifier
  error • Undefined name 'TaskResult' • flutter/dev/devicelab/bin/tasks/flavors_test_macos.dart:137:11 • undefined_identifier
  error • Undefined name 'TaskResult' • flutter/dev/devicelab/bin/tasks/flavors_test_macos.dart:141:11 • undefined_identifier
  error • The function 'createFlavorsTest' isn't defined • flutter/dev/devicelab/bin/tasks/flavors_test_macos.dart:146:10 • undefined_function
  error • Target of URI doesn't exist: 'package:flutter_devicelab/framework/devices.dart' • flutter/dev/devicelab/bin/tasks/flutter_engine_group_performance.dart:7:8 • uri_does_not_exist
  error • Target of URI doesn't exist: 'package:flutter_devicelab/framework/framework.dart' • flutter/dev/devicelab/bin/tasks/flutter_engine_group_performance.dart:8:8 • uri_does_not_exist
  error • Target of URI doesn't exist: 'package:flutter_devicelab/framework/task_result.dart' • flutter/dev/devicelab/bin/tasks/flutter_engine_group_performance.dart:9:8 • uri_does_not_exist
  error • Target of URI doesn't exist: 'package:flutter_devicelab/framework/utils.dart' • flutter/dev/devicelab/bin/tasks/flutter_engine_group_performance.dart:10:8 • uri_does_not_exist
  error • Target of URI doesn't exist: 'package:flutter_devicelab/tasks/perf_tests.dart' • flutter/dev/devicelab/bin/tasks/flutter_engine_group_performance.dart:11:8 • uri_does_not_exist
  error • Undefined class 'AndroidDevice' • flutter/dev/devicelab/bin/tasks/flutter_engine_group_performance.dart:21:25 • undefined_class
  error • Undefined class 'DeviceDiscovery' • flutter/dev/devicelab/bin/tasks/flutter_engine_group_performance.dart:23:9 • undefined_class
  error • The function 'DeviceDiscovery' isn't defined • flutter/dev/devicelab/bin/tasks/flutter_engine_group_performance.dart:23:35 • undefined_function
  error • Undefined class 'AndroidDevice' • flutter/dev/devicelab/bin/tasks/flutter_engine_group_performance.dart:24:9 • undefined_class
  error • The name 'AndroidDevice' isn't a type, so it can't be used in an 'as' expression • flutter/dev/devicelab/bin/tasks/flutter_engine_group_performance.dart:24:63 • cast_to_non_type
  error • The name 'TaskResult' isn't a type, so it can't be used as a type argument • flutter/dev/devicelab/bin/tasks/flutter_engine_group_performance.dart:65:8 • non_type_as_type_argument
  error • Undefined class 'TaskResult' • flutter/dev/devicelab/bin/tasks/flutter_engine_group_performance.dart:95:5 • undefined_class
  error • Undefined class 'AndroidDevice' • flutter/dev/devicelab/bin/tasks/flutter_engine_group_performance.dart:96:50 • undefined_class
  error • Undefined name 'TaskResult' • flutter/dev/devicelab/bin/tasks/flutter_engine_group_performance.dart:117:16 • undefined_identifier
  error • Undefined name 'TaskResult' • flutter/dev/devicelab/bin/tasks/flutter_engine_group_performance.dart:120:22 • undefined_identifier
  error • Undefined name 'TaskResult' • flutter/dev/devicelab/bin/tasks/flutter_engine_group_performance.dart:123:12 • undefined_identifier
  error • The function 'task' isn't defined • flutter/dev/devicelab/bin/tasks/flutter_engine_group_performance.dart:128:9 • undefined_function
  error • Target of URI doesn't exist: 'package:flutter_devicelab/framework/devices.dart' • flutter/dev/devicelab/bin/tasks/flutter_gallery__back_button_memory.dart:5:8 • uri_does_not_exist
  error • Target of URI doesn't exist: 'package:flutter_devicelab/framework/framework.dart' • flutter/dev/devicelab/bin/tasks/flutter_gallery__back_button_memory.dart:6:8 • uri_does_not_exist
  error • Target of URI doesn't exist: 'package:flutter_devicelab/framework/utils.dart' • flutter/dev/devicelab/bin/tasks/flutter_gallery__back_button_memory.dart:7:8 • uri_does_not_exist
  error • Target of URI doesn't exist: 'package:flutter_devicelab/tasks/perf_tests.dart' • flutter/dev/devicelab/bin/tasks/flutter_gallery__back_button_memory.dart:8:8 • uri_does_not_exist
  error • Classes can only extend other classes • flutter/dev/devicelab/bin/tasks/flutter_gallery__back_button_memory.dart:15:36 • extends_non_class
  error • Too many positional arguments: 0 expected, but 3 found • flutter/dev/devicelab/bin/tasks/flutter_gallery__back_button_memory.dart:18:9 • extra_positional_arguments
  error • Undefined name 'flutterDirectory' • flutter/dev/devicelab/bin/tasks/flutter_gallery__back_button_memory.dart:18:12 • undefined_identifier
  error • Undefined class 'AndroidDevice' • flutter/dev/devicelab/bin/tasks/flutter_gallery__back_button_memory.dart:24:3 • undefined_class
warning • The getter doesn't override an inherited getter • flutter/dev/devicelab/bin/tasks/flutter_gallery__back_button_memory.dart:24:22 • override_on_non_overriding_member
  error • The getter 'device' isn't defined in a superclass of 'BackButtonMemoryTest' • flutter/dev/devicelab/bin/tasks/flutter_gallery__back_button_memory.dart:24:38 • undefined_super_member
  error • The name 'AndroidDevice' isn't a type, so it can't be used in an 'as' expression • flutter/dev/devicelab/bin/tasks/flutter_gallery__back_button_memory.dart:24:48 • cast_to_non_type
   info • Unreachable member 'iterationCount' in an executable library • flutter/dev/devicelab/bin/tasks/flutter_gallery__back_button_memory.dart:27:11 • unreachable_from_main
warning • The getter doesn't override an inherited getter • flutter/dev/devicelab/bin/tasks/flutter_gallery__back_button_memory.dart:27:11 • override_on_non_overriding_member
   info • Unreachable member 'useMemory' in an executable library • flutter/dev/devicelab/bin/tasks/flutter_gallery__back_button_memory.dart:31:16 • unreachable_from_main
warning • The method doesn't override an inherited method • flutter/dev/devicelab/bin/tasks/flutter_gallery__back_button_memory.dart:31:16 • override_on_non_overriding_member
  error • The method 'launchApp' isn't defined for the type 'BackButtonMemoryTest' • flutter/dev/devicelab/bin/tasks/flutter_gallery__back_button_memory.dart:32:11 • undefined_method
  error • The method 'recordStart' isn't defined for the type 'BackButtonMemoryTest' • flutter/dev/devicelab/bin/tasks/flutter_gallery__back_button_memory.dart:33:11 • undefined_method
  error • The method 'prepareForNextMessage' isn't defined for the type 'BackButtonMemoryTest' • flutter/dev/devicelab/bin/tasks/flutter_gallery__back_button_memory.dart:38:7 • undefined_method
  error • Undefined name 'receivedNextMessage' • flutter/dev/devicelab/bin/tasks/flutter_gallery__back_button_memory.dart:40:13 • undefined_identifier
  error • The method 'prepareForNextMessage' isn't defined for the type 'BackButtonMemoryTest' • flutter/dev/devicelab/bin/tasks/flutter_gallery__back_button_memory.dart:46:7 • undefined_method
  error • The method 'fail' isn't defined for the type 'BackButtonMemoryTest' • flutter/dev/devicelab/bin/tasks/flutter_gallery__back_button_memory.dart:54:9 • undefined_method
  error • Undefined name 'receivedNextMessage' • flutter/dev/devicelab/bin/tasks/flutter_gallery__back_button_memory.dart:56:13 • undefined_identifier
  error • The method 'recordEnd' isn't defined for the type 'BackButtonMemoryTest' • flutter/dev/devicelab/bin/tasks/flutter_gallery__back_button_memory.dart:61:11 • undefined_method
  error • Undefined name 'deviceOperatingSystem' • flutter/dev/devicelab/bin/tasks/flutter_gallery__back_button_memory.dart:66:3 • undefined_identifier
  error • Undefined name 'DeviceOperatingSystem' • flutter/dev/devicelab/bin/tasks/flutter_gallery__back_button_memory.dart:66:27 • undefined_identifier
  error • The function 'task' isn't defined • flutter/dev/devicelab/bin/tasks/flutter_gallery__back_button_memory.dart:67:9 • undefined_function
  error • The getter 'run' isn't defined for the type 'BackButtonMemoryTest' • flutter/dev/devicelab/bin/tasks/flutter_gallery__back_button_memory.dart:67:37 • undefined_getter
  error • Target of URI doesn't exist: 'package:flutter_devicelab/framework/framework.dart' • flutter/dev/devicelab/bin/tasks/flutter_gallery__image_cache_memory.dart:5:8 • uri_does_not_exist
  error • Target of URI doesn't exist: 'package:flutter_devicelab/framework/utils.dart' • flutter/dev/devicelab/bin/tasks/flutter_gallery__image_cache_memory.dart:6:8 • uri_does_not_exist
  error • Target of URI doesn't exist: 'package:flutter_devicelab/tasks/perf_tests.dart' • flutter/dev/devicelab/bin/tasks/flutter_gallery__image_cache_memory.dart:7:8 • uri_does_not_exist
  error • The function 'task' isn't defined • flutter/dev/devicelab/bin/tasks/flutter_gallery__image_cache_memory.dart:10:9 • undefined_function
  error • The function 'MemoryTest' isn't defined • flutter/dev/devicelab/bin/tasks/flutter_gallery__image_cache_memory.dart:11:5 • undefined_function
  error • Undefined name 'flutterDirectory' • flutter/dev/devicelab/bin/tasks/flutter_gallery__image_cache_memory.dart:12:10 • undefined_identifier
  error • Target of URI doesn't exist: 'package:flutter_devicelab/framework/framework.dart' • flutter/dev/devicelab/bin/tasks/flutter_gallery__memory_nav.dart:5:8 • uri_does_not_exist
  error • Target of URI doesn't exist: 'package:flutter_devicelab/framework/utils.dart' • flutter/dev/devicelab/bin/tasks/flutter_gallery__memory_nav.dart:6:8 • uri_does_not_exist
  error • Target of URI doesn't exist: 'package:flutter_devicelab/tasks/perf_tests.dart' • flutter/dev/devicelab/bin/tasks/flutter_gallery__memory_nav.dart:7:8 • uri_does_not_exist
  error • The function 'task' isn't defined • flutter/dev/devicelab/bin/tasks/flutter_gallery__memory_nav.dart:10:9 • undefined_function
  error • The function 'MemoryTest' isn't defined • flutter/dev/devicelab/bin/tasks/flutter_gallery__memory_nav.dart:11:5 • undefined_function
  error • Undefined name 'flutterDirectory' • flutter/dev/devicelab/bin/tasks/flutter_gallery__memory_nav.dart:12:10 • undefined_identifier
  error • Target of URI doesn't exist: 'package:flutter_devicelab/framework/devices.dart' • flutter/dev/devicelab/bin/tasks/flutter_gallery__start_up.dart:5:8 • uri_does_not_exist
  error • Target of URI doesn't exist: 'package:flutter_devicelab/framework/framework.dart' • flutter/dev/devicelab/bin/tasks/flutter_gallery__start_up.dart:6:8 • uri_does_not_exist
  error • Target of URI doesn't exist: 'package:flutter_devicelab/tasks/perf_tests.dart' • flutter/dev/devicelab/bin/tasks/flutter_gallery__start_up.dart:7:8 • uri_does_not_exist
  error • Undefined name 'deviceOperatingSystem' • flutter/dev/devicelab/bin/tasks/flutter_gallery__start_up.dart:10:3 • undefined_identifier
  error • Undefined name 'DeviceOperatingSystem' • flutter/dev/devicelab/bin/tasks/flutter_gallery__start_up.dart:10:27 • undefined_identifier
  error • The function 'task' isn't defined • flutter/dev/devicelab/bin/tasks/flutter_gallery__start_up.dart:11:9 • undefined_function
  error • The function 'createFlutterGalleryStartupTest' isn't defined • flutter/dev/devicelab/bin/tasks/flutter_gallery__start_up.dart:11:14 • undefined_function
  error • Target of URI doesn't exist: 'package:flutter_devicelab/framework/devices.dart' • flutter/dev/devicelab/bin/tasks/flutter_gallery__start_up_delayed.dart:5:8 • uri_does_not_exist
  error • Target of URI doesn't exist: 'package:flutter_devicelab/framework/framework.dart' • flutter/dev/devicelab/bin/tasks/flutter_gallery__start_up_delayed.dart:6:8 • uri_does_not_exist
  error • Target of URI doesn't exist: 'package:flutter_devicelab/tasks/perf_tests.dart' • flutter/dev/devicelab/bin/tasks/flutter_gallery__start_up_delayed.dart:7:8 • uri_does_not_exist
  error • Undefined name 'deviceOperatingSystem' • flutter/dev/devicelab/bin/tasks/flutter_gallery__start_up_delayed.dart:10:3 • undefined_identifier
  error • Undefined name 'DeviceOperatingSystem' • flutter/dev/devicelab/bin/tasks/flutter_gallery__start_up_delayed.dart:10:27 • undefined_identifier
  error • The function 'task' isn't defined • flutter/dev/devicelab/bin/tasks/flutter_gallery__start_up_delayed.dart:11:9 • undefined_function
  error • The function 'createFlutterGalleryStartupTest' isn't defined • flutter/dev/devicelab/bin/tasks/flutter_gallery__start_up_delayed.dart:11:14 • undefined_function
  error • Target of URI doesn't exist: 'package:flutter_devicelab/framework/devices.dart' • flutter/dev/devicelab/bin/tasks/flutter_gallery__transition_perf.dart:5:8 • uri_does_not_exist
  error • Target of URI doesn't exist: 'package:flutter_devicelab/framework/framework.dart' • flutter/dev/devicelab/bin/tasks/flutter_gallery__transition_perf.dart:6:8 • uri_does_not_exist
  error • Target of URI doesn't exist: 'package:flutter_devicelab/tasks/gallery.dart' • flutter/dev/devicelab/bin/tasks/flutter_gallery__transition_perf.dart:7:8 • uri_does_not_exist
  error • Undefined name 'deviceOperatingSystem' • flutter/dev/devicelab/bin/tasks/flutter_gallery__transition_perf.dart:10:3 • undefined_identifier
  error • Undefined name 'DeviceOperatingSystem' • flutter/dev/devicelab/bin/tasks/flutter_gallery__transition_perf.dart:10:27 • undefined_identifier
  error • The function 'task' isn't defined • flutter/dev/devicelab/bin/tasks/flutter_gallery__transition_perf.dart:11:9 • undefined_function
  error • The function 'createGalleryTransitionBuildTest' isn't defined • flutter/dev/devicelab/bin/tasks/flutter_gallery__transition_perf.dart:11:14 • undefined_function
  error • Target of URI doesn't exist: 'package:flutter_devicelab/framework/devices.dart' • flutter/dev/devicelab/bin/tasks/flutter_gallery__transition_perf_e2e.dart:5:8 • uri_does_not_exist
  error • Target of URI doesn't exist: 'package:flutter_devicelab/framework/framework.dart' • flutter/dev/devicelab/bin/tasks/flutter_gallery__transition_perf_e2e.dart:6:8 • uri_does_not_exist
  error • Target of URI doesn't exist: 'package:flutter_devicelab/tasks/gallery.dart' • flutter/dev/devicelab/bin/tasks/flutter_gallery__transition_perf_e2e.dart:7:8 • uri_does_not_exist
  error • Undefined name 'deviceOperatingSystem' • flutter/dev/devicelab/bin/tasks/flutter_gallery__transition_perf_e2e.dart:10:3 • undefined_identifier
  error • Undefined name 'DeviceOperatingSystem' • flutter/dev/devicelab/bin/tasks/flutter_gallery__transition_perf_e2e.dart:10:27 • undefined_identifier
  error • The function 'task' isn't defined • flutter/dev/devicelab/bin/tasks/flutter_gallery__transition_perf_e2e.dart:11:9 • undefined_function
  error • The function 'createGalleryTransitionE2EBuildTest' isn't defined • flutter/dev/devicelab/bin/tasks/flutter_gallery__transition_perf_e2e.dart:11:14 • undefined_function
  error • Target of URI doesn't exist: 'package:flutter_devicelab/framework/devices.dart' • flutter/dev/devicelab/bin/tasks/flutter_gallery__transition_perf_e2e_ios.dart:5:8 • uri_does_not_exist
  error • Target of URI doesn't exist: 'package:flutter_devicelab/framework/framework.dart' • flutter/dev/devicelab/bin/tasks/flutter_gallery__transition_perf_e2e_ios.dart:6:8 • uri_does_not_exist
  error • Target of URI doesn't exist: 'package:flutter_devicelab/tasks/gallery.dart' • flutter/dev/devicelab/bin/tasks/flutter_gallery__transition_perf_e2e_ios.dart:7:8 • uri_does_not_exist
  error • Undefined name 'deviceOperatingSystem' • flutter/dev/devicelab/bin/tasks/flutter_gallery__transition_perf_e2e_ios.dart:10:3 • undefined_identifier
  error • Undefined name 'DeviceOperatingSystem' • flutter/dev/devicelab/bin/tasks/flutter_gallery__transition_perf_e2e_ios.dart:10:27 • undefined_identifier
  error • The function 'task' isn't defined • flutter/dev/devicelab/bin/tasks/flutter_gallery__transition_perf_e2e_ios.dart:11:9 • undefined_function
  error • The function 'createGalleryTransitionE2EBuildTest' isn't defined • flutter/dev/devicelab/bin/tasks/flutter_gallery__transition_perf_e2e_ios.dart:11:14 • undefined_function
  error • Target of URI doesn't exist: 'package:flutter_devicelab/framework/devices.dart' • flutter/dev/devicelab/bin/tasks/flutter_gallery__transition_perf_hybrid.dart:5:8 • uri_does_not_exist
  error • Target of URI doesn't exist: 'package:flutter_devicelab/framework/framework.dart' • flutter/dev/devicelab/bin/tasks/flutter_gallery__transition_perf_hybrid.dart:6:8 • uri_does_not_exist
  error • Target of URI doesn't exist: 'package:flutter_devicelab/tasks/gallery.dart' • flutter/dev/devicelab/bin/tasks/flutter_gallery__transition_perf_hybrid.dart:7:8 • uri_does_not_exist
  error • Undefined name 'deviceOperatingSystem' • flutter/dev/devicelab/bin/tasks/flutter_gallery__transition_perf_hybrid.dart:10:3 • undefined_identifier
  error • Undefined name 'DeviceOperatingSystem' • flutter/dev/devicelab/bin/tasks/flutter_gallery__transition_perf_hybrid.dart:10:27 • undefined_identifier
  error • The function 'task' isn't defined • flutter/dev/devicelab/bin/tasks/flutter_gallery__transition_perf_hybrid.dart:11:9 • undefined_function
  error • The function 'createGalleryTransitionHybridBuildTest' isn't defined • flutter/dev/devicelab/bin/tasks/flutter_gallery__transition_perf_hybrid.dart:11:14 • undefined_function
  error • Target of URI doesn't exist: 'package:flutter_devicelab/framework/devices.dart' • flutter/dev/devicelab/bin/tasks/flutter_gallery__transition_perf_with_semantics.dart:5:8 • uri_does_not_exist
  error • Target of URI doesn't exist: 'package:flutter_devicelab/framework/framework.dart' • flutter/dev/devicelab/bin/tasks/flutter_gallery__transition_perf_with_semantics.dart:6:8 • uri_does_not_exist
  error • Target of URI doesn't exist: 'package:flutter_devicelab/framework/task_result.dart' • flutter/dev/devicelab/bin/tasks/flutter_gallery__transition_perf_with_semantics.dart:7:8 • uri_does_not_exist
  error • Target of URI doesn't exist: 'package:flutter_devicelab/tasks/gallery.dart' • flutter/dev/devicelab/bin/tasks/flutter_gallery__transition_perf_with_semantics.dart:8:8 • uri_does_not_exist
  error • Undefined name 'deviceOperatingSystem' • flutter/dev/devicelab/bin/tasks/flutter_gallery__transition_perf_with_semantics.dart:11:3 • undefined_identifier
  error • Undefined name 'DeviceOperatingSystem' • flutter/dev/devicelab/bin/tasks/flutter_gallery__transition_perf_with_semantics.dart:11:27 • undefined_identifier
  error • The function 'task' isn't defined • flutter/dev/devicelab/bin/tasks/flutter_gallery__transition_perf_with_semantics.dart:12:9 • undefined_function
  error • Undefined class 'TaskResult' • flutter/dev/devicelab/bin/tasks/flutter_gallery__transition_perf_with_semantics.dart:13:11 • undefined_class
  error • The function 'createGalleryTransitionTest' isn't defined • flutter/dev/devicelab/bin/tasks/flutter_gallery__transition_perf_with_semantics.dart:13:47 • undefined_function
  error • Undefined class 'TaskResult' • flutter/dev/devicelab/bin/tasks/flutter_gallery__transition_perf_with_semantics.dart:14:11 • undefined_class
  error • The function 'createGalleryTransitionTest' isn't defined • flutter/dev/devicelab/bin/tasks/flutter_gallery__transition_perf_with_semantics.dart:14:44 • undefined_function
  error • Undefined name 'TaskResult' • flutter/dev/devicelab/bin/tasks/flutter_gallery__transition_perf_with_semantics.dart:29:14 • undefined_identifier
  error • Undefined name 'TaskResult' • flutter/dev/devicelab/bin/tasks/flutter_gallery__transition_perf_with_semantics.dart:42:12 • undefined_identifier
  error • Target of URI doesn't exist: 'package:flutter_devicelab/framework/devices.dart' • flutter/dev/devicelab/bin/tasks/flutter_gallery_android__compile.dart:5:8 • uri_does_not_exist
  error • Target of URI doesn't exist: 'package:flutter_devicelab/framework/framework.dart' • flutter/dev/devicelab/bin/tasks/flutter_gallery_android__compile.dart:6:8 • uri_does_not_exist
  error • Target of URI doesn't exist: 'package:flutter_devicelab/tasks/perf_tests.dart' • flutter/dev/devicelab/bin/tasks/flutter_gallery_android__compile.dart:7:8 • uri_does_not_exist
  error • Undefined name 'deviceOperatingSystem' • flutter/dev/devicelab/bin/tasks/flutter_gallery_android__compile.dart:10:3 • undefined_identifier
  error • Undefined name 'DeviceOperatingSystem' • flutter/dev/devicelab/bin/tasks/flutter_gallery_android__compile.dart:10:27 • undefined_identifier
  error • The function 'task' isn't defined • flutter/dev/devicelab/bin/tasks/flutter_gallery_android__compile.dart:11:9 • undefined_function
  error • The function 'createFlutterGalleryCompileTest' isn't defined • flutter/dev/devicelab/bin/tasks/flutter_gallery_android__compile.dart:11:14 • undefined_function
  error • Target of URI doesn't exist: 'package:flutter_devicelab/framework/devices.dart' • flutter/dev/devicelab/bin/tasks/flutter_gallery_ios__compile.dart:5:8 • uri_does_not_exist
  error • Target of URI doesn't exist: 'package:flutter_devicelab/framework/framework.dart' • flutter/dev/devicelab/bin/tasks/flutter_gallery_ios__compile.dart:6:8 • uri_does_not_exist
  error • Target of URI doesn't exist: 'package:flutter_devicelab/tasks/perf_tests.dart' • flutter/dev/devicelab/bin/tasks/flutter_gallery_ios__compile.dart:7:8 • uri_does_not_exist
  error • Undefined name 'deviceOperatingSystem' • flutter/dev/devicelab/bin/tasks/flutter_gallery_ios__compile.dart:10:3 • undefined_identifier
  error • Undefined name 'DeviceOperatingSystem' • flutter/dev/devicelab/bin/tasks/flutter_gallery_ios__compile.dart:10:27 • undefined_identifier
  error • The function 'task' isn't defined • flutter/dev/devicelab/bin/tasks/flutter_gallery_ios__compile.dart:11:9 • undefined_function
  error • The function 'createFlutterGalleryCompileTest' isn't defined • flutter/dev/devicelab/bin/tasks/flutter_gallery_ios__compile.dart:11:14 • undefined_function
  error • Target of URI doesn't exist: 'package:flutter_devicelab/framework/devices.dart' • flutter/dev/devicelab/bin/tasks/flutter_gallery_ios__start_up.dart:5:8 • uri_does_not_exist
  error • Target of URI doesn't exist: 'package:flutter_devicelab/framework/framework.dart' • flutter/dev/devicelab/bin/tasks/flutter_gallery_ios__start_up.dart:6:8 • uri_does_not_exist
  error • Target of URI doesn't exist: 'package:flutter_devicelab/tasks/perf_tests.dart' • flutter/dev/devicelab/bin/tasks/flutter_gallery_ios__start_up.dart:7:8 • uri_does_not_exist
  error • Undefined name 'deviceOperatingSystem' • flutter/dev/devicelab/bin/tasks/flutter_gallery_ios__start_up.dart:10:3 • undefined_identifier
  error • Undefined name 'DeviceOperatingSystem' • flutter/dev/devicelab/bin/tasks/flutter_gallery_ios__start_up.dart:10:27 • undefined_identifier
  error • The function 'task' isn't defined • flutter/dev/devicelab/bin/tasks/flutter_gallery_ios__start_up.dart:11:9 • undefined_function
  error • The function 'createFlutterGalleryStartupTest' isn't defined • flutter/dev/devicelab/bin/tasks/flutter_gallery_ios__start_up.dart:11:14 • undefined_function
  error • Target of URI doesn't exist: 'package:flutter_devicelab/framework/devices.dart' • flutter/dev/devicelab/bin/tasks/flutter_gallery_lazy__start_up.dart:5:8 • uri_does_not_exist
  error • Target of URI doesn't exist: 'package:flutter_devicelab/framework/framework.dart' • flutter/dev/devicelab/bin/tasks/flutter_gallery_lazy__start_up.dart:6:8 • uri_does_not_exist
  error • Target of URI doesn't exist: 'package:flutter_devicelab/tasks/perf_tests.dart' • flutter/dev/devicelab/bin/tasks/flutter_gallery_lazy__start_up.dart:7:8 • uri_does_not_exist
  error • Undefined name 'deviceOperatingSystem' • flutter/dev/devicelab/bin/tasks/flutter_gallery_lazy__start_up.dart:10:3 • undefined_identifier
  error • Undefined name 'DeviceOperatingSystem' • flutter/dev/devicelab/bin/tasks/flutter_gallery_lazy__start_up.dart:10:27 • undefined_identifier
  error • The function 'task' isn't defined • flutter/dev/devicelab/bin/tasks/flutter_gallery_lazy__start_up.dart:11:9 • undefined_function
  error • The function 'createFlutterGalleryStartupTest' isn't defined • flutter/dev/devicelab/bin/tasks/flutter_gallery_lazy__start_up.dart:11:14 • undefined_function
  error • Target of URI doesn't exist: 'package:flutter_devicelab/framework/devices.dart' • flutter/dev/devicelab/bin/tasks/flutter_gallery_macos__compile.dart:5:8 • uri_does_not_exist
  error • Target of URI doesn't exist: 'package:flutter_devicelab/framework/framework.dart' • flutter/dev/devicelab/bin/tasks/flutter_gallery_macos__compile.dart:6:8 • uri_does_not_exist
  error • Target of URI doesn't exist: 'package:flutter_devicelab/tasks/perf_tests.dart' • flutter/dev/devicelab/bin/tasks/flutter_gallery_macos__compile.dart:7:8 • uri_does_not_exist
  error • Undefined name 'deviceOperatingSystem' • flutter/dev/devicelab/bin/tasks/flutter_gallery_macos__compile.dart:10:3 • undefined_identifier
  error • Undefined name 'DeviceOperatingSystem' • flutter/dev/devicelab/bin/tasks/flutter_gallery_macos__compile.dart:10:27 • undefined_identifier
  error • The function 'task' isn't defined • flutter/dev/devicelab/bin/tasks/flutter_gallery_macos__compile.dart:11:9 • undefined_function
  error • The function 'createFlutterGalleryCompileTest' isn't defined • flutter/dev/devicelab/bin/tasks/flutter_gallery_macos__compile.dart:11:14 • undefined_function
  error • Target of URI doesn't exist: 'package:flutter_devicelab/framework/devices.dart' • flutter/dev/devicelab/bin/tasks/flutter_gallery_macos__start_up.dart:5:8 • uri_does_not_exist
  error • Target of URI doesn't exist: 'package:flutter_devicelab/framework/framework.dart' • flutter/dev/devicelab/bin/tasks/flutter_gallery_macos__start_up.dart:6:8 • uri_does_not_exist
  error • Target of URI doesn't exist: 'package:flutter_devicelab/tasks/perf_tests.dart' • flutter/dev/devicelab/bin/tasks/flutter_gallery_macos__start_up.dart:7:8 • uri_does_not_exist
  error • Undefined name 'deviceOperatingSystem' • flutter/dev/devicelab/bin/tasks/flutter_gallery_macos__start_up.dart:10:3 • undefined_identifier
  error • Undefined name 'DeviceOperatingSystem' • flutter/dev/devicelab/bin/tasks/flutter_gallery_macos__start_up.dart:10:27 • undefined_identifier
  error • The function 'task' isn't defined • flutter/dev/devicelab/bin/tasks/flutter_gallery_macos__start_up.dart:11:9 • undefined_function
  error • The function 'createFlutterGalleryStartupTest' isn't defined • flutter/dev/devicelab/bin/tasks/flutter_gallery_macos__start_up.dart:11:14 • undefined_function
  error • Target of URI doesn't exist: 'package:flutter_devicelab/framework/framework.dart' • flutter/dev/devicelab/bin/tasks/flutter_gallery_v2_chrome_run_test.dart:9:8 • uri_does_not_exist
  error • Target of URI doesn't exist: 'package:flutter_devicelab/framework/task_result.dart' • flutter/dev/devicelab/bin/tasks/flutter_gallery_v2_chrome_run_test.dart:10:8 • uri_does_not_exist
  error • Target of URI doesn't exist: 'package:flutter_devicelab/framework/utils.dart' • flutter/dev/devicelab/bin/tasks/flutter_gallery_v2_chrome_run_test.dart:11:8 • uri_does_not_exist
  error • The function 'task' isn't defined • flutter/dev/devicelab/bin/tasks/flutter_gallery_v2_chrome_run_test.dart:14:9 • undefined_function
  error • The name 'TaskResult' isn't a type, so it can't be used as a type argument • flutter/dev/devicelab/bin/tasks/flutter_gallery_v2_chrome_run_test.dart:34:10 • non_type_as_type_argument
  error • Undefined class 'TaskResult' • flutter/dev/devicelab/bin/tasks/flutter_gallery_v2_chrome_run_test.dart:35:11 • undefined_class
  error • The method 'inDirectory' isn't defined for the type 'NewGalleryChromeRunTest' • flutter/dev/devicelab/bin/tasks/flutter_gallery_v2_chrome_run_test.dart:35:37 • undefined_method
  error • The name 'TaskResult' isn't a type, so it can't be used as a type argument • flutter/dev/devicelab/bin/tasks/flutter_gallery_v2_chrome_run_test.dart:35:49 • non_type_as_type_argument
  error • Undefined name 'flutterDirectory' • flutter/dev/devicelab/bin/tasks/flutter_gallery_v2_chrome_run_test.dart:36:10 • undefined_identifier
  error • The method 'flutter' isn't defined for the type 'NewGalleryChromeRunTest' • flutter/dev/devicelab/bin/tasks/flutter_gallery_v2_chrome_run_test.dart:38:15 • undefined_method
  error • The method 'flutter' isn't defined for the type 'NewGalleryChromeRunTest' • flutter/dev/devicelab/bin/tasks/flutter_gallery_v2_chrome_run_test.dart:42:15 • undefined_method
  error • The method 'flutter' isn't defined for the type 'NewGalleryChromeRunTest' • flutter/dev/devicelab/bin/tasks/flutter_gallery_v2_chrome_run_test.dart:43:15 • undefined_method
  error • The method 'flutter' isn't defined for the type 'NewGalleryChromeRunTest' • flutter/dev/devicelab/bin/tasks/flutter_gallery_v2_chrome_run_test.dart:45:15 • undefined_method
  error • The method 'startFlutter' isn't defined for the type 'NewGalleryChromeRunTest' • flutter/dev/devicelab/bin/tasks/flutter_gallery_v2_chrome_run_test.dart:48:39 • undefined_method
  error • Undefined name 'TaskResult' • flutter/dev/devicelab/bin/tasks/flutter_gallery_v2_chrome_run_test.dart:93:18 • undefined_identifier
  error • Undefined name 'TaskResult' • flutter/dev/devicelab/bin/tasks/flutter_gallery_v2_chrome_run_test.dart:95:18 • undefined_identifier
  error • Target of URI doesn't exist: 'package:flutter_devicelab/framework/framework.dart' • flutter/dev/devicelab/bin/tasks/flutter_gallery_v2_web_compile_test.dart:5:8 • uri_does_not_exist
  error • Target of URI doesn't exist: 'package:flutter_devicelab/framework/task_result.dart' • flutter/dev/devicelab/bin/tasks/flutter_gallery_v2_web_compile_test.dart:6:8 • uri_does_not_exist
  error • Target of URI doesn't exist: 'package:flutter_devicelab/framework/utils.dart' • flutter/dev/devicelab/bin/tasks/flutter_gallery_v2_web_compile_test.dart:7:8 • uri_does_not_exist
  error • Target of URI doesn't exist: 'package:flutter_devicelab/tasks/perf_tests.dart' • flutter/dev/devicelab/bin/tasks/flutter_gallery_v2_web_compile_test.dart:8:8 • uri_does_not_exist
  error • The function 'task' isn't defined • flutter/dev/devicelab/bin/tasks/flutter_gallery_v2_web_compile_test.dart:11:9 • undefined_function
  error • The name 'TaskResult' isn't a type, so it can't be used as a type argument • flutter/dev/devicelab/bin/tasks/flutter_gallery_v2_web_compile_test.dart:22:10 • non_type_as_type_argument
  error • The method 'inDirectory' isn't defined for the type 'NewGalleryWebCompileTest' • flutter/dev/devicelab/bin/tasks/flutter_gallery_v2_web_compile_test.dart:23:47 • undefined_method
  error • Undefined name 'flutterDirectory' • flutter/dev/devicelab/bin/tasks/flutter_gallery_v2_web_compile_test.dart:24:10 • undefined_identifier
  error • The method 'flutter' isn't defined for the type 'NewGalleryWebCompileTest' • flutter/dev/devicelab/bin/tasks/flutter_gallery_v2_web_compile_test.dart:26:15 • undefined_method
  error • The method 'flutter' isn't defined for the type 'NewGalleryWebCompileTest' • flutter/dev/devicelab/bin/tasks/flutter_gallery_v2_web_compile_test.dart:28:15 • undefined_method
  error • Undefined name 'flutterDirectory' • flutter/dev/devicelab/bin/tasks/flutter_gallery_v2_web_compile_test.dart:34:25 • undefined_identifier
  error • Undefined name 'TaskResult' • flutter/dev/devicelab/bin/tasks/flutter_gallery_v2_web_compile_test.dart:41:12 • undefined_identifier
  error • Target of URI doesn't exist: 'package:flutter_devicelab/framework/devices.dart' • flutter/dev/devicelab/bin/tasks/flutter_gallery_win__compile.dart:5:8 • uri_does_not_exist
  error • Target of URI doesn't exist: 'package:flutter_devicelab/framework/framework.dart' • flutter/dev/devicelab/bin/tasks/flutter_gallery_win__compile.dart:6:8 • uri_does_not_exist
  error • Target of URI doesn't exist: 'package:flutter_devicelab/tasks/perf_tests.dart' • flutter/dev/devicelab/bin/tasks/flutter_gallery_win__compile.dart:7:8 • uri_does_not_exist
  error • Undefined name 'deviceOperatingSystem' • flutter/dev/devicelab/bin/tasks/flutter_gallery_win__compile.dart:10:3 • undefined_identifier
  error • Undefined name 'DeviceOperatingSystem' • flutter/dev/devicelab/bin/tasks/flutter_gallery_win__compile.dart:10:27 • undefined_identifier
  error • The function 'task' isn't defined • flutter/dev/devicelab/bin/tasks/flutter_gallery_win__compile.dart:11:9 • undefined_function
  error • The function 'createFlutterGalleryCompileTest' isn't defined • flutter/dev/devicelab/bin/tasks/flutter_gallery_win__compile.dart:11:14 • undefined_function
  error • Target of URI doesn't exist: 'package:flutter_devicelab/framework/devices.dart' • flutter/dev/devicelab/bin/tasks/flutter_gallery_win_desktop__compile.dart:5:8 • uri_does_not_exist
  error • Target of URI doesn't exist: 'package:flutter_devicelab/framework/framework.dart' • flutter/dev/devicelab/bin/tasks/flutter_gallery_win_desktop__compile.dart:6:8 • uri_does_not_exist
  error • Target of URI doesn't exist: 'package:flutter_devicelab/tasks/perf_tests.dart' • flutter/dev/devicelab/bin/tasks/flutter_gallery_win_desktop__compile.dart:7:8 • uri_does_not_exist
  error • Undefined name 'deviceOperatingSystem' • flutter/dev/devicelab/bin/tasks/flutter_gallery_win_desktop__compile.dart:10:3 • undefined_identifier
  error • Undefined name 'DeviceOperatingSystem' • flutter/dev/devicelab/bin/tasks/flutter_gallery_win_desktop__compile.dart:10:27 • undefined_identifier
  error • The function 'task' isn't defined • flutter/dev/devicelab/bin/tasks/flutter_gallery_win_desktop__compile.dart:11:9 • undefined_function
  error • The function 'createFlutterGalleryCompileTest' isn't defined • flutter/dev/devicelab/bin/tasks/flutter_gallery_win_desktop__compile.dart:11:14 • undefined_function
  error • Target of URI doesn't exist: 'package:flutter_devicelab/framework/devices.dart' • flutter/dev/devicelab/bin/tasks/flutter_gallery_win_desktop__start_up.dart:5:8 • uri_does_not_exist
  error • Target of URI doesn't exist: 'package:flutter_devicelab/framework/framework.dart' • flutter/dev/devicelab/bin/tasks/flutter_gallery_win_desktop__start_up.dart:6:8 • uri_does_not_exist
  error • Target of URI doesn't exist: 'package:flutter_devicelab/tasks/perf_tests.dart' • flutter/dev/devicelab/bin/tasks/flutter_gallery_win_desktop__start_up.dart:7:8 • uri_does_not_exist
  error • Undefined name 'deviceOperatingSystem' • flutter/dev/devicelab/bin/tasks/flutter_gallery_win_desktop__start_up.dart:10:3 • undefined_identifier
  error • Undefined name 'DeviceOperatingSystem' • flutter/dev/devicelab/bin/tasks/flutter_gallery_win_desktop__start_up.dart:10:27 • undefined_identifier
  error • The function 'task' isn't defined • flutter/dev/devicelab/bin/tasks/flutter_gallery_win_desktop__start_up.dart:11:9 • undefined_function
  error • The function 'createFlutterGalleryStartupTest' isn't defined • flutter/dev/devicelab/bin/tasks/flutter_gallery_win_desktop__start_up.dart:11:14 • undefined_function
  error • Target of URI doesn't exist: 'package:flutter_devicelab/framework/framework.dart' • flutter/dev/devicelab/bin/tasks/flutter_test_performance.dart:21:8 • uri_does_not_exist
  error • Target of URI doesn't exist: 'package:flutter_devicelab/framework/task_result.dart' • flutter/dev/devicelab/bin/tasks/flutter_test_performance.dart:22:8 • uri_does_not_exist
  error • Target of URI doesn't exist: 'package:flutter_devicelab/framework/utils.dart' • flutter/dev/devicelab/bin/tasks/flutter_test_performance.dart:23:8 • uri_does_not_exist
  error • The function 'startFlutter' isn't defined • flutter/dev/devicelab/bin/tasks/flutter_test_performance.dart:41:34 • undefined_function
  error • Undefined name 'flutterDirectory' • flutter/dev/devicelab/bin/tasks/flutter_test_performance.dart:48:33 • undefined_identifier
  error • The function 'inDirectory' isn't defined • flutter/dev/devicelab/bin/tasks/flutter_test_performance.dart:117:11 • undefined_function
  error • The function 'flutter' isn't defined • flutter/dev/devicelab/bin/tasks/flutter_test_performance.dart:118:13 • undefined_function
  error • The function 'task' isn't defined • flutter/dev/devicelab/bin/tasks/flutter_test_performance.dart:124:3 • undefined_function
  error • Undefined name 'flutterDirectory' • flutter/dev/devicelab/bin/tasks/flutter_test_performance.dart:127:9 • undefined_identifier
  error • Undefined name 'flutterDirectory' • flutter/dev/devicelab/bin/tasks/flutter_test_performance.dart:137:27 • undefined_identifier
  error • Undefined name 'TaskResult' • flutter/dev/devicelab/bin/tasks/flutter_test_performance.dart:170:14 • undefined_identifier
  error • Target of URI doesn't exist: 'package:flutter_devicelab/framework/framework.dart' • flutter/dev/devicelab/bin/tasks/flutter_tool_startup.dart:5:8 • uri_does_not_exist
  error • Target of URI doesn't exist: 'package:flutter_devicelab/tasks/flutter_tool_startup.dart' • flutter/dev/devicelab/bin/tasks/flutter_tool_startup.dart:6:8 • uri_does_not_exist
  error • The function 'task' isn't defined • flutter/dev/devicelab/bin/tasks/flutter_tool_startup.dart:9:9 • undefined_function
  error • Undefined name 'flutterToolStartupBenchmarkTask' • flutter/dev/devicelab/bin/tasks/flutter_tool_startup.dart:9:14 • undefined_identifier
  error • Target of URI doesn't exist: 'package:flutter_devicelab/framework/devices.dart' • flutter/dev/devicelab/bin/tasks/flutter_view__start_up.dart:5:8 • uri_does_not_exist
  error • Target of URI doesn't exist: 'package:flutter_devicelab/framework/framework.dart' • flutter/dev/devicelab/bin/tasks/flutter_view__start_up.dart:6:8 • uri_does_not_exist
  error • Target of URI doesn't exist: 'package:flutter_devicelab/tasks/perf_tests.dart' • flutter/dev/devicelab/bin/tasks/flutter_view__start_up.dart:7:8 • uri_does_not_exist
  error • Undefined name 'deviceOperatingSystem' • flutter/dev/devicelab/bin/tasks/flutter_view__start_up.dart:10:3 • undefined_identifier
  error • Undefined name 'DeviceOperatingSystem' • flutter/dev/devicelab/bin/tasks/flutter_view__start_up.dart:10:27 • undefined_identifier
  error • The function 'task' isn't defined • flutter/dev/devicelab/bin/tasks/flutter_view__start_up.dart:11:9 • undefined_function
  error • The function 'createFlutterViewStartupTest' isn't defined • flutter/dev/devicelab/bin/tasks/flutter_view__start_up.dart:11:14 • undefined_function
  error • Target of URI doesn't exist: 'package:flutter_devicelab/framework/devices.dart' • flutter/dev/devicelab/bin/tasks/flutter_view_ios__start_up.dart:5:8 • uri_does_not_exist
  error • Target of URI doesn't exist: 'package:flutter_devicelab/framework/framework.dart' • flutter/dev/devicelab/bin/tasks/flutter_view_ios__start_up.dart:6:8 • uri_does_not_exist
  error • Target of URI doesn't exist: 'package:flutter_devicelab/tasks/perf_tests.dart' • flutter/dev/devicelab/bin/tasks/flutter_view_ios__start_up.dart:7:8 • uri_does_not_exist
  error • Undefined name 'deviceOperatingSystem' • flutter/dev/devicelab/bin/tasks/flutter_view_ios__start_up.dart:10:3 • undefined_identifier
  error • Undefined name 'DeviceOperatingSystem' • flutter/dev/devicelab/bin/tasks/flutter_view_ios__start_up.dart:10:27 • undefined_identifier
  error • The function 'task' isn't defined • flutter/dev/devicelab/bin/tasks/flutter_view_ios__start_up.dart:11:9 • undefined_function
  error • The function 'createFlutterViewStartupTest' isn't defined • flutter/dev/devicelab/bin/tasks/flutter_view_ios__start_up.dart:11:14 • undefined_function
  error • Target of URI doesn't exist: 'package:flutter_devicelab/framework/devices.dart' • flutter/dev/devicelab/bin/tasks/flutter_view_macos__start_up.dart:5:8 • uri_does_not_exist
  error • Target of URI doesn't exist: 'package:flutter_devicelab/framework/framework.dart' • flutter/dev/devicelab/bin/tasks/flutter_view_macos__start_up.dart:6:8 • uri_does_not_exist
  error • Target of URI doesn't exist: 'package:flutter_devicelab/tasks/perf_tests.dart' • flutter/dev/devicelab/bin/tasks/flutter_view_macos__start_up.dart:7:8 • uri_does_not_exist
  error • Undefined name 'deviceOperatingSystem' • flutter/dev/devicelab/bin/tasks/flutter_view_macos__start_up.dart:10:3 • undefined_identifier
  error • Undefined name 'DeviceOperatingSystem' • flutter/dev/devicelab/bin/tasks/flutter_view_macos__start_up.dart:10:27 • undefined_identifier
  error • The function 'task' isn't defined • flutter/dev/devicelab/bin/tasks/flutter_view_macos__start_up.dart:11:9 • undefined_function
  error • The function 'createFlutterViewStartupTest' isn't defined • flutter/dev/devicelab/bin/tasks/flutter_view_macos__start_up.dart:11:14 • undefined_function
  error • Target of URI doesn't exist: 'package:flutter_devicelab/framework/devices.dart' • flutter/dev/devicelab/bin/tasks/flutter_view_win_desktop__start_up.dart:5:8 • uri_does_not_exist
  error • Target of URI doesn't exist: 'package:flutter_devicelab/framework/framework.dart' • flutter/dev/devicelab/bin/tasks/flutter_view_win_desktop__start_up.dart:6:8 • uri_does_not_exist
  error • Target of URI doesn't exist: 'package:flutter_devicelab/tasks/perf_tests.dart' • flutter/dev/devicelab/bin/tasks/flutter_view_win_desktop__start_up.dart:7:8 • uri_does_not_exist
  error • Undefined name 'deviceOperatingSystem' • flutter/dev/devicelab/bin/tasks/flutter_view_win_desktop__start_up.dart:10:3 • undefined_identifier
  error • Undefined name 'DeviceOperatingSystem' • flutter/dev/devicelab/bin/tasks/flutter_view_win_desktop__start_up.dart:10:27 • undefined_identifier
  error • The function 'task' isn't defined • flutter/dev/devicelab/bin/tasks/flutter_view_win_desktop__start_up.dart:11:9 • undefined_function
  error • The function 'createFlutterViewStartupTest' isn't defined • flutter/dev/devicelab/bin/tasks/flutter_view_win_desktop__start_up.dart:11:14 • undefined_function
  error • Target of URI doesn't exist: 'package:flutter_devicelab/framework/devices.dart' • flutter/dev/devicelab/bin/tasks/fullscreen_textfield_perf.dart:5:8 • uri_does_not_exist
  error • Target of URI doesn't exist: 'package:flutter_devicelab/framework/framework.dart' • flutter/dev/devicelab/bin/tasks/fullscreen_textfield_perf.dart:6:8 • uri_does_not_exist
  error • Target of URI doesn't exist: 'package:flutter_devicelab/tasks/perf_tests.dart' • flutter/dev/devicelab/bin/tasks/fullscreen_textfield_perf.dart:7:8 • uri_does_not_exist
  error • Undefined name 'deviceOperatingSystem' • flutter/dev/devicelab/bin/tasks/fullscreen_textfield_perf.dart:10:3 • undefined_identifier
  error • Undefined name 'DeviceOperatingSystem' • flutter/dev/devicelab/bin/tasks/fullscreen_textfield_perf.dart:10:27 • undefined_identifier
  error • The function 'task' isn't defined • flutter/dev/devicelab/bin/tasks/fullscreen_textfield_perf.dart:11:9 • undefined_function
  error • The function 'createFullscreenTextfieldPerfTest' isn't defined • flutter/dev/devicelab/bin/tasks/fullscreen_textfield_perf.dart:11:14 • undefined_function
  error • Target of URI doesn't exist: 'package:flutter_devicelab/framework/devices.dart' • flutter/dev/devicelab/bin/tasks/fullscreen_textfield_perf__e2e_summary.dart:7:8 • uri_does_not_exist
  error • Target of URI doesn't exist: 'package:flutter_devicelab/framework/framework.dart' • flutter/dev/devicelab/bin/tasks/fullscreen_textfield_perf__e2e_summary.dart:8:8 • uri_does_not_exist
  error • Target of URI doesn't exist: 'package:flutter_devicelab/tasks/perf_tests.dart' • flutter/dev/devicelab/bin/tasks/fullscreen_textfield_perf__e2e_summary.dart:9:8 • uri_does_not_exist
  error • Undefined name 'deviceOperatingSystem' • flutter/dev/devicelab/bin/tasks/fullscreen_textfield_perf__e2e_summary.dart:12:3 • undefined_identifier
  error • Undefined name 'DeviceOperatingSystem' • flutter/dev/devicelab/bin/tasks/fullscreen_textfield_perf__e2e_summary.dart:12:27 • undefined_identifier
  error • The function 'task' isn't defined • flutter/dev/devicelab/bin/tasks/fullscreen_textfield_perf__e2e_summary.dart:13:9 • undefined_function
  error • The function 'createFullscreenTextfieldPerfE2ETest' isn't defined • flutter/dev/devicelab/bin/tasks/fullscreen_textfield_perf__e2e_summary.dart:13:14 • undefined_function
  error • Target of URI doesn't exist: 'package:flutter_devicelab/framework/devices.dart' • flutter/dev/devicelab/bin/tasks/fullscreen_textfield_perf__timeline_summary.dart:5:8 • uri_does_not_exist
  error • Target of URI doesn't exist: 'package:flutter_devicelab/framework/framework.dart' • flutter/dev/devicelab/bin/tasks/fullscreen_textfield_perf__timeline_summary.dart:6:8 • uri_does_not_exist
  error • Target of URI doesn't exist: 'package:flutter_devicelab/tasks/perf_tests.dart' • flutter/dev/devicelab/bin/tasks/fullscreen_textfield_perf__timeline_summary.dart:7:8 • uri_does_not_exist
  error • Undefined name 'deviceOperatingSystem' • flutter/dev/devicelab/bin/tasks/fullscreen_textfield_perf__timeline_summary.dart:10:3 • undefined_identifier
  error • Undefined name 'DeviceOperatingSystem' • flutter/dev/devicelab/bin/tasks/fullscreen_textfield_perf__timeline_summary.dart:10:27 • undefined_identifier
  error • The function 'task' isn't defined • flutter/dev/devicelab/bin/tasks/fullscreen_textfield_perf__timeline_summary.dart:11:9 • undefined_function
  error • The function 'createFullscreenTextfieldPerfTest' isn't defined • flutter/dev/devicelab/bin/tasks/fullscreen_textfield_perf__timeline_summary.dart:11:14 • undefined_function
  error • Target of URI doesn't exist: 'package:flutter_devicelab/framework/devices.dart' • flutter/dev/devicelab/bin/tasks/fullscreen_textfield_perf_ios__e2e_summary.dart:7:8 • uri_does_not_exist
  error • Target of URI doesn't exist: 'package:flutter_devicelab/framework/framework.dart' • flutter/dev/devicelab/bin/tasks/fullscreen_textfield_perf_ios__e2e_summary.dart:8:8 • uri_does_not_exist
  error • Target of URI doesn't exist: 'package:flutter_devicelab/tasks/perf_tests.dart' • flutter/dev/devicelab/bin/tasks/fullscreen_textfield_perf_ios__e2e_summary.dart:9:8 • uri_does_not_exist
  error • Undefined name 'deviceOperatingSystem' • flutter/dev/devicelab/bin/tasks/fullscreen_textfield_perf_ios__e2e_summary.dart:12:3 • undefined_identifier
  error • Undefined name 'DeviceOperatingSystem' • flutter/dev/devicelab/bin/tasks/fullscreen_textfield_perf_ios__e2e_summary.dart:12:27 • undefined_identifier
  error • The function 'task' isn't defined • flutter/dev/devicelab/bin/tasks/fullscreen_textfield_perf_ios__e2e_summary.dart:13:9 • undefined_function
  error • The function 'createFullscreenTextfieldPerfE2ETest' isn't defined • flutter/dev/devicelab/bin/tasks/fullscreen_textfield_perf_ios__e2e_summary.dart:13:14 • undefined_function
  error • Target of URI doesn't exist: 'package:flutter_devicelab/framework/devices.dart' • flutter/dev/devicelab/bin/tasks/gradient_consistent_perf__e2e_summary.dart:7:8 • uri_does_not_exist
  error • Target of URI doesn't exist: 'package:flutter_devicelab/framework/framework.dart' • flutter/dev/devicelab/bin/tasks/gradient_consistent_perf__e2e_summary.dart:8:8 • uri_does_not_exist
  error • Target of URI doesn't exist: 'package:flutter_devicelab/tasks/perf_tests.dart' • flutter/dev/devicelab/bin/tasks/gradient_consistent_perf__e2e_summary.dart:9:8 • uri_does_not_exist
  error • Undefined name 'deviceOperatingSystem' • flutter/dev/devicelab/bin/tasks/gradient_consistent_perf__e2e_summary.dart:12:3 • undefined_identifier
  error • Undefined name 'DeviceOperatingSystem' • flutter/dev/devicelab/bin/tasks/gradient_consistent_perf__e2e_summary.dart:12:27 • undefined_identifier
  error • The function 'task' isn't defined • flutter/dev/devicelab/bin/tasks/gradient_consistent_perf__e2e_summary.dart:13:9 • undefined_function
  error • The function 'createGradientConsistentPerfE2ETest' isn't defined • flutter/dev/devicelab/bin/tasks/gradient_consistent_perf__e2e_summary.dart:13:14 • undefined_function
  error • Target of URI doesn't exist: 'package:flutter_devicelab/framework/devices.dart' • flutter/dev/devicelab/bin/tasks/gradient_dynamic_perf__e2e_summary.dart:7:8 • uri_does_not_exist
  error • Target of URI doesn't exist: 'package:flutter_devicelab/framework/framework.dart' • flutter/dev/devicelab/bin/tasks/gradient_dynamic_perf__e2e_summary.dart:8:8 • uri_does_not_exist
  error • Target of URI doesn't exist: 'package:flutter_devicelab/tasks/perf_tests.dart' • flutter/dev/devicelab/bin/tasks/gradient_dynamic_perf__e2e_summary.dart:9:8 • uri_does_not_exist
  error • Undefined name 'deviceOperatingSystem' • flutter/dev/devicelab/bin/tasks/gradient_dynamic_perf__e2e_summary.dart:12:3 • undefined_identifier
  error • Undefined name 'DeviceOperatingSystem' • flutter/dev/devicelab/bin/tasks/gradient_dynamic_perf__e2e_summary.dart:12:27 • undefined_identifier
  error • The function 'task' isn't defined • flutter/dev/devicelab/bin/tasks/gradient_dynamic_perf__e2e_summary.dart:13:9 • undefined_function
  error • The function 'createGradientDynamicPerfE2ETest' isn't defined • flutter/dev/devicelab/bin/tasks/gradient_dynamic_perf__e2e_summary.dart:13:14 • undefined_function
  error • Target of URI doesn't exist: 'package:flutter_devicelab/framework/devices.dart' • flutter/dev/devicelab/bin/tasks/gradient_static_perf__e2e_summary.dart:7:8 • uri_does_not_exist
  error • Target of URI doesn't exist: 'package:flutter_devicelab/framework/framework.dart' • flutter/dev/devicelab/bin/tasks/gradient_static_perf__e2e_summary.dart:8:8 • uri_does_not_exist
  error • Target of URI doesn't exist: 'package:flutter_devicelab/tasks/perf_tests.dart' • flutter/dev/devicelab/bin/tasks/gradient_static_perf__e2e_summary.dart:9:8 • uri_does_not_exist
  error • Undefined name 'deviceOperatingSystem' • flutter/dev/devicelab/bin/tasks/gradient_static_perf__e2e_summary.dart:12:3 • undefined_identifier
  error • Undefined name 'DeviceOperatingSystem' • flutter/dev/devicelab/bin/tasks/gradient_static_perf__e2e_summary.dart:12:27 • undefined_identifier
  error • The function 'task' isn't defined • flutter/dev/devicelab/bin/tasks/gradient_static_perf__e2e_summary.dart:13:9 • undefined_function
  error • The function 'createGradientStaticPerfE2ETest' isn't defined • flutter/dev/devicelab/bin/tasks/gradient_static_perf__e2e_summary.dart:13:14 • undefined_function
  error • Target of URI doesn't exist: 'package:flutter_devicelab/framework/apk_utils.dart' • flutter/dev/devicelab/bin/tasks/gradle_desugar_classes_test.dart:7:8 • uri_does_not_exist
  error • Target of URI doesn't exist: 'package:flutter_devicelab/framework/framework.dart' • flutter/dev/devicelab/bin/tasks/gradle_desugar_classes_test.dart:8:8 • uri_does_not_exist
  error • Target of URI doesn't exist: 'package:flutter_devicelab/framework/task_result.dart' • flutter/dev/devicelab/bin/tasks/gradle_desugar_classes_test.dart:9:8 • uri_does_not_exist
  error • Target of URI doesn't exist: 'package:flutter_devicelab/framework/utils.dart' • flutter/dev/devicelab/bin/tasks/gradle_desugar_classes_test.dart:10:8 • uri_does_not_exist
  error • The function 'task' isn't defined • flutter/dev/devicelab/bin/tasks/gradle_desugar_classes_test.dart:13:9 • undefined_function
  error • The function 'runProjectTest' isn't defined • flutter/dev/devicelab/bin/tasks/gradle_desugar_classes_test.dart:15:13 • undefined_function
  error • Undefined class 'FlutterProject' • flutter/dev/devicelab/bin/tasks/gradle_desugar_classes_test.dart:15:29 • undefined_class
  error • The function 'section' isn't defined • flutter/dev/devicelab/bin/tasks/gradle_desugar_classes_test.dart:16:9 • undefined_function
  error • The function 'inDirectory' isn't defined • flutter/dev/devicelab/bin/tasks/gradle_desugar_classes_test.dart:19:15 • undefined_function
  error • The function 'flutter' isn't defined • flutter/dev/devicelab/bin/tasks/gradle_desugar_classes_test.dart:20:17 • undefined_function
  error • Undefined name 'TaskResult' • flutter/dev/devicelab/bin/tasks/gradle_desugar_classes_test.dart:28:19 • undefined_identifier
  error • The function 'checkApkContainsMethods' isn't defined • flutter/dev/devicelab/bin/tasks/gradle_desugar_classes_test.dart:31:17 • undefined_function
  error • Undefined name 'TaskResult' • flutter/dev/devicelab/bin/tasks/gradle_desugar_classes_test.dart:37:14 • undefined_identifier
  error • The name 'TaskResult' isn't a type and can't be used in an on-catch clause • flutter/dev/devicelab/bin/tasks/gradle_desugar_classes_test.dart:38:10 • non_type_in_catch_clause
  error • Undefined name 'TaskResult' • flutter/dev/devicelab/bin/tasks/gradle_desugar_classes_test.dart:42:14 • undefined_identifier
  error • Target of URI doesn't exist: 'package:flutter_devicelab/framework/apk_utils.dart' • flutter/dev/devicelab/bin/tasks/gradle_java8_compile_test.dart:7:8 • uri_does_not_exist
  error • Target of URI doesn't exist: 'package:flutter_devicelab/framework/framework.dart' • flutter/dev/devicelab/bin/tasks/gradle_java8_compile_test.dart:8:8 • uri_does_not_exist
  error • Target of URI doesn't exist: 'package:flutter_devicelab/framework/task_result.dart' • flutter/dev/devicelab/bin/tasks/gradle_java8_compile_test.dart:9:8 • uri_does_not_exist
  error • Target of URI doesn't exist: 'package:flutter_devicelab/framework/utils.dart' • flutter/dev/devicelab/bin/tasks/gradle_java8_compile_test.dart:10:8 • uri_does_not_exist
  error • The function 'task' isn't defined • flutter/dev/devicelab/bin/tasks/gradle_java8_compile_test.dart:14:9 • undefined_function
  error • The function 'runPluginProjectTest' isn't defined • flutter/dev/devicelab/bin/tasks/gradle_java8_compile_test.dart:16:13 • undefined_function
  error • Undefined class 'FlutterPluginProject' • flutter/dev/devicelab/bin/tasks/gradle_java8_compile_test.dart:16:35 • undefined_class
  error • The function 'section' isn't defined • flutter/dev/devicelab/bin/tasks/gradle_java8_compile_test.dart:17:9 • undefined_function
  error • Undefined name 'TaskResult' • flutter/dev/devicelab/bin/tasks/gradle_java8_compile_test.dart:30:17 • undefined_identifier
  error • The function 'section' isn't defined • flutter/dev/devicelab/bin/tasks/gradle_java8_compile_test.dart:35:9 • undefined_function
  error • The function 'section' isn't defined • flutter/dev/devicelab/bin/tasks/gradle_java8_compile_test.dart:82:9 • undefined_function
  error • The function 'inDirectory' isn't defined • flutter/dev/devicelab/bin/tasks/gradle_java8_compile_test.dart:83:15 • undefined_function
  error • The function 'flutter' isn't defined • flutter/dev/devicelab/bin/tasks/gradle_java8_compile_test.dart:84:18 • undefined_function
  error • Undefined name 'TaskResult' • flutter/dev/devicelab/bin/tasks/gradle_java8_compile_test.dart:90:14 • undefined_identifier
  error • The name 'TaskResult' isn't a type and can't be used in an on-catch clause • flutter/dev/devicelab/bin/tasks/gradle_java8_compile_test.dart:91:10 • non_type_in_catch_clause
  error • Undefined name 'TaskResult' • flutter/dev/devicelab/bin/tasks/gradle_java8_compile_test.dart:95:14 • undefined_identifier
  error • Target of URI doesn't exist: 'package:flutter_devicelab/framework/apk_utils.dart' • flutter/dev/devicelab/bin/tasks/gradle_plugin_bundle_test.dart:5:8 • uri_does_not_exist
  error • Target of URI doesn't exist: 'package:flutter_devicelab/framework/framework.dart' • flutter/dev/devicelab/bin/tasks/gradle_plugin_bundle_test.dart:6:8 • uri_does_not_exist
  error • Target of URI doesn't exist: 'package:flutter_devicelab/framework/task_result.dart' • flutter/dev/devicelab/bin/tasks/gradle_plugin_bundle_test.dart:7:8 • uri_does_not_exist
  error • Target of URI doesn't exist: 'package:flutter_devicelab/framework/utils.dart' • flutter/dev/devicelab/bin/tasks/gradle_plugin_bundle_test.dart:8:8 • uri_does_not_exist
  error • Undefined name 'flutterAssets' • flutter/dev/devicelab/bin/tasks/gradle_plugin_bundle_test.dart:16:45 • undefined_identifier
  error • The function 'task' isn't defined • flutter/dev/devicelab/bin/tasks/gradle_plugin_bundle_test.dart:17:9 • undefined_function
  error • The function 'runProjectTest' isn't defined • flutter/dev/devicelab/bin/tasks/gradle_plugin_bundle_test.dart:19:13 • undefined_function
  error • Undefined class 'FlutterProject' • flutter/dev/devicelab/bin/tasks/gradle_plugin_bundle_test.dart:19:29 • undefined_class
  error • The function 'section' isn't defined • flutter/dev/devicelab/bin/tasks/gradle_plugin_bundle_test.dart:20:9 • undefined_function
  error • The function 'inDirectory' isn't defined • flutter/dev/devicelab/bin/tasks/gradle_plugin_bundle_test.dart:22:15 • undefined_function
  error • The function 'flutter' isn't defined • flutter/dev/devicelab/bin/tasks/gradle_plugin_bundle_test.dart:23:18 • undefined_function
  error • The function 'checkCollectionContains' isn't defined • flutter/dev/devicelab/bin/tasks/gradle_plugin_bundle_test.dart:35:9 • undefined_function
  error • The function 'getFilesInAppBundle' isn't defined • flutter/dev/devicelab/bin/tasks/gradle_plugin_bundle_test.dart:44:18 • undefined_function
  error • The function 'runProjectTest' isn't defined • flutter/dev/devicelab/bin/tasks/gradle_plugin_bundle_test.dart:47:13 • undefined_function
  error • Undefined class 'FlutterProject' • flutter/dev/devicelab/bin/tasks/gradle_plugin_bundle_test.dart:47:29 • undefined_class
  error • The function 'section' isn't defined • flutter/dev/devicelab/bin/tasks/gradle_plugin_bundle_test.dart:48:9 • undefined_function
  error • The function 'inDirectory' isn't defined • flutter/dev/devicelab/bin/tasks/gradle_plugin_bundle_test.dart:57:15 • undefined_function
  error • The function 'flutter' isn't defined • flutter/dev/devicelab/bin/tasks/gradle_plugin_bundle_test.dart:58:18 • undefined_function
  error • The function 'checkCollectionContains' isn't defined • flutter/dev/devicelab/bin/tasks/gradle_plugin_bundle_test.dart:70:9 • undefined_function
  error • The function 'getFilesInAppBundle' isn't defined • flutter/dev/devicelab/bin/tasks/gradle_plugin_bundle_test.dart:79:18 • undefined_function
  error • The function 'section' isn't defined • flutter/dev/devicelab/bin/tasks/gradle_plugin_bundle_test.dart:81:9 • undefined_function
  error • The function 'inDirectory' isn't defined • flutter/dev/devicelab/bin/tasks/gradle_plugin_bundle_test.dart:83:30 • undefined_function
  error • The function 'flutter' isn't defined • flutter/dev/devicelab/bin/tasks/gradle_plugin_bundle_test.dart:84:18 • undefined_function
  error • Undefined name 'TaskResult' • flutter/dev/devicelab/bin/tasks/gradle_plugin_bundle_test.dart:88:17 • undefined_identifier
  error • The function 'checkCollectionContains' isn't defined • flutter/dev/devicelab/bin/tasks/gradle_plugin_bundle_test.dart:100:9 • undefined_function
  error • The function 'getFilesInAppBundle' isn't defined • flutter/dev/devicelab/bin/tasks/gradle_plugin_bundle_test.dart:109:18 • undefined_function
  error • The function 'section' isn't defined • flutter/dev/devicelab/bin/tasks/gradle_plugin_bundle_test.dart:111:9 • undefined_function
  error • The function 'inDirectory' isn't defined • flutter/dev/devicelab/bin/tasks/gradle_plugin_bundle_test.dart:113:26 • undefined_function
  error • The function 'flutter' isn't defined • flutter/dev/devicelab/bin/tasks/gradle_plugin_bundle_test.dart:114:18 • undefined_function
  error • Undefined name 'TaskResult' • flutter/dev/devicelab/bin/tasks/gradle_plugin_bundle_test.dart:118:17 • undefined_identifier
  error • The function 'checkCollectionContains' isn't defined • flutter/dev/devicelab/bin/tasks/gradle_plugin_bundle_test.dart:130:9 • undefined_function
  error • The function 'getFilesInAppBundle' isn't defined • flutter/dev/devicelab/bin/tasks/gradle_plugin_bundle_test.dart:139:18 • undefined_function
  error • The function 'runProjectTest' isn't defined • flutter/dev/devicelab/bin/tasks/gradle_plugin_bundle_test.dart:142:13 • undefined_function
  error • Undefined class 'FlutterProject' • flutter/dev/devicelab/bin/tasks/gradle_plugin_bundle_test.dart:142:29 • undefined_class
  error • The function 'section' isn't defined • flutter/dev/devicelab/bin/tasks/gradle_plugin_bundle_test.dart:143:9 • undefined_function
  error • The function 'inDirectory' isn't defined • flutter/dev/devicelab/bin/tasks/gradle_plugin_bundle_test.dart:145:15 • undefined_function
  error • The function 'flutter' isn't defined • flutter/dev/devicelab/bin/tasks/gradle_plugin_bundle_test.dart:146:18 • undefined_function
  error • The function 'getFilesInAppBundle' isn't defined • flutter/dev/devicelab/bin/tasks/gradle_plugin_bundle_test.dart:159:52 • undefined_function
  error • The function 'checkCollectionContains' isn't defined • flutter/dev/devicelab/bin/tasks/gradle_plugin_bundle_test.dart:160:9 • undefined_function
  error • The function 'checkCollectionDoesNotContain' isn't defined • flutter/dev/devicelab/bin/tasks/gradle_plugin_bundle_test.dart:167:9 • undefined_function
  error • Undefined name 'TaskResult' • flutter/dev/devicelab/bin/tasks/gradle_plugin_bundle_test.dart:172:14 • undefined_identifier
  error • The name 'TaskResult' isn't a type and can't be used in an on-catch clause • flutter/dev/devicelab/bin/tasks/gradle_plugin_bundle_test.dart:173:10 • non_type_in_catch_clause
  error • Undefined name 'TaskResult' • flutter/dev/devicelab/bin/tasks/gradle_plugin_bundle_test.dart:177:14 • undefined_identifier
  error • Target of URI doesn't exist: 'package:flutter_devicelab/framework/apk_utils.dart' • flutter/dev/devicelab/bin/tasks/gradle_plugin_fat_apk_test.dart:7:8 • uri_does_not_exist
  error • Target of URI doesn't exist: 'package:flutter_devicelab/framework/framework.dart' • flutter/dev/devicelab/bin/tasks/gradle_plugin_fat_apk_test.dart:8:8 • uri_does_not_exist
  error • Target of URI doesn't exist: 'package:flutter_devicelab/framework/task_result.dart' • flutter/dev/devicelab/bin/tasks/gradle_plugin_fat_apk_test.dart:9:8 • uri_does_not_exist
  error • Target of URI doesn't exist: 'package:flutter_devicelab/framework/utils.dart' • flutter/dev/devicelab/bin/tasks/gradle_plugin_fat_apk_test.dart:10:8 • uri_does_not_exist
  error • The function 'task' isn't defined • flutter/dev/devicelab/bin/tasks/gradle_plugin_fat_apk_test.dart:14:9 • undefined_function
  error • The function 'runPluginProjectTest' isn't defined • flutter/dev/devicelab/bin/tasks/gradle_plugin_fat_apk_test.dart:16:13 • undefined_function
  error • Undefined class 'FlutterPluginProject' • flutter/dev/devicelab/bin/tasks/gradle_plugin_fat_apk_test.dart:16:35 • undefined_class
  error • The function 'section' isn't defined • flutter/dev/devicelab/bin/tasks/gradle_plugin_fat_apk_test.dart:17:9 • undefined_function
  error • The function 'inDirectory' isn't defined • flutter/dev/devicelab/bin/tasks/gradle_plugin_fat_apk_test.dart:18:15 • undefined_function
  error • The function 'flutter' isn't defined • flutter/dev/devicelab/bin/tasks/gradle_plugin_fat_apk_test.dart:19:18 • undefined_function
  error • The function 'getFilesInApk' isn't defined • flutter/dev/devicelab/bin/tasks/gradle_plugin_fat_apk_test.dart:22:43 • undefined_function
  error • The function 'checkCollectionContains' isn't defined • flutter/dev/devicelab/bin/tasks/gradle_plugin_fat_apk_test.dart:24:9 • undefined_function
  error • Undefined name 'flutterAssets' • flutter/dev/devicelab/bin/tasks/gradle_plugin_fat_apk_test.dart:25:14 • undefined_identifier
  error • Undefined name 'debugAssets' • flutter/dev/devicelab/bin/tasks/gradle_plugin_fat_apk_test.dart:26:14 • undefined_identifier
  error • Undefined name 'baseApkFiles' • flutter/dev/devicelab/bin/tasks/gradle_plugin_fat_apk_test.dart:27:14 • undefined_identifier
  error • The function 'checkCollectionDoesNotContain' isn't defined • flutter/dev/devicelab/bin/tasks/gradle_plugin_fat_apk_test.dart:34:9 • undefined_function
  error • The function 'section' isn't defined • flutter/dev/devicelab/bin/tasks/gradle_plugin_fat_apk_test.dart:40:9 • undefined_function
  error • The function 'inDirectory' isn't defined • flutter/dev/devicelab/bin/tasks/gradle_plugin_fat_apk_test.dart:42:15 • undefined_function
  error • The function 'flutter' isn't defined • flutter/dev/devicelab/bin/tasks/gradle_plugin_fat_apk_test.dart:43:18 • undefined_function
  error • The function 'getFilesInApk' isn't defined • flutter/dev/devicelab/bin/tasks/gradle_plugin_fat_apk_test.dart:46:26 • undefined_function
  error • The function 'checkCollectionContains' isn't defined • flutter/dev/devicelab/bin/tasks/gradle_plugin_fat_apk_test.dart:48:9 • undefined_function
  error • Undefined name 'flutterAssets' • flutter/dev/devicelab/bin/tasks/gradle_plugin_fat_apk_test.dart:49:14 • undefined_identifier
  error • Undefined name 'baseApkFiles' • flutter/dev/devicelab/bin/tasks/gradle_plugin_fat_apk_test.dart:50:14 • undefined_identifier
  error • The function 'checkCollectionDoesNotContain' isn't defined • flutter/dev/devicelab/bin/tasks/gradle_plugin_fat_apk_test.dart:59:9 • undefined_function
  error • Undefined name 'debugAssets' • flutter/dev/devicelab/bin/tasks/gradle_plugin_fat_apk_test.dart:59:47 • undefined_identifier
  error • The function 'section' isn't defined • flutter/dev/devicelab/bin/tasks/gradle_plugin_fat_apk_test.dart:61:9 • undefined_function
  error • The function 'inDirectory' isn't defined • flutter/dev/devicelab/bin/tasks/gradle_plugin_fat_apk_test.dart:65:15 • undefined_function
  error • The function 'flutter' isn't defined • flutter/dev/devicelab/bin/tasks/gradle_plugin_fat_apk_test.dart:66:18 • undefined_function
  error • The function 'getFilesInApk' isn't defined • flutter/dev/devicelab/bin/tasks/gradle_plugin_fat_apk_test.dart:72:26 • undefined_function
  error • The function 'checkCollectionContains' isn't defined • flutter/dev/devicelab/bin/tasks/gradle_plugin_fat_apk_test.dart:74:9 • undefined_function
  error • Undefined name 'flutterAssets' • flutter/dev/devicelab/bin/tasks/gradle_plugin_fat_apk_test.dart:75:14 • undefined_identifier
  error • Undefined name 'baseApkFiles' • flutter/dev/devicelab/bin/tasks/gradle_plugin_fat_apk_test.dart:76:14 • undefined_identifier
  error • The function 'checkCollectionDoesNotContain' isn't defined • flutter/dev/devicelab/bin/tasks/gradle_plugin_fat_apk_test.dart:83:9 • undefined_function
  error • Undefined name 'debugAssets' • flutter/dev/devicelab/bin/tasks/gradle_plugin_fat_apk_test.dart:83:47 • undefined_identifier
  error • The function 'section' isn't defined • flutter/dev/devicelab/bin/tasks/gradle_plugin_fat_apk_test.dart:85:9 • undefined_function
  error • The function 'inDirectory' isn't defined • flutter/dev/devicelab/bin/tasks/gradle_plugin_fat_apk_test.dart:90:15 • undefined_function
  error • The function 'flutter' isn't defined • flutter/dev/devicelab/bin/tasks/gradle_plugin_fat_apk_test.dart:91:18 • undefined_function
  error • The function 'getFilesInApk' isn't defined • flutter/dev/devicelab/bin/tasks/gradle_plugin_fat_apk_test.dart:102:52 • undefined_function
  error • The function 'checkCollectionContains' isn't defined • flutter/dev/devicelab/bin/tasks/gradle_plugin_fat_apk_test.dart:104:9 • undefined_function
  error • Undefined name 'flutterAssets' • flutter/dev/devicelab/bin/tasks/gradle_plugin_fat_apk_test.dart:105:14 • undefined_identifier
  error • Undefined name 'baseApkFiles' • flutter/dev/devicelab/bin/tasks/gradle_plugin_fat_apk_test.dart:106:14 • undefined_identifier
  error • The function 'checkCollectionDoesNotContain' isn't defined • flutter/dev/devicelab/bin/tasks/gradle_plugin_fat_apk_test.dart:111:9 • undefined_function
  error • Undefined name 'debugAssets' • flutter/dev/devicelab/bin/tasks/gradle_plugin_fat_apk_test.dart:111:47 • undefined_identifier
  error • The function 'getFilesInApk' isn't defined • flutter/dev/devicelab/bin/tasks/gradle_plugin_fat_apk_test.dart:113:54 • undefined_function
  error • The function 'checkCollectionContains' isn't defined • flutter/dev/devicelab/bin/tasks/gradle_plugin_fat_apk_test.dart:117:9 • undefined_function
  error • Undefined name 'flutterAssets' • flutter/dev/devicelab/bin/tasks/gradle_plugin_fat_apk_test.dart:118:14 • undefined_identifier
  error • Undefined name 'baseApkFiles' • flutter/dev/devicelab/bin/tasks/gradle_plugin_fat_apk_test.dart:119:14 • undefined_identifier
  error • The function 'checkCollectionDoesNotContain' isn't defined • flutter/dev/devicelab/bin/tasks/gradle_plugin_fat_apk_test.dart:124:9 • undefined_function
  error • Undefined name 'debugAssets' • flutter/dev/devicelab/bin/tasks/gradle_plugin_fat_apk_test.dart:124:47 • undefined_identifier
  error • The function 'runProjectTest' isn't defined • flutter/dev/devicelab/bin/tasks/gradle_plugin_fat_apk_test.dart:127:13 • undefined_function
  error • Undefined class 'FlutterProject' • flutter/dev/devicelab/bin/tasks/gradle_plugin_fat_apk_test.dart:127:29 • undefined_class
  error • The function 'section' isn't defined • flutter/dev/devicelab/bin/tasks/gradle_plugin_fat_apk_test.dart:128:9 • undefined_function
  error • The function 'inDirectory' isn't defined • flutter/dev/devicelab/bin/tasks/gradle_plugin_fat_apk_test.dart:130:15 • undefined_function
  error • The function 'flutter' isn't defined • flutter/dev/devicelab/bin/tasks/gradle_plugin_fat_apk_test.dart:131:18 • undefined_function
  error • Undefined name 'TaskResult' • flutter/dev/devicelab/bin/tasks/gradle_plugin_fat_apk_test.dart:150:19 • undefined_identifier
  error • The function 'section' isn't defined • flutter/dev/devicelab/bin/tasks/gradle_plugin_fat_apk_test.dart:154:9 • undefined_function
  error • Undefined name 'TaskResult' • flutter/dev/devicelab/bin/tasks/gradle_plugin_fat_apk_test.dart:160:17 • undefined_identifier
  error • Undefined name 'TaskResult' • flutter/dev/devicelab/bin/tasks/gradle_plugin_fat_apk_test.dart:163:17 • undefined_identifier
  error • Undefined name 'TaskResult' • flutter/dev/devicelab/bin/tasks/gradle_plugin_fat_apk_test.dart:169:14 • undefined_identifier
  error • The name 'TaskResult' isn't a type and can't be used in an on-catch clause • flutter/dev/devicelab/bin/tasks/gradle_plugin_fat_apk_test.dart:170:10 • non_type_in_catch_clause
  error • Undefined name 'TaskResult' • flutter/dev/devicelab/bin/tasks/gradle_plugin_fat_apk_test.dart:174:14 • undefined_identifier
  error • Target of URI doesn't exist: 'package:flutter_devicelab/framework/apk_utils.dart' • flutter/dev/devicelab/bin/tasks/gradle_plugin_light_apk_test.dart:7:8 • uri_does_not_exist
  error • Target of URI doesn't exist: 'package:flutter_devicelab/framework/framework.dart' • flutter/dev/devicelab/bin/tasks/gradle_plugin_light_apk_test.dart:8:8 • uri_does_not_exist
  error • Target of URI doesn't exist: 'package:flutter_devicelab/framework/task_result.dart' • flutter/dev/devicelab/bin/tasks/gradle_plugin_light_apk_test.dart:9:8 • uri_does_not_exist
  error • Target of URI doesn't exist: 'package:flutter_devicelab/framework/utils.dart' • flutter/dev/devicelab/bin/tasks/gradle_plugin_light_apk_test.dart:10:8 • uri_does_not_exist
  error • The function 'task' isn't defined • flutter/dev/devicelab/bin/tasks/gradle_plugin_light_apk_test.dart:14:9 • undefined_function
  error • The function 'runPluginProjectTest' isn't defined • flutter/dev/devicelab/bin/tasks/gradle_plugin_light_apk_test.dart:16:13 • undefined_function
  error • Undefined class 'FlutterPluginProject' • flutter/dev/devicelab/bin/tasks/gradle_plugin_light_apk_test.dart:16:35 • undefined_class
  error • The function 'section' isn't defined • flutter/dev/devicelab/bin/tasks/gradle_plugin_light_apk_test.dart:17:9 • undefined_function
  error • The function 'inDirectory' isn't defined • flutter/dev/devicelab/bin/tasks/gradle_plugin_light_apk_test.dart:19:15 • undefined_function
  error • The function 'flutter' isn't defined • flutter/dev/devicelab/bin/tasks/gradle_plugin_light_apk_test.dart:20:18 • undefined_function
  error • The function 'getFilesInApk' isn't defined • flutter/dev/devicelab/bin/tasks/gradle_plugin_light_apk_test.dart:26:43 • undefined_function
  error • The function 'checkCollectionContains' isn't defined • flutter/dev/devicelab/bin/tasks/gradle_plugin_light_apk_test.dart:28:9 • undefined_function
  error • Undefined name 'flutterAssets' • flutter/dev/devicelab/bin/tasks/gradle_plugin_light_apk_test.dart:29:14 • undefined_identifier
  error • Undefined name 'debugAssets' • flutter/dev/devicelab/bin/tasks/gradle_plugin_light_apk_test.dart:30:14 • undefined_identifier
  error • Undefined name 'baseApkFiles' • flutter/dev/devicelab/bin/tasks/gradle_plugin_light_apk_test.dart:31:14 • undefined_identifier
  error • The function 'checkCollectionDoesNotContain' isn't defined • flutter/dev/devicelab/bin/tasks/gradle_plugin_light_apk_test.dart:35:9 • undefined_function
  error • The function 'section' isn't defined • flutter/dev/devicelab/bin/tasks/gradle_plugin_light_apk_test.dart:41:9 • undefined_function
  error • The function 'inDirectory' isn't defined • flutter/dev/devicelab/bin/tasks/gradle_plugin_light_apk_test.dart:44:15 • undefined_function
  error • The function 'flutter' isn't defined • flutter/dev/devicelab/bin/tasks/gradle_plugin_light_apk_test.dart:45:18 • undefined_function
  error • The function 'getFilesInApk' isn't defined • flutter/dev/devicelab/bin/tasks/gradle_plugin_light_apk_test.dart:51:26 • undefined_function
  error • The function 'checkCollectionContains' isn't defined • flutter/dev/devicelab/bin/tasks/gradle_plugin_light_apk_test.dart:53:9 • undefined_function
  error • Undefined name 'flutterAssets' • flutter/dev/devicelab/bin/tasks/gradle_plugin_light_apk_test.dart:54:14 • undefined_identifier
  error • Undefined name 'debugAssets' • flutter/dev/devicelab/bin/tasks/gradle_plugin_light_apk_test.dart:55:14 • undefined_identifier
  error • Undefined name 'baseApkFiles' • flutter/dev/devicelab/bin/tasks/gradle_plugin_light_apk_test.dart:56:14 • undefined_identifier
  error • The function 'checkCollectionDoesNotContain' isn't defined • flutter/dev/devicelab/bin/tasks/gradle_plugin_light_apk_test.dart:60:9 • undefined_function
  error • The function 'section' isn't defined • flutter/dev/devicelab/bin/tasks/gradle_plugin_light_apk_test.dart:65:9 • undefined_function
  error • The function 'inDirectory' isn't defined • flutter/dev/devicelab/bin/tasks/gradle_plugin_light_apk_test.dart:67:15 • undefined_function
  error • The function 'flutter' isn't defined • flutter/dev/devicelab/bin/tasks/gradle_plugin_light_apk_test.dart:68:18 • undefined_function
  error • The function 'getFilesInApk' isn't defined • flutter/dev/devicelab/bin/tasks/gradle_plugin_light_apk_test.dart:74:26 • undefined_function
  error • The function 'checkCollectionContains' isn't defined • flutter/dev/devicelab/bin/tasks/gradle_plugin_light_apk_test.dart:76:9 • undefined_function
  error • Undefined name 'flutterAssets' • flutter/dev/devicelab/bin/tasks/gradle_plugin_light_apk_test.dart:77:14 • undefined_identifier
  error • Undefined name 'baseApkFiles' • flutter/dev/devicelab/bin/tasks/gradle_plugin_light_apk_test.dart:78:14 • undefined_identifier
  error • The function 'checkCollectionDoesNotContain' isn't defined • flutter/dev/devicelab/bin/tasks/gradle_plugin_light_apk_test.dart:83:9 • undefined_function
  error • Undefined name 'debugAssets' • flutter/dev/devicelab/bin/tasks/gradle_plugin_light_apk_test.dart:84:14 • undefined_identifier
  error • The function 'section' isn't defined • flutter/dev/devicelab/bin/tasks/gradle_plugin_light_apk_test.dart:89:9 • undefined_function
  error • The function 'inDirectory' isn't defined • flutter/dev/devicelab/bin/tasks/gradle_plugin_light_apk_test.dart:91:15 • undefined_function
  error • The function 'flutter' isn't defined • flutter/dev/devicelab/bin/tasks/gradle_plugin_light_apk_test.dart:92:18 • undefined_function
  error • The function 'getFilesInApk' isn't defined • flutter/dev/devicelab/bin/tasks/gradle_plugin_light_apk_test.dart:98:26 • undefined_function
  error • The function 'checkCollectionContains' isn't defined • flutter/dev/devicelab/bin/tasks/gradle_plugin_light_apk_test.dart:100:9 • undefined_function
  error • Undefined name 'flutterAssets' • flutter/dev/devicelab/bin/tasks/gradle_plugin_light_apk_test.dart:101:14 • undefined_identifier
  error • Undefined name 'baseApkFiles' • flutter/dev/devicelab/bin/tasks/gradle_plugin_light_apk_test.dart:102:14 • undefined_identifier
  error • The function 'checkCollectionDoesNotContain' isn't defined • flutter/dev/devicelab/bin/tasks/gradle_plugin_light_apk_test.dart:107:9 • undefined_function
  error • Undefined name 'debugAssets' • flutter/dev/devicelab/bin/tasks/gradle_plugin_light_apk_test.dart:108:14 • undefined_identifier
  error • The function 'runProjectTest' isn't defined • flutter/dev/devicelab/bin/tasks/gradle_plugin_light_apk_test.dart:114:13 • undefined_function
  error • Undefined class 'FlutterProject' • flutter/dev/devicelab/bin/tasks/gradle_plugin_light_apk_test.dart:114:29 • undefined_class
  error • The function 'section' isn't defined • flutter/dev/devicelab/bin/tasks/gradle_plugin_light_apk_test.dart:115:9 • undefined_function
  error • The function 'inDirectory' isn't defined • flutter/dev/devicelab/bin/tasks/gradle_plugin_light_apk_test.dart:116:15 • undefined_function
  error • The function 'flutter' isn't defined • flutter/dev/devicelab/bin/tasks/gradle_plugin_light_apk_test.dart:117:18 • undefined_function
  error • The function 'validateSnapshotDependency' isn't defined • flutter/dev/devicelab/bin/tasks/gradle_plugin_light_apk_test.dart:119:38 • undefined_function
  error • Undefined name 'TaskResult' • flutter/dev/devicelab/bin/tasks/gradle_plugin_light_apk_test.dart:121:17 • undefined_identifier
  error • The function 'section' isn't defined • flutter/dev/devicelab/bin/tasks/gradle_plugin_light_apk_test.dart:124:9 • undefined_function
  error • The function 'inDirectory' isn't defined • flutter/dev/devicelab/bin/tasks/gradle_plugin_light_apk_test.dart:125:15 • undefined_function
  error • The function 'flutter' isn't defined • flutter/dev/devicelab/bin/tasks/gradle_plugin_light_apk_test.dart:126:18 • undefined_function
  error • The function 'section' isn't defined • flutter/dev/devicelab/bin/tasks/gradle_plugin_light_apk_test.dart:129:9 • undefined_function
  error • The function 'runProjectTest' isn't defined • flutter/dev/devicelab/bin/tasks/gradle_plugin_light_apk_test.dart:134:13 • undefined_function
  error • Undefined class 'FlutterProject' • flutter/dev/devicelab/bin/tasks/gradle_plugin_light_apk_test.dart:134:29 • undefined_class
  error • The function 'section' isn't defined • flutter/dev/devicelab/bin/tasks/gradle_plugin_light_apk_test.dart:135:9 • undefined_function
  error • The function 'section' isn't defined • flutter/dev/devicelab/bin/tasks/gradle_plugin_light_apk_test.dart:140:9 • undefined_function
  error • The function 'inDirectory' isn't defined • flutter/dev/devicelab/bin/tasks/gradle_plugin_light_apk_test.dart:141:15 • undefined_function
  error • The function 'flutter' isn't defined • flutter/dev/devicelab/bin/tasks/gradle_plugin_light_apk_test.dart:142:17 • undefined_function
  error • The function 'section' isn't defined • flutter/dev/devicelab/bin/tasks/gradle_plugin_light_apk_test.dart:154:9 • undefined_function
  error • The function 'section' isn't defined • flutter/dev/devicelab/bin/tasks/gradle_plugin_light_apk_test.dart:159:9 • undefined_function
  error • The function 'runProjectTest' isn't defined • flutter/dev/devicelab/bin/tasks/gradle_plugin_light_apk_test.dart:163:13 • undefined_function
  error • Undefined class 'FlutterProject' • flutter/dev/devicelab/bin/tasks/gradle_plugin_light_apk_test.dart:163:29 • undefined_class
  error • The function 'section' isn't defined • flutter/dev/devicelab/bin/tasks/gradle_plugin_light_apk_test.dart:164:9 • undefined_function
  error • The function 'runProjectTest' isn't defined • flutter/dev/devicelab/bin/tasks/gradle_plugin_light_apk_test.dart:169:13 • undefined_function
  error • Undefined class 'FlutterProject' • flutter/dev/devicelab/bin/tasks/gradle_plugin_light_apk_test.dart:169:29 • undefined_class
  error • The function 'section' isn't defined • flutter/dev/devicelab/bin/tasks/gradle_plugin_light_apk_test.dart:170:9 • undefined_function
  error • The function 'section' isn't defined • flutter/dev/devicelab/bin/tasks/gradle_plugin_light_apk_test.dart:172:9 • undefined_function
  error • The function 'runProjectTest' isn't defined • flutter/dev/devicelab/bin/tasks/gradle_plugin_light_apk_test.dart:179:13 • undefined_function
  error • Undefined class 'FlutterProject' • flutter/dev/devicelab/bin/tasks/gradle_plugin_light_apk_test.dart:179:29 • undefined_class
  error • The function 'section' isn't defined • flutter/dev/devicelab/bin/tasks/gradle_plugin_light_apk_test.dart:180:9 • undefined_function
  error • The function 'runProjectTest' isn't defined • flutter/dev/devicelab/bin/tasks/gradle_plugin_light_apk_test.dart:185:13 • undefined_function
  error • Undefined class 'FlutterProject' • flutter/dev/devicelab/bin/tasks/gradle_plugin_light_apk_test.dart:185:29 • undefined_class
  error • The function 'section' isn't defined • flutter/dev/devicelab/bin/tasks/gradle_plugin_light_apk_test.dart:186:9 • undefined_function
  error • The function 'inDirectory' isn't defined • flutter/dev/devicelab/bin/tasks/gradle_plugin_light_apk_test.dart:188:38 • undefined_function
  error • The function 'executeFlutter' isn't defined • flutter/dev/devicelab/bin/tasks/gradle_plugin_light_apk_test.dart:189:18 • undefined_function
  error • The function 'failure' isn't defined • flutter/dev/devicelab/bin/tasks/gradle_plugin_light_apk_test.dart:193:17 • undefined_function
  error • The function 'failure' isn't defined • flutter/dev/devicelab/bin/tasks/gradle_plugin_light_apk_test.dart:199:17 • undefined_function
  error • The function 'failure' isn't defined • flutter/dev/devicelab/bin/tasks/gradle_plugin_light_apk_test.dart:202:17 • undefined_function
  error • The function 'section' isn't defined • flutter/dev/devicelab/bin/tasks/gradle_plugin_light_apk_test.dart:205:9 • undefined_function
  error • The function 'inDirectory' isn't defined • flutter/dev/devicelab/bin/tasks/gradle_plugin_light_apk_test.dart:207:24 • undefined_function
  error • The function 'executeFlutter' isn't defined • flutter/dev/devicelab/bin/tasks/gradle_plugin_light_apk_test.dart:208:18 • undefined_function
  error • The function 'failure' isn't defined • flutter/dev/devicelab/bin/tasks/gradle_plugin_light_apk_test.dart:211:17 • undefined_function
  error • The function 'failure' isn't defined • flutter/dev/devicelab/bin/tasks/gradle_plugin_light_apk_test.dart:215:17 • undefined_function
  error • The function 'hasMultipleOccurrences' isn't defined • flutter/dev/devicelab/bin/tasks/gradle_plugin_light_apk_test.dart:220:13 • undefined_function
  error • The function 'failure' isn't defined • flutter/dev/devicelab/bin/tasks/gradle_plugin_light_apk_test.dart:221:17 • undefined_function
  error • The function 'runProjectTest' isn't defined • flutter/dev/devicelab/bin/tasks/gradle_plugin_light_apk_test.dart:225:13 • undefined_function
  error • Undefined class 'FlutterProject' • flutter/dev/devicelab/bin/tasks/gradle_plugin_light_apk_test.dart:225:29 • undefined_class
  error • The function 'section' isn't defined • flutter/dev/devicelab/bin/tasks/gradle_plugin_light_apk_test.dart:226:9 • undefined_function
  error • The function 'inDirectory' isn't defined • flutter/dev/devicelab/bin/tasks/gradle_plugin_light_apk_test.dart:228:44 • undefined_function
  error • The function 'executeFlutter' isn't defined • flutter/dev/devicelab/bin/tasks/gradle_plugin_light_apk_test.dart:229:18 • undefined_function
  error • The function 'failure' isn't defined • flutter/dev/devicelab/bin/tasks/gradle_plugin_light_apk_test.dart:232:17 • undefined_function
  error • The function 'failure' isn't defined • flutter/dev/devicelab/bin/tasks/gradle_plugin_light_apk_test.dart:238:17 • undefined_function
  error • Undefined name 'TaskResult' • flutter/dev/devicelab/bin/tasks/gradle_plugin_light_apk_test.dart:242:14 • undefined_identifier
  error • The name 'TaskResult' isn't a type and can't be used in an on-catch clause • flutter/dev/devicelab/bin/tasks/gradle_plugin_light_apk_test.dart:243:10 • non_type_in_catch_clause
  error • Undefined name 'TaskResult' • flutter/dev/devicelab/bin/tasks/gradle_plugin_light_apk_test.dart:247:14 • undefined_identifier
  error • Target of URI doesn't exist: 'package:flutter_devicelab/framework/framework.dart' • flutter/dev/devicelab/bin/tasks/hello_world__memory.dart:5:8 • uri_does_not_exist
  error • Target of URI doesn't exist: 'package:flutter_devicelab/framework/utils.dart' • flutter/dev/devicelab/bin/tasks/hello_world__memory.dart:6:8 • uri_does_not_exist
  error • Target of URI doesn't exist: 'package:flutter_devicelab/tasks/perf_tests.dart' • flutter/dev/devicelab/bin/tasks/hello_world__memory.dart:7:8 • uri_does_not_exist
  error • Classes can only extend other classes • flutter/dev/devicelab/bin/tasks/hello_world__memory.dart:9:36 • extends_non_class
  error • Too many positional arguments: 0 expected, but 3 found • flutter/dev/devicelab/bin/tasks/hello_world__memory.dart:12:9 • extra_positional_arguments
  error • Undefined name 'flutterDirectory' • flutter/dev/devicelab/bin/tasks/hello_world__memory.dart:12:12 • undefined_identifier
   info • Unreachable member 'useMemory' in an executable library • flutter/dev/devicelab/bin/tasks/hello_world__memory.dart:20:16 • unreachable_from_main
warning • The method doesn't override an inherited method • flutter/dev/devicelab/bin/tasks/hello_world__memory.dart:20:16 • override_on_non_overriding_member
  error • Undefined name 'project' • flutter/dev/devicelab/bin/tasks/hello_world__memory.dart:21:23 • undefined_identifier
  error • Undefined name 'test' • flutter/dev/devicelab/bin/tasks/hello_world__memory.dart:21:31 • undefined_identifier
  error • The method 'flutter' isn't defined for the type 'HelloWorldMemoryTest' • flutter/dev/devicelab/bin/tasks/hello_world__memory.dart:22:11 • undefined_method
  error • Undefined name 'device' • flutter/dev/devicelab/bin/tasks/hello_world__memory.dart:24:61 • undefined_identifier
  error • Undefined name 'test' • flutter/dev/devicelab/bin/tasks/hello_world__memory.dart:24:79 • undefined_identifier
  error • The method 'recordStart' isn't defined for the type 'HelloWorldMemoryTest' • flutter/dev/devicelab/bin/tasks/hello_world__memory.dart:27:11 • undefined_method
  error • The method 'recordEnd' isn't defined for the type 'HelloWorldMemoryTest' • flutter/dev/devicelab/bin/tasks/hello_world__memory.dart:29:11 • undefined_method
  error • The function 'task' isn't defined • flutter/dev/devicelab/bin/tasks/hello_world__memory.dart:34:9 • undefined_function
  error • The getter 'run' isn't defined for the type 'HelloWorldMemoryTest' • flutter/dev/devicelab/bin/tasks/hello_world__memory.dart:34:37 • undefined_getter
  error • Target of URI doesn't exist: 'package:flutter_devicelab/framework/devices.dart' • flutter/dev/devicelab/bin/tasks/hello_world_android__compile.dart:5:8 • uri_does_not_exist
  error • Target of URI doesn't exist: 'package:flutter_devicelab/framework/framework.dart' • flutter/dev/devicelab/bin/tasks/hello_world_android__compile.dart:6:8 • uri_does_not_exist
  error • Target of URI doesn't exist: 'package:flutter_devicelab/tasks/perf_tests.dart' • flutter/dev/devicelab/bin/tasks/hello_world_android__compile.dart:7:8 • uri_does_not_exist
  error • Undefined name 'deviceOperatingSystem' • flutter/dev/devicelab/bin/tasks/hello_world_android__compile.dart:10:3 • undefined_identifier
  error • Undefined name 'DeviceOperatingSystem' • flutter/dev/devicelab/bin/tasks/hello_world_android__compile.dart:10:27 • undefined_identifier
  error • The function 'task' isn't defined • flutter/dev/devicelab/bin/tasks/hello_world_android__compile.dart:11:9 • undefined_function
  error • The function 'createHelloWorldCompileTest' isn't defined • flutter/dev/devicelab/bin/tasks/hello_world_android__compile.dart:11:14 • undefined_function
  error • Target of URI doesn't exist: 'package:flutter_devicelab/framework/devices.dart' • flutter/dev/devicelab/bin/tasks/hello_world_impeller.dart:8:8 • uri_does_not_exist
  error • Target of URI doesn't exist: 'package:flutter_devicelab/framework/framework.dart' • flutter/dev/devicelab/bin/tasks/hello_world_impeller.dart:10:8 • uri_does_not_exist
  error • Target of URI doesn't exist: 'package:flutter_devicelab/framework/task_result.dart' • flutter/dev/devicelab/bin/tasks/hello_world_impeller.dart:11:8 • uri_does_not_exist
  error • Target of URI doesn't exist: 'package:flutter_devicelab/framework/utils.dart' • flutter/dev/devicelab/bin/tasks/hello_world_impeller.dart:12:8 • uri_does_not_exist
  error • Undefined name 'deviceOperatingSystem' • flutter/dev/devicelab/bin/tasks/hello_world_impeller.dart:17:3 • undefined_identifier
  error • Target of URI doesn't exist: 'package:flutter_devicelab/framework/devices.dart' • flutter/dev/devicelab/bin/tasks/hello_world_ios__compile.dart:5:8 • uri_does_not_exist
  error • Target of URI doesn't exist: 'package:flutter_devicelab/framework/framework.dart' • flutter/dev/devicelab/bin/tasks/hello_world_ios__compile.dart:6:8 • uri_does_not_exist
  error • Target of URI doesn't exist: 'package:flutter_devicelab/tasks/perf_tests.dart' • flutter/dev/devicelab/bin/tasks/hello_world_ios__compile.dart:7:8 • uri_does_not_exist
  error • Undefined name 'deviceOperatingSystem' • flutter/dev/devicelab/bin/tasks/hello_world_ios__compile.dart:10:3 • undefined_identifier
  error • Undefined name 'DeviceOperatingSystem' • flutter/dev/devicelab/bin/tasks/hello_world_ios__compile.dart:10:27 • undefined_identifier
  error • The function 'task' isn't defined • flutter/dev/devicelab/bin/tasks/hello_world_ios__compile.dart:11:9 • undefined_function
  error • The function 'createHelloWorldCompileTest' isn't defined • flutter/dev/devicelab/bin/tasks/hello_world_ios__compile.dart:11:14 • undefined_function
  error • Target of URI doesn't exist: 'package:flutter_devicelab/framework/devices.dart' • flutter/dev/devicelab/bin/tasks/hello_world_macos__compile.dart:5:8 • uri_does_not_exist
  error • Target of URI doesn't exist: 'package:flutter_devicelab/framework/framework.dart' • flutter/dev/devicelab/bin/tasks/hello_world_macos__compile.dart:6:8 • uri_does_not_exist
  error • Target of URI doesn't exist: 'package:flutter_devicelab/tasks/perf_tests.dart' • flutter/dev/devicelab/bin/tasks/hello_world_macos__compile.dart:7:8 • uri_does_not_exist
  error • Undefined name 'deviceOperatingSystem' • flutter/dev/devicelab/bin/tasks/hello_world_macos__compile.dart:10:3 • undefined_identifier
  error • Undefined name 'DeviceOperatingSystem' • flutter/dev/devicelab/bin/tasks/hello_world_macos__compile.dart:10:27 • undefined_identifier
  error • The function 'task' isn't defined • flutter/dev/devicelab/bin/tasks/hello_world_macos__compile.dart:11:9 • undefined_function
  error • The function 'createHelloWorldCompileTest' isn't defined • flutter/dev/devicelab/bin/tasks/hello_world_macos__compile.dart:11:14 • undefined_function
  error • Target of URI doesn't exist: 'package:flutter_devicelab/framework/devices.dart' • flutter/dev/devicelab/bin/tasks/hello_world_win_desktop__compile.dart:5:8 • uri_does_not_exist
  error • Target of URI doesn't exist: 'package:flutter_devicelab/framework/framework.dart' • flutter/dev/devicelab/bin/tasks/hello_world_win_desktop__compile.dart:6:8 • uri_does_not_exist
  error • Target of URI doesn't exist: 'package:flutter_devicelab/tasks/perf_tests.dart' • flutter/dev/devicelab/bin/tasks/hello_world_win_desktop__compile.dart:7:8 • uri_does_not_exist
  error • Undefined name 'deviceOperatingSystem' • flutter/dev/devicelab/bin/tasks/hello_world_win_desktop__compile.dart:10:3 • undefined_identifier
  error • Undefined name 'DeviceOperatingSystem' • flutter/dev/devicelab/bin/tasks/hello_world_win_desktop__compile.dart:10:27 • undefined_identifier
  error • The function 'task' isn't defined • flutter/dev/devicelab/bin/tasks/hello_world_win_desktop__compile.dart:11:9 • undefined_function
  error • The function 'createHelloWorldCompileTest' isn't defined • flutter/dev/devicelab/bin/tasks/hello_world_win_desktop__compile.dart:11:14 • undefined_function
  error • Target of URI doesn't exist: 'package:flutter_devicelab/framework/devices.dart' • flutter/dev/devicelab/bin/tasks/home_scroll_perf__timeline_summary.dart:5:8 • uri_does_not_exist
  error • Target of URI doesn't exist: 'package:flutter_devicelab/framework/framework.dart' • flutter/dev/devicelab/bin/tasks/home_scroll_perf__timeline_summary.dart:6:8 • uri_does_not_exist
  error • Target of URI doesn't exist: 'package:flutter_devicelab/tasks/perf_tests.dart' • flutter/dev/devicelab/bin/tasks/home_scroll_perf__timeline_summary.dart:7:8 • uri_does_not_exist
  error • Undefined name 'deviceOperatingSystem' • flutter/dev/devicelab/bin/tasks/home_scroll_perf__timeline_summary.dart:10:3 • undefined_identifier
  error • Undefined name 'DeviceOperatingSystem' • flutter/dev/devicelab/bin/tasks/home_scroll_perf__timeline_summary.dart:10:27 • undefined_identifier
  error • The function 'task' isn't defined • flutter/dev/devicelab/bin/tasks/home_scroll_perf__timeline_summary.dart:11:9 • undefined_function
  error • The function 'createHomeScrollPerfTest' isn't defined • flutter/dev/devicelab/bin/tasks/home_scroll_perf__timeline_summary.dart:11:14 • undefined_function
  error • Target of URI doesn't exist: 'package:flutter_devicelab/framework/framework.dart' • flutter/dev/devicelab/bin/tasks/hot_mode_dev_cycle__benchmark.dart:5:8 • uri_does_not_exist
  error • Target of URI doesn't exist: 'package:flutter_devicelab/tasks/hot_mode_tests.dart' • flutter/dev/devicelab/bin/tasks/hot_mode_dev_cycle__benchmark.dart:6:8 • uri_does_not_exist
  error • The function 'task' isn't defined • flutter/dev/devicelab/bin/tasks/hot_mode_dev_cycle__benchmark.dart:9:9 • undefined_function
  error • The function 'createHotModeTest' isn't defined • flutter/dev/devicelab/bin/tasks/hot_mode_dev_cycle__benchmark.dart:9:14 • undefined_function
  error • Target of URI doesn't exist: 'package:flutter_devicelab/framework/devices.dart' • flutter/dev/devicelab/bin/tasks/hot_mode_dev_cycle_ios__benchmark.dart:5:8 • uri_does_not_exist
  error • Target of URI doesn't exist: 'package:flutter_devicelab/framework/framework.dart' • flutter/dev/devicelab/bin/tasks/hot_mode_dev_cycle_ios__benchmark.dart:6:8 • uri_does_not_exist
  error • Target of URI doesn't exist: 'package:flutter_devicelab/tasks/hot_mode_tests.dart' • flutter/dev/devicelab/bin/tasks/hot_mode_dev_cycle_ios__benchmark.dart:7:8 • uri_does_not_exist
  error • Undefined name 'deviceOperatingSystem' • flutter/dev/devicelab/bin/tasks/hot_mode_dev_cycle_ios__benchmark.dart:10:3 • undefined_identifier
  error • Undefined name 'DeviceOperatingSystem' • flutter/dev/devicelab/bin/tasks/hot_mode_dev_cycle_ios__benchmark.dart:10:27 • undefined_identifier
  error • The function 'task' isn't defined • flutter/dev/devicelab/bin/tasks/hot_mode_dev_cycle_ios__benchmark.dart:11:9 • undefined_function
  error • The function 'createHotModeTest' isn't defined • flutter/dev/devicelab/bin/tasks/hot_mode_dev_cycle_ios__benchmark.dart:11:14 • undefined_function
  error • Target of URI doesn't exist: 'package:flutter_devicelab/framework/devices.dart' • flutter/dev/devicelab/bin/tasks/hot_mode_dev_cycle_ios_simulator.dart:5:8 • uri_does_not_exist
  error • Target of URI doesn't exist: 'package:flutter_devicelab/framework/framework.dart' • flutter/dev/devicelab/bin/tasks/hot_mode_dev_cycle_ios_simulator.dart:6:8 • uri_does_not_exist
  error • Target of URI doesn't exist: 'package:flutter_devicelab/framework/ios.dart' • flutter/dev/devicelab/bin/tasks/hot_mode_dev_cycle_ios_simulator.dart:7:8 • uri_does_not_exist
  error • Target of URI doesn't exist: 'package:flutter_devicelab/framework/task_result.dart' • flutter/dev/devicelab/bin/tasks/hot_mode_dev_cycle_ios_simulator.dart:8:8 • uri_does_not_exist
  error • Target of URI doesn't exist: 'package:flutter_devicelab/tasks/hot_mode_tests.dart' • flutter/dev/devicelab/bin/tasks/hot_mode_dev_cycle_ios_simulator.dart:9:8 • uri_does_not_exist
  error • The function 'task' isn't defined • flutter/dev/devicelab/bin/tasks/hot_mode_dev_cycle_ios_simulator.dart:12:9 • undefined_function
  error • Undefined name 'deviceOperatingSystem' • flutter/dev/devicelab/bin/tasks/hot_mode_dev_cycle_ios_simulator.dart:13:5 • undefined_identifier
  error • Undefined name 'DeviceOperatingSystem' • flutter/dev/devicelab/bin/tasks/hot_mode_dev_cycle_ios_simulator.dart:13:29 • undefined_identifier
  error • The function 'testWithNewIOSSimulator' isn't defined • flutter/dev/devicelab/bin/tasks/hot_mode_dev_cycle_ios_simulator.dart:16:13 • undefined_function
  error • The function 'createHotModeTest' isn't defined • flutter/dev/devicelab/bin/tasks/hot_mode_dev_cycle_ios_simulator.dart:19:15 • undefined_function
  error • The function 'removeIOSSimulator' isn't defined • flutter/dev/devicelab/bin/tasks/hot_mode_dev_cycle_ios_simulator.dart:22:13 • undefined_function
  error • Undefined name 'TaskResult' • flutter/dev/devicelab/bin/tasks/hot_mode_dev_cycle_ios_simulator.dart:25:12 • undefined_identifier
  error • Target of URI doesn't exist: 'package:flutter_devicelab/framework/framework.dart' • flutter/dev/devicelab/bin/tasks/hot_mode_dev_cycle_linux__benchmark.dart:5:8 • uri_does_not_exist
  error • Target of URI doesn't exist: 'package:flutter_devicelab/tasks/hot_mode_tests.dart' • flutter/dev/devicelab/bin/tasks/hot_mode_dev_cycle_linux__benchmark.dart:6:8 • uri_does_not_exist
  error • The function 'task' isn't defined • flutter/dev/devicelab/bin/tasks/hot_mode_dev_cycle_linux__benchmark.dart:9:9 • undefined_function
  error • The function 'createHotModeTest' isn't defined • flutter/dev/devicelab/bin/tasks/hot_mode_dev_cycle_linux__benchmark.dart:9:14 • undefined_function
  error • Target of URI doesn't exist: 'package:flutter_devicelab/framework/framework.dart' • flutter/dev/devicelab/bin/tasks/hot_mode_dev_cycle_linux_target__benchmark.dart:5:8 • uri_does_not_exist
  error • Target of URI doesn't exist: 'package:flutter_devicelab/tasks/hot_mode_tests.dart' • flutter/dev/devicelab/bin/tasks/hot_mode_dev_cycle_linux_target__benchmark.dart:6:8 • uri_does_not_exist
  error • The function 'task' isn't defined • flutter/dev/devicelab/bin/tasks/hot_mode_dev_cycle_linux_target__benchmark.dart:9:9 • undefined_function
  error • The function 'createHotModeTest' isn't defined • flutter/dev/devicelab/bin/tasks/hot_mode_dev_cycle_linux_target__benchmark.dart:9:14 • undefined_function
  error • Target of URI doesn't exist: 'package:flutter_devicelab/framework/framework.dart' • flutter/dev/devicelab/bin/tasks/hot_mode_dev_cycle_macos_target__benchmark.dart:5:8 • uri_does_not_exist
  error • Target of URI doesn't exist: 'package:flutter_devicelab/tasks/hot_mode_tests.dart' • flutter/dev/devicelab/bin/tasks/hot_mode_dev_cycle_macos_target__benchmark.dart:6:8 • uri_does_not_exist
  error • The function 'task' isn't defined • flutter/dev/devicelab/bin/tasks/hot_mode_dev_cycle_macos_target__benchmark.dart:9:9 • undefined_function
  error • The function 'createHotModeTest' isn't defined • flutter/dev/devicelab/bin/tasks/hot_mode_dev_cycle_macos_target__benchmark.dart:9:14 • undefined_function
  error • Target of URI doesn't exist: 'package:flutter_devicelab/framework/framework.dart' • flutter/dev/devicelab/bin/tasks/hot_mode_dev_cycle_win__benchmark.dart:5:8 • uri_does_not_exist
  error • Target of URI doesn't exist: 'package:flutter_devicelab/tasks/hot_mode_tests.dart' • flutter/dev/devicelab/bin/tasks/hot_mode_dev_cycle_win__benchmark.dart:6:8 • uri_does_not_exist
  error • The function 'task' isn't defined • flutter/dev/devicelab/bin/tasks/hot_mode_dev_cycle_win__benchmark.dart:9:9 • undefined_function
  error • The function 'createHotModeTest' isn't defined • flutter/dev/devicelab/bin/tasks/hot_mode_dev_cycle_win__benchmark.dart:9:14 • undefined_function
  error • Target of URI doesn't exist: 'package:flutter_devicelab/framework/framework.dart' • flutter/dev/devicelab/bin/tasks/hot_mode_dev_cycle_win_target__benchmark.dart:5:8 • uri_does_not_exist
  error • Target of URI doesn't exist: 'package:flutter_devicelab/tasks/hot_mode_tests.dart' • flutter/dev/devicelab/bin/tasks/hot_mode_dev_cycle_win_target__benchmark.dart:6:8 • uri_does_not_exist
  error • The function 'task' isn't defined • flutter/dev/devicelab/bin/tasks/hot_mode_dev_cycle_win_target__benchmark.dart:9:9 • undefined_function
  error • The function 'createHotModeTest' isn't defined • flutter/dev/devicelab/bin/tasks/hot_mode_dev_cycle_win_target__benchmark.dart:9:14 • undefined_function
  error • Target of URI doesn't exist: 'package:flutter_devicelab/framework/framework.dart' • flutter/dev/devicelab/bin/tasks/image_list_jit_reported_duration.dart:5:8 • uri_does_not_exist
  error • Target of URI doesn't exist: 'package:flutter_devicelab/framework/utils.dart' • flutter/dev/devicelab/bin/tasks/image_list_jit_reported_duration.dart:6:8 • uri_does_not_exist
  error • Target of URI doesn't exist: 'package:flutter_devicelab/tasks/perf_tests.dart' • flutter/dev/devicelab/bin/tasks/image_list_jit_reported_duration.dart:7:8 • uri_does_not_exist
  error • The function 'task' isn't defined • flutter/dev/devicelab/bin/tasks/image_list_jit_reported_duration.dart:10:9 • undefined_function
  error • The function 'ReportedDurationTest' isn't defined • flutter/dev/devicelab/bin/tasks/image_list_jit_reported_duration.dart:11:5 • undefined_function
  error • Undefined name 'ReportedDurationTestFlavor' • flutter/dev/devicelab/bin/tasks/image_list_jit_reported_duration.dart:12:7 • undefined_identifier
  error • Undefined name 'flutterDirectory' • flutter/dev/devicelab/bin/tasks/image_list_jit_reported_duration.dart:13:10 • undefined_identifier
  error • Target of URI doesn't exist: 'package:flutter_devicelab/framework/framework.dart' • flutter/dev/devicelab/bin/tasks/image_list_reported_duration.dart:5:8 • uri_does_not_exist
  error • Target of URI doesn't exist: 'package:flutter_devicelab/framework/utils.dart' • flutter/dev/devicelab/bin/tasks/image_list_reported_duration.dart:6:8 • uri_does_not_exist
  error • Target of URI doesn't exist: 'package:flutter_devicelab/tasks/perf_tests.dart' • flutter/dev/devicelab/bin/tasks/image_list_reported_duration.dart:7:8 • uri_does_not_exist
  error • The function 'task' isn't defined • flutter/dev/devicelab/bin/tasks/image_list_reported_duration.dart:10:9 • undefined_function
  error • The function 'ReportedDurationTest' isn't defined • flutter/dev/devicelab/bin/tasks/image_list_reported_duration.dart:11:5 • undefined_function
  error • Undefined name 'ReportedDurationTestFlavor' • flutter/dev/devicelab/bin/tasks/image_list_reported_duration.dart:12:7 • undefined_identifier
  error • Undefined name 'flutterDirectory' • flutter/dev/devicelab/bin/tasks/image_list_reported_duration.dart:13:10 • undefined_identifier
  error • Target of URI doesn't exist: 'package:flutter_devicelab/framework/devices.dart' • flutter/dev/devicelab/bin/tasks/imagefiltered_transform_animation_perf__timeline_summary.dart:5:8 • uri_does_not_exist
  error • Target of URI doesn't exist: 'package:flutter_devicelab/framework/framework.dart' • flutter/dev/devicelab/bin/tasks/imagefiltered_transform_animation_perf__timeline_summary.dart:6:8 • uri_does_not_exist
  error • Target of URI doesn't exist: 'package:flutter_devicelab/tasks/perf_tests.dart' • flutter/dev/devicelab/bin/tasks/imagefiltered_transform_animation_perf__timeline_summary.dart:7:8 • uri_does_not_exist
  error • Undefined name 'deviceOperatingSystem' • flutter/dev/devicelab/bin/tasks/imagefiltered_transform_animation_perf__timeline_summary.dart:10:3 • undefined_identifier
  error • Undefined name 'DeviceOperatingSystem' • flutter/dev/devicelab/bin/tasks/imagefiltered_transform_animation_perf__timeline_summary.dart:10:27 • undefined_identifier
  error • The function 'task' isn't defined • flutter/dev/devicelab/bin/tasks/imagefiltered_transform_animation_perf__timeline_summary.dart:11:9 • undefined_function
  error • The function 'createImageFilteredTransformAnimationPerfTest' isn't defined • flutter/dev/devicelab/bin/tasks/imagefiltered_transform_animation_perf__timeline_summary.dart:11:14 • undefined_function
  error • Target of URI doesn't exist: 'package:flutter_devicelab/framework/devices.dart' • flutter/dev/devicelab/bin/tasks/imagefiltered_transform_animation_perf_ios__timeline_summary.dart:5:8 • uri_does_not_exist
  error • Target of URI doesn't exist: 'package:flutter_devicelab/framework/framework.dart' • flutter/dev/devicelab/bin/tasks/imagefiltered_transform_animation_perf_ios__timeline_summary.dart:6:8 • uri_does_not_exist
  error • Target of URI doesn't exist: 'package:flutter_devicelab/tasks/perf_tests.dart' • flutter/dev/devicelab/bin/tasks/imagefiltered_transform_animation_perf_ios__timeline_summary.dart:7:8 • uri_does_not_exist
  error • Undefined name 'deviceOperatingSystem' • flutter/dev/devicelab/bin/tasks/imagefiltered_transform_animation_perf_ios__timeline_summary.dart:10:3 • undefined_identifier
  error • Undefined name 'DeviceOperatingSystem' • flutter/dev/devicelab/bin/tasks/imagefiltered_transform_animation_perf_ios__timeline_summary.dart:10:27 • undefined_identifier
  error • The function 'task' isn't defined • flutter/dev/devicelab/bin/tasks/imagefiltered_transform_animation_perf_ios__timeline_summary.dart:11:9 • undefined_function
  error • The function 'createImageFilteredTransformAnimationPerfTest' isn't defined • flutter/dev/devicelab/bin/tasks/imagefiltered_transform_animation_perf_ios__timeline_summary.dart:11:14 • undefined_function
  error • Target of URI doesn't exist: 'package:flutter_devicelab/framework/devices.dart' • flutter/dev/devicelab/bin/tasks/imitation_game_flutter__compile.dart:5:8 • uri_does_not_exist
  error • Target of URI doesn't exist: 'package:flutter_devicelab/framework/framework.dart' • flutter/dev/devicelab/bin/tasks/imitation_game_flutter__compile.dart:6:8 • uri_does_not_exist
  error • Target of URI doesn't exist: 'package:flutter_devicelab/tasks/perf_tests.dart' • flutter/dev/devicelab/bin/tasks/imitation_game_flutter__compile.dart:7:8 • uri_does_not_exist
  error • Undefined name 'deviceOperatingSystem' • flutter/dev/devicelab/bin/tasks/imitation_game_flutter__compile.dart:10:3 • undefined_identifier
  error • Undefined name 'DeviceOperatingSystem' • flutter/dev/devicelab/bin/tasks/imitation_game_flutter__compile.dart:10:27 • undefined_identifier
  error • The function 'task' isn't defined • flutter/dev/devicelab/bin/tasks/imitation_game_flutter__compile.dart:11:9 • undefined_function
  error • The function 'createImitationGameFlutterTest' isn't defined • flutter/dev/devicelab/bin/tasks/imitation_game_flutter__compile.dart:11:14 • undefined_function
  error • Target of URI doesn't exist: 'package:flutter_devicelab/framework/devices.dart' • flutter/dev/devicelab/bin/tasks/imitation_game_swiftui__compile.dart:5:8 • uri_does_not_exist
  error • Target of URI doesn't exist: 'package:flutter_devicelab/framework/framework.dart' • flutter/dev/devicelab/bin/tasks/imitation_game_swiftui__compile.dart:6:8 • uri_does_not_exist
  error • Target of URI doesn't exist: 'package:flutter_devicelab/tasks/perf_tests.dart' • flutter/dev/devicelab/bin/tasks/imitation_game_swiftui__compile.dart:7:8 • uri_does_not_exist
  error • Undefined name 'deviceOperatingSystem' • flutter/dev/devicelab/bin/tasks/imitation_game_swiftui__compile.dart:10:3 • undefined_identifier
  error • Undefined name 'DeviceOperatingSystem' • flutter/dev/devicelab/bin/tasks/imitation_game_swiftui__compile.dart:10:27 • undefined_identifier
  error • The function 'task' isn't defined • flutter/dev/devicelab/bin/tasks/imitation_game_swiftui__compile.dart:11:9 • undefined_function
  error • The function 'createImitationGameSwiftUITest' isn't defined • flutter/dev/devicelab/bin/tasks/imitation_game_swiftui__compile.dart:11:14 • undefined_function
  error • Target of URI doesn't exist: 'package:flutter_devicelab/framework/devices.dart' • flutter/dev/devicelab/bin/tasks/integration_test_test.dart:5:8 • uri_does_not_exist
  error • Target of URI doesn't exist: 'package:flutter_devicelab/framework/framework.dart' • flutter/dev/devicelab/bin/tasks/integration_test_test.dart:6:8 • uri_does_not_exist
  error • Target of URI doesn't exist: 'package:flutter_devicelab/tasks/integration_tests.dart' • flutter/dev/devicelab/bin/tasks/integration_test_test.dart:7:8 • uri_does_not_exist
  error • Undefined name 'deviceOperatingSystem' • flutter/dev/devicelab/bin/tasks/integration_test_test.dart:10:3 • undefined_identifier
  error • Undefined name 'DeviceOperatingSystem' • flutter/dev/devicelab/bin/tasks/integration_test_test.dart:10:27 • undefined_identifier
  error • The function 'task' isn't defined • flutter/dev/devicelab/bin/tasks/integration_test_test.dart:11:9 • undefined_function
  error • The function 'createEndToEndIntegrationTest' isn't defined • flutter/dev/devicelab/bin/tasks/integration_test_test.dart:11:14 • undefined_function
  error • Target of URI doesn't exist: 'package:flutter_devicelab/framework/devices.dart' • flutter/dev/devicelab/bin/tasks/integration_test_test_ios.dart:5:8 • uri_does_not_exist
  error • Target of URI doesn't exist: 'package:flutter_devicelab/framework/framework.dart' • flutter/dev/devicelab/bin/tasks/integration_test_test_ios.dart:6:8 • uri_does_not_exist
  error • Target of URI doesn't exist: 'package:flutter_devicelab/tasks/integration_tests.dart' • flutter/dev/devicelab/bin/tasks/integration_test_test_ios.dart:7:8 • uri_does_not_exist
  error • Undefined name 'deviceOperatingSystem' • flutter/dev/devicelab/bin/tasks/integration_test_test_ios.dart:10:3 • undefined_identifier
  error • Undefined name 'DeviceOperatingSystem' • flutter/dev/devicelab/bin/tasks/integration_test_test_ios.dart:10:27 • undefined_identifier
  error • The function 'task' isn't defined • flutter/dev/devicelab/bin/tasks/integration_test_test_ios.dart:11:9 • undefined_function
  error • The function 'createEndToEndIntegrationTest' isn't defined • flutter/dev/devicelab/bin/tasks/integration_test_test_ios.dart:11:14 • undefined_function
  error • Target of URI doesn't exist: 'package:flutter_devicelab/framework/devices.dart' • flutter/dev/devicelab/bin/tasks/integration_ui_driver.dart:5:8 • uri_does_not_exist
  error • Target of URI doesn't exist: 'package:flutter_devicelab/framework/framework.dart' • flutter/dev/devicelab/bin/tasks/integration_ui_driver.dart:6:8 • uri_does_not_exist
  error • Target of URI doesn't exist: 'package:flutter_devicelab/tasks/integration_tests.dart' • flutter/dev/devicelab/bin/tasks/integration_ui_driver.dart:7:8 • uri_does_not_exist
  error • Undefined name 'deviceOperatingSystem' • flutter/dev/devicelab/bin/tasks/integration_ui_driver.dart:10:3 • undefined_identifier
  error • Undefined name 'DeviceOperatingSystem' • flutter/dev/devicelab/bin/tasks/integration_ui_driver.dart:10:27 • undefined_identifier
  error • The function 'task' isn't defined • flutter/dev/devicelab/bin/tasks/integration_ui_driver.dart:11:9 • undefined_function
  error • The function 'createEndToEndDriverTest' isn't defined • flutter/dev/devicelab/bin/tasks/integration_ui_driver.dart:11:14 • undefined_function
  error • Target of URI doesn't exist: 'package:flutter_devicelab/framework/devices.dart' • flutter/dev/devicelab/bin/tasks/integration_ui_frame_number.dart:5:8 • uri_does_not_exist
  error • Target of URI doesn't exist: 'package:flutter_devicelab/framework/framework.dart' • flutter/dev/devicelab/bin/tasks/integration_ui_frame_number.dart:6:8 • uri_does_not_exist
  error • Target of URI doesn't exist: 'package:flutter_devicelab/tasks/integration_tests.dart' • flutter/dev/devicelab/bin/tasks/integration_ui_frame_number.dart:7:8 • uri_does_not_exist
  error • Undefined name 'deviceOperatingSystem' • flutter/dev/devicelab/bin/tasks/integration_ui_frame_number.dart:10:3 • undefined_identifier
  error • Undefined name 'DeviceOperatingSystem' • flutter/dev/devicelab/bin/tasks/integration_ui_frame_number.dart:10:27 • undefined_identifier
  error • The function 'task' isn't defined • flutter/dev/devicelab/bin/tasks/integration_ui_frame_number.dart:11:9 • undefined_function
  error • The function 'createEndToEndFrameNumberTest' isn't defined • flutter/dev/devicelab/bin/tasks/integration_ui_frame_number.dart:11:14 • undefined_function
  error • Target of URI doesn't exist: 'package:flutter_devicelab/framework/devices.dart' • flutter/dev/devicelab/bin/tasks/integration_ui_ios_driver.dart:5:8 • uri_does_not_exist
  error • Target of URI doesn't exist: 'package:flutter_devicelab/framework/framework.dart' • flutter/dev/devicelab/bin/tasks/integration_ui_ios_driver.dart:6:8 • uri_does_not_exist
  error • Target of URI doesn't exist: 'package:flutter_devicelab/tasks/integration_tests.dart' • flutter/dev/devicelab/bin/tasks/integration_ui_ios_driver.dart:7:8 • uri_does_not_exist
  error • Undefined name 'deviceOperatingSystem' • flutter/dev/devicelab/bin/tasks/integration_ui_ios_driver.dart:10:3 • undefined_identifier
  error • Undefined name 'DeviceOperatingSystem' • flutter/dev/devicelab/bin/tasks/integration_ui_ios_driver.dart:10:27 • undefined_identifier
  error • The function 'task' isn't defined • flutter/dev/devicelab/bin/tasks/integration_ui_ios_driver.dart:11:9 • undefined_function
  error • The function 'createEndToEndDriverTest' isn't defined • flutter/dev/devicelab/bin/tasks/integration_ui_ios_driver.dart:11:14 • undefined_function
  error • Target of URI doesn't exist: 'package:flutter_devicelab/framework/devices.dart' • flutter/dev/devicelab/bin/tasks/integration_ui_ios_frame_number.dart:5:8 • uri_does_not_exist
  error • Target of URI doesn't exist: 'package:flutter_devicelab/framework/framework.dart' • flutter/dev/devicelab/bin/tasks/integration_ui_ios_frame_number.dart:6:8 • uri_does_not_exist
  error • Target of URI doesn't exist: 'package:flutter_devicelab/tasks/integration_tests.dart' • flutter/dev/devicelab/bin/tasks/integration_ui_ios_frame_number.dart:7:8 • uri_does_not_exist
  error • Undefined name 'deviceOperatingSystem' • flutter/dev/devicelab/bin/tasks/integration_ui_ios_frame_number.dart:10:3 • undefined_identifier
  error • Undefined name 'DeviceOperatingSystem' • flutter/dev/devicelab/bin/tasks/integration_ui_ios_frame_number.dart:10:27 • undefined_identifier
  error • The function 'task' isn't defined • flutter/dev/devicelab/bin/tasks/integration_ui_ios_frame_number.dart:11:9 • undefined_function
  error • The function 'createEndToEndFrameNumberTest' isn't defined • flutter/dev/devicelab/bin/tasks/integration_ui_ios_frame_number.dart:11:14 • undefined_function
  error • Target of URI doesn't exist: 'package:flutter_devicelab/framework/devices.dart' • flutter/dev/devicelab/bin/tasks/integration_ui_ios_keyboard_resize.dart:5:8 • uri_does_not_exist
  error • Target of URI doesn't exist: 'package:flutter_devicelab/framework/framework.dart' • flutter/dev/devicelab/bin/tasks/integration_ui_ios_keyboard_resize.dart:6:8 • uri_does_not_exist
  error • Target of URI doesn't exist: 'package:flutter_devicelab/tasks/integration_tests.dart' • flutter/dev/devicelab/bin/tasks/integration_ui_ios_keyboard_resize.dart:7:8 • uri_does_not_exist
  error • Undefined name 'deviceOperatingSystem' • flutter/dev/devicelab/bin/tasks/integration_ui_ios_keyboard_resize.dart:10:3 • undefined_identifier
  error • Undefined name 'DeviceOperatingSystem' • flutter/dev/devicelab/bin/tasks/integration_ui_ios_keyboard_resize.dart:10:27 • undefined_identifier
  error • The function 'task' isn't defined • flutter/dev/devicelab/bin/tasks/integration_ui_ios_keyboard_resize.dart:11:9 • undefined_function
  error • The function 'createEndToEndKeyboardTest' isn't defined • flutter/dev/devicelab/bin/tasks/integration_ui_ios_keyboard_resize.dart:11:14 • undefined_function
  error • Target of URI doesn't exist: 'package:flutter_devicelab/framework/devices.dart' • flutter/dev/devicelab/bin/tasks/integration_ui_ios_screenshot.dart:5:8 • uri_does_not_exist
  error • Target of URI doesn't exist: 'package:flutter_devicelab/framework/framework.dart' • flutter/dev/devicelab/bin/tasks/integration_ui_ios_screenshot.dart:6:8 • uri_does_not_exist
  error • Target of URI doesn't exist: 'package:flutter_devicelab/tasks/integration_tests.dart' • flutter/dev/devicelab/bin/tasks/integration_ui_ios_screenshot.dart:7:8 • uri_does_not_exist
  error • Undefined name 'deviceOperatingSystem' • flutter/dev/devicelab/bin/tasks/integration_ui_ios_screenshot.dart:10:3 • undefined_identifier
  error • Undefined name 'DeviceOperatingSystem' • flutter/dev/devicelab/bin/tasks/integration_ui_ios_screenshot.dart:10:27 • undefined_identifier
  error • The function 'task' isn't defined • flutter/dev/devicelab/bin/tasks/integration_ui_ios_screenshot.dart:11:9 • undefined_function
  error • The function 'createEndToEndScreenshotTest' isn't defined • flutter/dev/devicelab/bin/tasks/integration_ui_ios_screenshot.dart:11:14 • undefined_function
  error • Target of URI doesn't exist: 'package:flutter_devicelab/framework/devices.dart' • flutter/dev/devicelab/bin/tasks/integration_ui_ios_textfield.dart:5:8 • uri_does_not_exist
  error • Target of URI doesn't exist: 'package:flutter_devicelab/framework/framework.dart' • flutter/dev/devicelab/bin/tasks/integration_ui_ios_textfield.dart:6:8 • uri_does_not_exist
  error • Target of URI doesn't exist: 'package:flutter_devicelab/tasks/integration_tests.dart' • flutter/dev/devicelab/bin/tasks/integration_ui_ios_textfield.dart:7:8 • uri_does_not_exist
  error • Undefined name 'deviceOperatingSystem' • flutter/dev/devicelab/bin/tasks/integration_ui_ios_textfield.dart:10:3 • undefined_identifier
  error • Undefined name 'DeviceOperatingSystem' • flutter/dev/devicelab/bin/tasks/integration_ui_ios_textfield.dart:10:27 • undefined_identifier
  error • The function 'task' isn't defined • flutter/dev/devicelab/bin/tasks/integration_ui_ios_textfield.dart:11:9 • undefined_function
  error • The function 'createEndToEndKeyboardTextfieldTest' isn't defined • flutter/dev/devicelab/bin/tasks/integration_ui_ios_textfield.dart:11:14 • undefined_function
  error • Target of URI doesn't exist: 'package:flutter_devicelab/framework/devices.dart' • flutter/dev/devicelab/bin/tasks/integration_ui_keyboard_resize.dart:5:8 • uri_does_not_exist
  error • Target of URI doesn't exist: 'package:flutter_devicelab/framework/framework.dart' • flutter/dev/devicelab/bin/tasks/integration_ui_keyboard_resize.dart:6:8 • uri_does_not_exist
  error • Target of URI doesn't exist: 'package:flutter_devicelab/tasks/integration_tests.dart' • flutter/dev/devicelab/bin/tasks/integration_ui_keyboard_resize.dart:7:8 • uri_does_not_exist
  error • Undefined name 'deviceOperatingSystem' • flutter/dev/devicelab/bin/tasks/integration_ui_keyboard_resize.dart:10:3 • undefined_identifier
  error • Undefined name 'DeviceOperatingSystem' • flutter/dev/devicelab/bin/tasks/integration_ui_keyboard_resize.dart:10:27 • undefined_identifier
  error • The function 'task' isn't defined • flutter/dev/devicelab/bin/tasks/integration_ui_keyboard_resize.dart:11:9 • undefined_function
  error • The function 'createEndToEndKeyboardTest' isn't defined • flutter/dev/devicelab/bin/tasks/integration_ui_keyboard_resize.dart:11:14 • undefined_function
  error • Target of URI doesn't exist: 'package:flutter_devicelab/framework/devices.dart' • flutter/dev/devicelab/bin/tasks/integration_ui_screenshot.dart:5:8 • uri_does_not_exist
  error • Target of URI doesn't exist: 'package:flutter_devicelab/framework/framework.dart' • flutter/dev/devicelab/bin/tasks/integration_ui_screenshot.dart:6:8 • uri_does_not_exist
  error • Target of URI doesn't exist: 'package:flutter_devicelab/tasks/integration_tests.dart' • flutter/dev/devicelab/bin/tasks/integration_ui_screenshot.dart:7:8 • uri_does_not_exist
  error • Undefined name 'deviceOperatingSystem' • flutter/dev/devicelab/bin/tasks/integration_ui_screenshot.dart:10:3 • undefined_identifier
  error • Undefined name 'DeviceOperatingSystem' • flutter/dev/devicelab/bin/tasks/integration_ui_screenshot.dart:10:27 • undefined_identifier
  error • The function 'task' isn't defined • flutter/dev/devicelab/bin/tasks/integration_ui_screenshot.dart:11:9 • undefined_function
  error • The function 'createEndToEndScreenshotTest' isn't defined • flutter/dev/devicelab/bin/tasks/integration_ui_screenshot.dart:11:14 • undefined_function
  error • Target of URI doesn't exist: 'package:flutter_devicelab/framework/devices.dart' • flutter/dev/devicelab/bin/tasks/integration_ui_test_test_macos.dart:5:8 • uri_does_not_exist
  error • Target of URI doesn't exist: 'package:flutter_devicelab/framework/framework.dart' • flutter/dev/devicelab/bin/tasks/integration_ui_test_test_macos.dart:6:8 • uri_does_not_exist
  error • Target of URI doesn't exist: 'package:flutter_devicelab/tasks/integration_tests.dart' • flutter/dev/devicelab/bin/tasks/integration_ui_test_test_macos.dart:7:8 • uri_does_not_exist
  error • Undefined name 'deviceOperatingSystem' • flutter/dev/devicelab/bin/tasks/integration_ui_test_test_macos.dart:10:3 • undefined_identifier
  error • Undefined name 'DeviceOperatingSystem' • flutter/dev/devicelab/bin/tasks/integration_ui_test_test_macos.dart:10:27 • undefined_identifier
  error • The function 'task' isn't defined • flutter/dev/devicelab/bin/tasks/integration_ui_test_test_macos.dart:11:9 • undefined_function
  error • The function 'createEndToEndIntegrationTest' isn't defined • flutter/dev/devicelab/bin/tasks/integration_ui_test_test_macos.dart:11:14 • undefined_function
  error • Target of URI doesn't exist: 'package:flutter_devicelab/framework/devices.dart' • flutter/dev/devicelab/bin/tasks/integration_ui_textfield.dart:5:8 • uri_does_not_exist
  error • Target of URI doesn't exist: 'package:flutter_devicelab/framework/framework.dart' • flutter/dev/devicelab/bin/tasks/integration_ui_textfield.dart:6:8 • uri_does_not_exist
  error • Target of URI doesn't exist: 'package:flutter_devicelab/tasks/integration_tests.dart' • flutter/dev/devicelab/bin/tasks/integration_ui_textfield.dart:7:8 • uri_does_not_exist
  error • Undefined name 'deviceOperatingSystem' • flutter/dev/devicelab/bin/tasks/integration_ui_textfield.dart:10:3 • undefined_identifier
  error • Undefined name 'DeviceOperatingSystem' • flutter/dev/devicelab/bin/tasks/integration_ui_textfield.dart:10:27 • undefined_identifier
  error • The function 'task' isn't defined • flutter/dev/devicelab/bin/tasks/integration_ui_textfield.dart:11:9 • undefined_function
  error • The function 'createEndToEndKeyboardTextfieldTest' isn't defined • flutter/dev/devicelab/bin/tasks/integration_ui_textfield.dart:11:14 • undefined_function
  error • Target of URI doesn't exist: 'package:flutter_devicelab/framework/framework.dart' • flutter/dev/devicelab/bin/tasks/ios_app_with_extensions_test.dart:7:8 • uri_does_not_exist
  error • Target of URI doesn't exist: 'package:flutter_devicelab/framework/task_result.dart' • flutter/dev/devicelab/bin/tasks/ios_app_with_extensions_test.dart:8:8 • uri_does_not_exist
  error • Target of URI doesn't exist: 'package:flutter_devicelab/framework/utils.dart' • flutter/dev/devicelab/bin/tasks/ios_app_with_extensions_test.dart:9:8 • uri_does_not_exist
  error • Target of URI doesn't exist: 'package:yaml_edit/yaml_edit.dart' • flutter/dev/devicelab/bin/tasks/ios_app_with_extensions_test.dart:11:8 • uri_does_not_exist
  error • The function 'task' isn't defined • flutter/dev/devicelab/bin/tasks/ios_app_with_extensions_test.dart:14:9 • undefined_function
  error • The function 'section' isn't defined • flutter/dev/devicelab/bin/tasks/ios_app_with_extensions_test.dart:15:5 • undefined_function
  error • The function 'mkdirs' isn't defined • flutter/dev/devicelab/bin/tasks/ios_app_with_extensions_test.dart:23:7 • undefined_function
  error • The function 'recursiveCopy' isn't defined • flutter/dev/devicelab/bin/tasks/ios_app_with_extensions_test.dart:24:7 • undefined_function
  error • Undefined name 'flutterDirectory' • flutter/dev/devicelab/bin/tasks/ios_app_with_extensions_test.dart:26:21 • undefined_identifier
  error • Undefined name 'flutterDirectory' • flutter/dev/devicelab/bin/tasks/ios_app_with_extensions_test.dart:32:19 • undefined_identifier
  error • Undefined class 'YamlEditor' • flutter/dev/devicelab/bin/tasks/ios_app_with_extensions_test.dart:34:13 • undefined_class
  error • The function 'YamlEditor' isn't defined • flutter/dev/devicelab/bin/tasks/ios_app_with_extensions_test.dart:34:37 • undefined_function
  error • The function 'section' isn't defined • flutter/dev/devicelab/bin/tasks/ios_app_with_extensions_test.dart:40:7 • undefined_function
  error • The function 'inDirectory' isn't defined • flutter/dev/devicelab/bin/tasks/ios_app_with_extensions_test.dart:46:13 • undefined_function
  error • The function 'evalFlutter' isn't defined • flutter/dev/devicelab/bin/tasks/ios_app_with_extensions_test.dart:47:42 • undefined_function
  error • Undefined name 'TaskResult' • flutter/dev/devicelab/bin/tasks/ios_app_with_extensions_test.dart:53:17 • undefined_identifier
  error • Undefined name 'TaskResult' • flutter/dev/devicelab/bin/tasks/ios_app_with_extensions_test.dart:57:14 • undefined_identifier
  error • Undefined name 'TaskResult' • flutter/dev/devicelab/bin/tasks/ios_app_with_extensions_test.dart:60:14 • undefined_identifier
  error • The function 'rmTree' isn't defined • flutter/dev/devicelab/bin/tasks/ios_app_with_extensions_test.dart:62:7 • undefined_function
  error • Target of URI doesn't exist: 'package:flutter_devicelab/framework/devices.dart' • flutter/dev/devicelab/bin/tasks/ios_debug_workflow.dart:9:8 • uri_does_not_exist
  error • Target of URI doesn't exist: 'package:flutter_devicelab/framework/framework.dart' • flutter/dev/devicelab/bin/tasks/ios_debug_workflow.dart:10:8 • uri_does_not_exist
  error • Target of URI doesn't exist: 'package:flutter_devicelab/framework/task_result.dart' • flutter/dev/devicelab/bin/tasks/ios_debug_workflow.dart:11:8 • uri_does_not_exist
  error • Target of URI doesn't exist: 'package:flutter_devicelab/framework/utils.dart' • flutter/dev/devicelab/bin/tasks/ios_debug_workflow.dart:12:8 • uri_does_not_exist
  error • The function 'task' isn't defined • flutter/dev/devicelab/bin/tasks/ios_debug_workflow.dart:17:9 • undefined_function
  error • Undefined name 'deviceOperatingSystem' • flutter/dev/devicelab/bin/tasks/ios_debug_workflow.dart:18:5 • undefined_identifier
  error • Undefined name 'DeviceOperatingSystem' • flutter/dev/devicelab/bin/tasks/ios_debug_workflow.dart:18:29 • undefined_identifier
  error • The function 'exec' isn't defined • flutter/dev/devicelab/bin/tasks/ios_debug_workflow.dart:24:34 • undefined_function
  error • Undefined name 'flutterDirectory' • flutter/dev/devicelab/bin/tasks/ios_debug_workflow.dart:24:49 • undefined_identifier
  error • Undefined class 'TaskFunction' • flutter/dev/devicelab/bin/tasks/ios_debug_workflow.dart:33:1 • undefined_class
  error • The function 'dir' isn't defined • flutter/dev/devicelab/bin/tasks/ios_debug_workflow.dart:37:37 • undefined_function
  error • The function 'exec' isn't defined • flutter/dev/devicelab/bin/tasks/ios_debug_workflow.dart:38:11 • undefined_function
  error • The function 'dir' isn't defined • flutter/dev/devicelab/bin/tasks/ios_debug_workflow.dart:44:36 • undefined_function
  error • Undefined class 'Device' • flutter/dev/devicelab/bin/tasks/ios_debug_workflow.dart:48:13 • undefined_class
  error • Undefined name 'devices' • flutter/dev/devicelab/bin/tasks/ios_debug_workflow.dart:48:35 • undefined_identifier
  error • Undefined class 'TaskResult' • flutter/dev/devicelab/bin/tasks/ios_debug_workflow.dart:55:11 • undefined_class
  error • Undefined name 'TaskResult' • flutter/dev/devicelab/bin/tasks/ios_debug_workflow.dart:67:12 • undefined_identifier
  error • The name 'TaskResult' isn't a type, so it can't be used as a type argument • flutter/dev/devicelab/bin/tasks/ios_debug_workflow.dart:71:8 • non_type_as_type_argument
  error • The function 'startFlutter' isn't defined • flutter/dev/devicelab/bin/tasks/ios_debug_workflow.dart:84:33 • undefined_function
  error • The 'case' shouldn't complete normally • flutter/dev/devicelab/bin/tasks/ios_debug_workflow.dart:95:5 • switch_case_completes_normally
  error • Undefined name 'TaskResult' • flutter/dev/devicelab/bin/tasks/ios_debug_workflow.dart:141:12 • undefined_identifier
  error • Undefined name 'TaskResult' • flutter/dev/devicelab/bin/tasks/ios_debug_workflow.dart:145:12 • undefined_identifier
  error • Undefined name 'TaskResult' • flutter/dev/devicelab/bin/tasks/ios_debug_workflow.dart:148:12 • undefined_identifier
  error • Undefined name 'TaskResult' • flutter/dev/devicelab/bin/tasks/ios_debug_workflow.dart:151:10 • undefined_identifier
  error • Undefined name 'flutterDirectory' • flutter/dev/devicelab/bin/tasks/ios_debug_workflow.dart:156:38 • undefined_identifier
  error • Target of URI doesn't exist: 'package:flutter_devicelab/framework/devices.dart' • flutter/dev/devicelab/bin/tasks/ios_defines_test.dart:5:8 • uri_does_not_exist
  error • Target of URI doesn't exist: 'package:flutter_devicelab/framework/framework.dart' • flutter/dev/devicelab/bin/tasks/ios_defines_test.dart:6:8 • uri_does_not_exist
  error • Target of URI doesn't exist: 'package:flutter_devicelab/tasks/integration_tests.dart' • flutter/dev/devicelab/bin/tasks/ios_defines_test.dart:7:8 • uri_does_not_exist
  error • Undefined name 'deviceOperatingSystem' • flutter/dev/devicelab/bin/tasks/ios_defines_test.dart:11:3 • undefined_identifier
  error • Undefined name 'DeviceOperatingSystem' • flutter/dev/devicelab/bin/tasks/ios_defines_test.dart:11:27 • undefined_identifier
  error • The function 'task' isn't defined • flutter/dev/devicelab/bin/tasks/ios_defines_test.dart:12:9 • undefined_function
  error • The function 'dartDefinesTask' isn't defined • flutter/dev/devicelab/bin/tasks/ios_defines_test.dart:12:14 • undefined_function
  error • Target of URI doesn't exist: 'package:flutter_devicelab/framework/devices.dart' • flutter/dev/devicelab/bin/tasks/ios_platform_view_tests.dart:5:8 • uri_does_not_exist
  error • Target of URI doesn't exist: 'package:flutter_devicelab/framework/framework.dart' • flutter/dev/devicelab/bin/tasks/ios_platform_view_tests.dart:6:8 • uri_does_not_exist
  error • Target of URI doesn't exist: 'package:flutter_devicelab/tasks/integration_tests.dart' • flutter/dev/devicelab/bin/tasks/ios_platform_view_tests.dart:7:8 • uri_does_not_exist
  error • Undefined name 'deviceOperatingSystem' • flutter/dev/devicelab/bin/tasks/ios_platform_view_tests.dart:10:3 • undefined_identifier
  error • Undefined name 'DeviceOperatingSystem' • flutter/dev/devicelab/bin/tasks/ios_platform_view_tests.dart:10:27 • undefined_identifier
  error • The function 'task' isn't defined • flutter/dev/devicelab/bin/tasks/ios_platform_view_tests.dart:11:9 • undefined_function
  error • The function 'createIOSPlatformViewTests' isn't defined • flutter/dev/devicelab/bin/tasks/ios_platform_view_tests.dart:11:14 • undefined_function
  error • Target of URI doesn't exist: 'package:flutter_devicelab/framework/devices.dart' • flutter/dev/devicelab/bin/tasks/keyboard_hot_restart_ios.dart:5:8 • uri_does_not_exist
  error • Target of URI doesn't exist: 'package:flutter_devicelab/framework/framework.dart' • flutter/dev/devicelab/bin/tasks/keyboard_hot_restart_ios.dart:6:8 • uri_does_not_exist
  error • Target of URI doesn't exist: 'package:flutter_devicelab/tasks/keyboard_hot_restart_test.dart' • flutter/dev/devicelab/bin/tasks/keyboard_hot_restart_ios.dart:7:8 • uri_does_not_exist
  error • The function 'task' isn't defined • flutter/dev/devicelab/bin/tasks/keyboard_hot_restart_ios.dart:10:9 • undefined_function
  error • Undefined name 'deviceOperatingSystem' • flutter/dev/devicelab/bin/tasks/keyboard_hot_restart_ios.dart:11:5 • undefined_identifier
  error • Undefined name 'DeviceOperatingSystem' • flutter/dev/devicelab/bin/tasks/keyboard_hot_restart_ios.dart:11:29 • undefined_identifier
  error • The function 'createKeyboardHotRestartTest' isn't defined • flutter/dev/devicelab/bin/tasks/keyboard_hot_restart_ios.dart:12:12 • undefined_function
  error • Target of URI doesn't exist: 'package:flutter_devicelab/framework/devices.dart' • flutter/dev/devicelab/bin/tasks/large_image_changer_perf_android.dart:5:8 • uri_does_not_exist
  error • Target of URI doesn't exist: 'package:flutter_devicelab/framework/framework.dart' • flutter/dev/devicelab/bin/tasks/large_image_changer_perf_android.dart:6:8 • uri_does_not_exist
  error • Target of URI doesn't exist: 'package:flutter_devicelab/framework/utils.dart' • flutter/dev/devicelab/bin/tasks/large_image_changer_perf_android.dart:7:8 • uri_does_not_exist
  error • Target of URI doesn't exist: 'package:flutter_devicelab/tasks/perf_tests.dart' • flutter/dev/devicelab/bin/tasks/large_image_changer_perf_android.dart:8:8 • uri_does_not_exist
  error • Undefined name 'deviceOperatingSystem' • flutter/dev/devicelab/bin/tasks/large_image_changer_perf_android.dart:11:3 • undefined_identifier
  error • Undefined name 'DeviceOperatingSystem' • flutter/dev/devicelab/bin/tasks/large_image_changer_perf_android.dart:11:27 • undefined_identifier
  error • The function 'task' isn't defined • flutter/dev/devicelab/bin/tasks/large_image_changer_perf_android.dart:12:9 • undefined_function
  error • The function 'DevToolsMemoryTest' isn't defined • flutter/dev/devicelab/bin/tasks/large_image_changer_perf_android.dart:13:5 • undefined_function
  error • Undefined name 'flutterDirectory' • flutter/dev/devicelab/bin/tasks/large_image_changer_perf_android.dart:14:10 • undefined_identifier
  error • Target of URI doesn't exist: 'package:flutter_devicelab/framework/devices.dart' • flutter/dev/devicelab/bin/tasks/large_image_changer_perf_ios.dart:5:8 • uri_does_not_exist
  error • Target of URI doesn't exist: 'package:flutter_devicelab/framework/framework.dart' • flutter/dev/devicelab/bin/tasks/large_image_changer_perf_ios.dart:6:8 • uri_does_not_exist
  error • Target of URI doesn't exist: 'package:flutter_devicelab/framework/utils.dart' • flutter/dev/devicelab/bin/tasks/large_image_changer_perf_ios.dart:7:8 • uri_does_not_exist
  error • Target of URI doesn't exist: 'package:flutter_devicelab/tasks/perf_tests.dart' • flutter/dev/devicelab/bin/tasks/large_image_changer_perf_ios.dart:8:8 • uri_does_not_exist
  error • Undefined name 'deviceOperatingSystem' • flutter/dev/devicelab/bin/tasks/large_image_changer_perf_ios.dart:11:3 • undefined_identifier
  error • Undefined name 'DeviceOperatingSystem' • flutter/dev/devicelab/bin/tasks/large_image_changer_perf_ios.dart:11:27 • undefined_identifier
  error • The function 'task' isn't defined • flutter/dev/devicelab/bin/tasks/large_image_changer_perf_ios.dart:12:9 • undefined_function
  error • The function 'PerfTest' isn't defined • flutter/dev/devicelab/bin/tasks/large_image_changer_perf_ios.dart:13:5 • undefined_function
  error • Undefined name 'flutterDirectory' • flutter/dev/devicelab/bin/tasks/large_image_changer_perf_ios.dart:14:10 • undefined_identifier
  error • Target of URI doesn't exist: 'package:flutter_devicelab/framework/framework.dart' • flutter/dev/devicelab/bin/tasks/linux_chrome_dev_mode.dart:5:8 • uri_does_not_exist
  error • Target of URI doesn't exist: 'package:flutter_devicelab/tasks/web_dev_mode_tests.dart' • flutter/dev/devicelab/bin/tasks/linux_chrome_dev_mode.dart:6:8 • uri_does_not_exist
  error • The function 'task' isn't defined • flutter/dev/devicelab/bin/tasks/linux_chrome_dev_mode.dart:9:9 • undefined_function
  error • The function 'createWebDevModeTest' isn't defined • flutter/dev/devicelab/bin/tasks/linux_chrome_dev_mode.dart:9:14 • undefined_function
  error • Target of URI doesn't exist: 'package:flutter_devicelab/framework/devices.dart' • flutter/dev/devicelab/bin/tasks/linux_desktop_impeller.dart:5:8 • uri_does_not_exist
  error • Target of URI doesn't exist: 'package:flutter_devicelab/framework/framework.dart' • flutter/dev/devicelab/bin/tasks/linux_desktop_impeller.dart:6:8 • uri_does_not_exist
  error • Target of URI doesn't exist: 'package:flutter_devicelab/tasks/integration_tests.dart' • flutter/dev/devicelab/bin/tasks/linux_desktop_impeller.dart:7:8 • uri_does_not_exist
  error • Undefined name 'deviceOperatingSystem' • flutter/dev/devicelab/bin/tasks/linux_desktop_impeller.dart:10:3 • undefined_identifier
  error • Undefined name 'DeviceOperatingSystem' • flutter/dev/devicelab/bin/tasks/linux_desktop_impeller.dart:10:27 • undefined_identifier
  error • The function 'task' isn't defined • flutter/dev/devicelab/bin/tasks/linux_desktop_impeller.dart:11:9 • undefined_function
  error • The function 'createSolidColorTest' isn't defined • flutter/dev/devicelab/bin/tasks/linux_desktop_impeller.dart:11:14 • undefined_function
  error • Target of URI doesn't exist: 'package:flutter_devicelab/framework/devices.dart' • flutter/dev/devicelab/bin/tasks/linux_feature_flags_test.dart:5:8 • uri_does_not_exist
  error • Target of URI doesn't exist: 'package:flutter_devicelab/framework/framework.dart' • flutter/dev/devicelab/bin/tasks/linux_feature_flags_test.dart:6:8 • uri_does_not_exist
  error • Target of URI doesn't exist: 'package:flutter_devicelab/tasks/integration_tests.dart' • flutter/dev/devicelab/bin/tasks/linux_feature_flags_test.dart:7:8 • uri_does_not_exist
  error • Undefined name 'deviceOperatingSystem' • flutter/dev/devicelab/bin/tasks/linux_feature_flags_test.dart:11:3 • undefined_identifier
  error • Undefined name 'DeviceOperatingSystem' • flutter/dev/devicelab/bin/tasks/linux_feature_flags_test.dart:11:27 • undefined_identifier
  error • The function 'task' isn't defined • flutter/dev/devicelab/bin/tasks/linux_feature_flags_test.dart:12:9 • undefined_function
  error • The function 'featureFlagsTask' isn't defined • flutter/dev/devicelab/bin/tasks/linux_feature_flags_test.dart:12:14 • undefined_function
  error • Target of URI doesn't exist: 'package:flutter_devicelab/framework/devices.dart' • flutter/dev/devicelab/bin/tasks/list_text_layout_impeller_perf__e2e_summary.dart:5:8 • uri_does_not_exist
  error • Target of URI doesn't exist: 'package:flutter_devicelab/framework/framework.dart' • flutter/dev/devicelab/bin/tasks/list_text_layout_impeller_perf__e2e_summary.dart:6:8 • uri_does_not_exist
  error • Target of URI doesn't exist: 'package:flutter_devicelab/tasks/perf_tests.dart' • flutter/dev/devicelab/bin/tasks/list_text_layout_impeller_perf__e2e_summary.dart:7:8 • uri_does_not_exist
  error • Undefined name 'deviceOperatingSystem' • flutter/dev/devicelab/bin/tasks/list_text_layout_impeller_perf__e2e_summary.dart:10:3 • undefined_identifier
  error • Undefined name 'DeviceOperatingSystem' • flutter/dev/devicelab/bin/tasks/list_text_layout_impeller_perf__e2e_summary.dart:10:27 • undefined_identifier
  error • The function 'task' isn't defined • flutter/dev/devicelab/bin/tasks/list_text_layout_impeller_perf__e2e_summary.dart:11:9 • undefined_function
  error • The function 'createListTextLayoutPerfE2ETest' isn't defined • flutter/dev/devicelab/bin/tasks/list_text_layout_impeller_perf__e2e_summary.dart:11:14 • undefined_function
  error • Target of URI doesn't exist: 'package:flutter_devicelab/framework/devices.dart' • flutter/dev/devicelab/bin/tasks/list_text_layout_perf__e2e_summary.dart:5:8 • uri_does_not_exist
  error • Target of URI doesn't exist: 'package:flutter_devicelab/framework/framework.dart' • flutter/dev/devicelab/bin/tasks/list_text_layout_perf__e2e_summary.dart:6:8 • uri_does_not_exist
  error • Target of URI doesn't exist: 'package:flutter_devicelab/tasks/perf_tests.dart' • flutter/dev/devicelab/bin/tasks/list_text_layout_perf__e2e_summary.dart:7:8 • uri_does_not_exist
  error • Undefined name 'deviceOperatingSystem' • flutter/dev/devicelab/bin/tasks/list_text_layout_perf__e2e_summary.dart:10:3 • undefined_identifier
  error • Undefined name 'DeviceOperatingSystem' • flutter/dev/devicelab/bin/tasks/list_text_layout_perf__e2e_summary.dart:10:27 • undefined_identifier
  error • The function 'task' isn't defined • flutter/dev/devicelab/bin/tasks/list_text_layout_perf__e2e_summary.dart:11:9 • undefined_function
  error • The function 'createListTextLayoutPerfE2ETest' isn't defined • flutter/dev/devicelab/bin/tasks/list_text_layout_perf__e2e_summary.dart:11:14 • undefined_function
  error • Target of URI doesn't exist: 'package:flutter_devicelab/framework/devices.dart' • flutter/dev/devicelab/bin/tasks/mac_desktop_impeller.dart:5:8 • uri_does_not_exist
  error • Target of URI doesn't exist: 'package:flutter_devicelab/framework/framework.dart' • flutter/dev/devicelab/bin/tasks/mac_desktop_impeller.dart:6:8 • uri_does_not_exist
  error • Target of URI doesn't exist: 'package:flutter_devicelab/tasks/integration_tests.dart' • flutter/dev/devicelab/bin/tasks/mac_desktop_impeller.dart:7:8 • uri_does_not_exist
  error • Undefined name 'deviceOperatingSystem' • flutter/dev/devicelab/bin/tasks/mac_desktop_impeller.dart:10:3 • undefined_identifier
  error • Undefined name 'DeviceOperatingSystem' • flutter/dev/devicelab/bin/tasks/mac_desktop_impeller.dart:10:27 • undefined_identifier
  error • The function 'task' isn't defined • flutter/dev/devicelab/bin/tasks/mac_desktop_impeller.dart:11:9 • undefined_function
  error • The function 'createSolidColorTest' isn't defined • flutter/dev/devicelab/bin/tasks/mac_desktop_impeller.dart:11:14 • undefined_function
  error • Target of URI doesn't exist: 'package:flutter_devicelab/framework/framework.dart' • flutter/dev/devicelab/bin/tasks/macos_chrome_dev_mode.dart:5:8 • uri_does_not_exist
  error • Target of URI doesn't exist: 'package:flutter_devicelab/tasks/web_dev_mode_tests.dart' • flutter/dev/devicelab/bin/tasks/macos_chrome_dev_mode.dart:6:8 • uri_does_not_exist
  error • The function 'task' isn't defined • flutter/dev/devicelab/bin/tasks/macos_chrome_dev_mode.dart:9:9 • undefined_function
  error • The function 'createWebDevModeTest' isn't defined • flutter/dev/devicelab/bin/tasks/macos_chrome_dev_mode.dart:9:14 • undefined_function
  error • Target of URI doesn't exist: 'package:flutter_devicelab/framework/devices.dart' • flutter/dev/devicelab/bin/tasks/microbenchmarks.dart:5:8 • uri_does_not_exist
  error • Target of URI doesn't exist: 'package:flutter_devicelab/framework/framework.dart' • flutter/dev/devicelab/bin/tasks/microbenchmarks.dart:6:8 • uri_does_not_exist
  error • Target of URI doesn't exist: 'package:flutter_devicelab/tasks/microbenchmarks.dart' • flutter/dev/devicelab/bin/tasks/microbenchmarks.dart:7:8 • uri_does_not_exist
  error • Undefined name 'deviceOperatingSystem' • flutter/dev/devicelab/bin/tasks/microbenchmarks.dart:11:3 • undefined_identifier
  error • Undefined name 'DeviceOperatingSystem' • flutter/dev/devicelab/bin/tasks/microbenchmarks.dart:11:27 • undefined_identifier
  error • The function 'task' isn't defined • flutter/dev/devicelab/bin/tasks/microbenchmarks.dart:12:9 • undefined_function
  error • The function 'createMicrobenchmarkTask' isn't defined • flutter/dev/devicelab/bin/tasks/microbenchmarks.dart:12:14 • undefined_function
  error • Target of URI doesn't exist: 'package:flutter_devicelab/framework/devices.dart' • flutter/dev/devicelab/bin/tasks/microbenchmarks_ios.dart:5:8 • uri_does_not_exist
  error • Target of URI doesn't exist: 'package:flutter_devicelab/framework/framework.dart' • flutter/dev/devicelab/bin/tasks/microbenchmarks_ios.dart:6:8 • uri_does_not_exist
  error • Target of URI doesn't exist: 'package:flutter_devicelab/tasks/microbenchmarks.dart' • flutter/dev/devicelab/bin/tasks/microbenchmarks_ios.dart:7:8 • uri_does_not_exist
  error • Undefined name 'deviceOperatingSystem' • flutter/dev/devicelab/bin/tasks/microbenchmarks_ios.dart:11:3 • undefined_identifier
  error • Undefined name 'DeviceOperatingSystem' • flutter/dev/devicelab/bin/tasks/microbenchmarks_ios.dart:11:27 • undefined_identifier
  error • The function 'task' isn't defined • flutter/dev/devicelab/bin/tasks/microbenchmarks_ios.dart:12:9 • undefined_function
  error • The function 'createMicrobenchmarkTask' isn't defined • flutter/dev/devicelab/bin/tasks/microbenchmarks_ios.dart:12:14 • undefined_function
  error • Target of URI doesn't exist: 'package:flutter_devicelab/framework/apk_utils.dart' • flutter/dev/devicelab/bin/tasks/module_custom_host_app_name_test.dart:7:8 • uri_does_not_exist
  error • Target of URI doesn't exist: 'package:flutter_devicelab/framework/framework.dart' • flutter/dev/devicelab/bin/tasks/module_custom_host_app_name_test.dart:8:8 • uri_does_not_exist
  error • Target of URI doesn't exist: 'package:flutter_devicelab/framework/task_result.dart' • flutter/dev/devicelab/bin/tasks/module_custom_host_app_name_test.dart:9:8 • uri_does_not_exist
  error • Target of URI doesn't exist: 'package:flutter_devicelab/framework/utils.dart' • flutter/dev/devicelab/bin/tasks/module_custom_host_app_name_test.dart:10:8 • uri_does_not_exist
  error • The function 'task' isn't defined • flutter/dev/devicelab/bin/tasks/module_custom_host_app_name_test.dart:20:9 • undefined_function
  error • The function 'section' isn't defined • flutter/dev/devicelab/bin/tasks/module_custom_host_app_name_test.dart:21:5 • undefined_function
  error • The function 'findJavaHome' isn't defined • flutter/dev/devicelab/bin/tasks/module_custom_host_app_name_test.dart:23:36 • undefined_function
  error • Undefined name 'TaskResult' • flutter/dev/devicelab/bin/tasks/module_custom_host_app_name_test.dart:25:14 • undefined_identifier
  error • The function 'section' isn't defined • flutter/dev/devicelab/bin/tasks/module_custom_host_app_name_test.dart:29:5 • undefined_function
  error • The function 'inDirectory' isn't defined • flutter/dev/devicelab/bin/tasks/module_custom_host_app_name_test.dart:34:13 • undefined_function
  error • The function 'flutter' isn't defined • flutter/dev/devicelab/bin/tasks/module_custom_host_app_name_test.dart:35:15 • undefined_function
  error • The function 'section' isn't defined • flutter/dev/devicelab/bin/tasks/module_custom_host_app_name_test.dart:41:7 • undefined_function
  error • The function 'exists' isn't defined • flutter/dev/devicelab/bin/tasks/module_custom_host_app_name_test.dart:47:12 • undefined_function
  error • Undefined name 'TaskResult' • flutter/dev/devicelab/bin/tasks/module_custom_host_app_name_test.dart:48:16 • undefined_identifier
  error • The function 'exec' isn't defined • flutter/dev/devicelab/bin/tasks/module_custom_host_app_name_test.dart:52:15 • undefined_function
  error • The function 'section' isn't defined • flutter/dev/devicelab/bin/tasks/module_custom_host_app_name_test.dart:63:7 • undefined_function
  error • The function 'inDirectory' isn't defined • flutter/dev/devicelab/bin/tasks/module_custom_host_app_name_test.dart:71:13 • undefined_function
  error • The function 'flutter' isn't defined • flutter/dev/devicelab/bin/tasks/module_custom_host_app_name_test.dart:72:15 • undefined_function
  error • The function 'section' isn't defined • flutter/dev/devicelab/bin/tasks/module_custom_host_app_name_test.dart:75:7 • undefined_function
  error • The function 'inDirectory' isn't defined • flutter/dev/devicelab/bin/tasks/module_custom_host_app_name_test.dart:77:13 • undefined_function
  error • The function 'exec' isn't defined • flutter/dev/devicelab/bin/tasks/module_custom_host_app_name_test.dart:78:15 • undefined_function
  error • The function 'exists' isn't defined • flutter/dev/devicelab/bin/tasks/module_custom_host_app_name_test.dart:85:29 • undefined_function
  error • Undefined name 'TaskResult' • flutter/dev/devicelab/bin/tasks/module_custom_host_app_name_test.dart:100:16 • undefined_identifier
  error • The function 'section' isn't defined • flutter/dev/devicelab/bin/tasks/module_custom_host_app_name_test.dart:103:7 • undefined_function
  error • The function 'inDirectory' isn't defined • flutter/dev/devicelab/bin/tasks/module_custom_host_app_name_test.dart:105:13 • undefined_function
  error • The function 'flutter' isn't defined • flutter/dev/devicelab/bin/tasks/module_custom_host_app_name_test.dart:106:15 • undefined_function
  error • The function 'exists' isn't defined • flutter/dev/devicelab/bin/tasks/module_custom_host_app_name_test.dart:109:42 • undefined_function
  error • Undefined name 'TaskResult' • flutter/dev/devicelab/bin/tasks/module_custom_host_app_name_test.dart:124:16 • undefined_identifier
  error • The function 'section' isn't defined • flutter/dev/devicelab/bin/tasks/module_custom_host_app_name_test.dart:127:7 • undefined_function
  error • The function 'inDirectory' isn't defined • flutter/dev/devicelab/bin/tasks/module_custom_host_app_name_test.dart:129:13 • undefined_function
  error • The function 'flutter' isn't defined • flutter/dev/devicelab/bin/tasks/module_custom_host_app_name_test.dart:130:15 • undefined_function
  error • The function 'section' isn't defined • flutter/dev/devicelab/bin/tasks/module_custom_host_app_name_test.dart:133:7 • undefined_function
  error • The function 'inDirectory' isn't defined • flutter/dev/devicelab/bin/tasks/module_custom_host_app_name_test.dart:135:13 • undefined_function
  error • The function 'flutter' isn't defined • flutter/dev/devicelab/bin/tasks/module_custom_host_app_name_test.dart:136:15 • undefined_function
  error • The function 'exists' isn't defined • flutter/dev/devicelab/bin/tasks/module_custom_host_app_name_test.dart:139:41 • undefined_function
  error • Undefined name 'TaskResult' • flutter/dev/devicelab/bin/tasks/module_custom_host_app_name_test.dart:154:16 • undefined_identifier
  error • The function 'section' isn't defined • flutter/dev/devicelab/bin/tasks/module_custom_host_app_name_test.dart:157:7 • undefined_function
  error • The function 'mkdir' isn't defined • flutter/dev/devicelab/bin/tasks/module_custom_host_app_name_test.dart:160:7 • undefined_function
  error • The function 'recursiveCopy' isn't defined • flutter/dev/devicelab/bin/tasks/module_custom_host_app_name_test.dart:161:7 • undefined_function
  error • Undefined name 'flutterDirectory' • flutter/dev/devicelab/bin/tasks/module_custom_host_app_name_test.dart:164:13 • undefined_identifier
  error • The function 'copy' isn't defined • flutter/dev/devicelab/bin/tasks/module_custom_host_app_name_test.dart:173:7 • undefined_function
  error • The function 'copy' isn't defined • flutter/dev/devicelab/bin/tasks/module_custom_host_app_name_test.dart:174:7 • undefined_function
  error • The function 'section' isn't defined • flutter/dev/devicelab/bin/tasks/module_custom_host_app_name_test.dart:179:7 • undefined_function
  error • The function 'inDirectory' isn't defined • flutter/dev/devicelab/bin/tasks/module_custom_host_app_name_test.dart:181:13 • undefined_function
  error • The function 'exec' isn't defined • flutter/dev/devicelab/bin/tasks/module_custom_host_app_name_test.dart:183:17 • undefined_function
  error • The function 'exec' isn't defined • flutter/dev/devicelab/bin/tasks/module_custom_host_app_name_test.dart:185:15 • undefined_function
  error • The function 'section' isn't defined • flutter/dev/devicelab/bin/tasks/module_custom_host_app_name_test.dart:195:7 • undefined_function
  error • The function 'exists' isn't defined • flutter/dev/devicelab/bin/tasks/module_custom_host_app_name_test.dart:206:12 • undefined_function
  error • Undefined name 'TaskResult' • flutter/dev/devicelab/bin/tasks/module_custom_host_app_name_test.dart:207:16 • undefined_identifier
  error • The function 'section' isn't defined • flutter/dev/devicelab/bin/tasks/module_custom_host_app_name_test.dart:210:7 • undefined_function
  error • The function 'checkCollectionContains' isn't defined • flutter/dev/devicelab/bin/tasks/module_custom_host_app_name_test.dart:212:7 • undefined_function
  error • Undefined name 'flutterAssets' • flutter/dev/devicelab/bin/tasks/module_custom_host_app_name_test.dart:213:12 • undefined_identifier
  error • Undefined name 'debugAssets' • flutter/dev/devicelab/bin/tasks/module_custom_host_app_name_test.dart:214:12 • undefined_identifier
  error • Undefined name 'baseApkFiles' • flutter/dev/devicelab/bin/tasks/module_custom_host_app_name_test.dart:215:12 • undefined_identifier
  error • The function 'getFilesInApk' isn't defined • flutter/dev/devicelab/bin/tasks/module_custom_host_app_name_test.dart:216:16 • undefined_function
  error • The function 'section' isn't defined • flutter/dev/devicelab/bin/tasks/module_custom_host_app_name_test.dart:218:7 • undefined_function
  error • The function 'getAndroidManifest' isn't defined • flutter/dev/devicelab/bin/tasks/module_custom_host_app_name_test.dart:220:49 • undefined_function
  error • Undefined name 'TaskResult' • flutter/dev/devicelab/bin/tasks/module_custom_host_app_name_test.dart:225:16 • undefined_identifier
  error • The function 'section' isn't defined • flutter/dev/devicelab/bin/tasks/module_custom_host_app_name_test.dart:230:7 • undefined_function
  error • The function 'exists' isn't defined • flutter/dev/devicelab/bin/tasks/module_custom_host_app_name_test.dart:245:12 • undefined_function
  error • Undefined name 'TaskResult' • flutter/dev/devicelab/bin/tasks/module_custom_host_app_name_test.dart:246:16 • undefined_identifier
  error • Undefined name 'TaskResult' • flutter/dev/devicelab/bin/tasks/module_custom_host_app_name_test.dart:252:16 • undefined_identifier
  error • The function 'section' isn't defined • flutter/dev/devicelab/bin/tasks/module_custom_host_app_name_test.dart:255:7 • undefined_function
  error • The function 'inDirectory' isn't defined • flutter/dev/devicelab/bin/tasks/module_custom_host_app_name_test.dart:257:13 • undefined_function
  error • The function 'exec' isn't defined • flutter/dev/devicelab/bin/tasks/module_custom_host_app_name_test.dart:258:15 • undefined_function
  error • The function 'exists' isn't defined • flutter/dev/devicelab/bin/tasks/module_custom_host_app_name_test.dart:277:12 • undefined_function
  error • Undefined name 'TaskResult' • flutter/dev/devicelab/bin/tasks/module_custom_host_app_name_test.dart:278:16 • undefined_identifier
  error • The function 'section' isn't defined • flutter/dev/devicelab/bin/tasks/module_custom_host_app_name_test.dart:281:7 • undefined_function
  error • The function 'checkCollectionContains' isn't defined • flutter/dev/devicelab/bin/tasks/module_custom_host_app_name_test.dart:283:7 • undefined_function
  error • Undefined name 'flutterAssets' • flutter/dev/devicelab/bin/tasks/module_custom_host_app_name_test.dart:284:12 • undefined_identifier
  error • Undefined name 'baseApkFiles' • flutter/dev/devicelab/bin/tasks/module_custom_host_app_name_test.dart:285:12 • undefined_identifier
  error • The function 'getFilesInApk' isn't defined • flutter/dev/devicelab/bin/tasks/module_custom_host_app_name_test.dart:290:16 • undefined_function
  error • The function 'section' isn't defined • flutter/dev/devicelab/bin/tasks/module_custom_host_app_name_test.dart:292:7 • undefined_function
  error • The function 'getAndroidManifest' isn't defined • flutter/dev/devicelab/bin/tasks/module_custom_host_app_name_test.dart:294:51 • undefined_function
  error • Undefined name 'TaskResult' • flutter/dev/devicelab/bin/tasks/module_custom_host_app_name_test.dart:299:16 • undefined_identifier
  error • The function 'section' isn't defined • flutter/dev/devicelab/bin/tasks/module_custom_host_app_name_test.dart:304:7 • undefined_function
  error • The function 'exists' isn't defined • flutter/dev/devicelab/bin/tasks/module_custom_host_app_name_test.dart:319:12 • undefined_function
  error • Undefined name 'TaskResult' • flutter/dev/devicelab/bin/tasks/module_custom_host_app_name_test.dart:320:16 • undefined_identifier
  error • Undefined name 'TaskResult' • flutter/dev/devicelab/bin/tasks/module_custom_host_app_name_test.dart:326:16 • undefined_identifier
  error • Undefined name 'TaskResult' • flutter/dev/devicelab/bin/tasks/module_custom_host_app_name_test.dart:329:14 • undefined_identifier
  error • The name 'TaskResult' isn't a type and can't be used in an on-catch clause • flutter/dev/devicelab/bin/tasks/module_custom_host_app_name_test.dart:330:10 • non_type_in_catch_clause
  error • Undefined name 'TaskResult' • flutter/dev/devicelab/bin/tasks/module_custom_host_app_name_test.dart:334:14 • undefined_identifier
  error • The function 'rmTree' isn't defined • flutter/dev/devicelab/bin/tasks/module_custom_host_app_name_test.dart:336:7 • undefined_function
  error • Target of URI doesn't exist: 'package:flutter_devicelab/framework/apk_utils.dart' • flutter/dev/devicelab/bin/tasks/module_host_with_custom_build_test.dart:7:8 • uri_does_not_exist
  error • Target of URI doesn't exist: 'package:flutter_devicelab/framework/framework.dart' • flutter/dev/devicelab/bin/tasks/module_host_with_custom_build_test.dart:8:8 • uri_does_not_exist
  error • Target of URI doesn't exist: 'package:flutter_devicelab/framework/task_result.dart' • flutter/dev/devicelab/bin/tasks/module_host_with_custom_build_test.dart:9:8 • uri_does_not_exist
  error • Target of URI doesn't exist: 'package:flutter_devicelab/framework/utils.dart' • flutter/dev/devicelab/bin/tasks/module_host_with_custom_build_test.dart:10:8 • uri_does_not_exist
  error • The function 'task' isn't defined • flutter/dev/devicelab/bin/tasks/module_host_with_custom_build_test.dart:19:9 • undefined_function
  error • The function 'section' isn't defined • flutter/dev/devicelab/bin/tasks/module_host_with_custom_build_test.dart:20:5 • undefined_function
  error • The function 'findJavaHome' isn't defined • flutter/dev/devicelab/bin/tasks/module_host_with_custom_build_test.dart:22:36 • undefined_function
  error • Undefined name 'TaskResult' • flutter/dev/devicelab/bin/tasks/module_host_with_custom_build_test.dart:24:14 • undefined_identifier
  error • The function 'section' isn't defined • flutter/dev/devicelab/bin/tasks/module_host_with_custom_build_test.dart:29:5 • undefined_function
  error • The function 'flutter' isn't defined • flutter/dev/devicelab/bin/tasks/module_host_with_custom_build_test.dart:31:11 • undefined_function
  error • The function 'inDirectory' isn't defined • flutter/dev/devicelab/bin/tasks/module_host_with_custom_build_test.dart:36:13 • undefined_function
  error • The function 'flutter' isn't defined • flutter/dev/devicelab/bin/tasks/module_host_with_custom_build_test.dart:37:15 • undefined_function
  error • The function 'section' isn't defined • flutter/dev/devicelab/bin/tasks/module_host_with_custom_build_test.dart:43:7 • undefined_function
  error • The function 'inDirectory' isn't defined • flutter/dev/devicelab/bin/tasks/module_host_with_custom_build_test.dart:45:13 • undefined_function
  error • The function 'flutter' isn't defined • flutter/dev/devicelab/bin/tasks/module_host_with_custom_build_test.dart:46:15 • undefined_function
  error • The function 'section' isn't defined • flutter/dev/devicelab/bin/tasks/module_host_with_custom_build_test.dart:49:7 • undefined_function
  error • The function 'mkdir' isn't defined • flutter/dev/devicelab/bin/tasks/module_host_with_custom_build_test.dart:54:7 • undefined_function
  error • The function 'recursiveCopy' isn't defined • flutter/dev/devicelab/bin/tasks/module_host_with_custom_build_test.dart:55:7 • undefined_function
  error • Undefined name 'flutterDirectory' • flutter/dev/devicelab/bin/tasks/module_host_with_custom_build_test.dart:58:13 • undefined_identifier
  error • The function 'copy' isn't defined • flutter/dev/devicelab/bin/tasks/module_host_with_custom_build_test.dart:66:7 • undefined_function
  error • The function 'copy' isn't defined • flutter/dev/devicelab/bin/tasks/module_host_with_custom_build_test.dart:67:7 • undefined_function
  error • The function 'section' isn't defined • flutter/dev/devicelab/bin/tasks/module_host_with_custom_build_test.dart:73:9 • undefined_function
  error • The function 'inDirectory' isn't defined • flutter/dev/devicelab/bin/tasks/module_host_with_custom_build_test.dart:74:15 • undefined_function
  error • The function 'exec' isn't defined • flutter/dev/devicelab/bin/tasks/module_host_with_custom_build_test.dart:75:17 • undefined_function
  error • The function 'section' isn't defined • flutter/dev/devicelab/bin/tasks/module_host_with_custom_build_test.dart:84:9 • undefined_function
  error • The function 'inDirectory' isn't defined • flutter/dev/devicelab/bin/tasks/module_host_with_custom_build_test.dart:85:15 • undefined_function
  error • The function 'exec' isn't defined • flutter/dev/devicelab/bin/tasks/module_host_with_custom_build_test.dart:86:17 • undefined_function
  error • The function 'section' isn't defined • flutter/dev/devicelab/bin/tasks/module_host_with_custom_build_test.dart:90:7 • undefined_function
  error • The function 'section' isn't defined • flutter/dev/devicelab/bin/tasks/module_host_with_custom_build_test.dart:92:7 • undefined_function
  error • The function 'inDirectory' isn't defined • flutter/dev/devicelab/bin/tasks/module_host_with_custom_build_test.dart:94:13 • undefined_function
  error • The function 'exec' isn't defined • flutter/dev/devicelab/bin/tasks/module_host_with_custom_build_test.dart:95:15 • undefined_function
  error • The function 'exists' isn't defined • flutter/dev/devicelab/bin/tasks/module_host_with_custom_build_test.dart:113:12 • undefined_function
  error • Undefined name 'TaskResult' • flutter/dev/devicelab/bin/tasks/module_host_with_custom_build_test.dart:114:16 • undefined_identifier
  error • The function 'section' isn't defined • flutter/dev/devicelab/bin/tasks/module_host_with_custom_build_test.dart:117:7 • undefined_function
  error • The function 'checkCollectionContains' isn't defined • flutter/dev/devicelab/bin/tasks/module_host_with_custom_build_test.dart:119:7 • undefined_function
  error • Undefined name 'flutterAssets' • flutter/dev/devicelab/bin/tasks/module_host_with_custom_build_test.dart:120:12 • undefined_identifier
  error • Undefined name 'debugAssets' • flutter/dev/devicelab/bin/tasks/module_host_with_custom_build_test.dart:121:12 • undefined_identifier
  error • The function 'getFilesInApk' isn't defined • flutter/dev/devicelab/bin/tasks/module_host_with_custom_build_test.dart:122:16 • undefined_function
  error • The function 'section' isn't defined • flutter/dev/devicelab/bin/tasks/module_host_with_custom_build_test.dart:128:7 • undefined_function
  error • The function 'inDirectory' isn't defined • flutter/dev/devicelab/bin/tasks/module_host_with_custom_build_test.dart:130:13 • undefined_function
  error • The function 'exec' isn't defined • flutter/dev/devicelab/bin/tasks/module_host_with_custom_build_test.dart:131:15 • undefined_function
  error • The function 'exists' isn't defined • flutter/dev/devicelab/bin/tasks/module_host_with_custom_build_test.dart:155:12 • undefined_function
  error • Undefined name 'TaskResult' • flutter/dev/devicelab/bin/tasks/module_host_with_custom_build_test.dart:156:16 • undefined_identifier
  error • The function 'section' isn't defined • flutter/dev/devicelab/bin/tasks/module_host_with_custom_build_test.dart:159:7 • undefined_function
  error • The function 'checkCollectionContains' isn't defined • flutter/dev/devicelab/bin/tasks/module_host_with_custom_build_test.dart:161:7 • undefined_function
  error • Undefined name 'flutterAssets' • flutter/dev/devicelab/bin/tasks/module_host_with_custom_build_test.dart:162:12 • undefined_identifier
  error • Undefined name 'debugAssets' • flutter/dev/devicelab/bin/tasks/module_host_with_custom_build_test.dart:163:12 • undefined_identifier
  error • The function 'getFilesInApk' isn't defined • flutter/dev/devicelab/bin/tasks/module_host_with_custom_build_test.dart:164:16 • undefined_function
  error • The function 'section' isn't defined • flutter/dev/devicelab/bin/tasks/module_host_with_custom_build_test.dart:168:7 • undefined_function
  error • The function 'inDirectory' isn't defined • flutter/dev/devicelab/bin/tasks/module_host_with_custom_build_test.dart:170:13 • undefined_function
  error • The function 'exec' isn't defined • flutter/dev/devicelab/bin/tasks/module_host_with_custom_build_test.dart:171:15 • undefined_function
  error • The function 'exists' isn't defined • flutter/dev/devicelab/bin/tasks/module_host_with_custom_build_test.dart:189:12 • undefined_function
  error • Undefined name 'TaskResult' • flutter/dev/devicelab/bin/tasks/module_host_with_custom_build_test.dart:190:16 • undefined_identifier
  error • The function 'section' isn't defined • flutter/dev/devicelab/bin/tasks/module_host_with_custom_build_test.dart:193:7 • undefined_function
  error • The function 'checkCollectionContains' isn't defined • flutter/dev/devicelab/bin/tasks/module_host_with_custom_build_test.dart:195:7 • undefined_function
  error • Undefined name 'flutterAssets' • flutter/dev/devicelab/bin/tasks/module_host_with_custom_build_test.dart:196:12 • undefined_identifier
  error • Undefined name 'debugAssets' • flutter/dev/devicelab/bin/tasks/module_host_with_custom_build_test.dart:197:12 • undefined_identifier
  error • The function 'getFilesInApk' isn't defined • flutter/dev/devicelab/bin/tasks/module_host_with_custom_build_test.dart:198:16 • undefined_function
  error • The function 'section' isn't defined • flutter/dev/devicelab/bin/tasks/module_host_with_custom_build_test.dart:202:7 • undefined_function
  error • The function 'section' isn't defined • flutter/dev/devicelab/bin/tasks/module_host_with_custom_build_test.dart:204:7 • undefined_function
  error • The function 'inDirectory' isn't defined • flutter/dev/devicelab/bin/tasks/module_host_with_custom_build_test.dart:206:13 • undefined_function
  error • The function 'exec' isn't defined • flutter/dev/devicelab/bin/tasks/module_host_with_custom_build_test.dart:207:15 • undefined_function
  error • The function 'exists' isn't defined • flutter/dev/devicelab/bin/tasks/module_host_with_custom_build_test.dart:225:12 • undefined_function
  error • Undefined name 'TaskResult' • flutter/dev/devicelab/bin/tasks/module_host_with_custom_build_test.dart:226:16 • undefined_identifier
  error • The function 'section' isn't defined • flutter/dev/devicelab/bin/tasks/module_host_with_custom_build_test.dart:229:7 • undefined_function
  error • The function 'checkCollectionContains' isn't defined • flutter/dev/devicelab/bin/tasks/module_host_with_custom_build_test.dart:231:7 • undefined_function
  error • Undefined name 'flutterAssets' • flutter/dev/devicelab/bin/tasks/module_host_with_custom_build_test.dart:232:12 • undefined_identifier
  error • The function 'getFilesInApk' isn't defined • flutter/dev/devicelab/bin/tasks/module_host_with_custom_build_test.dart:237:16 • undefined_function
  error • The function 'section' isn't defined • flutter/dev/devicelab/bin/tasks/module_host_with_custom_build_test.dart:241:7 • undefined_function
  error • The function 'inDirectory' isn't defined • flutter/dev/devicelab/bin/tasks/module_host_with_custom_build_test.dart:243:13 • undefined_function
  error • The function 'exec' isn't defined • flutter/dev/devicelab/bin/tasks/module_host_with_custom_build_test.dart:244:15 • undefined_function
  error • The function 'exists' isn't defined • flutter/dev/devicelab/bin/tasks/module_host_with_custom_build_test.dart:262:12 • undefined_function
  error • Undefined name 'TaskResult' • flutter/dev/devicelab/bin/tasks/module_host_with_custom_build_test.dart:263:16 • undefined_identifier
  error • The function 'section' isn't defined • flutter/dev/devicelab/bin/tasks/module_host_with_custom_build_test.dart:266:7 • undefined_function
  error • The function 'checkCollectionContains' isn't defined • flutter/dev/devicelab/bin/tasks/module_host_with_custom_build_test.dart:268:7 • undefined_function
  error • Undefined name 'flutterAssets' • flutter/dev/devicelab/bin/tasks/module_host_with_custom_build_test.dart:269:12 • undefined_identifier
  error • The function 'getFilesInApk' isn't defined • flutter/dev/devicelab/bin/tasks/module_host_with_custom_build_test.dart:274:16 • undefined_function
  error • Undefined name 'TaskResult' • flutter/dev/devicelab/bin/tasks/module_host_with_custom_build_test.dart:276:14 • undefined_identifier
  error • The name 'TaskResult' isn't a type and can't be used in an on-catch clause • flutter/dev/devicelab/bin/tasks/module_host_with_custom_build_test.dart:277:10 • non_type_in_catch_clause
  error • Undefined name 'TaskResult' • flutter/dev/devicelab/bin/tasks/module_host_with_custom_build_test.dart:281:14 • undefined_identifier
  error • The function 'rmTree' isn't defined • flutter/dev/devicelab/bin/tasks/module_host_with_custom_build_test.dart:283:7 • undefined_function
  error • Target of URI doesn't exist: 'package:flutter_devicelab/framework/framework.dart' • flutter/dev/devicelab/bin/tasks/module_test_ios.dart:10:8 • uri_does_not_exist
  error • Target of URI doesn't exist: 'package:flutter_devicelab/framework/host_agent.dart' • flutter/dev/devicelab/bin/tasks/module_test_ios.dart:11:8 • uri_does_not_exist
  error • Target of URI doesn't exist: 'package:flutter_devicelab/framework/ios.dart' • flutter/dev/devicelab/bin/tasks/module_test_ios.dart:12:8 • uri_does_not_exist
  error • Target of URI doesn't exist: 'package:flutter_devicelab/framework/task_result.dart' • flutter/dev/devicelab/bin/tasks/module_test_ios.dart:13:8 • uri_does_not_exist
  error • Target of URI doesn't exist: 'package:flutter_devicelab/framework/utils.dart' • flutter/dev/devicelab/bin/tasks/module_test_ios.dart:14:8 • uri_does_not_exist
  error • The function 'task' isn't defined • flutter/dev/devicelab/bin/tasks/module_test_ios.dart:20:9 • undefined_function
  error • The function 'section' isn't defined • flutter/dev/devicelab/bin/tasks/module_test_ios.dart:24:5 • undefined_function
  error • The function 'inDirectory' isn't defined • flutter/dev/devicelab/bin/tasks/module_test_ios.dart:29:13 • undefined_function
  error • The function 'flutter' isn't defined • flutter/dev/devicelab/bin/tasks/module_test_ios.dart:30:15 • undefined_function
  error • Undefined name 'flutterDirectory' • flutter/dev/devicelab/bin/tasks/module_test_ios.dart:39:11 • undefined_identifier
  error • The function 'section' isn't defined • flutter/dev/devicelab/bin/tasks/module_test_ios.dart:57:7 • undefined_function
  error • The function 'createFfiPackage' isn't defined • flutter/dev/devicelab/bin/tasks/module_test_ios.dart:60:13 • undefined_function
  error • The function 'section' isn't defined • flutter/dev/devicelab/bin/tasks/module_test_ios.dart:62:7 • undefined_function
  error • The function 'inDirectory' isn't defined • flutter/dev/devicelab/bin/tasks/module_test_ios.dart:72:13 • undefined_function
  error • The function 'flutter' isn't defined • flutter/dev/devicelab/bin/tasks/module_test_ios.dart:73:15 • undefined_function
  error • The function 'section' isn't defined • flutter/dev/devicelab/bin/tasks/module_test_ios.dart:76:7 • undefined_function
  error • The function 'inDirectory' isn't defined • flutter/dev/devicelab/bin/tasks/module_test_ios.dart:78:13 • undefined_function
  error • The function 'flutter' isn't defined • flutter/dev/devicelab/bin/tasks/module_test_ios.dart:79:15 • undefined_function
  error • The function 'checkDirectoryNotExists' isn't defined • flutter/dev/devicelab/bin/tasks/module_test_ios.dart:83:7 • undefined_function
  error • The function 'exists' isn't defined • flutter/dev/devicelab/bin/tasks/module_test_ios.dart:91:12 • undefined_function
  error • Undefined name 'TaskResult' • flutter/dev/devicelab/bin/tasks/module_test_ios.dart:92:16 • undefined_identifier
  error • Undefined name 'TaskResult' • flutter/dev/devicelab/bin/tasks/module_test_ios.dart:96:16 • undefined_identifier
  error • The function 'section' isn't defined • flutter/dev/devicelab/bin/tasks/module_test_ios.dart:101:7 • undefined_function
  error • The function 'inDirectory' isn't defined • flutter/dev/devicelab/bin/tasks/module_test_ios.dart:103:13 • undefined_function
  error • The function 'flutter' isn't defined • flutter/dev/devicelab/bin/tasks/module_test_ios.dart:104:15 • undefined_function
  error • The function 'exists' isn't defined • flutter/dev/devicelab/bin/tasks/module_test_ios.dart:107:12 • undefined_function
  error • Undefined name 'TaskResult' • flutter/dev/devicelab/bin/tasks/module_test_ios.dart:108:16 • undefined_identifier
  error • Undefined name 'TaskResult' • flutter/dev/devicelab/bin/tasks/module_test_ios.dart:112:16 • undefined_identifier
  error • The function 'section' isn't defined • flutter/dev/devicelab/bin/tasks/module_test_ios.dart:117:7 • undefined_function
  error • The function 'inDirectory' isn't defined • flutter/dev/devicelab/bin/tasks/module_test_ios.dart:119:13 • undefined_function
  error • The function 'flutter' isn't defined • flutter/dev/devicelab/bin/tasks/module_test_ios.dart:120:15 • undefined_function
  error • The function 'section' isn't defined • flutter/dev/devicelab/bin/tasks/module_test_ios.dart:123:7 • undefined_function
  error • The function 'inDirectory' isn't defined • flutter/dev/devicelab/bin/tasks/module_test_ios.dart:125:13 • undefined_function
  error • The function 'flutter' isn't defined • flutter/dev/devicelab/bin/tasks/module_test_ios.dart:126:15 • undefined_function
  error • The function 'exists' isn't defined • flutter/dev/devicelab/bin/tasks/module_test_ios.dart:133:12 • undefined_function
  error • Undefined name 'TaskResult' • flutter/dev/devicelab/bin/tasks/module_test_ios.dart:134:16 • undefined_identifier
  error • The function 'checkFileExists' isn't defined • flutter/dev/devicelab/bin/tasks/module_test_ios.dart:136:7 • undefined_function
  error • The function 'exists' isn't defined • flutter/dev/devicelab/bin/tasks/module_test_ios.dart:140:12 • undefined_function
  error • Undefined name 'TaskResult' • flutter/dev/devicelab/bin/tasks/module_test_ios.dart:151:16 • undefined_identifier
  error • The function 'section' isn't defined • flutter/dev/devicelab/bin/tasks/module_test_ios.dart:156:7 • undefined_function
  error • The function 'inDirectory' isn't defined • flutter/dev/devicelab/bin/tasks/module_test_ios.dart:158:13 • undefined_function
  error • The function 'flutter' isn't defined • flutter/dev/devicelab/bin/tasks/module_test_ios.dart:159:15 • undefined_function
  error • The function 'section' isn't defined • flutter/dev/devicelab/bin/tasks/module_test_ios.dart:163:7 • undefined_function
  error • The function 'section' isn't defined • flutter/dev/devicelab/bin/tasks/module_test_ios.dart:168:7 • undefined_function
  error • The function 'inDirectory' isn't defined • flutter/dev/devicelab/bin/tasks/module_test_ios.dart:183:13 • undefined_function
  error • The function 'flutter' isn't defined • flutter/dev/devicelab/bin/tasks/module_test_ios.dart:184:15 • undefined_function
  error • The function 'section' isn't defined • flutter/dev/devicelab/bin/tasks/module_test_ios.dart:187:7 • undefined_function
  error • The function 'inDirectory' isn't defined • flutter/dev/devicelab/bin/tasks/module_test_ios.dart:189:13 • undefined_function
  error • The function 'flutter' isn't defined • flutter/dev/devicelab/bin/tasks/module_test_ios.dart:190:15 • undefined_function
  error • The function 'exists' isn't defined • flutter/dev/devicelab/bin/tasks/module_test_ios.dart:193:55 • undefined_function
  error • Undefined name 'TaskResult' • flutter/dev/devicelab/bin/tasks/module_test_ios.dart:196:16 • undefined_identifier
  error • Undefined name 'TaskResult' • flutter/dev/devicelab/bin/tasks/module_test_ios.dart:207:16 • undefined_identifier
  error • The function 'checkFileExists' isn't defined • flutter/dev/devicelab/bin/tasks/module_test_ios.dart:212:7 • undefined_function
  error • The function 'checkDirectoryExists' isn't defined • flutter/dev/devicelab/bin/tasks/module_test_ios.dart:221:7 • undefined_function
  error • The function 'checkFileExists' isn't defined • flutter/dev/devicelab/bin/tasks/module_test_ios.dart:229:7 • undefined_function
  error • The function 'checkDirectoryNotExists' isn't defined • flutter/dev/devicelab/bin/tasks/module_test_ios.dart:234:7 • undefined_function
  error • The function 'checkDirectoryNotExists' isn't defined • flutter/dev/devicelab/bin/tasks/module_test_ios.dart:239:7 • undefined_function
  error • The function 'checkFileExists' isn't defined • flutter/dev/devicelab/bin/tasks/module_test_ios.dart:244:7 • undefined_function
  error • The function 'section' isn't defined • flutter/dev/devicelab/bin/tasks/module_test_ios.dart:253:7 • undefined_function
  error • The function 'inDirectory' isn't defined • flutter/dev/devicelab/bin/tasks/module_test_ios.dart:255:13 • undefined_function
  error • The function 'flutter' isn't defined • flutter/dev/devicelab/bin/tasks/module_test_ios.dart:256:15 • undefined_function
  error • The function 'inDirectory' isn't defined • flutter/dev/devicelab/bin/tasks/module_test_ios.dart:259:13 • undefined_function
  error • The function 'flutter' isn't defined • flutter/dev/devicelab/bin/tasks/module_test_ios.dart:260:15 • undefined_function
  error • The function 'section' isn't defined • flutter/dev/devicelab/bin/tasks/module_test_ios.dart:263:7 • undefined_function
  error • The function 'mkdir' isn't defined • flutter/dev/devicelab/bin/tasks/module_test_ios.dart:266:7 • undefined_function
  error • The function 'recursiveCopy' isn't defined • flutter/dev/devicelab/bin/tasks/module_test_ios.dart:267:7 • undefined_function
  error • Undefined name 'flutterDirectory' • flutter/dev/devicelab/bin/tasks/module_test_ios.dart:268:29 • undefined_identifier
  error • The function 'inDirectory' isn't defined • flutter/dev/devicelab/bin/tasks/module_test_ios.dart:274:13 • undefined_function
  error • The function 'section' isn't defined • flutter/dev/devicelab/bin/tasks/module_test_ios.dart:275:9 • undefined_function
  error • The function 'eval' isn't defined • flutter/dev/devicelab/bin/tasks/module_test_ios.dart:285:41 • undefined_function
  error • Undefined name 'TaskResult' • flutter/dev/devicelab/bin/tasks/module_test_ios.dart:299:17 • undefined_identifier
  error • The function 'exec' isn't defined • flutter/dev/devicelab/bin/tasks/module_test_ios.dart:306:15 • undefined_function
  error • Undefined name 'TaskResult' • flutter/dev/devicelab/bin/tasks/module_test_ios.dart:324:17 • undefined_identifier
  error • The function 'section' isn't defined • flutter/dev/devicelab/bin/tasks/module_test_ios.dart:327:9 • undefined_function
  error • The function 'exec' isn't defined • flutter/dev/devicelab/bin/tasks/module_test_ios.dart:343:15 • undefined_function
  error • Undefined name 'TaskResult' • flutter/dev/devicelab/bin/tasks/module_test_ios.dart:361:17 • undefined_identifier
  error • The function 'checkFileNotExists' isn't defined • flutter/dev/devicelab/bin/tasks/module_test_ios.dart:368:9 • undefined_function
  error • The function 'section' isn't defined • flutter/dev/devicelab/bin/tasks/module_test_ios.dart:370:9 • undefined_function
  error • The function 'exec' isn't defined • flutter/dev/devicelab/bin/tasks/module_test_ios.dart:372:15 • undefined_function
  error • The function 'exists' isn't defined • flutter/dev/devicelab/bin/tasks/module_test_ios.dart:398:37 • undefined_function
  error • Undefined name 'TaskResult' • flutter/dev/devicelab/bin/tasks/module_test_ios.dart:400:16 • undefined_identifier
  error • The function 'checkFileExists' isn't defined • flutter/dev/devicelab/bin/tasks/module_test_ios.dart:405:7 • undefined_function
  error • The function 'checkFileExists' isn't defined • flutter/dev/devicelab/bin/tasks/module_test_ios.dart:407:7 • undefined_function
  error • The function 'checkFileExists' isn't defined • flutter/dev/devicelab/bin/tasks/module_test_ios.dart:416:7 • undefined_function
  error • The function 'section' isn't defined • flutter/dev/devicelab/bin/tasks/module_test_ios.dart:420:7 • undefined_function
  error • The function 'checkFileExists' isn't defined • flutter/dev/devicelab/bin/tasks/module_test_ios.dart:428:7 • undefined_function
  error • The function 'inDirectory' isn't defined • flutter/dev/devicelab/bin/tasks/module_test_ios.dart:430:13 • undefined_function
  error • Undefined name 'TaskResult' • flutter/dev/devicelab/bin/tasks/module_test_ios.dart:434:18 • undefined_identifier
  error • The function 'section' isn't defined • flutter/dev/devicelab/bin/tasks/module_test_ios.dart:438:7 • undefined_function
  error • The function 'inDirectory' isn't defined • flutter/dev/devicelab/bin/tasks/module_test_ios.dart:440:13 • undefined_function
  error • The function 'exec' isn't defined • flutter/dev/devicelab/bin/tasks/module_test_ios.dart:444:15 • undefined_function
  error • The function 'checkFileExists' isn't defined • flutter/dev/devicelab/bin/tasks/module_test_ios.dart:472:9 • undefined_function
  error • The function 'checkFileNotExists' isn't defined • flutter/dev/devicelab/bin/tasks/module_test_ios.dart:474:9 • undefined_function
  error • The function 'checkFileExists' isn't defined • flutter/dev/devicelab/bin/tasks/module_test_ios.dart:490:9 • undefined_function
  error • The function 'fileType' isn't defined • flutter/dev/devicelab/bin/tasks/module_test_ios.dart:491:20 • undefined_function
  error • Undefined name 'TaskResult' • flutter/dev/devicelab/bin/tasks/module_test_ios.dart:492:17 • undefined_identifier
  error • The function 'checkFileExists' isn't defined • flutter/dev/devicelab/bin/tasks/module_test_ios.dart:501:9 • undefined_function
  error • The function 'fileType' isn't defined • flutter/dev/devicelab/bin/tasks/module_test_ios.dart:502:20 • undefined_function
  error • Undefined name 'TaskResult' • flutter/dev/devicelab/bin/tasks/module_test_ios.dart:503:17 • undefined_identifier
  error • The function 'checkFileExists' isn't defined • flutter/dev/devicelab/bin/tasks/module_test_ios.dart:507:9 • undefined_function
  error • The function 'checkDirectoryNotExists' isn't defined • flutter/dev/devicelab/bin/tasks/module_test_ios.dart:513:9 • undefined_function
  error • The function 'checkFileExists' isn't defined • flutter/dev/devicelab/bin/tasks/module_test_ios.dart:517:9 • undefined_function
  error • The function 'section' isn't defined • flutter/dev/devicelab/bin/tasks/module_test_ios.dart:530:7 • undefined_function
  error • The function 'testWithNewIOSSimulator' isn't defined • flutter/dev/devicelab/bin/tasks/module_test_ios.dart:535:13 • undefined_function
  error • The function 'exec' isn't defined • flutter/dev/devicelab/bin/tasks/module_test_ios.dart:539:42 • undefined_function
  error • Undefined name 'hostAgent' • flutter/dev/devicelab/bin/tasks/module_test_ios.dart:560:44 • undefined_identifier
  error • The function 'inDirectory' isn't defined • flutter/dev/devicelab/bin/tasks/module_test_ios.dart:563:19 • undefined_function
  error • The function 'exec' isn't defined • flutter/dev/devicelab/bin/tasks/module_test_ios.dart:568:22 • undefined_function
  error • Undefined name 'TaskResult' • flutter/dev/devicelab/bin/tasks/module_test_ios.dart:576:17 • undefined_identifier
  error • The function 'section' isn't defined • flutter/dev/devicelab/bin/tasks/module_test_ios.dart:580:7 • undefined_function
  error • The function 'inDirectory' isn't defined • flutter/dev/devicelab/bin/tasks/module_test_ios.dart:581:45 • undefined_function
  error • The function 'eval' isn't defined • flutter/dev/devicelab/bin/tasks/module_test_ios.dart:583:15 • undefined_function
  error • Undefined name 'TaskResult' • flutter/dev/devicelab/bin/tasks/module_test_ios.dart:606:16 • undefined_identifier
  error • The function 'section' isn't defined • flutter/dev/devicelab/bin/tasks/module_test_ios.dart:611:7 • undefined_function
  error • The function 'mkdir' isn't defined • flutter/dev/devicelab/bin/tasks/module_test_ios.dart:614:7 • undefined_function
  error • The function 'recursiveCopy' isn't defined • flutter/dev/devicelab/bin/tasks/module_test_ios.dart:615:7 • undefined_function
  error • Undefined name 'flutterDirectory' • flutter/dev/devicelab/bin/tasks/module_test_ios.dart:617:21 • undefined_identifier
  error • The function 'inDirectory' isn't defined • flutter/dev/devicelab/bin/tasks/module_test_ios.dart:624:13 • undefined_function
  error • The function 'exec' isn't defined • flutter/dev/devicelab/bin/tasks/module_test_ios.dart:625:15 • undefined_function
  error • The function 'exec' isn't defined • flutter/dev/devicelab/bin/tasks/module_test_ios.dart:630:15 • undefined_function
  error • The function 'exists' isn't defined • flutter/dev/devicelab/bin/tasks/module_test_ios.dart:650:42 • undefined_function
  error • Undefined name 'TaskResult' • flutter/dev/devicelab/bin/tasks/module_test_ios.dart:654:16 • undefined_identifier
  error • Undefined name 'TaskResult' • flutter/dev/devicelab/bin/tasks/module_test_ios.dart:657:14 • undefined_identifier
  error • Undefined name 'TaskResult' • flutter/dev/devicelab/bin/tasks/module_test_ios.dart:660:14 • undefined_identifier
  error • The function 'removeIOSSimulator' isn't defined • flutter/dev/devicelab/bin/tasks/module_test_ios.dart:662:17 • undefined_function
  error • The function 'rmTree' isn't defined • flutter/dev/devicelab/bin/tasks/module_test_ios.dart:663:7 • undefined_function
  error • The function 'dumpSymbolTable' isn't defined • flutter/dev/devicelab/bin/tasks/module_test_ios.dart:671:36 • undefined_function
  error • The function 'inDirectory' isn't defined • flutter/dev/devicelab/bin/tasks/module_test_ios.dart:678:9 • undefined_function
  error • The function 'flutter' isn't defined • flutter/dev/devicelab/bin/tasks/module_test_ios.dart:679:11 • undefined_function
warning • The value of the local variable '<unnamed>' isn't used • flutter/dev/devicelab/bin/tasks/module_uiscene_test_ios.dart:1:1 • unused_local_variable
  error • Target of URI doesn't exist: 'package:flutter_devicelab/framework/framework.dart' • flutter/dev/devicelab/bin/tasks/module_uiscene_test_ios.dart:9:8 • uri_does_not_exist
  error • Target of URI doesn't exist: 'package:flutter_devicelab/framework/host_agent.dart' • flutter/dev/devicelab/bin/tasks/module_uiscene_test_ios.dart:10:8 • uri_does_not_exist
  error • Target of URI doesn't exist: 'package:flutter_devicelab/framework/ios.dart' • flutter/dev/devicelab/bin/tasks/module_uiscene_test_ios.dart:11:8 • uri_does_not_exist
  error • Target of URI doesn't exist: 'package:flutter_devicelab/framework/task_result.dart' • flutter/dev/devicelab/bin/tasks/module_uiscene_test_ios.dart:12:8 • uri_does_not_exist
  error • Target of URI doesn't exist: 'package:flutter_devicelab/framework/utils.dart' • flutter/dev/devicelab/bin/tasks/module_uiscene_test_ios.dart:13:8 • uri_does_not_exist
  error • The function 'task' isn't defined • flutter/dev/devicelab/bin/tasks/module_uiscene_test_ios.dart:36:9 • undefined_function
  error • Undefined name 'flutterDirectory' • flutter/dev/devicelab/bin/tasks/module_uiscene_test_ios.dart:68:17 • undefined_identifier
  error • The function 'testWithNewIOSSimulator' isn't defined • flutter/dev/devicelab/bin/tasks/module_uiscene_test_ios.dart:83:13 • undefined_function
   info • Missing type annotation • flutter/dev/devicelab/bin/tasks/module_uiscene_test_ios.dart:88:13 • always_specify_types
  error • Expected an identifier • flutter/dev/devicelab/bin/tasks/module_uiscene_test_ios.dart:88:19 • missing_identifier
  error • Expected to find ';' • flutter/dev/devicelab/bin/tasks/module_uiscene_test_ios.dart:88:19 • expected_token
   info • An uninitialized variable should have an explicit type annotation • flutter/dev/devicelab/bin/tasks/module_uiscene_test_ios.dart:88:20 • prefer_typing_uninitialized_variables
warning • The type of  can't be inferred without either a type or initializer • flutter/dev/devicelab/bin/tasks/module_uiscene_test_ios.dart:88:20 • inference_failure_on_uninitialized_variable
   info • The variable name 'Directory' isn't a lowerCamelCase identifier • flutter/dev/devicelab/bin/tasks/module_uiscene_test_ios.dart:88:45 • non_constant_identifier_names
warning • The value of the local variable 'Directory' isn't used • flutter/dev/devicelab/bin/tasks/module_uiscene_test_ios.dart:88:45 • unused_local_variable
  error • Expected to find ';' • flutter/dev/devicelab/bin/tasks/module_uiscene_test_ios.dart:88:45 • expected_token
   info • Unnecessary statement • flutter/dev/devicelab/bin/tasks/module_uiscene_test_ios.dart:88:55 • unnecessary_statements
  error • Expected to find ';' • flutter/dev/devicelab/bin/tasks/module_uiscene_test_ios.dart:88:55 • expected_token
  error • Undefined name 'xcodeProjectDir' • flutter/dev/devicelab/bin/tasks/module_uiscene_test_ios.dart:88:55 • undefined_identifier
  error • Expected an identifier • flutter/dev/devicelab/bin/tasks/module_uiscene_test_ios.dart:88:70 • missing_identifier
  error • Unexpected text ')' • flutter/dev/devicelab/bin/tasks/module_uiscene_test_ios.dart:88:70 • unexpected_token
  error • Expected an identifier • flutter/dev/devicelab/bin/tasks/module_uiscene_test_ios.dart:88:72 • missing_identifier
  error • Undefined name 'xcodeProjectDir' • flutter/dev/devicelab/bin/tasks/module_uiscene_test_ios.dart:106:34 • undefined_identifier
  error • The function 'section' isn't defined • flutter/dev/devicelab/bin/tasks/module_uiscene_test_ios.dart:115:15 • undefined_function
  error • Undefined name 'xcodeProjectDir' • flutter/dev/devicelab/bin/tasks/module_uiscene_test_ios.dart:117:70 • undefined_identifier
  error • Undefined name 'xcodeProjectDir' • flutter/dev/devicelab/bin/tasks/module_uiscene_test_ios.dart:122:34 • undefined_identifier
  error • The non-nullable local variable 'xcodeProjectName' must be assigned before it can be used • flutter/dev/devicelab/bin/tasks/module_uiscene_test_ios.dart:123:35 • not_assigned_potentially_non_nullable_local_variable
  error • Undefined name 'TaskResult' • flutter/dev/devicelab/bin/tasks/module_uiscene_test_ios.dart:142:16 • undefined_identifier
  error • Undefined name 'TaskResult' • flutter/dev/devicelab/bin/tasks/module_uiscene_test_ios.dart:146:14 • undefined_identifier
  error • Undefined name 'TaskResult' • flutter/dev/devicelab/bin/tasks/module_uiscene_test_ios.dart:150:14 • undefined_identifier
  error • The function 'removeIOSSimulator' isn't defined • flutter/dev/devicelab/bin/tasks/module_uiscene_test_ios.dart:152:17 • undefined_function
  error • The function 'rmTree' isn't defined • flutter/dev/devicelab/bin/tasks/module_uiscene_test_ios.dart:154:9 • undefined_function
  error • The function 'section' isn't defined • flutter/dev/devicelab/bin/tasks/module_uiscene_test_ios.dart:164:3 • undefined_function
  error • The function 'flutter' isn't defined • flutter/dev/devicelab/bin/tasks/module_uiscene_test_ios.dart:167:9 • undefined_function
  error • The function 'section' isn't defined • flutter/dev/devicelab/bin/tasks/module_uiscene_test_ios.dart:179:3 • undefined_function
  error • The function 'flutter' isn't defined • flutter/dev/devicelab/bin/tasks/module_uiscene_test_ios.dart:182:9 • undefined_function
  error • This requires the 'records' language feature to be enabled • flutter/dev/devicelab/bin/tasks/module_uiscene_test_ios.dart:196:8 • experiment_not_enabled
  error • The function 'section' isn't defined • flutter/dev/devicelab/bin/tasks/module_uiscene_test_ios.dart:201:3 • undefined_function
  error • The 'case' shouldn't complete normally • flutter/dev/devicelab/bin/tasks/module_uiscene_test_ios.dart:206:5 • switch_case_completes_normally
  error • The function 'recursiveCopy' isn't defined • flutter/dev/devicelab/bin/tasks/module_uiscene_test_ios.dart:215:3 • undefined_function
   info • Unnecessary use of parentheses • flutter/dev/devicelab/bin/tasks/module_uiscene_test_ios.dart:217:10 • unnecessary_parenthesis
  error • This requires the 'records' language feature to be enabled • flutter/dev/devicelab/bin/tasks/module_uiscene_test_ios.dart:217:10 • experiment_not_enabled
  error • The function 'flutter' isn't defined • flutter/dev/devicelab/bin/tasks/module_uiscene_test_ios.dart:229:9 • undefined_function
  error • The function 'flutter' isn't defined • flutter/dev/devicelab/bin/tasks/module_uiscene_test_ios.dart:234:9 • undefined_function
  error • The function 'eval' isn't defined • flutter/dev/devicelab/bin/tasks/module_uiscene_test_ios.dart:236:9 • undefined_function
  error • The function 'exec' isn't defined • flutter/dev/devicelab/bin/tasks/module_uiscene_test_ios.dart:310:36 • undefined_function
  error • Undefined name 'hostAgent' • flutter/dev/devicelab/bin/tasks/module_uiscene_test_ios.dart:342:36 • undefined_identifier
  error • The function 'inDirectory' isn't defined • flutter/dev/devicelab/bin/tasks/module_uiscene_test_ios.dart:347:11 • undefined_function
  error • The function 'exec' isn't defined • flutter/dev/devicelab/bin/tasks/module_uiscene_test_ios.dart:349:14 • undefined_function
  error • Target of URI doesn't exist: 'package:flutter_devicelab/framework/devices.dart' • flutter/dev/devicelab/bin/tasks/multi_widget_construction_perf__e2e_summary.dart:5:8 • uri_does_not_exist
  error • Target of URI doesn't exist: 'package:flutter_devicelab/framework/framework.dart' • flutter/dev/devicelab/bin/tasks/multi_widget_construction_perf__e2e_summary.dart:6:8 • uri_does_not_exist
  error • Target of URI doesn't exist: 'package:flutter_devicelab/tasks/perf_tests.dart' • flutter/dev/devicelab/bin/tasks/multi_widget_construction_perf__e2e_summary.dart:7:8 • uri_does_not_exist
  error • Undefined name 'deviceOperatingSystem' • flutter/dev/devicelab/bin/tasks/multi_widget_construction_perf__e2e_summary.dart:10:3 • undefined_identifier
  error • Undefined name 'DeviceOperatingSystem' • flutter/dev/devicelab/bin/tasks/multi_widget_construction_perf__e2e_summary.dart:10:27 • undefined_identifier
  error • The function 'task' isn't defined • flutter/dev/devicelab/bin/tasks/multi_widget_construction_perf__e2e_summary.dart:11:9 • undefined_function
  error • The function 'createsMultiWidgetConstructPerfE2ETest' isn't defined • flutter/dev/devicelab/bin/tasks/multi_widget_construction_perf__e2e_summary.dart:11:14 • undefined_function
  error • Target of URI doesn't exist: 'package:flutter_devicelab/framework/devices.dart' • flutter/dev/devicelab/bin/tasks/native_assets_android.dart:5:8 • uri_does_not_exist
  error • Target of URI doesn't exist: 'package:flutter_devicelab/framework/framework.dart' • flutter/dev/devicelab/bin/tasks/native_assets_android.dart:6:8 • uri_does_not_exist
  error • Target of URI doesn't exist: 'package:flutter_devicelab/tasks/native_assets_test.dart' • flutter/dev/devicelab/bin/tasks/native_assets_android.dart:7:8 • uri_does_not_exist
  error • The function 'task' isn't defined • flutter/dev/devicelab/bin/tasks/native_assets_android.dart:10:9 • undefined_function
  error • Undefined name 'deviceOperatingSystem' • flutter/dev/devicelab/bin/tasks/native_assets_android.dart:11:5 • undefined_identifier
  error • Undefined name 'DeviceOperatingSystem' • flutter/dev/devicelab/bin/tasks/native_assets_android.dart:11:29 • undefined_identifier
  error • The function 'createNativeAssetsTest' isn't defined • flutter/dev/devicelab/bin/tasks/native_assets_android.dart:12:12 • undefined_function
  error • Target of URI doesn't exist: 'package:flutter_devicelab/framework/devices.dart' • flutter/dev/devicelab/bin/tasks/native_assets_ios.dart:5:8 • uri_does_not_exist
  error • Target of URI doesn't exist: 'package:flutter_devicelab/framework/framework.dart' • flutter/dev/devicelab/bin/tasks/native_assets_ios.dart:6:8 • uri_does_not_exist
  error • Target of URI doesn't exist: 'package:flutter_devicelab/tasks/native_assets_test.dart' • flutter/dev/devicelab/bin/tasks/native_assets_ios.dart:7:8 • uri_does_not_exist
  error • The function 'task' isn't defined • flutter/dev/devicelab/bin/tasks/native_assets_ios.dart:10:9 • undefined_function
  error • Undefined name 'deviceOperatingSystem' • flutter/dev/devicelab/bin/tasks/native_assets_ios.dart:11:5 • undefined_identifier
  error • Undefined name 'DeviceOperatingSystem' • flutter/dev/devicelab/bin/tasks/native_assets_ios.dart:11:29 • undefined_identifier
  error • The function 'createNativeAssetsTest' isn't defined • flutter/dev/devicelab/bin/tasks/native_assets_ios.dart:12:12 • undefined_function
  error • Target of URI doesn't exist: 'package:flutter_devicelab/framework/devices.dart' • flutter/dev/devicelab/bin/tasks/native_assets_ios_simulator.dart:5:8 • uri_does_not_exist
  error • Target of URI doesn't exist: 'package:flutter_devicelab/framework/framework.dart' • flutter/dev/devicelab/bin/tasks/native_assets_ios_simulator.dart:6:8 • uri_does_not_exist
  error • Target of URI doesn't exist: 'package:flutter_devicelab/framework/ios.dart' • flutter/dev/devicelab/bin/tasks/native_assets_ios_simulator.dart:7:8 • uri_does_not_exist
  error • Target of URI doesn't exist: 'package:flutter_devicelab/framework/task_result.dart' • flutter/dev/devicelab/bin/tasks/native_assets_ios_simulator.dart:8:8 • uri_does_not_exist
  error • Target of URI doesn't exist: 'package:flutter_devicelab/tasks/native_assets_test.dart' • flutter/dev/devicelab/bin/tasks/native_assets_ios_simulator.dart:9:8 • uri_does_not_exist
  error • The function 'task' isn't defined • flutter/dev/devicelab/bin/tasks/native_assets_ios_simulator.dart:12:9 • undefined_function
  error • Undefined name 'deviceOperatingSystem' • flutter/dev/devicelab/bin/tasks/native_assets_ios_simulator.dart:13:5 • undefined_identifier
  error • Undefined name 'DeviceOperatingSystem' • flutter/dev/devicelab/bin/tasks/native_assets_ios_simulator.dart:13:29 • undefined_identifier
  error • Undefined class 'TaskResult' • flutter/dev/devicelab/bin/tasks/native_assets_ios_simulator.dart:15:5 • undefined_class
  error • Undefined name 'TaskResult' • flutter/dev/devicelab/bin/tasks/native_assets_ios_simulator.dart:15:22 • undefined_identifier
  error • The function 'testWithNewIOSSimulator' isn't defined • flutter/dev/devicelab/bin/tasks/native_assets_ios_simulator.dart:17:13 • undefined_function
  error • The function 'createNativeAssetsTest' isn't defined • flutter/dev/devicelab/bin/tasks/native_assets_ios_simulator.dart:19:21 • undefined_function
  error • The function 'removeIOSSimulator' isn't defined • flutter/dev/devicelab/bin/tasks/native_assets_ios_simulator.dart:22:13 • undefined_function
  error • Target of URI doesn't exist: 'package:flutter_devicelab/framework/devices.dart' • flutter/dev/devicelab/bin/tasks/native_platform_view_ui_tests_ios.dart:5:8 • uri_does_not_exist
  error • Target of URI doesn't exist: 'package:flutter_devicelab/framework/framework.dart' • flutter/dev/devicelab/bin/tasks/native_platform_view_ui_tests_ios.dart:6:8 • uri_does_not_exist
  error • Target of URI doesn't exist: 'package:flutter_devicelab/framework/ios.dart' • flutter/dev/devicelab/bin/tasks/native_platform_view_ui_tests_ios.dart:7:8 • uri_does_not_exist
  error • Target of URI doesn't exist: 'package:flutter_devicelab/framework/task_result.dart' • flutter/dev/devicelab/bin/tasks/native_platform_view_ui_tests_ios.dart:8:8 • uri_does_not_exist
  error • Target of URI doesn't exist: 'package:flutter_devicelab/framework/utils.dart' • flutter/dev/devicelab/bin/tasks/native_platform_view_ui_tests_ios.dart:9:8 • uri_does_not_exist
  error • Undefined name 'deviceOperatingSystem' • flutter/dev/devicelab/bin/tasks/native_platform_view_ui_tests_ios.dart:13:3 • undefined_identifier
  error • Undefined name 'DeviceOperatingSystem' • flutter/dev/devicelab/bin/tasks/native_platform_view_ui_tests_ios.dart:13:27 • undefined_identifier
  error • The function 'task' isn't defined • flutter/dev/devicelab/bin/tasks/native_platform_view_ui_tests_ios.dart:14:9 • undefined_function
  error • Undefined name 'flutterDirectory' • flutter/dev/devicelab/bin/tasks/native_platform_view_ui_tests_ios.dart:16:12 • undefined_identifier
  error • The function 'inDirectory' isn't defined • flutter/dev/devicelab/bin/tasks/native_platform_view_ui_tests_ios.dart:18:11 • undefined_function
  error • The function 'section' isn't defined • flutter/dev/devicelab/bin/tasks/native_platform_view_ui_tests_ios.dart:20:7 • undefined_function
  error • The function 'flutter' isn't defined • flutter/dev/devicelab/bin/tasks/native_platform_view_ui_tests_ios.dart:22:13 • undefined_function
  error • The function 'section' isn't defined • flutter/dev/devicelab/bin/tasks/native_platform_view_ui_tests_ios.dart:24:7 • undefined_function
  error • The function 'flutter' isn't defined • flutter/dev/devicelab/bin/tasks/native_platform_view_ui_tests_ios.dart:26:13 • undefined_function
  error • The function 'section' isn't defined • flutter/dev/devicelab/bin/tasks/native_platform_view_ui_tests_ios.dart:28:7 • undefined_function
  error • The function 'flutter' isn't defined • flutter/dev/devicelab/bin/tasks/native_platform_view_ui_tests_ios.dart:30:13 • undefined_function
  error • The function 'section' isn't defined • flutter/dev/devicelab/bin/tasks/native_platform_view_ui_tests_ios.dart:33:5 • undefined_function
  error • Undefined class 'Device' • flutter/dev/devicelab/bin/tasks/native_platform_view_ui_tests_ios.dart:35:11 • undefined_class
  error • Undefined name 'devices' • flutter/dev/devicelab/bin/tasks/native_platform_view_ui_tests_ios.dart:35:33 • undefined_identifier
  error • The function 'runXcodeTests' isn't defined • flutter/dev/devicelab/bin/tasks/native_platform_view_ui_tests_ios.dart:36:16 • undefined_function
  error • Undefined name 'TaskResult' • flutter/dev/devicelab/bin/tasks/native_platform_view_ui_tests_ios.dart:41:14 • undefined_identifier
  error • Undefined name 'TaskResult' • flutter/dev/devicelab/bin/tasks/native_platform_view_ui_tests_ios.dart:44:12 • undefined_identifier
  error • Target of URI doesn't exist: 'package:flutter_devicelab/framework/framework.dart' • flutter/dev/devicelab/bin/tasks/native_ui_tests_macos.dart:5:8 • uri_does_not_exist
  error • Target of URI doesn't exist: 'package:flutter_devicelab/framework/ios.dart' • flutter/dev/devicelab/bin/tasks/native_ui_tests_macos.dart:6:8 • uri_does_not_exist
  error • Target of URI doesn't exist: 'package:flutter_devicelab/framework/task_result.dart' • flutter/dev/devicelab/bin/tasks/native_ui_tests_macos.dart:7:8 • uri_does_not_exist
  error • Target of URI doesn't exist: 'package:flutter_devicelab/framework/utils.dart' • flutter/dev/devicelab/bin/tasks/native_ui_tests_macos.dart:8:8 • uri_does_not_exist
  error • The function 'task' isn't defined • flutter/dev/devicelab/bin/tasks/native_ui_tests_macos.dart:12:9 • undefined_function
  error • Undefined name 'flutterDirectory' • flutter/dev/devicelab/bin/tasks/native_ui_tests_macos.dart:14:12 • undefined_identifier
  error • The function 'inDirectory' isn't defined • flutter/dev/devicelab/bin/tasks/native_ui_tests_macos.dart:16:11 • undefined_function
  error • The function 'section' isn't defined • flutter/dev/devicelab/bin/tasks/native_ui_tests_macos.dart:17:7 • undefined_function
  error • The function 'flutter' isn't defined • flutter/dev/devicelab/bin/tasks/native_ui_tests_macos.dart:19:13 • undefined_function
  error • The function 'section' isn't defined • flutter/dev/devicelab/bin/tasks/native_ui_tests_macos.dart:22:5 • undefined_function
  error • The function 'runXcodeTests' isn't defined • flutter/dev/devicelab/bin/tasks/native_ui_tests_macos.dart:24:16 • undefined_function
  error • Undefined name 'TaskResult' • flutter/dev/devicelab/bin/tasks/native_ui_tests_macos.dart:31:14 • undefined_identifier
  error • Undefined name 'TaskResult' • flutter/dev/devicelab/bin/tasks/native_ui_tests_macos.dart:34:12 • undefined_identifier
  error • Target of URI doesn't exist: 'package:flutter_devicelab/framework/devices.dart' • flutter/dev/devicelab/bin/tasks/new_gallery__crane_perf.dart:5:8 • uri_does_not_exist
  error • Target of URI doesn't exist: 'package:flutter_devicelab/framework/framework.dart' • flutter/dev/devicelab/bin/tasks/new_gallery__crane_perf.dart:6:8 • uri_does_not_exist
  error • Target of URI doesn't exist: 'package:flutter_devicelab/tasks/new_gallery.dart' • flutter/dev/devicelab/bin/tasks/new_gallery__crane_perf.dart:7:8 • uri_does_not_exist
  error • Undefined name 'deviceOperatingSystem' • flutter/dev/devicelab/bin/tasks/new_gallery__crane_perf.dart:10:3 • undefined_identifier
  error • Undefined name 'DeviceOperatingSystem' • flutter/dev/devicelab/bin/tasks/new_gallery__crane_perf.dart:10:27 • undefined_identifier
  error • The function 'task' isn't defined • flutter/dev/devicelab/bin/tasks/new_gallery__crane_perf.dart:12:9 • undefined_function
  error • The function 'NewGalleryPerfTest' isn't defined • flutter/dev/devicelab/bin/tasks/new_gallery__crane_perf.dart:13:5 • undefined_function
  error • Target of URI doesn't exist: 'package:flutter_devicelab/framework/devices.dart' • flutter/dev/devicelab/bin/tasks/new_gallery__transition_perf.dart:5:8 • uri_does_not_exist
  error • Target of URI doesn't exist: 'package:flutter_devicelab/framework/framework.dart' • flutter/dev/devicelab/bin/tasks/new_gallery__transition_perf.dart:6:8 • uri_does_not_exist
  error • Target of URI doesn't exist: 'package:flutter_devicelab/tasks/new_gallery.dart' • flutter/dev/devicelab/bin/tasks/new_gallery__transition_perf.dart:7:8 • uri_does_not_exist
  error • Undefined name 'deviceOperatingSystem' • flutter/dev/devicelab/bin/tasks/new_gallery__transition_perf.dart:10:3 • undefined_identifier
  error • Undefined name 'DeviceOperatingSystem' • flutter/dev/devicelab/bin/tasks/new_gallery__transition_perf.dart:10:27 • undefined_identifier
  error • The function 'task' isn't defined • flutter/dev/devicelab/bin/tasks/new_gallery__transition_perf.dart:12:9 • undefined_function
  error • The function 'NewGalleryPerfTest' isn't defined • flutter/dev/devicelab/bin/tasks/new_gallery__transition_perf.dart:13:5 • undefined_function
  error • Target of URI doesn't exist: 'package:flutter_devicelab/framework/devices.dart' • flutter/dev/devicelab/bin/tasks/new_gallery_impeller__transition_perf.dart:5:8 • uri_does_not_exist
  error • Target of URI doesn't exist: 'package:flutter_devicelab/framework/framework.dart' • flutter/dev/devicelab/bin/tasks/new_gallery_impeller__transition_perf.dart:6:8 • uri_does_not_exist
  error • Target of URI doesn't exist: 'package:flutter_devicelab/tasks/new_gallery.dart' • flutter/dev/devicelab/bin/tasks/new_gallery_impeller__transition_perf.dart:7:8 • uri_does_not_exist
  error • Undefined name 'deviceOperatingSystem' • flutter/dev/devicelab/bin/tasks/new_gallery_impeller__transition_perf.dart:10:3 • undefined_identifier
  error • Undefined name 'DeviceOperatingSystem' • flutter/dev/devicelab/bin/tasks/new_gallery_impeller__transition_perf.dart:10:27 • undefined_identifier
  error • The function 'task' isn't defined • flutter/dev/devicelab/bin/tasks/new_gallery_impeller__transition_perf.dart:12:9 • undefined_function
  error • The function 'NewGalleryPerfTest' isn't defined • flutter/dev/devicelab/bin/tasks/new_gallery_impeller__transition_perf.dart:12:14 • undefined_function
  error • Target of URI doesn't exist: 'package:flutter_devicelab/framework/devices.dart' • flutter/dev/devicelab/bin/tasks/new_gallery_impeller_old_zoom__transition_perf.dart:5:8 • uri_does_not_exist
  error • Target of URI doesn't exist: 'package:flutter_devicelab/framework/framework.dart' • flutter/dev/devicelab/bin/tasks/new_gallery_impeller_old_zoom__transition_perf.dart:6:8 • uri_does_not_exist
  error • Target of URI doesn't exist: 'package:flutter_devicelab/tasks/new_gallery.dart' • flutter/dev/devicelab/bin/tasks/new_gallery_impeller_old_zoom__transition_perf.dart:7:8 • uri_does_not_exist
  error • Undefined name 'deviceOperatingSystem' • flutter/dev/devicelab/bin/tasks/new_gallery_impeller_old_zoom__transition_perf.dart:10:3 • undefined_identifier
  error • Undefined name 'DeviceOperatingSystem' • flutter/dev/devicelab/bin/tasks/new_gallery_impeller_old_zoom__transition_perf.dart:10:27 • undefined_identifier
  error • The function 'task' isn't defined • flutter/dev/devicelab/bin/tasks/new_gallery_impeller_old_zoom__transition_perf.dart:12:9 • undefined_function
  error • The function 'NewGalleryPerfTest' isn't defined • flutter/dev/devicelab/bin/tasks/new_gallery_impeller_old_zoom__transition_perf.dart:13:5 • undefined_function
  error • Target of URI doesn't exist: 'package:flutter_devicelab/framework/devices.dart' • flutter/dev/devicelab/bin/tasks/new_gallery_ios__transition_perf.dart:5:8 • uri_does_not_exist
  error • Target of URI doesn't exist: 'package:flutter_devicelab/framework/framework.dart' • flutter/dev/devicelab/bin/tasks/new_gallery_ios__transition_perf.dart:6:8 • uri_does_not_exist
  error • Target of URI doesn't exist: 'package:flutter_devicelab/tasks/new_gallery.dart' • flutter/dev/devicelab/bin/tasks/new_gallery_ios__transition_perf.dart:7:8 • uri_does_not_exist
  error • Undefined name 'deviceOperatingSystem' • flutter/dev/devicelab/bin/tasks/new_gallery_ios__transition_perf.dart:10:3 • undefined_identifier
  error • Undefined name 'DeviceOperatingSystem' • flutter/dev/devicelab/bin/tasks/new_gallery_ios__transition_perf.dart:10:27 • undefined_identifier
  error • The function 'task' isn't defined • flutter/dev/devicelab/bin/tasks/new_gallery_ios__transition_perf.dart:12:9 • undefined_function
  error • The function 'NewGalleryPerfTest' isn't defined • flutter/dev/devicelab/bin/tasks/new_gallery_ios__transition_perf.dart:12:14 • undefined_function
  error • Target of URI doesn't exist: 'package:flutter_devicelab/framework/devices.dart' • flutter/dev/devicelab/bin/tasks/new_gallery_opengles_impeller__transition_perf.dart:5:8 • uri_does_not_exist
  error • Target of URI doesn't exist: 'package:flutter_devicelab/framework/framework.dart' • flutter/dev/devicelab/bin/tasks/new_gallery_opengles_impeller__transition_perf.dart:6:8 • uri_does_not_exist
  error • Target of URI doesn't exist: 'package:flutter_devicelab/tasks/new_gallery.dart' • flutter/dev/devicelab/bin/tasks/new_gallery_opengles_impeller__transition_perf.dart:7:8 • uri_does_not_exist
  error • Undefined name 'deviceOperatingSystem' • flutter/dev/devicelab/bin/tasks/new_gallery_opengles_impeller__transition_perf.dart:10:3 • undefined_identifier
  error • Undefined name 'DeviceOperatingSystem' • flutter/dev/devicelab/bin/tasks/new_gallery_opengles_impeller__transition_perf.dart:10:27 • undefined_identifier
  error • The function 'task' isn't defined • flutter/dev/devicelab/bin/tasks/new_gallery_opengles_impeller__transition_perf.dart:12:9 • undefined_function
  error • The function 'NewGalleryPerfTest' isn't defined • flutter/dev/devicelab/bin/tasks/new_gallery_opengles_impeller__transition_perf.dart:12:14 • undefined_function
  error • Target of URI doesn't exist: 'package:flutter_devicelab/framework/devices.dart' • flutter/dev/devicelab/bin/tasks/new_gallery_skia_ios__transition_perf.dart:5:8 • uri_does_not_exist
  error • Target of URI doesn't exist: 'package:flutter_devicelab/framework/framework.dart' • flutter/dev/devicelab/bin/tasks/new_gallery_skia_ios__transition_perf.dart:6:8 • uri_does_not_exist
  error • Target of URI doesn't exist: 'package:flutter_devicelab/tasks/new_gallery.dart' • flutter/dev/devicelab/bin/tasks/new_gallery_skia_ios__transition_perf.dart:7:8 • uri_does_not_exist
  error • Undefined name 'deviceOperatingSystem' • flutter/dev/devicelab/bin/tasks/new_gallery_skia_ios__transition_perf.dart:10:3 • undefined_identifier
  error • Undefined name 'DeviceOperatingSystem' • flutter/dev/devicelab/bin/tasks/new_gallery_skia_ios__transition_perf.dart:10:27 • undefined_identifier
  error • The function 'task' isn't defined • flutter/dev/devicelab/bin/tasks/new_gallery_skia_ios__transition_perf.dart:12:9 • undefined_function
  error • The function 'NewGalleryPerfTest' isn't defined • flutter/dev/devicelab/bin/tasks/new_gallery_skia_ios__transition_perf.dart:12:14 • undefined_function
  error • Target of URI doesn't exist: 'package:flutter_devicelab/framework/devices.dart' • flutter/dev/devicelab/bin/tasks/old_gallery__transition_perf.dart:5:8 • uri_does_not_exist
  error • Target of URI doesn't exist: 'package:flutter_devicelab/framework/framework.dart' • flutter/dev/devicelab/bin/tasks/old_gallery__transition_perf.dart:6:8 • uri_does_not_exist
  error • Target of URI doesn't exist: 'package:flutter_devicelab/framework/utils.dart' • flutter/dev/devicelab/bin/tasks/old_gallery__transition_perf.dart:7:8 • uri_does_not_exist
  error • Target of URI doesn't exist: 'package:flutter_devicelab/tasks/perf_tests.dart' • flutter/dev/devicelab/bin/tasks/old_gallery__transition_perf.dart:8:8 • uri_does_not_exist
  error • Undefined name 'deviceOperatingSystem' • flutter/dev/devicelab/bin/tasks/old_gallery__transition_perf.dart:11:3 • undefined_identifier
  error • Undefined name 'DeviceOperatingSystem' • flutter/dev/devicelab/bin/tasks/old_gallery__transition_perf.dart:11:27 • undefined_identifier
  error • The function 'task' isn't defined • flutter/dev/devicelab/bin/tasks/old_gallery__transition_perf.dart:12:9 • undefined_function
  error • The function 'PerfTest' isn't defined • flutter/dev/devicelab/bin/tasks/old_gallery__transition_perf.dart:13:5 • undefined_function
  error • Undefined name 'flutterDirectory' • flutter/dev/devicelab/bin/tasks/old_gallery__transition_perf.dart:14:10 • undefined_identifier
  error • Target of URI doesn't exist: 'package:flutter_devicelab/framework/devices.dart' • flutter/dev/devicelab/bin/tasks/opacity_peephole_col_of_alpha_savelayer_rows_perf__e2e_summary.dart:7:8 • uri_does_not_exist
  error • Target of URI doesn't exist: 'package:flutter_devicelab/framework/framework.dart' • flutter/dev/devicelab/bin/tasks/opacity_peephole_col_of_alpha_savelayer_rows_perf__e2e_summary.dart:8:8 • uri_does_not_exist
  error • Target of URI doesn't exist: 'package:flutter_devicelab/tasks/perf_tests.dart' • flutter/dev/devicelab/bin/tasks/opacity_peephole_col_of_alpha_savelayer_rows_perf__e2e_summary.dart:9:8 • uri_does_not_exist
  error • Undefined name 'deviceOperatingSystem' • flutter/dev/devicelab/bin/tasks/opacity_peephole_col_of_alpha_savelayer_rows_perf__e2e_summary.dart:12:3 • undefined_identifier
  error • Undefined name 'DeviceOperatingSystem' • flutter/dev/devicelab/bin/tasks/opacity_peephole_col_of_alpha_savelayer_rows_perf__e2e_summary.dart:12:27 • undefined_identifier
  error • The function 'task' isn't defined • flutter/dev/devicelab/bin/tasks/opacity_peephole_col_of_alpha_savelayer_rows_perf__e2e_summary.dart:13:9 • undefined_function
  error • The function 'createOpacityPeepholeColOfAlphaSaveLayerRowsPerfE2ETest' isn't defined • flutter/dev/devicelab/bin/tasks/opacity_peephole_col_of_alpha_savelayer_rows_perf__e2e_summary.dart:13:14 • undefined_function
  error • Target of URI doesn't exist: 'package:flutter_devicelab/framework/devices.dart' • flutter/dev/devicelab/bin/tasks/opacity_peephole_col_of_rows_perf__e2e_summary.dart:7:8 • uri_does_not_exist
  error • Target of URI doesn't exist: 'package:flutter_devicelab/framework/framework.dart' • flutter/dev/devicelab/bin/tasks/opacity_peephole_col_of_rows_perf__e2e_summary.dart:8:8 • uri_does_not_exist
  error • Target of URI doesn't exist: 'package:flutter_devicelab/tasks/perf_tests.dart' • flutter/dev/devicelab/bin/tasks/opacity_peephole_col_of_rows_perf__e2e_summary.dart:9:8 • uri_does_not_exist
  error • Undefined name 'deviceOperatingSystem' • flutter/dev/devicelab/bin/tasks/opacity_peephole_col_of_rows_perf__e2e_summary.dart:12:3 • undefined_identifier
  error • Undefined name 'DeviceOperatingSystem' • flutter/dev/devicelab/bin/tasks/opacity_peephole_col_of_rows_perf__e2e_summary.dart:12:27 • undefined_identifier
  error • The function 'task' isn't defined • flutter/dev/devicelab/bin/tasks/opacity_peephole_col_of_rows_perf__e2e_summary.dart:13:9 • undefined_function
  error • The function 'createOpacityPeepholeColOfRowsPerfE2ETest' isn't defined • flutter/dev/devicelab/bin/tasks/opacity_peephole_col_of_rows_perf__e2e_summary.dart:13:14 • undefined_function
  error • Target of URI doesn't exist: 'package:flutter_devicelab/framework/devices.dart' • flutter/dev/devicelab/bin/tasks/opacity_peephole_fade_transition_text_perf__e2e_summary.dart:7:8 • uri_does_not_exist
  error • Target of URI doesn't exist: 'package:flutter_devicelab/framework/framework.dart' • flutter/dev/devicelab/bin/tasks/opacity_peephole_fade_transition_text_perf__e2e_summary.dart:8:8 • uri_does_not_exist
  error • Target of URI doesn't exist: 'package:flutter_devicelab/tasks/perf_tests.dart' • flutter/dev/devicelab/bin/tasks/opacity_peephole_fade_transition_text_perf__e2e_summary.dart:9:8 • uri_does_not_exist
  error • Undefined name 'deviceOperatingSystem' • flutter/dev/devicelab/bin/tasks/opacity_peephole_fade_transition_text_perf__e2e_summary.dart:12:3 • undefined_identifier
  error • Undefined name 'DeviceOperatingSystem' • flutter/dev/devicelab/bin/tasks/opacity_peephole_fade_transition_text_perf__e2e_summary.dart:12:27 • undefined_identifier
  error • The function 'task' isn't defined • flutter/dev/devicelab/bin/tasks/opacity_peephole_fade_transition_text_perf__e2e_summary.dart:13:9 • undefined_function
  error • The function 'createOpacityPeepholeFadeTransitionTextPerfE2ETest' isn't defined • flutter/dev/devicelab/bin/tasks/opacity_peephole_fade_transition_text_perf__e2e_summary.dart:13:14 • undefined_function
  error • Target of URI doesn't exist: 'package:flutter_devicelab/framework/devices.dart' • flutter/dev/devicelab/bin/tasks/opacity_peephole_grid_of_alpha_savelayers_perf__e2e_summary.dart:7:8 • uri_does_not_exist
  error • Target of URI doesn't exist: 'package:flutter_devicelab/framework/framework.dart' • flutter/dev/devicelab/bin/tasks/opacity_peephole_grid_of_alpha_savelayers_perf__e2e_summary.dart:8:8 • uri_does_not_exist
  error • Target of URI doesn't exist: 'package:flutter_devicelab/tasks/perf_tests.dart' • flutter/dev/devicelab/bin/tasks/opacity_peephole_grid_of_alpha_savelayers_perf__e2e_summary.dart:9:8 • uri_does_not_exist
  error • Undefined name 'deviceOperatingSystem' • flutter/dev/devicelab/bin/tasks/opacity_peephole_grid_of_alpha_savelayers_perf__e2e_summary.dart:12:3 • undefined_identifier
  error • Undefined name 'DeviceOperatingSystem' • flutter/dev/devicelab/bin/tasks/opacity_peephole_grid_of_alpha_savelayers_perf__e2e_summary.dart:12:27 • undefined_identifier
  error • The function 'task' isn't defined • flutter/dev/devicelab/bin/tasks/opacity_peephole_grid_of_alpha_savelayers_perf__e2e_summary.dart:13:9 • undefined_function
  error • The function 'createOpacityPeepholeGridOfAlphaSaveLayersPerfE2ETest' isn't defined • flutter/dev/devicelab/bin/tasks/opacity_peephole_grid_of_alpha_savelayers_perf__e2e_summary.dart:13:14 • undefined_function
  error • Target of URI doesn't exist: 'package:flutter_devicelab/framework/devices.dart' • flutter/dev/devicelab/bin/tasks/opacity_peephole_grid_of_opacity_perf__e2e_summary.dart:7:8 • uri_does_not_exist
  error • Target of URI doesn't exist: 'package:flutter_devicelab/framework/framework.dart' • flutter/dev/devicelab/bin/tasks/opacity_peephole_grid_of_opacity_perf__e2e_summary.dart:8:8 • uri_does_not_exist
  error • Target of URI doesn't exist: 'package:flutter_devicelab/tasks/perf_tests.dart' • flutter/dev/devicelab/bin/tasks/opacity_peephole_grid_of_opacity_perf__e2e_summary.dart:9:8 • uri_does_not_exist
  error • Undefined name 'deviceOperatingSystem' • flutter/dev/devicelab/bin/tasks/opacity_peephole_grid_of_opacity_perf__e2e_summary.dart:12:3 • undefined_identifier
  error • Undefined name 'DeviceOperatingSystem' • flutter/dev/devicelab/bin/tasks/opacity_peephole_grid_of_opacity_perf__e2e_summary.dart:12:27 • undefined_identifier
  error • The function 'task' isn't defined • flutter/dev/devicelab/bin/tasks/opacity_peephole_grid_of_opacity_perf__e2e_summary.dart:13:9 • undefined_function
  error • The function 'createOpacityPeepholeGridOfOpacityPerfE2ETest' isn't defined • flutter/dev/devicelab/bin/tasks/opacity_peephole_grid_of_opacity_perf__e2e_summary.dart:13:14 • undefined_function
  error • Target of URI doesn't exist: 'package:flutter_devicelab/framework/devices.dart' • flutter/dev/devicelab/bin/tasks/opacity_peephole_one_rect_perf__e2e_summary.dart:7:8 • uri_does_not_exist
  error • Target of URI doesn't exist: 'package:flutter_devicelab/framework/framework.dart' • flutter/dev/devicelab/bin/tasks/opacity_peephole_one_rect_perf__e2e_summary.dart:8:8 • uri_does_not_exist
  error • Target of URI doesn't exist: 'package:flutter_devicelab/tasks/perf_tests.dart' • flutter/dev/devicelab/bin/tasks/opacity_peephole_one_rect_perf__e2e_summary.dart:9:8 • uri_does_not_exist
  error • Undefined name 'deviceOperatingSystem' • flutter/dev/devicelab/bin/tasks/opacity_peephole_one_rect_perf__e2e_summary.dart:12:3 • undefined_identifier
  error • Undefined name 'DeviceOperatingSystem' • flutter/dev/devicelab/bin/tasks/opacity_peephole_one_rect_perf__e2e_summary.dart:12:27 • undefined_identifier
  error • The function 'task' isn't defined • flutter/dev/devicelab/bin/tasks/opacity_peephole_one_rect_perf__e2e_summary.dart:13:9 • undefined_function
  error • The function 'createOpacityPeepholeOneRectPerfE2ETest' isn't defined • flutter/dev/devicelab/bin/tasks/opacity_peephole_one_rect_perf__e2e_summary.dart:13:14 • undefined_function
  error • Target of URI doesn't exist: 'package:flutter_devicelab/framework/devices.dart' • flutter/dev/devicelab/bin/tasks/opacity_peephole_opacity_of_grid_perf__e2e_summary.dart:7:8 • uri_does_not_exist
  error • Target of URI doesn't exist: 'package:flutter_devicelab/framework/framework.dart' • flutter/dev/devicelab/bin/tasks/opacity_peephole_opacity_of_grid_perf__e2e_summary.dart:8:8 • uri_does_not_exist
  error • Target of URI doesn't exist: 'package:flutter_devicelab/tasks/perf_tests.dart' • flutter/dev/devicelab/bin/tasks/opacity_peephole_opacity_of_grid_perf__e2e_summary.dart:9:8 • uri_does_not_exist
  error • Undefined name 'deviceOperatingSystem' • flutter/dev/devicelab/bin/tasks/opacity_peephole_opacity_of_grid_perf__e2e_summary.dart:12:3 • undefined_identifier
  error • Undefined name 'DeviceOperatingSystem' • flutter/dev/devicelab/bin/tasks/opacity_peephole_opacity_of_grid_perf__e2e_summary.dart:12:27 • undefined_identifier
  error • The function 'task' isn't defined • flutter/dev/devicelab/bin/tasks/opacity_peephole_opacity_of_grid_perf__e2e_summary.dart:13:9 • undefined_function
  error • The function 'createOpacityPeepholeOpacityOfGridPerfE2ETest' isn't defined • flutter/dev/devicelab/bin/tasks/opacity_peephole_opacity_of_grid_perf__e2e_summary.dart:13:14 • undefined_function
  error • Target of URI doesn't exist: 'package:flutter_devicelab/framework/framework.dart' • flutter/dev/devicelab/bin/tasks/openpay_benchmarks__scroll_perf.dart:5:8 • uri_does_not_exist
  error • Target of URI doesn't exist: 'package:flutter_devicelab/tasks/perf_tests.dart' • flutter/dev/devicelab/bin/tasks/openpay_benchmarks__scroll_perf.dart:6:8 • uri_does_not_exist
  error • The function 'task' isn't defined • flutter/dev/devicelab/bin/tasks/openpay_benchmarks__scroll_perf.dart:9:9 • undefined_function
  error • The function 'createOpenPayScrollPerfTest' isn't defined • flutter/dev/devicelab/bin/tasks/openpay_benchmarks__scroll_perf.dart:9:14 • undefined_function
  error • Target of URI doesn't exist: 'package:flutter_devicelab/framework/devices.dart' • flutter/dev/devicelab/bin/tasks/picture_cache_perf__e2e_summary.dart:5:8 • uri_does_not_exist
  error • Target of URI doesn't exist: 'package:flutter_devicelab/framework/framework.dart' • flutter/dev/devicelab/bin/tasks/picture_cache_perf__e2e_summary.dart:6:8 • uri_does_not_exist
  error • Target of URI doesn't exist: 'package:flutter_devicelab/tasks/perf_tests.dart' • flutter/dev/devicelab/bin/tasks/picture_cache_perf__e2e_summary.dart:7:8 • uri_does_not_exist
  error • Undefined name 'deviceOperatingSystem' • flutter/dev/devicelab/bin/tasks/picture_cache_perf__e2e_summary.dart:10:3 • undefined_identifier
  error • Undefined name 'DeviceOperatingSystem' • flutter/dev/devicelab/bin/tasks/picture_cache_perf__e2e_summary.dart:10:27 • undefined_identifier
  error • The function 'task' isn't defined • flutter/dev/devicelab/bin/tasks/picture_cache_perf__e2e_summary.dart:11:9 • undefined_function
  error • The function 'createPictureCachePerfE2ETest' isn't defined • flutter/dev/devicelab/bin/tasks/picture_cache_perf__e2e_summary.dart:11:14 • undefined_function
  error • Target of URI doesn't exist: 'package:flutter_devicelab/framework/devices.dart' • flutter/dev/devicelab/bin/tasks/picture_cache_perf__timeline_summary.dart:5:8 • uri_does_not_exist
  error • Target of URI doesn't exist: 'package:flutter_devicelab/framework/framework.dart' • flutter/dev/devicelab/bin/tasks/picture_cache_perf__timeline_summary.dart:6:8 • uri_does_not_exist
  error • Target of URI doesn't exist: 'package:flutter_devicelab/tasks/perf_tests.dart' • flutter/dev/devicelab/bin/tasks/picture_cache_perf__timeline_summary.dart:7:8 • uri_does_not_exist
  error • Undefined name 'deviceOperatingSystem' • flutter/dev/devicelab/bin/tasks/picture_cache_perf__timeline_summary.dart:10:3 • undefined_identifier
  error • Undefined name 'DeviceOperatingSystem' • flutter/dev/devicelab/bin/tasks/picture_cache_perf__timeline_summary.dart:10:27 • undefined_identifier
  error • The function 'task' isn't defined • flutter/dev/devicelab/bin/tasks/picture_cache_perf__timeline_summary.dart:11:9 • undefined_function
  error • The function 'createPictureCachePerfTest' isn't defined • flutter/dev/devicelab/bin/tasks/picture_cache_perf__timeline_summary.dart:11:14 • undefined_function
  error • Target of URI doesn't exist: 'package:flutter_devicelab/framework/devices.dart' • flutter/dev/devicelab/bin/tasks/platform_channel_sample_test.dart:5:8 • uri_does_not_exist
  error • Target of URI doesn't exist: 'package:flutter_devicelab/framework/framework.dart' • flutter/dev/devicelab/bin/tasks/platform_channel_sample_test.dart:6:8 • uri_does_not_exist
  error • Target of URI doesn't exist: 'package:flutter_devicelab/tasks/integration_tests.dart' • flutter/dev/devicelab/bin/tasks/platform_channel_sample_test.dart:7:8 • uri_does_not_exist
  error • Undefined name 'deviceOperatingSystem' • flutter/dev/devicelab/bin/tasks/platform_channel_sample_test.dart:10:3 • undefined_identifier
  error • Undefined name 'DeviceOperatingSystem' • flutter/dev/devicelab/bin/tasks/platform_channel_sample_test.dart:10:27 • undefined_identifier
  error • The function 'task' isn't defined • flutter/dev/devicelab/bin/tasks/platform_channel_sample_test.dart:11:9 • undefined_function
  error • The function 'createPlatformChannelSampleTest' isn't defined • flutter/dev/devicelab/bin/tasks/platform_channel_sample_test.dart:11:14 • undefined_function
  error • Target of URI doesn't exist: 'package:flutter_devicelab/framework/devices.dart' • flutter/dev/devicelab/bin/tasks/platform_channel_sample_test_ios.dart:5:8 • uri_does_not_exist
  error • Target of URI doesn't exist: 'package:flutter_devicelab/framework/framework.dart' • flutter/dev/devicelab/bin/tasks/platform_channel_sample_test_ios.dart:6:8 • uri_does_not_exist
  error • Target of URI doesn't exist: 'package:flutter_devicelab/tasks/integration_tests.dart' • flutter/dev/devicelab/bin/tasks/platform_channel_sample_test_ios.dart:7:8 • uri_does_not_exist
  error • Undefined name 'deviceOperatingSystem' • flutter/dev/devicelab/bin/tasks/platform_channel_sample_test_ios.dart:10:3 • undefined_identifier
  error • Undefined name 'DeviceOperatingSystem' • flutter/dev/devicelab/bin/tasks/platform_channel_sample_test_ios.dart:10:27 • undefined_identifier
  error • The function 'task' isn't defined • flutter/dev/devicelab/bin/tasks/platform_channel_sample_test_ios.dart:11:9 • undefined_function
  error • The function 'createPlatformChannelSampleTest' isn't defined • flutter/dev/devicelab/bin/tasks/platform_channel_sample_test_ios.dart:11:14 • undefined_function
  error • Target of URI doesn't exist: 'package:flutter_devicelab/framework/framework.dart' • flutter/dev/devicelab/bin/tasks/platform_channel_sample_test_macos.dart:5:8 • uri_does_not_exist
  error • Target of URI doesn't exist: 'package:flutter_devicelab/tasks/integration_tests.dart' • flutter/dev/devicelab/bin/tasks/platform_channel_sample_test_macos.dart:6:8 • uri_does_not_exist
  error • The function 'task' isn't defined • flutter/dev/devicelab/bin/tasks/platform_channel_sample_test_macos.dart:9:9 • undefined_function
  error • The function 'createPlatformChannelSampleTest' isn't defined • flutter/dev/devicelab/bin/tasks/platform_channel_sample_test_macos.dart:9:14 • undefined_function
  error • Target of URI doesn't exist: 'package:flutter_devicelab/framework/devices.dart' • flutter/dev/devicelab/bin/tasks/platform_channel_sample_test_swift.dart:5:8 • uri_does_not_exist
  error • Target of URI doesn't exist: 'package:flutter_devicelab/framework/framework.dart' • flutter/dev/devicelab/bin/tasks/platform_channel_sample_test_swift.dart:6:8 • uri_does_not_exist
  error • Target of URI doesn't exist: 'package:flutter_devicelab/tasks/integration_tests.dart' • flutter/dev/devicelab/bin/tasks/platform_channel_sample_test_swift.dart:7:8 • uri_does_not_exist
  error • Undefined name 'deviceOperatingSystem' • flutter/dev/devicelab/bin/tasks/platform_channel_sample_test_swift.dart:10:3 • undefined_identifier
  error • Undefined name 'DeviceOperatingSystem' • flutter/dev/devicelab/bin/tasks/platform_channel_sample_test_swift.dart:10:27 • undefined_identifier
  error • The function 'task' isn't defined • flutter/dev/devicelab/bin/tasks/platform_channel_sample_test_swift.dart:11:9 • undefined_function
  error • The function 'createPlatformChannelSwiftSampleTest' isn't defined • flutter/dev/devicelab/bin/tasks/platform_channel_sample_test_swift.dart:11:14 • undefined_function
  error • Target of URI doesn't exist: 'package:flutter_devicelab/framework/framework.dart' • flutter/dev/devicelab/bin/tasks/platform_channel_sample_test_windows.dart:5:8 • uri_does_not_exist
  error • Target of URI doesn't exist: 'package:flutter_devicelab/tasks/integration_tests.dart' • flutter/dev/devicelab/bin/tasks/platform_channel_sample_test_windows.dart:6:8 • uri_does_not_exist
  error • The function 'task' isn't defined • flutter/dev/devicelab/bin/tasks/platform_channel_sample_test_windows.dart:9:9 • undefined_function
  error • The function 'createPlatformChannelSampleTest' isn't defined • flutter/dev/devicelab/bin/tasks/platform_channel_sample_test_windows.dart:9:14 • undefined_function
  error • Target of URI doesn't exist: 'package:flutter_devicelab/framework/devices.dart' • flutter/dev/devicelab/bin/tasks/platform_channels_benchmarks.dart:5:8 • uri_does_not_exist
  error • Target of URI doesn't exist: 'package:flutter_devicelab/framework/framework.dart' • flutter/dev/devicelab/bin/tasks/platform_channels_benchmarks.dart:6:8 • uri_does_not_exist
  error • Target of URI doesn't exist: 'package:flutter_devicelab/tasks/platform_channels_benchmarks.dart' • flutter/dev/devicelab/bin/tasks/platform_channels_benchmarks.dart:7:8 • uri_does_not_exist
  error • Target of URI doesn't exist: 'package:flutter_devicelab/framework/devices.dart' • flutter/dev/devicelab/bin/tasks/platform_channels_benchmarks_ios.dart:5:8 • uri_does_not_exist
  error • Target of URI doesn't exist: 'package:flutter_devicelab/framework/framework.dart' • flutter/dev/devicelab/bin/tasks/platform_channels_benchmarks_ios.dart:6:8 • uri_does_not_exist
  error • Target of URI doesn't exist: 'package:flutter_devicelab/tasks/platform_channels_benchmarks.dart' • flutter/dev/devicelab/bin/tasks/platform_channels_benchmarks_ios.dart:7:8 • uri_does_not_exist
  error • Target of URI doesn't exist: 'package:flutter_devicelab/framework/devices.dart' • flutter/dev/devicelab/bin/tasks/platform_interaction_test.dart:5:8 • uri_does_not_exist
  error • Target of URI doesn't exist: 'package:flutter_devicelab/framework/framework.dart' • flutter/dev/devicelab/bin/tasks/platform_interaction_test.dart:6:8 • uri_does_not_exist
  error • Target of URI doesn't exist: 'package:flutter_devicelab/tasks/integration_tests.dart' • flutter/dev/devicelab/bin/tasks/platform_interaction_test.dart:7:8 • uri_does_not_exist
  error • Undefined name 'deviceOperatingSystem' • flutter/dev/devicelab/bin/tasks/platform_interaction_test.dart:10:3 • undefined_identifier
  error • Undefined name 'DeviceOperatingSystem' • flutter/dev/devicelab/bin/tasks/platform_interaction_test.dart:10:27 • undefined_identifier
  error • The function 'task' isn't defined • flutter/dev/devicelab/bin/tasks/platform_interaction_test.dart:11:9 • undefined_function
  error • The function 'createPlatformInteractionTest' isn't defined • flutter/dev/devicelab/bin/tasks/platform_interaction_test.dart:11:14 • undefined_function
  error • Target of URI doesn't exist: 'package:flutter_devicelab/framework/devices.dart' • flutter/dev/devicelab/bin/tasks/platform_interaction_test_ios.dart:5:8 • uri_does_not_exist
  error • Target of URI doesn't exist: 'package:flutter_devicelab/framework/framework.dart' • flutter/dev/devicelab/bin/tasks/platform_interaction_test_ios.dart:6:8 • uri_does_not_exist
  error • Target of URI doesn't exist: 'package:flutter_devicelab/tasks/integration_tests.dart' • flutter/dev/devicelab/bin/tasks/platform_interaction_test_ios.dart:7:8 • uri_does_not_exist
  error • Undefined name 'deviceOperatingSystem' • flutter/dev/devicelab/bin/tasks/platform_interaction_test_ios.dart:10:3 • undefined_identifier
  error • Undefined name 'DeviceOperatingSystem' • flutter/dev/devicelab/bin/tasks/platform_interaction_test_ios.dart:10:27 • undefined_identifier
  error • The function 'task' isn't defined • flutter/dev/devicelab/bin/tasks/platform_interaction_test_ios.dart:11:9 • undefined_function
  error • The function 'createPlatformInteractionTest' isn't defined • flutter/dev/devicelab/bin/tasks/platform_interaction_test_ios.dart:11:14 • undefined_function
  error • Target of URI doesn't exist: 'package:flutter_devicelab/framework/devices.dart' • flutter/dev/devicelab/bin/tasks/platform_view__start_up.dart:5:8 • uri_does_not_exist
  error • Target of URI doesn't exist: 'package:flutter_devicelab/framework/framework.dart' • flutter/dev/devicelab/bin/tasks/platform_view__start_up.dart:6:8 • uri_does_not_exist
  error • Target of URI doesn't exist: 'package:flutter_devicelab/tasks/perf_tests.dart' • flutter/dev/devicelab/bin/tasks/platform_view__start_up.dart:7:8 • uri_does_not_exist
  error • Undefined name 'deviceOperatingSystem' • flutter/dev/devicelab/bin/tasks/platform_view__start_up.dart:10:3 • undefined_identifier
  error • Undefined name 'DeviceOperatingSystem' • flutter/dev/devicelab/bin/tasks/platform_view__start_up.dart:10:27 • undefined_identifier
  error • The function 'task' isn't defined • flutter/dev/devicelab/bin/tasks/platform_view__start_up.dart:11:9 • undefined_function
  error • The function 'createPlatformViewStartupTest' isn't defined • flutter/dev/devicelab/bin/tasks/platform_view__start_up.dart:11:14 • undefined_function
  error • Target of URI doesn't exist: 'package:flutter_devicelab/framework/devices.dart' • flutter/dev/devicelab/bin/tasks/platform_view_ios__start_up.dart:7:8 • uri_does_not_exist
  error • Target of URI doesn't exist: 'package:flutter_devicelab/framework/framework.dart' • flutter/dev/devicelab/bin/tasks/platform_view_ios__start_up.dart:8:8 • uri_does_not_exist
  error • Target of URI doesn't exist: 'package:flutter_devicelab/framework/utils.dart' • flutter/dev/devicelab/bin/tasks/platform_view_ios__start_up.dart:9:8 • uri_does_not_exist
  error • Target of URI doesn't exist: 'package:flutter_devicelab/tasks/perf_tests.dart' • flutter/dev/devicelab/bin/tasks/platform_view_ios__start_up.dart:10:8 • uri_does_not_exist
  error • Undefined name 'deviceOperatingSystem' • flutter/dev/devicelab/bin/tasks/platform_view_ios__start_up.dart:13:3 • undefined_identifier
  error • Undefined name 'DeviceOperatingSystem' • flutter/dev/devicelab/bin/tasks/platform_view_ios__start_up.dart:13:27 • undefined_identifier
  error • The function 'task' isn't defined • flutter/dev/devicelab/bin/tasks/platform_view_ios__start_up.dart:14:9 • undefined_function
  error • Undefined name 'flutterDirectory' • flutter/dev/devicelab/bin/tasks/platform_view_ios__start_up.dart:15:49 • undefined_identifier
  error • The function 'dir' isn't defined • flutter/dev/devicelab/bin/tasks/platform_view_ios__start_up.dart:16:45 • undefined_function
  error • The function 'inDirectory' isn't defined • flutter/dev/devicelab/bin/tasks/platform_view_ios__start_up.dart:17:11 • undefined_function
  error • The function 'flutter' isn't defined • flutter/dev/devicelab/bin/tasks/platform_view_ios__start_up.dart:18:13 • undefined_function
  error • The function 'flutter' isn't defined • flutter/dev/devicelab/bin/tasks/platform_view_ios__start_up.dart:20:13 • undefined_function
  error • Undefined class 'TaskFunction' • flutter/dev/devicelab/bin/tasks/platform_view_ios__start_up.dart:33:11 • undefined_class
  error • The function 'createPlatformViewStartupTest' isn't defined • flutter/dev/devicelab/bin/tasks/platform_view_ios__start_up.dart:33:39 • undefined_function
  error • Target of URI doesn't exist: 'package:flutter_devicelab/framework/devices.dart' • flutter/dev/devicelab/bin/tasks/platform_view_macos__start_up.dart:5:8 • uri_does_not_exist
  error • Target of URI doesn't exist: 'package:flutter_devicelab/framework/framework.dart' • flutter/dev/devicelab/bin/tasks/platform_view_macos__start_up.dart:6:8 • uri_does_not_exist
  error • Target of URI doesn't exist: 'package:flutter_devicelab/tasks/perf_tests.dart' • flutter/dev/devicelab/bin/tasks/platform_view_macos__start_up.dart:7:8 • uri_does_not_exist
  error • Undefined name 'deviceOperatingSystem' • flutter/dev/devicelab/bin/tasks/platform_view_macos__start_up.dart:10:3 • undefined_identifier
  error • Undefined name 'DeviceOperatingSystem' • flutter/dev/devicelab/bin/tasks/platform_view_macos__start_up.dart:10:27 • undefined_identifier
  error • The function 'task' isn't defined • flutter/dev/devicelab/bin/tasks/platform_view_macos__start_up.dart:11:9 • undefined_function
  error • The function 'createPlatformViewStartupTest' isn't defined • flutter/dev/devicelab/bin/tasks/platform_view_macos__start_up.dart:11:14 • undefined_function
  error • Target of URI doesn't exist: 'package:flutter_devicelab/framework/devices.dart' • flutter/dev/devicelab/bin/tasks/platform_view_win_desktop__start_up.dart:5:8 • uri_does_not_exist
  error • Target of URI doesn't exist: 'package:flutter_devicelab/framework/framework.dart' • flutter/dev/devicelab/bin/tasks/platform_view_win_desktop__start_up.dart:6:8 • uri_does_not_exist
  error • Target of URI doesn't exist: 'package:flutter_devicelab/tasks/perf_tests.dart' • flutter/dev/devicelab/bin/tasks/platform_view_win_desktop__start_up.dart:7:8 • uri_does_not_exist
  error • Undefined name 'deviceOperatingSystem' • flutter/dev/devicelab/bin/tasks/platform_view_win_desktop__start_up.dart:10:3 • undefined_identifier
  error • Undefined name 'DeviceOperatingSystem' • flutter/dev/devicelab/bin/tasks/platform_view_win_desktop__start_up.dart:10:27 • undefined_identifier
  error • The function 'task' isn't defined • flutter/dev/devicelab/bin/tasks/platform_view_win_desktop__start_up.dart:11:9 • undefined_function
  error • The function 'createPlatformViewStartupTest' isn't defined • flutter/dev/devicelab/bin/tasks/platform_view_win_desktop__start_up.dart:11:14 • undefined_function
  error • Target of URI doesn't exist: 'package:flutter_devicelab/framework/devices.dart' • flutter/dev/devicelab/bin/tasks/platform_views_hcpp_scroll_perf__timeline_summary.dart:5:8 • uri_does_not_exist
  error • Target of URI doesn't exist: 'package:flutter_devicelab/framework/framework.dart' • flutter/dev/devicelab/bin/tasks/platform_views_hcpp_scroll_perf__timeline_summary.dart:6:8 • uri_does_not_exist
  error • Target of URI doesn't exist: 'package:flutter_devicelab/tasks/perf_tests.dart' • flutter/dev/devicelab/bin/tasks/platform_views_hcpp_scroll_perf__timeline_summary.dart:7:8 • uri_does_not_exist
  error • Undefined name 'deviceOperatingSystem' • flutter/dev/devicelab/bin/tasks/platform_views_hcpp_scroll_perf__timeline_summary.dart:10:3 • undefined_identifier
  error • Undefined name 'DeviceOperatingSystem' • flutter/dev/devicelab/bin/tasks/platform_views_hcpp_scroll_perf__timeline_summary.dart:10:27 • undefined_identifier
  error • The function 'task' isn't defined • flutter/dev/devicelab/bin/tasks/platform_views_hcpp_scroll_perf__timeline_summary.dart:11:9 • undefined_function
  error • The function 'createAndroidHCPPScrollPerfTest' isn't defined • flutter/dev/devicelab/bin/tasks/platform_views_hcpp_scroll_perf__timeline_summary.dart:11:14 • undefined_function
  error • Target of URI doesn't exist: 'package:flutter_devicelab/framework/devices.dart' • flutter/dev/devicelab/bin/tasks/platform_views_scroll_perf__timeline_summary.dart:5:8 • uri_does_not_exist
  error • Target of URI doesn't exist: 'package:flutter_devicelab/framework/framework.dart' • flutter/dev/devicelab/bin/tasks/platform_views_scroll_perf__timeline_summary.dart:6:8 • uri_does_not_exist
  error • Target of URI doesn't exist: 'package:flutter_devicelab/tasks/perf_tests.dart' • flutter/dev/devicelab/bin/tasks/platform_views_scroll_perf__timeline_summary.dart:7:8 • uri_does_not_exist
  error • Undefined name 'deviceOperatingSystem' • flutter/dev/devicelab/bin/tasks/platform_views_scroll_perf__timeline_summary.dart:10:3 • undefined_identifier
  error • Undefined name 'DeviceOperatingSystem' • flutter/dev/devicelab/bin/tasks/platform_views_scroll_perf__timeline_summary.dart:10:27 • undefined_identifier
  error • The function 'task' isn't defined • flutter/dev/devicelab/bin/tasks/platform_views_scroll_perf__timeline_summary.dart:11:9 • undefined_function
  error • The function 'createAndroidTextureScrollPerfTest' isn't defined • flutter/dev/devicelab/bin/tasks/platform_views_scroll_perf__timeline_summary.dart:11:14 • undefined_function
  error • Target of URI doesn't exist: 'package:flutter_devicelab/framework/devices.dart' • flutter/dev/devicelab/bin/tasks/platform_views_scroll_perf_ad_banners__timeline_summary.dart:5:8 • uri_does_not_exist
  error • Target of URI doesn't exist: 'package:flutter_devicelab/framework/framework.dart' • flutter/dev/devicelab/bin/tasks/platform_views_scroll_perf_ad_banners__timeline_summary.dart:6:8 • uri_does_not_exist
  error • Target of URI doesn't exist: 'package:flutter_devicelab/tasks/perf_tests.dart' • flutter/dev/devicelab/bin/tasks/platform_views_scroll_perf_ad_banners__timeline_summary.dart:7:8 • uri_does_not_exist
  error • Undefined name 'deviceOperatingSystem' • flutter/dev/devicelab/bin/tasks/platform_views_scroll_perf_ad_banners__timeline_summary.dart:10:3 • undefined_identifier
  error • Undefined name 'DeviceOperatingSystem' • flutter/dev/devicelab/bin/tasks/platform_views_scroll_perf_ad_banners__timeline_summary.dart:10:27 • undefined_identifier
  error • The function 'task' isn't defined • flutter/dev/devicelab/bin/tasks/platform_views_scroll_perf_ad_banners__timeline_summary.dart:11:9 • undefined_function
  error • The function 'createUiKitViewScrollPerfAdBannersTest' isn't defined • flutter/dev/devicelab/bin/tasks/platform_views_scroll_perf_ad_banners__timeline_summary.dart:11:14 • undefined_function
  error • Target of URI doesn't exist: 'package:flutter_devicelab/framework/devices.dart' • flutter/dev/devicelab/bin/tasks/platform_views_scroll_perf_bottom_ad_banner__timeline_summary.dart:5:8 • uri_does_not_exist
  error • Target of URI doesn't exist: 'package:flutter_devicelab/framework/framework.dart' • flutter/dev/devicelab/bin/tasks/platform_views_scroll_perf_bottom_ad_banner__timeline_summary.dart:6:8 • uri_does_not_exist
  error • Target of URI doesn't exist: 'package:flutter_devicelab/tasks/perf_tests.dart' • flutter/dev/devicelab/bin/tasks/platform_views_scroll_perf_bottom_ad_banner__timeline_summary.dart:7:8 • uri_does_not_exist
  error • Undefined name 'deviceOperatingSystem' • flutter/dev/devicelab/bin/tasks/platform_views_scroll_perf_bottom_ad_banner__timeline_summary.dart:10:3 • undefined_identifier
  error • Undefined name 'DeviceOperatingSystem' • flutter/dev/devicelab/bin/tasks/platform_views_scroll_perf_bottom_ad_banner__timeline_summary.dart:10:27 • undefined_identifier
  error • The function 'task' isn't defined • flutter/dev/devicelab/bin/tasks/platform_views_scroll_perf_bottom_ad_banner__timeline_summary.dart:11:9 • undefined_function
  error • The function 'createUiKitViewScrollPerfBottomAdBannerTest' isn't defined • flutter/dev/devicelab/bin/tasks/platform_views_scroll_perf_bottom_ad_banner__timeline_summary.dart:11:14 • undefined_function
  error • Target of URI doesn't exist: 'package:flutter_devicelab/framework/devices.dart' • flutter/dev/devicelab/bin/tasks/platform_views_scroll_perf_impeller__timeline_summary.dart:5:8 • uri_does_not_exist
  error • Target of URI doesn't exist: 'package:flutter_devicelab/framework/framework.dart' • flutter/dev/devicelab/bin/tasks/platform_views_scroll_perf_impeller__timeline_summary.dart:6:8 • uri_does_not_exist
  error • Target of URI doesn't exist: 'package:flutter_devicelab/tasks/perf_tests.dart' • flutter/dev/devicelab/bin/tasks/platform_views_scroll_perf_impeller__timeline_summary.dart:7:8 • uri_does_not_exist
  error • Undefined name 'deviceOperatingSystem' • flutter/dev/devicelab/bin/tasks/platform_views_scroll_perf_impeller__timeline_summary.dart:10:3 • undefined_identifier
  error • Undefined name 'DeviceOperatingSystem' • flutter/dev/devicelab/bin/tasks/platform_views_scroll_perf_impeller__timeline_summary.dart:10:27 • undefined_identifier
  error • The function 'task' isn't defined • flutter/dev/devicelab/bin/tasks/platform_views_scroll_perf_impeller__timeline_summary.dart:11:9 • undefined_function
  error • The function 'createAndroidTextureScrollPerfTest' isn't defined • flutter/dev/devicelab/bin/tasks/platform_views_scroll_perf_impeller__timeline_summary.dart:11:14 • undefined_function
  error • Target of URI doesn't exist: 'package:flutter_devicelab/framework/devices.dart' • flutter/dev/devicelab/bin/tasks/platform_views_scroll_perf_ios__timeline_summary.dart:5:8 • uri_does_not_exist
  error • Target of URI doesn't exist: 'package:flutter_devicelab/framework/framework.dart' • flutter/dev/devicelab/bin/tasks/platform_views_scroll_perf_ios__timeline_summary.dart:6:8 • uri_does_not_exist
  error • Target of URI doesn't exist: 'package:flutter_devicelab/tasks/perf_tests.dart' • flutter/dev/devicelab/bin/tasks/platform_views_scroll_perf_ios__timeline_summary.dart:7:8 • uri_does_not_exist
  error • Undefined name 'deviceOperatingSystem' • flutter/dev/devicelab/bin/tasks/platform_views_scroll_perf_ios__timeline_summary.dart:10:3 • undefined_identifier
  error • Undefined name 'DeviceOperatingSystem' • flutter/dev/devicelab/bin/tasks/platform_views_scroll_perf_ios__timeline_summary.dart:10:27 • undefined_identifier
  error • The function 'task' isn't defined • flutter/dev/devicelab/bin/tasks/platform_views_scroll_perf_ios__timeline_summary.dart:11:9 • undefined_function
  error • The function 'createUiKitViewScrollPerfTest' isn't defined • flutter/dev/devicelab/bin/tasks/platform_views_scroll_perf_ios__timeline_summary.dart:11:14 • undefined_function
  error • Target of URI doesn't exist: 'package:flutter_devicelab/framework/devices.dart' • flutter/dev/devicelab/bin/tasks/platform_views_scroll_perf_non_intersecting_impeller_ios__timeline_summary.dart:5:8 • uri_does_not_exist
  error • Target of URI doesn't exist: 'package:flutter_devicelab/framework/framework.dart' • flutter/dev/devicelab/bin/tasks/platform_views_scroll_perf_non_intersecting_impeller_ios__timeline_summary.dart:6:8 • uri_does_not_exist
  error • Target of URI doesn't exist: 'package:flutter_devicelab/tasks/perf_tests.dart' • flutter/dev/devicelab/bin/tasks/platform_views_scroll_perf_non_intersecting_impeller_ios__timeline_summary.dart:7:8 • uri_does_not_exist
  error • Undefined name 'deviceOperatingSystem' • flutter/dev/devicelab/bin/tasks/platform_views_scroll_perf_non_intersecting_impeller_ios__timeline_summary.dart:10:3 • undefined_identifier
  error • Undefined name 'DeviceOperatingSystem' • flutter/dev/devicelab/bin/tasks/platform_views_scroll_perf_non_intersecting_impeller_ios__timeline_summary.dart:10:27 • undefined_identifier
  error • The function 'task' isn't defined • flutter/dev/devicelab/bin/tasks/platform_views_scroll_perf_non_intersecting_impeller_ios__timeline_summary.dart:11:9 • undefined_function
  error • The function 'createUiKitViewScrollPerfNonIntersectingTest' isn't defined • flutter/dev/devicelab/bin/tasks/platform_views_scroll_perf_non_intersecting_impeller_ios__timeline_summary.dart:11:14 • undefined_function
  error • Target of URI doesn't exist: 'package:flutter_devicelab/framework/framework.dart' • flutter/dev/devicelab/bin/tasks/plugin_dependencies_test.dart:8:8 • uri_does_not_exist
  error • Target of URI doesn't exist: 'package:flutter_devicelab/framework/ios.dart' • flutter/dev/devicelab/bin/tasks/plugin_dependencies_test.dart:9:8 • uri_does_not_exist
  error • Target of URI doesn't exist: 'package:flutter_devicelab/framework/task_result.dart' • flutter/dev/devicelab/bin/tasks/plugin_dependencies_test.dart:10:8 • uri_does_not_exist
  error • Target of URI doesn't exist: 'package:flutter_devicelab/framework/utils.dart' • flutter/dev/devicelab/bin/tasks/plugin_dependencies_test.dart:11:8 • uri_does_not_exist
  error • The function 'task' isn't defined • flutter/dev/devicelab/bin/tasks/plugin_dependencies_test.dart:20:9 • undefined_function
  error • The function 'section' isn't defined • flutter/dev/devicelab/bin/tasks/plugin_dependencies_test.dart:21:5 • undefined_function
  error • The function 'findJavaHome' isn't defined • flutter/dev/devicelab/bin/tasks/plugin_dependencies_test.dart:23:36 • undefined_function
  error • Undefined name 'TaskResult' • flutter/dev/devicelab/bin/tasks/plugin_dependencies_test.dart:25:14 • undefined_identifier
  error • The function 'section' isn't defined • flutter/dev/devicelab/bin/tasks/plugin_dependencies_test.dart:32:7 • undefined_function
  error • The function 'inDirectory' isn't defined • flutter/dev/devicelab/bin/tasks/plugin_dependencies_test.dart:35:13 • undefined_function
  error • The function 'flutter' isn't defined • flutter/dev/devicelab/bin/tasks/plugin_dependencies_test.dart:36:15 • undefined_function
  error • The function 'section' isn't defined • flutter/dev/devicelab/bin/tasks/plugin_dependencies_test.dart:48:7 • undefined_function
  error • The function 'inDirectory' isn't defined • flutter/dev/devicelab/bin/tasks/plugin_dependencies_test.dart:51:13 • undefined_function
  error • The function 'flutter' isn't defined • flutter/dev/devicelab/bin/tasks/plugin_dependencies_test.dart:52:15 • undefined_function
  error • The function 'section' isn't defined • flutter/dev/devicelab/bin/tasks/plugin_dependencies_test.dart:64:7 • undefined_function
  error • The function 'inDirectory' isn't defined • flutter/dev/devicelab/bin/tasks/plugin_dependencies_test.dart:67:13 • undefined_function
  error • The function 'flutter' isn't defined • flutter/dev/devicelab/bin/tasks/plugin_dependencies_test.dart:68:15 • undefined_function
  error • The function 'checkDirectoryNotExists' isn't defined • flutter/dev/devicelab/bin/tasks/plugin_dependencies_test.dart:80:7 • undefined_function
  error • The function 'section' isn't defined • flutter/dev/devicelab/bin/tasks/plugin_dependencies_test.dart:102:7 • undefined_function
  error • The function 'inDirectory' isn't defined • flutter/dev/devicelab/bin/tasks/plugin_dependencies_test.dart:105:13 • undefined_function
  error • The function 'flutter' isn't defined • flutter/dev/devicelab/bin/tasks/plugin_dependencies_test.dart:106:15 • undefined_function
  error • The function 'checkDirectoryNotExists' isn't defined • flutter/dev/devicelab/bin/tasks/plugin_dependencies_test.dart:118:7 • undefined_function
  error • The function 'section' isn't defined • flutter/dev/devicelab/bin/tasks/plugin_dependencies_test.dart:120:7 • undefined_function
  error • The function 'section' isn't defined • flutter/dev/devicelab/bin/tasks/plugin_dependencies_test.dart:144:7 • undefined_function
  error • The function 'section' isn't defined • flutter/dev/devicelab/bin/tasks/plugin_dependencies_test.dart:160:7 • undefined_function
  error • The function 'section' isn't defined • flutter/dev/devicelab/bin/tasks/plugin_dependencies_test.dart:186:7 • undefined_function
  error • The function 'inDirectory' isn't defined • flutter/dev/devicelab/bin/tasks/plugin_dependencies_test.dart:190:13 • undefined_function
  error • The function 'flutter' isn't defined • flutter/dev/devicelab/bin/tasks/plugin_dependencies_test.dart:191:15 • undefined_function
  error • Undefined name 'TaskResult' • flutter/dev/devicelab/bin/tasks/plugin_dependencies_test.dart:199:16 • undefined_identifier
  error • Undefined name 'TaskResult' • flutter/dev/devicelab/bin/tasks/plugin_dependencies_test.dart:238:16 • undefined_identifier
  error • The function 'section' isn't defined • flutter/dev/devicelab/bin/tasks/plugin_dependencies_test.dart:244:7 • undefined_function
  error • The function 'inDirectory' isn't defined • flutter/dev/devicelab/bin/tasks/plugin_dependencies_test.dart:247:13 • undefined_function
  error • The function 'evalFlutter' isn't defined • flutter/dev/devicelab/bin/tasks/plugin_dependencies_test.dart:248:15 • undefined_function
  error • Undefined name 'TaskResult' • flutter/dev/devicelab/bin/tasks/plugin_dependencies_test.dart:257:16 • undefined_identifier
  error • The function 'exists' isn't defined • flutter/dev/devicelab/bin/tasks/plugin_dependencies_test.dart:260:38 • undefined_function
  error • Undefined name 'TaskResult' • flutter/dev/devicelab/bin/tasks/plugin_dependencies_test.dart:276:16 • undefined_identifier
  error • The function 'section' isn't defined • flutter/dev/devicelab/bin/tasks/plugin_dependencies_test.dart:280:9 • undefined_function
  error • The function 'inDirectory' isn't defined • flutter/dev/devicelab/bin/tasks/plugin_dependencies_test.dart:282:15 • undefined_function
  error • The function 'evalFlutter' isn't defined • flutter/dev/devicelab/bin/tasks/plugin_dependencies_test.dart:283:17 • undefined_function
  error • The function 'exists' isn't defined • flutter/dev/devicelab/bin/tasks/plugin_dependencies_test.dart:290:14 • undefined_function
  error • Undefined name 'TaskResult' • flutter/dev/devicelab/bin/tasks/plugin_dependencies_test.dart:291:18 • undefined_identifier
  error • Undefined name 'TaskResult' • flutter/dev/devicelab/bin/tasks/plugin_dependencies_test.dart:296:18 • undefined_identifier
  error • The function 'dumpSymbolTable' isn't defined • flutter/dev/devicelab/bin/tasks/plugin_dependencies_test.dart:309:40 • undefined_function
  error • Undefined name 'TaskResult' • flutter/dev/devicelab/bin/tasks/plugin_dependencies_test.dart:317:20 • undefined_identifier
  error • Undefined name 'TaskResult' • flutter/dev/devicelab/bin/tasks/plugin_dependencies_test.dart:323:20 • undefined_identifier
  error • The function 'checkDirectoryExists' isn't defined • flutter/dev/devicelab/bin/tasks/plugin_dependencies_test.dart:327:11 • undefined_function
  error • The function 'checkDirectoryExists' isn't defined • flutter/dev/devicelab/bin/tasks/plugin_dependencies_test.dart:328:11 • undefined_function
  error • The function 'checkDirectoryExists' isn't defined • flutter/dev/devicelab/bin/tasks/plugin_dependencies_test.dart:329:11 • undefined_function
  error • The function 'checkDirectoryNotExists' isn't defined • flutter/dev/devicelab/bin/tasks/plugin_dependencies_test.dart:331:11 • undefined_function
  error • Undefined name 'TaskResult' • flutter/dev/devicelab/bin/tasks/plugin_dependencies_test.dart:335:14 • undefined_identifier
  error • The name 'TaskResult' isn't a type and can't be used in an on-catch clause • flutter/dev/devicelab/bin/tasks/plugin_dependencies_test.dart:336:10 • non_type_in_catch_clause
  error • Undefined name 'TaskResult' • flutter/dev/devicelab/bin/tasks/plugin_dependencies_test.dart:340:14 • undefined_identifier
  error • The function 'rmTree' isn't defined • flutter/dev/devicelab/bin/tasks/plugin_dependencies_test.dart:342:7 • undefined_function
  error • Target of URI doesn't exist: 'package:flutter_devicelab/framework/framework.dart' • flutter/dev/devicelab/bin/tasks/plugin_lint_mac.dart:7:8 • uri_does_not_exist
  error • Target of URI doesn't exist: 'package:flutter_devicelab/framework/task_result.dart' • flutter/dev/devicelab/bin/tasks/plugin_lint_mac.dart:8:8 • uri_does_not_exist
  error • Target of URI doesn't exist: 'package:flutter_devicelab/framework/utils.dart' • flutter/dev/devicelab/bin/tasks/plugin_lint_mac.dart:9:8 • uri_does_not_exist
  error • The function 'task' isn't defined • flutter/dev/devicelab/bin/tasks/plugin_lint_mac.dart:15:9 • undefined_function
  error • The function 'section' isn't defined • flutter/dev/devicelab/bin/tasks/plugin_lint_mac.dart:18:7 • undefined_function
  error • The function 'inDirectory' isn't defined • flutter/dev/devicelab/bin/tasks/plugin_lint_mac.dart:20:13 • undefined_function
  error • The function 'exec' isn't defined • flutter/dev/devicelab/bin/tasks/plugin_lint_mac.dart:22:15 • undefined_function
  error • The function 'exec' isn't defined • flutter/dev/devicelab/bin/tasks/plugin_lint_mac.dart:40:15 • undefined_function
  error • The function 'section' isn't defined • flutter/dev/devicelab/bin/tasks/plugin_lint_mac.dart:51:7 • undefined_function
  error • The function 'inDirectory' isn't defined • flutter/dev/devicelab/bin/tasks/plugin_lint_mac.dart:54:13 • undefined_function
  error • The function 'flutter' isn't defined • flutter/dev/devicelab/bin/tasks/plugin_lint_mac.dart:55:15 • undefined_function
  error • The function 'section' isn't defined • flutter/dev/devicelab/bin/tasks/plugin_lint_mac.dart:67:7 • undefined_function
  error • The function 'inDirectory' isn't defined • flutter/dev/devicelab/bin/tasks/plugin_lint_mac.dart:71:13 • undefined_function
  error • The function 'exec' isn't defined • flutter/dev/devicelab/bin/tasks/plugin_lint_mac.dart:72:15 • undefined_function
  error • The function 'section' isn't defined • flutter/dev/devicelab/bin/tasks/plugin_lint_mac.dart:75:7 • undefined_function
  error • The function 'inDirectory' isn't defined • flutter/dev/devicelab/bin/tasks/plugin_lint_mac.dart:77:13 • undefined_function
  error • The function 'exec' isn't defined • flutter/dev/devicelab/bin/tasks/plugin_lint_mac.dart:78:15 • undefined_function
  error • The function 'section' isn't defined • flutter/dev/devicelab/bin/tasks/plugin_lint_mac.dart:87:7 • undefined_function
  error • The function 'inDirectory' isn't defined • flutter/dev/devicelab/bin/tasks/plugin_lint_mac.dart:90:13 • undefined_function
  error • The function 'section' isn't defined • flutter/dev/devicelab/bin/tasks/plugin_lint_mac.dart:94:7 • undefined_function
  error • The function 'inDirectory' isn't defined • flutter/dev/devicelab/bin/tasks/plugin_lint_mac.dart:96:13 • undefined_function
  error • The function 'section' isn't defined • flutter/dev/devicelab/bin/tasks/plugin_lint_mac.dart:100:7 • undefined_function
  error • The function 'inDirectory' isn't defined • flutter/dev/devicelab/bin/tasks/plugin_lint_mac.dart:103:13 • undefined_function
  error • The function 'flutter' isn't defined • flutter/dev/devicelab/bin/tasks/plugin_lint_mac.dart:104:15 • undefined_function
  error • The function 'section' isn't defined • flutter/dev/devicelab/bin/tasks/plugin_lint_mac.dart:110:7 • undefined_function
  error • The function 'inDirectory' isn't defined • flutter/dev/devicelab/bin/tasks/plugin_lint_mac.dart:125:13 • undefined_function
  error • The function 'flutter' isn't defined • flutter/dev/devicelab/bin/tasks/plugin_lint_mac.dart:126:15 • undefined_function
  error • Undefined name 'TaskResult' • flutter/dev/devicelab/bin/tasks/plugin_lint_mac.dart:132:16 • undefined_identifier
  error • The function 'section' isn't defined • flutter/dev/devicelab/bin/tasks/plugin_lint_mac.dart:135:7 • undefined_function
  error • The function 'inDirectory' isn't defined • flutter/dev/devicelab/bin/tasks/plugin_lint_mac.dart:140:13 • undefined_function
  error • The function 'flutter' isn't defined • flutter/dev/devicelab/bin/tasks/plugin_lint_mac.dart:141:15 • undefined_function
  error • The function 'section' isn't defined • flutter/dev/devicelab/bin/tasks/plugin_lint_mac.dart:146:7 • undefined_function
  error • The function 'inDirectory' isn't defined • flutter/dev/devicelab/bin/tasks/plugin_lint_mac.dart:147:13 • undefined_function
  error • The function 'flutter' isn't defined • flutter/dev/devicelab/bin/tasks/plugin_lint_mac.dart:148:15 • undefined_function
  error • Undefined name 'TaskResult' • flutter/dev/devicelab/bin/tasks/plugin_lint_mac.dart:154:16 • undefined_identifier
  error • The function 'section' isn't defined • flutter/dev/devicelab/bin/tasks/plugin_lint_mac.dart:159:7 • undefined_function
  error • Undefined name 'TaskResult' • flutter/dev/devicelab/bin/tasks/plugin_lint_mac.dart:170:16 • undefined_identifier
  error • The function 'inDirectory' isn't defined • flutter/dev/devicelab/bin/tasks/plugin_lint_mac.dart:176:13 • undefined_function
  error • The function 'flutter' isn't defined • flutter/dev/devicelab/bin/tasks/plugin_lint_mac.dart:177:15 • undefined_function
  error • The function 'flutter' isn't defined • flutter/dev/devicelab/bin/tasks/plugin_lint_mac.dart:178:15 • undefined_function
  error • The function 'section' isn't defined • flutter/dev/devicelab/bin/tasks/plugin_lint_mac.dart:181:7 • undefined_function
  error • Undefined name 'TaskResult' • flutter/dev/devicelab/bin/tasks/plugin_lint_mac.dart:191:16 • undefined_identifier
  error • The function 'checkDirectoryExists' isn't defined • flutter/dev/devicelab/bin/tasks/plugin_lint_mac.dart:196:7 • undefined_function
  error • The function 'checkDirectoryNotExists' isn't defined • flutter/dev/devicelab/bin/tasks/plugin_lint_mac.dart:199:7 • undefined_function
  error • The function 'section' isn't defined • flutter/dev/devicelab/bin/tasks/plugin_lint_mac.dart:201:7 • undefined_function
  error • The function 'inDirectory' isn't defined • flutter/dev/devicelab/bin/tasks/plugin_lint_mac.dart:206:13 • undefined_function
  error • The function 'flutter' isn't defined • flutter/dev/devicelab/bin/tasks/plugin_lint_mac.dart:207:15 • undefined_function
  error • Undefined name 'TaskResult' • flutter/dev/devicelab/bin/tasks/plugin_lint_mac.dart:212:14 • undefined_identifier
  error • Undefined name 'TaskResult' • flutter/dev/devicelab/bin/tasks/plugin_lint_mac.dart:215:14 • undefined_identifier
  error • The function 'rmTree' isn't defined • flutter/dev/devicelab/bin/tasks/plugin_lint_mac.dart:217:7 • undefined_function
  error • The function 'section' isn't defined • flutter/dev/devicelab/bin/tasks/plugin_lint_mac.dart:223:3 • undefined_function
  error • Undefined name 'TaskResult' • flutter/dev/devicelab/bin/tasks/plugin_lint_mac.dart:232:11 • undefined_identifier
  error • The function 'checkDirectoryNotExists' isn't defined • flutter/dev/devicelab/bin/tasks/plugin_lint_mac.dart:235:3 • undefined_function
  error • The function 'checkFileExists' isn't defined • flutter/dev/devicelab/bin/tasks/plugin_lint_mac.dart:237:3 • undefined_function
  error • The function 'checkDirectoryExists' isn't defined • flutter/dev/devicelab/bin/tasks/plugin_lint_mac.dart:241:3 • undefined_function
  error • The function 'checkDirectoryNotExists' isn't defined • flutter/dev/devicelab/bin/tasks/plugin_lint_mac.dart:243:3 • undefined_function
  error • The function 'checkDirectoryExists' isn't defined • flutter/dev/devicelab/bin/tasks/plugin_lint_mac.dart:245:3 • undefined_function
  error • The function 'checkDirectoryNotExists' isn't defined • flutter/dev/devicelab/bin/tasks/plugin_lint_mac.dart:248:3 • undefined_function
  error • The function 'section' isn't defined • flutter/dev/devicelab/bin/tasks/plugin_lint_mac.dart:252:3 • undefined_function
  error • Undefined name 'TaskResult' • flutter/dev/devicelab/bin/tasks/plugin_lint_mac.dart:263:11 • undefined_identifier
  error • The function 'checkFileExists' isn't defined • flutter/dev/devicelab/bin/tasks/plugin_lint_mac.dart:266:3 • undefined_function
  error • The function 'checkDirectoryExists' isn't defined • flutter/dev/devicelab/bin/tasks/plugin_lint_mac.dart:277:3 • undefined_function
  error • The function 'checkDirectoryNotExists' isn't defined • flutter/dev/devicelab/bin/tasks/plugin_lint_mac.dart:279:3 • undefined_function
  error • The function 'checkDirectoryExists' isn't defined • flutter/dev/devicelab/bin/tasks/plugin_lint_mac.dart:281:3 • undefined_function
  error • The function 'eval' isn't defined • flutter/dev/devicelab/bin/tasks/plugin_lint_mac.dart:285:9 • undefined_function
  error • Target of URI doesn't exist: 'package:flutter_devicelab/framework/framework.dart' • flutter/dev/devicelab/bin/tasks/plugin_test_android_standard.dart:5:8 • uri_does_not_exist
  error • Target of URI doesn't exist: 'package:flutter_devicelab/tasks/plugin_tests.dart' • flutter/dev/devicelab/bin/tasks/plugin_test_android_standard.dart:6:8 • uri_does_not_exist
  error • The function 'task' isn't defined • flutter/dev/devicelab/bin/tasks/plugin_test_android_standard.dart:9:9 • undefined_function
  error • The function 'combine' isn't defined • flutter/dev/devicelab/bin/tasks/plugin_test_android_standard.dart:10:5 • undefined_function
  error • The name 'TaskFunction' isn't a type, so it can't be used as a type argument • flutter/dev/devicelab/bin/tasks/plugin_test_android_standard.dart:10:14 • non_type_as_type_argument
  error • The function 'PluginTest' isn't defined • flutter/dev/devicelab/bin/tasks/plugin_test_android_standard.dart:11:7 • undefined_function
  error • The function 'PluginTest' isn't defined • flutter/dev/devicelab/bin/tasks/plugin_test_android_standard.dart:12:7 • undefined_function
  error • Target of URI doesn't exist: 'package:flutter_devicelab/framework/framework.dart' • flutter/dev/devicelab/bin/tasks/plugin_test_android_variants.dart:5:8 • uri_does_not_exist
  error • Target of URI doesn't exist: 'package:flutter_devicelab/tasks/plugin_tests.dart' • flutter/dev/devicelab/bin/tasks/plugin_test_android_variants.dart:6:8 • uri_does_not_exist
  error • The function 'task' isn't defined • flutter/dev/devicelab/bin/tasks/plugin_test_android_variants.dart:9:9 • undefined_function
  error • The function 'combine' isn't defined • flutter/dev/devicelab/bin/tasks/plugin_test_android_variants.dart:10:5 • undefined_function
  error • The name 'TaskFunction' isn't a type, so it can't be used as a type argument • flutter/dev/devicelab/bin/tasks/plugin_test_android_variants.dart:10:14 • non_type_as_type_argument
  error • The function 'PluginTest' isn't defined • flutter/dev/devicelab/bin/tasks/plugin_test_android_variants.dart:12:7 • undefined_function
  error • The function 'PluginTest' isn't defined • flutter/dev/devicelab/bin/tasks/plugin_test_android_variants.dart:14:7 • undefined_function
  error • Target of URI doesn't exist: 'package:flutter_devicelab/framework/framework.dart' • flutter/dev/devicelab/bin/tasks/plugin_test_ios.dart:5:8 • uri_does_not_exist
  error • Target of URI doesn't exist: 'package:flutter_devicelab/tasks/plugin_tests.dart' • flutter/dev/devicelab/bin/tasks/plugin_test_ios.dart:6:8 • uri_does_not_exist
  error • The function 'task' isn't defined • flutter/dev/devicelab/bin/tasks/plugin_test_ios.dart:9:9 • undefined_function
  error • The function 'combine' isn't defined • flutter/dev/devicelab/bin/tasks/plugin_test_ios.dart:10:5 • undefined_function
  error • The name 'TaskFunction' isn't a type, so it can't be used as a type argument • flutter/dev/devicelab/bin/tasks/plugin_test_ios.dart:10:14 • non_type_as_type_argument
  error • The function 'PluginTest' isn't defined • flutter/dev/devicelab/bin/tasks/plugin_test_ios.dart:11:7 • undefined_function
  error • The function 'PluginTest' isn't defined • flutter/dev/devicelab/bin/tasks/plugin_test_ios.dart:13:7 • undefined_function
  error • The function 'PluginTest' isn't defined • flutter/dev/devicelab/bin/tasks/plugin_test_ios.dart:17:7 • undefined_function
  error • The function 'PluginTest' isn't defined • flutter/dev/devicelab/bin/tasks/plugin_test_ios.dart:19:7 • undefined_function
  error • The function 'PluginTest' isn't defined • flutter/dev/devicelab/bin/tasks/plugin_test_ios.dart:21:7 • undefined_function
  error • Target of URI doesn't exist: 'package:flutter_devicelab/framework/framework.dart' • flutter/dev/devicelab/bin/tasks/plugin_test_linux.dart:5:8 • uri_does_not_exist
  error • Target of URI doesn't exist: 'package:flutter_devicelab/tasks/plugin_tests.dart' • flutter/dev/devicelab/bin/tasks/plugin_test_linux.dart:6:8 • uri_does_not_exist
  error • The function 'task' isn't defined • flutter/dev/devicelab/bin/tasks/plugin_test_linux.dart:9:9 • undefined_function
  error • The function 'combine' isn't defined • flutter/dev/devicelab/bin/tasks/plugin_test_linux.dart:10:5 • undefined_function
  error • The name 'TaskFunction' isn't a type, so it can't be used as a type argument • flutter/dev/devicelab/bin/tasks/plugin_test_linux.dart:10:14 • non_type_as_type_argument
  error • The function 'PluginTest' isn't defined • flutter/dev/devicelab/bin/tasks/plugin_test_linux.dart:11:7 • undefined_function
  error • The function 'PluginTest' isn't defined • flutter/dev/devicelab/bin/tasks/plugin_test_linux.dart:13:7 • undefined_function
  error • The function 'PluginTest' isn't defined • flutter/dev/devicelab/bin/tasks/plugin_test_linux.dart:15:7 • undefined_function
  error • Target of URI doesn't exist: 'package:flutter_devicelab/framework/framework.dart' • flutter/dev/devicelab/bin/tasks/plugin_test_macos.dart:5:8 • uri_does_not_exist
  error • Target of URI doesn't exist: 'package:flutter_devicelab/tasks/plugin_tests.dart' • flutter/dev/devicelab/bin/tasks/plugin_test_macos.dart:6:8 • uri_does_not_exist
  error • The function 'task' isn't defined • flutter/dev/devicelab/bin/tasks/plugin_test_macos.dart:9:9 • undefined_function
  error • The function 'combine' isn't defined • flutter/dev/devicelab/bin/tasks/plugin_test_macos.dart:10:5 • undefined_function
  error • The name 'TaskFunction' isn't a type, so it can't be used as a type argument • flutter/dev/devicelab/bin/tasks/plugin_test_macos.dart:10:14 • non_type_as_type_argument
  error • The function 'PluginTest' isn't defined • flutter/dev/devicelab/bin/tasks/plugin_test_macos.dart:11:7 • undefined_function
  error • The function 'PluginTest' isn't defined • flutter/dev/devicelab/bin/tasks/plugin_test_macos.dart:13:7 • undefined_function
  error • The function 'PluginTest' isn't defined • flutter/dev/devicelab/bin/tasks/plugin_test_macos.dart:15:7 • undefined_function
  error • The function 'PluginTest' isn't defined • flutter/dev/devicelab/bin/tasks/plugin_test_macos.dart:17:7 • undefined_function
  error • Target of URI doesn't exist: 'package:flutter_devicelab/framework/framework.dart' • flutter/dev/devicelab/bin/tasks/plugin_test_windows.dart:5:8 • uri_does_not_exist
  error • Target of URI doesn't exist: 'package:flutter_devicelab/tasks/plugin_tests.dart' • flutter/dev/devicelab/bin/tasks/plugin_test_windows.dart:6:8 • uri_does_not_exist
  error • The function 'task' isn't defined • flutter/dev/devicelab/bin/tasks/plugin_test_windows.dart:9:9 • undefined_function
  error • The function 'combine' isn't defined • flutter/dev/devicelab/bin/tasks/plugin_test_windows.dart:10:5 • undefined_function
  error • The name 'TaskFunction' isn't a type, so it can't be used as a type argument • flutter/dev/devicelab/bin/tasks/plugin_test_windows.dart:10:14 • non_type_as_type_argument
  error • The function 'PluginTest' isn't defined • flutter/dev/devicelab/bin/tasks/plugin_test_windows.dart:11:7 • undefined_function
  error • The function 'PluginTest' isn't defined • flutter/dev/devicelab/bin/tasks/plugin_test_windows.dart:13:7 • undefined_function
  error • The function 'PluginTest' isn't defined • flutter/dev/devicelab/bin/tasks/plugin_test_windows.dart:15:7 • undefined_function
  error • Target of URI doesn't exist: 'package:flutter_devicelab/framework/devices.dart' • flutter/dev/devicelab/bin/tasks/post_backdrop_filter_perf_ios__timeline_summary.dart:5:8 • uri_does_not_exist
  error • Target of URI doesn't exist: 'package:flutter_devicelab/framework/framework.dart' • flutter/dev/devicelab/bin/tasks/post_backdrop_filter_perf_ios__timeline_summary.dart:6:8 • uri_does_not_exist
  error • Target of URI doesn't exist: 'package:flutter_devicelab/tasks/perf_tests.dart' • flutter/dev/devicelab/bin/tasks/post_backdrop_filter_perf_ios__timeline_summary.dart:7:8 • uri_does_not_exist
  error • Undefined name 'deviceOperatingSystem' • flutter/dev/devicelab/bin/tasks/post_backdrop_filter_perf_ios__timeline_summary.dart:10:3 • undefined_identifier
  error • Undefined name 'DeviceOperatingSystem' • flutter/dev/devicelab/bin/tasks/post_backdrop_filter_perf_ios__timeline_summary.dart:10:27 • undefined_identifier
  error • The function 'task' isn't defined • flutter/dev/devicelab/bin/tasks/post_backdrop_filter_perf_ios__timeline_summary.dart:11:9 • undefined_function
  error • The function 'createPostBackdropFilterPerfTest' isn't defined • flutter/dev/devicelab/bin/tasks/post_backdrop_filter_perf_ios__timeline_summary.dart:11:14 • undefined_function
  error • Target of URI doesn't exist: 'package:flutter_devicelab/framework/devices.dart' • flutter/dev/devicelab/bin/tasks/route_test_ios.dart:7:8 • uri_does_not_exist
  error • Target of URI doesn't exist: 'package:flutter_devicelab/framework/framework.dart' • flutter/dev/devicelab/bin/tasks/route_test_ios.dart:8:8 • uri_does_not_exist
  error • Target of URI doesn't exist: 'package:flutter_devicelab/framework/task_result.dart' • flutter/dev/devicelab/bin/tasks/route_test_ios.dart:9:8 • uri_does_not_exist
  error • Target of URI doesn't exist: 'package:flutter_devicelab/framework/utils.dart' • flutter/dev/devicelab/bin/tasks/route_test_ios.dart:10:8 • uri_does_not_exist
  error • The function 'task' isn't defined • flutter/dev/devicelab/bin/tasks/route_test_ios.dart:14:3 • undefined_function
  error • Undefined name 'deviceOperatingSystem' • flutter/dev/devicelab/bin/tasks/route_test_ios.dart:15:5 • undefined_identifier
  error • Undefined name 'DeviceOperatingSystem' • flutter/dev/devicelab/bin/tasks/route_test_ios.dart:15:29 • undefined_identifier
  error • Undefined class 'Device' • flutter/dev/devicelab/bin/tasks/route_test_ios.dart:16:11 • undefined_class
  error • Undefined name 'devices' • flutter/dev/devicelab/bin/tasks/route_test_ios.dart:16:33 • undefined_identifier
  error • The function 'dir' isn't defined • flutter/dev/devicelab/bin/tasks/route_test_ios.dart:18:30 • undefined_function
  error • Undefined name 'flutterDirectory' • flutter/dev/devicelab/bin/tasks/route_test_ios.dart:18:44 • undefined_identifier
  error • The function 'section' isn't defined • flutter/dev/devicelab/bin/tasks/route_test_ios.dart:19:5 • undefined_function
  error • The function 'inDirectory' isn't defined • flutter/dev/devicelab/bin/tasks/route_test_ios.dart:20:11 • undefined_function
  error • The function 'flutter' isn't defined • flutter/dev/devicelab/bin/tasks/route_test_ios.dart:21:14 • undefined_function
  error • Undefined name 'TaskResult' • flutter/dev/devicelab/bin/tasks/route_test_ios.dart:26:12 • undefined_identifier
  error • Target of URI doesn't exist: 'package:flutter_devicelab/framework/devices.dart' • flutter/dev/devicelab/bin/tasks/routing_test.dart:9:8 • uri_does_not_exist
  error • Target of URI doesn't exist: 'package:flutter_devicelab/framework/framework.dart' • flutter/dev/devicelab/bin/tasks/routing_test.dart:10:8 • uri_does_not_exist
  error • Target of URI doesn't exist: 'package:flutter_devicelab/framework/task_result.dart' • flutter/dev/devicelab/bin/tasks/routing_test.dart:11:8 • uri_does_not_exist
  error • Target of URI doesn't exist: 'package:flutter_devicelab/framework/utils.dart' • flutter/dev/devicelab/bin/tasks/routing_test.dart:12:8 • uri_does_not_exist
  error • The function 'task' isn't defined • flutter/dev/devicelab/bin/tasks/routing_test.dart:16:3 • undefined_function
  error • Undefined class 'Device' • flutter/dev/devicelab/bin/tasks/routing_test.dart:19:11 • undefined_class
  error • Undefined name 'devices' • flutter/dev/devicelab/bin/tasks/routing_test.dart:19:33 • undefined_identifier
  error • The function 'dir' isn't defined • flutter/dev/devicelab/bin/tasks/routing_test.dart:21:30 • undefined_function
  error • Undefined name 'flutterDirectory' • flutter/dev/devicelab/bin/tasks/routing_test.dart:21:44 • undefined_identifier
  error • The function 'section' isn't defined • flutter/dev/devicelab/bin/tasks/routing_test.dart:22:5 • undefined_function
  error • The function 'inDirectory' isn't defined • flutter/dev/devicelab/bin/tasks/routing_test.dart:23:11 • undefined_function
  error • The function 'flutter' isn't defined • flutter/dev/devicelab/bin/tasks/routing_test.dart:24:14 • undefined_function
  error • The function 'section' isn't defined • flutter/dev/devicelab/bin/tasks/routing_test.dart:29:5 • undefined_function
  error • The function 'inDirectory' isn't defined • flutter/dev/devicelab/bin/tasks/routing_test.dart:30:11 • undefined_function
  error • The function 'startFlutter' isn't defined • flutter/dev/devicelab/bin/tasks/routing_test.dart:34:33 • undefined_function
  error • The function 'parseServicePort' isn't defined • flutter/dev/devicelab/bin/tasks/routing_test.dart:51:27 • undefined_function
  error • The function 'startFlutter' isn't defined • flutter/dev/devicelab/bin/tasks/routing_test.dart:75:35 • undefined_function
  error • The function 'flutter' isn't defined • flutter/dev/devicelab/bin/tasks/routing_test.dart:96:13 • undefined_function
  error • Undefined name 'TaskResult' • flutter/dev/devicelab/bin/tasks/routing_test.dart:105:12 • undefined_identifier
  error • Target of URI doesn't exist: 'package:flutter_devicelab/framework/devices.dart' • flutter/dev/devicelab/bin/tasks/rrect_blur_perf__timeline_summary.dart:7:8 • uri_does_not_exist
  error • Target of URI doesn't exist: 'package:flutter_devicelab/framework/framework.dart' • flutter/dev/devicelab/bin/tasks/rrect_blur_perf__timeline_summary.dart:8:8 • uri_does_not_exist
  error • Target of URI doesn't exist: 'package:flutter_devicelab/tasks/perf_tests.dart' • flutter/dev/devicelab/bin/tasks/rrect_blur_perf__timeline_summary.dart:9:8 • uri_does_not_exist
  error • Undefined name 'deviceOperatingSystem' • flutter/dev/devicelab/bin/tasks/rrect_blur_perf__timeline_summary.dart:12:3 • undefined_identifier
  error • Undefined name 'DeviceOperatingSystem' • flutter/dev/devicelab/bin/tasks/rrect_blur_perf__timeline_summary.dart:12:27 • undefined_identifier
  error • The function 'task' isn't defined • flutter/dev/devicelab/bin/tasks/rrect_blur_perf__timeline_summary.dart:13:9 • undefined_function
  error • The function 'createRRectBlurPerfTest' isn't defined • flutter/dev/devicelab/bin/tasks/rrect_blur_perf__timeline_summary.dart:13:14 • undefined_function
  error • Target of URI doesn't exist: 'package:flutter_devicelab/framework/devices.dart' • flutter/dev/devicelab/bin/tasks/rrect_blur_perf_ios__timeline_summary.dart:7:8 • uri_does_not_exist
  error • Target of URI doesn't exist: 'package:flutter_devicelab/framework/framework.dart' • flutter/dev/devicelab/bin/tasks/rrect_blur_perf_ios__timeline_summary.dart:8:8 • uri_does_not_exist
  error • Target of URI doesn't exist: 'package:flutter_devicelab/tasks/perf_tests.dart' • flutter/dev/devicelab/bin/tasks/rrect_blur_perf_ios__timeline_summary.dart:9:8 • uri_does_not_exist
  error • Undefined name 'deviceOperatingSystem' • flutter/dev/devicelab/bin/tasks/rrect_blur_perf_ios__timeline_summary.dart:12:3 • undefined_identifier
  error • Undefined name 'DeviceOperatingSystem' • flutter/dev/devicelab/bin/tasks/rrect_blur_perf_ios__timeline_summary.dart:12:27 • undefined_identifier
  error • The function 'task' isn't defined • flutter/dev/devicelab/bin/tasks/rrect_blur_perf_ios__timeline_summary.dart:13:9 • undefined_function
  error • The function 'createRRectBlurPerfTest' isn't defined • flutter/dev/devicelab/bin/tasks/rrect_blur_perf_ios__timeline_summary.dart:13:14 • undefined_function
  error • Target of URI doesn't exist: 'package:flutter_devicelab/framework/framework.dart' • flutter/dev/devicelab/bin/tasks/run_debug_test_android.dart:5:8 • uri_does_not_exist
  error • Target of URI doesn't exist: 'package:flutter_devicelab/tasks/run_tests.dart' • flutter/dev/devicelab/bin/tasks/run_debug_test_android.dart:6:8 • uri_does_not_exist
  error • The function 'task' isn't defined • flutter/dev/devicelab/bin/tasks/run_debug_test_android.dart:9:3 • undefined_function
  error • The function 'createAndroidRunDebugTest' isn't defined • flutter/dev/devicelab/bin/tasks/run_debug_test_android.dart:9:8 • undefined_function
  error • Target of URI doesn't exist: 'package:flutter_devicelab/framework/devices.dart' • flutter/dev/devicelab/bin/tasks/run_debug_test_linux.dart:5:8 • uri_does_not_exist
  error • Target of URI doesn't exist: 'package:flutter_devicelab/framework/framework.dart' • flutter/dev/devicelab/bin/tasks/run_debug_test_linux.dart:6:8 • uri_does_not_exist
  error • Target of URI doesn't exist: 'package:flutter_devicelab/tasks/run_tests.dart' • flutter/dev/devicelab/bin/tasks/run_debug_test_linux.dart:7:8 • uri_does_not_exist
  error • Undefined name 'deviceOperatingSystem' • flutter/dev/devicelab/bin/tasks/run_debug_test_linux.dart:10:3 • undefined_identifier
  error • Undefined name 'DeviceOperatingSystem' • flutter/dev/devicelab/bin/tasks/run_debug_test_linux.dart:10:27 • undefined_identifier
  error • The function 'task' isn't defined • flutter/dev/devicelab/bin/tasks/run_debug_test_linux.dart:11:9 • undefined_function
  error • The function 'createLinuxRunDebugTest' isn't defined • flutter/dev/devicelab/bin/tasks/run_debug_test_linux.dart:11:14 • undefined_function
  error • Target of URI doesn't exist: 'package:flutter_devicelab/framework/devices.dart' • flutter/dev/devicelab/bin/tasks/run_debug_test_macos.dart:5:8 • uri_does_not_exist
  error • Target of URI doesn't exist: 'package:flutter_devicelab/framework/framework.dart' • flutter/dev/devicelab/bin/tasks/run_debug_test_macos.dart:6:8 • uri_does_not_exist
  error • Target of URI doesn't exist: 'package:flutter_devicelab/tasks/run_tests.dart' • flutter/dev/devicelab/bin/tasks/run_debug_test_macos.dart:7:8 • uri_does_not_exist
  error • Undefined name 'deviceOperatingSystem' • flutter/dev/devicelab/bin/tasks/run_debug_test_macos.dart:10:3 • undefined_identifier
  error • Undefined name 'DeviceOperatingSystem' • flutter/dev/devicelab/bin/tasks/run_debug_test_macos.dart:10:27 • undefined_identifier
  error • The function 'task' isn't defined • flutter/dev/devicelab/bin/tasks/run_debug_test_macos.dart:11:3 • undefined_function
  error • The function 'createMacOSRunDebugTest' isn't defined • flutter/dev/devicelab/bin/tasks/run_debug_test_macos.dart:11:8 • undefined_function
  error • Target of URI doesn't exist: 'package:flutter_devicelab/framework/devices.dart' • flutter/dev/devicelab/bin/tasks/run_debug_test_windows.dart:5:8 • uri_does_not_exist
  error • Target of URI doesn't exist: 'package:flutter_devicelab/framework/framework.dart' • flutter/dev/devicelab/bin/tasks/run_debug_test_windows.dart:6:8 • uri_does_not_exist
  error • Target of URI doesn't exist: 'package:flutter_devicelab/tasks/run_tests.dart' • flutter/dev/devicelab/bin/tasks/run_debug_test_windows.dart:7:8 • uri_does_not_exist
  error • Undefined name 'deviceOperatingSystem' • flutter/dev/devicelab/bin/tasks/run_debug_test_windows.dart:10:3 • undefined_identifier
  error • Undefined name 'DeviceOperatingSystem' • flutter/dev/devicelab/bin/tasks/run_debug_test_windows.dart:10:27 • undefined_identifier
  error • The function 'task' isn't defined • flutter/dev/devicelab/bin/tasks/run_debug_test_windows.dart:11:9 • undefined_function
  error • The function 'createWindowsRunDebugTest' isn't defined • flutter/dev/devicelab/bin/tasks/run_debug_test_windows.dart:11:14 • undefined_function
  error • Target of URI doesn't exist: 'package:flutter_devicelab/framework/framework.dart' • flutter/dev/devicelab/bin/tasks/run_release_test.dart:5:8 • uri_does_not_exist
  error • Target of URI doesn't exist: 'package:flutter_devicelab/tasks/run_tests.dart' • flutter/dev/devicelab/bin/tasks/run_release_test.dart:6:8 • uri_does_not_exist
  error • The function 'task' isn't defined • flutter/dev/devicelab/bin/tasks/run_release_test.dart:9:3 • undefined_function
  error • The function 'createAndroidRunReleaseTest' isn't defined • flutter/dev/devicelab/bin/tasks/run_release_test.dart:9:8 • undefined_function
  error • Target of URI doesn't exist: 'package:flutter_devicelab/framework/devices.dart' • flutter/dev/devicelab/bin/tasks/run_release_test_linux.dart:5:8 • uri_does_not_exist
  error • Target of URI doesn't exist: 'package:flutter_devicelab/framework/framework.dart' • flutter/dev/devicelab/bin/tasks/run_release_test_linux.dart:6:8 • uri_does_not_exist
  error • Target of URI doesn't exist: 'package:flutter_devicelab/tasks/run_tests.dart' • flutter/dev/devicelab/bin/tasks/run_release_test_linux.dart:7:8 • uri_does_not_exist
  error • Undefined name 'deviceOperatingSystem' • flutter/dev/devicelab/bin/tasks/run_release_test_linux.dart:10:3 • undefined_identifier
  error • Undefined name 'DeviceOperatingSystem' • flutter/dev/devicelab/bin/tasks/run_release_test_linux.dart:10:27 • undefined_identifier
  error • The function 'task' isn't defined • flutter/dev/devicelab/bin/tasks/run_release_test_linux.dart:11:9 • undefined_function
  error • The function 'createLinuxRunReleaseTest' isn't defined • flutter/dev/devicelab/bin/tasks/run_release_test_linux.dart:11:14 • undefined_function
  error • Target of URI doesn't exist: 'package:flutter_devicelab/framework/devices.dart' • flutter/dev/devicelab/bin/tasks/run_release_test_macos.dart:5:8 • uri_does_not_exist
  error • Target of URI doesn't exist: 'package:flutter_devicelab/framework/framework.dart' • flutter/dev/devicelab/bin/tasks/run_release_test_macos.dart:6:8 • uri_does_not_exist
  error • Target of URI doesn't exist: 'package:flutter_devicelab/tasks/run_tests.dart' • flutter/dev/devicelab/bin/tasks/run_release_test_macos.dart:7:8 • uri_does_not_exist
  error • Undefined name 'deviceOperatingSystem' • flutter/dev/devicelab/bin/tasks/run_release_test_macos.dart:11:3 • undefined_identifier
  error • Undefined name 'DeviceOperatingSystem' • flutter/dev/devicelab/bin/tasks/run_release_test_macos.dart:11:27 • undefined_identifier
  error • The function 'task' isn't defined • flutter/dev/devicelab/bin/tasks/run_release_test_macos.dart:12:3 • undefined_function
  error • The function 'createMacOSRunReleaseTest' isn't defined • flutter/dev/devicelab/bin/tasks/run_release_test_macos.dart:12:8 • undefined_function
  error • Target of URI doesn't exist: 'package:flutter_devicelab/framework/devices.dart' • flutter/dev/devicelab/bin/tasks/run_release_test_windows.dart:5:8 • uri_does_not_exist
  error • Target of URI doesn't exist: 'package:flutter_devicelab/framework/framework.dart' • flutter/dev/devicelab/bin/tasks/run_release_test_windows.dart:6:8 • uri_does_not_exist
  error • Target of URI doesn't exist: 'package:flutter_devicelab/tasks/run_tests.dart' • flutter/dev/devicelab/bin/tasks/run_release_test_windows.dart:7:8 • uri_does_not_exist
  error • Undefined name 'deviceOperatingSystem' • flutter/dev/devicelab/bin/tasks/run_release_test_windows.dart:10:3 • undefined_identifier
  error • Undefined name 'DeviceOperatingSystem' • flutter/dev/devicelab/bin/tasks/run_release_test_windows.dart:10:27 • undefined_identifier
  error • The function 'task' isn't defined • flutter/dev/devicelab/bin/tasks/run_release_test_windows.dart:11:9 • undefined_function
  error • The function 'createWindowsRunReleaseTest' isn't defined • flutter/dev/devicelab/bin/tasks/run_release_test_windows.dart:11:14 • undefined_function
  error • Target of URI doesn't exist: 'package:flutter_devicelab/framework/devices.dart' • flutter/dev/devicelab/bin/tasks/service_extensions_test.dart:9:8 • uri_does_not_exist
  error • Target of URI doesn't exist: 'package:flutter_devicelab/framework/framework.dart' • flutter/dev/devicelab/bin/tasks/service_extensions_test.dart:10:8 • uri_does_not_exist
  error • Target of URI doesn't exist: 'package:flutter_devicelab/framework/task_result.dart' • flutter/dev/devicelab/bin/tasks/service_extensions_test.dart:11:8 • uri_does_not_exist
  error • Target of URI doesn't exist: 'package:flutter_devicelab/framework/utils.dart' • flutter/dev/devicelab/bin/tasks/service_extensions_test.dart:12:8 • uri_does_not_exist
  error • The function 'task' isn't defined • flutter/dev/devicelab/bin/tasks/service_extensions_test.dart:18:3 • undefined_function
  error • Undefined class 'Device' • flutter/dev/devicelab/bin/tasks/service_extensions_test.dart:21:11 • undefined_class
  error • Undefined name 'devices' • flutter/dev/devicelab/bin/tasks/service_extensions_test.dart:21:33 • undefined_identifier
  error • The function 'dir' isn't defined • flutter/dev/devicelab/bin/tasks/service_extensions_test.dart:23:30 • undefined_function
  error • Undefined name 'flutterDirectory' • flutter/dev/devicelab/bin/tasks/service_extensions_test.dart:23:44 • undefined_identifier
  error • The function 'inDirectory' isn't defined • flutter/dev/devicelab/bin/tasks/service_extensions_test.dart:24:11 • undefined_function
  error • The function 'startFlutter' isn't defined • flutter/dev/devicelab/bin/tasks/service_extensions_test.dart:28:33 • undefined_function
  error • The function 'parseServicePort' isn't defined • flutter/dev/devicelab/bin/tasks/service_extensions_test.dart:43:27 • undefined_function
  error • Undefined name 'TaskResult' • flutter/dev/devicelab/bin/tasks/service_extensions_test.dart:131:12 • undefined_identifier
  error • Target of URI doesn't exist: 'package:flutter_devicelab/framework/devices.dart' • flutter/dev/devicelab/bin/tasks/shader_mask_cache_perf__e2e_summary.dart:7:8 • uri_does_not_exist
  error • Target of URI doesn't exist: 'package:flutter_devicelab/framework/framework.dart' • flutter/dev/devicelab/bin/tasks/shader_mask_cache_perf__e2e_summary.dart:8:8 • uri_does_not_exist
  error • Target of URI doesn't exist: 'package:flutter_devicelab/tasks/perf_tests.dart' • flutter/dev/devicelab/bin/tasks/shader_mask_cache_perf__e2e_summary.dart:9:8 • uri_does_not_exist
  error • Undefined name 'deviceOperatingSystem' • flutter/dev/devicelab/bin/tasks/shader_mask_cache_perf__e2e_summary.dart:12:3 • undefined_identifier
  error • Undefined name 'DeviceOperatingSystem' • flutter/dev/devicelab/bin/tasks/shader_mask_cache_perf__e2e_summary.dart:12:27 • undefined_identifier
  error • The function 'task' isn't defined • flutter/dev/devicelab/bin/tasks/shader_mask_cache_perf__e2e_summary.dart:13:9 • undefined_function
  error • The function 'createShaderMaskCachePerfE2ETest' isn't defined • flutter/dev/devicelab/bin/tasks/shader_mask_cache_perf__e2e_summary.dart:13:14 • undefined_function
  error • Target of URI doesn't exist: 'package:flutter_devicelab/framework/devices.dart' • flutter/dev/devicelab/bin/tasks/simple_animation_perf_ios.dart:5:8 • uri_does_not_exist
  error • Target of URI doesn't exist: 'package:flutter_devicelab/framework/framework.dart' • flutter/dev/devicelab/bin/tasks/simple_animation_perf_ios.dart:6:8 • uri_does_not_exist
  error • Target of URI doesn't exist: 'package:flutter_devicelab/tasks/perf_tests.dart' • flutter/dev/devicelab/bin/tasks/simple_animation_perf_ios.dart:7:8 • uri_does_not_exist
  error • Undefined name 'deviceOperatingSystem' • flutter/dev/devicelab/bin/tasks/simple_animation_perf_ios.dart:10:3 • undefined_identifier
  error • Undefined name 'DeviceOperatingSystem' • flutter/dev/devicelab/bin/tasks/simple_animation_perf_ios.dart:10:27 • undefined_identifier
  error • The function 'task' isn't defined • flutter/dev/devicelab/bin/tasks/simple_animation_perf_ios.dart:11:9 • undefined_function
  error • The function 'createSimpleAnimationPerfTest' isn't defined • flutter/dev/devicelab/bin/tasks/simple_animation_perf_ios.dart:11:14 • undefined_function
  error • Target of URI doesn't exist: 'package:flutter_devicelab/framework/devices.dart' • flutter/dev/devicelab/bin/tasks/slider_perf_android.dart:7:8 • uri_does_not_exist
  error • Target of URI doesn't exist: 'package:flutter_devicelab/framework/framework.dart' • flutter/dev/devicelab/bin/tasks/slider_perf_android.dart:8:8 • uri_does_not_exist
  error • Target of URI doesn't exist: 'package:flutter_devicelab/tasks/perf_tests.dart' • flutter/dev/devicelab/bin/tasks/slider_perf_android.dart:9:8 • uri_does_not_exist
  error • Undefined name 'deviceOperatingSystem' • flutter/dev/devicelab/bin/tasks/slider_perf_android.dart:12:3 • undefined_identifier
  error • Undefined name 'DeviceOperatingSystem' • flutter/dev/devicelab/bin/tasks/slider_perf_android.dart:12:27 • undefined_identifier
  error • The function 'task' isn't defined • flutter/dev/devicelab/bin/tasks/slider_perf_android.dart:13:9 • undefined_function
  error • The function 'createSlidersPerfTest' isn't defined • flutter/dev/devicelab/bin/tasks/slider_perf_android.dart:13:14 • undefined_function
  error • Target of URI doesn't exist: 'package:flutter_devicelab/framework/devices.dart' • flutter/dev/devicelab/bin/tasks/smoke_test_build_test.dart:5:8 • uri_does_not_exist
  error • Target of URI doesn't exist: 'package:flutter_devicelab/framework/framework.dart' • flutter/dev/devicelab/bin/tasks/smoke_test_build_test.dart:6:8 • uri_does_not_exist
  error • Target of URI doesn't exist: 'package:flutter_devicelab/framework/task_result.dart' • flutter/dev/devicelab/bin/tasks/smoke_test_build_test.dart:7:8 • uri_does_not_exist
  error • Target of URI doesn't exist: 'package:flutter_devicelab/tasks/build_test_task.dart' • flutter/dev/devicelab/bin/tasks/smoke_test_build_test.dart:8:8 • uri_does_not_exist
  error • Undefined name 'deviceOperatingSystem' • flutter/dev/devicelab/bin/tasks/smoke_test_build_test.dart:12:3 • undefined_identifier
  error • Undefined name 'DeviceOperatingSystem' • flutter/dev/devicelab/bin/tasks/smoke_test_build_test.dart:12:27 • undefined_identifier
  error • The function 'task' isn't defined • flutter/dev/devicelab/bin/tasks/smoke_test_build_test.dart:13:9 • undefined_function
  error • The getter 'call' isn't defined for the type 'FakeBuildTestTask' • flutter/dev/devicelab/bin/tasks/smoke_test_build_test.dart:13:38 • undefined_getter
  error • Classes can only extend other classes • flutter/dev/devicelab/bin/tasks/smoke_test_build_test.dart:16:33 • extends_non_class
  error • No associated positional super constructor parameter • flutter/dev/devicelab/bin/tasks/smoke_test_build_test.dart:17:27 • super_formal_parameter_without_associated_positional
  error • The named parameter 'runFlutterClean' isn't defined • flutter/dev/devicelab/bin/tasks/smoke_test_build_test.dart:17:41 • undefined_named_parameter
  error • Undefined name 'deviceOperatingSystem' • flutter/dev/devicelab/bin/tasks/smoke_test_build_test.dart:18:5 • undefined_identifier
  error • Undefined name 'DeviceOperatingSystem' • flutter/dev/devicelab/bin/tasks/smoke_test_build_test.dart:18:29 • undefined_identifier
   info • Unreachable member 'build' in an executable library • flutter/dev/devicelab/bin/tasks/smoke_test_build_test.dart:24:16 • unreachable_from_main
warning • The method doesn't override an inherited method • flutter/dev/devicelab/bin/tasks/smoke_test_build_test.dart:24:16 • override_on_non_overriding_member
  error • The name 'TaskResult' isn't a type, so it can't be used as a type argument • flutter/dev/devicelab/bin/tasks/smoke_test_build_test.dart:27:10 • non_type_as_type_argument
   info • Unreachable member 'test' in an executable library • flutter/dev/devicelab/bin/tasks/smoke_test_build_test.dart:27:22 • unreachable_from_main
warning • The method doesn't override an inherited method • flutter/dev/devicelab/bin/tasks/smoke_test_build_test.dart:27:22 • override_on_non_overriding_member
  error • Undefined name 'TaskResult' • flutter/dev/devicelab/bin/tasks/smoke_test_build_test.dart:29:12 • undefined_identifier
  error • Target of URI doesn't exist: 'package:flutter_devicelab/framework/devices.dart' • flutter/dev/devicelab/bin/tasks/smoke_test_device.dart:5:8 • uri_does_not_exist
  error • Target of URI doesn't exist: 'package:flutter_devicelab/framework/framework.dart' • flutter/dev/devicelab/bin/tasks/smoke_test_device.dart:6:8 • uri_does_not_exist
  error • Target of URI doesn't exist: 'package:flutter_devicelab/framework/task_result.dart' • flutter/dev/devicelab/bin/tasks/smoke_test_device.dart:7:8 • uri_does_not_exist
  error • Undefined name 'deviceOperatingSystem' • flutter/dev/devicelab/bin/tasks/smoke_test_device.dart:11:3 • undefined_identifier
  error • Undefined name 'DeviceOperatingSystem' • flutter/dev/devicelab/bin/tasks/smoke_test_device.dart:11:27 • undefined_identifier
  error • The function 'task' isn't defined • flutter/dev/devicelab/bin/tasks/smoke_test_device.dart:12:9 • undefined_function
  error • Undefined class 'Device' • flutter/dev/devicelab/bin/tasks/smoke_test_device.dart:13:11 • undefined_class
  error • Undefined name 'devices' • flutter/dev/devicelab/bin/tasks/smoke_test_device.dart:13:33 • undefined_identifier
  error • Undefined name 'TaskResult' • flutter/dev/devicelab/bin/tasks/smoke_test_device.dart:15:14 • undefined_identifier
  error • Undefined name 'TaskResult' • flutter/dev/devicelab/bin/tasks/smoke_test_device.dart:20:14 • undefined_identifier
  error • Target of URI doesn't exist: 'package:flutter_devicelab/framework/framework.dart' • flutter/dev/devicelab/bin/tasks/smoke_test_failure.dart:5:8 • uri_does_not_exist
  error • Target of URI doesn't exist: 'package:flutter_devicelab/framework/task_result.dart' • flutter/dev/devicelab/bin/tasks/smoke_test_failure.dart:6:8 • uri_does_not_exist
  error • The function 'task' isn't defined • flutter/dev/devicelab/bin/tasks/smoke_test_failure.dart:10:9 • undefined_function
  error • Undefined name 'TaskResult' • flutter/dev/devicelab/bin/tasks/smoke_test_failure.dart:11:12 • undefined_identifier
  error • Target of URI doesn't exist: 'package:flutter_devicelab/framework/framework.dart' • flutter/dev/devicelab/bin/tasks/smoke_test_success.dart:5:8 • uri_does_not_exist
  error • Target of URI doesn't exist: 'package:flutter_devicelab/framework/task_result.dart' • flutter/dev/devicelab/bin/tasks/smoke_test_success.dart:6:8 • uri_does_not_exist
  error • The function 'task' isn't defined • flutter/dev/devicelab/bin/tasks/smoke_test_success.dart:10:9 • undefined_function
  error • Undefined name 'TaskResult' • flutter/dev/devicelab/bin/tasks/smoke_test_success.dart:11:12 • undefined_identifier
  error • Target of URI doesn't exist: 'package:flutter_devicelab/framework/framework.dart' • flutter/dev/devicelab/bin/tasks/smoke_test_throws.dart:5:8 • uri_does_not_exist
  error • The function 'task' isn't defined • flutter/dev/devicelab/bin/tasks/smoke_test_throws.dart:9:9 • undefined_function
  error • Target of URI doesn't exist: 'package:flutter_devicelab/framework/devices.dart' • flutter/dev/devicelab/bin/tasks/spell_check_test.dart:5:8 • uri_does_not_exist
  error • Target of URI doesn't exist: 'package:flutter_devicelab/framework/framework.dart' • flutter/dev/devicelab/bin/tasks/spell_check_test.dart:6:8 • uri_does_not_exist
  error • Target of URI doesn't exist: 'package:flutter_devicelab/tasks/integration_tests.dart' • flutter/dev/devicelab/bin/tasks/spell_check_test.dart:7:8 • uri_does_not_exist
  error • Undefined name 'deviceOperatingSystem' • flutter/dev/devicelab/bin/tasks/spell_check_test.dart:10:3 • undefined_identifier
  error • Undefined name 'DeviceOperatingSystem' • flutter/dev/devicelab/bin/tasks/spell_check_test.dart:10:27 • undefined_identifier
  error • The function 'task' isn't defined • flutter/dev/devicelab/bin/tasks/spell_check_test.dart:11:9 • undefined_function
  error • The function 'createSpellCheckIntegrationTest' isn't defined • flutter/dev/devicelab/bin/tasks/spell_check_test.dart:11:14 • undefined_function
  error • Target of URI doesn't exist: 'package:flutter_devicelab/framework/devices.dart' • flutter/dev/devicelab/bin/tasks/spell_check_test_ios.dart:5:8 • uri_does_not_exist
  error • Target of URI doesn't exist: 'package:flutter_devicelab/framework/framework.dart' • flutter/dev/devicelab/bin/tasks/spell_check_test_ios.dart:6:8 • uri_does_not_exist
  error • Target of URI doesn't exist: 'package:flutter_devicelab/tasks/integration_tests.dart' • flutter/dev/devicelab/bin/tasks/spell_check_test_ios.dart:7:8 • uri_does_not_exist
  error • Undefined name 'deviceOperatingSystem' • flutter/dev/devicelab/bin/tasks/spell_check_test_ios.dart:10:3 • undefined_identifier
  error • Undefined name 'DeviceOperatingSystem' • flutter/dev/devicelab/bin/tasks/spell_check_test_ios.dart:10:27 • undefined_identifier
  error • The function 'task' isn't defined • flutter/dev/devicelab/bin/tasks/spell_check_test_ios.dart:11:9 • undefined_function
  error • The function 'createSpellCheckIntegrationTest' isn't defined • flutter/dev/devicelab/bin/tasks/spell_check_test_ios.dart:11:14 • undefined_function
  error • Target of URI doesn't exist: 'package:flutter_devicelab/framework/devices.dart' • flutter/dev/devicelab/bin/tasks/static_path_stroke_tessellation_perf__timeline_summary.dart:7:8 • uri_does_not_exist
  error • Target of URI doesn't exist: 'package:flutter_devicelab/framework/framework.dart' • flutter/dev/devicelab/bin/tasks/static_path_stroke_tessellation_perf__timeline_summary.dart:8:8 • uri_does_not_exist
  error • Target of URI doesn't exist: 'package:flutter_devicelab/tasks/perf_tests.dart' • flutter/dev/devicelab/bin/tasks/static_path_stroke_tessellation_perf__timeline_summary.dart:9:8 • uri_does_not_exist
  error • Undefined name 'deviceOperatingSystem' • flutter/dev/devicelab/bin/tasks/static_path_stroke_tessellation_perf__timeline_summary.dart:12:3 • undefined_identifier
  error • Undefined name 'DeviceOperatingSystem' • flutter/dev/devicelab/bin/tasks/static_path_stroke_tessellation_perf__timeline_summary.dart:12:27 • undefined_identifier
  error • The function 'task' isn't defined • flutter/dev/devicelab/bin/tasks/static_path_stroke_tessellation_perf__timeline_summary.dart:13:9 • undefined_function
  error • The function 'createPathStrokeTessellationStaticPerfTest' isn't defined • flutter/dev/devicelab/bin/tasks/static_path_stroke_tessellation_perf__timeline_summary.dart:13:14 • undefined_function
  error • Target of URI doesn't exist: 'package:flutter_devicelab/framework/devices.dart' • flutter/dev/devicelab/bin/tasks/static_path_stroke_tessellation_perf_ios__timeline_summary.dart:7:8 • uri_does_not_exist
  error • Target of URI doesn't exist: 'package:flutter_devicelab/framework/framework.dart' • flutter/dev/devicelab/bin/tasks/static_path_stroke_tessellation_perf_ios__timeline_summary.dart:8:8 • uri_does_not_exist
  error • Target of URI doesn't exist: 'package:flutter_devicelab/tasks/perf_tests.dart' • flutter/dev/devicelab/bin/tasks/static_path_stroke_tessellation_perf_ios__timeline_summary.dart:9:8 • uri_does_not_exist
  error • Undefined name 'deviceOperatingSystem' • flutter/dev/devicelab/bin/tasks/static_path_stroke_tessellation_perf_ios__timeline_summary.dart:12:3 • undefined_identifier
  error • Undefined name 'DeviceOperatingSystem' • flutter/dev/devicelab/bin/tasks/static_path_stroke_tessellation_perf_ios__timeline_summary.dart:12:27 • undefined_identifier
  error • The function 'task' isn't defined • flutter/dev/devicelab/bin/tasks/static_path_stroke_tessellation_perf_ios__timeline_summary.dart:13:9 • undefined_function
  error • The function 'createPathStrokeTessellationStaticPerfTest' isn't defined • flutter/dev/devicelab/bin/tasks/static_path_stroke_tessellation_perf_ios__timeline_summary.dart:13:14 • undefined_function
  error • Target of URI doesn't exist: 'package:flutter_devicelab/framework/devices.dart' • flutter/dev/devicelab/bin/tasks/static_path_tessellation_perf__timeline_summary.dart:7:8 • uri_does_not_exist
  error • Target of URI doesn't exist: 'package:flutter_devicelab/framework/framework.dart' • flutter/dev/devicelab/bin/tasks/static_path_tessellation_perf__timeline_summary.dart:8:8 • uri_does_not_exist
  error • Target of URI doesn't exist: 'package:flutter_devicelab/tasks/perf_tests.dart' • flutter/dev/devicelab/bin/tasks/static_path_tessellation_perf__timeline_summary.dart:9:8 • uri_does_not_exist
  error • Undefined name 'deviceOperatingSystem' • flutter/dev/devicelab/bin/tasks/static_path_tessellation_perf__timeline_summary.dart:12:3 • undefined_identifier
  error • Undefined name 'DeviceOperatingSystem' • flutter/dev/devicelab/bin/tasks/static_path_tessellation_perf__timeline_summary.dart:12:27 • undefined_identifier
  error • The function 'task' isn't defined • flutter/dev/devicelab/bin/tasks/static_path_tessellation_perf__timeline_summary.dart:13:9 • undefined_function
  error • The function 'createPathTessellationStaticPerfTest' isn't defined • flutter/dev/devicelab/bin/tasks/static_path_tessellation_perf__timeline_summary.dart:13:14 • undefined_function
  error • Target of URI doesn't exist: 'package:flutter_devicelab/framework/devices.dart' • flutter/dev/devicelab/bin/tasks/static_path_tessellation_perf_ios__timeline_summary.dart:7:8 • uri_does_not_exist
  error • Target of URI doesn't exist: 'package:flutter_devicelab/framework/framework.dart' • flutter/dev/devicelab/bin/tasks/static_path_tessellation_perf_ios__timeline_summary.dart:8:8 • uri_does_not_exist
  error • Target of URI doesn't exist: 'package:flutter_devicelab/tasks/perf_tests.dart' • flutter/dev/devicelab/bin/tasks/static_path_tessellation_perf_ios__timeline_summary.dart:9:8 • uri_does_not_exist
  error • Undefined name 'deviceOperatingSystem' • flutter/dev/devicelab/bin/tasks/static_path_tessellation_perf_ios__timeline_summary.dart:12:3 • undefined_identifier
  error • Undefined name 'DeviceOperatingSystem' • flutter/dev/devicelab/bin/tasks/static_path_tessellation_perf_ios__timeline_summary.dart:12:27 • undefined_identifier
  error • The function 'task' isn't defined • flutter/dev/devicelab/bin/tasks/static_path_tessellation_perf_ios__timeline_summary.dart:13:9 • undefined_function
  error • The function 'createPathTessellationStaticPerfTest' isn't defined • flutter/dev/devicelab/bin/tasks/static_path_tessellation_perf_ios__timeline_summary.dart:13:14 • undefined_function
  error • Target of URI doesn't exist: 'package:flutter_devicelab/framework/framework.dart' • flutter/dev/devicelab/bin/tasks/technical_debt__cost.dart:8:8 • uri_does_not_exist
  error • Target of URI doesn't exist: 'package:flutter_devicelab/framework/task_result.dart' • flutter/dev/devicelab/bin/tasks/technical_debt__cost.dart:9:8 • uri_does_not_exist
  error • Target of URI doesn't exist: 'package:flutter_devicelab/framework/utils.dart' • flutter/dev/devicelab/bin/tasks/technical_debt__cost.dart:10:8 • uri_does_not_exist
  error • The function 'startProcess' isn't defined • flutter/dev/devicelab/bin/tasks/technical_debt__cost.dart:83:29 • undefined_function
  error • Undefined name 'flutterDirectory' • flutter/dev/devicelab/bin/tasks/technical_debt__cost.dart:88:5 • undefined_identifier
  error • Undefined name 'flutterDirectory' • flutter/dev/devicelab/bin/tasks/technical_debt__cost.dart:89:24 • undefined_identifier
  error • Undefined name 'flutterDirectory' • flutter/dev/devicelab/bin/tasks/technical_debt__cost.dart:93:52 • undefined_identifier
  error • The function 'startProcess' isn't defined • flutter/dev/devicelab/bin/tasks/technical_debt__cost.dart:103:29 • undefined_function
  error • Undefined name 'flutterDirectory' • flutter/dev/devicelab/bin/tasks/technical_debt__cost.dart:106:15 • undefined_identifier
  error • Undefined name 'flutterDirectory' • flutter/dev/devicelab/bin/tasks/technical_debt__cost.dart:107:24 • undefined_identifier
  error • Undefined name 'flutterDirectory' • flutter/dev/devicelab/bin/tasks/technical_debt__cost.dart:111:54 • undefined_identifier
  error • Undefined name 'flutterDirectory' • flutter/dev/devicelab/bin/tasks/technical_debt__cost.dart:124:33 • undefined_identifier
  error • The function 'evalFlutter' isn't defined • flutter/dev/devicelab/bin/tasks/technical_debt__cost.dart:132:35 • undefined_function
  error • The function 'task' isn't defined • flutter/dev/devicelab/bin/tasks/technical_debt__cost.dart:176:9 • undefined_function
  error • Undefined name 'TaskResult' • flutter/dev/devicelab/bin/tasks/technical_debt__cost.dart:177:12 • undefined_identifier
  error • Target of URI doesn't exist: 'package:flutter_devicelab/framework/devices.dart' • flutter/dev/devicelab/bin/tasks/textfield_perf__e2e_summary.dart:7:8 • uri_does_not_exist
  error • Target of URI doesn't exist: 'package:flutter_devicelab/framework/framework.dart' • flutter/dev/devicelab/bin/tasks/textfield_perf__e2e_summary.dart:8:8 • uri_does_not_exist
  error • Target of URI doesn't exist: 'package:flutter_devicelab/tasks/perf_tests.dart' • flutter/dev/devicelab/bin/tasks/textfield_perf__e2e_summary.dart:9:8 • uri_does_not_exist
  error • Undefined name 'deviceOperatingSystem' • flutter/dev/devicelab/bin/tasks/textfield_perf__e2e_summary.dart:12:3 • undefined_identifier
  error • Undefined name 'DeviceOperatingSystem' • flutter/dev/devicelab/bin/tasks/textfield_perf__e2e_summary.dart:12:27 • undefined_identifier
  error • The function 'task' isn't defined • flutter/dev/devicelab/bin/tasks/textfield_perf__e2e_summary.dart:13:9 • undefined_function
  error • The function 'createTextfieldPerfE2ETest' isn't defined • flutter/dev/devicelab/bin/tasks/textfield_perf__e2e_summary.dart:13:14 • undefined_function
  error • Target of URI doesn't exist: 'package:flutter_devicelab/framework/devices.dart' • flutter/dev/devicelab/bin/tasks/textfield_perf__timeline_summary.dart:5:8 • uri_does_not_exist
  error • Target of URI doesn't exist: 'package:flutter_devicelab/framework/framework.dart' • flutter/dev/devicelab/bin/tasks/textfield_perf__timeline_summary.dart:6:8 • uri_does_not_exist
  error • Target of URI doesn't exist: 'package:flutter_devicelab/tasks/perf_tests.dart' • flutter/dev/devicelab/bin/tasks/textfield_perf__timeline_summary.dart:7:8 • uri_does_not_exist
  error • Undefined name 'deviceOperatingSystem' • flutter/dev/devicelab/bin/tasks/textfield_perf__timeline_summary.dart:10:3 • undefined_identifier
  error • Undefined name 'DeviceOperatingSystem' • flutter/dev/devicelab/bin/tasks/textfield_perf__timeline_summary.dart:10:27 • undefined_identifier
  error • The function 'task' isn't defined • flutter/dev/devicelab/bin/tasks/textfield_perf__timeline_summary.dart:11:9 • undefined_function
  error • The function 'createTextfieldPerfTest' isn't defined • flutter/dev/devicelab/bin/tasks/textfield_perf__timeline_summary.dart:11:14 • undefined_function
  error • Target of URI doesn't exist: 'package:flutter_devicelab/framework/devices.dart' • flutter/dev/devicelab/bin/tasks/tiles_scroll_perf__timeline_summary.dart:5:8 • uri_does_not_exist
  error • Target of URI doesn't exist: 'package:flutter_devicelab/framework/framework.dart' • flutter/dev/devicelab/bin/tasks/tiles_scroll_perf__timeline_summary.dart:6:8 • uri_does_not_exist
  error • Target of URI doesn't exist: 'package:flutter_devicelab/tasks/perf_tests.dart' • flutter/dev/devicelab/bin/tasks/tiles_scroll_perf__timeline_summary.dart:7:8 • uri_does_not_exist
  error • Undefined name 'deviceOperatingSystem' • flutter/dev/devicelab/bin/tasks/tiles_scroll_perf__timeline_summary.dart:10:3 • undefined_identifier
  error • Undefined name 'DeviceOperatingSystem' • flutter/dev/devicelab/bin/tasks/tiles_scroll_perf__timeline_summary.dart:10:27 • undefined_identifier
  error • The function 'task' isn't defined • flutter/dev/devicelab/bin/tasks/tiles_scroll_perf__timeline_summary.dart:11:9 • undefined_function
  error • The function 'createTilesScrollPerfTest' isn't defined • flutter/dev/devicelab/bin/tasks/tiles_scroll_perf__timeline_summary.dart:11:14 • undefined_function
  error • Target of URI doesn't exist: 'package:flutter_devicelab/framework/devices.dart' • flutter/dev/devicelab/bin/tasks/tiles_scroll_perf_ios__timeline_summary.dart:5:8 • uri_does_not_exist
  error • Target of URI doesn't exist: 'package:flutter_devicelab/framework/framework.dart' • flutter/dev/devicelab/bin/tasks/tiles_scroll_perf_ios__timeline_summary.dart:6:8 • uri_does_not_exist
  error • Target of URI doesn't exist: 'package:flutter_devicelab/tasks/perf_tests.dart' • flutter/dev/devicelab/bin/tasks/tiles_scroll_perf_ios__timeline_summary.dart:7:8 • uri_does_not_exist
  error • Undefined name 'deviceOperatingSystem' • flutter/dev/devicelab/bin/tasks/tiles_scroll_perf_ios__timeline_summary.dart:10:3 • undefined_identifier
  error • Undefined name 'DeviceOperatingSystem' • flutter/dev/devicelab/bin/tasks/tiles_scroll_perf_ios__timeline_summary.dart:10:27 • undefined_identifier
  error • The function 'task' isn't defined • flutter/dev/devicelab/bin/tasks/tiles_scroll_perf_ios__timeline_summary.dart:11:9 • undefined_function
  error • The function 'createTilesScrollPerfTest' isn't defined • flutter/dev/devicelab/bin/tasks/tiles_scroll_perf_ios__timeline_summary.dart:11:14 • undefined_function
  error • Target of URI doesn't exist: 'package:flutter_devicelab/framework/devices.dart' • flutter/dev/devicelab/bin/tasks/very_long_picture_scrolling_perf__e2e_summary.dart:7:8 • uri_does_not_exist
  error • Target of URI doesn't exist: 'package:flutter_devicelab/framework/framework.dart' • flutter/dev/devicelab/bin/tasks/very_long_picture_scrolling_perf__e2e_summary.dart:8:8 • uri_does_not_exist
  error • Target of URI doesn't exist: 'package:flutter_devicelab/tasks/perf_tests.dart' • flutter/dev/devicelab/bin/tasks/very_long_picture_scrolling_perf__e2e_summary.dart:9:8 • uri_does_not_exist
  error • Undefined name 'deviceOperatingSystem' • flutter/dev/devicelab/bin/tasks/very_long_picture_scrolling_perf__e2e_summary.dart:12:3 • undefined_identifier
  error • Undefined name 'DeviceOperatingSystem' • flutter/dev/devicelab/bin/tasks/very_long_picture_scrolling_perf__e2e_summary.dart:12:27 • undefined_identifier
  error • The function 'task' isn't defined • flutter/dev/devicelab/bin/tasks/very_long_picture_scrolling_perf__e2e_summary.dart:13:9 • undefined_function
  error • The function 'createVeryLongPictureScrollingPerfE2ETest' isn't defined • flutter/dev/devicelab/bin/tasks/very_long_picture_scrolling_perf__e2e_summary.dart:13:14 • undefined_function
  error • Target of URI doesn't exist: 'package:flutter_devicelab/framework/devices.dart' • flutter/dev/devicelab/bin/tasks/very_long_picture_scrolling_perf_ios__e2e_summary.dart:7:8 • uri_does_not_exist
  error • Target of URI doesn't exist: 'package:flutter_devicelab/framework/framework.dart' • flutter/dev/devicelab/bin/tasks/very_long_picture_scrolling_perf_ios__e2e_summary.dart:8:8 • uri_does_not_exist
  error • Target of URI doesn't exist: 'package:flutter_devicelab/tasks/perf_tests.dart' • flutter/dev/devicelab/bin/tasks/very_long_picture_scrolling_perf_ios__e2e_summary.dart:9:8 • uri_does_not_exist
  error • Undefined name 'deviceOperatingSystem' • flutter/dev/devicelab/bin/tasks/very_long_picture_scrolling_perf_ios__e2e_summary.dart:12:3 • undefined_identifier
  error • Undefined name 'DeviceOperatingSystem' • flutter/dev/devicelab/bin/tasks/very_long_picture_scrolling_perf_ios__e2e_summary.dart:12:27 • undefined_identifier
  error • The function 'task' isn't defined • flutter/dev/devicelab/bin/tasks/very_long_picture_scrolling_perf_ios__e2e_summary.dart:13:9 • undefined_function
  error • The function 'createVeryLongPictureScrollingPerfE2ETest' isn't defined • flutter/dev/devicelab/bin/tasks/very_long_picture_scrolling_perf_ios__e2e_summary.dart:13:14 • undefined_function
  error • Target of URI doesn't exist: 'package:flutter_devicelab/framework/framework.dart' • flutter/dev/devicelab/bin/tasks/web_benchmarks_canvaskit.dart:5:8 • uri_does_not_exist
  error • Target of URI doesn't exist: 'package:flutter_devicelab/tasks/web_benchmarks.dart' • flutter/dev/devicelab/bin/tasks/web_benchmarks_canvaskit.dart:6:8 • uri_does_not_exist
   info • Unreachable member 'buildMode' in an executable library • flutter/dev/devicelab/bin/tasks/web_benchmarks_canvaskit.dart:8:14 • unreachable_from_main
  error • The function 'task' isn't defined • flutter/dev/devicelab/bin/tasks/web_benchmarks_canvaskit.dart:12:9 • undefined_function
  error • The function 'runWebBenchmark' isn't defined • flutter/dev/devicelab/bin/tasks/web_benchmarks_canvaskit.dart:13:12 • undefined_function
   info • Unnecessary use of parentheses • flutter/dev/devicelab/bin/tasks/web_benchmarks_canvaskit.dart:13:28 • unnecessary_parenthesis
  error • This requires the 'records' language feature to be enabled • flutter/dev/devicelab/bin/tasks/web_benchmarks_canvaskit.dart:13:28 • experiment_not_enabled
  error • Target of URI doesn't exist: 'package:flutter_devicelab/framework/framework.dart' • flutter/dev/devicelab/bin/tasks/web_benchmarks_ddc.dart:5:8 • uri_does_not_exist
  error • Target of URI doesn't exist: 'package:flutter_devicelab/tasks/web_benchmarks.dart' • flutter/dev/devicelab/bin/tasks/web_benchmarks_ddc.dart:6:8 • uri_does_not_exist
  error • The function 'task' isn't defined • flutter/dev/devicelab/bin/tasks/web_benchmarks_ddc.dart:10:9 • undefined_function
  error • The function 'runWebBenchmark' isn't defined • flutter/dev/devicelab/bin/tasks/web_benchmarks_ddc.dart:11:12 • undefined_function
   info • Unnecessary use of parentheses • flutter/dev/devicelab/bin/tasks/web_benchmarks_ddc.dart:11:28 • unnecessary_parenthesis
  error • This requires the 'records' language feature to be enabled • flutter/dev/devicelab/bin/tasks/web_benchmarks_ddc.dart:11:28 • experiment_not_enabled
  error • Target of URI doesn't exist: 'package:flutter_devicelab/framework/framework.dart' • flutter/dev/devicelab/bin/tasks/web_benchmarks_ddc_hot_reload.dart:5:8 • uri_does_not_exist
  error • Target of URI doesn't exist: 'package:flutter_devicelab/tasks/web_benchmarks.dart' • flutter/dev/devicelab/bin/tasks/web_benchmarks_ddc_hot_reload.dart:6:8 • uri_does_not_exist
  error • The function 'task' isn't defined • flutter/dev/devicelab/bin/tasks/web_benchmarks_ddc_hot_reload.dart:10:9 • undefined_function
  error • The function 'runWebBenchmark' isn't defined • flutter/dev/devicelab/bin/tasks/web_benchmarks_ddc_hot_reload.dart:11:12 • undefined_function
   info • Unnecessary use of parentheses • flutter/dev/devicelab/bin/tasks/web_benchmarks_ddc_hot_reload.dart:11:28 • unnecessary_parenthesis
  error • This requires the 'records' language feature to be enabled • flutter/dev/devicelab/bin/tasks/web_benchmarks_ddc_hot_reload.dart:11:28 • experiment_not_enabled
  error • Target of URI doesn't exist: 'package:flutter_devicelab/framework/framework.dart' • flutter/dev/devicelab/bin/tasks/web_benchmarks_skwasm.dart:5:8 • uri_does_not_exist
  error • Target of URI doesn't exist: 'package:flutter_devicelab/tasks/web_benchmarks.dart' • flutter/dev/devicelab/bin/tasks/web_benchmarks_skwasm.dart:6:8 • uri_does_not_exist
   info • Unreachable member 'buildMode' in an executable library • flutter/dev/devicelab/bin/tasks/web_benchmarks_skwasm.dart:8:14 • unreachable_from_main
  error • The function 'task' isn't defined • flutter/dev/devicelab/bin/tasks/web_benchmarks_skwasm.dart:12:9 • undefined_function
  error • The function 'runWebBenchmark' isn't defined • flutter/dev/devicelab/bin/tasks/web_benchmarks_skwasm.dart:13:12 • undefined_function
   info • Unnecessary use of parentheses • flutter/dev/devicelab/bin/tasks/web_benchmarks_skwasm.dart:13:28 • unnecessary_parenthesis
  error • This requires the 'records' language feature to be enabled • flutter/dev/devicelab/bin/tasks/web_benchmarks_skwasm.dart:13:28 • experiment_not_enabled
  error • Target of URI doesn't exist: 'package:flutter_devicelab/framework/framework.dart' • flutter/dev/devicelab/bin/tasks/web_benchmarks_skwasm_st.dart:5:8 • uri_does_not_exist
  error • Target of URI doesn't exist: 'package:flutter_devicelab/tasks/web_benchmarks.dart' • flutter/dev/devicelab/bin/tasks/web_benchmarks_skwasm_st.dart:6:8 • uri_does_not_exist
   info • Unreachable member 'buildMode' in an executable library • flutter/dev/devicelab/bin/tasks/web_benchmarks_skwasm_st.dart:8:14 • unreachable_from_main
  error • The function 'task' isn't defined • flutter/dev/devicelab/bin/tasks/web_benchmarks_skwasm_st.dart:12:9 • undefined_function
  error • The function 'runWebBenchmark' isn't defined • flutter/dev/devicelab/bin/tasks/web_benchmarks_skwasm_st.dart:13:12 • undefined_function
   info • Unnecessary use of parentheses • flutter/dev/devicelab/bin/tasks/web_benchmarks_skwasm_st.dart:13:28 • unnecessary_parenthesis
  error • This requires the 'records' language feature to be enabled • flutter/dev/devicelab/bin/tasks/web_benchmarks_skwasm_st.dart:13:28 • experiment_not_enabled
  error • Target of URI doesn't exist: 'package:flutter_devicelab/framework/framework.dart' • flutter/dev/devicelab/bin/tasks/web_size__compile_test.dart:5:8 • uri_does_not_exist
  error • Target of URI doesn't exist: 'package:flutter_devicelab/tasks/perf_tests.dart' • flutter/dev/devicelab/bin/tasks/web_size__compile_test.dart:6:8 • uri_does_not_exist
  error • The function 'task' isn't defined • flutter/dev/devicelab/bin/tasks/web_size__compile_test.dart:9:9 • undefined_function
  error • The function 'createWebCompileTest' isn't defined • flutter/dev/devicelab/bin/tasks/web_size__compile_test.dart:9:14 • undefined_function
  error • Target of URI doesn't exist: 'package:flutter_devicelab/framework/devices.dart' • flutter/dev/devicelab/bin/tasks/wide_gamut_ios.dart:5:8 • uri_does_not_exist
  error • Target of URI doesn't exist: 'package:flutter_devicelab/framework/framework.dart' • flutter/dev/devicelab/bin/tasks/wide_gamut_ios.dart:6:8 • uri_does_not_exist
  error • Target of URI doesn't exist: 'package:flutter_devicelab/tasks/integration_tests.dart' • flutter/dev/devicelab/bin/tasks/wide_gamut_ios.dart:7:8 • uri_does_not_exist
  error • Undefined name 'deviceOperatingSystem' • flutter/dev/devicelab/bin/tasks/wide_gamut_ios.dart:10:3 • undefined_identifier
  error • Undefined name 'DeviceOperatingSystem' • flutter/dev/devicelab/bin/tasks/wide_gamut_ios.dart:10:27 • undefined_identifier
  error • The function 'task' isn't defined • flutter/dev/devicelab/bin/tasks/wide_gamut_ios.dart:11:9 • undefined_function
  error • The function 'createWideGamutTest' isn't defined • flutter/dev/devicelab/bin/tasks/wide_gamut_ios.dart:11:14 • undefined_function
  error • Target of URI doesn't exist: 'package:flutter_devicelab/framework/devices.dart' • flutter/dev/devicelab/bin/tasks/windowing_test_windows.dart:5:8 • uri_does_not_exist
  error • Target of URI doesn't exist: 'package:flutter_devicelab/framework/framework.dart' • flutter/dev/devicelab/bin/tasks/windowing_test_windows.dart:6:8 • uri_does_not_exist
  error • Target of URI doesn't exist: 'package:flutter_devicelab/tasks/integration_tests.dart' • flutter/dev/devicelab/bin/tasks/windowing_test_windows.dart:7:8 • uri_does_not_exist
  error • Undefined name 'deviceOperatingSystem' • flutter/dev/devicelab/bin/tasks/windowing_test_windows.dart:10:3 • undefined_identifier
  error • Undefined name 'DeviceOperatingSystem' • flutter/dev/devicelab/bin/tasks/windowing_test_windows.dart:10:27 • undefined_identifier
  error • The function 'task' isn't defined • flutter/dev/devicelab/bin/tasks/windowing_test_windows.dart:11:9 • undefined_function
  error • The function 'createWindowingDriverTest' isn't defined • flutter/dev/devicelab/bin/tasks/windowing_test_windows.dart:11:14 • undefined_function
  error • Target of URI doesn't exist: 'package:flutter_devicelab/framework/framework.dart' • flutter/dev/devicelab/bin/tasks/windows_chrome_dev_mode.dart:5:8 • uri_does_not_exist
  error • Target of URI doesn't exist: 'package:flutter_devicelab/tasks/web_dev_mode_tests.dart' • flutter/dev/devicelab/bin/tasks/windows_chrome_dev_mode.dart:6:8 • uri_does_not_exist
  error • The function 'task' isn't defined • flutter/dev/devicelab/bin/tasks/windows_chrome_dev_mode.dart:9:9 • undefined_function
  error • The function 'createWebDevModeTest' isn't defined • flutter/dev/devicelab/bin/tasks/windows_chrome_dev_mode.dart:9:14 • undefined_function
  error • Target of URI doesn't exist: 'package:flutter_devicelab/framework/devices.dart' • flutter/dev/devicelab/bin/tasks/windows_desktop_impeller.dart:5:8 • uri_does_not_exist
  error • Target of URI doesn't exist: 'package:flutter_devicelab/framework/framework.dart' • flutter/dev/devicelab/bin/tasks/windows_desktop_impeller.dart:6:8 • uri_does_not_exist
  error • Target of URI doesn't exist: 'package:flutter_devicelab/tasks/integration_tests.dart' • flutter/dev/devicelab/bin/tasks/windows_desktop_impeller.dart:7:8 • uri_does_not_exist
  error • Undefined name 'deviceOperatingSystem' • flutter/dev/devicelab/bin/tasks/windows_desktop_impeller.dart:10:3 • undefined_identifier
  error • Undefined name 'DeviceOperatingSystem' • flutter/dev/devicelab/bin/tasks/windows_desktop_impeller.dart:10:27 • undefined_identifier
  error • The function 'task' isn't defined • flutter/dev/devicelab/bin/tasks/windows_desktop_impeller.dart:11:9 • undefined_function
  error • The function 'createSolidColorTest' isn't defined • flutter/dev/devicelab/bin/tasks/windows_desktop_impeller.dart:11:14 • undefined_function
  error • Target of URI doesn't exist: 'package:flutter_devicelab/framework/devices.dart' • flutter/dev/devicelab/bin/tasks/windows_home_scroll_perf__timeline_summary.dart:5:8 • uri_does_not_exist
  error • Target of URI doesn't exist: 'package:flutter_devicelab/framework/framework.dart' • flutter/dev/devicelab/bin/tasks/windows_home_scroll_perf__timeline_summary.dart:6:8 • uri_does_not_exist
  error • Target of URI doesn't exist: 'package:flutter_devicelab/tasks/perf_tests.dart' • flutter/dev/devicelab/bin/tasks/windows_home_scroll_perf__timeline_summary.dart:7:8 • uri_does_not_exist
  error • Undefined name 'deviceOperatingSystem' • flutter/dev/devicelab/bin/tasks/windows_home_scroll_perf__timeline_summary.dart:10:3 • undefined_identifier
  error • Undefined name 'DeviceOperatingSystem' • flutter/dev/devicelab/bin/tasks/windows_home_scroll_perf__timeline_summary.dart:10:27 • undefined_identifier
  error • The function 'task' isn't defined • flutter/dev/devicelab/bin/tasks/windows_home_scroll_perf__timeline_summary.dart:11:9 • undefined_function
  error • The function 'createHomeScrollPerfTest' isn't defined • flutter/dev/devicelab/bin/tasks/windows_home_scroll_perf__timeline_summary.dart:11:14 • undefined_function
  error • Target of URI doesn't exist: 'package:flutter_devicelab/framework/devices.dart' • flutter/dev/devicelab/bin/tasks/windows_startup_test.dart:5:8 • uri_does_not_exist
  error • Target of URI doesn't exist: 'package:flutter_devicelab/framework/framework.dart' • flutter/dev/devicelab/bin/tasks/windows_startup_test.dart:6:8 • uri_does_not_exist
  error • Target of URI doesn't exist: 'package:flutter_devicelab/tasks/integration_tests.dart' • flutter/dev/devicelab/bin/tasks/windows_startup_test.dart:7:8 • uri_does_not_exist
  error • Undefined name 'deviceOperatingSystem' • flutter/dev/devicelab/bin/tasks/windows_startup_test.dart:10:3 • undefined_identifier
  error • Undefined name 'DeviceOperatingSystem' • flutter/dev/devicelab/bin/tasks/windows_startup_test.dart:10:27 • undefined_identifier
  error • The function 'task' isn't defined • flutter/dev/devicelab/bin/tasks/windows_startup_test.dart:11:9 • undefined_function
  error • The function 'createWindowsStartupDriverTest' isn't defined • flutter/dev/devicelab/bin/tasks/windows_startup_test.dart:11:14 • undefined_function
  error • Target of URI doesn't exist: 'package:flutter_devicelab/command/test.dart' • flutter/dev/devicelab/bin/test_runner.dart:10:8 • uri_does_not_exist
  error • Target of URI doesn't exist: 'package:flutter_devicelab/command/upload_metrics.dart' • flutter/dev/devicelab/bin/test_runner.dart:11:8 • uri_does_not_exist
  error • The function 'TestCommand' isn't defined • flutter/dev/devicelab/bin/test_runner.dart:15:20 • undefined_function
  error • The function 'UploadMetricsCommand' isn't defined • flutter/dev/devicelab/bin/test_runner.dart:16:20 • undefined_function
  error • This requires the 'null-aware-elements' language feature to be enabled • flutter/dev/devicelab/lib/framework/ab.dart:92:30 • experiment_not_enabled
  error • Expected to find ';' • flutter/dev/devicelab/lib/framework/ab.dart:120:15 • expected_token
warning • Missing case clause for 'CENTER' • flutter/dev/devicelab/lib/framework/ab.dart:120:17 • missing_enum_constant_in_switch
warning • Missing case clause for 'LEFT' • flutter/dev/devicelab/lib/framework/ab.dart:120:17 • missing_enum_constant_in_switch
warning • Missing case clause for 'RIGHT' • flutter/dev/devicelab/lib/framework/ab.dart:120:17 • missing_enum_constant_in_switch
  error • Expected an identifier • flutter/dev/devicelab/lib/framework/ab.dart:120:17 • missing_identifier
  error • Expected to find 'case' • flutter/dev/devicelab/lib/framework/ab.dart:121:11 • expected_token
   info • Unnecessary empty statement • flutter/dev/devicelab/lib/framework/ab.dart:124:10 • empty_statements
  error • Target of URI doesn't exist: 'package:webkit_inspection_protocol/webkit_inspection_protocol.dart' • flutter/dev/devicelab/lib/framework/browser.dart:11:8 • uri_does_not_exist
  error • Undefined class 'WipConnection' • flutter/dev/devicelab/lib/framework/browser.dart:130:5 • undefined_class
  error • Undefined class 'WipConnection' • flutter/dev/devicelab/lib/framework/browser.dart:151:5 • undefined_class
  error • Undefined class 'WipConnection' • flutter/dev/devicelab/lib/framework/browser.dart:161:9 • undefined_class
  error • The name 'WipEvent' isn't a type, so it can't be used as a type argument • flutter/dev/devicelab/lib/framework/browser.dart:165:22 • non_type_as_type_argument
  error • Undefined class 'WipEvent' • flutter/dev/devicelab/lib/framework/browser.dart:186:69 • undefined_class
  error • The name 'WipConnection' isn't a type, so it can't be used as a type argument • flutter/dev/devicelab/lib/framework/browser.dart:287:8 • non_type_as_type_argument
  error • Undefined class 'ChromeConnection' • flutter/dev/devicelab/lib/framework/browser.dart:290:9 • undefined_class
  error • The function 'ChromeConnection' isn't defined • flutter/dev/devicelab/lib/framework/browser.dart:290:45 • undefined_function
  error • The name 'ChromeTab' isn't a type, so it can't be used as a type argument • flutter/dev/devicelab/lib/framework/browser.dart:291:18 • non_type_as_type_argument
  error • Undefined class 'ChromeTab' • flutter/dev/devicelab/lib/framework/browser.dart:291:78 • undefined_class
  error • Undefined class 'ChromeTab' • flutter/dev/devicelab/lib/framework/browser.dart:294:9 • undefined_class
  error • Undefined class 'WipConnection' • flutter/dev/devicelab/lib/framework/browser.dart:295:9 • undefined_class
  error • Target of URI doesn't exist: 'package:retry/retry.dart' • flutter/dev/devicelab/lib/framework/devices.dart:11:8 • uri_does_not_exist
  error • Expected to find ';' • flutter/dev/devicelab/lib/framework/devices.dart:250:5 • expected_token
warning • Dead code • flutter/dev/devicelab/lib/framework/devices.dart:250:12 • dead_code
warning • Missing case clause for 'arm' • flutter/dev/devicelab/lib/framework/devices.dart:250:12 • missing_enum_constant_in_switch
warning • Missing case clause for 'arm64' • flutter/dev/devicelab/lib/framework/devices.dart:250:12 • missing_enum_constant_in_switch
warning • Missing case clause for 'null' • flutter/dev/devicelab/lib/framework/devices.dart:250:12 • missing_enum_constant_in_switch
  error • Expected an identifier • flutter/dev/devicelab/lib/framework/devices.dart:250:12 • missing_identifier
  error • Expected to find 'case' • flutter/dev/devicelab/lib/framework/devices.dart:251:7 • expected_token
   info • Unnecessary empty statement • flutter/dev/devicelab/lib/framework/devices.dart:254:6 • empty_statements
  error • Undefined class 'RetryOptions' • flutter/dev/devicelab/lib/framework/devices.dart:923:11 • undefined_class
  error • Const variables must be initialized with a constant value • flutter/dev/devicelab/lib/framework/devices.dart:923:39 • const_initialized_with_non_constant_value
  error • The method 'RetryOptions' isn't defined for the type 'AndroidDevice' • flutter/dev/devicelab/lib/framework/devices.dart:923:39 • undefined_method
  error • Target of URI doesn't exist: 'package:process/process.dart' • flutter/dev/devicelab/lib/framework/framework.dart:13:8 • uri_does_not_exist
  error • Undefined class 'ProcessManager' • flutter/dev/devicelab/lib/framework/framework.dart:48:45 • undefined_class
  error • The name 'LocalProcessManager' isn't a class • flutter/dev/devicelab/lib/framework/framework.dart:54:28 • creation_with_non_type
  error • Undefined class 'ProcessManager' • flutter/dev/devicelab/lib/framework/framework.dart:114:9 • undefined_class
  error • Expected to find ';' • flutter/dev/devicelab/lib/framework/ios.dart:75:46 • expected_token
  error • Expected an identifier • flutter/dev/devicelab/lib/framework/ios.dart:75:48 • missing_identifier
  error • Expected to find 'case' • flutter/dev/devicelab/lib/framework/ios.dart:76:5 • expected_token
   info • Unnecessary empty statement • flutter/dev/devicelab/lib/framework/ios.dart:79:4 • empty_statements
  error • Target of URI doesn't exist: 'package:metrics_center/metrics_center.dart' • flutter/dev/devicelab/lib/framework/metrics_center.dart:9:8 • uri_does_not_exist
  error • The name 'FlutterDestination' isn't a type, so it can't be used as a type argument • flutter/dev/devicelab/lib/framework/metrics_center.dart:14:8 • non_type_as_type_argument
  error • Conditions must have a static type of 'bool' • flutter/dev/devicelab/lib/framework/metrics_center.dart:17:7 • non_bool_condition
  error • Expected to find ')' • flutter/dev/devicelab/lib/framework/metrics_center.dart:17:11 • expected_token
  error • Undefined name 'FlutterDestination' • flutter/dev/devicelab/lib/framework/metrics_center.dart:18:12 • undefined_identifier
  error • Undefined name 'path' • flutter/dev/devicelab/lib/framework/metrics_center.dart:19:12 • undefined_identifier
  error • Undefined name 'project' • flutter/dev/devicelab/lib/framework/metrics_center.dart:20:7 • undefined_identifier
  error • Undefined name 'FlutterDestination' • flutter/dev/devicelab/lib/framework/metrics_center.dart:24:10 • undefined_identifier
  error • The name 'MetricPoint' isn't a type, so it can't be used as a type argument • flutter/dev/devicelab/lib/framework/metrics_center.dart:55:6 • non_type_as_type_argument
  error • The name 'MetricPoint' isn't a type, so it can't be used as a type argument • flutter/dev/devicelab/lib/framework/metrics_center.dart:68:14 • non_type_as_type_argument
  error • The name 'MetricPoint' isn't a type, so it can't be used as a type argument • flutter/dev/devicelab/lib/framework/metrics_center.dart:68:43 • non_type_as_type_argument
  error • Undefined name 'kGithubRepoKey' • flutter/dev/devicelab/lib/framework/metrics_center.dart:71:7 • undefined_identifier
  error • Undefined name 'kFlutterFrameworkRepo' • flutter/dev/devicelab/lib/framework/metrics_center.dart:71:23 • undefined_identifier
  error • Undefined name 'kGitRevisionKey' • flutter/dev/devicelab/lib/framework/metrics_center.dart:72:7 • undefined_identifier
  error • Undefined name 'kNameKey' • flutter/dev/devicelab/lib/framework/metrics_center.dart:74:7 • undefined_identifier
  error • Undefined name 'kSubResultKey' • flutter/dev/devicelab/lib/framework/metrics_center.dart:75:7 • undefined_identifier
  error • The function 'MetricPoint' isn't defined • flutter/dev/devicelab/lib/framework/metrics_center.dart:84:22 • undefined_function
  error • Undefined class 'FlutterDestination' • flutter/dev/devicelab/lib/framework/metrics_center.dart:99:3 • undefined_class
  error • The name 'MetricPoint' isn't a type, so it can't be used as a type argument • flutter/dev/devicelab/lib/framework/metrics_center.dart:100:8 • non_type_as_type_argument
  error • The name 'MetricPoint' isn't a type, so it can't be used as a type argument • flutter/dev/devicelab/lib/framework/metrics_center.dart:138:14 • non_type_as_type_argument
  error • Undefined class 'FlutterDestination' • flutter/dev/devicelab/lib/framework/metrics_center.dart:139:9 • undefined_class
  error • This requires the 'class-modifiers' language feature to be enabled • flutter/dev/devicelab/lib/framework/metrics_result_writer.dart:17:1 • experiment_not_enabled
  error • This requires the 'null-aware-elements' language feature to be enabled • flutter/dev/devicelab/lib/framework/runner.dart:212:52 • experiment_not_enabled
  error • The element type 'String?' can't be assigned to the map value type 'String' • flutter/dev/devicelab/lib/framework/runner.dart:212:53 • map_value_type_not_assignable
  error • Target of URI doesn't exist: 'package:process/process.dart' • flutter/dev/devicelab/lib/framework/running_processes.dart:8:8 • uri_does_not_exist
  error • Undefined class 'ProcessManager' • flutter/dev/devicelab/lib/framework/running_processes.dart:26:36 • undefined_class
  error • Undefined class 'ProcessManager' • flutter/dev/devicelab/lib/framework/running_processes.dart:54:12 • undefined_class
  error • Undefined class 'ProcessManager' • flutter/dev/devicelab/lib/framework/running_processes.dart:65:3 • undefined_class
  error • Undefined class 'ProcessManager' • flutter/dev/devicelab/lib/framework/running_processes.dart:145:3 • undefined_class
  error • Target of URI doesn't exist: 'package:process/process.dart' • flutter/dev/devicelab/lib/framework/utils.dart:11:8 • uri_does_not_exist
  error • Undefined class 'ProcessManager' • flutter/dev/devicelab/lib/framework/utils.dart:55:1 • undefined_class
  error • The name 'LocalProcessManager' isn't a class • flutter/dev/devicelab/lib/framework/utils.dart:55:40 • creation_with_non_type
  error • Target of URI doesn't exist: 'package:process/process.dart' • flutter/dev/devicelab/lib/tasks/hot_mode_tests.dart:10:8 • uri_does_not_exist
  error • Target of URI doesn't exist: 'package:yaml_edit/yaml_edit.dart' • flutter/dev/devicelab/lib/tasks/hot_mode_tests.dart:11:8 • uri_does_not_exist
  error • Undefined class 'YamlEditor' • flutter/dev/devicelab/lib/tasks/hot_mode_tests.dart:77:13 • undefined_class
  error • The function 'YamlEditor' isn't defined • flutter/dev/devicelab/lib/tasks/hot_mode_tests.dart:77:37 • undefined_function
  error • The name 'LocalProcessManager' isn't a class • flutter/dev/devicelab/lib/tasks/hot_mode_tests.dart:328:29 • creation_with_non_type
  error • The 'case' shouldn't complete normally • flutter/dev/devicelab/lib/tasks/native_assets_test.dart:66:17 • switch_case_completes_normally
  error • The 'case' shouldn't complete normally • flutter/dev/devicelab/lib/tasks/native_assets_test.dart:77:17 • switch_case_completes_normally
  error • The 'case' shouldn't complete normally • flutter/dev/devicelab/lib/tasks/native_assets_test.dart:82:17 • switch_case_completes_normally
warning • The value of the local variable '<unnamed>' isn't used • flutter/dev/devicelab/lib/tasks/perf_tests.dart:762:6 • unused_local_variable
  error • This requires the 'records' language feature to be enabled • flutter/dev/devicelab/lib/tasks/perf_tests.dart:776:14 • experiment_not_enabled
warning • The value of the local variable 'keyPairs' isn't used • flutter/dev/devicelab/lib/tasks/perf_tests.dart:776:32 • unused_local_variable
  error • This requires the 'records' language feature to be enabled • flutter/dev/devicelab/lib/tasks/perf_tests.dart:776:44 • experiment_not_enabled
   info • Unnecessary use of parentheses • flutter/dev/devicelab/lib/tasks/perf_tests.dart:777:32 • unnecessary_parenthesis
  error • This requires the 'records' language feature to be enabled • flutter/dev/devicelab/lib/tasks/perf_tests.dart:777:32 • experiment_not_enabled
   info • Unnecessary use of parentheses • flutter/dev/devicelab/lib/tasks/perf_tests.dart:778:31 • unnecessary_parenthesis
  error • This requires the 'records' language feature to be enabled • flutter/dev/devicelab/lib/tasks/perf_tests.dart:778:31 • experiment_not_enabled
   info • Missing type annotation • flutter/dev/devicelab/lib/tasks/perf_tests.dart:784:8 • always_specify_types
  error • Expected an identifier • flutter/dev/devicelab/lib/tasks/perf_tests.dart:784:14 • missing_identifier
  error • Expected to find ';' • flutter/dev/devicelab/lib/tasks/perf_tests.dart:784:14 • expected_token
   info • An uninitialized variable should have an explicit type annotation • flutter/dev/devicelab/lib/tasks/perf_tests.dart:784:15 • prefer_typing_uninitialized_variables
warning • The type of  can't be inferred without either a type or initializer • flutter/dev/devicelab/lib/tasks/perf_tests.dart:784:15 • inference_failure_on_uninitialized_variable
  error • Conditions must have a static type of 'bool' • flutter/dev/devicelab/lib/tasks/perf_tests.dart:784:15 • non_bool_condition
  error • Expected to find ';' • flutter/dev/devicelab/lib/tasks/perf_tests.dart:784:15 • expected_token
  error • Undefined name 'key' • flutter/dev/devicelab/lib/tasks/perf_tests.dart:784:22 • undefined_identifier
  error • Unexpected text 'value' • flutter/dev/devicelab/lib/tasks/perf_tests.dart:784:34 • unexpected_token
  error • Undefined name 'key' • flutter/dev/devicelab/lib/tasks/perf_tests.dart:786:70 • undefined_identifier
  error • Undefined name 'value' • flutter/dev/devicelab/lib/tasks/perf_tests.dart:788:53 • undefined_identifier
warning • The value of the local variable '<unnamed>' isn't used • flutter/dev/devicelab/lib/tasks/perf_tests.dart:805:6 • unused_local_variable
  error • This requires the 'records' language feature to be enabled • flutter/dev/devicelab/lib/tasks/perf_tests.dart:805:56 • experiment_not_enabled
   info • Missing type annotation • flutter/dev/devicelab/lib/tasks/perf_tests.dart:825:8 • always_specify_types
  error • Expected an identifier • flutter/dev/devicelab/lib/tasks/perf_tests.dart:825:14 • missing_identifier
  error • Expected to find ';' • flutter/dev/devicelab/lib/tasks/perf_tests.dart:825:14 • expected_token
   info • An uninitialized variable should have an explicit type annotation • flutter/dev/devicelab/lib/tasks/perf_tests.dart:825:15 • prefer_typing_uninitialized_variables
warning • The type of  can't be inferred without either a type or initializer • flutter/dev/devicelab/lib/tasks/perf_tests.dart:825:15 • inference_failure_on_uninitialized_variable
  error • Conditions must have a static type of 'bool' • flutter/dev/devicelab/lib/tasks/perf_tests.dart:825:15 • non_bool_condition
  error • Expected to find ';' • flutter/dev/devicelab/lib/tasks/perf_tests.dart:825:15 • expected_token
  error • Undefined name 'key' • flutter/dev/devicelab/lib/tasks/perf_tests.dart:825:22 • undefined_identifier
  error • Unexpected text 'value' • flutter/dev/devicelab/lib/tasks/perf_tests.dart:825:34 • unexpected_token
  error • Undefined name 'key' • flutter/dev/devicelab/lib/tasks/perf_tests.dart:828:74 • undefined_identifier
  error • Undefined name 'value' • flutter/dev/devicelab/lib/tasks/perf_tests.dart:832:51 • undefined_identifier
  error • Undefined name 'key' • flutter/dev/devicelab/lib/tasks/perf_tests.dart:835:47 • undefined_identifier
  error • Undefined name 'value' • flutter/dev/devicelab/lib/tasks/perf_tests.dart:836:48 • undefined_identifier
  error • This requires the 'records' language feature to be enabled • flutter/dev/devicelab/lib/tasks/perf_tests.dart:846:14 • experiment_not_enabled
  error • This requires the 'records' language feature to be enabled • flutter/dev/devicelab/lib/tasks/perf_tests.dart:846:44 • experiment_not_enabled
   info • Unnecessary use of parentheses • flutter/dev/devicelab/lib/tasks/perf_tests.dart:847:5 • unnecessary_parenthesis
  error • This requires the 'records' language feature to be enabled • flutter/dev/devicelab/lib/tasks/perf_tests.dart:847:5 • experiment_not_enabled
  error • This requires the 'records' language feature to be enabled • flutter/dev/devicelab/lib/tasks/perf_tests.dart:853:14 • experiment_not_enabled
  error • This requires the 'records' language feature to be enabled • flutter/dev/devicelab/lib/tasks/perf_tests.dart:853:44 • experiment_not_enabled
   info • Unnecessary use of parentheses • flutter/dev/devicelab/lib/tasks/perf_tests.dart:854:5 • unnecessary_parenthesis
  error • This requires the 'records' language feature to be enabled • flutter/dev/devicelab/lib/tasks/perf_tests.dart:854:5 • experiment_not_enabled
  error • This requires the 'records' language feature to be enabled • flutter/dev/devicelab/lib/tasks/perf_tests.dart:864:14 • experiment_not_enabled
  error • This requires the 'records' language feature to be enabled • flutter/dev/devicelab/lib/tasks/perf_tests.dart:864:44 • experiment_not_enabled
   info • Unnecessary use of parentheses • flutter/dev/devicelab/lib/tasks/perf_tests.dart:865:5 • unnecessary_parenthesis
  error • This requires the 'records' language feature to be enabled • flutter/dev/devicelab/lib/tasks/perf_tests.dart:865:5 • experiment_not_enabled
  error • This requires the 'records' language feature to be enabled • flutter/dev/devicelab/lib/tasks/perf_tests.dart:875:14 • experiment_not_enabled
  error • This requires the 'records' language feature to be enabled • flutter/dev/devicelab/lib/tasks/perf_tests.dart:875:44 • experiment_not_enabled
   info • Unnecessary use of parentheses • flutter/dev/devicelab/lib/tasks/perf_tests.dart:876:5 • unnecessary_parenthesis
  error • This requires the 'records' language feature to be enabled • flutter/dev/devicelab/lib/tasks/perf_tests.dart:876:5 • experiment_not_enabled
  error • This requires the 'records' language feature to be enabled • flutter/dev/devicelab/lib/tasks/perf_tests.dart:890:14 • experiment_not_enabled
  error • This requires the 'records' language feature to be enabled • flutter/dev/devicelab/lib/tasks/perf_tests.dart:890:44 • experiment_not_enabled
   info • Unnecessary use of parentheses • flutter/dev/devicelab/lib/tasks/perf_tests.dart:891:5 • unnecessary_parenthesis
  error • This requires the 'records' language feature to be enabled • flutter/dev/devicelab/lib/tasks/perf_tests.dart:891:5 • experiment_not_enabled
   info • Unnecessary use of parentheses • flutter/dev/devicelab/lib/tasks/perf_tests.dart:892:5 • unnecessary_parenthesis
  error • This requires the 'records' language feature to be enabled • flutter/dev/devicelab/lib/tasks/perf_tests.dart:892:5 • experiment_not_enabled
  error • The 'case' shouldn't complete normally • flutter/dev/devicelab/lib/tasks/perf_tests.dart:951:11 • switch_case_completes_normally
  error • The 'case' shouldn't complete normally • flutter/dev/devicelab/lib/tasks/perf_tests.dart:963:11 • switch_case_completes_normally
  error • The 'case' shouldn't complete normally • flutter/dev/devicelab/lib/tasks/perf_tests.dart:975:11 • switch_case_completes_normally
  error • The 'case' shouldn't complete normally • flutter/dev/devicelab/lib/tasks/perf_tests.dart:988:11 • switch_case_completes_normally
  error • The 'case' shouldn't complete normally • flutter/dev/devicelab/lib/tasks/perf_tests.dart:1126:9 • switch_case_completes_normally
  error • The 'case' shouldn't complete normally • flutter/dev/devicelab/lib/tasks/perf_tests.dart:1137:9 • switch_case_completes_normally
  error • The 'case' shouldn't complete normally • flutter/dev/devicelab/lib/tasks/perf_tests.dart:1143:9 • switch_case_completes_normally
  error • The 'case' shouldn't complete normally • flutter/dev/devicelab/lib/tasks/perf_tests.dart:1149:9 • switch_case_completes_normally
  error • The 'case' shouldn't complete normally • flutter/dev/devicelab/lib/tasks/perf_tests.dart:1489:9 • switch_case_completes_normally
  error • The 'case' shouldn't complete normally • flutter/dev/devicelab/lib/tasks/perf_tests.dart:1491:9 • switch_case_completes_normally
  error • The 'case' shouldn't complete normally • flutter/dev/devicelab/lib/tasks/perf_tests.dart:1949:7 • switch_case_completes_normally
  error • The 'case' shouldn't complete normally • flutter/dev/devicelab/lib/tasks/perf_tests.dart:1950:7 • switch_case_completes_normally
  error • The 'case' shouldn't complete normally • flutter/dev/devicelab/lib/tasks/perf_tests.dart:1983:7 • switch_case_completes_normally
  error • The 'case' shouldn't complete normally • flutter/dev/devicelab/lib/tasks/perf_tests.dart:2069:7 • switch_case_completes_normally
  error • The 'case' shouldn't complete normally • flutter/dev/devicelab/lib/tasks/perf_tests.dart:2071:7 • switch_case_completes_normally
  error • The 'case' shouldn't complete normally • flutter/dev/devicelab/lib/tasks/perf_tests.dart:2072:7 • switch_case_completes_normally
  error • The 'case' shouldn't complete normally • flutter/dev/devicelab/lib/tasks/perf_tests.dart:2082:7 • switch_case_completes_normally
  error • The 'case' shouldn't complete normally • flutter/dev/devicelab/lib/tasks/perf_tests.dart:2107:7 • switch_case_completes_normally
  error • The 'case' shouldn't complete normally • flutter/dev/devicelab/lib/tasks/perf_tests.dart:2110:7 • switch_case_completes_normally
  error • Expected to find ';' • flutter/dev/devicelab/lib/tasks/perf_tests.dart:2386:3 • expected_token
warning • Dead code • flutter/dev/devicelab/lib/tasks/perf_tests.dart:2386:10 • dead_code
warning • Missing case clause for 'debug' • flutter/dev/devicelab/lib/tasks/perf_tests.dart:2386:10 • missing_enum_constant_in_switch
warning • Missing case clause for 'profile' • flutter/dev/devicelab/lib/tasks/perf_tests.dart:2386:10 • missing_enum_constant_in_switch
warning • Missing case clause for 'release' • flutter/dev/devicelab/lib/tasks/perf_tests.dart:2386:10 • missing_enum_constant_in_switch
  error • Expected an identifier • flutter/dev/devicelab/lib/tasks/perf_tests.dart:2386:10 • missing_identifier
  error • Expected to find 'case' • flutter/dev/devicelab/lib/tasks/perf_tests.dart:2387:5 • expected_token
   info • Unnecessary empty statement • flutter/dev/devicelab/lib/tasks/perf_tests.dart:2390:4 • empty_statements
  error • The 'case' shouldn't complete normally • flutter/dev/devicelab/lib/tasks/plugin_tests.dart:335:7 • switch_case_completes_normally
  error • The 'case' shouldn't complete normally • flutter/dev/devicelab/lib/tasks/plugin_tests.dart:345:7 • switch_case_completes_normally
  error • The 'case' shouldn't complete normally • flutter/dev/devicelab/lib/tasks/plugin_tests.dart:363:7 • switch_case_completes_normally
  error • The 'case' shouldn't complete normally • flutter/dev/devicelab/lib/tasks/plugin_tests.dart:381:7 • switch_case_completes_normally
  error • Target of URI doesn't exist: 'package:shelf/shelf.dart' • flutter/dev/devicelab/lib/tasks/web_benchmarks.dart:11:8 • uri_does_not_exist
  error • Target of URI doesn't exist: 'package:shelf/shelf_io.dart' • flutter/dev/devicelab/lib/tasks/web_benchmarks.dart:12:8 • uri_does_not_exist
  error • Target of URI doesn't exist: 'package:shelf_static/shelf_static.dart' • flutter/dev/devicelab/lib/tasks/web_benchmarks.dart:13:8 • uri_does_not_exist
  error • This requires the 'records' language feature to be enabled • flutter/dev/devicelab/lib/tasks/web_benchmarks.dart:29:31 • experiment_not_enabled
  error • Undefined class 'Cascade' • flutter/dev/devicelab/lib/tasks/web_benchmarks.dart:130:5 • undefined_class
  error • The function 'Cascade' isn't defined • flutter/dev/devicelab/lib/tasks/web_benchmarks.dart:130:23 • undefined_function
  error • Undefined class 'Request' • flutter/dev/devicelab/lib/tasks/web_benchmarks.dart:145:28 • undefined_class
  error • Undefined name 'Response' • flutter/dev/devicelab/lib/tasks/web_benchmarks.dart:150:18 • undefined_identifier
  error • Undefined name 'Response' • flutter/dev/devicelab/lib/tasks/web_benchmarks.dart:177:18 • undefined_identifier
  error • Undefined name 'Response' • flutter/dev/devicelab/lib/tasks/web_benchmarks.dart:181:18 • undefined_identifier
  error • Undefined name 'Response' • flutter/dev/devicelab/lib/tasks/web_benchmarks.dart:184:18 • undefined_identifier
  error • Undefined name 'Response' • flutter/dev/devicelab/lib/tasks/web_benchmarks.dart:191:18 • undefined_identifier
  error • Undefined name 'Response' • flutter/dev/devicelab/lib/tasks/web_benchmarks.dart:200:20 • undefined_identifier
  error • Undefined name 'Response' • flutter/dev/devicelab/lib/tasks/web_benchmarks.dart:203:20 • undefined_identifier
  error • Undefined name 'Response' • flutter/dev/devicelab/lib/tasks/web_benchmarks.dart:211:18 • undefined_identifier
  error • Undefined name 'Response' • flutter/dev/devicelab/lib/tasks/web_benchmarks.dart:213:18 • undefined_identifier
  error • Undefined name 'Response' • flutter/dev/devicelab/lib/tasks/web_benchmarks.dart:220:16 • undefined_identifier
  error • Undefined class 'Handler' • flutter/dev/devicelab/lib/tasks/web_benchmarks.dart:341:1 • undefined_class
  error • Undefined class 'Handler' • flutter/dev/devicelab/lib/tasks/web_benchmarks.dart:342:9 • undefined_class
  error • The function 'createStaticHandler' isn't defined • flutter/dev/devicelab/lib/tasks/web_benchmarks.dart:342:32 • undefined_function
  error • Undefined class 'Request' • flutter/dev/devicelab/lib/tasks/web_benchmarks.dart:343:11 • undefined_class
  error • Undefined class 'Response' • flutter/dev/devicelab/lib/tasks/web_benchmarks.dart:344:11 • undefined_class
  error • Target of URI doesn't exist: 'package:yaml_edit/yaml_edit.dart' • flutter/dev/devicelab/lib/tasks/web_dev_mode_tests.dart:10:8 • uri_does_not_exist
  error • Undefined class 'YamlEditor' • flutter/dev/devicelab/lib/tasks/web_dev_mode_tests.dart:162:13 • undefined_class
  error • The function 'YamlEditor' isn't defined • flutter/dev/devicelab/lib/tasks/web_dev_mode_tests.dart:162:37 • undefined_function
  error • Target of URI doesn't exist: 'package:flutter_devicelab/framework/ab.dart' • flutter/dev/devicelab/test/ab_test.dart:5:8 • uri_does_not_exist
  error • Target of URI doesn't exist: 'package:flutter_devicelab/framework/task_result.dart' • flutter/dev/devicelab/test/ab_test.dart:6:8 • uri_does_not_exist
  error • The function 'test' isn't defined • flutter/dev/devicelab/test/ab_test.dart:11:3 • undefined_function
  error • Undefined class 'ABTest' • flutter/dev/devicelab/test/ab_test.dart:12:11 • undefined_class
  error • The function 'ABTest' isn't defined • flutter/dev/devicelab/test/ab_test.dart:12:23 • undefined_function
  error • Undefined class 'TaskResult' • flutter/dev/devicelab/test/ab_test.dart:15:13 • undefined_class
  error • Undefined name 'TaskResult' • flutter/dev/devicelab/test/ab_test.dart:15:34 • undefined_identifier
  error • Undefined class 'TaskResult' • flutter/dev/devicelab/test/ab_test.dart:21:13 • undefined_class
  error • Undefined name 'TaskResult' • flutter/dev/devicelab/test/ab_test.dart:21:34 • undefined_identifier
  error • The function 'expect' isn't defined • flutter/dev/devicelab/test/ab_test.dart:30:5 • undefined_function
  error • The function 'expect' isn't defined • flutter/dev/devicelab/test/ab_test.dart:42:5 • undefined_function
  error • Target of URI doesn't exist: 'package:flutter_devicelab/framework/devices.dart' • flutter/dev/devicelab/test/adb_test.dart:12:8 • uri_does_not_exist
  error • The function 'group' isn't defined • flutter/dev/devicelab/test/adb_test.dart:18:3 • undefined_function
  error • Undefined class 'Device' • flutter/dev/devicelab/test/adb_test.dart:19:10 • undefined_class
  error • The function 'setUp' isn't defined • flutter/dev/devicelab/test/adb_test.dart:21:5 • undefined_function
  error • The function 'tearDown' isn't defined • flutter/dev/devicelab/test/adb_test.dart:26:5 • undefined_function
  error • The function 'group' isn't defined • flutter/dev/devicelab/test/adb_test.dart:30:5 • undefined_function
  error • The function 'test' isn't defined • flutter/dev/devicelab/test/adb_test.dart:31:7 • undefined_function
  error • Undefined class 'AndroidDevice' • flutter/dev/devicelab/test/adb_test.dart:33:15 • undefined_class
  error • The name 'AndroidDevice' isn't a type, so it can't be used in an 'as' expression • flutter/dev/devicelab/test/adb_test.dart:33:55 • cast_to_non_type
  error • The function 'expect' isn't defined • flutter/dev/devicelab/test/adb_test.dart:34:9 • undefined_function
  error • Undefined name 'isTrue' • flutter/dev/devicelab/test/adb_test.dart:34:47 • undefined_identifier
  error • The function 'group' isn't defined • flutter/dev/devicelab/test/adb_test.dart:53:5 • undefined_function
  error • The function 'test' isn't defined • flutter/dev/devicelab/test/adb_test.dart:54:7 • undefined_function
  error • The function 'expect' isn't defined • flutter/dev/devicelab/test/adb_test.dart:56:9 • undefined_function
  error • Undefined name 'isTrue' • flutter/dev/devicelab/test/adb_test.dart:56:40 • undefined_identifier
  error • The function 'expect' isn't defined • flutter/dev/devicelab/test/adb_test.dart:57:9 • undefined_function
  error • Undefined name 'isFalse' • flutter/dev/devicelab/test/adb_test.dart:57:41 • undefined_identifier
  error • The function 'test' isn't defined • flutter/dev/devicelab/test/adb_test.dart:60:7 • undefined_function
  error • The function 'expect' isn't defined • flutter/dev/devicelab/test/adb_test.dart:62:9 • undefined_function
  error • Undefined name 'isTrue' • flutter/dev/devicelab/test/adb_test.dart:62:40 • undefined_identifier
  error • The function 'expect' isn't defined • flutter/dev/devicelab/test/adb_test.dart:63:9 • undefined_function
  error • Undefined name 'isFalse' • flutter/dev/devicelab/test/adb_test.dart:63:41 • undefined_identifier
  error • The function 'test' isn't defined • flutter/dev/devicelab/test/adb_test.dart:66:7 • undefined_function
  error • The function 'expect' isn't defined • flutter/dev/devicelab/test/adb_test.dart:68:9 • undefined_function
  error • Undefined name 'isFalse' • flutter/dev/devicelab/test/adb_test.dart:68:40 • undefined_identifier
  error • The function 'expect' isn't defined • flutter/dev/devicelab/test/adb_test.dart:69:9 • undefined_function
  error • Undefined name 'isTrue' • flutter/dev/devicelab/test/adb_test.dart:69:41 • undefined_identifier
  error • The function 'group' isn't defined • flutter/dev/devicelab/test/adb_test.dart:73:5 • undefined_function
  error • The function 'test' isn't defined • flutter/dev/devicelab/test/adb_test.dart:74:7 • undefined_function
  error • The function 'group' isn't defined • flutter/dev/devicelab/test/adb_test.dart:94:5 • undefined_function
  error • The function 'test' isn't defined • flutter/dev/devicelab/test/adb_test.dart:95:7 • undefined_function
  error • The function 'test' isn't defined • flutter/dev/devicelab/test/adb_test.dart:115:7 • undefined_function
  error • The function 'group' isn't defined • flutter/dev/devicelab/test/adb_test.dart:137:5 • undefined_function
  error • The function 'test' isn't defined • flutter/dev/devicelab/test/adb_test.dart:138:7 • undefined_function
  error • The function 'test' isn't defined • flutter/dev/devicelab/test/adb_test.dart:158:7 • undefined_function
  error • The function 'group' isn't defined • flutter/dev/devicelab/test/adb_test.dart:180:5 • undefined_function
  error • The function 'test' isn't defined • flutter/dev/devicelab/test/adb_test.dart:181:7 • undefined_function
  error • The function 'group' isn't defined • flutter/dev/devicelab/test/adb_test.dart:203:5 • undefined_function
  error • The function 'test' isn't defined • flutter/dev/devicelab/test/adb_test.dart:204:7 • undefined_function
  error • The function 'test' isn't defined • flutter/dev/devicelab/test/adb_test.dart:212:7 • undefined_function
  error • The function 'test' isn't defined • flutter/dev/devicelab/test/adb_test.dart:231:7 • undefined_function
  error • The function 'test' isn't defined • flutter/dev/devicelab/test/adb_test.dart:243:7 • undefined_function
  error • The function 'test' isn't defined • flutter/dev/devicelab/test/adb_test.dart:255:7 • undefined_function
  error • The function 'expect' isn't defined • flutter/dev/devicelab/test/adb_test.dart:271:3 • undefined_function
  error • Classes can only extend other classes • flutter/dev/devicelab/test/adb_test.dart:316:26 • extends_non_class
  error • No associated named super constructor parameter • flutter/dev/devicelab/test/adb_test.dart:317:30 • super_formal_parameter_without_associated_named
   info • Unreachable member 'adb' in an executable library • flutter/dev/devicelab/test/adb_test.dart:372:18 • unreachable_from_main
warning • The method doesn't override an inherited method • flutter/dev/devicelab/test/adb_test.dart:372:18 • override_on_non_overriding_member
  error • Undefined name 'deviceId' • flutter/dev/devicelab/test/adb_test.dart:383:35 • undefined_identifier
   info • Unreachable member 'shellEval' in an executable library • flutter/dev/devicelab/test/adb_test.dart:391:18 • unreachable_from_main
warning • The method doesn't override an inherited method • flutter/dev/devicelab/test/adb_test.dart:391:18 • override_on_non_overriding_member
   info • Unreachable member 'shellExec' in an executable library • flutter/dev/devicelab/test/adb_test.dart:402:16 • unreachable_from_main
warning • The method doesn't override an inherited method • flutter/dev/devicelab/test/adb_test.dart:402:16 • override_on_non_overriding_member
  error • Target of URI doesn't exist: 'package:test/test.dart' • flutter/dev/devicelab/test/common.dart:5:8 • uri_does_not_exist
  error • Target of URI doesn't exist: 'package:test/test.dart' • flutter/dev/devicelab/test/common.dart:7:8 • uri_does_not_exist
  error • Undefined class 'TypeMatcher' • flutter/dev/devicelab/test/common.dart:10:1 • undefined_class
  error • The function 'isA' isn't defined • flutter/dev/devicelab/test/common.dart:10:37 • undefined_function
  error • Target of URI doesn't exist: 'package:flutter_devicelab/framework/browser.dart' • flutter/dev/devicelab/test/framework/browser_test.dart:5:8 • uri_does_not_exist
  error • The function 'group' isn't defined • flutter/dev/devicelab/test/framework/browser_test.dart:11:3 • undefined_function
  error • Undefined class 'BlinkTraceEvent' • flutter/dev/devicelab/test/framework/browser_test.dart:13:11 • undefined_class
  error • Undefined name 'BlinkTraceEvent' • flutter/dev/devicelab/test/framework/browser_test.dart:13:42 • undefined_identifier
  error • Undefined class 'BlinkTraceEvent' • flutter/dev/devicelab/test/framework/browser_test.dart:14:11 • undefined_class
  error • Undefined name 'BlinkTraceEvent' • flutter/dev/devicelab/test/framework/browser_test.dart:14:46 • undefined_identifier
  error • The function 'test' isn't defined • flutter/dev/devicelab/test/framework/browser_test.dart:16:5 • undefined_function
  error • Undefined class 'BlinkTraceEvent' • flutter/dev/devicelab/test/framework/browser_test.dart:17:13 • undefined_class
  error • Undefined name 'BlinkTraceEvent' • flutter/dev/devicelab/test/framework/browser_test.dart:17:37 • undefined_identifier
  error • The function 'expect' isn't defined • flutter/dev/devicelab/test/framework/browser_test.dart:19:7 • undefined_function
  error • Undefined name 'isTrue' • flutter/dev/devicelab/test/framework/browser_test.dart:19:34 • undefined_identifier
  error • The function 'expect' isn't defined • flutter/dev/devicelab/test/framework/browser_test.dart:20:7 • undefined_function
  error • Undefined name 'isFalse' • flutter/dev/devicelab/test/framework/browser_test.dart:20:41 • undefined_identifier
  error • The function 'expect' isn't defined • flutter/dev/devicelab/test/framework/browser_test.dart:21:7 • undefined_function
  error • Undefined name 'isFalse' • flutter/dev/devicelab/test/framework/browser_test.dart:21:45 • undefined_identifier
  error • The function 'test' isn't defined • flutter/dev/devicelab/test/framework/browser_test.dart:24:5 • undefined_function
  error • Undefined class 'BlinkTraceEvent' • flutter/dev/devicelab/test/framework/browser_test.dart:25:13 • undefined_class
  error • Undefined name 'BlinkTraceEvent' • flutter/dev/devicelab/test/framework/browser_test.dart:25:37 • undefined_identifier
  error • The function 'expect' isn't defined • flutter/dev/devicelab/test/framework/browser_test.dart:27:7 • undefined_function
  error • Undefined name 'isTrue' • flutter/dev/devicelab/test/framework/browser_test.dart:27:48 • undefined_identifier
  error • The function 'expect' isn't defined • flutter/dev/devicelab/test/framework/browser_test.dart:28:7 • undefined_function
  error • Undefined name 'isFalse' • flutter/dev/devicelab/test/framework/browser_test.dart:28:55 • undefined_identifier
  error • The function 'expect' isn't defined • flutter/dev/devicelab/test/framework/browser_test.dart:29:7 • undefined_function
  error • Undefined name 'isFalse' • flutter/dev/devicelab/test/framework/browser_test.dart:29:59 • undefined_identifier
  error • The function 'test' isn't defined • flutter/dev/devicelab/test/framework/browser_test.dart:32:5 • undefined_function
  error • Undefined class 'BlinkTraceEvent' • flutter/dev/devicelab/test/framework/browser_test.dart:33:13 • undefined_class
  error • Undefined name 'BlinkTraceEvent' • flutter/dev/devicelab/test/framework/browser_test.dart:33:37 • undefined_identifier
  error • The function 'expect' isn't defined • flutter/dev/devicelab/test/framework/browser_test.dart:35:7 • undefined_function
  error • Undefined name 'isTrue' • flutter/dev/devicelab/test/framework/browser_test.dart:35:42 • undefined_identifier
  error • The function 'expect' isn't defined • flutter/dev/devicelab/test/framework/browser_test.dart:36:7 • undefined_function
  error • Undefined name 'isFalse' • flutter/dev/devicelab/test/framework/browser_test.dart:36:49 • undefined_identifier
  error • The function 'expect' isn't defined • flutter/dev/devicelab/test/framework/browser_test.dart:37:7 • undefined_function
  error • Undefined name 'isFalse' • flutter/dev/devicelab/test/framework/browser_test.dart:37:53 • undefined_identifier
  error • The function 'test' isn't defined • flutter/dev/devicelab/test/framework/browser_test.dart:40:5 • undefined_function
  error • Undefined class 'BlinkTraceEvent' • flutter/dev/devicelab/test/framework/browser_test.dart:41:13 • undefined_class
  error • Undefined name 'BlinkTraceEvent' • flutter/dev/devicelab/test/framework/browser_test.dart:41:37 • undefined_identifier
  error • The function 'expect' isn't defined • flutter/dev/devicelab/test/framework/browser_test.dart:43:7 • undefined_function
  error • Undefined name 'isTrue' • flutter/dev/devicelab/test/framework/browser_test.dart:43:40 • undefined_identifier
  error • The function 'expect' isn't defined • flutter/dev/devicelab/test/framework/browser_test.dart:44:7 • undefined_function
  error • Undefined name 'isFalse' • flutter/dev/devicelab/test/framework/browser_test.dart:44:47 • undefined_identifier
  error • The function 'expect' isn't defined • flutter/dev/devicelab/test/framework/browser_test.dart:45:7 • undefined_function
  error • Undefined name 'isFalse' • flutter/dev/devicelab/test/framework/browser_test.dart:45:51 • undefined_identifier
  error • Target of URI doesn't exist: 'package:flutter_devicelab/framework/host_agent.dart' • flutter/dev/devicelab/test/host_agent_test.dart:7:8 • uri_does_not_exist
  error • The function 'setUp' isn't defined • flutter/dev/devicelab/test/host_agent_test.dart:14:3 • undefined_function
  error • Undefined name 'hostAgent' • flutter/dev/devicelab/test/host_agent_test.dart:16:5 • undefined_identifier
  error • The function 'tearDown' isn't defined • flutter/dev/devicelab/test/host_agent_test.dart:19:3 • undefined_function
  error • Undefined name 'hostAgent' • flutter/dev/devicelab/test/host_agent_test.dart:20:5 • undefined_identifier
  error • The function 'group' isn't defined • flutter/dev/devicelab/test/host_agent_test.dart:23:3 • undefined_function
  error • The function 'test' isn't defined • flutter/dev/devicelab/test/host_agent_test.dart:24:5 • undefined_function
  error • Undefined class 'HostAgent' • flutter/dev/devicelab/test/host_agent_test.dart:30:13 • undefined_class
  error • The function 'HostAgent' isn't defined • flutter/dev/devicelab/test/host_agent_test.dart:30:31 • undefined_function
  error • The function 'expect' isn't defined • flutter/dev/devicelab/test/host_agent_test.dart:32:7 • undefined_function
  error • Undefined name 'isTrue' • flutter/dev/devicelab/test/host_agent_test.dart:32:49 • undefined_identifier
  error • The function 'expect' isn't defined • flutter/dev/devicelab/test/host_agent_test.dart:33:7 • undefined_function
  error • The function 'test' isn't defined • flutter/dev/devicelab/test/host_agent_test.dart:36:5 • undefined_function
  error • Undefined class 'HostAgent' • flutter/dev/devicelab/test/host_agent_test.dart:41:13 • undefined_class
  error • The function 'HostAgent' isn't defined • flutter/dev/devicelab/test/host_agent_test.dart:41:31 • undefined_function
  error • The function 'expect' isn't defined • flutter/dev/devicelab/test/host_agent_test.dart:43:7 • undefined_function
  error • Target of URI doesn't exist: 'package:flutter_devicelab/framework/metrics_center.dart' • flutter/dev/devicelab/test/metrics_center_test.dart:5:8 • uri_does_not_exist
  error • Target of URI doesn't exist: 'package:metrics_center/metrics_center.dart' • flutter/dev/devicelab/test/metrics_center_test.dart:6:8 • uri_does_not_exist
  error • Classes and mixins can only implement other classes and mixins • flutter/dev/devicelab/test/metrics_center_test.dart:10:41 • implements_non_class
   info • Unreachable member 'update' in an executable library • flutter/dev/devicelab/test/metrics_center_test.dart:14:16 • unreachable_from_main
warning • The method doesn't override an inherited method • flutter/dev/devicelab/test/metrics_center_test.dart:14:16 • override_on_non_overriding_member
  error • The name 'MetricPoint' isn't a type, so it can't be used as a type argument • flutter/dev/devicelab/test/metrics_center_test.dart:14:28 • non_type_as_type_argument
  error • The name 'MetricPoint' isn't a type, so it can't be used as a type argument • flutter/dev/devicelab/test/metrics_center_test.dart:20:8 • non_type_as_type_argument
  error • The function 'group' isn't defined • flutter/dev/devicelab/test/metrics_center_test.dart:26:3 • undefined_function
  error • The function 'test' isn't defined • flutter/dev/devicelab/test/metrics_center_test.dart:27:5 • undefined_function
  error • The name 'MetricPoint' isn't a type, so it can't be used as a type argument • flutter/dev/devicelab/test/metrics_center_test.dart:35:18 • non_type_as_type_argument
  error • The function 'parse' isn't defined • flutter/dev/devicelab/test/metrics_center_test.dart:35:46 • undefined_function
  error • The function 'expect' isn't defined • flutter/dev/devicelab/test/metrics_center_test.dart:37:7 • undefined_function
  error • The function 'expect' isn't defined • flutter/dev/devicelab/test/metrics_center_test.dart:38:7 • undefined_function
  error • The function 'equals' isn't defined • flutter/dev/devicelab/test/metrics_center_test.dart:38:37 • undefined_function
  error • The function 'expect' isn't defined • flutter/dev/devicelab/test/metrics_center_test.dart:39:7 • undefined_function
  error • Undefined name 'kNameKey' • flutter/dev/devicelab/test/metrics_center_test.dart:39:35 • undefined_identifier
  error • The function 'test' isn't defined • flutter/dev/devicelab/test/metrics_center_test.dart:42:5 • undefined_function
  error • The name 'MetricPoint' isn't a type, so it can't be used as a type argument • flutter/dev/devicelab/test/metrics_center_test.dart:56:18 • non_type_as_type_argument
  error • The function 'parse' isn't defined • flutter/dev/devicelab/test/metrics_center_test.dart:56:46 • undefined_function
  error • The function 'expect' isn't defined • flutter/dev/devicelab/test/metrics_center_test.dart:58:7 • undefined_function
  error • The function 'equals' isn't defined • flutter/dev/devicelab/test/metrics_center_test.dart:58:37 • undefined_function
  error • The function 'expect' isn't defined • flutter/dev/devicelab/test/metrics_center_test.dart:59:7 • undefined_function
  error • The function 'equals' isn't defined • flutter/dev/devicelab/test/metrics_center_test.dart:59:37 • undefined_function
  error • The function 'test' isn't defined • flutter/dev/devicelab/test/metrics_center_test.dart:62:5 • undefined_function
  error • The name 'MetricPoint' isn't a type, so it can't be used as a type argument • flutter/dev/devicelab/test/metrics_center_test.dart:83:18 • non_type_as_type_argument
  error • The function 'parse' isn't defined • flutter/dev/devicelab/test/metrics_center_test.dart:83:46 • undefined_function
  error • The function 'expect' isn't defined • flutter/dev/devicelab/test/metrics_center_test.dart:85:7 • undefined_function
  error • The function 'equals' isn't defined • flutter/dev/devicelab/test/metrics_center_test.dart:85:37 • undefined_function
  error • The function 'expect' isn't defined • flutter/dev/devicelab/test/metrics_center_test.dart:86:7 • undefined_function
  error • Undefined name 'isTrue' • flutter/dev/devicelab/test/metrics_center_test.dart:86:58 • undefined_identifier
  error • The function 'expect' isn't defined • flutter/dev/devicelab/test/metrics_center_test.dart:87:7 • undefined_function
  error • The function 'equals' isn't defined • flutter/dev/devicelab/test/metrics_center_test.dart:87:37 • undefined_function
  error • The function 'expect' isn't defined • flutter/dev/devicelab/test/metrics_center_test.dart:88:7 • undefined_function
  error • Undefined name 'isTrue' • flutter/dev/devicelab/test/metrics_center_test.dart:88:65 • undefined_identifier
  error • The function 'test' isn't defined • flutter/dev/devicelab/test/metrics_center_test.dart:91:5 • undefined_function
  error • The name 'MetricPoint' isn't a type, so it can't be used as a type argument • flutter/dev/devicelab/test/metrics_center_test.dart:99:18 • non_type_as_type_argument
  error • The function 'parse' isn't defined • flutter/dev/devicelab/test/metrics_center_test.dart:99:46 • undefined_function
  error • The function 'expect' isn't defined • flutter/dev/devicelab/test/metrics_center_test.dart:101:7 • undefined_function
  error • The function 'group' isn't defined • flutter/dev/devicelab/test/metrics_center_test.dart:105:3 • undefined_function
  error • The function 'test' isn't defined • flutter/dev/devicelab/test/metrics_center_test.dart:106:5 • undefined_function
  error • The name 'MetricPoint' isn't a type, so it can't be used as a type argument • flutter/dev/devicelab/test/metrics_center_test.dart:120:18 • non_type_as_type_argument
  error • The function 'parse' isn't defined • flutter/dev/devicelab/test/metrics_center_test.dart:120:46 • undefined_function
  error • The function 'upload' isn't defined • flutter/dev/devicelab/test/metrics_center_test.dart:125:13 • undefined_function
  error • The function 'expect' isn't defined • flutter/dev/devicelab/test/metrics_center_test.dart:127:7 • undefined_function
  error • The function 'test' isn't defined • flutter/dev/devicelab/test/metrics_center_test.dart:130:5 • undefined_function
  error • The name 'MetricPoint' isn't a type, so it can't be used as a type argument • flutter/dev/devicelab/test/metrics_center_test.dart:144:18 • non_type_as_type_argument
  error • The function 'parse' isn't defined • flutter/dev/devicelab/test/metrics_center_test.dart:144:46 • undefined_function
  error • The function 'upload' isn't defined • flutter/dev/devicelab/test/metrics_center_test.dart:149:13 • undefined_function
  error • The function 'expect' isn't defined • flutter/dev/devicelab/test/metrics_center_test.dart:151:7 • undefined_function
  error • The function 'group' isn't defined • flutter/dev/devicelab/test/metrics_center_test.dart:155:3 • undefined_function
  error • The function 'test' isn't defined • flutter/dev/devicelab/test/metrics_center_test.dart:156:5 • undefined_function
  error • The function 'metricFileName' isn't defined • flutter/dev/devicelab/test/metrics_center_test.dart:158:31 • undefined_function
  error • The function 'expect' isn't defined • flutter/dev/devicelab/test/metrics_center_test.dart:159:7 • undefined_function
  error • The function 'test' isn't defined • flutter/dev/devicelab/test/metrics_center_test.dart:162:5 • undefined_function
  error • The function 'metricFileName' isn't defined • flutter/dev/devicelab/test/metrics_center_test.dart:164:31 • undefined_function
  error • The function 'expect' isn't defined • flutter/dev/devicelab/test/metrics_center_test.dart:165:7 • undefined_function
  error • The function 'test' isn't defined • flutter/dev/devicelab/test/metrics_center_test.dart:168:5 • undefined_function
  error • The function 'metricFileName' isn't defined • flutter/dev/devicelab/test/metrics_center_test.dart:174:31 • undefined_function
  error • The function 'expect' isn't defined • flutter/dev/devicelab/test/metrics_center_test.dart:175:7 • undefined_function
  error • Target of URI doesn't exist: 'package:flutter_devicelab/framework/metrics_result_writer.dart' • flutter/dev/devicelab/test/metrics_result_writer_test.dart:10:8 • uri_does_not_exist
  error • Target of URI doesn't exist: 'package:flutter_devicelab/framework/task_result.dart' • flutter/dev/devicelab/test/metrics_result_writer_test.dart:11:8 • uri_does_not_exist
  error • Undefined class 'MetricsResultWriter' • flutter/dev/devicelab/test/metrics_result_writer_test.dart:31:8 • undefined_class
  error • The function 'setUp' isn't defined • flutter/dev/devicelab/test/metrics_result_writer_test.dart:34:3 • undefined_function
  error • The function 'test' isn't defined • flutter/dev/devicelab/test/metrics_result_writer_test.dart:38:3 • undefined_function
  error • The function 'MetricsResultWriter' isn't defined • flutter/dev/devicelab/test/metrics_result_writer_test.dart:40:14 • undefined_function
  error • The function 'expect' isn't defined • flutter/dev/devicelab/test/metrics_result_writer_test.dart:42:5 • undefined_function
  error • The function 'test' isn't defined • flutter/dev/devicelab/test/metrics_result_writer_test.dart:45:3 • undefined_function
  error • The function 'MetricsResultWriter' isn't defined • flutter/dev/devicelab/test/metrics_result_writer_test.dart:47:14 • undefined_function
  error • The function 'expect' isn't defined • flutter/dev/devicelab/test/metrics_result_writer_test.dart:49:5 • undefined_function
  error • The function 'throwsA' isn't defined • flutter/dev/devicelab/test/metrics_result_writer_test.dart:49:36 • undefined_function
  error • The function 'isA' isn't defined • flutter/dev/devicelab/test/metrics_result_writer_test.dart:49:44 • undefined_function
  error • The name 'CocoonException' isn't a type, so it can't be used as a type argument • flutter/dev/devicelab/test/metrics_result_writer_test.dart:49:48 • non_type_as_type_argument
  error • The function 'test' isn't defined • flutter/dev/devicelab/test/metrics_result_writer_test.dart:52:3 • undefined_function
  error • Undefined class 'TaskResult' • flutter/dev/devicelab/test/metrics_result_writer_test.dart:54:11 • undefined_class
  error • Undefined name 'TaskResult' • flutter/dev/devicelab/test/metrics_result_writer_test.dart:54:31 • undefined_identifier
  error • The function 'MetricsResultWriter' isn't defined • flutter/dev/devicelab/test/metrics_result_writer_test.dart:60:14 • undefined_function
  error • The function 'expect' isn't defined • flutter/dev/devicelab/test/metrics_result_writer_test.dart:79:5 • undefined_function
  error • Target of URI doesn't exist: 'package:flutter_devicelab/framework/devices.dart' • flutter/dev/devicelab/test/perf_tests_test.dart:8:8 • uri_does_not_exist
  error • Target of URI doesn't exist: 'package:flutter_devicelab/framework/task_result.dart' • flutter/dev/devicelab/test/perf_tests_test.dart:9:8 • uri_does_not_exist
  error • Target of URI doesn't exist: 'package:flutter_devicelab/tasks/perf_tests.dart' • flutter/dev/devicelab/test/perf_tests_test.dart:10:8 • uri_does_not_exist
  error • Undefined class 'Device' • flutter/dev/devicelab/test/perf_tests_test.dart:17:8 • undefined_class
  error • The function 'setUp' isn't defined • flutter/dev/devicelab/test/perf_tests_test.dart:20:3 • undefined_function
  error • The function 'testOutputDirectory' isn't defined • flutter/dev/devicelab/test/perf_tests_test.dart:22:26 • undefined_function
  error • The name 'FakeDevice' isn't a class • flutter/dev/devicelab/test/perf_tests_test.dart:24:20 • creation_with_non_type
  error • Undefined name 'deviceOperatingSystem' • flutter/dev/devicelab/test/perf_tests_test.dart:25:5 • undefined_identifier
  error • Undefined name 'DeviceOperatingSystem' • flutter/dev/devicelab/test/perf_tests_test.dart:25:29 • undefined_identifier
  error • The function 'test' isn't defined • flutter/dev/devicelab/test/perf_tests_test.dart:29:3 • undefined_function
  error • Undefined class 'PerfTest' • flutter/dev/devicelab/test/perf_tests_test.dart:73:11 • undefined_class
  error • The function 'PerfTest' isn't defined • flutter/dev/devicelab/test/perf_tests_test.dart:73:31 • undefined_function
  error • Undefined class 'TaskResult' • flutter/dev/devicelab/test/perf_tests_test.dart:81:11 • undefined_class
  error • The function 'expect' isn't defined • flutter/dev/devicelab/test/perf_tests_test.dart:82:5 • undefined_function
  error • The function 'test' isn't defined • flutter/dev/devicelab/test/perf_tests_test.dart:85:3 • undefined_function
  error • Undefined class 'PerfTest' • flutter/dev/devicelab/test/perf_tests_test.dart:137:13 • undefined_class
  error • The function 'PerfTest' isn't defined • flutter/dev/devicelab/test/perf_tests_test.dart:137:33 • undefined_function
  error • Undefined class 'TaskResult' • flutter/dev/devicelab/test/perf_tests_test.dart:145:13 • undefined_class
  error • The function 'expect' isn't defined • flutter/dev/devicelab/test/perf_tests_test.dart:146:7 • undefined_function
  error • The function 'expect' isn't defined • flutter/dev/devicelab/test/perf_tests_test.dart:147:7 • undefined_function
  error • The function 'expect' isn't defined • flutter/dev/devicelab/test/perf_tests_test.dart:148:7 • undefined_function
  error • The function 'expect' isn't defined • flutter/dev/devicelab/test/perf_tests_test.dart:149:7 • undefined_function
  error • The function 'expect' isn't defined • flutter/dev/devicelab/test/perf_tests_test.dart:150:7 • undefined_function
  error • The function 'expect' isn't defined • flutter/dev/devicelab/test/perf_tests_test.dart:151:7 • undefined_function
  error • Target of URI doesn't exist: 'package:flutter_devicelab/framework/utils.dart' • flutter/dev/devicelab/test/run_test.dart:8:8 • uri_does_not_exist
  error • Target of URI doesn't exist: 'package:process/process.dart' • flutter/dev/devicelab/test/run_test.dart:10:8 • uri_does_not_exist
  error • Undefined class 'ProcessManager' • flutter/dev/devicelab/test/run_test.dart:15:9 • undefined_class
  error • Const variables must be initialized with a constant value • flutter/dev/devicelab/test/run_test.dart:15:41 • const_initialized_with_non_constant_value
  error • The function 'LocalProcessManager' isn't defined • flutter/dev/devicelab/test/run_test.dart:15:41 • undefined_function
  error • The function 'group' isn't defined • flutter/dev/devicelab/test/run_test.dart:20:3 • undefined_function
  error • The function 'expect' isn't defined • flutter/dev/devicelab/test/run_test.dart:45:7 • undefined_function
  error • The function 'test' isn't defined • flutter/dev/devicelab/test/run_test.dart:63:5 • undefined_function
  error • The function 'test' isn't defined • flutter/dev/devicelab/test/run_test.dart:67:5 • undefined_function
  error • The function 'test' isn't defined • flutter/dev/devicelab/test/run_test.dart:71:5 • undefined_function
  error • The function 'test' isn't defined • flutter/dev/devicelab/test/run_test.dart:75:5 • undefined_function
  error • The function 'test' isn't defined • flutter/dev/devicelab/test/run_test.dart:79:5 • undefined_function
  error • Undefined name 'printOnFailure' • flutter/dev/devicelab/test/run_test.dart:92:23 • undefined_identifier
  error • The function 'expectLater' isn't defined • flutter/dev/devicelab/test/run_test.dart:95:15 • undefined_function
  error • The function 'emitsThrough' isn't defined • flutter/dev/devicelab/test/run_test.dart:97:11 • undefined_function
  error • The function 'contains' isn't defined • flutter/dev/devicelab/test/run_test.dart:98:13 • undefined_function
  error • The function 'expect' isn't defined • flutter/dev/devicelab/test/run_test.dart:101:9 • undefined_function
  error • Undefined name 'isTrue' • flutter/dev/devicelab/test/run_test.dart:101:32 • undefined_identifier
  error • The name 'Timeout' isn't a class • flutter/dev/devicelab/test/run_test.dart:103:22 • creation_with_non_type
  error • The function 'test' isn't defined • flutter/dev/devicelab/test/run_test.dart:106:5 • undefined_function
  error • The function 'test' isn't defined • flutter/dev/devicelab/test/run_test.dart:110:5 • undefined_function
  error • The function 'test' isn't defined • flutter/dev/devicelab/test/run_test.dart:114:5 • undefined_function
  error • The function 'test' isn't defined • flutter/dev/devicelab/test/run_test.dart:118:5 • undefined_function
  error • The function 'expect' isn't defined • flutter/dev/devicelab/test/run_test.dart:124:7 • undefined_function
  error • Undefined name 'isFalse' • flutter/dev/devicelab/test/run_test.dart:124:42 • undefined_identifier
  error • The function 'expect' isn't defined • flutter/dev/devicelab/test/run_test.dart:136:7 • undefined_function
  error • The function 'expect' isn't defined • flutter/dev/devicelab/test/run_test.dart:141:7 • undefined_function
  error • The function 'contains' isn't defined • flutter/dev/devicelab/test/run_test.dart:143:9 • undefined_function
  error • The function 'expect' isn't defined • flutter/dev/devicelab/test/run_test.dart:155:7 • undefined_function
  error • The function 'contains' isn't defined • flutter/dev/devicelab/test/run_test.dart:157:9 • undefined_function
  error • The function 'expect' isn't defined • flutter/dev/devicelab/test/run_test.dart:172:7 • undefined_function
  error • The function 'contains' isn't defined • flutter/dev/devicelab/test/run_test.dart:174:9 • undefined_function
  error • The function 'expect' isn't defined • flutter/dev/devicelab/test/run_test.dart:183:7 • undefined_function
  error • Undefined name 'isTrue' • flutter/dev/devicelab/test/run_test.dart:183:42 • undefined_identifier
  error • The function 'test' isn't defined • flutter/dev/devicelab/test/run_test.dart:187:5 • undefined_function
  error • The function 'expect' isn't defined • flutter/dev/devicelab/test/run_test.dart:193:7 • undefined_function
  error • The function 'test' isn't defined • flutter/dev/devicelab/test/run_test.dart:196:5 • undefined_function
  error • The function 'expect' isn't defined • flutter/dev/devicelab/test/run_test.dart:201:7 • undefined_function
  error • The function 'expect' isn't defined • flutter/dev/devicelab/test/run_test.dart:202:7 • undefined_function
  error • The function 'contains' isn't defined • flutter/dev/devicelab/test/run_test.dart:202:29 • undefined_function
  error • Target of URI doesn't exist: 'package:flutter_devicelab/framework/runner.dart' • flutter/dev/devicelab/test/runner_test.dart:5:8 • uri_does_not_exist
  error • The function 'group' isn't defined • flutter/dev/devicelab/test/runner_test.dart:18:3 • undefined_function
  error • The function 'test' isn't defined • flutter/dev/devicelab/test/runner_test.dart:19:5 • undefined_function
  error • The function 'runTasks' isn't defined • flutter/dev/devicelab/test/runner_test.dart:21:13 • undefined_function
  error • The function 'expect' isn't defined • flutter/dev/devicelab/test/runner_test.dart:27:7 • undefined_function
  error • The function 'expect' isn't defined • flutter/dev/devicelab/test/runner_test.dart:28:7 • undefined_function
  error • The function 'expect' isn't defined • flutter/dev/devicelab/test/runner_test.dart:29:7 • undefined_function
  error • The function 'test' isn't defined • flutter/dev/devicelab/test/runner_test.dart:32:5 • undefined_function
  error • The function 'runTasks' isn't defined • flutter/dev/devicelab/test/runner_test.dart:34:13 • undefined_function
  error • The function 'expect' isn't defined • flutter/dev/devicelab/test/runner_test.dart:40:7 • undefined_function
  error • The function 'expect' isn't defined • flutter/dev/devicelab/test/runner_test.dart:41:7 • undefined_function
  error • The function 'expect' isn't defined • flutter/dev/devicelab/test/runner_test.dart:42:7 • undefined_function
  error • The function 'test' isn't defined • flutter/dev/devicelab/test/runner_test.dart:45:5 • undefined_function
  error • The function 'runTasks' isn't defined • flutter/dev/devicelab/test/runner_test.dart:62:15 • undefined_function
  error • The function 'fail' isn't defined • flutter/dev/devicelab/test/runner_test.dart:65:11 • undefined_function
  error • Undefined name 'Timeout' • flutter/dev/devicelab/test/runner_test.dart:68:22 • undefined_identifier
  error • Target of URI doesn't exist: 'package:flutter_devicelab/framework/running_processes.dart' • flutter/dev/devicelab/test/running_processes_test.dart:9:8 • uri_does_not_exist
  error • Target of URI doesn't exist: 'package:process/process.dart' • flutter/dev/devicelab/test/running_processes_test.dart:10:8 • uri_does_not_exist
  error • The function 'test' isn't defined • flutter/dev/devicelab/test/running_processes_test.dart:15:3 • undefined_function
  error • The name 'RunningProcessInfo' isn't a type, so it can't be used as a type argument • flutter/dev/devicelab/test/running_processes_test.dart:26:16 • non_type_as_type_argument
  error • The function 'processPowershellOutput' isn't defined • flutter/dev/devicelab/test/running_processes_test.dart:26:46 • undefined_function
  error • The function 'expect' isn't defined • flutter/dev/devicelab/test/running_processes_test.dart:27:5 • undefined_function
  error • The function 'expect' isn't defined • flutter/dev/devicelab/test/running_processes_test.dart:28:5 • undefined_function
  error • The function 'equals' isn't defined • flutter/dev/devicelab/test/running_processes_test.dart:30:7 • undefined_function
  error • The name 'RunningProcessInfo' isn't a type, so it can't be used as a type argument • flutter/dev/devicelab/test/running_processes_test.dart:30:15 • non_type_as_type_argument
  error • The function 'RunningProcessInfo' isn't defined • flutter/dev/devicelab/test/running_processes_test.dart:31:9 • undefined_function
  error • The function 'RunningProcessInfo' isn't defined • flutter/dev/devicelab/test/running_processes_test.dart:36:9 • undefined_function
  error • The function 'RunningProcessInfo' isn't defined • flutter/dev/devicelab/test/running_processes_test.dart:41:9 • undefined_function
  error • The function 'test' isn't defined • flutter/dev/devicelab/test/running_processes_test.dart:50:3 • undefined_function
  error • The name 'RunningProcessInfo' isn't a type, so it can't be used as a type argument • flutter/dev/devicelab/test/running_processes_test.dart:57:16 • non_type_as_type_argument
  error • The function 'processPsOutput' isn't defined • flutter/dev/devicelab/test/running_processes_test.dart:57:46 • undefined_function
  error • The function 'expect' isn't defined • flutter/dev/devicelab/test/running_processes_test.dart:58:5 • undefined_function
  error • The function 'expect' isn't defined • flutter/dev/devicelab/test/running_processes_test.dart:59:5 • undefined_function
  error • The function 'equals' isn't defined • flutter/dev/devicelab/test/running_processes_test.dart:61:7 • undefined_function
  error • The name 'RunningProcessInfo' isn't a type, so it can't be used as a type argument • flutter/dev/devicelab/test/running_processes_test.dart:61:15 • non_type_as_type_argument
  error • The function 'RunningProcessInfo' isn't defined • flutter/dev/devicelab/test/running_processes_test.dart:62:9 • undefined_function
  error • The function 'RunningProcessInfo' isn't defined • flutter/dev/devicelab/test/running_processes_test.dart:63:9 • undefined_function
  error • The function 'test' isn't defined • flutter/dev/devicelab/test/running_processes_test.dart:68:3 • undefined_function
  error • Undefined class 'RunningProcessInfo' • flutter/dev/devicelab/test/running_processes_test.dart:69:11 • undefined_class
  error • The function 'RunningProcessInfo' isn't defined • flutter/dev/devicelab/test/running_processes_test.dart:69:40 • undefined_function
  error • The function 'expect' isn't defined • flutter/dev/devicelab/test/running_processes_test.dart:73:7 • undefined_function
  error • The function 'expect' isn't defined • flutter/dev/devicelab/test/running_processes_test.dart:77:7 • undefined_function
  error • Classes and mixins can only implement other classes and mixins • flutter/dev/devicelab/test/running_processes_test.dart:82:37 • implements_non_class
   info • Unreachable member 'canRun' in an executable library • flutter/dev/devicelab/test/running_processes_test.dart:86:8 • unreachable_from_main
warning • The method doesn't override an inherited method • flutter/dev/devicelab/test/running_processes_test.dart:86:8 • override_on_non_overriding_member
   info • Unreachable member 'killPid' in an executable library • flutter/dev/devicelab/test/running_processes_test.dart:92:8 • unreachable_from_main
warning • The method doesn't override an inherited method • flutter/dev/devicelab/test/running_processes_test.dart:92:8 • override_on_non_overriding_member
   info • Unreachable member 'run' in an executable library • flutter/dev/devicelab/test/running_processes_test.dart:98:25 • unreachable_from_main
warning • The method doesn't override an inherited method • flutter/dev/devicelab/test/running_processes_test.dart:98:25 • override_on_non_overriding_member
   info • Unreachable member 'runSync' in an executable library • flutter/dev/devicelab/test/running_processes_test.dart:114:17 • unreachable_from_main
warning • The method doesn't override an inherited method • flutter/dev/devicelab/test/running_processes_test.dart:114:17 • override_on_non_overriding_member
   info • Unreachable member 'start' in an executable library • flutter/dev/devicelab/test/running_processes_test.dart:130:19 • unreachable_from_main
warning • The method doesn't override an inherited method • flutter/dev/devicelab/test/running_processes_test.dart:130:19 • override_on_non_overriding_member
  error • Target of URI doesn't exist: 'package:flutter_devicelab/framework/task_result.dart' • flutter/dev/devicelab/test/task_result_test.dart:5:8 • uri_does_not_exist
  error • The function 'group' isn't defined • flutter/dev/devicelab/test/task_result_test.dart:10:3 • undefined_function
  error • The function 'test' isn't defined • flutter/dev/devicelab/test/task_result_test.dart:11:5 • undefined_function
  error • Undefined class 'TaskResult' • flutter/dev/devicelab/test/task_result_test.dart:18:13 • undefined_class
  error • Undefined name 'TaskResult' • flutter/dev/devicelab/test/task_result_test.dart:18:33 • undefined_identifier
  error • The function 'expect' isn't defined • flutter/dev/devicelab/test/task_result_test.dart:19:7 • undefined_function
  error • The function 'test' isn't defined • flutter/dev/devicelab/test/task_result_test.dart:22:5 • undefined_function
  error • Undefined class 'TaskResult' • flutter/dev/devicelab/test/task_result_test.dart:23:13 • undefined_class
  error • Undefined name 'TaskResult' • flutter/dev/devicelab/test/task_result_test.dart:23:33 • undefined_identifier
  error • The function 'expect' isn't defined • flutter/dev/devicelab/test/task_result_test.dart:30:7 • undefined_function
  error • The function 'test' isn't defined • flutter/dev/devicelab/test/task_result_test.dart:33:5 • undefined_function
  error • Undefined class 'TaskResult' • flutter/dev/devicelab/test/task_result_test.dart:38:13 • undefined_class
  error • Undefined name 'TaskResult' • flutter/dev/devicelab/test/task_result_test.dart:38:33 • undefined_identifier
  error • The function 'expect' isn't defined • flutter/dev/devicelab/test/task_result_test.dart:39:7 • undefined_function
  error • Target of URI doesn't exist: 'package:flutter_devicelab/framework/runner.dart' • flutter/dev/devicelab/test/tasks/build_test_task_test.dart:7:8 • uri_does_not_exist
  error • Target of URI doesn't exist: 'package:flutter_devicelab/framework/task_result.dart' • flutter/dev/devicelab/test/tasks/build_test_task_test.dart:8:8 • uri_does_not_exist
  error • The function 'test' isn't defined • flutter/dev/devicelab/test/tasks/build_test_task_test.dart:18:3 • undefined_function
  error • Undefined class 'TaskResult' • flutter/dev/devicelab/test/tasks/build_test_task_test.dart:19:11 • undefined_class
  error • The function 'runTask' isn't defined • flutter/dev/devicelab/test/tasks/build_test_task_test.dart:19:37 • undefined_function
  error • The function 'expect' isn't defined • flutter/dev/devicelab/test/tasks/build_test_task_test.dart:24:5 • undefined_function
  error • The function 'test' isn't defined • flutter/dev/devicelab/test/tasks/build_test_task_test.dart:27:3 • undefined_function
  error • Undefined class 'TaskResult' • flutter/dev/devicelab/test/tasks/build_test_task_test.dart:28:11 • undefined_class
  error • The function 'runTask' isn't defined • flutter/dev/devicelab/test/tasks/build_test_task_test.dart:28:37 • undefined_function
  error • The function 'expect' isn't defined • flutter/dev/devicelab/test/tasks/build_test_task_test.dart:34:5 • undefined_function
  error • The function 'test' isn't defined • flutter/dev/devicelab/test/tasks/build_test_task_test.dart:37:3 • undefined_function
  error • Undefined class 'TaskResult' • flutter/dev/devicelab/test/tasks/build_test_task_test.dart:38:11 • undefined_class
  error • The function 'runTask' isn't defined • flutter/dev/devicelab/test/tasks/build_test_task_test.dart:38:37 • undefined_function
  error • The function 'expect' isn't defined • flutter/dev/devicelab/test/tasks/build_test_task_test.dart:44:5 • undefined_function
  error • The function 'test' isn't defined • flutter/dev/devicelab/test/tasks/build_test_task_test.dart:47:3 • undefined_function
  error • The function 'runTask' isn't defined • flutter/dev/devicelab/test/tasks/build_test_task_test.dart:51:15 • undefined_function
  error • The function 'expect' isn't defined • flutter/dev/devicelab/test/tasks/build_test_task_test.dart:66:5 • undefined_function
  error • The function 'contains' isn't defined • flutter/dev/devicelab/test/tasks/build_test_task_test.dart:68:7 • undefined_function
  error • The function 'expect' isn't defined • flutter/dev/devicelab/test/tasks/build_test_task_test.dart:72:5 • undefined_function
  error • The function 'contains' isn't defined • flutter/dev/devicelab/test/tasks/build_test_task_test.dart:72:27 • undefined_function
  error • The function 'test' isn't defined • flutter/dev/devicelab/test/tasks/build_test_task_test.dart:75:3 • undefined_function
  error • Undefined class 'TaskResult' • flutter/dev/devicelab/test/tasks/build_test_task_test.dart:76:11 • undefined_class
  error • The function 'runTask' isn't defined • flutter/dev/devicelab/test/tasks/build_test_task_test.dart:76:37 • undefined_function
  error • The function 'expect' isn't defined • flutter/dev/devicelab/test/tasks/build_test_task_test.dart:82:5 • undefined_function
  error • The function 'test' isn't defined • flutter/dev/devicelab/test/tasks/build_test_task_test.dart:88:3 • undefined_function
  error • Undefined class 'TaskResult' • flutter/dev/devicelab/test/tasks/build_test_task_test.dart:89:11 • undefined_class
  error • The function 'runTask' isn't defined • flutter/dev/devicelab/test/tasks/build_test_task_test.dart:89:37 • undefined_function
  error • The function 'expect' isn't defined • flutter/dev/devicelab/test/tasks/build_test_task_test.dart:95:5 • undefined_function
  error • Target of URI doesn't exist: 'package:flutter_devicelab/framework/utils.dart' • flutter/dev/devicelab/test/utils_test.dart:5:8 • uri_does_not_exist
  error • The function 'group' isn't defined • flutter/dev/devicelab/test/utils_test.dart:10:3 • undefined_function
  error • The function 'test' isn't defined • flutter/dev/devicelab/test/utils_test.dart:11:5 • undefined_function
  error • The function 'expect' isn't defined • flutter/dev/devicelab/test/utils_test.dart:12:7 • undefined_function
  error • The function 'grep' isn't defined • flutter/dev/devicelab/test/utils_test.dart:12:14 • undefined_function
  error • The function 'test' isn't defined • flutter/dev/devicelab/test/utils_test.dart:15:5 • undefined_function
  error • The function 'expect' isn't defined • flutter/dev/devicelab/test/utils_test.dart:16:7 • undefined_function
  error • The function 'grep' isn't defined • flutter/dev/devicelab/test/utils_test.dart:16:14 • undefined_function
  error • The function 'group' isn't defined • flutter/dev/devicelab/test/utils_test.dart:20:3 • undefined_function
  error • The function 'test' isn't defined • flutter/dev/devicelab/test/utils_test.dart:26:5 • undefined_function
  error • The function 'expect' isn't defined • flutter/dev/devicelab/test/utils_test.dart:27:7 • undefined_function
  error • The function 'parseServiceUri' isn't defined • flutter/dev/devicelab/test/utils_test.dart:27:14 • undefined_function
  error • The function 'expect' isn't defined • flutter/dev/devicelab/test/utils_test.dart:28:7 • undefined_function
  error • The function 'parseServiceUri' isn't defined • flutter/dev/devicelab/test/utils_test.dart:28:14 • undefined_function
  error • The function 'test' isn't defined • flutter/dev/devicelab/test/utils_test.dart:31:5 • undefined_function
  error • The function 'expect' isn't defined • flutter/dev/devicelab/test/utils_test.dart:32:7 • undefined_function
  error • The function 'parseServicePort' isn't defined • flutter/dev/devicelab/test/utils_test.dart:32:14 • undefined_function
  error • The function 'expect' isn't defined • flutter/dev/devicelab/test/utils_test.dart:33:7 • undefined_function
  error • The function 'parseServicePort' isn't defined • flutter/dev/devicelab/test/utils_test.dart:33:14 • undefined_function
  error • The function 'group' isn't defined • flutter/dev/devicelab/test/utils_test.dart:37:3 • undefined_function
  error • The function 'test' isn't defined • flutter/dev/devicelab/test/utils_test.dart:38:5 • undefined_function
  error • The function 'expect' isn't defined • flutter/dev/devicelab/test/utils_test.dart:39:7 • undefined_function
  error • Undefined name 'localEngineFromEnv' • flutter/dev/devicelab/test/utils_test.dart:39:14 • undefined_identifier
  error • The function 'expect' isn't defined • flutter/dev/devicelab/test/utils_test.dart:40:7 • undefined_function
  error • Undefined name 'localEngineHostFromEnv' • flutter/dev/devicelab/test/utils_test.dart:40:14 • undefined_identifier
  error • The function 'expect' isn't defined • flutter/dev/devicelab/test/utils_test.dart:41:7 • undefined_function
  error • Undefined name 'localEngineSrcPathFromEnv' • flutter/dev/devicelab/test/utils_test.dart:41:14 • undefined_identifier
  error • Target of URI doesn't exist: 'package:package_config/package_config.dart' • flutter/dev/forbidden_from_release_tests/bin/main.dart:11:8 • uri_does_not_exist
  error • Target of URI doesn't exist: 'package:vm_snapshot_analysis/program_info.dart' • flutter/dev/forbidden_from_release_tests/bin/main.dart:13:8 • uri_does_not_exist
  error • Target of URI doesn't exist: 'package:vm_snapshot_analysis/v8_profile.dart' • flutter/dev/forbidden_from_release_tests/bin/main.dart:14:8 • uri_does_not_exist
  error • Undefined class 'Snapshot' • flutter/dev/forbidden_from_release_tests/bin/main.dart:21:9 • undefined_class
  error • Undefined name 'Snapshot' • flutter/dev/forbidden_from_release_tests/bin/main.dart:21:29 • undefined_identifier
  error • Undefined class 'ProgramInfo' • flutter/dev/forbidden_from_release_tests/bin/main.dart:22:9 • undefined_class
  error • The function 'toProgramInfo' isn't defined • flutter/dev/forbidden_from_release_tests/bin/main.dart:22:35 • undefined_function
  error • Undefined class 'PackageConfig' • flutter/dev/forbidden_from_release_tests/bin/main.dart:73:9 • undefined_class
  error • Undefined name 'PackageConfig' • flutter/dev/forbidden_from_release_tests/bin/main.dart:73:39 • undefined_identifier
  error • Target of URI doesn't exist: 'package:android_driver_extensions/extension.dart' • flutter/dev/integration_tests/android_engine_test/lib/engine_handle.dart:7:8 • uri_does_not_exist
  error • Target of URI doesn't exist: 'package:flutter_driver/driver_extension.dart' • flutter/dev/integration_tests/android_engine_test/lib/engine_handle.dart:10:8 • uri_does_not_exist
  error • The function 'enableFlutterDriverExtension' isn't defined • flutter/dev/integration_tests/android_engine_test/lib/engine_handle.dart:16:3 • undefined_function
  error • The name 'CommandExtension' isn't a type, so it can't be used as a type argument • flutter/dev/integration_tests/android_engine_test/lib/engine_handle.dart:20:16 • non_type_as_type_argument
  error • Undefined name 'nativeDriverCommands' • flutter/dev/integration_tests/android_engine_test/lib/engine_handle.dart:20:34 • undefined_identifier
  error • Target of URI doesn't exist: 'package:android_driver_extensions/extension.dart' • flutter/dev/integration_tests/android_engine_test/lib/external_texture/surface_producer_smiley_face_main.dart:7:8 • uri_does_not_exist
  error • Target of URI doesn't exist: 'package:flutter_driver/driver_extension.dart' • flutter/dev/integration_tests/android_engine_test/lib/external_texture/surface_producer_smiley_face_main.dart:10:8 • uri_does_not_exist
  error • The function 'enableFlutterDriverExtension' isn't defined • flutter/dev/integration_tests/android_engine_test/lib/external_texture/surface_producer_smiley_face_main.dart:25:3 • undefined_function
  error • The name 'CommandExtension' isn't a type, so it can't be used as a type argument • flutter/dev/integration_tests/android_engine_test/lib/external_texture/surface_producer_smiley_face_main.dart:25:43 • non_type_as_type_argument
  error • Undefined name 'nativeDriverCommands' • flutter/dev/integration_tests/android_engine_test/lib/external_texture/surface_producer_smiley_face_main.dart:25:61 • undefined_identifier
  error • This requires the 'class-modifiers' language feature to be enabled • flutter/dev/integration_tests/android_engine_test/lib/external_texture/surface_producer_smiley_face_main.dart:35:1 • experiment_not_enabled
  error • Target of URI doesn't exist: 'package:android_driver_extensions/extension.dart' • flutter/dev/integration_tests/android_engine_test/lib/external_texture/surface_texture_smiley_face_main.dart:7:8 • uri_does_not_exist
  error • Target of URI doesn't exist: 'package:flutter_driver/driver_extension.dart' • flutter/dev/integration_tests/android_engine_test/lib/external_texture/surface_texture_smiley_face_main.dart:10:8 • uri_does_not_exist
  error • The function 'enableFlutterDriverExtension' isn't defined • flutter/dev/integration_tests/android_engine_test/lib/external_texture/surface_texture_smiley_face_main.dart:25:3 • undefined_function
  error • The name 'CommandExtension' isn't a type, so it can't be used as a type argument • flutter/dev/integration_tests/android_engine_test/lib/external_texture/surface_texture_smiley_face_main.dart:25:43 • non_type_as_type_argument
  error • Undefined name 'nativeDriverCommands' • flutter/dev/integration_tests/android_engine_test/lib/external_texture/surface_texture_smiley_face_main.dart:25:61 • undefined_identifier
  error • This requires the 'class-modifiers' language feature to be enabled • flutter/dev/integration_tests/android_engine_test/lib/external_texture/surface_texture_smiley_face_main.dart:35:1 • experiment_not_enabled
  error • Target of URI doesn't exist: 'package:android_driver_extensions/extension.dart' • flutter/dev/integration_tests/android_engine_test/lib/flutter_rendered_blue_rectangle_main.dart:5:8 • uri_does_not_exist
  error • Target of URI doesn't exist: 'package:flutter_driver/driver_extension.dart' • flutter/dev/integration_tests/android_engine_test/lib/flutter_rendered_blue_rectangle_main.dart:8:8 • uri_does_not_exist
  error • The function 'enableFlutterDriverExtension' isn't defined • flutter/dev/integration_tests/android_engine_test/lib/flutter_rendered_blue_rectangle_main.dart:14:3 • undefined_function
  error • The name 'CommandExtension' isn't a type, so it can't be used as a type argument • flutter/dev/integration_tests/android_engine_test/lib/flutter_rendered_blue_rectangle_main.dart:14:43 • non_type_as_type_argument
  error • Undefined name 'nativeDriverCommands' • flutter/dev/integration_tests/android_engine_test/lib/flutter_rendered_blue_rectangle_main.dart:14:61 • undefined_identifier
  error • This requires the 'class-modifiers' language feature to be enabled • flutter/dev/integration_tests/android_engine_test/lib/flutter_rendered_blue_rectangle_main.dart:22:1 • experiment_not_enabled
  error • Target of URI doesn't exist: 'package:android_driver_extensions/extension.dart' • flutter/dev/integration_tests/android_engine_test/lib/hcpp/hc_errors_with_hcpp_enabled.dart:8:8 • uri_does_not_exist
  error • Target of URI doesn't exist: 'package:flutter_driver/driver_extension.dart' • flutter/dev/integration_tests/android_engine_test/lib/hcpp/hc_errors_with_hcpp_enabled.dart:14:8 • uri_does_not_exist
  error • The function 'enableFlutterDriverExtension' isn't defined • flutter/dev/integration_tests/android_engine_test/lib/hcpp/hc_errors_with_hcpp_enabled.dart:21:3 • undefined_function
  error • The name 'CommandExtension' isn't a type, so it can't be used as a type argument • flutter/dev/integration_tests/android_engine_test/lib/hcpp/hc_errors_with_hcpp_enabled.dart:28:16 • non_type_as_type_argument
  error • Undefined name 'nativeDriverCommands' • flutter/dev/integration_tests/android_engine_test/lib/hcpp/hc_errors_with_hcpp_enabled.dart:28:34 • undefined_identifier
  error • This requires the 'class-modifiers' language feature to be enabled • flutter/dev/integration_tests/android_engine_test/lib/hcpp/hc_errors_with_hcpp_enabled.dart:64:1 • experiment_not_enabled
  error • Target of URI doesn't exist: 'package:android_driver_extensions/extension.dart' • flutter/dev/integration_tests/android_engine_test/lib/hcpp/platform_view_clippath_main.dart:7:8 • uri_does_not_exist
  error • Target of URI doesn't exist: 'package:flutter_driver/driver_extension.dart' • flutter/dev/integration_tests/android_engine_test/lib/hcpp/platform_view_clippath_main.dart:13:8 • uri_does_not_exist
  error • The function 'enableFlutterDriverExtension' isn't defined • flutter/dev/integration_tests/android_engine_test/lib/hcpp/platform_view_clippath_main.dart:23:3 • undefined_function
  error • The name 'CommandExtension' isn't a type, so it can't be used as a type argument • flutter/dev/integration_tests/android_engine_test/lib/hcpp/platform_view_clippath_main.dart:29:16 • non_type_as_type_argument
  error • Undefined name 'nativeDriverCommands' • flutter/dev/integration_tests/android_engine_test/lib/hcpp/platform_view_clippath_main.dart:29:34 • undefined_identifier
  error • This requires the 'class-modifiers' language feature to be enabled • flutter/dev/integration_tests/android_engine_test/lib/hcpp/platform_view_clippath_main.dart:246:1 • experiment_not_enabled
  error • Target of URI doesn't exist: 'package:android_driver_extensions/extension.dart' • flutter/dev/integration_tests/android_engine_test/lib/hcpp/platform_view_main.dart:7:8 • uri_does_not_exist
  error • Target of URI doesn't exist: 'package:flutter_driver/driver_extension.dart' • flutter/dev/integration_tests/android_engine_test/lib/hcpp/platform_view_main.dart:13:8 • uri_does_not_exist
  error • The function 'enableFlutterDriverExtension' isn't defined • flutter/dev/integration_tests/android_engine_test/lib/hcpp/platform_view_main.dart:20:3 • undefined_function
  error • The name 'CommandExtension' isn't a type, so it can't be used as a type argument • flutter/dev/integration_tests/android_engine_test/lib/hcpp/platform_view_main.dart:26:16 • non_type_as_type_argument
  error • Undefined name 'nativeDriverCommands' • flutter/dev/integration_tests/android_engine_test/lib/hcpp/platform_view_main.dart:26:34 • undefined_identifier
  error • This requires the 'class-modifiers' language feature to be enabled • flutter/dev/integration_tests/android_engine_test/lib/hcpp/platform_view_main.dart:38:1 • experiment_not_enabled
  error • Target of URI doesn't exist: 'package:android_driver_extensions/extension.dart' • flutter/dev/integration_tests/android_engine_test/lib/hcpp/platform_view_opacity_main.dart:7:8 • uri_does_not_exist
  error • Target of URI doesn't exist: 'package:flutter_driver/driver_extension.dart' • flutter/dev/integration_tests/android_engine_test/lib/hcpp/platform_view_opacity_main.dart:13:8 • uri_does_not_exist
  error • The function 'enableFlutterDriverExtension' isn't defined • flutter/dev/integration_tests/android_engine_test/lib/hcpp/platform_view_opacity_main.dart:19:3 • undefined_function
  error • The name 'CommandExtension' isn't a type, so it can't be used as a type argument • flutter/dev/integration_tests/android_engine_test/lib/hcpp/platform_view_opacity_main.dart:25:16 • non_type_as_type_argument
  error • Undefined name 'nativeDriverCommands' • flutter/dev/integration_tests/android_engine_test/lib/hcpp/platform_view_opacity_main.dart:25:34 • undefined_identifier
  error • This requires the 'class-modifiers' language feature to be enabled • flutter/dev/integration_tests/android_engine_test/lib/hcpp/platform_view_opacity_main.dart:33:1 • experiment_not_enabled
  error • This requires the 'class-modifiers' language feature to be enabled • flutter/dev/integration_tests/android_engine_test/lib/hcpp/platform_view_opacity_main.dart:89:1 • experiment_not_enabled
  error • Target of URI doesn't exist: 'package:android_driver_extensions/extension.dart' • flutter/dev/integration_tests/android_engine_test/lib/hcpp/platform_view_overlapping_main.dart:7:8 • uri_does_not_exist
  error • Target of URI doesn't exist: 'package:flutter_driver/driver_extension.dart' • flutter/dev/integration_tests/android_engine_test/lib/hcpp/platform_view_overlapping_main.dart:13:8 • uri_does_not_exist
  error • The function 'enableFlutterDriverExtension' isn't defined • flutter/dev/integration_tests/android_engine_test/lib/hcpp/platform_view_overlapping_main.dart:19:3 • undefined_function
  error • The name 'CommandExtension' isn't a type, so it can't be used as a type argument • flutter/dev/integration_tests/android_engine_test/lib/hcpp/platform_view_overlapping_main.dart:25:16 • non_type_as_type_argument
  error • Undefined name 'nativeDriverCommands' • flutter/dev/integration_tests/android_engine_test/lib/hcpp/platform_view_overlapping_main.dart:25:34 • undefined_identifier
  error • This requires the 'class-modifiers' language feature to be enabled • flutter/dev/integration_tests/android_engine_test/lib/hcpp/platform_view_overlapping_main.dart:35:1 • experiment_not_enabled
  error • This requires the 'class-modifiers' language feature to be enabled • flutter/dev/integration_tests/android_engine_test/lib/hcpp/platform_view_overlapping_main.dart:97:1 • experiment_not_enabled
  error • Target of URI doesn't exist: 'package:android_driver_extensions/extension.dart' • flutter/dev/integration_tests/android_engine_test/lib/hcpp/platform_view_overlay_layer_cleared.dart:7:8 • uri_does_not_exist
  error • Target of URI doesn't exist: 'package:flutter_driver/driver_extension.dart' • flutter/dev/integration_tests/android_engine_test/lib/hcpp/platform_view_overlay_layer_cleared.dart:13:8 • uri_does_not_exist
  error • The function 'enableFlutterDriverExtension' isn't defined • flutter/dev/integration_tests/android_engine_test/lib/hcpp/platform_view_overlay_layer_cleared.dart:19:3 • undefined_function
  error • The name 'CommandExtension' isn't a type, so it can't be used as a type argument • flutter/dev/integration_tests/android_engine_test/lib/hcpp/platform_view_overlay_layer_cleared.dart:25:16 • non_type_as_type_argument
  error • Undefined name 'nativeDriverCommands' • flutter/dev/integration_tests/android_engine_test/lib/hcpp/platform_view_overlay_layer_cleared.dart:25:34 • undefined_identifier
  error • Target of URI doesn't exist: 'package:android_driver_extensions/extension.dart' • flutter/dev/integration_tests/android_engine_test/lib/hcpp/platform_view_transform_main.dart:8:8 • uri_does_not_exist
  error • Target of URI doesn't exist: 'package:flutter_driver/driver_extension.dart' • flutter/dev/integration_tests/android_engine_test/lib/hcpp/platform_view_transform_main.dart:14:8 • uri_does_not_exist
  error • The function 'enableFlutterDriverExtension' isn't defined • flutter/dev/integration_tests/android_engine_test/lib/hcpp/platform_view_transform_main.dart:20:3 • undefined_function
  error • The name 'CommandExtension' isn't a type, so it can't be used as a type argument • flutter/dev/integration_tests/android_engine_test/lib/hcpp/platform_view_transform_main.dart:26:16 • non_type_as_type_argument
  error • Undefined name 'nativeDriverCommands' • flutter/dev/integration_tests/android_engine_test/lib/hcpp/platform_view_transform_main.dart:26:34 • undefined_identifier
  error • This requires the 'class-modifiers' language feature to be enabled • flutter/dev/integration_tests/android_engine_test/lib/hcpp/platform_view_transform_main.dart:34:1 • experiment_not_enabled
  error • This requires the 'class-modifiers' language feature to be enabled • flutter/dev/integration_tests/android_engine_test/lib/hcpp/platform_view_transform_main.dart:164:1 • experiment_not_enabled
  error • Target of URI doesn't exist: 'package:android_driver_extensions/extension.dart' • flutter/dev/integration_tests/android_engine_test/lib/hcpp/tap_color_change_main.dart:7:8 • uri_does_not_exist
  error • Target of URI doesn't exist: 'package:flutter_driver/driver_extension.dart' • flutter/dev/integration_tests/android_engine_test/lib/hcpp/tap_color_change_main.dart:13:8 • uri_does_not_exist
  error • The function 'enableFlutterDriverExtension' isn't defined • flutter/dev/integration_tests/android_engine_test/lib/hcpp/tap_color_change_main.dart:19:3 • undefined_function
  error • The name 'CommandExtension' isn't a type, so it can't be used as a type argument • flutter/dev/integration_tests/android_engine_test/lib/hcpp/tap_color_change_main.dart:25:16 • non_type_as_type_argument
  error • Undefined name 'nativeDriverCommands' • flutter/dev/integration_tests/android_engine_test/lib/hcpp/tap_color_change_main.dart:25:34 • undefined_identifier
  error • This requires the 'class-modifiers' language feature to be enabled • flutter/dev/integration_tests/android_engine_test/lib/hcpp/tap_color_change_main.dart:33:1 • experiment_not_enabled
  error • This requires the 'class-modifiers' language feature to be enabled • flutter/dev/integration_tests/android_engine_test/lib/hcpp/tap_color_change_main.dart:45:1 • experiment_not_enabled
  error • Target of URI doesn't exist: 'package:android_driver_extensions/extension.dart' • flutter/dev/integration_tests/android_engine_test/lib/hcpp/tlhc_with_fallback_to_hc_errors_with_hcpp_enabled.dart:8:8 • uri_does_not_exist
  error • Target of URI doesn't exist: 'package:flutter_driver/driver_extension.dart' • flutter/dev/integration_tests/android_engine_test/lib/hcpp/tlhc_with_fallback_to_hc_errors_with_hcpp_enabled.dart:14:8 • uri_does_not_exist
  error • The function 'enableFlutterDriverExtension' isn't defined • flutter/dev/integration_tests/android_engine_test/lib/hcpp/tlhc_with_fallback_to_hc_errors_with_hcpp_enabled.dart:21:3 • undefined_function
  error • The name 'CommandExtension' isn't a type, so it can't be used as a type argument • flutter/dev/integration_tests/android_engine_test/lib/hcpp/tlhc_with_fallback_to_hc_errors_with_hcpp_enabled.dart:28:16 • non_type_as_type_argument
  error • Undefined name 'nativeDriverCommands' • flutter/dev/integration_tests/android_engine_test/lib/hcpp/tlhc_with_fallback_to_hc_errors_with_hcpp_enabled.dart:28:34 • undefined_identifier
  error • This requires the 'class-modifiers' language feature to be enabled • flutter/dev/integration_tests/android_engine_test/lib/hcpp/tlhc_with_fallback_to_hc_errors_with_hcpp_enabled.dart:64:1 • experiment_not_enabled
  error • This requires the 'class-modifiers' language feature to be enabled • flutter/dev/integration_tests/android_engine_test/lib/platform_view/_shared.dart:9:1 • experiment_not_enabled
  error • Target of URI doesn't exist: 'package:android_driver_extensions/extension.dart' • flutter/dev/integration_tests/android_engine_test/lib/platform_view/hybrid_composition_platform_view_main.dart:5:8 • uri_does_not_exist
  error • Target of URI doesn't exist: 'package:flutter_driver/driver_extension.dart' • flutter/dev/integration_tests/android_engine_test/lib/platform_view/hybrid_composition_platform_view_main.dart:11:8 • uri_does_not_exist
  error • The function 'enableFlutterDriverExtension' isn't defined • flutter/dev/integration_tests/android_engine_test/lib/platform_view/hybrid_composition_platform_view_main.dart:18:3 • undefined_function
  error • The name 'CommandExtension' isn't a type, so it can't be used as a type argument • flutter/dev/integration_tests/android_engine_test/lib/platform_view/hybrid_composition_platform_view_main.dart:18:43 • non_type_as_type_argument
  error • Undefined name 'nativeDriverCommands' • flutter/dev/integration_tests/android_engine_test/lib/platform_view/hybrid_composition_platform_view_main.dart:18:61 • undefined_identifier
  error • This requires the 'class-modifiers' language feature to be enabled • flutter/dev/integration_tests/android_engine_test/lib/platform_view/hybrid_composition_platform_view_main.dart:31:1 • experiment_not_enabled
  error • Target of URI doesn't exist: 'package:android_driver_extensions/extension.dart' • flutter/dev/integration_tests/android_engine_test/lib/platform_view/texture_layer_hybrid_composition_platform_view_main.dart:5:8 • uri_does_not_exist
  error • Target of URI doesn't exist: 'package:flutter_driver/driver_extension.dart' • flutter/dev/integration_tests/android_engine_test/lib/platform_view/texture_layer_hybrid_composition_platform_view_main.dart:8:8 • uri_does_not_exist
  error • The function 'enableFlutterDriverExtension' isn't defined • flutter/dev/integration_tests/android_engine_test/lib/platform_view/texture_layer_hybrid_composition_platform_view_main.dart:15:3 • undefined_function
  error • The name 'CommandExtension' isn't a type, so it can't be used as a type argument • flutter/dev/integration_tests/android_engine_test/lib/platform_view/texture_layer_hybrid_composition_platform_view_main.dart:15:43 • non_type_as_type_argument
  error • Undefined name 'nativeDriverCommands' • flutter/dev/integration_tests/android_engine_test/lib/platform_view/texture_layer_hybrid_composition_platform_view_main.dart:15:61 • undefined_identifier
  error • Target of URI doesn't exist: 'package:android_driver_extensions/extension.dart' • flutter/dev/integration_tests/android_engine_test/lib/platform_view/virtual_display_platform_view_main.dart:5:8 • uri_does_not_exist
  error • Target of URI doesn't exist: 'package:flutter_driver/driver_extension.dart' • flutter/dev/integration_tests/android_engine_test/lib/platform_view/virtual_display_platform_view_main.dart:8:8 • uri_does_not_exist
  error • The function 'enableFlutterDriverExtension' isn't defined • flutter/dev/integration_tests/android_engine_test/lib/platform_view/virtual_display_platform_view_main.dart:15:3 • undefined_function
  error • The name 'CommandExtension' isn't a type, so it can't be used as a type argument • flutter/dev/integration_tests/android_engine_test/lib/platform_view/virtual_display_platform_view_main.dart:15:43 • non_type_as_type_argument
  error • Undefined name 'nativeDriverCommands' • flutter/dev/integration_tests/android_engine_test/lib/platform_view/virtual_display_platform_view_main.dart:15:61 • undefined_identifier
  error • Target of URI doesn't exist: 'package:android_driver_extensions/extension.dart' • flutter/dev/integration_tests/android_engine_test/lib/platform_view_tap_color_change_main.dart:5:8 • uri_does_not_exist
  error • Target of URI doesn't exist: 'package:flutter_driver/driver_extension.dart' • flutter/dev/integration_tests/android_engine_test/lib/platform_view_tap_color_change_main.dart:8:8 • uri_does_not_exist
  error • The function 'enableFlutterDriverExtension' isn't defined • flutter/dev/integration_tests/android_engine_test/lib/platform_view_tap_color_change_main.dart:14:3 • undefined_function
  error • The name 'CommandExtension' isn't a type, so it can't be used as a type argument • flutter/dev/integration_tests/android_engine_test/lib/platform_view_tap_color_change_main.dart:14:43 • non_type_as_type_argument
  error • Undefined name 'nativeDriverCommands' • flutter/dev/integration_tests/android_engine_test/lib/platform_view_tap_color_change_main.dart:14:61 • undefined_identifier
  error • This requires the 'class-modifiers' language feature to be enabled • flutter/dev/integration_tests/android_engine_test/lib/platform_view_tap_color_change_main.dart:21:1 • experiment_not_enabled
warning • Target of URI doesn't exist: 'package:android_driver_extensions/skia_gold.dart' • flutter/dev/integration_tests/android_engine_test/test_driver/_unstable_gold_retry.dart:5:16 • uri_does_not_exist_in_doc_import
  error • Target of URI doesn't exist: 'package:android_driver_extensions/native_driver.dart' • flutter/dev/integration_tests/android_engine_test/test_driver/_unstable_gold_retry.dart:10:8 • uri_does_not_exist
  error • The function 'matchesGoldenFile' isn't defined • flutter/dev/integration_tests/android_engine_test/test_driver/_unstable_gold_retry.dart:16:33 • undefined_function
  error • This requires the 'class-modifiers' language feature to be enabled • flutter/dev/integration_tests/android_engine_test/test_driver/_unstable_gold_retry.dart:23:1 • experiment_not_enabled
  error • Target of URI doesn't exist: 'package:android_driver_extensions/native_driver.dart' • flutter/dev/integration_tests/android_engine_test/test_driver/engine_handle_test.dart:7:8 • uri_does_not_exist
  error • Target of URI doesn't exist: 'package:flutter_driver/flutter_driver.dart' • flutter/dev/integration_tests/android_engine_test/test_driver/engine_handle_test.dart:8:8 • uri_does_not_exist
  error • Target of URI doesn't exist: 'package:test/test.dart' • flutter/dev/integration_tests/android_engine_test/test_driver/engine_handle_test.dart:9:8 • uri_does_not_exist
  error • Undefined class 'FlutterDriver' • flutter/dev/integration_tests/android_engine_test/test_driver/engine_handle_test.dart:11:12 • undefined_class
  error • Undefined class 'NativeDriver' • flutter/dev/integration_tests/android_engine_test/test_driver/engine_handle_test.dart:12:12 • undefined_class
  error • The function 'setUpAll' isn't defined • flutter/dev/integration_tests/android_engine_test/test_driver/engine_handle_test.dart:15:3 • undefined_function
  error • Undefined name 'FlutterDriver' • flutter/dev/integration_tests/android_engine_test/test_driver/engine_handle_test.dart:16:27 • undefined_identifier
  error • Undefined name 'AndroidNativeDriver' • flutter/dev/integration_tests/android_engine_test/test_driver/engine_handle_test.dart:17:26 • undefined_identifier
  error • The function 'tearDownAll' isn't defined • flutter/dev/integration_tests/android_engine_test/test_driver/engine_handle_test.dart:20:3 • undefined_function
  error • The function 'test' isn't defined • flutter/dev/integration_tests/android_engine_test/test_driver/engine_handle_test.dart:26:3 • undefined_function
  error • The function 'expect' isn't defined • flutter/dev/integration_tests/android_engine_test/test_driver/engine_handle_test.dart:29:5 • undefined_function
  error • Undefined name 'Timeout' • flutter/dev/integration_tests/android_engine_test/test_driver/engine_handle_test.dart:36:15 • undefined_identifier
  error • Target of URI doesn't exist: 'package:android_driver_extensions/native_driver.dart' • flutter/dev/integration_tests/android_engine_test/test_driver/external_texture/surface_producer_smiley_face_main_test.dart:5:8 • uri_does_not_exist
  error • Target of URI doesn't exist: 'package:android_driver_extensions/skia_gold.dart' • flutter/dev/integration_tests/android_engine_test/test_driver/external_texture/surface_producer_smiley_face_main_test.dart:6:8 • uri_does_not_exist
  error • Target of URI doesn't exist: 'package:flutter_driver/flutter_driver.dart' • flutter/dev/integration_tests/android_engine_test/test_driver/external_texture/surface_producer_smiley_face_main_test.dart:7:8 • uri_does_not_exist
  error • Target of URI doesn't exist: 'package:test/test.dart' • flutter/dev/integration_tests/android_engine_test/test_driver/external_texture/surface_producer_smiley_face_main_test.dart:8:8 • uri_does_not_exist
  error • Undefined class 'FlutterDriver' • flutter/dev/integration_tests/android_engine_test/test_driver/external_texture/surface_producer_smiley_face_main_test.dart:27:14 • undefined_class
  error • Undefined class 'NativeDriver' • flutter/dev/integration_tests/android_engine_test/test_driver/external_texture/surface_producer_smiley_face_main_test.dart:28:14 • undefined_class
  error • The function 'setUpAll' isn't defined • flutter/dev/integration_tests/android_engine_test/test_driver/external_texture/surface_producer_smiley_face_main_test.dart:30:3 • undefined_function
  error • The function 'enableSkiaGoldComparator' isn't defined • flutter/dev/integration_tests/android_engine_test/test_driver/external_texture/surface_producer_smiley_face_main_test.dart:32:13 • undefined_function
  error • Undefined name 'FlutterDriver' • flutter/dev/integration_tests/android_engine_test/test_driver/external_texture/surface_producer_smiley_face_main_test.dart:34:27 • undefined_identifier
  error • Undefined name 'AndroidNativeDriver' • flutter/dev/integration_tests/android_engine_test/test_driver/external_texture/surface_producer_smiley_face_main_test.dart:35:26 • undefined_identifier
  error • The function 'tearDownAll' isn't defined • flutter/dev/integration_tests/android_engine_test/test_driver/external_texture/surface_producer_smiley_face_main_test.dart:39:3 • undefined_function
  error • The function 'test' isn't defined • flutter/dev/integration_tests/android_engine_test/test_driver/external_texture/surface_producer_smiley_face_main_test.dart:44:3 • undefined_function
  error • Expected to find ')' • flutter/dev/integration_tests/android_engine_test/test_driver/external_texture/surface_producer_smiley_face_main_test.dart:46:22 • expected_token
  error • The function 'expectLater' isn't defined • flutter/dev/integration_tests/android_engine_test/test_driver/external_texture/surface_producer_smiley_face_main_test.dart:57:11 • undefined_function
  error • The function 'matchesGoldenFile' isn't defined • flutter/dev/integration_tests/android_engine_test/test_driver/external_texture/surface_producer_smiley_face_main_test.dart:59:7 • undefined_function
  error • Undefined name 'Timeout' • flutter/dev/integration_tests/android_engine_test/test_driver/external_texture/surface_producer_smiley_face_main_test.dart:61:15 • undefined_identifier
  error • Target of URI doesn't exist: 'package:android_driver_extensions/native_driver.dart' • flutter/dev/integration_tests/android_engine_test/test_driver/external_texture/surface_texture_smiley_face_main_test.dart:5:8 • uri_does_not_exist
  error • Target of URI doesn't exist: 'package:android_driver_extensions/skia_gold.dart' • flutter/dev/integration_tests/android_engine_test/test_driver/external_texture/surface_texture_smiley_face_main_test.dart:6:8 • uri_does_not_exist
  error • Target of URI doesn't exist: 'package:flutter_driver/flutter_driver.dart' • flutter/dev/integration_tests/android_engine_test/test_driver/external_texture/surface_texture_smiley_face_main_test.dart:7:8 • uri_does_not_exist
  error • Target of URI doesn't exist: 'package:test/test.dart' • flutter/dev/integration_tests/android_engine_test/test_driver/external_texture/surface_texture_smiley_face_main_test.dart:8:8 • uri_does_not_exist
  error • Undefined class 'FlutterDriver' • flutter/dev/integration_tests/android_engine_test/test_driver/external_texture/surface_texture_smiley_face_main_test.dart:26:14 • undefined_class
  error • Undefined class 'NativeDriver' • flutter/dev/integration_tests/android_engine_test/test_driver/external_texture/surface_texture_smiley_face_main_test.dart:27:14 • undefined_class
  error • The function 'setUpAll' isn't defined • flutter/dev/integration_tests/android_engine_test/test_driver/external_texture/surface_texture_smiley_face_main_test.dart:29:3 • undefined_function
  error • The function 'enableSkiaGoldComparator' isn't defined • flutter/dev/integration_tests/android_engine_test/test_driver/external_texture/surface_texture_smiley_face_main_test.dart:31:13 • undefined_function
  error • Undefined name 'FlutterDriver' • flutter/dev/integration_tests/android_engine_test/test_driver/external_texture/surface_texture_smiley_face_main_test.dart:33:27 • undefined_identifier
  error • Undefined name 'AndroidNativeDriver' • flutter/dev/integration_tests/android_engine_test/test_driver/external_texture/surface_texture_smiley_face_main_test.dart:34:26 • undefined_identifier
  error • The function 'tearDownAll' isn't defined • flutter/dev/integration_tests/android_engine_test/test_driver/external_texture/surface_texture_smiley_face_main_test.dart:38:3 • undefined_function
  error • The function 'test' isn't defined • flutter/dev/integration_tests/android_engine_test/test_driver/external_texture/surface_texture_smiley_face_main_test.dart:43:3 • undefined_function
  error • The function 'expectLater' isn't defined • flutter/dev/integration_tests/android_engine_test/test_driver/external_texture/surface_texture_smiley_face_main_test.dart:44:11 • undefined_function
  error • The function 'matchesGoldenFile' isn't defined • flutter/dev/integration_tests/android_engine_test/test_driver/external_texture/surface_texture_smiley_face_main_test.dart:46:7 • undefined_function
  error • Undefined name 'Timeout' • flutter/dev/integration_tests/android_engine_test/test_driver/external_texture/surface_texture_smiley_face_main_test.dart:48:15 • undefined_identifier
  error • Target of URI doesn't exist: 'package:android_driver_extensions/native_driver.dart' • flutter/dev/integration_tests/android_engine_test/test_driver/flutter_rendered_blue_rectangle_main_test.dart:5:8 • uri_does_not_exist
  error • Target of URI doesn't exist: 'package:android_driver_extensions/skia_gold.dart' • flutter/dev/integration_tests/android_engine_test/test_driver/flutter_rendered_blue_rectangle_main_test.dart:6:8 • uri_does_not_exist
  error • Target of URI doesn't exist: 'package:flutter_driver/flutter_driver.dart' • flutter/dev/integration_tests/android_engine_test/test_driver/flutter_rendered_blue_rectangle_main_test.dart:7:8 • uri_does_not_exist
  error • Target of URI doesn't exist: 'package:test/test.dart' • flutter/dev/integration_tests/android_engine_test/test_driver/flutter_rendered_blue_rectangle_main_test.dart:8:8 • uri_does_not_exist
  error • Undefined class 'FlutterDriver' • flutter/dev/integration_tests/android_engine_test/test_driver/flutter_rendered_blue_rectangle_main_test.dart:26:14 • undefined_class
  error • Undefined class 'NativeDriver' • flutter/dev/integration_tests/android_engine_test/test_driver/flutter_rendered_blue_rectangle_main_test.dart:27:14 • undefined_class
  error • The function 'setUpAll' isn't defined • flutter/dev/integration_tests/android_engine_test/test_driver/flutter_rendered_blue_rectangle_main_test.dart:29:3 • undefined_function
  error • The function 'enableSkiaGoldComparator' isn't defined • flutter/dev/integration_tests/android_engine_test/test_driver/flutter_rendered_blue_rectangle_main_test.dart:31:13 • undefined_function
  error • Undefined name 'FlutterDriver' • flutter/dev/integration_tests/android_engine_test/test_driver/flutter_rendered_blue_rectangle_main_test.dart:33:27 • undefined_identifier
  error • Undefined name 'AndroidNativeDriver' • flutter/dev/integration_tests/android_engine_test/test_driver/flutter_rendered_blue_rectangle_main_test.dart:34:26 • undefined_identifier
  error • The function 'tearDownAll' isn't defined • flutter/dev/integration_tests/android_engine_test/test_driver/flutter_rendered_blue_rectangle_main_test.dart:38:3 • undefined_function
  error • The function 'test' isn't defined • flutter/dev/integration_tests/android_engine_test/test_driver/flutter_rendered_blue_rectangle_main_test.dart:43:3 • undefined_function
  error • The function 'expectLater' isn't defined • flutter/dev/integration_tests/android_engine_test/test_driver/flutter_rendered_blue_rectangle_main_test.dart:44:11 • undefined_function
  error • The function 'matchesGoldenFile' isn't defined • flutter/dev/integration_tests/android_engine_test/test_driver/flutter_rendered_blue_rectangle_main_test.dart:46:7 • undefined_function
  error • Undefined name 'Timeout' • flutter/dev/integration_tests/android_engine_test/test_driver/flutter_rendered_blue_rectangle_main_test.dart:48:15 • undefined_identifier
  error • Target of URI doesn't exist: 'package:android_driver_extensions/native_driver.dart' • flutter/dev/integration_tests/android_engine_test/test_driver/hcpp/hc_errors_with_hcpp_enabled_test.dart:7:8 • uri_does_not_exist
  error • Target of URI doesn't exist: 'package:android_driver_extensions/skia_gold.dart' • flutter/dev/integration_tests/android_engine_test/test_driver/hcpp/hc_errors_with_hcpp_enabled_test.dart:8:8 • uri_does_not_exist
  error • Target of URI doesn't exist: 'package:flutter_driver/flutter_driver.dart' • flutter/dev/integration_tests/android_engine_test/test_driver/hcpp/hc_errors_with_hcpp_enabled_test.dart:9:8 • uri_does_not_exist
  error • Target of URI doesn't exist: 'package:test/test.dart' • flutter/dev/integration_tests/android_engine_test/test_driver/hcpp/hc_errors_with_hcpp_enabled_test.dart:10:8 • uri_does_not_exist
  error • Undefined class 'FlutterDriver' • flutter/dev/integration_tests/android_engine_test/test_driver/hcpp/hc_errors_with_hcpp_enabled_test.dart:15:14 • undefined_class
  error • Undefined class 'NativeDriver' • flutter/dev/integration_tests/android_engine_test/test_driver/hcpp/hc_errors_with_hcpp_enabled_test.dart:16:14 • undefined_class
  error • The function 'setUpAll' isn't defined • flutter/dev/integration_tests/android_engine_test/test_driver/hcpp/hc_errors_with_hcpp_enabled_test.dart:18:3 • undefined_function
  error • The function 'enableSkiaGoldComparator' isn't defined • flutter/dev/integration_tests/android_engine_test/test_driver/hcpp/hc_errors_with_hcpp_enabled_test.dart:20:13 • undefined_function
  error • Undefined name 'FlutterDriver' • flutter/dev/integration_tests/android_engine_test/test_driver/hcpp/hc_errors_with_hcpp_enabled_test.dart:22:27 • undefined_identifier
  error • Undefined name 'AndroidNativeDriver' • flutter/dev/integration_tests/android_engine_test/test_driver/hcpp/hc_errors_with_hcpp_enabled_test.dart:23:26 • undefined_identifier
  error • The function 'tearDownAll' isn't defined • flutter/dev/integration_tests/android_engine_test/test_driver/hcpp/hc_errors_with_hcpp_enabled_test.dart:28:3 • undefined_function
  error • The function 'test' isn't defined • flutter/dev/integration_tests/android_engine_test/test_driver/hcpp/hc_errors_with_hcpp_enabled_test.dart:33:3 • undefined_function
  error • The function 'expect' isn't defined • flutter/dev/integration_tests/android_engine_test/test_driver/hcpp/hc_errors_with_hcpp_enabled_test.dart:37:5 • undefined_function
  error • Undefined name 'Timeout' • flutter/dev/integration_tests/android_engine_test/test_driver/hcpp/hc_errors_with_hcpp_enabled_test.dart:38:15 • undefined_identifier
  error • The function 'test' isn't defined • flutter/dev/integration_tests/android_engine_test/test_driver/hcpp/hc_errors_with_hcpp_enabled_test.dart:40:3 • undefined_function
  error • Undefined name 'find' • flutter/dev/integration_tests/android_engine_test/test_driver/hcpp/hc_errors_with_hcpp_enabled_test.dart:43:31 • undefined_identifier
  error • The function 'expect' isn't defined • flutter/dev/integration_tests/android_engine_test/test_driver/hcpp/hc_errors_with_hcpp_enabled_test.dart:47:7 • undefined_function
  error • The function 'contains' isn't defined • flutter/dev/integration_tests/android_engine_test/test_driver/hcpp/hc_errors_with_hcpp_enabled_test.dart:47:42 • undefined_function
  error • Undefined name 'Timeout' • flutter/dev/integration_tests/android_engine_test/test_driver/hcpp/hc_errors_with_hcpp_enabled_test.dart:49:14 • undefined_identifier
  error • Target of URI doesn't exist: 'package:android_driver_extensions/native_driver.dart' • flutter/dev/integration_tests/android_engine_test/test_driver/hcpp/platform_view_clippath_main_test.dart:7:8 • uri_does_not_exist
  error • Target of URI doesn't exist: 'package:android_driver_extensions/skia_gold.dart' • flutter/dev/integration_tests/android_engine_test/test_driver/hcpp/platform_view_clippath_main_test.dart:8:8 • uri_does_not_exist
  error • Target of URI doesn't exist: 'package:flutter_driver/flutter_driver.dart' • flutter/dev/integration_tests/android_engine_test/test_driver/hcpp/platform_view_clippath_main_test.dart:9:8 • uri_does_not_exist
  error • Target of URI doesn't exist: 'package:test/test.dart' • flutter/dev/integration_tests/android_engine_test/test_driver/hcpp/platform_view_clippath_main_test.dart:10:8 • uri_does_not_exist
  error • Undefined class 'FlutterDriver' • flutter/dev/integration_tests/android_engine_test/test_driver/hcpp/platform_view_clippath_main_test.dart:30:14 • undefined_class
  error • Undefined class 'NativeDriver' • flutter/dev/integration_tests/android_engine_test/test_driver/hcpp/platform_view_clippath_main_test.dart:31:14 • undefined_class
  error • The function 'setUpAll' isn't defined • flutter/dev/integration_tests/android_engine_test/test_driver/hcpp/platform_view_clippath_main_test.dart:33:3 • undefined_function
  error • The function 'enableSkiaGoldComparator' isn't defined • flutter/dev/integration_tests/android_engine_test/test_driver/hcpp/platform_view_clippath_main_test.dart:35:13 • undefined_function
  error • Undefined name 'FlutterDriver' • flutter/dev/integration_tests/android_engine_test/test_driver/hcpp/platform_view_clippath_main_test.dart:37:27 • undefined_identifier
  error • Undefined name 'AndroidNativeDriver' • flutter/dev/integration_tests/android_engine_test/test_driver/hcpp/platform_view_clippath_main_test.dart:38:26 • undefined_identifier
  error • The function 'tearDownAll' isn't defined • flutter/dev/integration_tests/android_engine_test/test_driver/hcpp/platform_view_clippath_main_test.dart:43:3 • undefined_function
  error • The function 'test' isn't defined • flutter/dev/integration_tests/android_engine_test/test_driver/hcpp/platform_view_clippath_main_test.dart:48:3 • undefined_function
  error • The function 'expect' isn't defined • flutter/dev/integration_tests/android_engine_test/test_driver/hcpp/platform_view_clippath_main_test.dart:52:5 • undefined_function
  error • Undefined name 'Timeout' • flutter/dev/integration_tests/android_engine_test/test_driver/hcpp/platform_view_clippath_main_test.dart:53:15 • undefined_identifier
  error • The function 'test' isn't defined • flutter/dev/integration_tests/android_engine_test/test_driver/hcpp/platform_view_clippath_main_test.dart:55:3 • undefined_function
  error • The function 'expectLater' isn't defined • flutter/dev/integration_tests/android_engine_test/test_driver/hcpp/platform_view_clippath_main_test.dart:56:11 • undefined_function
  error • The function 'matchesGoldenFile' isn't defined • flutter/dev/integration_tests/android_engine_test/test_driver/hcpp/platform_view_clippath_main_test.dart:58:7 • undefined_function
  error • Undefined name 'Timeout' • flutter/dev/integration_tests/android_engine_test/test_driver/hcpp/platform_view_clippath_main_test.dart:60:15 • undefined_identifier
  error • The function 'test' isn't defined • flutter/dev/integration_tests/android_engine_test/test_driver/hcpp/platform_view_clippath_main_test.dart:62:3 • undefined_function
  error • Undefined name 'find' • flutter/dev/integration_tests/android_engine_test/test_driver/hcpp/platform_view_clippath_main_test.dart:65:31 • undefined_identifier
  error • The function 'expectLater' isn't defined • flutter/dev/integration_tests/android_engine_test/test_driver/hcpp/platform_view_clippath_main_test.dart:66:13 • undefined_function
  error • The function 'matchesGoldenFile' isn't defined • flutter/dev/integration_tests/android_engine_test/test_driver/hcpp/platform_view_clippath_main_test.dart:68:9 • undefined_function
  error • Undefined name 'find' • flutter/dev/integration_tests/android_engine_test/test_driver/hcpp/platform_view_clippath_main_test.dart:70:31 • undefined_identifier
  error • The function 'expectLater' isn't defined • flutter/dev/integration_tests/android_engine_test/test_driver/hcpp/platform_view_clippath_main_test.dart:71:13 • undefined_function
  error • The function 'matchesGoldenFile' isn't defined • flutter/dev/integration_tests/android_engine_test/test_driver/hcpp/platform_view_clippath_main_test.dart:73:9 • undefined_function
  error • Undefined name 'Timeout' • flutter/dev/integration_tests/android_engine_test/test_driver/hcpp/platform_view_clippath_main_test.dart:76:14 • undefined_identifier
  error • The function 'test' isn't defined • flutter/dev/integration_tests/android_engine_test/test_driver/hcpp/platform_view_clippath_main_test.dart:79:3 • undefined_function
  error • Undefined name 'find' • flutter/dev/integration_tests/android_engine_test/test_driver/hcpp/platform_view_clippath_main_test.dart:82:31 • undefined_identifier
  error • The function 'expectLater' isn't defined • flutter/dev/integration_tests/android_engine_test/test_driver/hcpp/platform_view_clippath_main_test.dart:83:13 • undefined_function
  error • The function 'matchesGoldenFile' isn't defined • flutter/dev/integration_tests/android_engine_test/test_driver/hcpp/platform_view_clippath_main_test.dart:85:9 • undefined_function
  error • Undefined name 'find' • flutter/dev/integration_tests/android_engine_test/test_driver/hcpp/platform_view_clippath_main_test.dart:87:31 • undefined_identifier
  error • The function 'expectLater' isn't defined • flutter/dev/integration_tests/android_engine_test/test_driver/hcpp/platform_view_clippath_main_test.dart:88:13 • undefined_function
  error • The function 'matchesGoldenFile' isn't defined • flutter/dev/integration_tests/android_engine_test/test_driver/hcpp/platform_view_clippath_main_test.dart:90:9 • undefined_function
  error • Undefined name 'Timeout' • flutter/dev/integration_tests/android_engine_test/test_driver/hcpp/platform_view_clippath_main_test.dart:93:14 • undefined_identifier
  error • The function 'test' isn't defined • flutter/dev/integration_tests/android_engine_test/test_driver/hcpp/platform_view_clippath_main_test.dart:96:3 • undefined_function
  error • Undefined name 'find' • flutter/dev/integration_tests/android_engine_test/test_driver/hcpp/platform_view_clippath_main_test.dart:97:29 • undefined_identifier
  error • The function 'expectLater' isn't defined • flutter/dev/integration_tests/android_engine_test/test_driver/hcpp/platform_view_clippath_main_test.dart:98:11 • undefined_function
  error • The function 'matchesGoldenFile' isn't defined • flutter/dev/integration_tests/android_engine_test/test_driver/hcpp/platform_view_clippath_main_test.dart:100:7 • undefined_function
  error • Undefined name 'find' • flutter/dev/integration_tests/android_engine_test/test_driver/hcpp/platform_view_clippath_main_test.dart:102:29 • undefined_identifier
  error • The function 'expectLater' isn't defined • flutter/dev/integration_tests/android_engine_test/test_driver/hcpp/platform_view_clippath_main_test.dart:103:11 • undefined_function
  error • The function 'matchesGoldenFile' isn't defined • flutter/dev/integration_tests/android_engine_test/test_driver/hcpp/platform_view_clippath_main_test.dart:105:7 • undefined_function
  error • Undefined name 'Timeout' • flutter/dev/integration_tests/android_engine_test/test_driver/hcpp/platform_view_clippath_main_test.dart:107:15 • undefined_identifier
  error • The function 'test' isn't defined • flutter/dev/integration_tests/android_engine_test/test_driver/hcpp/platform_view_clippath_main_test.dart:109:3 • undefined_function
  error • Undefined name 'find' • flutter/dev/integration_tests/android_engine_test/test_driver/hcpp/platform_view_clippath_main_test.dart:110:29 • undefined_identifier
  error • The function 'expectLater' isn't defined • flutter/dev/integration_tests/android_engine_test/test_driver/hcpp/platform_view_clippath_main_test.dart:111:11 • undefined_function
  error • The function 'matchesGoldenFile' isn't defined • flutter/dev/integration_tests/android_engine_test/test_driver/hcpp/platform_view_clippath_main_test.dart:113:7 • undefined_function
  error • Undefined name 'find' • flutter/dev/integration_tests/android_engine_test/test_driver/hcpp/platform_view_clippath_main_test.dart:115:29 • undefined_identifier
  error • The function 'expectLater' isn't defined • flutter/dev/integration_tests/android_engine_test/test_driver/hcpp/platform_view_clippath_main_test.dart:116:11 • undefined_function
  error • The function 'matchesGoldenFile' isn't defined • flutter/dev/integration_tests/android_engine_test/test_driver/hcpp/platform_view_clippath_main_test.dart:118:7 • undefined_function
  error • Undefined name 'Timeout' • flutter/dev/integration_tests/android_engine_test/test_driver/hcpp/platform_view_clippath_main_test.dart:120:15 • undefined_identifier
  error • The function 'test' isn't defined • flutter/dev/integration_tests/android_engine_test/test_driver/hcpp/platform_view_clippath_main_test.dart:122:3 • undefined_function
  error • Undefined name 'find' • flutter/dev/integration_tests/android_engine_test/test_driver/hcpp/platform_view_clippath_main_test.dart:123:29 • undefined_identifier
  error • Undefined name 'find' • flutter/dev/integration_tests/android_engine_test/test_driver/hcpp/platform_view_clippath_main_test.dart:124:29 • undefined_identifier
  error • Undefined name 'find' • flutter/dev/integration_tests/android_engine_test/test_driver/hcpp/platform_view_clippath_main_test.dart:125:29 • undefined_identifier
  error • The function 'expectLater' isn't defined • flutter/dev/integration_tests/android_engine_test/test_driver/hcpp/platform_view_clippath_main_test.dart:126:11 • undefined_function
  error • The function 'matchesGoldenFile' isn't defined • flutter/dev/integration_tests/android_engine_test/test_driver/hcpp/platform_view_clippath_main_test.dart:128:7 • undefined_function
  error • Undefined name 'Timeout' • flutter/dev/integration_tests/android_engine_test/test_driver/hcpp/platform_view_clippath_main_test.dart:130:15 • undefined_identifier
  error • Target of URI doesn't exist: 'package:android_driver_extensions/native_driver.dart' • flutter/dev/integration_tests/android_engine_test/test_driver/hcpp/platform_view_main_test.dart:7:8 • uri_does_not_exist
  error • Target of URI doesn't exist: 'package:android_driver_extensions/skia_gold.dart' • flutter/dev/integration_tests/android_engine_test/test_driver/hcpp/platform_view_main_test.dart:8:8 • uri_does_not_exist
  error • Target of URI doesn't exist: 'package:flutter_driver/flutter_driver.dart' • flutter/dev/integration_tests/android_engine_test/test_driver/hcpp/platform_view_main_test.dart:9:8 • uri_does_not_exist
  error • Target of URI doesn't exist: 'package:test/test.dart' • flutter/dev/integration_tests/android_engine_test/test_driver/hcpp/platform_view_main_test.dart:10:8 • uri_does_not_exist
  error • Undefined class 'FlutterDriver' • flutter/dev/integration_tests/android_engine_test/test_driver/hcpp/platform_view_main_test.dart:30:14 • undefined_class
  error • Undefined class 'NativeDriver' • flutter/dev/integration_tests/android_engine_test/test_driver/hcpp/platform_view_main_test.dart:31:14 • undefined_class
  error • The function 'setUpAll' isn't defined • flutter/dev/integration_tests/android_engine_test/test_driver/hcpp/platform_view_main_test.dart:33:3 • undefined_function
  error • The function 'enableSkiaGoldComparator' isn't defined • flutter/dev/integration_tests/android_engine_test/test_driver/hcpp/platform_view_main_test.dart:35:13 • undefined_function
  error • Undefined name 'FlutterDriver' • flutter/dev/integration_tests/android_engine_test/test_driver/hcpp/platform_view_main_test.dart:37:27 • undefined_identifier
  error • Undefined name 'AndroidNativeDriver' • flutter/dev/integration_tests/android_engine_test/test_driver/hcpp/platform_view_main_test.dart:38:26 • undefined_identifier
  error • The function 'tearDownAll' isn't defined • flutter/dev/integration_tests/android_engine_test/test_driver/hcpp/platform_view_main_test.dart:43:3 • undefined_function
  error • Undefined name 'find' • flutter/dev/integration_tests/android_engine_test/test_driver/hcpp/platform_view_main_test.dart:44:29 • undefined_identifier
  error • The function 'test' isn't defined • flutter/dev/integration_tests/android_engine_test/test_driver/hcpp/platform_view_main_test.dart:50:3 • undefined_function
  error • The function 'expect' isn't defined • flutter/dev/integration_tests/android_engine_test/test_driver/hcpp/platform_view_main_test.dart:54:5 • undefined_function
  error • Undefined name 'Timeout' • flutter/dev/integration_tests/android_engine_test/test_driver/hcpp/platform_view_main_test.dart:55:15 • undefined_identifier
  error • The function 'test' isn't defined • flutter/dev/integration_tests/android_engine_test/test_driver/hcpp/platform_view_main_test.dart:57:3 • undefined_function
  error • The function 'expectLater' isn't defined • flutter/dev/integration_tests/android_engine_test/test_driver/hcpp/platform_view_main_test.dart:58:11 • undefined_function
  error • The function 'matchesGoldenFile' isn't defined • flutter/dev/integration_tests/android_engine_test/test_driver/hcpp/platform_view_main_test.dart:60:7 • undefined_function
  error • Undefined name 'Timeout' • flutter/dev/integration_tests/android_engine_test/test_driver/hcpp/platform_view_main_test.dart:62:15 • undefined_identifier
  error • The function 'test' isn't defined • flutter/dev/integration_tests/android_engine_test/test_driver/hcpp/platform_view_main_test.dart:64:3 • undefined_function
  error • The function 'expectLater' isn't defined • flutter/dev/integration_tests/android_engine_test/test_driver/hcpp/platform_view_main_test.dart:66:11 • undefined_function
  error • The function 'matchesGoldenFile' isn't defined • flutter/dev/integration_tests/android_engine_test/test_driver/hcpp/platform_view_main_test.dart:68:7 • undefined_function
  error • The function 'expectLater' isn't defined • flutter/dev/integration_tests/android_engine_test/test_driver/hcpp/platform_view_main_test.dart:72:11 • undefined_function
  error • The function 'matchesGoldenFile' isn't defined • flutter/dev/integration_tests/android_engine_test/test_driver/hcpp/platform_view_main_test.dart:74:7 • undefined_function
  error • Undefined name 'Timeout' • flutter/dev/integration_tests/android_engine_test/test_driver/hcpp/platform_view_main_test.dart:76:15 • undefined_identifier
  error • The function 'test' isn't defined • flutter/dev/integration_tests/android_engine_test/test_driver/hcpp/platform_view_main_test.dart:80:3 • undefined_function
  error • Undefined name 'find' • flutter/dev/integration_tests/android_engine_test/test_driver/hcpp/platform_view_main_test.dart:81:29 • undefined_identifier
  error • The function 'expectLater' isn't defined • flutter/dev/integration_tests/android_engine_test/test_driver/hcpp/platform_view_main_test.dart:84:11 • undefined_function
  error • The function 'matchesGoldenFile' isn't defined • flutter/dev/integration_tests/android_engine_test/test_driver/hcpp/platform_view_main_test.dart:86:7 • undefined_function
  error • Undefined name 'Timeout' • flutter/dev/integration_tests/android_engine_test/test_driver/hcpp/platform_view_main_test.dart:88:15 • undefined_identifier
  error • Target of URI doesn't exist: 'package:android_driver_extensions/native_driver.dart' • flutter/dev/integration_tests/android_engine_test/test_driver/hcpp/platform_view_opacity_main_test.dart:7:8 • uri_does_not_exist
  error • Target of URI doesn't exist: 'package:android_driver_extensions/skia_gold.dart' • flutter/dev/integration_tests/android_engine_test/test_driver/hcpp/platform_view_opacity_main_test.dart:8:8 • uri_does_not_exist
  error • Target of URI doesn't exist: 'package:flutter_driver/flutter_driver.dart' • flutter/dev/integration_tests/android_engine_test/test_driver/hcpp/platform_view_opacity_main_test.dart:9:8 • uri_does_not_exist
  error • Target of URI doesn't exist: 'package:test/test.dart' • flutter/dev/integration_tests/android_engine_test/test_driver/hcpp/platform_view_opacity_main_test.dart:10:8 • uri_does_not_exist
  error • Undefined class 'FlutterDriver' • flutter/dev/integration_tests/android_engine_test/test_driver/hcpp/platform_view_opacity_main_test.dart:30:14 • undefined_class
  error • Undefined class 'NativeDriver' • flutter/dev/integration_tests/android_engine_test/test_driver/hcpp/platform_view_opacity_main_test.dart:31:14 • undefined_class
  error • The function 'setUpAll' isn't defined • flutter/dev/integration_tests/android_engine_test/test_driver/hcpp/platform_view_opacity_main_test.dart:33:3 • undefined_function
  error • The function 'enableSkiaGoldComparator' isn't defined • flutter/dev/integration_tests/android_engine_test/test_driver/hcpp/platform_view_opacity_main_test.dart:35:13 • undefined_function
  error • Undefined name 'FlutterDriver' • flutter/dev/integration_tests/android_engine_test/test_driver/hcpp/platform_view_opacity_main_test.dart:37:27 • undefined_identifier
  error • Undefined name 'AndroidNativeDriver' • flutter/dev/integration_tests/android_engine_test/test_driver/hcpp/platform_view_opacity_main_test.dart:38:26 • undefined_identifier
  error • The function 'tearDownAll' isn't defined • flutter/dev/integration_tests/android_engine_test/test_driver/hcpp/platform_view_opacity_main_test.dart:43:3 • undefined_function
  error • The function 'test' isn't defined • flutter/dev/integration_tests/android_engine_test/test_driver/hcpp/platform_view_opacity_main_test.dart:48:3 • undefined_function
  error • The function 'expect' isn't defined • flutter/dev/integration_tests/android_engine_test/test_driver/hcpp/platform_view_opacity_main_test.dart:52:5 • undefined_function
  error • Undefined name 'Timeout' • flutter/dev/integration_tests/android_engine_test/test_driver/hcpp/platform_view_opacity_main_test.dart:53:15 • undefined_identifier
  error • The function 'test' isn't defined • flutter/dev/integration_tests/android_engine_test/test_driver/hcpp/platform_view_opacity_main_test.dart:55:3 • undefined_function
  error • The function 'expectLater' isn't defined • flutter/dev/integration_tests/android_engine_test/test_driver/hcpp/platform_view_opacity_main_test.dart:56:11 • undefined_function
  error • The function 'matchesGoldenFile' isn't defined • flutter/dev/integration_tests/android_engine_test/test_driver/hcpp/platform_view_opacity_main_test.dart:56:50 • undefined_function
  error • Undefined name 'Timeout' • flutter/dev/integration_tests/android_engine_test/test_driver/hcpp/platform_view_opacity_main_test.dart:57:15 • undefined_identifier
  error • The function 'test' isn't defined • flutter/dev/integration_tests/android_engine_test/test_driver/hcpp/platform_view_opacity_main_test.dart:59:3 • undefined_function
  error • The function 'expectLater' isn't defined • flutter/dev/integration_tests/android_engine_test/test_driver/hcpp/platform_view_opacity_main_test.dart:60:11 • undefined_function
  error • The function 'matchesGoldenFile' isn't defined • flutter/dev/integration_tests/android_engine_test/test_driver/hcpp/platform_view_opacity_main_test.dart:60:50 • undefined_function
  error • Undefined name 'find' • flutter/dev/integration_tests/android_engine_test/test_driver/hcpp/platform_view_opacity_main_test.dart:61:29 • undefined_identifier
  error • The function 'expectLater' isn't defined • flutter/dev/integration_tests/android_engine_test/test_driver/hcpp/platform_view_opacity_main_test.dart:62:11 • undefined_function
  error • The function 'matchesGoldenFile' isn't defined • flutter/dev/integration_tests/android_engine_test/test_driver/hcpp/platform_view_opacity_main_test.dart:62:50 • undefined_function
  error • Undefined name 'Timeout' • flutter/dev/integration_tests/android_engine_test/test_driver/hcpp/platform_view_opacity_main_test.dart:63:15 • undefined_identifier
  error • Target of URI doesn't exist: 'package:android_driver_extensions/native_driver.dart' • flutter/dev/integration_tests/android_engine_test/test_driver/hcpp/platform_view_overlapping_main_test.dart:7:8 • uri_does_not_exist
  error • Target of URI doesn't exist: 'package:android_driver_extensions/skia_gold.dart' • flutter/dev/integration_tests/android_engine_test/test_driver/hcpp/platform_view_overlapping_main_test.dart:8:8 • uri_does_not_exist
  error • Target of URI doesn't exist: 'package:flutter_driver/flutter_driver.dart' • flutter/dev/integration_tests/android_engine_test/test_driver/hcpp/platform_view_overlapping_main_test.dart:9:8 • uri_does_not_exist
  error • Target of URI doesn't exist: 'package:test/test.dart' • flutter/dev/integration_tests/android_engine_test/test_driver/hcpp/platform_view_overlapping_main_test.dart:10:8 • uri_does_not_exist
  error • Undefined class 'FlutterDriver' • flutter/dev/integration_tests/android_engine_test/test_driver/hcpp/platform_view_overlapping_main_test.dart:30:14 • undefined_class
  error • Undefined class 'NativeDriver' • flutter/dev/integration_tests/android_engine_test/test_driver/hcpp/platform_view_overlapping_main_test.dart:31:14 • undefined_class
  error • The function 'setUpAll' isn't defined • flutter/dev/integration_tests/android_engine_test/test_driver/hcpp/platform_view_overlapping_main_test.dart:33:3 • undefined_function
  error • The function 'enableSkiaGoldComparator' isn't defined • flutter/dev/integration_tests/android_engine_test/test_driver/hcpp/platform_view_overlapping_main_test.dart:35:13 • undefined_function
  error • Undefined name 'FlutterDriver' • flutter/dev/integration_tests/android_engine_test/test_driver/hcpp/platform_view_overlapping_main_test.dart:37:27 • undefined_identifier
  error • Undefined name 'AndroidNativeDriver' • flutter/dev/integration_tests/android_engine_test/test_driver/hcpp/platform_view_overlapping_main_test.dart:38:26 • undefined_identifier
  error • The function 'tearDownAll' isn't defined • flutter/dev/integration_tests/android_engine_test/test_driver/hcpp/platform_view_overlapping_main_test.dart:43:3 • undefined_function
  error • The function 'test' isn't defined • flutter/dev/integration_tests/android_engine_test/test_driver/hcpp/platform_view_overlapping_main_test.dart:48:3 • undefined_function
  error • The function 'expect' isn't defined • flutter/dev/integration_tests/android_engine_test/test_driver/hcpp/platform_view_overlapping_main_test.dart:52:5 • undefined_function
  error • Undefined name 'Timeout' • flutter/dev/integration_tests/android_engine_test/test_driver/hcpp/platform_view_overlapping_main_test.dart:53:15 • undefined_identifier
  error • The function 'test' isn't defined • flutter/dev/integration_tests/android_engine_test/test_driver/hcpp/platform_view_overlapping_main_test.dart:55:3 • undefined_function
  error • The function 'expectLater' isn't defined • flutter/dev/integration_tests/android_engine_test/test_driver/hcpp/platform_view_overlapping_main_test.dart:56:11 • undefined_function
  error • The function 'matchesGoldenFile' isn't defined • flutter/dev/integration_tests/android_engine_test/test_driver/hcpp/platform_view_overlapping_main_test.dart:58:7 • undefined_function
  error • Undefined name 'Timeout' • flutter/dev/integration_tests/android_engine_test/test_driver/hcpp/platform_view_overlapping_main_test.dart:60:15 • undefined_identifier
  error • Target of URI doesn't exist: 'package:android_driver_extensions/native_driver.dart' • flutter/dev/integration_tests/android_engine_test/test_driver/hcpp/platform_view_overlay_layer_cleared_test.dart:7:8 • uri_does_not_exist
  error • Target of URI doesn't exist: 'package:android_driver_extensions/skia_gold.dart' • flutter/dev/integration_tests/android_engine_test/test_driver/hcpp/platform_view_overlay_layer_cleared_test.dart:8:8 • uri_does_not_exist
  error • Target of URI doesn't exist: 'package:flutter_driver/flutter_driver.dart' • flutter/dev/integration_tests/android_engine_test/test_driver/hcpp/platform_view_overlay_layer_cleared_test.dart:9:8 • uri_does_not_exist
  error • Target of URI doesn't exist: 'package:test/test.dart' • flutter/dev/integration_tests/android_engine_test/test_driver/hcpp/platform_view_overlay_layer_cleared_test.dart:10:8 • uri_does_not_exist
  error • Undefined class 'FlutterDriver' • flutter/dev/integration_tests/android_engine_test/test_driver/hcpp/platform_view_overlay_layer_cleared_test.dart:30:14 • undefined_class
  error • Undefined class 'NativeDriver' • flutter/dev/integration_tests/android_engine_test/test_driver/hcpp/platform_view_overlay_layer_cleared_test.dart:31:14 • undefined_class
  error • The function 'setUpAll' isn't defined • flutter/dev/integration_tests/android_engine_test/test_driver/hcpp/platform_view_overlay_layer_cleared_test.dart:33:3 • undefined_function
  error • The function 'enableSkiaGoldComparator' isn't defined • flutter/dev/integration_tests/android_engine_test/test_driver/hcpp/platform_view_overlay_layer_cleared_test.dart:35:13 • undefined_function
  error • Undefined name 'FlutterDriver' • flutter/dev/integration_tests/android_engine_test/test_driver/hcpp/platform_view_overlay_layer_cleared_test.dart:37:27 • undefined_identifier
  error • Undefined name 'AndroidNativeDriver' • flutter/dev/integration_tests/android_engine_test/test_driver/hcpp/platform_view_overlay_layer_cleared_test.dart:38:26 • undefined_identifier
  error • The function 'tearDownAll' isn't defined • flutter/dev/integration_tests/android_engine_test/test_driver/hcpp/platform_view_overlay_layer_cleared_test.dart:43:3 • undefined_function
  error • The function 'test' isn't defined • flutter/dev/integration_tests/android_engine_test/test_driver/hcpp/platform_view_overlay_layer_cleared_test.dart:48:3 • undefined_function
  error • The function 'expect' isn't defined • flutter/dev/integration_tests/android_engine_test/test_driver/hcpp/platform_view_overlay_layer_cleared_test.dart:52:5 • undefined_function
  error • Undefined name 'Timeout' • flutter/dev/integration_tests/android_engine_test/test_driver/hcpp/platform_view_overlay_layer_cleared_test.dart:53:15 • undefined_identifier
  error • The function 'test' isn't defined • flutter/dev/integration_tests/android_engine_test/test_driver/hcpp/platform_view_overlay_layer_cleared_test.dart:55:3 • undefined_function
  error • The function 'expectLater' isn't defined • flutter/dev/integration_tests/android_engine_test/test_driver/hcpp/platform_view_overlay_layer_cleared_test.dart:56:11 • undefined_function
  error • The function 'matchesGoldenFile' isn't defined • flutter/dev/integration_tests/android_engine_test/test_driver/hcpp/platform_view_overlay_layer_cleared_test.dart:56:50 • undefined_function
  error • Undefined name 'find' • flutter/dev/integration_tests/android_engine_test/test_driver/hcpp/platform_view_overlay_layer_cleared_test.dart:57:29 • undefined_identifier
  error • The function 'expectLater' isn't defined • flutter/dev/integration_tests/android_engine_test/test_driver/hcpp/platform_view_overlay_layer_cleared_test.dart:58:11 • undefined_function
  error • The function 'matchesGoldenFile' isn't defined • flutter/dev/integration_tests/android_engine_test/test_driver/hcpp/platform_view_overlay_layer_cleared_test.dart:58:50 • undefined_function
  error • Undefined name 'Timeout' • flutter/dev/integration_tests/android_engine_test/test_driver/hcpp/platform_view_overlay_layer_cleared_test.dart:59:15 • undefined_identifier
  error • Target of URI doesn't exist: 'package:android_driver_extensions/native_driver.dart' • flutter/dev/integration_tests/android_engine_test/test_driver/hcpp/platform_view_transform_main_test.dart:7:8 • uri_does_not_exist
  error • Target of URI doesn't exist: 'package:android_driver_extensions/skia_gold.dart' • flutter/dev/integration_tests/android_engine_test/test_driver/hcpp/platform_view_transform_main_test.dart:8:8 • uri_does_not_exist
  error • Target of URI doesn't exist: 'package:flutter_driver/flutter_driver.dart' • flutter/dev/integration_tests/android_engine_test/test_driver/hcpp/platform_view_transform_main_test.dart:9:8 • uri_does_not_exist
  error • Target of URI doesn't exist: 'package:test/test.dart' • flutter/dev/integration_tests/android_engine_test/test_driver/hcpp/platform_view_transform_main_test.dart:10:8 • uri_does_not_exist
  error • Undefined class 'FlutterDriver' • flutter/dev/integration_tests/android_engine_test/test_driver/hcpp/platform_view_transform_main_test.dart:30:14 • undefined_class
  error • Undefined class 'NativeDriver' • flutter/dev/integration_tests/android_engine_test/test_driver/hcpp/platform_view_transform_main_test.dart:31:14 • undefined_class
  error • The function 'setUpAll' isn't defined • flutter/dev/integration_tests/android_engine_test/test_driver/hcpp/platform_view_transform_main_test.dart:33:3 • undefined_function
  error • The function 'enableSkiaGoldComparator' isn't defined • flutter/dev/integration_tests/android_engine_test/test_driver/hcpp/platform_view_transform_main_test.dart:35:13 • undefined_function
  error • Undefined name 'FlutterDriver' • flutter/dev/integration_tests/android_engine_test/test_driver/hcpp/platform_view_transform_main_test.dart:37:27 • undefined_identifier
  error • Undefined name 'AndroidNativeDriver' • flutter/dev/integration_tests/android_engine_test/test_driver/hcpp/platform_view_transform_main_test.dart:38:26 • undefined_identifier
  error • The function 'tearDownAll' isn't defined • flutter/dev/integration_tests/android_engine_test/test_driver/hcpp/platform_view_transform_main_test.dart:43:3 • undefined_function
  error • The function 'test' isn't defined • flutter/dev/integration_tests/android_engine_test/test_driver/hcpp/platform_view_transform_main_test.dart:48:3 • undefined_function
  error • The function 'expect' isn't defined • flutter/dev/integration_tests/android_engine_test/test_driver/hcpp/platform_view_transform_main_test.dart:52:5 • undefined_function
  error • Undefined name 'Timeout' • flutter/dev/integration_tests/android_engine_test/test_driver/hcpp/platform_view_transform_main_test.dart:53:15 • undefined_identifier
  error • The function 'test' isn't defined • flutter/dev/integration_tests/android_engine_test/test_driver/hcpp/platform_view_transform_main_test.dart:55:3 • undefined_function
  error • The function 'expectLater' isn't defined • flutter/dev/integration_tests/android_engine_test/test_driver/hcpp/platform_view_transform_main_test.dart:56:11 • undefined_function
  error • The function 'matchesGoldenFile' isn't defined • flutter/dev/integration_tests/android_engine_test/test_driver/hcpp/platform_view_transform_main_test.dart:58:7 • undefined_function
  error • Undefined name 'find' • flutter/dev/integration_tests/android_engine_test/test_driver/hcpp/platform_view_transform_main_test.dart:60:29 • undefined_identifier
  error • The function 'expectLater' isn't defined • flutter/dev/integration_tests/android_engine_test/test_driver/hcpp/platform_view_transform_main_test.dart:61:11 • undefined_function
  error • The function 'matchesGoldenFile' isn't defined • flutter/dev/integration_tests/android_engine_test/test_driver/hcpp/platform_view_transform_main_test.dart:63:7 • undefined_function
  error • Undefined name 'find' • flutter/dev/integration_tests/android_engine_test/test_driver/hcpp/platform_view_transform_main_test.dart:65:29 • undefined_identifier
  error • The function 'expectLater' isn't defined • flutter/dev/integration_tests/android_engine_test/test_driver/hcpp/platform_view_transform_main_test.dart:66:11 • undefined_function
  error • The function 'matchesGoldenFile' isn't defined • flutter/dev/integration_tests/android_engine_test/test_driver/hcpp/platform_view_transform_main_test.dart:68:7 • undefined_function
  error • Undefined name 'find' • flutter/dev/integration_tests/android_engine_test/test_driver/hcpp/platform_view_transform_main_test.dart:70:29 • undefined_identifier
  error • The function 'expectLater' isn't defined • flutter/dev/integration_tests/android_engine_test/test_driver/hcpp/platform_view_transform_main_test.dart:71:11 • undefined_function
  error • The function 'matchesGoldenFile' isn't defined • flutter/dev/integration_tests/android_engine_test/test_driver/hcpp/platform_view_transform_main_test.dart:73:7 • undefined_function
  error • Undefined name 'find' • flutter/dev/integration_tests/android_engine_test/test_driver/hcpp/platform_view_transform_main_test.dart:75:29 • undefined_identifier
  error • The function 'expectLater' isn't defined • flutter/dev/integration_tests/android_engine_test/test_driver/hcpp/platform_view_transform_main_test.dart:76:11 • undefined_function
  error • The function 'matchesGoldenFile' isn't defined • flutter/dev/integration_tests/android_engine_test/test_driver/hcpp/platform_view_transform_main_test.dart:78:7 • undefined_function
  error • Undefined name 'Timeout' • flutter/dev/integration_tests/android_engine_test/test_driver/hcpp/platform_view_transform_main_test.dart:80:15 • undefined_identifier
  error • The function 'test' isn't defined • flutter/dev/integration_tests/android_engine_test/test_driver/hcpp/platform_view_transform_main_test.dart:82:3 • undefined_function
  error • Undefined name 'find' • flutter/dev/integration_tests/android_engine_test/test_driver/hcpp/platform_view_transform_main_test.dart:83:29 • undefined_identifier
  error • The function 'expectLater' isn't defined • flutter/dev/integration_tests/android_engine_test/test_driver/hcpp/platform_view_transform_main_test.dart:84:11 • undefined_function
  error • The function 'matchesGoldenFile' isn't defined • flutter/dev/integration_tests/android_engine_test/test_driver/hcpp/platform_view_transform_main_test.dart:86:7 • undefined_function
  error • Undefined name 'find' • flutter/dev/integration_tests/android_engine_test/test_driver/hcpp/platform_view_transform_main_test.dart:88:29 • undefined_identifier
  error • The function 'expectLater' isn't defined • flutter/dev/integration_tests/android_engine_test/test_driver/hcpp/platform_view_transform_main_test.dart:89:11 • undefined_function
  error • The function 'matchesGoldenFile' isn't defined • flutter/dev/integration_tests/android_engine_test/test_driver/hcpp/platform_view_transform_main_test.dart:91:7 • undefined_function
  error • Undefined name 'Timeout' • flutter/dev/integration_tests/android_engine_test/test_driver/hcpp/platform_view_transform_main_test.dart:93:15 • undefined_identifier
  error • The function 'test' isn't defined • flutter/dev/integration_tests/android_engine_test/test_driver/hcpp/platform_view_transform_main_test.dart:95:3 • undefined_function
  error • Undefined name 'find' • flutter/dev/integration_tests/android_engine_test/test_driver/hcpp/platform_view_transform_main_test.dart:96:29 • undefined_identifier
  error • The function 'expectLater' isn't defined • flutter/dev/integration_tests/android_engine_test/test_driver/hcpp/platform_view_transform_main_test.dart:97:11 • undefined_function
  error • The function 'matchesGoldenFile' isn't defined • flutter/dev/integration_tests/android_engine_test/test_driver/hcpp/platform_view_transform_main_test.dart:97:50 • undefined_function
  error • Undefined name 'find' • flutter/dev/integration_tests/android_engine_test/test_driver/hcpp/platform_view_transform_main_test.dart:98:29 • undefined_identifier
  error • The function 'expectLater' isn't defined • flutter/dev/integration_tests/android_engine_test/test_driver/hcpp/platform_view_transform_main_test.dart:99:11 • undefined_function
  error • The function 'matchesGoldenFile' isn't defined • flutter/dev/integration_tests/android_engine_test/test_driver/hcpp/platform_view_transform_main_test.dart:101:7 • undefined_function
  error • Undefined name 'Timeout' • flutter/dev/integration_tests/android_engine_test/test_driver/hcpp/platform_view_transform_main_test.dart:103:15 • undefined_identifier
  error • The function 'test' isn't defined • flutter/dev/integration_tests/android_engine_test/test_driver/hcpp/platform_view_transform_main_test.dart:105:3 • undefined_function
  error • Undefined name 'find' • flutter/dev/integration_tests/android_engine_test/test_driver/hcpp/platform_view_transform_main_test.dart:106:29 • undefined_identifier
  error • The function 'expectLater' isn't defined • flutter/dev/integration_tests/android_engine_test/test_driver/hcpp/platform_view_transform_main_test.dart:107:11 • undefined_function
  error • The function 'matchesGoldenFile' isn't defined • flutter/dev/integration_tests/android_engine_test/test_driver/hcpp/platform_view_transform_main_test.dart:109:7 • undefined_function
  error • Undefined name 'find' • flutter/dev/integration_tests/android_engine_test/test_driver/hcpp/platform_view_transform_main_test.dart:111:29 • undefined_identifier
  error • The function 'expectLater' isn't defined • flutter/dev/integration_tests/android_engine_test/test_driver/hcpp/platform_view_transform_main_test.dart:112:11 • undefined_function
  error • The function 'matchesGoldenFile' isn't defined • flutter/dev/integration_tests/android_engine_test/test_driver/hcpp/platform_view_transform_main_test.dart:114:7 • undefined_function
  error • Undefined name 'Timeout' • flutter/dev/integration_tests/android_engine_test/test_driver/hcpp/platform_view_transform_main_test.dart:116:15 • undefined_identifier
  error • The function 'test' isn't defined • flutter/dev/integration_tests/android_engine_test/test_driver/hcpp/platform_view_transform_main_test.dart:118:3 • undefined_function
  error • Undefined name 'find' • flutter/dev/integration_tests/android_engine_test/test_driver/hcpp/platform_view_transform_main_test.dart:119:29 • undefined_identifier
  error • Undefined name 'find' • flutter/dev/integration_tests/android_engine_test/test_driver/hcpp/platform_view_transform_main_test.dart:120:29 • undefined_identifier
  error • Undefined name 'find' • flutter/dev/integration_tests/android_engine_test/test_driver/hcpp/platform_view_transform_main_test.dart:121:29 • undefined_identifier
  error • Undefined name 'find' • flutter/dev/integration_tests/android_engine_test/test_driver/hcpp/platform_view_transform_main_test.dart:122:29 • undefined_identifier
  error • The function 'expectLater' isn't defined • flutter/dev/integration_tests/android_engine_test/test_driver/hcpp/platform_view_transform_main_test.dart:123:11 • undefined_function
  error • The function 'matchesGoldenFile' isn't defined • flutter/dev/integration_tests/android_engine_test/test_driver/hcpp/platform_view_transform_main_test.dart:125:7 • undefined_function
  error • Undefined name 'Timeout' • flutter/dev/integration_tests/android_engine_test/test_driver/hcpp/platform_view_transform_main_test.dart:127:15 • undefined_identifier
  error • Target of URI doesn't exist: 'package:android_driver_extensions/native_driver.dart' • flutter/dev/integration_tests/android_engine_test/test_driver/hcpp/tap_color_change_main_test.dart:7:8 • uri_does_not_exist
  error • Target of URI doesn't exist: 'package:android_driver_extensions/skia_gold.dart' • flutter/dev/integration_tests/android_engine_test/test_driver/hcpp/tap_color_change_main_test.dart:8:8 • uri_does_not_exist
  error • Target of URI doesn't exist: 'package:flutter_driver/flutter_driver.dart' • flutter/dev/integration_tests/android_engine_test/test_driver/hcpp/tap_color_change_main_test.dart:9:8 • uri_does_not_exist
  error • Target of URI doesn't exist: 'package:test/test.dart' • flutter/dev/integration_tests/android_engine_test/test_driver/hcpp/tap_color_change_main_test.dart:10:8 • uri_does_not_exist
  error • Undefined class 'FlutterDriver' • flutter/dev/integration_tests/android_engine_test/test_driver/hcpp/tap_color_change_main_test.dart:30:14 • undefined_class
  error • Undefined class 'NativeDriver' • flutter/dev/integration_tests/android_engine_test/test_driver/hcpp/tap_color_change_main_test.dart:31:14 • undefined_class
  error • The function 'setUpAll' isn't defined • flutter/dev/integration_tests/android_engine_test/test_driver/hcpp/tap_color_change_main_test.dart:33:3 • undefined_function
  error • The function 'enableSkiaGoldComparator' isn't defined • flutter/dev/integration_tests/android_engine_test/test_driver/hcpp/tap_color_change_main_test.dart:35:13 • undefined_function
  error • Undefined name 'FlutterDriver' • flutter/dev/integration_tests/android_engine_test/test_driver/hcpp/tap_color_change_main_test.dart:37:27 • undefined_identifier
  error • Undefined name 'AndroidNativeDriver' • flutter/dev/integration_tests/android_engine_test/test_driver/hcpp/tap_color_change_main_test.dart:38:26 • undefined_identifier
  error • The function 'tearDownAll' isn't defined • flutter/dev/integration_tests/android_engine_test/test_driver/hcpp/tap_color_change_main_test.dart:42:3 • undefined_function
  error • The function 'test' isn't defined • flutter/dev/integration_tests/android_engine_test/test_driver/hcpp/tap_color_change_main_test.dart:47:3 • undefined_function
  error • The function 'expect' isn't defined • flutter/dev/integration_tests/android_engine_test/test_driver/hcpp/tap_color_change_main_test.dart:51:5 • undefined_function
  error • Undefined name 'Timeout' • flutter/dev/integration_tests/android_engine_test/test_driver/hcpp/tap_color_change_main_test.dart:52:15 • undefined_identifier
  error • The function 'test' isn't defined • flutter/dev/integration_tests/android_engine_test/test_driver/hcpp/tap_color_change_main_test.dart:54:3 • undefined_function
  error • The function 'expectLater' isn't defined • flutter/dev/integration_tests/android_engine_test/test_driver/hcpp/tap_color_change_main_test.dart:55:11 • undefined_function
  error • The function 'matchesGoldenFile' isn't defined • flutter/dev/integration_tests/android_engine_test/test_driver/hcpp/tap_color_change_main_test.dart:57:7 • undefined_function
  error • The name 'ByNativeAccessibilityLabel' isn't a class • flutter/dev/integration_tests/android_engine_test/test_driver/hcpp/tap_color_change_main_test.dart:60:34 • creation_with_non_type
  error • The function 'expectLater' isn't defined • flutter/dev/integration_tests/android_engine_test/test_driver/hcpp/tap_color_change_main_test.dart:61:11 • undefined_function
  error • The function 'matchesGoldenFile' isn't defined • flutter/dev/integration_tests/android_engine_test/test_driver/hcpp/tap_color_change_main_test.dart:63:7 • undefined_function
  error • Undefined name 'Timeout' • flutter/dev/integration_tests/android_engine_test/test_driver/hcpp/tap_color_change_main_test.dart:65:15 • undefined_identifier
  error • Target of URI doesn't exist: 'package:android_driver_extensions/native_driver.dart' • flutter/dev/integration_tests/android_engine_test/test_driver/hcpp/tlhc_with_fallback_to_hc_errors_with_hcpp_enabled_test.dart:7:8 • uri_does_not_exist
  error • Target of URI doesn't exist: 'package:android_driver_extensions/skia_gold.dart' • flutter/dev/integration_tests/android_engine_test/test_driver/hcpp/tlhc_with_fallback_to_hc_errors_with_hcpp_enabled_test.dart:8:8 • uri_does_not_exist
  error • Target of URI doesn't exist: 'package:flutter_driver/flutter_driver.dart' • flutter/dev/integration_tests/android_engine_test/test_driver/hcpp/tlhc_with_fallback_to_hc_errors_with_hcpp_enabled_test.dart:9:8 • uri_does_not_exist
  error • Target of URI doesn't exist: 'package:test/test.dart' • flutter/dev/integration_tests/android_engine_test/test_driver/hcpp/tlhc_with_fallback_to_hc_errors_with_hcpp_enabled_test.dart:10:8 • uri_does_not_exist
  error • Undefined class 'FlutterDriver' • flutter/dev/integration_tests/android_engine_test/test_driver/hcpp/tlhc_with_fallback_to_hc_errors_with_hcpp_enabled_test.dart:15:14 • undefined_class
  error • Undefined class 'NativeDriver' • flutter/dev/integration_tests/android_engine_test/test_driver/hcpp/tlhc_with_fallback_to_hc_errors_with_hcpp_enabled_test.dart:16:14 • undefined_class
  error • The function 'setUpAll' isn't defined • flutter/dev/integration_tests/android_engine_test/test_driver/hcpp/tlhc_with_fallback_to_hc_errors_with_hcpp_enabled_test.dart:18:3 • undefined_function
  error • The function 'enableSkiaGoldComparator' isn't defined • flutter/dev/integration_tests/android_engine_test/test_driver/hcpp/tlhc_with_fallback_to_hc_errors_with_hcpp_enabled_test.dart:20:13 • undefined_function
  error • Undefined name 'FlutterDriver' • flutter/dev/integration_tests/android_engine_test/test_driver/hcpp/tlhc_with_fallback_to_hc_errors_with_hcpp_enabled_test.dart:22:27 • undefined_identifier
  error • Undefined name 'AndroidNativeDriver' • flutter/dev/integration_tests/android_engine_test/test_driver/hcpp/tlhc_with_fallback_to_hc_errors_with_hcpp_enabled_test.dart:23:26 • undefined_identifier
  error • The function 'tearDownAll' isn't defined • flutter/dev/integration_tests/android_engine_test/test_driver/hcpp/tlhc_with_fallback_to_hc_errors_with_hcpp_enabled_test.dart:28:3 • undefined_function
  error • The function 'test' isn't defined • flutter/dev/integration_tests/android_engine_test/test_driver/hcpp/tlhc_with_fallback_to_hc_errors_with_hcpp_enabled_test.dart:33:3 • undefined_function
  error • The function 'expect' isn't defined • flutter/dev/integration_tests/android_engine_test/test_driver/hcpp/tlhc_with_fallback_to_hc_errors_with_hcpp_enabled_test.dart:37:5 • undefined_function
  error • Undefined name 'Timeout' • flutter/dev/integration_tests/android_engine_test/test_driver/hcpp/tlhc_with_fallback_to_hc_errors_with_hcpp_enabled_test.dart:38:15 • undefined_identifier
  error • The function 'test' isn't defined • flutter/dev/integration_tests/android_engine_test/test_driver/hcpp/tlhc_with_fallback_to_hc_errors_with_hcpp_enabled_test.dart:40:3 • undefined_function
  error • Undefined name 'find' • flutter/dev/integration_tests/android_engine_test/test_driver/hcpp/tlhc_with_fallback_to_hc_errors_with_hcpp_enabled_test.dart:43:31 • undefined_identifier
  error • The function 'expect' isn't defined • flutter/dev/integration_tests/android_engine_test/test_driver/hcpp/tlhc_with_fallback_to_hc_errors_with_hcpp_enabled_test.dart:47:7 • undefined_function
  error • The function 'contains' isn't defined • flutter/dev/integration_tests/android_engine_test/test_driver/hcpp/tlhc_with_fallback_to_hc_errors_with_hcpp_enabled_test.dart:47:42 • undefined_function
  error • Undefined name 'Timeout' • flutter/dev/integration_tests/android_engine_test/test_driver/hcpp/tlhc_with_fallback_to_hc_errors_with_hcpp_enabled_test.dart:49:14 • undefined_identifier
  error • Target of URI doesn't exist: 'package:android_driver_extensions/native_driver.dart' • flutter/dev/integration_tests/android_engine_test/test_driver/platform_view/hybrid_composition_platform_view_main_test.dart:5:8 • uri_does_not_exist
  error • Target of URI doesn't exist: 'package:android_driver_extensions/skia_gold.dart' • flutter/dev/integration_tests/android_engine_test/test_driver/platform_view/hybrid_composition_platform_view_main_test.dart:6:8 • uri_does_not_exist
  error • Target of URI doesn't exist: 'package:flutter_driver/flutter_driver.dart' • flutter/dev/integration_tests/android_engine_test/test_driver/platform_view/hybrid_composition_platform_view_main_test.dart:7:8 • uri_does_not_exist
  error • Target of URI doesn't exist: 'package:test/test.dart' • flutter/dev/integration_tests/android_engine_test/test_driver/platform_view/hybrid_composition_platform_view_main_test.dart:8:8 • uri_does_not_exist
  error • Undefined class 'FlutterDriver' • flutter/dev/integration_tests/android_engine_test/test_driver/platform_view/hybrid_composition_platform_view_main_test.dart:29:14 • undefined_class
  error • Undefined class 'NativeDriver' • flutter/dev/integration_tests/android_engine_test/test_driver/platform_view/hybrid_composition_platform_view_main_test.dart:30:14 • undefined_class
  error • The function 'setUpAll' isn't defined • flutter/dev/integration_tests/android_engine_test/test_driver/platform_view/hybrid_composition_platform_view_main_test.dart:32:3 • undefined_function
  error • The function 'enableSkiaGoldComparator' isn't defined • flutter/dev/integration_tests/android_engine_test/test_driver/platform_view/hybrid_composition_platform_view_main_test.dart:34:13 • undefined_function
  error • Undefined name 'FlutterDriver' • flutter/dev/integration_tests/android_engine_test/test_driver/platform_view/hybrid_composition_platform_view_main_test.dart:36:27 • undefined_identifier
  error • Undefined name 'AndroidNativeDriver' • flutter/dev/integration_tests/android_engine_test/test_driver/platform_view/hybrid_composition_platform_view_main_test.dart:37:26 • undefined_identifier
  error • The function 'tearDownAll' isn't defined • flutter/dev/integration_tests/android_engine_test/test_driver/platform_view/hybrid_composition_platform_view_main_test.dart:42:3 • undefined_function
  error • The function 'test' isn't defined • flutter/dev/integration_tests/android_engine_test/test_driver/platform_view/hybrid_composition_platform_view_main_test.dart:47:3 • undefined_function
  error • The function 'expectLater' isn't defined • flutter/dev/integration_tests/android_engine_test/test_driver/platform_view/hybrid_composition_platform_view_main_test.dart:55:13 • undefined_function
  error • Undefined name 'Timeout' • flutter/dev/integration_tests/android_engine_test/test_driver/platform_view/hybrid_composition_platform_view_main_test.dart:60:14 • undefined_identifier
  error • The function 'test' isn't defined • flutter/dev/integration_tests/android_engine_test/test_driver/platform_view/hybrid_composition_platform_view_main_test.dart:64:3 • undefined_function
  error • The function 'expectLater' isn't defined • flutter/dev/integration_tests/android_engine_test/test_driver/platform_view/hybrid_composition_platform_view_main_test.dart:68:13 • undefined_function
  error • The function 'matchesGoldenFile' isn't defined • flutter/dev/integration_tests/android_engine_test/test_driver/platform_view/hybrid_composition_platform_view_main_test.dart:70:9 • undefined_function
  error • The function 'expectLater' isn't defined • flutter/dev/integration_tests/android_engine_test/test_driver/platform_view/hybrid_composition_platform_view_main_test.dart:74:13 • undefined_function
  error • The function 'matchesGoldenFile' isn't defined • flutter/dev/integration_tests/android_engine_test/test_driver/platform_view/hybrid_composition_platform_view_main_test.dart:76:9 • undefined_function
  error • Undefined name 'Timeout' • flutter/dev/integration_tests/android_engine_test/test_driver/platform_view/hybrid_composition_platform_view_main_test.dart:79:14 • undefined_identifier
  error • Target of URI doesn't exist: 'package:android_driver_extensions/native_driver.dart' • flutter/dev/integration_tests/android_engine_test/test_driver/platform_view/texture_layer_hybrid_composition_platform_view_main_test.dart:5:8 • uri_does_not_exist
  error • Target of URI doesn't exist: 'package:android_driver_extensions/skia_gold.dart' • flutter/dev/integration_tests/android_engine_test/test_driver/platform_view/texture_layer_hybrid_composition_platform_view_main_test.dart:6:8 • uri_does_not_exist
  error • Target of URI doesn't exist: 'package:flutter_driver/flutter_driver.dart' • flutter/dev/integration_tests/android_engine_test/test_driver/platform_view/texture_layer_hybrid_composition_platform_view_main_test.dart:7:8 • uri_does_not_exist
  error • Target of URI doesn't exist: 'package:test/test.dart' • flutter/dev/integration_tests/android_engine_test/test_driver/platform_view/texture_layer_hybrid_composition_platform_view_main_test.dart:8:8 • uri_does_not_exist
  error • Undefined class 'FlutterDriver' • flutter/dev/integration_tests/android_engine_test/test_driver/platform_view/texture_layer_hybrid_composition_platform_view_main_test.dart:28:14 • undefined_class
  error • Undefined class 'NativeDriver' • flutter/dev/integration_tests/android_engine_test/test_driver/platform_view/texture_layer_hybrid_composition_platform_view_main_test.dart:29:14 • undefined_class
  error • The function 'setUpAll' isn't defined • flutter/dev/integration_tests/android_engine_test/test_driver/platform_view/texture_layer_hybrid_composition_platform_view_main_test.dart:31:3 • undefined_function
  error • The function 'enableSkiaGoldComparator' isn't defined • flutter/dev/integration_tests/android_engine_test/test_driver/platform_view/texture_layer_hybrid_composition_platform_view_main_test.dart:33:13 • undefined_function
  error • Undefined name 'FlutterDriver' • flutter/dev/integration_tests/android_engine_test/test_driver/platform_view/texture_layer_hybrid_composition_platform_view_main_test.dart:35:27 • undefined_identifier
  error • Undefined name 'AndroidNativeDriver' • flutter/dev/integration_tests/android_engine_test/test_driver/platform_view/texture_layer_hybrid_composition_platform_view_main_test.dart:36:26 • undefined_identifier
  error • Expected to find ')' • flutter/dev/integration_tests/android_engine_test/test_driver/platform_view/texture_layer_hybrid_composition_platform_view_main_test.dart:42:39 • expected_token
  error • The function 'fail' isn't defined • flutter/dev/integration_tests/android_engine_test/test_driver/platform_view/texture_layer_hybrid_composition_platform_view_main_test.dart:43:7 • undefined_function
  error • Undefined name 'version' • flutter/dev/integration_tests/android_engine_test/test_driver/platform_view/texture_layer_hybrid_composition_platform_view_main_test.dart:43:38 • undefined_identifier
  error • The function 'tearDownAll' isn't defined • flutter/dev/integration_tests/android_engine_test/test_driver/platform_view/texture_layer_hybrid_composition_platform_view_main_test.dart:47:3 • undefined_function
  error • Undefined name 'find' • flutter/dev/integration_tests/android_engine_test/test_driver/platform_view/texture_layer_hybrid_composition_platform_view_main_test.dart:48:29 • undefined_identifier
  error • The function 'test' isn't defined • flutter/dev/integration_tests/android_engine_test/test_driver/platform_view/texture_layer_hybrid_composition_platform_view_main_test.dart:54:3 • undefined_function
  error • The function 'expectLater' isn't defined • flutter/dev/integration_tests/android_engine_test/test_driver/platform_view/texture_layer_hybrid_composition_platform_view_main_test.dart:55:11 • undefined_function
  error • The function 'matchesGoldenFile' isn't defined • flutter/dev/integration_tests/android_engine_test/test_driver/platform_view/texture_layer_hybrid_composition_platform_view_main_test.dart:57:7 • undefined_function
  error • Undefined name 'Timeout' • flutter/dev/integration_tests/android_engine_test/test_driver/platform_view/texture_layer_hybrid_composition_platform_view_main_test.dart:59:15 • undefined_identifier
  error • The function 'test' isn't defined • flutter/dev/integration_tests/android_engine_test/test_driver/platform_view/texture_layer_hybrid_composition_platform_view_main_test.dart:61:3 • undefined_function
  error • The function 'expectLater' isn't defined • flutter/dev/integration_tests/android_engine_test/test_driver/platform_view/texture_layer_hybrid_composition_platform_view_main_test.dart:63:11 • undefined_function
  error • The function 'matchesGoldenFile' isn't defined • flutter/dev/integration_tests/android_engine_test/test_driver/platform_view/texture_layer_hybrid_composition_platform_view_main_test.dart:65:7 • undefined_function
  error • The function 'expectLater' isn't defined • flutter/dev/integration_tests/android_engine_test/test_driver/platform_view/texture_layer_hybrid_composition_platform_view_main_test.dart:69:11 • undefined_function
  error • The function 'matchesGoldenFile' isn't defined • flutter/dev/integration_tests/android_engine_test/test_driver/platform_view/texture_layer_hybrid_composition_platform_view_main_test.dart:71:7 • undefined_function
  error • Undefined name 'Timeout' • flutter/dev/integration_tests/android_engine_test/test_driver/platform_view/texture_layer_hybrid_composition_platform_view_main_test.dart:73:15 • undefined_identifier
  error • The function 'test' isn't defined • flutter/dev/integration_tests/android_engine_test/test_driver/platform_view/texture_layer_hybrid_composition_platform_view_main_test.dart:75:3 • undefined_function
  error • Undefined name 'find' • flutter/dev/integration_tests/android_engine_test/test_driver/platform_view/texture_layer_hybrid_composition_platform_view_main_test.dart:76:29 • undefined_identifier
  error • The function 'expectLater' isn't defined • flutter/dev/integration_tests/android_engine_test/test_driver/platform_view/texture_layer_hybrid_composition_platform_view_main_test.dart:79:11 • undefined_function
  error • The function 'matchesGoldenFile' isn't defined • flutter/dev/integration_tests/android_engine_test/test_driver/platform_view/texture_layer_hybrid_composition_platform_view_main_test.dart:81:7 • undefined_function
  error • Undefined name 'Timeout' • flutter/dev/integration_tests/android_engine_test/test_driver/platform_view/texture_layer_hybrid_composition_platform_view_main_test.dart:83:15 • undefined_identifier
  error • Target of URI doesn't exist: 'package:android_driver_extensions/native_driver.dart' • flutter/dev/integration_tests/android_engine_test/test_driver/platform_view/virtual_display_platform_view_main_test.dart:5:8 • uri_does_not_exist
  error • Target of URI doesn't exist: 'package:android_driver_extensions/skia_gold.dart' • flutter/dev/integration_tests/android_engine_test/test_driver/platform_view/virtual_display_platform_view_main_test.dart:6:8 • uri_does_not_exist
  error • Target of URI doesn't exist: 'package:flutter_driver/flutter_driver.dart' • flutter/dev/integration_tests/android_engine_test/test_driver/platform_view/virtual_display_platform_view_main_test.dart:7:8 • uri_does_not_exist
  error • Target of URI doesn't exist: 'package:test/test.dart' • flutter/dev/integration_tests/android_engine_test/test_driver/platform_view/virtual_display_platform_view_main_test.dart:8:8 • uri_does_not_exist
  error • Undefined class 'FlutterDriver' • flutter/dev/integration_tests/android_engine_test/test_driver/platform_view/virtual_display_platform_view_main_test.dart:29:14 • undefined_class
  error • Undefined class 'NativeDriver' • flutter/dev/integration_tests/android_engine_test/test_driver/platform_view/virtual_display_platform_view_main_test.dart:30:14 • undefined_class
  error • The function 'setUpAll' isn't defined • flutter/dev/integration_tests/android_engine_test/test_driver/platform_view/virtual_display_platform_view_main_test.dart:35:3 • undefined_function
  error • The function 'enableSkiaGoldComparator' isn't defined • flutter/dev/integration_tests/android_engine_test/test_driver/platform_view/virtual_display_platform_view_main_test.dart:37:13 • undefined_function
  error • Undefined name 'FlutterDriver' • flutter/dev/integration_tests/android_engine_test/test_driver/platform_view/virtual_display_platform_view_main_test.dart:39:27 • undefined_identifier
  error • Undefined name 'AndroidNativeDriver' • flutter/dev/integration_tests/android_engine_test/test_driver/platform_view/virtual_display_platform_view_main_test.dart:40:26 • undefined_identifier
  error • Expected to find ')' • flutter/dev/integration_tests/android_engine_test/test_driver/platform_view/virtual_display_platform_view_main_test.dart:46:39 • expected_token
  error • The function 'fail' isn't defined • flutter/dev/integration_tests/android_engine_test/test_driver/platform_view/virtual_display_platform_view_main_test.dart:47:7 • undefined_function
  error • Undefined name 'version' • flutter/dev/integration_tests/android_engine_test/test_driver/platform_view/virtual_display_platform_view_main_test.dart:47:38 • undefined_identifier
  error • The function 'tearDownAll' isn't defined • flutter/dev/integration_tests/android_engine_test/test_driver/platform_view/virtual_display_platform_view_main_test.dart:58:3 • undefined_function
  error • Undefined name 'find' • flutter/dev/integration_tests/android_engine_test/test_driver/platform_view/virtual_display_platform_view_main_test.dart:59:29 • undefined_identifier
  error • The function 'test' isn't defined • flutter/dev/integration_tests/android_engine_test/test_driver/platform_view/virtual_display_platform_view_main_test.dart:65:3 • undefined_function
  error • The function 'expectLater' isn't defined • flutter/dev/integration_tests/android_engine_test/test_driver/platform_view/virtual_display_platform_view_main_test.dart:66:11 • undefined_function
  error • The function 'matchesGoldenFile' isn't defined • flutter/dev/integration_tests/android_engine_test/test_driver/platform_view/virtual_display_platform_view_main_test.dart:68:7 • undefined_function
  error • Undefined name 'Timeout' • flutter/dev/integration_tests/android_engine_test/test_driver/platform_view/virtual_display_platform_view_main_test.dart:70:15 • undefined_identifier
  error • The function 'test' isn't defined • flutter/dev/integration_tests/android_engine_test/test_driver/platform_view/virtual_display_platform_view_main_test.dart:72:3 • undefined_function
  error • The function 'expectLater' isn't defined • flutter/dev/integration_tests/android_engine_test/test_driver/platform_view/virtual_display_platform_view_main_test.dart:74:11 • undefined_function
  error • The function 'expectLater' isn't defined • flutter/dev/integration_tests/android_engine_test/test_driver/platform_view/virtual_display_platform_view_main_test.dart:83:11 • undefined_function
  error • Undefined name 'Timeout' • flutter/dev/integration_tests/android_engine_test/test_driver/platform_view/virtual_display_platform_view_main_test.dart:90:15 • undefined_identifier
  error • The function 'test' isn't defined • flutter/dev/integration_tests/android_engine_test/test_driver/platform_view/virtual_display_platform_view_main_test.dart:92:3 • undefined_function
  error • Undefined name 'find' • flutter/dev/integration_tests/android_engine_test/test_driver/platform_view/virtual_display_platform_view_main_test.dart:93:29 • undefined_identifier
  error • The function 'expectLater' isn't defined • flutter/dev/integration_tests/android_engine_test/test_driver/platform_view/virtual_display_platform_view_main_test.dart:96:11 • undefined_function
  error • The function 'matchesGoldenFile' isn't defined • flutter/dev/integration_tests/android_engine_test/test_driver/platform_view/virtual_display_platform_view_main_test.dart:98:7 • undefined_function
  error • Undefined name 'Timeout' • flutter/dev/integration_tests/android_engine_test/test_driver/platform_view/virtual_display_platform_view_main_test.dart:100:15 • undefined_identifier
  error • Target of URI doesn't exist: 'package:android_driver_extensions/native_driver.dart' • flutter/dev/integration_tests/android_engine_test/test_driver/platform_view_tap_color_change_main_test.dart:5:8 • uri_does_not_exist
  error • Target of URI doesn't exist: 'package:android_driver_extensions/skia_gold.dart' • flutter/dev/integration_tests/android_engine_test/test_driver/platform_view_tap_color_change_main_test.dart:6:8 • uri_does_not_exist
  error • Target of URI doesn't exist: 'package:flutter_driver/flutter_driver.dart' • flutter/dev/integration_tests/android_engine_test/test_driver/platform_view_tap_color_change_main_test.dart:7:8 • uri_does_not_exist
  error • Target of URI doesn't exist: 'package:test/test.dart' • flutter/dev/integration_tests/android_engine_test/test_driver/platform_view_tap_color_change_main_test.dart:8:8 • uri_does_not_exist
  error • Undefined class 'FlutterDriver' • flutter/dev/integration_tests/android_engine_test/test_driver/platform_view_tap_color_change_main_test.dart:26:14 • undefined_class
  error • Undefined class 'NativeDriver' • flutter/dev/integration_tests/android_engine_test/test_driver/platform_view_tap_color_change_main_test.dart:27:14 • undefined_class
  error • The function 'setUpAll' isn't defined • flutter/dev/integration_tests/android_engine_test/test_driver/platform_view_tap_color_change_main_test.dart:29:3 • undefined_function
  error • The function 'enableSkiaGoldComparator' isn't defined • flutter/dev/integration_tests/android_engine_test/test_driver/platform_view_tap_color_change_main_test.dart:31:13 • undefined_function
  error • Undefined name 'FlutterDriver' • flutter/dev/integration_tests/android_engine_test/test_driver/platform_view_tap_color_change_main_test.dart:33:27 • undefined_identifier
  error • Undefined name 'AndroidNativeDriver' • flutter/dev/integration_tests/android_engine_test/test_driver/platform_view_tap_color_change_main_test.dart:34:26 • undefined_identifier
  error • The function 'tearDownAll' isn't defined • flutter/dev/integration_tests/android_engine_test/test_driver/platform_view_tap_color_change_main_test.dart:38:3 • undefined_function
  error • The function 'test' isn't defined • flutter/dev/integration_tests/android_engine_test/test_driver/platform_view_tap_color_change_main_test.dart:43:3 • undefined_function
  error • The function 'expectLater' isn't defined • flutter/dev/integration_tests/android_engine_test/test_driver/platform_view_tap_color_change_main_test.dart:44:11 • undefined_function
  error • The function 'matchesGoldenFile' isn't defined • flutter/dev/integration_tests/android_engine_test/test_driver/platform_view_tap_color_change_main_test.dart:46:7 • undefined_function
  error • The name 'ByNativeAccessibilityLabel' isn't a class • flutter/dev/integration_tests/android_engine_test/test_driver/platform_view_tap_color_change_main_test.dart:49:34 • creation_with_non_type
  error • The function 'expectLater' isn't defined • flutter/dev/integration_tests/android_engine_test/test_driver/platform_view_tap_color_change_main_test.dart:50:11 • undefined_function
  error • The function 'matchesGoldenFile' isn't defined • flutter/dev/integration_tests/android_engine_test/test_driver/platform_view_tap_color_change_main_test.dart:52:7 • undefined_function
  error • Undefined name 'Timeout' • flutter/dev/integration_tests/android_engine_test/test_driver/platform_view_tap_color_change_main_test.dart:54:15 • undefined_identifier
  error • Conditions must have a static type of 'bool' • flutter/dev/integration_tests/android_engine_test/tool/deflake.dart:88:9 • non_bool_condition
  error • Expected to find ')' • flutter/dev/integration_tests/android_engine_test/tool/deflake.dart:88:33 • expected_token
  error • Undefined name 'exitCode' • flutter/dev/integration_tests/android_engine_test/tool/deflake.dart:89:56 • undefined_identifier
  error • Conditions must have a static type of 'bool' • flutter/dev/integration_tests/android_engine_test/tool/deflake.dart:117:9 • non_bool_condition
  error • Expected to find ')' • flutter/dev/integration_tests/android_engine_test/tool/deflake.dart:117:33 • expected_token
  error • Undefined name 'exitCode' • flutter/dev/integration_tests/android_engine_test/tool/deflake.dart:118:56 • undefined_identifier
  error • Target of URI doesn't exist: 'package:android_semantics_testing/android_semantics_testing.dart' • flutter/dev/integration_tests/android_semantics_testing/integration_test/main_test.dart:8:8 • uri_does_not_exist
  error • Target of URI doesn't exist: 'package:android_semantics_testing/main.dart' • flutter/dev/integration_tests/android_semantics_testing/integration_test/main_test.dart:9:8 • uri_does_not_exist
  error • Target of URI doesn't exist: 'package:android_semantics_testing/test_constants.dart' • flutter/dev/integration_tests/android_semantics_testing/integration_test/main_test.dart:10:8 • uri_does_not_exist
  error • Target of URI doesn't exist: 'package:integration_test/integration_test.dart' • flutter/dev/integration_tests/android_semantics_testing/integration_test/main_test.dart:15:8 • uri_does_not_exist
  error • The name 'AndroidSemanticsAction' isn't a type, so it can't be used as a type argument • flutter/dev/integration_tests/android_semantics_testing/integration_test/main_test.dart:20:12 • non_type_as_type_argument
  error • The name 'AndroidSemanticsAction' isn't a type, so it can't be used as a type argument • flutter/dev/integration_tests/android_semantics_testing/integration_test/main_test.dart:20:72 • non_type_as_type_argument
  error • Const variables must be initialized with a constant value • flutter/dev/integration_tests/android_semantics_testing/integration_test/main_test.dart:21:3 • const_initialized_with_non_constant_value
  error • The values in a const list literal must be constants • flutter/dev/integration_tests/android_semantics_testing/integration_test/main_test.dart:21:3 • non_constant_list_element
  error • Undefined name 'AndroidSemanticsAction' • flutter/dev/integration_tests/android_semantics_testing/integration_test/main_test.dart:21:3 • undefined_identifier
  error • The values in a const list literal must be constants • flutter/dev/integration_tests/android_semantics_testing/integration_test/main_test.dart:22:3 • non_constant_list_element
  error • Undefined name 'AndroidSemanticsAction' • flutter/dev/integration_tests/android_semantics_testing/integration_test/main_test.dart:22:3 • undefined_identifier
  error • The name 'AndroidSemanticsNode' isn't a type, so it can't be used as a type argument • flutter/dev/integration_tests/android_semantics_testing/integration_test/main_test.dart:44:8 • non_type_as_type_argument
  error • Undefined name 'AndroidSemanticsNode' • flutter/dev/integration_tests/android_semantics_testing/integration_test/main_test.dart:60:10 • undefined_identifier
  error • Undefined name 'IntegrationTestWidgetsFlutterBinding' • flutter/dev/integration_tests/android_semantics_testing/integration_test/main_test.dart:64:3 • undefined_identifier
  error • Undefined name 'textFieldRoute' • flutter/dev/integration_tests/android_semantics_testing/integration_test/main_test.dart:71:36 • undefined_identifier
  error • Arguments of a constant creation must be constant expressions • flutter/dev/integration_tests/android_semantics_testing/integration_test/main_test.dart:87:49 • const_with_non_constant_argument
  error • Undefined name 'normalTextFieldKeyValue' • flutter/dev/integration_tests/android_semantics_testing/integration_test/main_test.dart:87:49 • undefined_identifier
  error • The function 'hasAndroidSemantics' isn't defined • flutter/dev/integration_tests/android_semantics_testing/integration_test/main_test.dart:94:11 • undefined_function
  error • Undefined name 'AndroidClassName' • flutter/dev/integration_tests/android_semantics_testing/integration_test/main_test.dart:95:24 • undefined_identifier
  error • The name 'AndroidSemanticsAction' isn't a type, so it can't be used as a type argument • flutter/dev/integration_tests/android_semantics_testing/integration_test/main_test.dart:100:23 • non_type_as_type_argument
  error • Undefined name 'AndroidSemanticsAction' • flutter/dev/integration_tests/android_semantics_testing/integration_test/main_test.dart:100:47 • undefined_identifier
  error • The function 'hasAndroidSemantics' isn't defined • flutter/dev/integration_tests/android_semantics_testing/integration_test/main_test.dart:110:11 • undefined_function
  error • Undefined name 'AndroidClassName' • flutter/dev/integration_tests/android_semantics_testing/integration_test/main_test.dart:111:24 • undefined_identifier
  error • The name 'AndroidSemanticsAction' isn't a type, so it can't be used as a type argument • flutter/dev/integration_tests/android_semantics_testing/integration_test/main_test.dart:116:23 • non_type_as_type_argument
  error • Undefined name 'AndroidSemanticsAction' • flutter/dev/integration_tests/android_semantics_testing/integration_test/main_test.dart:117:15 • undefined_identifier
  error • Undefined name 'AndroidSemanticsAction' • flutter/dev/integration_tests/android_semantics_testing/integration_test/main_test.dart:118:15 • undefined_identifier
  error • Undefined name 'AndroidSemanticsAction' • flutter/dev/integration_tests/android_semantics_testing/integration_test/main_test.dart:119:15 • undefined_identifier
  error • Undefined name 'AndroidSemanticsAction' • flutter/dev/integration_tests/android_semantics_testing/integration_test/main_test.dart:120:15 • undefined_identifier
  error • The function 'hasAndroidSemantics' isn't defined • flutter/dev/integration_tests/android_semantics_testing/integration_test/main_test.dart:132:11 • undefined_function
  error • Undefined name 'AndroidClassName' • flutter/dev/integration_tests/android_semantics_testing/integration_test/main_test.dart:134:24 • undefined_identifier
  error • The name 'AndroidSemanticsAction' isn't a type, so it can't be used as a type argument • flutter/dev/integration_tests/android_semantics_testing/integration_test/main_test.dart:139:23 • non_type_as_type_argument
  error • Undefined name 'AndroidSemanticsAction' • flutter/dev/integration_tests/android_semantics_testing/integration_test/main_test.dart:140:15 • undefined_identifier
  error • Undefined name 'AndroidSemanticsAction' • flutter/dev/integration_tests/android_semantics_testing/integration_test/main_test.dart:141:15 • undefined_identifier
  error • Undefined name 'AndroidSemanticsAction' • flutter/dev/integration_tests/android_semantics_testing/integration_test/main_test.dart:142:15 • undefined_identifier
  error • Undefined name 'AndroidSemanticsAction' • flutter/dev/integration_tests/android_semantics_testing/integration_test/main_test.dart:143:15 • undefined_identifier
  error • Undefined name 'AndroidSemanticsAction' • flutter/dev/integration_tests/android_semantics_testing/integration_test/main_test.dart:144:15 • undefined_identifier
  error • Arguments of a constant creation must be constant expressions • flutter/dev/integration_tests/android_semantics_testing/integration_test/main_test.dart:154:49 • const_with_non_constant_argument
  error • Undefined name 'passwordTextFieldKeyValue' • flutter/dev/integration_tests/android_semantics_testing/integration_test/main_test.dart:154:49 • undefined_identifier
  error • The function 'hasAndroidSemantics' isn't defined • flutter/dev/integration_tests/android_semantics_testing/integration_test/main_test.dart:161:11 • undefined_function
  error • Undefined name 'AndroidClassName' • flutter/dev/integration_tests/android_semantics_testing/integration_test/main_test.dart:162:24 • undefined_identifier
  error • The name 'AndroidSemanticsAction' isn't a type, so it can't be used as a type argument • flutter/dev/integration_tests/android_semantics_testing/integration_test/main_test.dart:167:23 • non_type_as_type_argument
  error • Undefined name 'AndroidSemanticsAction' • flutter/dev/integration_tests/android_semantics_testing/integration_test/main_test.dart:167:47 • undefined_identifier
  error • The function 'hasAndroidSemantics' isn't defined • flutter/dev/integration_tests/android_semantics_testing/integration_test/main_test.dart:178:11 • undefined_function
  error • Undefined name 'AndroidClassName' • flutter/dev/integration_tests/android_semantics_testing/integration_test/main_test.dart:179:24 • undefined_identifier
  error • The name 'AndroidSemanticsAction' isn't a type, so it can't be used as a type argument • flutter/dev/integration_tests/android_semantics_testing/integration_test/main_test.dart:184:23 • non_type_as_type_argument
  error • Undefined name 'AndroidSemanticsAction' • flutter/dev/integration_tests/android_semantics_testing/integration_test/main_test.dart:185:15 • undefined_identifier
  error • Undefined name 'AndroidSemanticsAction' • flutter/dev/integration_tests/android_semantics_testing/integration_test/main_test.dart:186:15 • undefined_identifier
  error • Undefined name 'AndroidSemanticsAction' • flutter/dev/integration_tests/android_semantics_testing/integration_test/main_test.dart:187:15 • undefined_identifier
  error • Undefined name 'AndroidSemanticsAction' • flutter/dev/integration_tests/android_semantics_testing/integration_test/main_test.dart:188:15 • undefined_identifier
  error • The function 'hasAndroidSemantics' isn't defined • flutter/dev/integration_tests/android_semantics_testing/integration_test/main_test.dart:200:11 • undefined_function
  error • Undefined name 'AndroidClassName' • flutter/dev/integration_tests/android_semantics_testing/integration_test/main_test.dart:202:24 • undefined_identifier
  error • The name 'AndroidSemanticsAction' isn't a type, so it can't be used as a type argument • flutter/dev/integration_tests/android_semantics_testing/integration_test/main_test.dart:207:23 • non_type_as_type_argument
  error • Undefined name 'AndroidSemanticsAction' • flutter/dev/integration_tests/android_semantics_testing/integration_test/main_test.dart:208:15 • undefined_identifier
  error • Undefined name 'AndroidSemanticsAction' • flutter/dev/integration_tests/android_semantics_testing/integration_test/main_test.dart:209:15 • undefined_identifier
  error • Undefined name 'AndroidSemanticsAction' • flutter/dev/integration_tests/android_semantics_testing/integration_test/main_test.dart:210:15 • undefined_identifier
  error • Undefined name 'AndroidSemanticsAction' • flutter/dev/integration_tests/android_semantics_testing/integration_test/main_test.dart:211:15 • undefined_identifier
  error • Undefined name 'AndroidSemanticsAction' • flutter/dev/integration_tests/android_semantics_testing/integration_test/main_test.dart:212:15 • undefined_identifier
  error • Undefined name 'selectionControlsRoute' • flutter/dev/integration_tests/android_semantics_testing/integration_test/main_test.dart:225:36 • undefined_identifier
  error • Arguments of a constant creation must be constant expressions • flutter/dev/integration_tests/android_semantics_testing/integration_test/main_test.dart:230:67 • const_with_non_constant_argument
  error • Undefined name 'checkboxKeyValue' • flutter/dev/integration_tests/android_semantics_testing/integration_test/main_test.dart:230:67 • undefined_identifier
  error • Arguments of a constant creation must be constant expressions • flutter/dev/integration_tests/android_semantics_testing/integration_test/main_test.dart:232:34 • const_with_non_constant_argument
  error • Undefined name 'disabledCheckboxKeyValue' • flutter/dev/integration_tests/android_semantics_testing/integration_test/main_test.dart:232:34 • undefined_identifier
  error • The function 'hasAndroidSemantics' isn't defined • flutter/dev/integration_tests/android_semantics_testing/integration_test/main_test.dart:238:11 • undefined_function
  error • Undefined name 'AndroidClassName' • flutter/dev/integration_tests/android_semantics_testing/integration_test/main_test.dart:239:24 • undefined_identifier
  error • The name 'AndroidSemanticsAction' isn't a type, so it can't be used as a type argument • flutter/dev/integration_tests/android_semantics_testing/integration_test/main_test.dart:245:23 • non_type_as_type_argument
  error • Undefined name 'AndroidSemanticsAction' • flutter/dev/integration_tests/android_semantics_testing/integration_test/main_test.dart:245:47 • undefined_identifier
  error • The function 'hasAndroidSemantics' isn't defined • flutter/dev/integration_tests/android_semantics_testing/integration_test/main_test.dart:254:11 • undefined_function
  error • Undefined name 'AndroidClassName' • flutter/dev/integration_tests/android_semantics_testing/integration_test/main_test.dart:255:24 • undefined_identifier
  error • The name 'AndroidSemanticsAction' isn't a type, so it can't be used as a type argument • flutter/dev/integration_tests/android_semantics_testing/integration_test/main_test.dart:261:23 • non_type_as_type_argument
  error • Undefined name 'AndroidSemanticsAction' • flutter/dev/integration_tests/android_semantics_testing/integration_test/main_test.dart:261:47 • undefined_identifier
  error • The function 'hasAndroidSemantics' isn't defined • flutter/dev/integration_tests/android_semantics_testing/integration_test/main_test.dart:266:11 • undefined_function
  error • Undefined name 'AndroidClassName' • flutter/dev/integration_tests/android_semantics_testing/integration_test/main_test.dart:267:24 • undefined_identifier
  error • The name 'AndroidSemanticsAction' isn't a type, so it can't be used as a type argument • flutter/dev/integration_tests/android_semantics_testing/integration_test/main_test.dart:271:29 • non_type_as_type_argument
  error • Arguments of a constant creation must be constant expressions • flutter/dev/integration_tests/android_semantics_testing/integration_test/main_test.dart:277:64 • const_with_non_constant_argument
  error • Undefined name 'radio2KeyValue' • flutter/dev/integration_tests/android_semantics_testing/integration_test/main_test.dart:277:64 • undefined_identifier
  error • The function 'hasAndroidSemantics' isn't defined • flutter/dev/integration_tests/android_semantics_testing/integration_test/main_test.dart:282:11 • undefined_function
  error • Undefined name 'AndroidClassName' • flutter/dev/integration_tests/android_semantics_testing/integration_test/main_test.dart:283:24 • undefined_identifier
  error • The name 'AndroidSemanticsAction' isn't a type, so it can't be used as a type argument • flutter/dev/integration_tests/android_semantics_testing/integration_test/main_test.dart:289:23 • non_type_as_type_argument
  error • Undefined name 'AndroidSemanticsAction' • flutter/dev/integration_tests/android_semantics_testing/integration_test/main_test.dart:289:47 • undefined_identifier
  error • The function 'hasAndroidSemantics' isn't defined • flutter/dev/integration_tests/android_semantics_testing/integration_test/main_test.dart:298:11 • undefined_function
  error • Undefined name 'AndroidClassName' • flutter/dev/integration_tests/android_semantics_testing/integration_test/main_test.dart:299:24 • undefined_identifier
  error • The name 'AndroidSemanticsAction' isn't a type, so it can't be used as a type argument • flutter/dev/integration_tests/android_semantics_testing/integration_test/main_test.dart:305:23 • non_type_as_type_argument
  error • Undefined name 'AndroidSemanticsAction' • flutter/dev/integration_tests/android_semantics_testing/integration_test/main_test.dart:305:47 • undefined_identifier
  error • Arguments of a constant creation must be constant expressions • flutter/dev/integration_tests/android_semantics_testing/integration_test/main_test.dart:311:71 • const_with_non_constant_argument
  error • Undefined name 'switchKeyValue' • flutter/dev/integration_tests/android_semantics_testing/integration_test/main_test.dart:311:71 • undefined_identifier
  error • The function 'hasAndroidSemantics' isn't defined • flutter/dev/integration_tests/android_semantics_testing/integration_test/main_test.dart:316:11 • undefined_function
  error • Undefined name 'AndroidClassName' • flutter/dev/integration_tests/android_semantics_testing/integration_test/main_test.dart:317:24 • undefined_identifier
  error • The name 'AndroidSemanticsAction' isn't a type, so it can't be used as a type argument • flutter/dev/integration_tests/android_semantics_testing/integration_test/main_test.dart:323:23 • non_type_as_type_argument
  error • Undefined name 'AndroidSemanticsAction' • flutter/dev/integration_tests/android_semantics_testing/integration_test/main_test.dart:323:47 • undefined_identifier
  error • The function 'hasAndroidSemantics' isn't defined • flutter/dev/integration_tests/android_semantics_testing/integration_test/main_test.dart:332:11 • undefined_function
  error • Undefined name 'AndroidClassName' • flutter/dev/integration_tests/android_semantics_testing/integration_test/main_test.dart:333:24 • undefined_identifier
  error • The name 'AndroidSemanticsAction' isn't a type, so it can't be used as a type argument • flutter/dev/integration_tests/android_semantics_testing/integration_test/main_test.dart:339:23 • non_type_as_type_argument
  error • Undefined name 'AndroidSemanticsAction' • flutter/dev/integration_tests/android_semantics_testing/integration_test/main_test.dart:339:47 • undefined_identifier
  error • Arguments of a constant creation must be constant expressions • flutter/dev/integration_tests/android_semantics_testing/integration_test/main_test.dart:346:71 • const_with_non_constant_argument
  error • Undefined name 'labeledSwitchKeyValue' • flutter/dev/integration_tests/android_semantics_testing/integration_test/main_test.dart:346:71 • undefined_identifier
  error • The function 'hasAndroidSemantics' isn't defined • flutter/dev/integration_tests/android_semantics_testing/integration_test/main_test.dart:351:11 • undefined_function
  error • Undefined name 'AndroidClassName' • flutter/dev/integration_tests/android_semantics_testing/integration_test/main_test.dart:352:24 • undefined_identifier
  error • Undefined name 'switchLabel' • flutter/dev/integration_tests/android_semantics_testing/integration_test/main_test.dart:357:33 • undefined_identifier
  error • The name 'AndroidSemanticsAction' isn't a type, so it can't be used as a type argument • flutter/dev/integration_tests/android_semantics_testing/integration_test/main_test.dart:359:23 • non_type_as_type_argument
  error • Undefined name 'AndroidSemanticsAction' • flutter/dev/integration_tests/android_semantics_testing/integration_test/main_test.dart:359:47 • undefined_identifier
  error • Undefined name 'popupControlsRoute' • flutter/dev/integration_tests/android_semantics_testing/integration_test/main_test.dart:369:36 • undefined_identifier
  error • Arguments of a constant creation must be constant expressions • flutter/dev/integration_tests/android_semantics_testing/integration_test/main_test.dart:374:70 • const_with_non_constant_argument
  error • Undefined name 'popupButtonKeyValue' • flutter/dev/integration_tests/android_semantics_testing/integration_test/main_test.dart:374:70 • undefined_identifier
  error • The function 'hasAndroidSemantics' isn't defined • flutter/dev/integration_tests/android_semantics_testing/integration_test/main_test.dart:379:11 • undefined_function
  error • Undefined name 'AndroidClassName' • flutter/dev/integration_tests/android_semantics_testing/integration_test/main_test.dart:380:24 • undefined_identifier
  error • The name 'AndroidSemanticsAction' isn't a type, so it can't be used as a type argument • flutter/dev/integration_tests/android_semantics_testing/integration_test/main_test.dart:386:23 • non_type_as_type_argument
  error • Undefined name 'AndroidSemanticsAction' • flutter/dev/integration_tests/android_semantics_testing/integration_test/main_test.dart:386:47 • undefined_identifier
  error • Undefined name 'popupItems' • flutter/dev/integration_tests/android_semantics_testing/integration_test/main_test.dart:394:37 • undefined_identifier
  error • Undefined name 'popupKeyValue' • flutter/dev/integration_tests/android_semantics_testing/integration_test/main_test.dart:396:64 • undefined_identifier
  error • The function 'hasAndroidSemantics' isn't defined • flutter/dev/integration_tests/android_semantics_testing/integration_test/main_test.dart:397:15 • undefined_function
  error • Undefined name 'AndroidClassName' • flutter/dev/integration_tests/android_semantics_testing/integration_test/main_test.dart:398:28 • undefined_identifier
  error • The name 'AndroidSemanticsAction' isn't a type, so it can't be used as a type argument • flutter/dev/integration_tests/android_semantics_testing/integration_test/main_test.dart:404:27 • non_type_as_type_argument
  error • Undefined name 'AndroidSemanticsAction' • flutter/dev/integration_tests/android_semantics_testing/integration_test/main_test.dart:404:51 • undefined_identifier
  error • Undefined name 'popupKeyValue' • flutter/dev/integration_tests/android_semantics_testing/integration_test/main_test.dart:409:58 • undefined_identifier
  error • Undefined name 'popupItems' • flutter/dev/integration_tests/android_semantics_testing/integration_test/main_test.dart:409:74 • undefined_identifier
  error • Undefined name 'popupItems' • flutter/dev/integration_tests/android_semantics_testing/integration_test/main_test.dart:417:37 • undefined_identifier
  error • Undefined name 'popupKeyValue' • flutter/dev/integration_tests/android_semantics_testing/integration_test/main_test.dart:419:64 • undefined_identifier
  error • The function 'hasAndroidSemantics' isn't defined • flutter/dev/integration_tests/android_semantics_testing/integration_test/main_test.dart:420:15 • undefined_function
  error • Undefined name 'AndroidClassName' • flutter/dev/integration_tests/android_semantics_testing/integration_test/main_test.dart:421:28 • undefined_identifier
  error • The name 'AndroidSemanticsAction' isn't a type, so it can't be used as a type argument • flutter/dev/integration_tests/android_semantics_testing/integration_test/main_test.dart:427:27 • non_type_as_type_argument
  error • Undefined name 'AndroidSemanticsAction' • flutter/dev/integration_tests/android_semantics_testing/integration_test/main_test.dart:427:51 • undefined_identifier
  error • Undefined name 'popupKeyValue' • flutter/dev/integration_tests/android_semantics_testing/integration_test/main_test.dart:433:58 • undefined_identifier
  error • Undefined name 'popupItems' • flutter/dev/integration_tests/android_semantics_testing/integration_test/main_test.dart:433:74 • undefined_identifier
  error • Arguments of a constant creation must be constant expressions • flutter/dev/integration_tests/android_semantics_testing/integration_test/main_test.dart:438:73 • const_with_non_constant_argument
  error • Undefined name 'dropdownButtonKeyValue' • flutter/dev/integration_tests/android_semantics_testing/integration_test/main_test.dart:438:73 • undefined_identifier
  error • The function 'hasAndroidSemantics' isn't defined • flutter/dev/integration_tests/android_semantics_testing/integration_test/main_test.dart:443:11 • undefined_function
  error • Undefined name 'AndroidClassName' • flutter/dev/integration_tests/android_semantics_testing/integration_test/main_test.dart:444:24 • undefined_identifier
  error • The name 'AndroidSemanticsAction' isn't a type, so it can't be used as a type argument • flutter/dev/integration_tests/android_semantics_testing/integration_test/main_test.dart:450:23 • non_type_as_type_argument
  error • Undefined name 'AndroidSemanticsAction' • flutter/dev/integration_tests/android_semantics_testing/integration_test/main_test.dart:450:47 • undefined_identifier
  error • Undefined name 'popupItems' • flutter/dev/integration_tests/android_semantics_testing/integration_test/main_test.dart:458:37 • undefined_identifier
  error • Undefined name 'dropdownKeyValue' • flutter/dev/integration_tests/android_semantics_testing/integration_test/main_test.dart:465:59 • undefined_identifier
  error • The function 'hasAndroidSemantics' isn't defined • flutter/dev/integration_tests/android_semantics_testing/integration_test/main_test.dart:469:15 • undefined_function
  error • Undefined name 'AndroidClassName' • flutter/dev/integration_tests/android_semantics_testing/integration_test/main_test.dart:470:28 • undefined_identifier
  error • The name 'AndroidSemanticsAction' isn't a type, so it can't be used as a type argument • flutter/dev/integration_tests/android_semantics_testing/integration_test/main_test.dart:476:27 • non_type_as_type_argument
  error • Undefined name 'AndroidSemanticsAction' • flutter/dev/integration_tests/android_semantics_testing/integration_test/main_test.dart:476:51 • undefined_identifier
  error • Undefined name 'dropdownKeyValue' • flutter/dev/integration_tests/android_semantics_testing/integration_test/main_test.dart:484:55 • undefined_identifier
  error • Undefined name 'popupItems' • flutter/dev/integration_tests/android_semantics_testing/integration_test/main_test.dart:484:74 • undefined_identifier
  error • Undefined name 'popupItems' • flutter/dev/integration_tests/android_semantics_testing/integration_test/main_test.dart:494:37 • undefined_identifier
  error • Undefined name 'dropdownKeyValue' • flutter/dev/integration_tests/android_semantics_testing/integration_test/main_test.dart:501:59 • undefined_identifier
  error • The function 'hasAndroidSemantics' isn't defined • flutter/dev/integration_tests/android_semantics_testing/integration_test/main_test.dart:505:15 • undefined_function
  error • Undefined name 'AndroidClassName' • flutter/dev/integration_tests/android_semantics_testing/integration_test/main_test.dart:506:28 • undefined_identifier
  error • The name 'AndroidSemanticsAction' isn't a type, so it can't be used as a type argument • flutter/dev/integration_tests/android_semantics_testing/integration_test/main_test.dart:512:27 • non_type_as_type_argument
  error • Undefined name 'AndroidSemanticsAction' • flutter/dev/integration_tests/android_semantics_testing/integration_test/main_test.dart:512:51 • undefined_identifier
  error • Undefined name 'dropdownKeyValue' • flutter/dev/integration_tests/android_semantics_testing/integration_test/main_test.dart:521:55 • undefined_identifier
  error • Undefined name 'popupItems' • flutter/dev/integration_tests/android_semantics_testing/integration_test/main_test.dart:521:74 • undefined_identifier
  error • Arguments of a constant creation must be constant expressions • flutter/dev/integration_tests/android_semantics_testing/integration_test/main_test.dart:528:70 • const_with_non_constant_argument
  error • Undefined name 'alertButtonKeyValue' • flutter/dev/integration_tests/android_semantics_testing/integration_test/main_test.dart:528:70 • undefined_identifier
  error • The function 'hasAndroidSemantics' isn't defined • flutter/dev/integration_tests/android_semantics_testing/integration_test/main_test.dart:533:11 • undefined_function
  error • Undefined name 'AndroidClassName' • flutter/dev/integration_tests/android_semantics_testing/integration_test/main_test.dart:534:24 • undefined_identifier
  error • The name 'AndroidSemanticsAction' isn't a type, so it can't be used as a type argument • flutter/dev/integration_tests/android_semantics_testing/integration_test/main_test.dart:540:23 • non_type_as_type_argument
  error • Undefined name 'AndroidSemanticsAction' • flutter/dev/integration_tests/android_semantics_testing/integration_test/main_test.dart:540:47 • undefined_identifier
  error • Invalid constant value • flutter/dev/integration_tests/android_semantics_testing/integration_test/main_test.dart:549:68 • invalid_constant
  error • Undefined name 'alertKeyValue' • flutter/dev/integration_tests/android_semantics_testing/integration_test/main_test.dart:549:68 • undefined_identifier
  error • The function 'hasAndroidSemantics' isn't defined • flutter/dev/integration_tests/android_semantics_testing/integration_test/main_test.dart:550:13 • undefined_function
  error • Undefined name 'AndroidClassName' • flutter/dev/integration_tests/android_semantics_testing/integration_test/main_test.dart:551:26 • undefined_identifier
  error • The name 'AndroidSemanticsAction' isn't a type, so it can't be used as a type argument • flutter/dev/integration_tests/android_semantics_testing/integration_test/main_test.dart:557:25 • non_type_as_type_argument
  error • Undefined name 'AndroidSemanticsAction' • flutter/dev/integration_tests/android_semantics_testing/integration_test/main_test.dart:557:49 • undefined_identifier
  error • Undefined name 'alertKeyValue' • flutter/dev/integration_tests/android_semantics_testing/integration_test/main_test.dart:564:64 • undefined_identifier
  error • The function 'hasAndroidSemantics' isn't defined • flutter/dev/integration_tests/android_semantics_testing/integration_test/main_test.dart:565:15 • undefined_function
  error • Undefined name 'AndroidClassName' • flutter/dev/integration_tests/android_semantics_testing/integration_test/main_test.dart:566:28 • undefined_identifier
  error • The name 'AndroidSemanticsAction' isn't a type, so it can't be used as a type argument • flutter/dev/integration_tests/android_semantics_testing/integration_test/main_test.dart:572:27 • non_type_as_type_argument
  error • Invalid constant value • flutter/dev/integration_tests/android_semantics_testing/integration_test/main_test.dart:578:64 • invalid_constant
  error • Undefined name 'alertKeyValue' • flutter/dev/integration_tests/android_semantics_testing/integration_test/main_test.dart:578:64 • undefined_identifier
  error • Invalid constant value • flutter/dev/integration_tests/android_semantics_testing/integration_test/main_test.dart:587:68 • invalid_constant
  error • Undefined name 'alertKeyValue' • flutter/dev/integration_tests/android_semantics_testing/integration_test/main_test.dart:587:68 • undefined_identifier
  error • The function 'hasAndroidSemantics' isn't defined • flutter/dev/integration_tests/android_semantics_testing/integration_test/main_test.dart:588:13 • undefined_function
  error • Undefined name 'AndroidClassName' • flutter/dev/integration_tests/android_semantics_testing/integration_test/main_test.dart:589:26 • undefined_identifier
  error • The name 'AndroidSemanticsAction' isn't a type, so it can't be used as a type argument • flutter/dev/integration_tests/android_semantics_testing/integration_test/main_test.dart:595:25 • non_type_as_type_argument
  error • Undefined name 'AndroidSemanticsAction' • flutter/dev/integration_tests/android_semantics_testing/integration_test/main_test.dart:595:49 • undefined_identifier
  error • Undefined name 'alertKeyValue' • flutter/dev/integration_tests/android_semantics_testing/integration_test/main_test.dart:602:64 • undefined_identifier
  error • The function 'hasAndroidSemantics' isn't defined • flutter/dev/integration_tests/android_semantics_testing/integration_test/main_test.dart:603:15 • undefined_function
  error • Undefined name 'AndroidClassName' • flutter/dev/integration_tests/android_semantics_testing/integration_test/main_test.dart:604:28 • undefined_identifier
  error • The name 'AndroidSemanticsAction' isn't a type, so it can't be used as a type argument • flutter/dev/integration_tests/android_semantics_testing/integration_test/main_test.dart:610:27 • non_type_as_type_argument
  error • Invalid constant value • flutter/dev/integration_tests/android_semantics_testing/integration_test/main_test.dart:616:64 • invalid_constant
  error • Undefined name 'alertKeyValue' • flutter/dev/integration_tests/android_semantics_testing/integration_test/main_test.dart:616:64 • undefined_identifier
  error • Undefined name 'headingsRoute' • flutter/dev/integration_tests/android_semantics_testing/integration_test/main_test.dart:625:36 • undefined_identifier
  error • Arguments of a constant creation must be constant expressions • flutter/dev/integration_tests/android_semantics_testing/integration_test/main_test.dart:634:64 • const_with_non_constant_argument
  error • Undefined name 'appBarTitleKeyValue' • flutter/dev/integration_tests/android_semantics_testing/integration_test/main_test.dart:634:64 • undefined_identifier
  error • The function 'hasAndroidSemantics' isn't defined • flutter/dev/integration_tests/android_semantics_testing/integration_test/main_test.dart:635:11 • undefined_function
  error • Arguments of a constant creation must be constant expressions • flutter/dev/integration_tests/android_semantics_testing/integration_test/main_test.dart:642:64 • const_with_non_constant_argument
  error • Undefined name 'bodyTextKeyValue' • flutter/dev/integration_tests/android_semantics_testing/integration_test/main_test.dart:642:64 • undefined_identifier
  error • The function 'hasAndroidSemantics' isn't defined • flutter/dev/integration_tests/android_semantics_testing/integration_test/main_test.dart:643:11 • undefined_function
  error • Conditions must have a static type of 'bool' • flutter/dev/integration_tests/android_semantics_testing/lib/src/common.dart:159:13 • non_bool_condition
  error • Expected to find ')' • flutter/dev/integration_tests/android_semantics_testing/lib/src/common.dart:159:52 • expected_token
  error • Undefined name 'action' • flutter/dev/integration_tests/android_semantics_testing/lib/src/common.dart:159:94 • undefined_identifier
  error • Target of URI doesn't exist: 'package:test/test.dart' • flutter/dev/integration_tests/android_semantics_testing/lib/src/matcher.dart:5:8 • uri_does_not_exist
  error • Undefined class 'Matcher' • flutter/dev/integration_tests/android_semantics_testing/lib/src/matcher.dart:20:1 • undefined_class
  error • Classes can only extend other classes • flutter/dev/integration_tests/android_semantics_testing/lib/src/matcher.dart:61:40 • extends_non_class
  error • Undefined class 'Description' • flutter/dev/integration_tests/android_semantics_testing/lib/src/matcher.dart:105:3 • undefined_class
warning • The method doesn't override an inherited method • flutter/dev/integration_tests/android_semantics_testing/lib/src/matcher.dart:105:15 • override_on_non_overriding_member
  error • Undefined class 'Description' • flutter/dev/integration_tests/android_semantics_testing/lib/src/matcher.dart:105:24 • undefined_class
warning • The method doesn't override an inherited method • flutter/dev/integration_tests/android_semantics_testing/lib/src/matcher.dart:159:8 • override_on_non_overriding_member
  error • The method 'unorderedEquals' isn't defined for the type '_AndroidSemanticsMatcher' • flutter/dev/integration_tests/android_semantics_testing/lib/src/matcher.dart:183:12 • undefined_method
  error • Undefined class 'Description' • flutter/dev/integration_tests/android_semantics_testing/lib/src/matcher.dart:237:3 • undefined_class
warning • The method doesn't override an inherited method • flutter/dev/integration_tests/android_semantics_testing/lib/src/matcher.dart:237:15 • override_on_non_overriding_member
  error • Undefined class 'Description' • flutter/dev/integration_tests/android_semantics_testing/lib/src/matcher.dart:239:5 • undefined_class
  error • Target of URI doesn't exist: 'package:android_semantics_testing/android_semantics_testing.dart' • flutter/dev/integration_tests/android_semantics_testing/test/android_semantics_testing_test.dart:5:8 • uri_does_not_exist
  error • Undefined name 'AndroidSemanticsNode' • flutter/dev/integration_tests/android_semantics_testing/test/android_semantics_testing_test.dart:35:9 • undefined_identifier
  error • Undefined class 'AndroidSemanticsNode' • flutter/dev/integration_tests/android_semantics_testing/test/android_semantics_testing_test.dart:37:13 • undefined_class
  error • Undefined name 'AndroidSemanticsNode' • flutter/dev/integration_tests/android_semantics_testing/test/android_semantics_testing_test.dart:37:41 • undefined_identifier
  error • Undefined name 'Rect' • flutter/dev/integration_tests/android_semantics_testing/test/android_semantics_testing_test.dart:49:36 • undefined_identifier
  error • The name 'AndroidSemanticsAction' isn't a type, so it can't be used as a type argument • flutter/dev/integration_tests/android_semantics_testing/test/android_semantics_testing_test.dart:50:34 • non_type_as_type_argument
  error • Undefined name 'AndroidSemanticsAction' • flutter/dev/integration_tests/android_semantics_testing/test/android_semantics_testing_test.dart:51:9 • undefined_identifier
  error • Undefined name 'AndroidSemanticsAction' • flutter/dev/integration_tests/android_semantics_testing/test/android_semantics_testing_test.dart:52:9 • undefined_identifier
  error • Undefined name 'AndroidSemanticsAction' • flutter/dev/integration_tests/android_semantics_testing/test/android_semantics_testing_test.dart:53:9 • undefined_identifier
  error • The name 'Size' isn't a class • flutter/dev/integration_tests/android_semantics_testing/test/android_semantics_testing_test.dart:56:36 • creation_with_non_type
  error • Undefined name 'AndroidSemanticsAction' • flutter/dev/integration_tests/android_semantics_testing/test/android_semantics_testing_test.dart:60:9 • undefined_identifier
  error • Undefined name 'AndroidSemanticsAction' • flutter/dev/integration_tests/android_semantics_testing/test/android_semantics_testing_test.dart:62:14 • undefined_identifier
  error • Undefined name 'AndroidSemanticsAction' • flutter/dev/integration_tests/android_semantics_testing/test/android_semantics_testing_test.dart:62:55 • undefined_identifier
  error • Undefined name 'AndroidSemanticsAction' • flutter/dev/integration_tests/android_semantics_testing/test/android_semantics_testing_test.dart:66:14 • undefined_identifier
  error • Undefined class 'AndroidSemanticsNode' • flutter/dev/integration_tests/android_semantics_testing/test/android_semantics_testing_test.dart:72:13 • undefined_class
  error • Undefined name 'AndroidSemanticsNode' • flutter/dev/integration_tests/android_semantics_testing/test/android_semantics_testing_test.dart:72:41 • undefined_identifier
  error • The function 'hasAndroidSemantics' isn't defined • flutter/dev/integration_tests/android_semantics_testing/test/android_semantics_testing_test.dart:76:9 • undefined_function
  error • Undefined name 'Rect' • flutter/dev/integration_tests/android_semantics_testing/test/android_semantics_testing_test.dart:88:23 • undefined_identifier
  error • The name 'AndroidSemanticsAction' isn't a type, so it can't be used as a type argument • flutter/dev/integration_tests/android_semantics_testing/test/android_semantics_testing_test.dart:89:21 • non_type_as_type_argument
  error • Undefined name 'AndroidSemanticsAction' • flutter/dev/integration_tests/android_semantics_testing/test/android_semantics_testing_test.dart:90:13 • undefined_identifier
  error • Undefined name 'AndroidSemanticsAction' • flutter/dev/integration_tests/android_semantics_testing/test/android_semantics_testing_test.dart:91:13 • undefined_identifier
  error • Undefined name 'AndroidSemanticsAction' • flutter/dev/integration_tests/android_semantics_testing/test/android_semantics_testing_test.dart:92:13 • undefined_identifier
  error • The name 'Size' isn't a class • flutter/dev/integration_tests/android_semantics_testing/test/android_semantics_testing_test.dart:94:23 • creation_with_non_type
  error • Target of URI doesn't exist: 'package:flutter_driver/driver_extension.dart' • flutter/dev/integration_tests/android_views/lib/main.dart:6:8 • uri_does_not_exist
  error • The function 'enableFlutterDriverExtension' isn't defined • flutter/dev/integration_tests/android_views/lib/main.dart:18:3 • undefined_function
  error • Target of URI doesn't exist: 'package:flutter_driver/driver_extension.dart' • flutter/dev/integration_tests/android_views/lib/motion_events_page.dart:10:8 • uri_does_not_exist
  error • The name 'DataHandler' isn't a type, so it can't be used as a type argument • flutter/dev/integration_tests/android_views/lib/motion_events_page.dart:36:19 • non_type_as_type_argument
  error • The name 'DataHandler' isn't a type, so it can't be used as a type argument • flutter/dev/integration_tests/android_views/lib/motion_events_page.dart:36:61 • non_type_as_type_argument
  error • Undefined class 'DataHandler' • flutter/dev/integration_tests/android_views/lib/motion_events_page.dart:39:11 • undefined_class
  error • A value of type 'dynamic' can't be returned from the method 'handleMessage' because it has a return type of 'Future<String>' • flutter/dev/integration_tests/android_views/lib/motion_events_page.dart:40:12 • return_of_invalid_type
  error • Target of URI doesn't exist: 'package:flutter_driver/flutter_driver.dart' • flutter/dev/integration_tests/android_views/test_driver/main_test.dart:5:8 • uri_does_not_exist
  error • Target of URI doesn't exist: 'package:test/test.dart' • flutter/dev/integration_tests/android_views/test_driver/main_test.dart:6:8 • uri_does_not_exist
  error • Undefined class 'FlutterDriver' • flutter/dev/integration_tests/android_views/test_driver/main_test.dart:9:3 • undefined_class
  error • The function 'setUpAll' isn't defined • flutter/dev/integration_tests/android_views/test_driver/main_test.dart:11:3 • undefined_function
  error • Undefined name 'FlutterDriver' • flutter/dev/integration_tests/android_views/test_driver/main_test.dart:12:20 • undefined_identifier
  error • The function 'tearDownAll' isn't defined • flutter/dev/integration_tests/android_views/test_driver/main_test.dart:15:3 • undefined_function
  error • The function 'test' isn't defined • flutter/dev/integration_tests/android_views/test_driver/main_test.dart:21:3 • undefined_function
  error • Undefined class 'SerializableFinder' • flutter/dev/integration_tests/android_views/test_driver/main_test.dart:22:11 • undefined_class
  error • Undefined name 'find' • flutter/dev/integration_tests/android_views/test_driver/main_test.dart:22:53 • undefined_identifier
  error • Undefined name 'find' • flutter/dev/integration_tests/android_views/test_driver/main_test.dart:25:23 • undefined_identifier
  error • The function 'expect' isn't defined • flutter/dev/integration_tests/android_views/test_driver/main_test.dart:28:5 • undefined_function
  error • Undefined class 'SerializableFinder' • flutter/dev/integration_tests/android_views/test_driver/main_test.dart:29:11 • undefined_class
  error • Undefined name 'find' • flutter/dev/integration_tests/android_views/test_driver/main_test.dart:29:43 • undefined_identifier
  error • Undefined name 'Timeout' • flutter/dev/integration_tests/android_views/test_driver/main_test.dart:31:15 • undefined_identifier
  error • The function 'group' isn't defined • flutter/dev/integration_tests/android_views/test_driver/main_test.dart:33:3 • undefined_function
  error • The function 'setUpAll' isn't defined • flutter/dev/integration_tests/android_views/test_driver/main_test.dart:34:5 • undefined_function
  error • Undefined class 'SerializableFinder' • flutter/dev/integration_tests/android_views/test_driver/main_test.dart:35:13 • undefined_class
  error • Undefined name 'find' • flutter/dev/integration_tests/android_views/test_driver/main_test.dart:35:45 • undefined_identifier
  error • The function 'tearDownAll' isn't defined • flutter/dev/integration_tests/android_views/test_driver/main_test.dart:39:5 • undefined_function
  error • Undefined name 'find' • flutter/dev/integration_tests/android_views/test_driver/main_test.dart:40:29 • undefined_identifier
  error • Undefined name 'find' • flutter/dev/integration_tests/android_views/test_driver/main_test.dart:41:25 • undefined_identifier
  error • The function 'test' isn't defined • flutter/dev/integration_tests/android_views/test_driver/main_test.dart:44:5 • undefined_function
  error • Undefined class 'SerializableFinder' • flutter/dev/integration_tests/android_views/test_driver/main_test.dart:45:13 • undefined_class
  error • Undefined name 'find' • flutter/dev/integration_tests/android_views/test_driver/main_test.dart:45:50 • undefined_identifier
  error • Undefined name 'find' • flutter/dev/integration_tests/android_views/test_driver/main_test.dart:48:52 • undefined_identifier
  error • The function 'expect' isn't defined • flutter/dev/integration_tests/android_views/test_driver/main_test.dart:49:7 • undefined_function
  error • Undefined name 'Timeout' • flutter/dev/integration_tests/android_views/test_driver/main_test.dart:50:17 • undefined_identifier
  error • The function 'test' isn't defined • flutter/dev/integration_tests/android_views/test_driver/main_test.dart:52:5 • undefined_function
  error • Undefined class 'SerializableFinder' • flutter/dev/integration_tests/android_views/test_driver/main_test.dart:55:15 • undefined_class
  error • Undefined name 'find' • flutter/dev/integration_tests/android_views/test_driver/main_test.dart:55:46 • undefined_identifier
  error • Undefined class 'SerializableFinder' • flutter/dev/integration_tests/android_views/test_driver/main_test.dart:58:15 • undefined_class
  error • Undefined name 'find' • flutter/dev/integration_tests/android_views/test_driver/main_test.dart:58:46 • undefined_identifier
  error • Undefined name 'find' • flutter/dev/integration_tests/android_views/test_driver/main_test.dart:61:11 • undefined_identifier
  error • The function 'expect' isn't defined • flutter/dev/integration_tests/android_views/test_driver/main_test.dart:63:9 • undefined_function
  error • Undefined name 'Timeout' • flutter/dev/integration_tests/android_views/test_driver/main_test.dart:65:16 • undefined_identifier
  error • Target of URI doesn't exist: 'package:channels/main.dart' • flutter/dev/integration_tests/channels/integration_test/main_test.dart:5:8 • uri_does_not_exist
  error • The name 'TestApp' isn't a class • flutter/dev/integration_tests/channels/integration_test/main_test.dart:16:35 • creation_with_non_type
  error • Expected to find ';' • flutter/dev/integration_tests/channels/lib/src/basic_messaging.dart:35:5 • expected_token
warning • Dead code • flutter/dev/integration_tests/channels/lib/src/basic_messaging.dart:35:12 • dead_code
  error • Expected an identifier • flutter/dev/integration_tests/channels/lib/src/basic_messaging.dart:35:12 • missing_identifier
  error • Expected to find 'case' • flutter/dev/integration_tests/channels/lib/src/basic_messaging.dart:36:7 • expected_token
   info • Unnecessary empty statement • flutter/dev/integration_tests/channels/lib/src/basic_messaging.dart:39:6 • empty_statements
  error • Expected to find ';' • flutter/dev/integration_tests/channels/lib/src/test_step.dart:40:5 • expected_token
warning • Dead code • flutter/dev/integration_tests/channels/lib/src/test_step.dart:40:12 • dead_code
warning • Missing case clause for 'active' • flutter/dev/integration_tests/channels/lib/src/test_step.dart:40:12 • missing_enum_constant_in_switch
warning • Missing case clause for 'done' • flutter/dev/integration_tests/channels/lib/src/test_step.dart:40:12 • missing_enum_constant_in_switch
warning • Missing case clause for 'none' • flutter/dev/integration_tests/channels/lib/src/test_step.dart:40:12 • missing_enum_constant_in_switch
warning • Missing case clause for 'waiting' • flutter/dev/integration_tests/channels/lib/src/test_step.dart:40:12 • missing_enum_constant_in_switch
  error • Expected an identifier • flutter/dev/integration_tests/channels/lib/src/test_step.dart:40:12 • missing_identifier
  error • Expected to find 'case' • flutter/dev/integration_tests/channels/lib/src/test_step.dart:41:7 • expected_token
   info • Unnecessary empty statement • flutter/dev/integration_tests/channels/lib/src/test_step.dart:45:6 • empty_statements
  error • Target of URI doesn't exist: 'package:flutter_driver/driver_extension.dart' • flutter/dev/integration_tests/deferred_components_test/lib/main.dart:8:8 • uri_does_not_exist
  error • The function 'enableFlutterDriverExtension' isn't defined • flutter/dev/integration_tests/deferred_components_test/lib/main.dart:13:3 • undefined_function
  error • Target of URI doesn't exist: 'package:flutter_driver/flutter_driver.dart' • flutter/dev/integration_tests/deferred_components_test/test_driver/main_test.dart:5:8 • uri_does_not_exist
  error • Target of URI doesn't exist: 'package:test/test.dart' • flutter/dev/integration_tests/deferred_components_test/test_driver/main_test.dart:6:8 • uri_does_not_exist
  error • Undefined class 'FlutterDriver' • flutter/dev/integration_tests/deferred_components_test/test_driver/main_test.dart:9:8 • undefined_class
  error • The function 'setUpAll' isn't defined • flutter/dev/integration_tests/deferred_components_test/test_driver/main_test.dart:11:3 • undefined_function
  error • Undefined name 'FlutterDriver' • flutter/dev/integration_tests/deferred_components_test/test_driver/main_test.dart:12:20 • undefined_identifier
  error • The function 'tearDownAll' isn't defined • flutter/dev/integration_tests/deferred_components_test/test_driver/main_test.dart:15:3 • undefined_function
  error • The function 'test' isn't defined • flutter/dev/integration_tests/deferred_components_test/test_driver/main_test.dart:21:3 • undefined_function
  error • Undefined name 'find' • flutter/dev/integration_tests/deferred_components_test/test_driver/main_test.dart:22:53 • undefined_identifier
  error • The function 'expect' isn't defined • flutter/dev/integration_tests/deferred_components_test/test_driver/main_test.dart:23:5 • undefined_function
  error • Undefined class 'SerializableFinder' • flutter/dev/integration_tests/deferred_components_test/test_driver/main_test.dart:25:11 • undefined_class
  error • Undefined name 'find' • flutter/dev/integration_tests/deferred_components_test/test_driver/main_test.dart:25:36 • undefined_identifier
  error • Undefined name 'find' • flutter/dev/integration_tests/deferred_components_test/test_driver/main_test.dart:28:57 • undefined_identifier
  error • The function 'expect' isn't defined • flutter/dev/integration_tests/deferred_components_test/test_driver/main_test.dart:29:5 • undefined_function
  error • Undefined name 'find' • flutter/dev/integration_tests/deferred_components_test/test_driver/main_test.dart:31:26 • undefined_identifier
  error • Undefined name 'find' • flutter/dev/integration_tests/deferred_components_test/test_driver/main_test.dart:33:54 • undefined_identifier
  error • The function 'expect' isn't defined • flutter/dev/integration_tests/deferred_components_test/test_driver/main_test.dart:34:5 • undefined_function
  error • Undefined name 'find' • flutter/dev/integration_tests/deferred_components_test/test_driver/main_test.dart:35:26 • undefined_identifier
  error • Undefined name 'Timeout' • flutter/dev/integration_tests/deferred_components_test/test_driver/main_test.dart:36:15 • undefined_identifier
  error • Target of URI doesn't exist: 'package:display_cutout_rotation/main.dart' • flutter/dev/integration_tests/display_cutout_rotation/integration_test/display_cutout_test.dart:7:8 • uri_does_not_exist
  error • Target of URI doesn't exist: 'package:integration_test/integration_test.dart' • flutter/dev/integration_tests/display_cutout_rotation/integration_test/display_cutout_test.dart:11:8 • uri_does_not_exist
  error • Undefined name 'IntegrationTestWidgetsFlutterBinding' • flutter/dev/integration_tests/display_cutout_rotation/integration_test/display_cutout_test.dart:14:3 • undefined_identifier
  error • The name 'MyApp' isn't a class • flutter/dev/integration_tests/display_cutout_rotation/integration_test/display_cutout_test.dart:23:37 • creation_with_non_type
  error • The name 'MyApp' isn't a class • flutter/dev/integration_tests/display_cutout_rotation/integration_test/display_cutout_test.dart:44:37 • creation_with_non_type
  error • Undefined class 'MyApp' • flutter/dev/integration_tests/display_cutout_rotation/integration_test/display_cutout_test.dart:65:13 • undefined_class
  error • Const variables must be initialized with a constant value • flutter/dev/integration_tests/display_cutout_rotation/integration_test/display_cutout_test.dart:65:37 • const_initialized_with_non_constant_value
  error • The function 'MyApp' isn't defined • flutter/dev/integration_tests/display_cutout_rotation/integration_test/display_cutout_test.dart:65:37 • undefined_function
  error • The 'case' shouldn't complete normally • flutter/dev/integration_tests/display_cutout_rotation/integration_test/display_cutout_test.dart:122:5 • switch_case_completes_normally
  error • This requires the 'class-modifiers' language feature to be enabled • flutter/dev/integration_tests/display_cutout_rotation/lib/main.dart:13:1 • experiment_not_enabled
  error • Target of URI doesn't exist: 'package:flutter_driver/driver_extension.dart' • flutter/dev/integration_tests/external_textures/lib/frame_rate_main.dart:9:8 • uri_does_not_exist
  error • The function 'enableFlutterDriverExtension' isn't defined • flutter/dev/integration_tests/external_textures/lib/frame_rate_main.dart:12:3 • undefined_function
  error • The 'case' shouldn't complete normally • flutter/dev/integration_tests/external_textures/lib/frame_rate_main.dart:47:7 • switch_case_completes_normally
  error • The 'case' shouldn't complete normally • flutter/dev/integration_tests/external_textures/lib/frame_rate_main.dart:54:7 • switch_case_completes_normally
  error • The 'case' shouldn't complete normally • flutter/dev/integration_tests/external_textures/lib/frame_rate_main.dart:60:7 • switch_case_completes_normally
  error • The 'case' shouldn't complete normally • flutter/dev/integration_tests/external_textures/lib/frame_rate_main.dart:67:7 • switch_case_completes_normally
  error • Target of URI doesn't exist: 'package:flutter_driver/flutter_driver.dart' • flutter/dev/integration_tests/external_textures/test_driver/frame_rate_main_test.dart:7:8 • uri_does_not_exist
  error • Target of URI doesn't exist: 'package:test/test.dart' • flutter/dev/integration_tests/external_textures/test_driver/frame_rate_main_test.dart:8:8 • uri_does_not_exist
  error • Undefined class 'FlutterDriver' • flutter/dev/integration_tests/external_textures/test_driver/frame_rate_main_test.dart:15:3 • undefined_class
  error • The function 'setUpAll' isn't defined • flutter/dev/integration_tests/external_textures/test_driver/frame_rate_main_test.dart:17:3 • undefined_function
  error • Undefined name 'FlutterDriver' • flutter/dev/integration_tests/external_textures/test_driver/frame_rate_main_test.dart:18:20 • undefined_identifier
  error • The function 'tearDownAll' isn't defined • flutter/dev/integration_tests/external_textures/test_driver/frame_rate_main_test.dart:21:3 • undefined_function
  error • The function 'test' isn't defined • flutter/dev/integration_tests/external_textures/test_driver/frame_rate_main_test.dart:29:3 • undefined_function
  error • Undefined class 'SerializableFinder' • flutter/dev/integration_tests/external_textures/test_driver/frame_rate_main_test.dart:30:11 • undefined_class
  error • Undefined name 'find' • flutter/dev/integration_tests/external_textures/test_driver/frame_rate_main_test.dart:30:36 • undefined_identifier
  error • Undefined class 'SerializableFinder' • flutter/dev/integration_tests/external_textures/test_driver/frame_rate_main_test.dart:31:11 • undefined_class
  error • Undefined name 'find' • flutter/dev/integration_tests/external_textures/test_driver/frame_rate_main_test.dart:31:40 • undefined_identifier
  error • The function 'expect' isn't defined • flutter/dev/integration_tests/external_textures/test_driver/frame_rate_main_test.dart:38:5 • undefined_function
  error • Undefined name 'isNotNull' • flutter/dev/integration_tests/external_textures/test_driver/frame_rate_main_test.dart:38:30 • undefined_identifier
  error • The function 'expect' isn't defined • flutter/dev/integration_tests/external_textures/test_driver/frame_rate_main_test.dart:48:5 • undefined_function
  error • Undefined name 'isNotNull' • flutter/dev/integration_tests/external_textures/test_driver/frame_rate_main_test.dart:48:23 • undefined_identifier
  error • The function 'expect' isn't defined • flutter/dev/integration_tests/external_textures/test_driver/frame_rate_main_test.dart:51:5 • undefined_function
  error • The function 'closeTo' isn't defined • flutter/dev/integration_tests/external_textures/test_driver/frame_rate_main_test.dart:51:28 • undefined_function
  error • The function 'expect' isn't defined • flutter/dev/integration_tests/external_textures/test_driver/frame_rate_main_test.dart:53:5 • undefined_function
  error • The function 'closeTo' isn't defined • flutter/dev/integration_tests/external_textures/test_driver/frame_rate_main_test.dart:53:28 • undefined_function
  error • The function 'expect' isn't defined • flutter/dev/integration_tests/external_textures/test_driver/frame_rate_main_test.dart:55:5 • undefined_function
  error • The function 'expect' isn't defined • flutter/dev/integration_tests/external_textures/test_driver/frame_rate_main_test.dart:64:5 • undefined_function
  error • Undefined name 'isNotNull' • flutter/dev/integration_tests/external_textures/test_driver/frame_rate_main_test.dart:64:23 • undefined_identifier
  error • The function 'expect' isn't defined • flutter/dev/integration_tests/external_textures/test_driver/frame_rate_main_test.dart:67:5 • undefined_function
  error • The function 'closeTo' isn't defined • flutter/dev/integration_tests/external_textures/test_driver/frame_rate_main_test.dart:67:28 • undefined_function
  error • The function 'expect' isn't defined • flutter/dev/integration_tests/external_textures/test_driver/frame_rate_main_test.dart:69:5 • undefined_function
  error • The function 'closeTo' isn't defined • flutter/dev/integration_tests/external_textures/test_driver/frame_rate_main_test.dart:69:28 • undefined_function
  error • The function 'expect' isn't defined • flutter/dev/integration_tests/external_textures/test_driver/frame_rate_main_test.dart:71:5 • undefined_function
  error • Undefined name 'Timeout' • flutter/dev/integration_tests/external_textures/test_driver/frame_rate_main_test.dart:72:15 • undefined_identifier
  error • Target of URI doesn't exist: 'package:flavors/main.dart' • flutter/dev/integration_tests/flavors/integration_test/integration_test.dart:5:8 • uri_does_not_exist
  error • Target of URI doesn't exist: 'package:integration_test/integration_test.dart' • flutter/dev/integration_tests/flavors/integration_test/integration_test.dart:8:8 • uri_does_not_exist
  error • Undefined name 'IntegrationTestWidgetsFlutterBinding' • flutter/dev/integration_tests/flavors/integration_test/integration_test.dart:11:3 • undefined_identifier
  error • Target of URI doesn't exist: 'package:flutter_driver/driver_extension.dart' • flutter/dev/integration_tests/flavors/lib/main.dart:7:8 • uri_does_not_exist
  error • The function 'enableFlutterDriverExtension' isn't defined • flutter/dev/integration_tests/flavors/lib/main.dart:10:3 • undefined_function
  error • Target of URI doesn't exist: 'package:flutter_driver/flutter_driver.dart' • flutter/dev/integration_tests/flavors/test_driver/main_test.dart:5:8 • uri_does_not_exist
  error • Target of URI doesn't exist: 'package:test/test.dart' • flutter/dev/integration_tests/flavors/test_driver/main_test.dart:6:8 • uri_does_not_exist
  error • The function 'group' isn't defined • flutter/dev/integration_tests/flavors/test_driver/main_test.dart:9:3 • undefined_function
  error • Undefined class 'FlutterDriver' • flutter/dev/integration_tests/flavors/test_driver/main_test.dart:10:10 • undefined_class
  error • The function 'setUpAll' isn't defined • flutter/dev/integration_tests/flavors/test_driver/main_test.dart:12:5 • undefined_function
  error • Undefined name 'FlutterDriver' • flutter/dev/integration_tests/flavors/test_driver/main_test.dart:13:22 • undefined_identifier
  error • The function 'test' isn't defined • flutter/dev/integration_tests/flavors/test_driver/main_test.dart:16:5 • undefined_function
  error • Undefined class 'SerializableFinder' • flutter/dev/integration_tests/flavors/test_driver/main_test.dart:17:13 • undefined_class
  error • Undefined name 'find' • flutter/dev/integration_tests/flavors/test_driver/main_test.dart:17:46 • undefined_identifier
  error • The function 'expect' isn't defined • flutter/dev/integration_tests/flavors/test_driver/main_test.dart:19:7 • undefined_function
  error • Undefined name 'Timeout' • flutter/dev/integration_tests/flavors/test_driver/main_test.dart:20:17 • undefined_identifier
  error • The function 'tearDownAll' isn't defined • flutter/dev/integration_tests/flavors/test_driver/main_test.dart:22:5 • undefined_function
  error • Expected to find ';' • flutter/dev/integration_tests/flutter_gallery/lib/demo/calculator/logic.dart:77:5 • expected_token
warning • Dead code • flutter/dev/integration_tests/flutter_gallery/lib/demo/calculator/logic.dart:77:12 • dead_code
warning • Missing case clause for 'Addition' • flutter/dev/integration_tests/flutter_gallery/lib/demo/calculator/logic.dart:77:12 • missing_enum_constant_in_switch
warning • Missing case clause for 'Division' • flutter/dev/integration_tests/flutter_gallery/lib/demo/calculator/logic.dart:77:12 • missing_enum_constant_in_switch
warning • Missing case clause for 'Multiplication' • flutter/dev/integration_tests/flutter_gallery/lib/demo/calculator/logic.dart:77:12 • missing_enum_constant_in_switch
warning • Missing case clause for 'Subtraction' • flutter/dev/integration_tests/flutter_gallery/lib/demo/calculator/logic.dart:77:12 • missing_enum_constant_in_switch
  error • Expected an identifier • flutter/dev/integration_tests/flutter_gallery/lib/demo/calculator/logic.dart:77:12 • missing_identifier
  error • Expected to find 'case' • flutter/dev/integration_tests/flutter_gallery/lib/demo/calculator/logic.dart:78:7 • expected_token
   info • Unnecessary empty statement • flutter/dev/integration_tests/flutter_gallery/lib/demo/calculator/logic.dart:82:6 • empty_statements
  error • The 'case' shouldn't complete normally • flutter/dev/integration_tests/flutter_gallery/lib/demo/calculator/logic.dart:148:7 • switch_case_completes_normally
  error • The 'case' shouldn't complete normally • flutter/dev/integration_tests/flutter_gallery/lib/demo/calculator/logic.dart:151:7 • switch_case_completes_normally
  error • The 'case' shouldn't complete normally • flutter/dev/integration_tests/flutter_gallery/lib/demo/calculator/logic.dart:155:7 • switch_case_completes_normally
  error • The 'case' shouldn't complete normally • flutter/dev/integration_tests/flutter_gallery/lib/demo/calculator/logic.dart:158:7 • switch_case_completes_normally
  error • The 'case' shouldn't complete normally • flutter/dev/integration_tests/flutter_gallery/lib/demo/calculator/logic.dart:178:7 • switch_case_completes_normally
  error • The 'case' shouldn't complete normally • flutter/dev/integration_tests/flutter_gallery/lib/demo/calculator/logic.dart:180:7 • switch_case_completes_normally
  error • The 'case' shouldn't complete normally • flutter/dev/integration_tests/flutter_gallery/lib/demo/calculator/logic.dart:280:9 • switch_case_completes_normally
  error • The 'case' shouldn't complete normally • flutter/dev/integration_tests/flutter_gallery/lib/demo/calculator/logic.dart:282:9 • switch_case_completes_normally
  error • The 'case' shouldn't complete normally • flutter/dev/integration_tests/flutter_gallery/lib/demo/cupertino/cupertino_navigation_demo.dart:607:7 • switch_case_completes_normally
  error • The 'case' shouldn't complete normally • flutter/dev/integration_tests/flutter_gallery/lib/demo/cupertino/cupertino_navigation_demo.dart:610:7 • switch_case_completes_normally
  error • This requires the 'null-aware-elements' language feature to be enabled • flutter/dev/integration_tests/flutter_gallery/lib/demo/cupertino/cupertino_navigation_demo.dart:691:11 • experiment_not_enabled
  error • The element type 'Tab2ConversationAvatar?' can't be assigned to the list type 'Widget' • flutter/dev/integration_tests/flutter_gallery/lib/demo/cupertino/cupertino_navigation_demo.dart:691:12 • list_element_type_not_assignable
warning • Unused import: 'dart:math' • flutter/dev/integration_tests/flutter_gallery/lib/demo/material/backdrop_demo.dart:5:8 • unused_import
warning • The value of the local variable 'flingVelocity' isn't used • flutter/dev/integration_tests/flutter_gallery/lib/demo/material/backdrop_demo.dart:285:18 • unused_local_variable
  error • Expected an identifier • flutter/dev/integration_tests/flutter_gallery/lib/demo/material/backdrop_demo.dart:287:17 • missing_identifier
  error • Expected to find ')' • flutter/dev/integration_tests/flutter_gallery/lib/demo/material/backdrop_demo.dart:287:17 • expected_token
  error • The 'case' shouldn't complete normally • flutter/dev/integration_tests/flutter_gallery/lib/demo/material/banner_demo.dart:29:9 • switch_case_completes_normally
  error • The 'case' shouldn't complete normally • flutter/dev/integration_tests/flutter_gallery/lib/demo/material/banner_demo.dart:33:9 • switch_case_completes_normally
  error • The 'case' shouldn't complete normally • flutter/dev/integration_tests/flutter_gallery/lib/demo/material/bottom_navigation_demo.dart:41:7 • switch_case_completes_normally
  error • Expected to find ';' • flutter/dev/integration_tests/flutter_gallery/lib/demo/material/bottom_navigation_demo.dart:45:19 • expected_token
warning • Missing case clause for 'dark' • flutter/dev/integration_tests/flutter_gallery/lib/demo/material/bottom_navigation_demo.dart:45:21 • missing_enum_constant_in_switch
warning • Missing case clause for 'light' • flutter/dev/integration_tests/flutter_gallery/lib/demo/material/bottom_navigation_demo.dart:45:21 • missing_enum_constant_in_switch
  error • Expected an identifier • flutter/dev/integration_tests/flutter_gallery/lib/demo/material/bottom_navigation_demo.dart:45:21 • missing_identifier
  error • Expected to find 'case' • flutter/dev/integration_tests/flutter_gallery/lib/demo/material/bottom_navigation_demo.dart:46:11 • expected_token
   info • Unnecessary empty statement • flutter/dev/integration_tests/flutter_gallery/lib/demo/material/bottom_navigation_demo.dart:48:10 • empty_statements
warning • The value of the local variable 'destination' isn't used • flutter/dev/integration_tests/flutter_gallery/lib/demo/material/cards_demo.dart:375:42 • unused_local_variable
  error • Expected an identifier • flutter/dev/integration_tests/flutter_gallery/lib/demo/material/cards_demo.dart:378:24 • missing_identifier
  error • Expected to find ')' • flutter/dev/integration_tests/flutter_gallery/lib/demo/material/cards_demo.dart:378:24 • expected_token
  error • The 'case' shouldn't complete normally • flutter/dev/integration_tests/flutter_gallery/lib/demo/material/leave_behind_demo.dart:66:9 • switch_case_completes_normally
  error • The 'case' shouldn't complete normally • flutter/dev/integration_tests/flutter_gallery/lib/demo/material/leave_behind_demo.dart:68:9 • switch_case_completes_normally
  error • The 'case' shouldn't complete normally • flutter/dev/integration_tests/flutter_gallery/lib/demo/material/leave_behind_demo.dart:70:9 • switch_case_completes_normally
  error • The 'case' shouldn't complete normally • flutter/dev/integration_tests/flutter_gallery/lib/demo/material/leave_behind_demo.dart:72:9 • switch_case_completes_normally
  error • Expected to find ';' • flutter/dev/integration_tests/flutter_gallery/lib/demo/material/list_demo.dart:204:28 • expected_token
warning • Missing case clause for 'null' • flutter/dev/integration_tests/flutter_gallery/lib/demo/material/list_demo.dart:204:30 • missing_enum_constant_in_switch
warning • Missing case clause for 'oneLine' • flutter/dev/integration_tests/flutter_gallery/lib/demo/material/list_demo.dart:204:30 • missing_enum_constant_in_switch
warning • Missing case clause for 'oneLineWithAvatar' • flutter/dev/integration_tests/flutter_gallery/lib/demo/material/list_demo.dart:204:30 • missing_enum_constant_in_switch
warning • Missing case clause for 'threeLine' • flutter/dev/integration_tests/flutter_gallery/lib/demo/material/list_demo.dart:204:30 • missing_enum_constant_in_switch
warning • Missing case clause for 'twoLine' • flutter/dev/integration_tests/flutter_gallery/lib/demo/material/list_demo.dart:204:30 • missing_enum_constant_in_switch
  error • Expected an identifier • flutter/dev/integration_tests/flutter_gallery/lib/demo/material/list_demo.dart:204:30 • missing_identifier
  error • Expected to find 'case' • flutter/dev/integration_tests/flutter_gallery/lib/demo/material/list_demo.dart:205:7 • expected_token
   info • Unnecessary empty statement • flutter/dev/integration_tests/flutter_gallery/lib/demo/material/list_demo.dart:209:6 • empty_statements
  error • Expected to find ';' • flutter/dev/integration_tests/flutter_gallery/lib/demo/material/list_demo.dart:229:32 • expected_token
warning • Missing case clause for 'null' • flutter/dev/integration_tests/flutter_gallery/lib/demo/material/list_demo.dart:229:34 • missing_enum_constant_in_switch
warning • Missing case clause for 'oneLine' • flutter/dev/integration_tests/flutter_gallery/lib/demo/material/list_demo.dart:229:34 • missing_enum_constant_in_switch
warning • Missing case clause for 'oneLineWithAvatar' • flutter/dev/integration_tests/flutter_gallery/lib/demo/material/list_demo.dart:229:34 • missing_enum_constant_in_switch
warning • Missing case clause for 'threeLine' • flutter/dev/integration_tests/flutter_gallery/lib/demo/material/list_demo.dart:229:34 • missing_enum_constant_in_switch
warning • Missing case clause for 'twoLine' • flutter/dev/integration_tests/flutter_gallery/lib/demo/material/list_demo.dart:229:34 • missing_enum_constant_in_switch
  error • Expected an identifier • flutter/dev/integration_tests/flutter_gallery/lib/demo/material/list_demo.dart:229:34 • missing_identifier
  error • Expected to find 'case' • flutter/dev/integration_tests/flutter_gallery/lib/demo/material/list_demo.dart:230:7 • expected_token
   info • Unnecessary empty statement • flutter/dev/integration_tests/flutter_gallery/lib/demo/material/list_demo.dart:234:6 • empty_statements
  error • The 'case' shouldn't complete normally • flutter/dev/integration_tests/flutter_gallery/lib/demo/material/progress_indicator_demo.dart:59:11 • switch_case_completes_normally
  error • The 'case' shouldn't complete normally • flutter/dev/integration_tests/flutter_gallery/lib/demo/material/reorderable_list_demo.dart:145:7 • switch_case_completes_normally
  error • The 'case' shouldn't complete normally • flutter/dev/integration_tests/flutter_gallery/lib/demo/material/reorderable_list_demo.dart:159:7 • switch_case_completes_normally
  error • Expected to find ';' • flutter/dev/integration_tests/flutter_gallery/lib/demo/material/scrollable_tabs_demo.dart:143:13 • expected_token
warning • Dead code • flutter/dev/integration_tests/flutter_gallery/lib/demo/material/scrollable_tabs_demo.dart:143:20 • dead_code
warning • Missing case clause for 'iconsAndText' • flutter/dev/integration_tests/flutter_gallery/lib/demo/material/scrollable_tabs_demo.dart:143:20 • missing_enum_constant_in_switch
warning • Missing case clause for 'iconsOnly' • flutter/dev/integration_tests/flutter_gallery/lib/demo/material/scrollable_tabs_demo.dart:143:20 • missing_enum_constant_in_switch
warning • Missing case clause for 'textOnly' • flutter/dev/integration_tests/flutter_gallery/lib/demo/material/scrollable_tabs_demo.dart:143:20 • missing_enum_constant_in_switch
  error • Expected an identifier • flutter/dev/integration_tests/flutter_gallery/lib/demo/material/scrollable_tabs_demo.dart:143:20 • missing_identifier
  error • Expected to find 'case' • flutter/dev/integration_tests/flutter_gallery/lib/demo/material/scrollable_tabs_demo.dart:144:15 • expected_token
   info • Unnecessary empty statement • flutter/dev/integration_tests/flutter_gallery/lib/demo/material/scrollable_tabs_demo.dart:147:14 • empty_statements
warning • The declaration '_leftTriangle' isn't referenced • flutter/dev/integration_tests/flutter_gallery/lib/demo/material/slider_demo.dart:46:6 • unused_element
warning • The value of the local variable 'size' isn't used • flutter/dev/integration_tests/flutter_gallery/lib/demo/material/slider_demo.dart:85:18 • unused_local_variable
  error • Expected to find ';' • flutter/dev/integration_tests/flutter_gallery/lib/demo/material/slider_demo.dart:86:26 • expected_token
warning • Missing case clause for 'ltr' • flutter/dev/integration_tests/flutter_gallery/lib/demo/material/slider_demo.dart:86:28 • missing_enum_constant_in_switch
warning • Missing case clause for 'rtl' • flutter/dev/integration_tests/flutter_gallery/lib/demo/material/slider_demo.dart:86:28 • missing_enum_constant_in_switch
  error • Expected an identifier • flutter/dev/integration_tests/flutter_gallery/lib/demo/material/slider_demo.dart:86:28 • missing_identifier
   info • Unnecessary use of parentheses • flutter/dev/integration_tests/flutter_gallery/lib/demo/material/slider_demo.dart:86:36 • unnecessary_parenthesis
  error • This requires the 'records' language feature to be enabled • flutter/dev/integration_tests/flutter_gallery/lib/demo/material/slider_demo.dart:86:36 • experiment_not_enabled
  error • Expected to find 'case' • flutter/dev/integration_tests/flutter_gallery/lib/demo/material/slider_demo.dart:87:7 • expected_token
   info • Unnecessary empty statement • flutter/dev/integration_tests/flutter_gallery/lib/demo/material/slider_demo.dart:91:6 • empty_statements
  error • Target of URI doesn't exist: 'package:scoped_model/scoped_model.dart' • flutter/dev/integration_tests/flutter_gallery/lib/demo/shrine/category_menu_page.dart:6:8 • uri_does_not_exist
  error • The method 'ScopedModelDescendant' isn't defined for the type 'CategoryMenuPage' • flutter/dev/integration_tests/flutter_gallery/lib/demo/shrine/category_menu_page.dart:20:12 • undefined_method
  error • Target of URI doesn't exist: 'package:scoped_model/scoped_model.dart' • flutter/dev/integration_tests/flutter_gallery/lib/demo/shrine/expanding_bottom_sheet.dart:6:8 • uri_does_not_exist
  error • Expected to find ';' • flutter/dev/integration_tests/flutter_gallery/lib/demo/shrine/expanding_bottom_sheet.dart:212:5 • expected_token
warning • Dead code • flutter/dev/integration_tests/flutter_gallery/lib/demo/shrine/expanding_bottom_sheet.dart:212:12 • dead_code
  error • Expected an identifier • flutter/dev/integration_tests/flutter_gallery/lib/demo/shrine/expanding_bottom_sheet.dart:212:12 • missing_identifier
  error • Expected to find 'case' • flutter/dev/integration_tests/flutter_gallery/lib/demo/shrine/expanding_bottom_sheet.dart:213:7 • expected_token
   info • Unnecessary empty statement • flutter/dev/integration_tests/flutter_gallery/lib/demo/shrine/expanding_bottom_sheet.dart:218:6 • empty_statements
  error • Undefined name 'ScopedModel' • flutter/dev/integration_tests/flutter_gallery/lib/demo/shrine/expanding_bottom_sheet.dart:285:33 • undefined_identifier
  error • The method 'ScopedModelDescendant' isn't defined for the type 'ExpandingBottomSheetState' • flutter/dev/integration_tests/flutter_gallery/lib/demo/shrine/expanding_bottom_sheet.dart:357:20 • undefined_method
  error • Undefined name 'ScopedModel' • flutter/dev/integration_tests/flutter_gallery/lib/demo/shrine/expanding_bottom_sheet.dart:391:21 • undefined_identifier
  error • Undefined name 'ScopedModel' • flutter/dev/integration_tests/flutter_gallery/lib/demo/shrine/expanding_bottom_sheet.dart:398:33 • undefined_identifier
  error • Undefined name 'ScopedModel' • flutter/dev/integration_tests/flutter_gallery/lib/demo/shrine/expanding_bottom_sheet.dart:428:21 • undefined_identifier
  error • The method 'ScopedModelDescendant' isn't defined for the type '_ProductThumbnailRowState' • flutter/dev/integration_tests/flutter_gallery/lib/demo/shrine/expanding_bottom_sheet.dart:472:12 • undefined_method
  error • The method 'ScopedModelDescendant' isn't defined for the type 'ExtraProductsNumber' • flutter/dev/integration_tests/flutter_gallery/lib/demo/shrine/expanding_bottom_sheet.dart:516:12 • undefined_method
  error • Target of URI doesn't exist: 'package:scoped_model/scoped_model.dart' • flutter/dev/integration_tests/flutter_gallery/lib/demo/shrine/home.dart:6:8 • uri_does_not_exist
  error • The method 'ScopedModelDescendant' isn't defined for the type 'ProductPage' • flutter/dev/integration_tests/flutter_gallery/lib/demo/shrine/home.dart:21:12 • undefined_method
  error • This requires the 'null-aware-elements' language feature to be enabled • flutter/dev/integration_tests/flutter_gallery/lib/demo/shrine/home.dart:39:9 • experiment_not_enabled
  error • The element type 'Backdrop?' can't be assigned to the list type 'Widget' • flutter/dev/integration_tests/flutter_gallery/lib/demo/shrine/home.dart:39:10 • list_element_type_not_assignable
  error • Target of URI doesn't exist: 'package:scoped_model/scoped_model.dart' • flutter/dev/integration_tests/flutter_gallery/lib/demo/shrine/model/app_state_model.dart:5:8 • uri_does_not_exist
  error • Classes can only extend other classes • flutter/dev/integration_tests/flutter_gallery/lib/demo/shrine/model/app_state_model.dart:13:29 • extends_non_class
  error • The method 'notifyListeners' isn't defined for the type 'AppStateModel' • flutter/dev/integration_tests/flutter_gallery/lib/demo/shrine/model/app_state_model.dart:66:5 • undefined_method
  error • The 'case' shouldn't complete normally • flutter/dev/integration_tests/flutter_gallery/lib/demo/shrine/model/app_state_model.dart:72:7 • switch_case_completes_normally
  error • Case expressions must be constant • flutter/dev/integration_tests/flutter_gallery/lib/demo/shrine/model/app_state_model.dart:74:12 • non_constant_case_expression
  error • Expected an identifier • flutter/dev/integration_tests/flutter_gallery/lib/demo/shrine/model/app_state_model.dart:74:12 • missing_identifier
  error • Expected to find ':' • flutter/dev/integration_tests/flutter_gallery/lib/demo/shrine/model/app_state_model.dart:74:12 • expected_token
  error • Expected to find ';' • flutter/dev/integration_tests/flutter_gallery/lib/demo/shrine/model/app_state_model.dart:74:22 • expected_token
  error • Expected an identifier • flutter/dev/integration_tests/flutter_gallery/lib/demo/shrine/model/app_state_model.dart:74:27 • missing_identifier
  error • Unexpected text ':' • flutter/dev/integration_tests/flutter_gallery/lib/demo/shrine/model/app_state_model.dart:74:27 • unexpected_token
  error • The final variable 'value' can't be read because it's potentially unassigned at this point • flutter/dev/integration_tests/flutter_gallery/lib/demo/shrine/model/app_state_model.dart:75:38 • read_potentially_unassigned_final
  error • The method 'notifyListeners' isn't defined for the type 'AppStateModel' • flutter/dev/integration_tests/flutter_gallery/lib/demo/shrine/model/app_state_model.dart:77:5 • undefined_method
  error • The method 'notifyListeners' isn't defined for the type 'AppStateModel' • flutter/dev/integration_tests/flutter_gallery/lib/demo/shrine/model/app_state_model.dart:88:5 • undefined_method
  error • The method 'notifyListeners' isn't defined for the type 'AppStateModel' • flutter/dev/integration_tests/flutter_gallery/lib/demo/shrine/model/app_state_model.dart:94:5 • undefined_method
  error • The method 'notifyListeners' isn't defined for the type 'AppStateModel' • flutter/dev/integration_tests/flutter_gallery/lib/demo/shrine/model/app_state_model.dart:99:5 • undefined_method
  error • Target of URI doesn't exist: 'package:scoped_model/scoped_model.dart' • flutter/dev/integration_tests/flutter_gallery/lib/demo/shrine/shopping_cart.dart:7:8 • uri_does_not_exist
  error • The method 'ScopedModelDescendant' isn't defined for the type '_ShoppingCartPageState' • flutter/dev/integration_tests/flutter_gallery/lib/demo/shrine/shopping_cart.dart:45:16 • undefined_method
  error • Expected to find ';' • flutter/dev/integration_tests/flutter_gallery/lib/demo/shrine/supplemental/cut_corners_border.dart:107:28 • expected_token
warning • Missing case clause for 'ltr' • flutter/dev/integration_tests/flutter_gallery/lib/demo/shrine/supplemental/cut_corners_border.dart:107:30 • missing_enum_constant_in_switch
warning • Missing case clause for 'rtl' • flutter/dev/integration_tests/flutter_gallery/lib/demo/shrine/supplemental/cut_corners_border.dart:107:30 • missing_enum_constant_in_switch
  error • Expected an identifier • flutter/dev/integration_tests/flutter_gallery/lib/demo/shrine/supplemental/cut_corners_border.dart:107:30 • missing_identifier
  error • Expected to find 'case' • flutter/dev/integration_tests/flutter_gallery/lib/demo/shrine/supplemental/cut_corners_border.dart:108:11 • expected_token
   info • Unnecessary empty statement • flutter/dev/integration_tests/flutter_gallery/lib/demo/shrine/supplemental/cut_corners_border.dart:110:10 • empty_statements
  error • Target of URI doesn't exist: 'package:scoped_model/scoped_model.dart' • flutter/dev/integration_tests/flutter_gallery/lib/demo/shrine/supplemental/product_card.dart:7:8 • uri_does_not_exist
  error • The method 'ScopedModelDescendant' isn't defined for the type 'ProductCard' • flutter/dev/integration_tests/flutter_gallery/lib/demo/shrine/supplemental/product_card.dart:41:12 • undefined_method
  error • Target of URI doesn't exist: 'package:video_player/video_player.dart' • flutter/dev/integration_tests/flutter_gallery/lib/demo/video_demo.dart:9:8 • uri_does_not_exist
  error • Undefined class 'VideoPlayerController' • flutter/dev/integration_tests/flutter_gallery/lib/demo/video_demo.dart:14:9 • undefined_class
  error • Undefined class 'VideoPlayerController' • flutter/dev/integration_tests/flutter_gallery/lib/demo/video_demo.dart:84:9 • undefined_class
  error • The method 'VideoPlayer' isn't defined for the type '_VideoPlayerLoadingState' • flutter/dev/integration_tests/flutter_gallery/lib/demo/video_demo.dart:113:14 • undefined_method
  error • The method 'VideoPlayer' isn't defined for the type '_VideoPlayerLoadingState' • flutter/dev/integration_tests/flutter_gallery/lib/demo/video_demo.dart:118:9 • undefined_method
  error • Undefined class 'VideoPlayerController' • flutter/dev/integration_tests/flutter_gallery/lib/demo/video_demo.dart:128:9 • undefined_class
  error • Undefined class 'VideoPlayerController' • flutter/dev/integration_tests/flutter_gallery/lib/demo/video_demo.dart:146:3 • undefined_class
  error • Undefined class 'VideoPlayerController' • flutter/dev/integration_tests/flutter_gallery/lib/demo/video_demo.dart:250:9 • undefined_class
  error • Undefined name 'VideoPlayerController' • flutter/dev/integration_tests/flutter_gallery/lib/demo/video_demo.dart:250:53 • undefined_identifier
  error • The method 'VideoPlayerOptions' isn't defined for the type '_VideoDemoState' • flutter/dev/integration_tests/flutter_gallery/lib/demo/video_demo.dart:253:25 • undefined_method
  error • Undefined class 'VideoPlayerController' • flutter/dev/integration_tests/flutter_gallery/lib/demo/video_demo.dart:256:9 • undefined_class
  error • Undefined name 'VideoPlayerController' • flutter/dev/integration_tests/flutter_gallery/lib/demo/video_demo.dart:256:47 • undefined_identifier
  error • The method 'VideoPlayerOptions' isn't defined for the type '_VideoDemoState' • flutter/dev/integration_tests/flutter_gallery/lib/demo/video_demo.dart:259:25 • undefined_method
  error • Undefined class 'VideoPlayerController' • flutter/dev/integration_tests/flutter_gallery/lib/demo/video_demo.dart:274:33 • undefined_class
  error • Target of URI doesn't exist: 'package:url_launcher/url_launcher.dart' • flutter/dev/integration_tests/flutter_gallery/lib/gallery/about.dart:8:8 • uri_does_not_exist
  error • The method 'launchUrl' isn't defined for the type '_LinkTextSpan' • flutter/dev/integration_tests/flutter_gallery/lib/gallery/about.dart:29:13 • undefined_method
  error • Undefined name 'LaunchMode' • flutter/dev/integration_tests/flutter_gallery/lib/gallery/about.dart:29:45 • undefined_identifier
  error • Target of URI doesn't exist: 'package:scoped_model/scoped_model.dart' • flutter/dev/integration_tests/flutter_gallery/lib/gallery/app.dart:11:8 • uri_does_not_exist
  error • Target of URI doesn't exist: 'package:url_launcher/url_launcher.dart' • flutter/dev/integration_tests/flutter_gallery/lib/gallery/app.dart:12:8 • uri_does_not_exist
  error • The method 'launchUrl' isn't defined for the type '_GalleryAppState' • flutter/dev/integration_tests/flutter_gallery/lib/gallery/app.dart:127:15 • undefined_method
  error • Undefined name 'LaunchMode' • flutter/dev/integration_tests/flutter_gallery/lib/gallery/app.dart:129:23 • undefined_identifier
  error • The method 'ScopedModel' isn't defined for the type '_GalleryAppState' • flutter/dev/integration_tests/flutter_gallery/lib/gallery/app.dart:139:12 • undefined_method
warning • The value of the local variable 'flingVelocity' isn't used • flutter/dev/integration_tests/flutter_gallery/lib/gallery/backdrop.dart:222:18 • unused_local_variable
  error • Expected an identifier • flutter/dev/integration_tests/flutter_gallery/lib/gallery/backdrop.dart:224:17 • missing_identifier
  error • Expected to find ')' • flutter/dev/integration_tests/flutter_gallery/lib/gallery/backdrop.dart:224:17 • expected_token
  error • Target of URI doesn't exist: 'package:url_launcher/url_launcher.dart' • flutter/dev/integration_tests/flutter_gallery/lib/gallery/demo.dart:7:8 • uri_does_not_exist
  error • The method 'canLaunchUrl' isn't defined for the type '_TabbedComponentDemoScaffoldState' • flutter/dev/integration_tests/flutter_gallery/lib/gallery/demo.dart:84:15 • undefined_method
  error • The method 'launchUrl' isn't defined for the type '_TabbedComponentDemoScaffoldState' • flutter/dev/integration_tests/flutter_gallery/lib/gallery/demo.dart:85:13 • undefined_method
  error • The method 'launchUrl' isn't defined for the type 'MaterialDemoDocumentationButton' • flutter/dev/integration_tests/flutter_gallery/lib/gallery/demo.dart:235:24 • undefined_method
  error • Undefined name 'LaunchMode' • flutter/dev/integration_tests/flutter_gallery/lib/gallery/demo.dart:235:70 • undefined_identifier
  error • The method 'launchUrl' isn't defined for the type 'CupertinoDemoDocumentationButton' • flutter/dev/integration_tests/flutter_gallery/lib/gallery/demo.dart:255:24 • undefined_method
  error • Undefined name 'LaunchMode' • flutter/dev/integration_tests/flutter_gallery/lib/gallery/demo.dart:255:70 • undefined_identifier
  error • This requires the 'null-aware-elements' language feature to be enabled • flutter/dev/integration_tests/flutter_gallery/lib/gallery/home.dart:269:47 • experiment_not_enabled
  error • The element type 'Widget?' can't be assigned to the list type 'Widget' • flutter/dev/integration_tests/flutter_gallery/lib/gallery/home.dart:269:48 • list_element_type_not_assignable
  error • This requires the 'class-modifiers' language feature to be enabled • flutter/dev/integration_tests/flutter_gallery/lib/gallery/icons.dart:7:10 • experiment_not_enabled
  error • Expected to find ';' • flutter/dev/integration_tests/flutter_gallery/lib/gallery/options.dart:385:5 • expected_token
warning • Dead code • flutter/dev/integration_tests/flutter_gallery/lib/gallery/options.dart:385:12 • dead_code
warning • Missing case clause for 'android' • flutter/dev/integration_tests/flutter_gallery/lib/gallery/options.dart:385:12 • missing_enum_constant_in_switch
warning • Missing case clause for 'fuchsia' • flutter/dev/integration_tests/flutter_gallery/lib/gallery/options.dart:385:12 • missing_enum_constant_in_switch
warning • Missing case clause for 'iOS' • flutter/dev/integration_tests/flutter_gallery/lib/gallery/options.dart:385:12 • missing_enum_constant_in_switch
warning • Missing case clause for 'linux' • flutter/dev/integration_tests/flutter_gallery/lib/gallery/options.dart:385:12 • missing_enum_constant_in_switch
warning • Missing case clause for 'macOS' • flutter/dev/integration_tests/flutter_gallery/lib/gallery/options.dart:385:12 • missing_enum_constant_in_switch
warning • Missing case clause for 'windows' • flutter/dev/integration_tests/flutter_gallery/lib/gallery/options.dart:385:12 • missing_enum_constant_in_switch
  error • Expected an identifier • flutter/dev/integration_tests/flutter_gallery/lib/gallery/options.dart:385:12 • missing_identifier
  error • Expected to find 'case' • flutter/dev/integration_tests/flutter_gallery/lib/gallery/options.dart:386:7 • expected_token
   info • Unnecessary empty statement • flutter/dev/integration_tests/flutter_gallery/lib/gallery/options.dart:392:6 • empty_statements
  error • Expected to find ';' • flutter/dev/integration_tests/flutter_gallery/lib/gallery/syntax_highlighter.dart:356:5 • expected_token
warning • Dead code • flutter/dev/integration_tests/flutter_gallery/lib/gallery/syntax_highlighter.dart:356:12 • dead_code
warning • Missing case clause for 'comment' • flutter/dev/integration_tests/flutter_gallery/lib/gallery/syntax_highlighter.dart:356:12 • missing_enum_constant_in_switch
warning • Missing case clause for 'constant' • flutter/dev/integration_tests/flutter_gallery/lib/gallery/syntax_highlighter.dart:356:12 • missing_enum_constant_in_switch
warning • Missing case clause for 'keyword' • flutter/dev/integration_tests/flutter_gallery/lib/gallery/syntax_highlighter.dart:356:12 • missing_enum_constant_in_switch
warning • Missing case clause for 'klass' • flutter/dev/integration_tests/flutter_gallery/lib/gallery/syntax_highlighter.dart:356:12 • missing_enum_constant_in_switch
warning • Missing case clause for 'number' • flutter/dev/integration_tests/flutter_gallery/lib/gallery/syntax_highlighter.dart:356:12 • missing_enum_constant_in_switch
warning • Missing case clause for 'punctuation' • flutter/dev/integration_tests/flutter_gallery/lib/gallery/syntax_highlighter.dart:356:12 • missing_enum_constant_in_switch
warning • Missing case clause for 'string' • flutter/dev/integration_tests/flutter_gallery/lib/gallery/syntax_highlighter.dart:356:12 • missing_enum_constant_in_switch
  error • Expected an identifier • flutter/dev/integration_tests/flutter_gallery/lib/gallery/syntax_highlighter.dart:356:12 • missing_identifier
  error • Expected to find 'case' • flutter/dev/integration_tests/flutter_gallery/lib/gallery/syntax_highlighter.dart:357:7 • expected_token
   info • Unnecessary empty statement • flutter/dev/integration_tests/flutter_gallery/lib/gallery/syntax_highlighter.dart:364:6 • empty_statements
  error • Target of URI doesn't exist: 'package:url_launcher/url_launcher.dart' • flutter/dev/integration_tests/flutter_gallery/lib/gallery/updater.dart:7:8 • uri_does_not_exist
  error • The method 'launchUrl' isn't defined for the type 'UpdaterState' • flutter/dev/integration_tests/flutter_gallery/lib/gallery/updater.dart:41:9 • undefined_method
  error • Target of URI doesn't exist: 'package:flutter_gallery/demo/all.dart' • flutter/dev/integration_tests/flutter_gallery/test/accessibility_test.dart:6:8 • uri_does_not_exist
  error • Target of URI doesn't exist: 'package:flutter_gallery/gallery/app.dart' • flutter/dev/integration_tests/flutter_gallery/test/accessibility_test.dart:7:8 • uri_does_not_exist
  error • Target of URI doesn't exist: 'package:flutter_gallery/gallery/themes.dart' • flutter/dev/integration_tests/flutter_gallery/test/accessibility_test.dart:8:8 • uri_does_not_exist
  error • Invalid constant value • flutter/dev/integration_tests/flutter_gallery/test/accessibility_test.dart:26:59 • invalid_constant
  error • The function 'BackdropDemo' isn't defined • flutter/dev/integration_tests/flutter_gallery/test/accessibility_test.dart:26:59 • undefined_function
  error • Invalid constant value • flutter/dev/integration_tests/flutter_gallery/test/accessibility_test.dart:33:59 • invalid_constant
  error • The function 'BottomAppBarDemo' isn't defined • flutter/dev/integration_tests/flutter_gallery/test/accessibility_test.dart:33:59 • undefined_function
  error • Invalid constant value • flutter/dev/integration_tests/flutter_gallery/test/accessibility_test.dart:40:59 • invalid_constant
  error • The function 'BottomNavigationDemo' isn't defined • flutter/dev/integration_tests/flutter_gallery/test/accessibility_test.dart:40:59 • undefined_function
  error • Invalid constant value • flutter/dev/integration_tests/flutter_gallery/test/accessibility_test.dart:47:59 • invalid_constant
  error • The function 'ButtonsDemo' isn't defined • flutter/dev/integration_tests/flutter_gallery/test/accessibility_test.dart:47:59 • undefined_function
  error • Invalid constant value • flutter/dev/integration_tests/flutter_gallery/test/accessibility_test.dart:54:59 • invalid_constant
  error • The function 'CardsDemo' isn't defined • flutter/dev/integration_tests/flutter_gallery/test/accessibility_test.dart:54:59 • undefined_function
  error • Invalid constant value • flutter/dev/integration_tests/flutter_gallery/test/accessibility_test.dart:61:59 • invalid_constant
  error • The function 'ChipDemo' isn't defined • flutter/dev/integration_tests/flutter_gallery/test/accessibility_test.dart:61:59 • undefined_function
  error • Invalid constant value • flutter/dev/integration_tests/flutter_gallery/test/accessibility_test.dart:68:59 • invalid_constant
  error • The function 'DataTableDemo' isn't defined • flutter/dev/integration_tests/flutter_gallery/test/accessibility_test.dart:68:59 • undefined_function
  error • Invalid constant value • flutter/dev/integration_tests/flutter_gallery/test/accessibility_test.dart:75:59 • invalid_constant
  error • The function 'DateAndTimePickerDemo' isn't defined • flutter/dev/integration_tests/flutter_gallery/test/accessibility_test.dart:75:59 • undefined_function
  error • Invalid constant value • flutter/dev/integration_tests/flutter_gallery/test/accessibility_test.dart:82:59 • invalid_constant
  error • The function 'DialogDemo' isn't defined • flutter/dev/integration_tests/flutter_gallery/test/accessibility_test.dart:82:59 • undefined_function
  error • Invalid constant value • flutter/dev/integration_tests/flutter_gallery/test/accessibility_test.dart:89:59 • invalid_constant
  error • The function 'DrawerDemo' isn't defined • flutter/dev/integration_tests/flutter_gallery/test/accessibility_test.dart:89:59 • undefined_function
  error • Invalid constant value • flutter/dev/integration_tests/flutter_gallery/test/accessibility_test.dart:96:59 • invalid_constant
  error • The function 'ElevationDemo' isn't defined • flutter/dev/integration_tests/flutter_gallery/test/accessibility_test.dart:96:59 • undefined_function
  error • Invalid constant value • flutter/dev/integration_tests/flutter_gallery/test/accessibility_test.dart:103:59 • invalid_constant
  error • The function 'ExpansionPanelsDemo' isn't defined • flutter/dev/integration_tests/flutter_gallery/test/accessibility_test.dart:103:59 • undefined_function
  error • Invalid constant value • flutter/dev/integration_tests/flutter_gallery/test/accessibility_test.dart:110:59 • invalid_constant
  error • The function 'GridListDemo' isn't defined • flutter/dev/integration_tests/flutter_gallery/test/accessibility_test.dart:110:59 • undefined_function
  error • Invalid constant value • flutter/dev/integration_tests/flutter_gallery/test/accessibility_test.dart:117:59 • invalid_constant
  error • The function 'IconsDemo' isn't defined • flutter/dev/integration_tests/flutter_gallery/test/accessibility_test.dart:117:59 • undefined_function
  error • Invalid constant value • flutter/dev/integration_tests/flutter_gallery/test/accessibility_test.dart:124:59 • invalid_constant
  error • The function 'LeaveBehindDemo' isn't defined • flutter/dev/integration_tests/flutter_gallery/test/accessibility_test.dart:124:59 • undefined_function
  error • Invalid constant value • flutter/dev/integration_tests/flutter_gallery/test/accessibility_test.dart:131:59 • invalid_constant
  error • The function 'ListDemo' isn't defined • flutter/dev/integration_tests/flutter_gallery/test/accessibility_test.dart:131:59 • undefined_function
  error • Invalid constant value • flutter/dev/integration_tests/flutter_gallery/test/accessibility_test.dart:138:59 • invalid_constant
  error • The function 'MenuDemo' isn't defined • flutter/dev/integration_tests/flutter_gallery/test/accessibility_test.dart:138:59 • undefined_function
  error • Invalid constant value • flutter/dev/integration_tests/flutter_gallery/test/accessibility_test.dart:145:59 • invalid_constant
  error • The function 'ModalBottomSheetDemo' isn't defined • flutter/dev/integration_tests/flutter_gallery/test/accessibility_test.dart:145:59 • undefined_function
  error • Invalid constant value • flutter/dev/integration_tests/flutter_gallery/test/accessibility_test.dart:152:59 • invalid_constant
  error • The function 'OverscrollDemo' isn't defined • flutter/dev/integration_tests/flutter_gallery/test/accessibility_test.dart:152:59 • undefined_function
  error • Invalid constant value • flutter/dev/integration_tests/flutter_gallery/test/accessibility_test.dart:159:59 • invalid_constant
  error • The function 'PageSelectorDemo' isn't defined • flutter/dev/integration_tests/flutter_gallery/test/accessibility_test.dart:159:59 • undefined_function
  error • Invalid constant value • flutter/dev/integration_tests/flutter_gallery/test/accessibility_test.dart:166:59 • invalid_constant
  error • The function 'PersistentBottomSheetDemo' isn't defined • flutter/dev/integration_tests/flutter_gallery/test/accessibility_test.dart:166:59 • undefined_function
  error • Invalid constant value • flutter/dev/integration_tests/flutter_gallery/test/accessibility_test.dart:173:59 • invalid_constant
  error • The function 'ProgressIndicatorDemo' isn't defined • flutter/dev/integration_tests/flutter_gallery/test/accessibility_test.dart:173:59 • undefined_function
  error • Invalid constant value • flutter/dev/integration_tests/flutter_gallery/test/accessibility_test.dart:180:59 • invalid_constant
  error • The function 'ReorderableListDemo' isn't defined • flutter/dev/integration_tests/flutter_gallery/test/accessibility_test.dart:180:59 • undefined_function
  error • Invalid constant value • flutter/dev/integration_tests/flutter_gallery/test/accessibility_test.dart:187:59 • invalid_constant
  error • The function 'ScrollableTabsDemo' isn't defined • flutter/dev/integration_tests/flutter_gallery/test/accessibility_test.dart:187:59 • undefined_function
  error • Invalid constant value • flutter/dev/integration_tests/flutter_gallery/test/accessibility_test.dart:194:59 • invalid_constant
  error • The function 'SearchDemo' isn't defined • flutter/dev/integration_tests/flutter_gallery/test/accessibility_test.dart:194:59 • undefined_function
  error • Invalid constant value • flutter/dev/integration_tests/flutter_gallery/test/accessibility_test.dart:201:59 • invalid_constant
  error • The function 'SelectionControlsDemo' isn't defined • flutter/dev/integration_tests/flutter_gallery/test/accessibility_test.dart:201:59 • undefined_function
  error • Invalid constant value • flutter/dev/integration_tests/flutter_gallery/test/accessibility_test.dart:208:59 • invalid_constant
  error • The function 'SliderDemo' isn't defined • flutter/dev/integration_tests/flutter_gallery/test/accessibility_test.dart:208:59 • undefined_function
  error • Invalid constant value • flutter/dev/integration_tests/flutter_gallery/test/accessibility_test.dart:215:59 • invalid_constant
  error • The function 'SnackBarDemo' isn't defined • flutter/dev/integration_tests/flutter_gallery/test/accessibility_test.dart:215:59 • undefined_function
  error • Invalid constant value • flutter/dev/integration_tests/flutter_gallery/test/accessibility_test.dart:222:59 • invalid_constant
  error • The function 'TabsDemo' isn't defined • flutter/dev/integration_tests/flutter_gallery/test/accessibility_test.dart:222:59 • undefined_function
  error • Invalid constant value • flutter/dev/integration_tests/flutter_gallery/test/accessibility_test.dart:229:59 • invalid_constant
  error • The function 'TabsFabDemo' isn't defined • flutter/dev/integration_tests/flutter_gallery/test/accessibility_test.dart:229:59 • undefined_function
  error • Invalid constant value • flutter/dev/integration_tests/flutter_gallery/test/accessibility_test.dart:236:59 • invalid_constant
  error • The function 'TextFormFieldDemo' isn't defined • flutter/dev/integration_tests/flutter_gallery/test/accessibility_test.dart:236:59 • undefined_function
  error • Invalid constant value • flutter/dev/integration_tests/flutter_gallery/test/accessibility_test.dart:243:59 • invalid_constant
  error • The function 'TooltipDemo' isn't defined • flutter/dev/integration_tests/flutter_gallery/test/accessibility_test.dart:243:59 • undefined_function
  error • Invalid constant value • flutter/dev/integration_tests/flutter_gallery/test/accessibility_test.dart:250:59 • invalid_constant
  error • The function 'ExpansionTileListDemo' isn't defined • flutter/dev/integration_tests/flutter_gallery/test/accessibility_test.dart:250:59 • undefined_function
  error • Invalid constant value • flutter/dev/integration_tests/flutter_gallery/test/accessibility_test.dart:259:59 • invalid_constant
  error • The function 'BackdropDemo' isn't defined • flutter/dev/integration_tests/flutter_gallery/test/accessibility_test.dart:259:59 • undefined_function
  error • Invalid constant value • flutter/dev/integration_tests/flutter_gallery/test/accessibility_test.dart:266:59 • invalid_constant
  error • The function 'BottomAppBarDemo' isn't defined • flutter/dev/integration_tests/flutter_gallery/test/accessibility_test.dart:266:59 • undefined_function
  error • Invalid constant value • flutter/dev/integration_tests/flutter_gallery/test/accessibility_test.dart:273:59 • invalid_constant
  error • The function 'BottomNavigationDemo' isn't defined • flutter/dev/integration_tests/flutter_gallery/test/accessibility_test.dart:273:59 • undefined_function
  error • Invalid constant value • flutter/dev/integration_tests/flutter_gallery/test/accessibility_test.dart:280:59 • invalid_constant
  error • The function 'ButtonsDemo' isn't defined • flutter/dev/integration_tests/flutter_gallery/test/accessibility_test.dart:280:59 • undefined_function
  error • Invalid constant value • flutter/dev/integration_tests/flutter_gallery/test/accessibility_test.dart:287:59 • invalid_constant
  error • The function 'CardsDemo' isn't defined • flutter/dev/integration_tests/flutter_gallery/test/accessibility_test.dart:287:59 • undefined_function
  error • Invalid constant value • flutter/dev/integration_tests/flutter_gallery/test/accessibility_test.dart:294:59 • invalid_constant
  error • The function 'ChipDemo' isn't defined • flutter/dev/integration_tests/flutter_gallery/test/accessibility_test.dart:294:59 • undefined_function
  error • Invalid constant value • flutter/dev/integration_tests/flutter_gallery/test/accessibility_test.dart:303:61 • invalid_constant
  error • The function 'DataTableDemo' isn't defined • flutter/dev/integration_tests/flutter_gallery/test/accessibility_test.dart:303:61 • undefined_function
  error • Invalid constant value • flutter/dev/integration_tests/flutter_gallery/test/accessibility_test.dart:313:59 • invalid_constant
  error • The function 'DateAndTimePickerDemo' isn't defined • flutter/dev/integration_tests/flutter_gallery/test/accessibility_test.dart:313:59 • undefined_function
  error • Invalid constant value • flutter/dev/integration_tests/flutter_gallery/test/accessibility_test.dart:320:59 • invalid_constant
  error • The function 'DialogDemo' isn't defined • flutter/dev/integration_tests/flutter_gallery/test/accessibility_test.dart:320:59 • undefined_function
  error • Invalid constant value • flutter/dev/integration_tests/flutter_gallery/test/accessibility_test.dart:327:59 • invalid_constant
  error • The function 'DrawerDemo' isn't defined • flutter/dev/integration_tests/flutter_gallery/test/accessibility_test.dart:327:59 • undefined_function
  error • Invalid constant value • flutter/dev/integration_tests/flutter_gallery/test/accessibility_test.dart:334:59 • invalid_constant
  error • The function 'ElevationDemo' isn't defined • flutter/dev/integration_tests/flutter_gallery/test/accessibility_test.dart:334:59 • undefined_function
  error • Invalid constant value • flutter/dev/integration_tests/flutter_gallery/test/accessibility_test.dart:341:59 • invalid_constant
  error • The function 'ExpansionPanelsDemo' isn't defined • flutter/dev/integration_tests/flutter_gallery/test/accessibility_test.dart:341:59 • undefined_function
  error • Invalid constant value • flutter/dev/integration_tests/flutter_gallery/test/accessibility_test.dart:348:59 • invalid_constant
  error • The function 'GridListDemo' isn't defined • flutter/dev/integration_tests/flutter_gallery/test/accessibility_test.dart:348:59 • undefined_function
  error • Invalid constant value • flutter/dev/integration_tests/flutter_gallery/test/accessibility_test.dart:355:59 • invalid_constant
  error • The function 'IconsDemo' isn't defined • flutter/dev/integration_tests/flutter_gallery/test/accessibility_test.dart:355:59 • undefined_function
  error • Invalid constant value • flutter/dev/integration_tests/flutter_gallery/test/accessibility_test.dart:362:59 • invalid_constant
  error • The function 'LeaveBehindDemo' isn't defined • flutter/dev/integration_tests/flutter_gallery/test/accessibility_test.dart:362:59 • undefined_function
  error • Invalid constant value • flutter/dev/integration_tests/flutter_gallery/test/accessibility_test.dart:369:59 • invalid_constant
  error • The function 'ListDemo' isn't defined • flutter/dev/integration_tests/flutter_gallery/test/accessibility_test.dart:369:59 • undefined_function
  error • Invalid constant value • flutter/dev/integration_tests/flutter_gallery/test/accessibility_test.dart:376:59 • invalid_constant
  error • The function 'MenuDemo' isn't defined • flutter/dev/integration_tests/flutter_gallery/test/accessibility_test.dart:376:59 • undefined_function
  error • Invalid constant value • flutter/dev/integration_tests/flutter_gallery/test/accessibility_test.dart:383:59 • invalid_constant
  error • The function 'ModalBottomSheetDemo' isn't defined • flutter/dev/integration_tests/flutter_gallery/test/accessibility_test.dart:383:59 • undefined_function
  error • Invalid constant value • flutter/dev/integration_tests/flutter_gallery/test/accessibility_test.dart:390:59 • invalid_constant
  error • The function 'OverscrollDemo' isn't defined • flutter/dev/integration_tests/flutter_gallery/test/accessibility_test.dart:390:59 • undefined_function
  error • Invalid constant value • flutter/dev/integration_tests/flutter_gallery/test/accessibility_test.dart:397:59 • invalid_constant
  error • The function 'PageSelectorDemo' isn't defined • flutter/dev/integration_tests/flutter_gallery/test/accessibility_test.dart:397:59 • undefined_function
  error • Invalid constant value • flutter/dev/integration_tests/flutter_gallery/test/accessibility_test.dart:404:59 • invalid_constant
  error • The function 'PersistentBottomSheetDemo' isn't defined • flutter/dev/integration_tests/flutter_gallery/test/accessibility_test.dart:404:59 • undefined_function
  error • Invalid constant value • flutter/dev/integration_tests/flutter_gallery/test/accessibility_test.dart:411:59 • invalid_constant
  error • The function 'ProgressIndicatorDemo' isn't defined • flutter/dev/integration_tests/flutter_gallery/test/accessibility_test.dart:411:59 • undefined_function
  error • Invalid constant value • flutter/dev/integration_tests/flutter_gallery/test/accessibility_test.dart:418:59 • invalid_constant
  error • The function 'ReorderableListDemo' isn't defined • flutter/dev/integration_tests/flutter_gallery/test/accessibility_test.dart:418:59 • undefined_function
  error • Invalid constant value • flutter/dev/integration_tests/flutter_gallery/test/accessibility_test.dart:425:59 • invalid_constant
  error • The function 'ScrollableTabsDemo' isn't defined • flutter/dev/integration_tests/flutter_gallery/test/accessibility_test.dart:425:59 • undefined_function
  error • Invalid constant value • flutter/dev/integration_tests/flutter_gallery/test/accessibility_test.dart:432:59 • invalid_constant
  error • The function 'SearchDemo' isn't defined • flutter/dev/integration_tests/flutter_gallery/test/accessibility_test.dart:432:59 • undefined_function
  error • Invalid constant value • flutter/dev/integration_tests/flutter_gallery/test/accessibility_test.dart:439:59 • invalid_constant
  error • The function 'SelectionControlsDemo' isn't defined • flutter/dev/integration_tests/flutter_gallery/test/accessibility_test.dart:439:59 • undefined_function
  error • Invalid constant value • flutter/dev/integration_tests/flutter_gallery/test/accessibility_test.dart:446:59 • invalid_constant
  error • The function 'SliderDemo' isn't defined • flutter/dev/integration_tests/flutter_gallery/test/accessibility_test.dart:446:59 • undefined_function
  error • Invalid constant value • flutter/dev/integration_tests/flutter_gallery/test/accessibility_test.dart:453:59 • invalid_constant
  error • The function 'SnackBarDemo' isn't defined • flutter/dev/integration_tests/flutter_gallery/test/accessibility_test.dart:453:59 • undefined_function
  error • Invalid constant value • flutter/dev/integration_tests/flutter_gallery/test/accessibility_test.dart:460:59 • invalid_constant
  error • The function 'TabsDemo' isn't defined • flutter/dev/integration_tests/flutter_gallery/test/accessibility_test.dart:460:59 • undefined_function
  error • Invalid constant value • flutter/dev/integration_tests/flutter_gallery/test/accessibility_test.dart:467:59 • invalid_constant
  error • The function 'TabsFabDemo' isn't defined • flutter/dev/integration_tests/flutter_gallery/test/accessibility_test.dart:467:59 • undefined_function
  error • Invalid constant value • flutter/dev/integration_tests/flutter_gallery/test/accessibility_test.dart:474:59 • invalid_constant
  error • The function 'TextFormFieldDemo' isn't defined • flutter/dev/integration_tests/flutter_gallery/test/accessibility_test.dart:474:59 • undefined_function
  error • Invalid constant value • flutter/dev/integration_tests/flutter_gallery/test/accessibility_test.dart:481:59 • invalid_constant
  error • The function 'TooltipDemo' isn't defined • flutter/dev/integration_tests/flutter_gallery/test/accessibility_test.dart:481:59 • undefined_function
  error • Invalid constant value • flutter/dev/integration_tests/flutter_gallery/test/accessibility_test.dart:488:59 • invalid_constant
  error • The function 'ExpansionTileListDemo' isn't defined • flutter/dev/integration_tests/flutter_gallery/test/accessibility_test.dart:488:59 • undefined_function
  error • Undefined name 'kLightGalleryTheme' • flutter/dev/integration_tests/flutter_gallery/test/accessibility_test.dart:495:48 • undefined_identifier
  error • Undefined name 'kDarkGalleryTheme' • flutter/dev/integration_tests/flutter_gallery/test/accessibility_test.dart:495:68 • undefined_identifier
  error • The name 'BackdropDemo' isn't a class • flutter/dev/integration_tests/flutter_gallery/test/accessibility_test.dart:505:71 • creation_with_non_type
  error • The name 'BottomAppBarDemo' isn't a class • flutter/dev/integration_tests/flutter_gallery/test/accessibility_test.dart:512:71 • creation_with_non_type
  error • The name 'BottomNavigationDemo' isn't a class • flutter/dev/integration_tests/flutter_gallery/test/accessibility_test.dart:519:71 • creation_with_non_type
  error • The name 'ButtonsDemo' isn't a class • flutter/dev/integration_tests/flutter_gallery/test/accessibility_test.dart:526:71 • creation_with_non_type
  error • The name 'CardsDemo' isn't a class • flutter/dev/integration_tests/flutter_gallery/test/accessibility_test.dart:533:71 • creation_with_non_type
  error • The name 'ChipDemo' isn't a class • flutter/dev/integration_tests/flutter_gallery/test/accessibility_test.dart:540:71 • creation_with_non_type
  error • The name 'DataTableDemo' isn't a class • flutter/dev/integration_tests/flutter_gallery/test/accessibility_test.dart:547:71 • creation_with_non_type
  error • The name 'DateAndTimePickerDemo' isn't a class • flutter/dev/integration_tests/flutter_gallery/test/accessibility_test.dart:554:71 • creation_with_non_type
  error • The name 'DialogDemo' isn't a class • flutter/dev/integration_tests/flutter_gallery/test/accessibility_test.dart:561:71 • creation_with_non_type
  error • The name 'DrawerDemo' isn't a class • flutter/dev/integration_tests/flutter_gallery/test/accessibility_test.dart:568:71 • creation_with_non_type
  error • The name 'ElevationDemo' isn't a class • flutter/dev/integration_tests/flutter_gallery/test/accessibility_test.dart:575:71 • creation_with_non_type
  error • The name 'ExpansionPanelsDemo' isn't a class • flutter/dev/integration_tests/flutter_gallery/test/accessibility_test.dart:582:71 • creation_with_non_type
  error • The name 'GridListDemo' isn't a class • flutter/dev/integration_tests/flutter_gallery/test/accessibility_test.dart:589:71 • creation_with_non_type
  error • The name 'IconsDemo' isn't a class • flutter/dev/integration_tests/flutter_gallery/test/accessibility_test.dart:596:71 • creation_with_non_type
  error • The name 'LeaveBehindDemo' isn't a class • flutter/dev/integration_tests/flutter_gallery/test/accessibility_test.dart:603:71 • creation_with_non_type
  error • The name 'ListDemo' isn't a class • flutter/dev/integration_tests/flutter_gallery/test/accessibility_test.dart:610:71 • creation_with_non_type
  error • The name 'MenuDemo' isn't a class • flutter/dev/integration_tests/flutter_gallery/test/accessibility_test.dart:617:71 • creation_with_non_type
  error • The name 'ModalBottomSheetDemo' isn't a class • flutter/dev/integration_tests/flutter_gallery/test/accessibility_test.dart:624:71 • creation_with_non_type
  error • Invalid constant value • flutter/dev/integration_tests/flutter_gallery/test/accessibility_test.dart:631:57 • invalid_constant
  error • The function 'OverscrollDemo' isn't defined • flutter/dev/integration_tests/flutter_gallery/test/accessibility_test.dart:631:57 • undefined_function
  error • The name 'PageSelectorDemo' isn't a class • flutter/dev/integration_tests/flutter_gallery/test/accessibility_test.dart:638:71 • creation_with_non_type
  error • The name 'PersistentBottomSheetDemo' isn't a class • flutter/dev/integration_tests/flutter_gallery/test/accessibility_test.dart:645:71 • creation_with_non_type
  error • The name 'ProgressIndicatorDemo' isn't a class • flutter/dev/integration_tests/flutter_gallery/test/accessibility_test.dart:652:71 • creation_with_non_type
  error • The name 'ReorderableListDemo' isn't a class • flutter/dev/integration_tests/flutter_gallery/test/accessibility_test.dart:659:71 • creation_with_non_type
  error • The name 'ScrollableTabsDemo' isn't a class • flutter/dev/integration_tests/flutter_gallery/test/accessibility_test.dart:666:71 • creation_with_non_type
  error • The name 'SearchDemo' isn't a class • flutter/dev/integration_tests/flutter_gallery/test/accessibility_test.dart:673:71 • creation_with_non_type
  error • The name 'SelectionControlsDemo' isn't a class • flutter/dev/integration_tests/flutter_gallery/test/accessibility_test.dart:680:71 • creation_with_non_type
  error • The name 'SliderDemo' isn't a class • flutter/dev/integration_tests/flutter_gallery/test/accessibility_test.dart:687:71 • creation_with_non_type
  error • The name 'SnackBarDemo' isn't a class • flutter/dev/integration_tests/flutter_gallery/test/accessibility_test.dart:694:71 • creation_with_non_type
  error • The name 'TabsDemo' isn't a class • flutter/dev/integration_tests/flutter_gallery/test/accessibility_test.dart:701:71 • creation_with_non_type
  error • The name 'TabsFabDemo' isn't a class • flutter/dev/integration_tests/flutter_gallery/test/accessibility_test.dart:708:71 • creation_with_non_type
  error • The name 'TextFormFieldDemo' isn't a class • flutter/dev/integration_tests/flutter_gallery/test/accessibility_test.dart:715:71 • creation_with_non_type
  error • The name 'TooltipDemo' isn't a class • flutter/dev/integration_tests/flutter_gallery/test/accessibility_test.dart:722:71 • creation_with_non_type
  error • The name 'ExpansionTileListDemo' isn't a class • flutter/dev/integration_tests/flutter_gallery/test/accessibility_test.dart:729:71 • creation_with_non_type
  error • The name 'GalleryApp' isn't a class • flutter/dev/integration_tests/flutter_gallery/test/accessibility_test.dart:738:37 • creation_with_non_type
  error • The name 'GalleryApp' isn't a class • flutter/dev/integration_tests/flutter_gallery/test/accessibility_test.dart:745:37 • creation_with_non_type
  error • Target of URI doesn't exist: 'package:flutter_gallery/demo/calculator/logic.dart' • flutter/dev/integration_tests/flutter_gallery/test/calculator/logic.dart:5:8 • uri_does_not_exist
  error • Target of URI doesn't exist: 'package:test/test.dart' • flutter/dev/integration_tests/flutter_gallery/test/calculator/logic.dart:7:8 • uri_does_not_exist
  error • The function 'test' isn't defined • flutter/dev/integration_tests/flutter_gallery/test/calculator/logic.dart:10:3 • undefined_function
  error • Undefined class 'CalcExpression' • flutter/dev/integration_tests/flutter_gallery/test/calculator/logic.dart:11:5 • undefined_class
  error • Undefined name 'CalcExpression' • flutter/dev/integration_tests/flutter_gallery/test/calculator/logic.dart:11:33 • undefined_identifier
   info • Unnecessary use of a null check ('!') • flutter/dev/integration_tests/flutter_gallery/test/calculator/logic.dart:12:43 • unnecessary_null_checks
   info • Unnecessary use of a null check ('!') • flutter/dev/integration_tests/flutter_gallery/test/calculator/logic.dart:13:43 • unnecessary_null_checks
  error • Undefined name 'Operation' • flutter/dev/integration_tests/flutter_gallery/test/calculator/logic.dart:14:45 • undefined_identifier
   info • Unnecessary use of a null check ('!') • flutter/dev/integration_tests/flutter_gallery/test/calculator/logic.dart:14:64 • unnecessary_null_checks
   info • Unnecessary use of a null check ('!') • flutter/dev/integration_tests/flutter_gallery/test/calculator/logic.dart:15:43 • unnecessary_null_checks
  error • Undefined name 'Operation' • flutter/dev/integration_tests/flutter_gallery/test/calculator/logic.dart:16:45 • undefined_identifier
   info • Unnecessary use of a null check ('!') • flutter/dev/integration_tests/flutter_gallery/test/calculator/logic.dart:16:70 • unnecessary_null_checks
   info • Unnecessary use of a null check ('!') • flutter/dev/integration_tests/flutter_gallery/test/calculator/logic.dart:17:43 • unnecessary_null_checks
   info • Unnecessary use of a null check ('!') • flutter/dev/integration_tests/flutter_gallery/test/calculator/logic.dart:18:44 • unnecessary_null_checks
  error • The function 'expect' isn't defined • flutter/dev/integration_tests/flutter_gallery/test/calculator/logic.dart:19:5 • undefined_function
  error • The function 'equals' isn't defined • flutter/dev/integration_tests/flutter_gallery/test/calculator/logic.dart:19:30 • undefined_function
  error • Undefined name 'ExpressionState' • flutter/dev/integration_tests/flutter_gallery/test/calculator/logic.dart:19:37 • undefined_identifier
  error • The function 'expect' isn't defined • flutter/dev/integration_tests/flutter_gallery/test/calculator/logic.dart:20:5 • undefined_function
  error • The function 'equals' isn't defined • flutter/dev/integration_tests/flutter_gallery/test/calculator/logic.dart:20:35 • undefined_function
  error • The function 'test' isn't defined • flutter/dev/integration_tests/flutter_gallery/test/calculator/logic.dart:23:3 • undefined_function
  error • Undefined class 'CalcExpression' • flutter/dev/integration_tests/flutter_gallery/test/calculator/logic.dart:24:5 • undefined_class
  error • Undefined name 'CalcExpression' • flutter/dev/integration_tests/flutter_gallery/test/calculator/logic.dart:24:33 • undefined_identifier
   info • Unnecessary use of a null check ('!') • flutter/dev/integration_tests/flutter_gallery/test/calculator/logic.dart:25:43 • unnecessary_null_checks
   info • Unnecessary use of a null check ('!') • flutter/dev/integration_tests/flutter_gallery/test/calculator/logic.dart:26:42 • unnecessary_null_checks
   info • Unnecessary use of a null check ('!') • flutter/dev/integration_tests/flutter_gallery/test/calculator/logic.dart:27:43 • unnecessary_null_checks
  error • Undefined name 'Operation' • flutter/dev/integration_tests/flutter_gallery/test/calculator/logic.dart:28:45 • undefined_identifier
   info • Unnecessary use of a null check ('!') • flutter/dev/integration_tests/flutter_gallery/test/calculator/logic.dart:28:64 • unnecessary_null_checks
   info • Unnecessary use of a null check ('!') • flutter/dev/integration_tests/flutter_gallery/test/calculator/logic.dart:29:43 • unnecessary_null_checks
   info • Unnecessary use of a null check ('!') • flutter/dev/integration_tests/flutter_gallery/test/calculator/logic.dart:30:42 • unnecessary_null_checks
   info • Unnecessary use of a null check ('!') • flutter/dev/integration_tests/flutter_gallery/test/calculator/logic.dart:31:43 • unnecessary_null_checks
   info • Unnecessary use of a null check ('!') • flutter/dev/integration_tests/flutter_gallery/test/calculator/logic.dart:32:44 • unnecessary_null_checks
  error • The function 'expect' isn't defined • flutter/dev/integration_tests/flutter_gallery/test/calculator/logic.dart:33:5 • undefined_function
  error • The function 'equals' isn't defined • flutter/dev/integration_tests/flutter_gallery/test/calculator/logic.dart:33:30 • undefined_function
  error • Undefined name 'ExpressionState' • flutter/dev/integration_tests/flutter_gallery/test/calculator/logic.dart:33:37 • undefined_identifier
  error • The function 'expect' isn't defined • flutter/dev/integration_tests/flutter_gallery/test/calculator/logic.dart:34:5 • undefined_function
  error • The function 'equals' isn't defined • flutter/dev/integration_tests/flutter_gallery/test/calculator/logic.dart:34:35 • undefined_function
  error • The function 'test' isn't defined • flutter/dev/integration_tests/flutter_gallery/test/calculator/logic.dart:37:3 • undefined_function
  error • Undefined class 'CalcExpression' • flutter/dev/integration_tests/flutter_gallery/test/calculator/logic.dart:38:5 • undefined_class
  error • Undefined name 'CalcExpression' • flutter/dev/integration_tests/flutter_gallery/test/calculator/logic.dart:38:33 • undefined_identifier
   info • Unnecessary use of a null check ('!') • flutter/dev/integration_tests/flutter_gallery/test/calculator/logic.dart:39:43 • unnecessary_null_checks
   info • Unnecessary use of a null check ('!') • flutter/dev/integration_tests/flutter_gallery/test/calculator/logic.dart:40:42 • unnecessary_null_checks
   info • Unnecessary use of a null check ('!') • flutter/dev/integration_tests/flutter_gallery/test/calculator/logic.dart:41:43 • unnecessary_null_checks
  error • Undefined name 'Operation' • flutter/dev/integration_tests/flutter_gallery/test/calculator/logic.dart:42:45 • undefined_identifier
   info • Unnecessary use of a null check ('!') • flutter/dev/integration_tests/flutter_gallery/test/calculator/logic.dart:42:64 • unnecessary_null_checks
   info • Unnecessary use of a null check ('!') • flutter/dev/integration_tests/flutter_gallery/test/calculator/logic.dart:43:43 • unnecessary_null_checks
   info • Unnecessary use of a null check ('!') • flutter/dev/integration_tests/flutter_gallery/test/calculator/logic.dart:44:43 • unnecessary_null_checks
   info • Unnecessary use of a null check ('!') • flutter/dev/integration_tests/flutter_gallery/test/calculator/logic.dart:45:42 • unnecessary_null_checks
   info • Unnecessary use of a null check ('!') • flutter/dev/integration_tests/flutter_gallery/test/calculator/logic.dart:46:43 • unnecessary_null_checks
   info • Unnecessary use of a null check ('!') • flutter/dev/integration_tests/flutter_gallery/test/calculator/logic.dart:47:44 • unnecessary_null_checks
  error • The function 'expect' isn't defined • flutter/dev/integration_tests/flutter_gallery/test/calculator/logic.dart:48:5 • undefined_function
  error • The function 'equals' isn't defined • flutter/dev/integration_tests/flutter_gallery/test/calculator/logic.dart:48:30 • undefined_function
  error • Undefined name 'ExpressionState' • flutter/dev/integration_tests/flutter_gallery/test/calculator/logic.dart:48:37 • undefined_identifier
  error • The function 'expect' isn't defined • flutter/dev/integration_tests/flutter_gallery/test/calculator/logic.dart:49:5 • undefined_function
  error • The function 'equals' isn't defined • flutter/dev/integration_tests/flutter_gallery/test/calculator/logic.dart:49:35 • undefined_function
  error • The function 'test' isn't defined • flutter/dev/integration_tests/flutter_gallery/test/calculator/logic.dart:52:3 • undefined_function
  error • Undefined class 'CalcExpression' • flutter/dev/integration_tests/flutter_gallery/test/calculator/logic.dart:53:5 • undefined_class
  error • Undefined name 'CalcExpression' • flutter/dev/integration_tests/flutter_gallery/test/calculator/logic.dart:53:33 • undefined_identifier
   info • Unnecessary use of a null check ('!') • flutter/dev/integration_tests/flutter_gallery/test/calculator/logic.dart:54:43 • unnecessary_null_checks
  error • Undefined name 'Operation' • flutter/dev/integration_tests/flutter_gallery/test/calculator/logic.dart:55:45 • undefined_identifier
   info • Unnecessary use of a null check ('!') • flutter/dev/integration_tests/flutter_gallery/test/calculator/logic.dart:55:64 • unnecessary_null_checks
   info • Unnecessary use of a null check ('!') • flutter/dev/integration_tests/flutter_gallery/test/calculator/logic.dart:56:43 • unnecessary_null_checks
   info • Unnecessary use of a null check ('!') • flutter/dev/integration_tests/flutter_gallery/test/calculator/logic.dart:57:44 • unnecessary_null_checks
  error • The function 'expect' isn't defined • flutter/dev/integration_tests/flutter_gallery/test/calculator/logic.dart:58:5 • undefined_function
  error • The function 'equals' isn't defined • flutter/dev/integration_tests/flutter_gallery/test/calculator/logic.dart:58:30 • undefined_function
  error • Undefined name 'ExpressionState' • flutter/dev/integration_tests/flutter_gallery/test/calculator/logic.dart:58:37 • undefined_identifier
  error • The function 'expect' isn't defined • flutter/dev/integration_tests/flutter_gallery/test/calculator/logic.dart:59:5 • undefined_function
  error • The function 'equals' isn't defined • flutter/dev/integration_tests/flutter_gallery/test/calculator/logic.dart:59:35 • undefined_function
  error • The function 'test' isn't defined • flutter/dev/integration_tests/flutter_gallery/test/calculator/logic.dart:62:3 • undefined_function
  error • Undefined class 'CalcExpression' • flutter/dev/integration_tests/flutter_gallery/test/calculator/logic.dart:63:5 • undefined_class
  error • Undefined name 'CalcExpression' • flutter/dev/integration_tests/flutter_gallery/test/calculator/logic.dart:63:33 • undefined_identifier
   info • Unnecessary use of a null check ('!') • flutter/dev/integration_tests/flutter_gallery/test/calculator/logic.dart:64:43 • unnecessary_null_checks
  error • Undefined name 'Operation' • flutter/dev/integration_tests/flutter_gallery/test/calculator/logic.dart:65:45 • undefined_identifier
   info • Unnecessary use of a null check ('!') • flutter/dev/integration_tests/flutter_gallery/test/calculator/logic.dart:65:64 • unnecessary_null_checks
   info • Unnecessary use of a null check ('!') • flutter/dev/integration_tests/flutter_gallery/test/calculator/logic.dart:66:43 • unnecessary_null_checks
   info • Unnecessary use of a null check ('!') • flutter/dev/integration_tests/flutter_gallery/test/calculator/logic.dart:67:44 • unnecessary_null_checks
  error • Undefined name 'Operation' • flutter/dev/integration_tests/flutter_gallery/test/calculator/logic.dart:68:45 • undefined_identifier
   info • Unnecessary use of a null check ('!') • flutter/dev/integration_tests/flutter_gallery/test/calculator/logic.dart:68:64 • unnecessary_null_checks
   info • Unnecessary use of a null check ('!') • flutter/dev/integration_tests/flutter_gallery/test/calculator/logic.dart:69:43 • unnecessary_null_checks
   info • Unnecessary use of a null check ('!') • flutter/dev/integration_tests/flutter_gallery/test/calculator/logic.dart:70:44 • unnecessary_null_checks
  error • Undefined name 'Operation' • flutter/dev/integration_tests/flutter_gallery/test/calculator/logic.dart:71:45 • undefined_identifier
   info • Unnecessary use of a null check ('!') • flutter/dev/integration_tests/flutter_gallery/test/calculator/logic.dart:71:64 • unnecessary_null_checks
   info • Unnecessary use of a null check ('!') • flutter/dev/integration_tests/flutter_gallery/test/calculator/logic.dart:72:43 • unnecessary_null_checks
   info • Unnecessary use of a null check ('!') • flutter/dev/integration_tests/flutter_gallery/test/calculator/logic.dart:73:44 • unnecessary_null_checks
  error • The function 'expect' isn't defined • flutter/dev/integration_tests/flutter_gallery/test/calculator/logic.dart:74:5 • undefined_function
  error • The function 'equals' isn't defined • flutter/dev/integration_tests/flutter_gallery/test/calculator/logic.dart:74:30 • undefined_function
  error • Undefined name 'ExpressionState' • flutter/dev/integration_tests/flutter_gallery/test/calculator/logic.dart:74:37 • undefined_identifier
  error • The function 'expect' isn't defined • flutter/dev/integration_tests/flutter_gallery/test/calculator/logic.dart:75:5 • undefined_function
  error • The function 'equals' isn't defined • flutter/dev/integration_tests/flutter_gallery/test/calculator/logic.dart:75:35 • undefined_function
  error • The function 'test' isn't defined • flutter/dev/integration_tests/flutter_gallery/test/calculator/logic.dart:78:3 • undefined_function
  error • Undefined class 'CalcExpression' • flutter/dev/integration_tests/flutter_gallery/test/calculator/logic.dart:79:5 • undefined_class
  error • Undefined name 'CalcExpression' • flutter/dev/integration_tests/flutter_gallery/test/calculator/logic.dart:79:33 • undefined_identifier
   info • Unnecessary use of a null check ('!') • flutter/dev/integration_tests/flutter_gallery/test/calculator/logic.dart:80:42 • unnecessary_null_checks
   info • Unnecessary use of a null check ('!') • flutter/dev/integration_tests/flutter_gallery/test/calculator/logic.dart:81:43 • unnecessary_null_checks
   info • Unnecessary use of a null check ('!') • flutter/dev/integration_tests/flutter_gallery/test/calculator/logic.dart:82:42 • unnecessary_null_checks
   info • Unnecessary use of a null check ('!') • flutter/dev/integration_tests/flutter_gallery/test/calculator/logic.dart:83:42 • unnecessary_null_checks
   info • Unnecessary use of a null check ('!') • flutter/dev/integration_tests/flutter_gallery/test/calculator/logic.dart:84:43 • unnecessary_null_checks
   info • Unnecessary use of a null check ('!') • flutter/dev/integration_tests/flutter_gallery/test/calculator/logic.dart:85:44 • unnecessary_null_checks
  error • The function 'expect' isn't defined • flutter/dev/integration_tests/flutter_gallery/test/calculator/logic.dart:86:5 • undefined_function
  error • The function 'equals' isn't defined • flutter/dev/integration_tests/flutter_gallery/test/calculator/logic.dart:86:30 • undefined_function
  error • Undefined name 'ExpressionState' • flutter/dev/integration_tests/flutter_gallery/test/calculator/logic.dart:86:37 • undefined_identifier
  error • The function 'expect' isn't defined • flutter/dev/integration_tests/flutter_gallery/test/calculator/logic.dart:87:5 • undefined_function
  error • The function 'equals' isn't defined • flutter/dev/integration_tests/flutter_gallery/test/calculator/logic.dart:87:35 • undefined_function
  error • Target of URI doesn't exist: 'package:flutter_gallery/demo/calculator_demo.dart' • flutter/dev/integration_tests/flutter_gallery/test/calculator/smoke_test.dart:6:8 • uri_does_not_exist
  error • Invalid constant value • flutter/dev/integration_tests/flutter_gallery/test/calculator/smoke_test.dart:18:53 • invalid_constant
  error • The function 'CalculatorDemo' isn't defined • flutter/dev/integration_tests/flutter_gallery/test/calculator/smoke_test.dart:18:53 • undefined_function
  error • Target of URI doesn't exist: 'package:flutter_gallery/demo/cupertino/cupertino_navigation_demo.dart' • flutter/dev/integration_tests/flutter_gallery/test/demo/cupertino/cupertino_navigation_demo_test.dart:7:8 • uri_does_not_exist
  error • The function 'CupertinoNavigationDemo' isn't defined • flutter/dev/integration_tests/flutter_gallery/test/demo/cupertino/cupertino_navigation_demo_test.dart:25:48 • undefined_function
  error • Undefined name 'CupertinoNavigationDemo' • flutter/dev/integration_tests/flutter_gallery/test/demo/cupertino/cupertino_navigation_demo_test.dart:28:19 • undefined_identifier
  error • Undefined name 'CupertinoNavigationDemo' • flutter/dev/integration_tests/flutter_gallery/test/demo/cupertino/cupertino_navigation_demo_test.dart:39:19 • undefined_identifier
  error • Target of URI doesn't exist: 'package:flutter_gallery/demo/material/buttons_demo.dart' • flutter/dev/integration_tests/flutter_gallery/test/demo/material/buttons_demo_test.dart:6:8 • uri_does_not_exist
  error • The name 'ButtonsDemo' isn't a class • flutter/dev/integration_tests/flutter_gallery/test/demo/material/buttons_demo_test.dart:14:72 • creation_with_non_type
  error • Target of URI doesn't exist: 'package:flutter_gallery/demo/material/chip_demo.dart' • flutter/dev/integration_tests/flutter_gallery/test/demo/material/chip_demo_test.dart:6:8 • uri_does_not_exist
  error • The name 'ChipDemo' isn't a class • flutter/dev/integration_tests/flutter_gallery/test/demo/material/chip_demo_test.dart:15:21 • creation_with_non_type
  error • Target of URI doesn't exist: 'package:flutter_gallery/demo/material/drawer_demo.dart' • flutter/dev/integration_tests/flutter_gallery/test/demo/material/drawer_demo_test.dart:6:8 • uri_does_not_exist
  error • The name 'DrawerDemo' isn't a class • flutter/dev/integration_tests/flutter_gallery/test/demo/material/drawer_demo_test.dart:14:21 • creation_with_non_type
  error • Target of URI doesn't exist: 'package:flutter_gallery/demo/material/expansion_panels_demo.dart' • flutter/dev/integration_tests/flutter_gallery/test/demo/material/expansion_panels_demo_test.dart:6:8 • uri_does_not_exist
  error • Invalid constant value • flutter/dev/integration_tests/flutter_gallery/test/demo/material/expansion_panels_demo_test.dart:13:53 • invalid_constant
  error • The function 'ExpansionPanelsDemo' isn't defined • flutter/dev/integration_tests/flutter_gallery/test/demo/material/expansion_panels_demo_test.dart:13:53 • undefined_function
  error • The name 'Location' isn't a type, so it can't be used as a type argument • flutter/dev/integration_tests/flutter_gallery/test/demo/material/expansion_panels_demo_test.dart:41:20 • non_type_as_type_argument
  error • The name 'Location' isn't a type, so it can't be used as a type argument • flutter/dev/integration_tests/flutter_gallery/test/demo/material/expansion_panels_demo_test.dart:41:65 • non_type_as_type_argument
  error • The name 'Location' isn't a type, so it can't be used as a type argument • flutter/dev/integration_tests/flutter_gallery/test/demo/material/expansion_panels_demo_test.dart:49:84 • non_type_as_type_argument
  error • The name 'Location' isn't a type, so it can't be used as a type argument • flutter/dev/integration_tests/flutter_gallery/test/demo/material/expansion_panels_demo_test.dart:51:20 • non_type_as_type_argument
  error • The name 'Location' isn't a type, so it can't be used as a type argument • flutter/dev/integration_tests/flutter_gallery/test/demo/material/expansion_panels_demo_test.dart:51:73 • non_type_as_type_argument
  error • The name 'Location' isn't a type, so it can't be used as a type argument • flutter/dev/integration_tests/flutter_gallery/test/demo/material/expansion_panels_demo_test.dart:56:61 • non_type_as_type_argument
  error • Target of URI doesn't exist: 'package:flutter_gallery/demo/material/menu_demo.dart' • flutter/dev/integration_tests/flutter_gallery/test/demo/material/menu_demo_test.dart:6:8 • uri_does_not_exist
  error • Target of URI doesn't exist: 'package:flutter_gallery/gallery/themes.dart' • flutter/dev/integration_tests/flutter_gallery/test/demo/material/menu_demo_test.dart:7:8 • uri_does_not_exist
  error • Undefined name 'kLightGalleryTheme' • flutter/dev/integration_tests/flutter_gallery/test/demo/material/menu_demo_test.dart:14:48 • undefined_identifier
  error • The name 'MenuDemo' isn't a class • flutter/dev/integration_tests/flutter_gallery/test/demo/material/menu_demo_test.dart:14:80 • creation_with_non_type
  error • Undefined name 'kDarkGalleryTheme' • flutter/dev/integration_tests/flutter_gallery/test/demo/material/menu_demo_test.dart:31:48 • undefined_identifier
  error • The name 'MenuDemo' isn't a class • flutter/dev/integration_tests/flutter_gallery/test/demo/material/menu_demo_test.dart:31:79 • creation_with_non_type
  error • Undefined name 'kDarkGalleryTheme' • flutter/dev/integration_tests/flutter_gallery/test/demo/material/menu_demo_test.dart:46:48 • undefined_identifier
  error • The name 'MenuDemo' isn't a class • flutter/dev/integration_tests/flutter_gallery/test/demo/material/menu_demo_test.dart:46:79 • creation_with_non_type
  error • Target of URI doesn't exist: 'package:flutter_gallery/demo/material/text_form_field_demo.dart' • flutter/dev/integration_tests/flutter_gallery/test/demo/material/text_form_field_demo_test.dart:6:8 • uri_does_not_exist
  error • Invalid constant value • flutter/dev/integration_tests/flutter_gallery/test/demo/material/text_form_field_demo_test.dart:11:53 • invalid_constant
  error • The function 'TextFormFieldDemo' isn't defined • flutter/dev/integration_tests/flutter_gallery/test/demo/material/text_form_field_demo_test.dart:11:53 • undefined_function
  error • Target of URI doesn't exist: 'package:flutter_gallery/gallery/app.dart' • flutter/dev/integration_tests/flutter_gallery/test/drawer_test.dart:7:8 • uri_does_not_exist
  error • The function 'GalleryApp' isn't defined • flutter/dev/integration_tests/flutter_gallery/test/drawer_test.dart:20:7 • undefined_function
  error • Target of URI doesn't exist: 'package:flutter_gallery/gallery/app.dart' • flutter/dev/integration_tests/flutter_gallery/test/example_code_display_test.dart:6:8 • uri_does_not_exist
  error • The name 'GalleryApp' isn't a class • flutter/dev/integration_tests/flutter_gallery/test/example_code_display_test.dart:18:35 • creation_with_non_type
  error • Target of URI doesn't exist: 'package:flutter_gallery/gallery/example_code_parser.dart' • flutter/dev/integration_tests/flutter_gallery/test/example_code_parser_test.dart:6:8 • uri_does_not_exist
  error • The function 'getExampleCode' isn't defined • flutter/dev/integration_tests/flutter_gallery/test/example_code_parser_test.dart:13:40 • undefined_function
  error • The function 'getExampleCode' isn't defined • flutter/dev/integration_tests/flutter_gallery/test/example_code_parser_test.dart:16:40 • undefined_function
  error • The function 'getExampleCode' isn't defined • flutter/dev/integration_tests/flutter_gallery/test/example_code_parser_test.dart:19:40 • undefined_function
  error • Target of URI doesn't exist: 'package:flutter_goldens/flutter_goldens.dart' • flutter/dev/integration_tests/flutter_gallery/test/flutter_test_config.dart:8:8 • uri_does_not_exist
  error • Target of URI doesn't exist: 'package:flutter_gallery/gallery/app.dart' • flutter/dev/integration_tests/flutter_gallery/test/live_smoketest.dart:18:8 • uri_does_not_exist
  error • Target of URI doesn't exist: 'package:flutter_gallery/gallery/demos.dart' • flutter/dev/integration_tests/flutter_gallery/test/live_smoketest.dart:19:8 • uri_does_not_exist
  error • Undefined name 'kAllGalleryDemos' • flutter/dev/integration_tests/flutter_gallery/test/live_smoketest.dart:53:40 • undefined_identifier
  error • Undefined class 'GalleryDemo' • flutter/dev/integration_tests/flutter_gallery/test/live_smoketest.dart:54:15 • undefined_class
  error • Undefined class 'GalleryDemoCategory' • flutter/dev/integration_tests/flutter_gallery/test/live_smoketest.dart:66:16 • undefined_class
  error • Undefined name 'kAllGalleryDemoCategories' • flutter/dev/integration_tests/flutter_gallery/test/live_smoketest.dart:66:48 • undefined_identifier
  error • Undefined class 'GalleryDemo' • flutter/dev/integration_tests/flutter_gallery/test/live_smoketest.dart:69:18 • undefined_class
  error • Undefined name 'kGalleryCategoryToDemos' • flutter/dev/integration_tests/flutter_gallery/test/live_smoketest.dart:69:38 • undefined_identifier
  error • Expected an identifier • flutter/dev/integration_tests/flutter_gallery/test/live_smoketest.dart:97:24 • missing_identifier
  error • Expected to find ')' • flutter/dev/integration_tests/flutter_gallery/test/live_smoketest.dart:97:24 • expected_token
  error • Target of URI doesn't exist: 'package:flutter_gallery/gallery/app.dart' • flutter/dev/integration_tests/flutter_gallery/test/pesto_test.dart:6:8 • uri_does_not_exist
  error • Invalid constant value • flutter/dev/integration_tests/flutter_gallery/test/pesto_test.dart:19:72 • invalid_constant
  error • The function 'GalleryApp' isn't defined • flutter/dev/integration_tests/flutter_gallery/test/pesto_test.dart:19:72 • undefined_function
  error • The name 'GalleryApp' isn't a class • flutter/dev/integration_tests/flutter_gallery/test/pesto_test.dart:41:35 • creation_with_non_type
  error • Target of URI doesn't exist: 'package:flutter_gallery/gallery/app.dart' • flutter/dev/integration_tests/flutter_gallery/test/simple_smoke_test.dart:6:8 • uri_does_not_exist
  error • Target of URI doesn't exist: 'package:flutter_gallery/gallery/app.dart' • flutter/dev/integration_tests/flutter_gallery/test/smoke_test.dart:9:8 • uri_does_not_exist
  error • Target of URI doesn't exist: 'package:flutter_gallery/gallery/demos.dart' • flutter/dev/integration_tests/flutter_gallery/test/smoke_test.dart:10:8 • uri_does_not_exist
  error • Undefined class 'GalleryDemo' • flutter/dev/integration_tests/flutter_gallery/test/smoke_test.dart:72:45 • undefined_class
  error • Undefined class 'GalleryDemoCategory' • flutter/dev/integration_tests/flutter_gallery/test/smoke_test.dart:195:14 • undefined_class
  error • Undefined name 'kAllGalleryDemoCategories' • flutter/dev/integration_tests/flutter_gallery/test/smoke_test.dart:195:46 • undefined_identifier
  error • Undefined class 'GalleryDemo' • flutter/dev/integration_tests/flutter_gallery/test/smoke_test.dart:199:16 • undefined_class
  error • Undefined name 'kGalleryCategoryToDemos' • flutter/dev/integration_tests/flutter_gallery/test/smoke_test.dart:199:36 • undefined_identifier
  error • Target of URI doesn't exist: 'package:flutter_gallery/gallery/app.dart' • flutter/dev/integration_tests/flutter_gallery/test/update_test.dart:5:8 • uri_does_not_exist
  error • Target of URI doesn't exist: 'package:flutter_driver/driver_extension.dart' • flutter/dev/integration_tests/flutter_gallery/test_driver/page_transitions_perf.dart:6:8 • uri_does_not_exist
  error • Target of URI doesn't exist: 'package:flutter_gallery/gallery/app.dart' • flutter/dev/integration_tests/flutter_gallery/test_driver/page_transitions_perf.dart:7:8 • uri_does_not_exist
  error • The function 'enableFlutterDriverExtension' isn't defined • flutter/dev/integration_tests/flutter_gallery/test_driver/page_transitions_perf.dart:10:3 • undefined_function
  error • Target of URI doesn't exist: 'package:flutter_driver/flutter_driver.dart' • flutter/dev/integration_tests/flutter_gallery/test_driver/page_transitions_perf_test.dart:5:8 • uri_does_not_exist
  error • Target of URI doesn't exist: 'package:test/test.dart' • flutter/dev/integration_tests/flutter_gallery/test_driver/page_transitions_perf_test.dart:6:8 • uri_does_not_exist
  error • The function 'group' isn't defined • flutter/dev/integration_tests/flutter_gallery/test_driver/page_transitions_perf_test.dart:9:3 • undefined_function
  error • Undefined class 'FlutterDriver' • flutter/dev/integration_tests/flutter_gallery/test_driver/page_transitions_perf_test.dart:10:10 • undefined_class
  error • The function 'setUpAll' isn't defined • flutter/dev/integration_tests/flutter_gallery/test_driver/page_transitions_perf_test.dart:12:5 • undefined_function
  error • Undefined name 'FlutterDriver' • flutter/dev/integration_tests/flutter_gallery/test_driver/page_transitions_perf_test.dart:13:22 • undefined_identifier
  error • The function 'tearDownAll' isn't defined • flutter/dev/integration_tests/flutter_gallery/test_driver/page_transitions_perf_test.dart:18:5 • undefined_function
  error • The function 'test' isn't defined • flutter/dev/integration_tests/flutter_gallery/test_driver/page_transitions_perf_test.dart:22:5 • undefined_function
  error • Undefined class 'Timeline' • flutter/dev/integration_tests/flutter_gallery/test_driver/page_transitions_perf_test.dart:23:13 • undefined_class
  error • Undefined name 'find' • flutter/dev/integration_tests/flutter_gallery/test_driver/page_transitions_perf_test.dart:24:26 • undefined_identifier
  error • Undefined name 'find' • flutter/dev/integration_tests/flutter_gallery/test_driver/page_transitions_perf_test.dart:27:28 • undefined_identifier
  error • Undefined name 'find' • flutter/dev/integration_tests/flutter_gallery/test_driver/page_transitions_perf_test.dart:29:32 • undefined_identifier
  error • Undefined name 'find' • flutter/dev/integration_tests/flutter_gallery/test_driver/page_transitions_perf_test.dart:30:28 • undefined_identifier
  error • Undefined class 'TimelineSummary' • flutter/dev/integration_tests/flutter_gallery/test_driver/page_transitions_perf_test.dart:35:13 • undefined_class
  error • Undefined name 'TimelineSummary' • flutter/dev/integration_tests/flutter_gallery/test_driver/page_transitions_perf_test.dart:35:39 • undefined_identifier
  error • Undefined name 'Timeout' • flutter/dev/integration_tests/flutter_gallery/test_driver/page_transitions_perf_test.dart:37:17 • undefined_identifier
  error • Target of URI doesn't exist: 'package:flutter_gallery/demo_lists.dart' • flutter/dev/integration_tests/flutter_gallery/test_driver/run_demos.dart:6:8 • uri_does_not_exist
  error • Undefined name 'kUnsynchronizedDemos' • flutter/dev/integration_tests/flutter_gallery/test_driver/run_demos.dart:74:11 • undefined_identifier
  error • Target of URI doesn't exist: 'package:flutter_driver/driver_extension.dart' • flutter/dev/integration_tests/flutter_gallery/test_driver/scroll_perf.dart:6:8 • uri_does_not_exist
  error • Target of URI doesn't exist: 'package:flutter_gallery/gallery/app.dart' • flutter/dev/integration_tests/flutter_gallery/test_driver/scroll_perf.dart:7:8 • uri_does_not_exist
  error • The function 'enableFlutterDriverExtension' isn't defined • flutter/dev/integration_tests/flutter_gallery/test_driver/scroll_perf.dart:10:3 • undefined_function
  error • Target of URI doesn't exist: 'package:flutter_driver/flutter_driver.dart' • flutter/dev/integration_tests/flutter_gallery/test_driver/scroll_perf_test.dart:5:8 • uri_does_not_exist
  error • Target of URI doesn't exist: 'package:test/test.dart' • flutter/dev/integration_tests/flutter_gallery/test_driver/scroll_perf_test.dart:6:8 • uri_does_not_exist
  error • The function 'group' isn't defined • flutter/dev/integration_tests/flutter_gallery/test_driver/scroll_perf_test.dart:9:3 • undefined_function
  error • Undefined class 'FlutterDriver' • flutter/dev/integration_tests/flutter_gallery/test_driver/scroll_perf_test.dart:10:10 • undefined_class
  error • The function 'setUpAll' isn't defined • flutter/dev/integration_tests/flutter_gallery/test_driver/scroll_perf_test.dart:12:5 • undefined_function
  error • Undefined name 'FlutterDriver' • flutter/dev/integration_tests/flutter_gallery/test_driver/scroll_perf_test.dart:13:22 • undefined_identifier
  error • The function 'tearDownAll' isn't defined • flutter/dev/integration_tests/flutter_gallery/test_driver/scroll_perf_test.dart:18:5 • undefined_function
  error • The function 'test' isn't defined • flutter/dev/integration_tests/flutter_gallery/test_driver/scroll_perf_test.dart:22:5 • undefined_function
  error • Undefined class 'Timeline' • flutter/dev/integration_tests/flutter_gallery/test_driver/scroll_perf_test.dart:23:13 • undefined_class
  error • Undefined name 'find' • flutter/dev/integration_tests/flutter_gallery/test_driver/scroll_perf_test.dart:24:26 • undefined_identifier
  error • Undefined class 'SerializableFinder' • flutter/dev/integration_tests/flutter_gallery/test_driver/scroll_perf_test.dart:26:15 • undefined_class
  error • Undefined name 'find' • flutter/dev/integration_tests/flutter_gallery/test_driver/scroll_perf_test.dart:26:45 • undefined_identifier
  error • Undefined class 'TimelineSummary' • flutter/dev/integration_tests/flutter_gallery/test_driver/scroll_perf_test.dart:40:13 • undefined_class
  error • Undefined name 'TimelineSummary' • flutter/dev/integration_tests/flutter_gallery/test_driver/scroll_perf_test.dart:40:39 • undefined_identifier
  error • Undefined name 'Timeout' • flutter/dev/integration_tests/flutter_gallery/test_driver/scroll_perf_test.dart:42:17 • undefined_identifier
  error • Target of URI doesn't exist: 'package:flutter_driver/driver_extension.dart' • flutter/dev/integration_tests/flutter_gallery/test_driver/scroll_perf_web.dart:6:8 • uri_does_not_exist
  error • Target of URI doesn't exist: 'package:flutter_gallery/gallery/app.dart' • flutter/dev/integration_tests/flutter_gallery/test_driver/scroll_perf_web.dart:7:8 • uri_does_not_exist
  error • The function 'enableFlutterDriverExtension' isn't defined • flutter/dev/integration_tests/flutter_gallery/test_driver/scroll_perf_web.dart:10:3 • undefined_function
  error • Target of URI doesn't exist: 'package:flutter_driver/flutter_driver.dart' • flutter/dev/integration_tests/flutter_gallery/test_driver/scroll_perf_web_test.dart:5:8 • uri_does_not_exist
  error • Target of URI doesn't exist: 'package:test/test.dart' • flutter/dev/integration_tests/flutter_gallery/test_driver/scroll_perf_web_test.dart:6:8 • uri_does_not_exist
  error • The function 'group' isn't defined • flutter/dev/integration_tests/flutter_gallery/test_driver/scroll_perf_web_test.dart:9:3 • undefined_function
  error • Undefined class 'FlutterDriver' • flutter/dev/integration_tests/flutter_gallery/test_driver/scroll_perf_web_test.dart:10:10 • undefined_class
  error • The function 'setUpAll' isn't defined • flutter/dev/integration_tests/flutter_gallery/test_driver/scroll_perf_web_test.dart:12:5 • undefined_function
  error • Undefined name 'FlutterDriver' • flutter/dev/integration_tests/flutter_gallery/test_driver/scroll_perf_web_test.dart:13:22 • undefined_identifier
  error • The function 'tearDownAll' isn't defined • flutter/dev/integration_tests/flutter_gallery/test_driver/scroll_perf_web_test.dart:16:5 • undefined_function
  error • The function 'test' isn't defined • flutter/dev/integration_tests/flutter_gallery/test_driver/scroll_perf_web_test.dart:20:5 • undefined_function
  error • Undefined name 'find' • flutter/dev/integration_tests/flutter_gallery/test_driver/scroll_perf_web_test.dart:21:24 • undefined_identifier
  error • Undefined class 'SerializableFinder' • flutter/dev/integration_tests/flutter_gallery/test_driver/scroll_perf_web_test.dart:23:13 • undefined_class
  error • Undefined name 'find' • flutter/dev/integration_tests/flutter_gallery/test_driver/scroll_perf_web_test.dart:23:43 • undefined_identifier
  error • Undefined name 'Timeout' • flutter/dev/integration_tests/flutter_gallery/test_driver/scroll_perf_web_test.dart:38:17 • undefined_identifier
  error • Target of URI doesn't exist: 'package:flutter_driver/driver_extension.dart' • flutter/dev/integration_tests/flutter_gallery/test_driver/transitions_perf.dart:8:8 • uri_does_not_exist
  error • Target of URI doesn't exist: 'package:flutter_gallery/demo_lists.dart' • flutter/dev/integration_tests/flutter_gallery/test_driver/transitions_perf.dart:9:8 • uri_does_not_exist
  error • Target of URI doesn't exist: 'package:flutter_gallery/gallery/app.dart' • flutter/dev/integration_tests/flutter_gallery/test_driver/transitions_perf.dart:10:8 • uri_does_not_exist
  error • Target of URI doesn't exist: 'package:flutter_gallery/gallery/demos.dart' • flutter/dev/integration_tests/flutter_gallery/test_driver/transitions_perf.dart:11:8 • uri_does_not_exist
  error • Undefined name 'kAllGalleryDemos' • flutter/dev/integration_tests/flutter_gallery/test_driver/transitions_perf.dart:20:26 • undefined_identifier
  error • Undefined class 'GalleryDemo' • flutter/dev/integration_tests/flutter_gallery/test_driver/transitions_perf.dart:21:11 • undefined_class
  error • Undefined name 'kProfiledDemos' • flutter/dev/integration_tests/flutter_gallery/test_driver/transitions_perf.dart:34:24 • undefined_identifier
  error • Undefined name 'kProfiledDemos' • flutter/dev/integration_tests/flutter_gallery/test_driver/transitions_perf.dart:35:34 • undefined_identifier
  error • Undefined name 'kProfiledDemos' • flutter/dev/integration_tests/flutter_gallery/test_driver/transitions_perf.dart:36:59 • undefined_identifier
  error • The function 'enableFlutterDriverExtension' isn't defined • flutter/dev/integration_tests/flutter_gallery/test_driver/transitions_perf.dart:49:3 • undefined_function
  error • Target of URI doesn't exist: 'package:flutter_gallery/demo_lists.dart' • flutter/dev/integration_tests/flutter_gallery/test_driver/transitions_perf_e2e.dart:7:8 • uri_does_not_exist
  error • Target of URI doesn't exist: 'package:flutter_gallery/gallery/app.dart' • flutter/dev/integration_tests/flutter_gallery/test_driver/transitions_perf_e2e.dart:8:8 • uri_does_not_exist
  error • Target of URI doesn't exist: 'package:flutter_gallery/gallery/demos.dart' • flutter/dev/integration_tests/flutter_gallery/test_driver/transitions_perf_e2e.dart:9:8 • uri_does_not_exist
  error • Target of URI doesn't exist: 'package:integration_test/integration_test.dart' • flutter/dev/integration_tests/flutter_gallery/test_driver/transitions_perf_e2e.dart:11:8 • uri_does_not_exist
  error • Undefined name 'kAllGalleryDemos' • flutter/dev/integration_tests/flutter_gallery/test_driver/transitions_perf_e2e.dart:19:26 • undefined_identifier
  error • Undefined class 'GalleryDemo' • flutter/dev/integration_tests/flutter_gallery/test_driver/transitions_perf_e2e.dart:20:11 • undefined_class
  error • Undefined class 'IntegrationTestWidgetsFlutterBinding' • flutter/dev/integration_tests/flutter_gallery/test_driver/transitions_perf_e2e.dart:25:9 • undefined_class
  error • Undefined name 'IntegrationTestWidgetsFlutterBinding' • flutter/dev/integration_tests/flutter_gallery/test_driver/transitions_perf_e2e.dart:26:7 • undefined_identifier
  error • Undefined name 'kProfiledDemos' • flutter/dev/integration_tests/flutter_gallery/test_driver/transitions_perf_e2e.dart:41:24 • undefined_identifier
  error • Undefined name 'kProfiledDemos' • flutter/dev/integration_tests/flutter_gallery/test_driver/transitions_perf_e2e.dart:45:82 • undefined_identifier
  error • Target of URI doesn't exist: 'package:integration_test/integration_test_driver.dart' • flutter/dev/integration_tests/flutter_gallery/test_driver/transitions_perf_e2e_test.dart:5:8 • uri_does_not_exist
  error • Target of URI doesn't exist: 'package:flutter_driver/flutter_driver.dart' • flutter/dev/integration_tests/flutter_gallery/test_driver/transitions_perf_test.dart:9:8 • uri_does_not_exist
  error • Target of URI doesn't exist: 'package:flutter_gallery/demo_lists.dart' • flutter/dev/integration_tests/flutter_gallery/test_driver/transitions_perf_test.dart:10:8 • uri_does_not_exist
  error • Target of URI doesn't exist: 'package:test/test.dart' • flutter/dev/integration_tests/flutter_gallery/test_driver/transitions_perf_test.dart:12:8 • uri_does_not_exist
  error • Undefined class 'FlutterDriver' • flutter/dev/integration_tests/flutter_gallery/test_driver/transitions_perf_test.dart:116:43 • undefined_class
  error • Undefined class 'SerializableFinder' • flutter/dev/integration_tests/flutter_gallery/test_driver/transitions_perf_test.dart:117:9 • undefined_class
  error • Undefined name 'find' • flutter/dev/integration_tests/flutter_gallery/test_driver/transitions_perf_test.dart:117:39 • undefined_identifier
  error • Undefined class 'SerializableFinder' • flutter/dev/integration_tests/flutter_gallery/test_driver/transitions_perf_test.dart:129:11 • undefined_class
  error • Undefined name 'find' • flutter/dev/integration_tests/flutter_gallery/test_driver/transitions_perf_test.dart:129:49 • undefined_identifier
  error • Undefined name 'find' • flutter/dev/integration_tests/flutter_gallery/test_driver/transitions_perf_test.dart:134:24 • undefined_identifier
  error • Undefined class 'SerializableFinder' • flutter/dev/integration_tests/flutter_gallery/test_driver/transitions_perf_test.dart:142:11 • undefined_class
  error • Undefined name 'find' • flutter/dev/integration_tests/flutter_gallery/test_driver/transitions_perf_test.dart:142:41 • undefined_identifier
  error • Undefined name 'kUnsynchronizedDemos' • flutter/dev/integration_tests/flutter_gallery/test_driver/transitions_perf_test.dart:148:11 • undefined_identifier
  error • Undefined name 'find' • flutter/dev/integration_tests/flutter_gallery/test_driver/transitions_perf_test.dart:150:28 • undefined_identifier
  error • Undefined name 'find' • flutter/dev/integration_tests/flutter_gallery/test_driver/transitions_perf_test.dart:153:26 • undefined_identifier
  error • Undefined name 'find' • flutter/dev/integration_tests/flutter_gallery/test_driver/transitions_perf_test.dart:161:20 • undefined_identifier
  error • The function 'group' isn't defined • flutter/dev/integration_tests/flutter_gallery/test_driver/transitions_perf_test.dart:167:3 • undefined_function
  error • Undefined class 'FlutterDriver' • flutter/dev/integration_tests/flutter_gallery/test_driver/transitions_perf_test.dart:168:10 • undefined_class
  error • The function 'setUpAll' isn't defined • flutter/dev/integration_tests/flutter_gallery/test_driver/transitions_perf_test.dart:169:5 • undefined_function
  error • Undefined name 'FlutterDriver' • flutter/dev/integration_tests/flutter_gallery/test_driver/transitions_perf_test.dart:170:22 • undefined_identifier
  error • The function 'tearDownAll' isn't defined • flutter/dev/integration_tests/flutter_gallery/test_driver/transitions_perf_test.dart:188:5 • undefined_function
  error • The function 'test' isn't defined • flutter/dev/integration_tests/flutter_gallery/test_driver/transitions_perf_test.dart:192:5 • undefined_function
  error • Undefined name 'find' • flutter/dev/integration_tests/flutter_gallery/test_driver/transitions_perf_test.dart:196:52 • undefined_identifier
  error • The function 'expect' isn't defined • flutter/dev/integration_tests/flutter_gallery/test_driver/transitions_perf_test.dart:197:9 • undefined_function
  error • The function 'greaterThan' isn't defined • flutter/dev/integration_tests/flutter_gallery/test_driver/transitions_perf_test.dart:197:20 • undefined_function
  error • Undefined name 'Timeout' • flutter/dev/integration_tests/flutter_gallery/test_driver/transitions_perf_test.dart:200:16 • undefined_identifier
  error • The function 'test' isn't defined • flutter/dev/integration_tests/flutter_gallery/test_driver/transitions_perf_test.dart:203:5 • undefined_function
  error • Undefined class 'Timeline' • flutter/dev/integration_tests/flutter_gallery/test_driver/transitions_perf_test.dart:205:13 • undefined_class
  error • Undefined name 'kProfiledDemos' • flutter/dev/integration_tests/flutter_gallery/test_driver/transitions_perf_test.dart:210:28 • undefined_identifier
  error • The name 'TimelineStream' isn't a type, so it can't be used as a type argument • flutter/dev/integration_tests/flutter_gallery/test_driver/transitions_perf_test.dart:213:25 • non_type_as_type_argument
  error • The values in a const list literal must be constants • flutter/dev/integration_tests/flutter_gallery/test_driver/transitions_perf_test.dart:214:11 • non_constant_list_element
  error • Undefined name 'TimelineStream' • flutter/dev/integration_tests/flutter_gallery/test_driver/transitions_perf_test.dart:214:11 • undefined_identifier
  error • The values in a const list literal must be constants • flutter/dev/integration_tests/flutter_gallery/test_driver/transitions_perf_test.dart:215:11 • non_constant_list_element
  error • Undefined name 'TimelineStream' • flutter/dev/integration_tests/flutter_gallery/test_driver/transitions_perf_test.dart:215:11 • undefined_identifier
  error • The values in a const list literal must be constants • flutter/dev/integration_tests/flutter_gallery/test_driver/transitions_perf_test.dart:216:11 • non_constant_list_element
  error • Undefined name 'TimelineStream' • flutter/dev/integration_tests/flutter_gallery/test_driver/transitions_perf_test.dart:216:11 • undefined_identifier
  error • Undefined class 'TimelineSummary' • flutter/dev/integration_tests/flutter_gallery/test_driver/transitions_perf_test.dart:224:13 • undefined_class
  error • Undefined name 'TimelineSummary' • flutter/dev/integration_tests/flutter_gallery/test_driver/transitions_perf_test.dart:224:39 • undefined_identifier
  error • Undefined name 'testOutputsDirectory' • flutter/dev/integration_tests/flutter_gallery/test_driver/transitions_perf_test.dart:227:9 • undefined_identifier
  error • Undefined name 'kProfiledDemos' • flutter/dev/integration_tests/flutter_gallery/test_driver/transitions_perf_test.dart:239:84 • undefined_identifier
  error • Undefined name 'Timeout' • flutter/dev/integration_tests/flutter_gallery/test_driver/transitions_perf_test.dart:242:17 • undefined_identifier
  error • Target of URI doesn't exist: 'package:flutter_gallery/gallery/app.dart' • flutter/dev/integration_tests/flutter_gallery/test_memory/back_button.dart:9:8 • uri_does_not_exist
  error • Target of URI doesn't exist: 'package:flutter_gallery/gallery/app.dart' • flutter/dev/integration_tests/flutter_gallery/test_memory/memory_nav.dart:11:8 • uri_does_not_exist
  error • Invalid constant value • flutter/dev/integration_tests/flutter_gallery/test_memory/memory_nav.dart:34:41 • invalid_constant
  error • Invalid constant value • flutter/dev/integration_tests/flutter_gallery/test_memory/memory_nav.dart:48:72 • invalid_constant
  error • Target of URI doesn't exist: 'package:hook_user_defines/hook_user_defines.dart' • flutter/dev/integration_tests/hook_user_defines/test/hook_user_defines_test.dart:5:8 • uri_does_not_exist
  error • Target of URI doesn't exist: 'package:test/test.dart' • flutter/dev/integration_tests/hook_user_defines/test/hook_user_defines_test.dart:6:8 • uri_does_not_exist
  error • The function 'test' isn't defined • flutter/dev/integration_tests/hook_user_defines/test/hook_user_defines_test.dart:9:3 • undefined_function
  error • The function 'expect' isn't defined • flutter/dev/integration_tests/hook_user_defines/test/hook_user_defines_test.dart:11:5 • undefined_function
  error • The function 'sum' isn't defined • flutter/dev/integration_tests/hook_user_defines/test/hook_user_defines_test.dart:11:12 • undefined_function
  error • Target of URI doesn't exist: 'package:flutter_driver/driver_extension.dart' • flutter/dev/integration_tests/ios_platform_view_tests/lib/main.dart:7:8 • uri_does_not_exist
  error • The function 'enableFlutterDriverExtension' isn't defined • flutter/dev/integration_tests/ios_platform_view_tests/lib/main.dart:14:5 • undefined_function
  error • Target of URI doesn't exist: 'package:flutter_driver/flutter_driver.dart' • flutter/dev/integration_tests/ios_platform_view_tests/test_driver/main_test.dart:5:8 • uri_does_not_exist
  error • Target of URI doesn't exist: 'package:test/test.dart' • flutter/dev/integration_tests/ios_platform_view_tests/test_driver/main_test.dart:7:8 • uri_does_not_exist
  error • The function 'group' isn't defined • flutter/dev/integration_tests/ios_platform_view_tests/test_driver/main_test.dart:10:3 • undefined_function
  error • Undefined class 'FlutterDriver' • flutter/dev/integration_tests/ios_platform_view_tests/test_driver/main_test.dart:11:10 • undefined_class
  error • The function 'setUpAll' isn't defined • flutter/dev/integration_tests/ios_platform_view_tests/test_driver/main_test.dart:13:5 • undefined_function
  error • Undefined name 'FlutterDriver' • flutter/dev/integration_tests/ios_platform_view_tests/test_driver/main_test.dart:14:22 • undefined_identifier
  error • The function 'tearDownAll' isn't defined • flutter/dev/integration_tests/ios_platform_view_tests/test_driver/main_test.dart:17:5 • undefined_function
  error • The function 'test' isn't defined • flutter/dev/integration_tests/ios_platform_view_tests/test_driver/main_test.dart:19:5 • undefined_function
  error • Undefined class 'SerializableFinder' • flutter/dev/integration_tests/ios_platform_view_tests/test_driver/main_test.dart:21:13 • undefined_class
  error • Undefined name 'find' • flutter/dev/integration_tests/ios_platform_view_tests/test_driver/main_test.dart:21:53 • undefined_identifier
  error • Undefined class 'SerializableFinder' • flutter/dev/integration_tests/ios_platform_view_tests/test_driver/main_test.dart:26:13 • undefined_class
  error • Undefined name 'find' • flutter/dev/integration_tests/ios_platform_view_tests/test_driver/main_test.dart:26:45 • undefined_identifier
  error • Undefined class 'SerializableFinder' • flutter/dev/integration_tests/ios_platform_view_tests/test_driver/main_test.dart:35:13 • undefined_class
  error • Undefined name 'find' • flutter/dev/integration_tests/ios_platform_view_tests/test_driver/main_test.dart:35:45 • undefined_identifier
  error • Undefined class 'Health' • flutter/dev/integration_tests/ios_platform_view_tests/test_driver/main_test.dart:39:13 • undefined_class
  error • The function 'expect' isn't defined • flutter/dev/integration_tests/ios_platform_view_tests/test_driver/main_test.dart:40:7 • undefined_function
  error • Undefined name 'HealthStatus' • flutter/dev/integration_tests/ios_platform_view_tests/test_driver/main_test.dart:40:35 • undefined_identifier
  error • Undefined name 'Timeout' • flutter/dev/integration_tests/ios_platform_view_tests/test_driver/main_test.dart:41:17 • undefined_identifier
  error • The function 'test' isn't defined • flutter/dev/integration_tests/ios_platform_view_tests/test_driver/main_test.dart:43:5 • undefined_function
  error • Undefined class 'SerializableFinder' • flutter/dev/integration_tests/ios_platform_view_tests/test_driver/main_test.dart:45:13 • undefined_class
  error • Undefined name 'find' • flutter/dev/integration_tests/ios_platform_view_tests/test_driver/main_test.dart:45:53 • undefined_identifier
  error • Undefined class 'SerializableFinder' • flutter/dev/integration_tests/ios_platform_view_tests/test_driver/main_test.dart:51:13 • undefined_class
  error • Undefined name 'find' • flutter/dev/integration_tests/ios_platform_view_tests/test_driver/main_test.dart:51:45 • undefined_identifier
  error • Undefined class 'SerializableFinder' • flutter/dev/integration_tests/ios_platform_view_tests/test_driver/main_test.dart:56:13 • undefined_class
  error • Undefined name 'find' • flutter/dev/integration_tests/ios_platform_view_tests/test_driver/main_test.dart:56:48 • undefined_identifier
  error • Undefined class 'Health' • flutter/dev/integration_tests/ios_platform_view_tests/test_driver/main_test.dart:61:13 • undefined_class
  error • The function 'expect' isn't defined • flutter/dev/integration_tests/ios_platform_view_tests/test_driver/main_test.dart:62:7 • undefined_function
  error • Undefined name 'HealthStatus' • flutter/dev/integration_tests/ios_platform_view_tests/test_driver/main_test.dart:62:35 • undefined_identifier
  error • Undefined name 'Timeout' • flutter/dev/integration_tests/ios_platform_view_tests/test_driver/main_test.dart:63:17 • undefined_identifier
  error • The argument type 'Object' can't be assigned to the parameter type 'AssetRouting'.  • flutter/dev/integration_tests/link_hook/hook/build.dart:48:16 • argument_type_not_assignable
  error • Target of URI doesn't exist: 'package:link_hook/link_hook.dart' • flutter/dev/integration_tests/link_hook/test/link_hook_test.dart:5:8 • uri_does_not_exist
  error • Target of URI doesn't exist: 'package:test/test.dart' • flutter/dev/integration_tests/link_hook/test/link_hook_test.dart:6:8 • uri_does_not_exist
  error • The function 'test' isn't defined • flutter/dev/integration_tests/link_hook/test/link_hook_test.dart:9:3 • undefined_function
  error • The function 'expect' isn't defined • flutter/dev/integration_tests/link_hook/test/link_hook_test.dart:11:5 • undefined_function
  error • The function 'difference' isn't defined • flutter/dev/integration_tests/link_hook/test/link_hook_test.dart:11:12 • undefined_function
  error • Expected to find ';' • flutter/dev/integration_tests/new_gallery/lib/data/demos.dart:42:5 • expected_token
warning • Dead code • flutter/dev/integration_tests/new_gallery/lib/data/demos.dart:42:12 • dead_code
warning • Missing case clause for 'cupertino' • flutter/dev/integration_tests/new_gallery/lib/data/demos.dart:42:12 • missing_enum_constant_in_switch
warning • Missing case clause for 'material' • flutter/dev/integration_tests/new_gallery/lib/data/demos.dart:42:12 • missing_enum_constant_in_switch
warning • Missing case clause for 'other' • flutter/dev/integration_tests/new_gallery/lib/data/demos.dart:42:12 • missing_enum_constant_in_switch
warning • Missing case clause for 'study' • flutter/dev/integration_tests/new_gallery/lib/data/demos.dart:42:12 • missing_enum_constant_in_switch
  error • Expected an identifier • flutter/dev/integration_tests/new_gallery/lib/data/demos.dart:42:12 • missing_identifier
  error • Expected to find 'case' • flutter/dev/integration_tests/new_gallery/lib/data/demos.dart:43:7 • expected_token
   info • Unnecessary empty statement • flutter/dev/integration_tests/new_gallery/lib/data/demos.dart:46:6 • empty_statements
  error • The function 'AppBarDemo' isn't defined • flutter/dev/integration_tests/new_gallery/lib/data/demos.dart:182:82 • undefined_function
  error • The function 'BannerDemo' isn't defined • flutter/dev/integration_tests/new_gallery/lib/data/demos.dart:198:82 • undefined_function
  error • The function 'BottomAppBarDemo' isn't defined • flutter/dev/integration_tests/new_gallery/lib/data/demos.dart:215:79 • undefined_function
  error • The function 'BottomNavigationDemo' isn't defined • flutter/dev/integration_tests/new_gallery/lib/data/demos.dart:233:40 • undefined_function
  error • The function 'BottomNavigationDemo' isn't defined • flutter/dev/integration_tests/new_gallery/lib/data/demos.dart:246:40 • undefined_function
  error • The function 'BottomSheetDemo' isn't defined • flutter/dev/integration_tests/new_gallery/lib/data/demos.dart:268:40 • undefined_function
  error • The function 'BottomSheetDemo' isn't defined • flutter/dev/integration_tests/new_gallery/lib/data/demos.dart:278:40 • undefined_function
  error • The function 'ButtonDemo' isn't defined • flutter/dev/integration_tests/new_gallery/lib/data/demos.dart:297:40 • undefined_function
  error • The function 'ButtonDemo' isn't defined • flutter/dev/integration_tests/new_gallery/lib/data/demos.dart:307:40 • undefined_function
  error • The function 'ButtonDemo' isn't defined • flutter/dev/integration_tests/new_gallery/lib/data/demos.dart:317:40 • undefined_function
  error • The function 'ButtonDemo' isn't defined • flutter/dev/integration_tests/new_gallery/lib/data/demos.dart:327:40 • undefined_function
  error • The function 'ButtonDemo' isn't defined • flutter/dev/integration_tests/new_gallery/lib/data/demos.dart:337:40 • undefined_function
  error • The function 'CardsDemo' isn't defined • flutter/dev/integration_tests/new_gallery/lib/data/demos.dart:355:79 • undefined_function
  error • The function 'ChipDemo' isn't defined • flutter/dev/integration_tests/new_gallery/lib/data/demos.dart:373:40 • undefined_function
  error • The function 'ChipDemo' isn't defined • flutter/dev/integration_tests/new_gallery/lib/data/demos.dart:383:40 • undefined_function
  error • The function 'ChipDemo' isn't defined • flutter/dev/integration_tests/new_gallery/lib/data/demos.dart:393:40 • undefined_function
  error • The function 'ChipDemo' isn't defined • flutter/dev/integration_tests/new_gallery/lib/data/demos.dart:403:40 • undefined_function
  error • The function 'DataTableDemo' isn't defined • flutter/dev/integration_tests/new_gallery/lib/data/demos.dart:421:79 • undefined_function
  error • The function 'DialogDemo' isn't defined • flutter/dev/integration_tests/new_gallery/lib/data/demos.dart:439:40 • undefined_function
  error • The function 'DialogDemo' isn't defined • flutter/dev/integration_tests/new_gallery/lib/data/demos.dart:449:40 • undefined_function
  error • The function 'DialogDemo' isn't defined • flutter/dev/integration_tests/new_gallery/lib/data/demos.dart:459:40 • undefined_function
  error • The function 'DialogDemo' isn't defined • flutter/dev/integration_tests/new_gallery/lib/data/demos.dart:469:40 • undefined_function
  error • The function 'DividerDemo' isn't defined • flutter/dev/integration_tests/new_gallery/lib/data/demos.dart:488:40 • undefined_function
  error • The function 'DividerDemo' isn't defined • flutter/dev/integration_tests/new_gallery/lib/data/demos.dart:498:40 • undefined_function
  error • The function 'GridListDemo' isn't defined • flutter/dev/integration_tests/new_gallery/lib/data/demos.dart:517:40 • undefined_function
  error • The function 'GridListDemo' isn't defined • flutter/dev/integration_tests/new_gallery/lib/data/demos.dart:527:40 • undefined_function
  error • The function 'GridListDemo' isn't defined • flutter/dev/integration_tests/new_gallery/lib/data/demos.dart:537:40 • undefined_function
  error • The function 'ListDemo' isn't defined • flutter/dev/integration_tests/new_gallery/lib/data/demos.dart:556:40 • undefined_function
  error • The function 'ListDemo' isn't defined • flutter/dev/integration_tests/new_gallery/lib/data/demos.dart:566:40 • undefined_function
  error • The function 'MenuDemo' isn't defined • flutter/dev/integration_tests/new_gallery/lib/data/demos.dart:585:40 • undefined_function
  error • The function 'MenuDemo' isn't defined • flutter/dev/integration_tests/new_gallery/lib/data/demos.dart:595:40 • undefined_function
  error • The function 'MenuDemo' isn't defined • flutter/dev/integration_tests/new_gallery/lib/data/demos.dart:605:40 • undefined_function
  error • The function 'MenuDemo' isn't defined • flutter/dev/integration_tests/new_gallery/lib/data/demos.dart:615:40 • undefined_function
  error • The function 'NavDrawerDemo' isn't defined • flutter/dev/integration_tests/new_gallery/lib/data/demos.dart:633:79 • undefined_function
  error • The function 'NavRailDemo' isn't defined • flutter/dev/integration_tests/new_gallery/lib/data/demos.dart:650:79 • undefined_function
  error • The function 'PickerDemo' isn't defined • flutter/dev/integration_tests/new_gallery/lib/data/demos.dart:668:40 • undefined_function
  error • The function 'PickerDemo' isn't defined • flutter/dev/integration_tests/new_gallery/lib/data/demos.dart:678:40 • undefined_function
  error • The function 'PickerDemo' isn't defined • flutter/dev/integration_tests/new_gallery/lib/data/demos.dart:688:40 • undefined_function
  error • The function 'ProgressIndicatorDemo' isn't defined • flutter/dev/integration_tests/new_gallery/lib/data/demos.dart:707:40 • undefined_function
  error • The function 'ProgressIndicatorDemo' isn't defined • flutter/dev/integration_tests/new_gallery/lib/data/demos.dart:720:38 • undefined_function
  error • The function 'SelectionControlsDemo' isn't defined • flutter/dev/integration_tests/new_gallery/lib/data/demos.dart:739:40 • undefined_function
  error • The function 'SelectionControlsDemo' isn't defined • flutter/dev/integration_tests/new_gallery/lib/data/demos.dart:751:40 • undefined_function
  error • The function 'SelectionControlsDemo' isn't defined • flutter/dev/integration_tests/new_gallery/lib/data/demos.dart:761:40 • undefined_function
  error • The function 'SlidersDemo' isn't defined • flutter/dev/integration_tests/new_gallery/lib/data/demos.dart:782:40 • undefined_function
  error • The function 'SlidersDemo' isn't defined • flutter/dev/integration_tests/new_gallery/lib/data/demos.dart:792:40 • undefined_function
  error • The function 'SlidersDemo' isn't defined • flutter/dev/integration_tests/new_gallery/lib/data/demos.dart:802:40 • undefined_function
  error • The function 'SnackbarsDemo' isn't defined • flutter/dev/integration_tests/new_gallery/lib/data/demos.dart:820:79 • undefined_function
  error • The function 'TabsDemo' isn't defined • flutter/dev/integration_tests/new_gallery/lib/data/demos.dart:838:40 • undefined_function
  error • The function 'TabsDemo' isn't defined • flutter/dev/integration_tests/new_gallery/lib/data/demos.dart:848:40 • undefined_function
  error • The function 'TextFieldDemo' isn't defined • flutter/dev/integration_tests/new_gallery/lib/data/demos.dart:866:79 • undefined_function
  error • The function 'TooltipDemo' isn't defined • flutter/dev/integration_tests/new_gallery/lib/data/demos.dart:883:79 • undefined_function
  error • The function 'CupertinoProgressIndicatorDemo' isn't defined • flutter/dev/integration_tests/new_gallery/lib/data/demos.dart:907:41 • undefined_function
  error • The function 'CupertinoAlertDemo' isn't defined • flutter/dev/integration_tests/new_gallery/lib/data/demos.dart:926:41 • undefined_function
  error • The function 'CupertinoAlertDemo' isn't defined • flutter/dev/integration_tests/new_gallery/lib/data/demos.dart:936:41 • undefined_function
  error • The function 'CupertinoAlertDemo' isn't defined • flutter/dev/integration_tests/new_gallery/lib/data/demos.dart:946:41 • undefined_function
  error • The function 'CupertinoAlertDemo' isn't defined • flutter/dev/integration_tests/new_gallery/lib/data/demos.dart:956:41 • undefined_function
  error • The function 'CupertinoAlertDemo' isn't defined • flutter/dev/integration_tests/new_gallery/lib/data/demos.dart:966:41 • undefined_function
  error • The function 'CupertinoButtonDemo' isn't defined • flutter/dev/integration_tests/new_gallery/lib/data/demos.dart:983:78 • undefined_function
  error • The function 'CupertinoContextMenuDemo' isn't defined • flutter/dev/integration_tests/new_gallery/lib/data/demos.dart:1001:41 • undefined_function
  error • The function 'CupertinoNavigationBarDemo' isn't defined • flutter/dev/integration_tests/new_gallery/lib/data/demos.dart:1020:41 • undefined_function
  error • The function 'CupertinoPickerDemo' isn't defined • flutter/dev/integration_tests/new_gallery/lib/data/demos.dart:1037:78 • undefined_function
  error • The function 'CupertinoScrollbarDemo' isn't defined • flutter/dev/integration_tests/new_gallery/lib/data/demos.dart:1054:75 • undefined_function
  error • The function 'CupertinoSegmentedControlDemo' isn't defined • flutter/dev/integration_tests/new_gallery/lib/data/demos.dart:1072:41 • undefined_function
  error • The function 'CupertinoSliderDemo' isn't defined • flutter/dev/integration_tests/new_gallery/lib/data/demos.dart:1089:78 • undefined_function
  error • The function 'CupertinoSwitchDemo' isn't defined • flutter/dev/integration_tests/new_gallery/lib/data/demos.dart:1105:78 • undefined_function
  error • The function 'CupertinoTabBarDemo' isn't defined • flutter/dev/integration_tests/new_gallery/lib/data/demos.dart:1121:78 • undefined_function
  error • The function 'CupertinoTextFieldDemo' isn't defined • flutter/dev/integration_tests/new_gallery/lib/data/demos.dart:1138:75 • undefined_function
  error • The function 'CupertinoSearchTextFieldDemo' isn't defined • flutter/dev/integration_tests/new_gallery/lib/data/demos.dart:1156:41 • undefined_function
  error • Expected to find ';' • flutter/dev/integration_tests/new_gallery/lib/data/gallery_options.dart:93:33 • expected_token
warning • Missing case clause for 'dark' • flutter/dev/integration_tests/new_gallery/lib/data/gallery_options.dart:93:35 • missing_enum_constant_in_switch
warning • Missing case clause for 'light' • flutter/dev/integration_tests/new_gallery/lib/data/gallery_options.dart:93:35 • missing_enum_constant_in_switch
warning • Missing case clause for 'system' • flutter/dev/integration_tests/new_gallery/lib/data/gallery_options.dart:93:35 • missing_enum_constant_in_switch
  error • Expected an identifier • flutter/dev/integration_tests/new_gallery/lib/data/gallery_options.dart:93:35 • missing_identifier
  error • Expected to find 'case' • flutter/dev/integration_tests/new_gallery/lib/data/gallery_options.dart:94:7 • expected_token
   info • Unnecessary empty statement • flutter/dev/integration_tests/new_gallery/lib/data/gallery_options.dart:97:6 • empty_statements
  error • Expected to find ';' • flutter/dev/integration_tests/new_gallery/lib/data/gallery_options.dart:98:5 • expected_token
warning • Dead code • flutter/dev/integration_tests/new_gallery/lib/data/gallery_options.dart:98:12 • dead_code
warning • Missing case clause for 'dark' • flutter/dev/integration_tests/new_gallery/lib/data/gallery_options.dart:98:12 • missing_enum_constant_in_switch
warning • Missing case clause for 'light' • flutter/dev/integration_tests/new_gallery/lib/data/gallery_options.dart:98:12 • missing_enum_constant_in_switch
  error • Expected an identifier • flutter/dev/integration_tests/new_gallery/lib/data/gallery_options.dart:98:12 • missing_identifier
  error • Expected to find 'case' • flutter/dev/integration_tests/new_gallery/lib/data/gallery_options.dart:99:7 • expected_token
   info • Unnecessary empty statement • flutter/dev/integration_tests/new_gallery/lib/data/gallery_options.dart:101:6 • empty_statements
warning • The value of the local variable 'localizations' isn't used • flutter/dev/integration_tests/new_gallery/lib/demos/cupertino/cupertino_alert_demo.dart:91:32 • unused_local_variable
  error • Expected to find ';' • flutter/dev/integration_tests/new_gallery/lib/demos/cupertino/cupertino_alert_demo.dart:92:5 • expected_token
warning • Dead code • flutter/dev/integration_tests/new_gallery/lib/demos/cupertino/cupertino_alert_demo.dart:92:12 • dead_code
warning • Missing case clause for 'actionSheet' • flutter/dev/integration_tests/new_gallery/lib/demos/cupertino/cupertino_alert_demo.dart:92:12 • missing_enum_constant_in_switch
warning • Missing case clause for 'alert' • flutter/dev/integration_tests/new_gallery/lib/demos/cupertino/cupertino_alert_demo.dart:92:12 • missing_enum_constant_in_switch
warning • Missing case clause for 'alertButtons' • flutter/dev/integration_tests/new_gallery/lib/demos/cupertino/cupertino_alert_demo.dart:92:12 • missing_enum_constant_in_switch
warning • Missing case clause for 'alertButtonsOnly' • flutter/dev/integration_tests/new_gallery/lib/demos/cupertino/cupertino_alert_demo.dart:92:12 • missing_enum_constant_in_switch
warning • Missing case clause for 'alertTitle' • flutter/dev/integration_tests/new_gallery/lib/demos/cupertino/cupertino_alert_demo.dart:92:12 • missing_enum_constant_in_switch
  error • Expected an identifier • flutter/dev/integration_tests/new_gallery/lib/demos/cupertino/cupertino_alert_demo.dart:92:12 • missing_identifier
  error • Expected to find 'case' • flutter/dev/integration_tests/new_gallery/lib/demos/cupertino/cupertino_alert_demo.dart:93:7 • expected_token
   info • Unnecessary empty statement • flutter/dev/integration_tests/new_gallery/lib/demos/cupertino/cupertino_alert_demo.dart:98:6 • empty_statements
  error • The named parameter 'child' is required, but there's no corresponding argument • flutter/dev/integration_tests/new_gallery/lib/demos/cupertino/cupertino_alert_demo.dart:216:42 • missing_required_argument
  error • Expected an identifier • flutter/dev/integration_tests/new_gallery/lib/demos/cupertino/cupertino_alert_demo.dart:219:21 • missing_identifier
  error • Expected to find ')' • flutter/dev/integration_tests/new_gallery/lib/demos/cupertino/cupertino_alert_demo.dart:219:21 • expected_token
  error • Target of URI doesn't exist: 'package:gallery/demos/cupertino/cupertino_activity_indicator_demo.dart' • flutter/dev/integration_tests/new_gallery/lib/demos/cupertino/cupertino_demos.dart:5:8 • uri_does_not_exist
  error • Target of URI doesn't exist: 'package:gallery/demos/cupertino/cupertino_alert_demo.dart' • flutter/dev/integration_tests/new_gallery/lib/demos/cupertino/cupertino_demos.dart:6:8 • uri_does_not_exist
  error • Target of URI doesn't exist: 'package:gallery/demos/cupertino/cupertino_button_demo.dart' • flutter/dev/integration_tests/new_gallery/lib/demos/cupertino/cupertino_demos.dart:7:8 • uri_does_not_exist
  error • Target of URI doesn't exist: 'package:gallery/demos/cupertino/cupertino_context_menu_demo.dart' • flutter/dev/integration_tests/new_gallery/lib/demos/cupertino/cupertino_demos.dart:8:8 • uri_does_not_exist
  error • Target of URI doesn't exist: 'package:gallery/demos/cupertino/cupertino_navigation_bar_demo.dart' • flutter/dev/integration_tests/new_gallery/lib/demos/cupertino/cupertino_demos.dart:9:8 • uri_does_not_exist
  error • Target of URI doesn't exist: 'package:gallery/demos/cupertino/cupertino_picker_demo.dart' • flutter/dev/integration_tests/new_gallery/lib/demos/cupertino/cupertino_demos.dart:10:8 • uri_does_not_exist
  error • Target of URI doesn't exist: 'package:gallery/demos/cupertino/cupertino_scrollbar_demo.dart' • flutter/dev/integration_tests/new_gallery/lib/demos/cupertino/cupertino_demos.dart:11:8 • uri_does_not_exist
  error • Target of URI doesn't exist: 'package:gallery/demos/cupertino/cupertino_search_text_field_demo.dart' • flutter/dev/integration_tests/new_gallery/lib/demos/cupertino/cupertino_demos.dart:12:8 • uri_does_not_exist
  error • Target of URI doesn't exist: 'package:gallery/demos/cupertino/cupertino_segmented_control_demo.dart' • flutter/dev/integration_tests/new_gallery/lib/demos/cupertino/cupertino_demos.dart:13:8 • uri_does_not_exist
  error • Target of URI doesn't exist: 'package:gallery/demos/cupertino/cupertino_slider_demo.dart' • flutter/dev/integration_tests/new_gallery/lib/demos/cupertino/cupertino_demos.dart:14:8 • uri_does_not_exist
  error • Target of URI doesn't exist: 'package:gallery/demos/cupertino/cupertino_switch_demo.dart' • flutter/dev/integration_tests/new_gallery/lib/demos/cupertino/cupertino_demos.dart:15:8 • uri_does_not_exist
  error • Target of URI doesn't exist: 'package:gallery/demos/cupertino/cupertino_tab_bar_demo.dart' • flutter/dev/integration_tests/new_gallery/lib/demos/cupertino/cupertino_demos.dart:16:8 • uri_does_not_exist
  error • Target of URI doesn't exist: 'package:gallery/demos/cupertino/cupertino_text_field_demo.dart' • flutter/dev/integration_tests/new_gallery/lib/demos/cupertino/cupertino_demos.dart:17:8 • uri_does_not_exist
  error • The 'case' shouldn't complete normally • flutter/dev/integration_tests/new_gallery/lib/demos/material/banner_demo.dart:47:9 • switch_case_completes_normally
  error • The 'case' shouldn't complete normally • flutter/dev/integration_tests/new_gallery/lib/demos/material/banner_demo.dart:51:9 • switch_case_completes_normally
  error • Target of URI doesn't exist: 'package:animations/animations.dart' • flutter/dev/integration_tests/new_gallery/lib/demos/material/bottom_navigation_demo.dart:5:8 • uri_does_not_exist
  error • The method 'PageTransitionSwitcher' isn't defined for the type '_BottomNavigationDemoState' • flutter/dev/integration_tests/new_gallery/lib/demos/material/bottom_navigation_demo.dart:89:16 • undefined_method
  error • The method 'FadeThroughTransition' isn't defined for the type '_BottomNavigationDemoState' • flutter/dev/integration_tests/new_gallery/lib/demos/material/bottom_navigation_demo.dart:95:20 • undefined_method
warning • The value of the local variable 'localizations' isn't used • flutter/dev/integration_tests/new_gallery/lib/demos/material/bottom_sheet_demo.dart:16:32 • unused_local_variable
  error • Expected to find ';' • flutter/dev/integration_tests/new_gallery/lib/demos/material/bottom_sheet_demo.dart:17:5 • expected_token
warning • Dead code • flutter/dev/integration_tests/new_gallery/lib/demos/material/bottom_sheet_demo.dart:17:12 • dead_code
warning • Missing case clause for 'modal' • flutter/dev/integration_tests/new_gallery/lib/demos/material/bottom_sheet_demo.dart:17:12 • missing_enum_constant_in_switch
warning • Missing case clause for 'persistent' • flutter/dev/integration_tests/new_gallery/lib/demos/material/bottom_sheet_demo.dart:17:12 • missing_enum_constant_in_switch
  error • Expected an identifier • flutter/dev/integration_tests/new_gallery/lib/demos/material/bottom_sheet_demo.dart:17:12 • missing_identifier
  error • Expected to find 'case' • flutter/dev/integration_tests/new_gallery/lib/demos/material/bottom_sheet_demo.dart:18:7 • expected_token
   info • Unnecessary empty statement • flutter/dev/integration_tests/new_gallery/lib/demos/material/bottom_sheet_demo.dart:20:6 • empty_statements
  error • Expected to find ';' • flutter/dev/integration_tests/new_gallery/lib/demos/material/bottom_sheet_demo.dart:24:5 • expected_token
warning • Dead code • flutter/dev/integration_tests/new_gallery/lib/demos/material/bottom_sheet_demo.dart:24:12 • dead_code
warning • Missing case clause for 'modal' • flutter/dev/integration_tests/new_gallery/lib/demos/material/bottom_sheet_demo.dart:24:12 • missing_enum_constant_in_switch
warning • Missing case clause for 'persistent' • flutter/dev/integration_tests/new_gallery/lib/demos/material/bottom_sheet_demo.dart:24:12 • missing_enum_constant_in_switch
  error • Expected an identifier • flutter/dev/integration_tests/new_gallery/lib/demos/material/bottom_sheet_demo.dart:24:12 • missing_identifier
  error • Expected to find 'case' • flutter/dev/integration_tests/new_gallery/lib/demos/material/bottom_sheet_demo.dart:25:7 • expected_token
   info • Unnecessary empty statement • flutter/dev/integration_tests/new_gallery/lib/demos/material/bottom_sheet_demo.dart:27:6 • empty_statements
warning • The declaration '_ModalBottomSheetDemo' isn't referenced • flutter/dev/integration_tests/new_gallery/lib/demos/material/bottom_sheet_demo.dart:94:7 • unused_element
warning • The value of the local variable 'localizations' isn't used • flutter/dev/integration_tests/new_gallery/lib/demos/material/button_demo.dart:15:32 • unused_local_variable
  error • Expected to find ';' • flutter/dev/integration_tests/new_gallery/lib/demos/material/button_demo.dart:16:5 • expected_token
warning • Dead code • flutter/dev/integration_tests/new_gallery/lib/demos/material/button_demo.dart:16:12 • dead_code
warning • Missing case clause for 'elevated' • flutter/dev/integration_tests/new_gallery/lib/demos/material/button_demo.dart:16:12 • missing_enum_constant_in_switch
warning • Missing case clause for 'floating' • flutter/dev/integration_tests/new_gallery/lib/demos/material/button_demo.dart:16:12 • missing_enum_constant_in_switch
warning • Missing case clause for 'outlined' • flutter/dev/integration_tests/new_gallery/lib/demos/material/button_demo.dart:16:12 • missing_enum_constant_in_switch
warning • Missing case clause for 'text' • flutter/dev/integration_tests/new_gallery/lib/demos/material/button_demo.dart:16:12 • missing_enum_constant_in_switch
warning • Missing case clause for 'toggle' • flutter/dev/integration_tests/new_gallery/lib/demos/material/button_demo.dart:16:12 • missing_enum_constant_in_switch
  error • Expected an identifier • flutter/dev/integration_tests/new_gallery/lib/demos/material/button_demo.dart:16:12 • missing_identifier
  error • Expected to find 'case' • flutter/dev/integration_tests/new_gallery/lib/demos/material/button_demo.dart:17:7 • expected_token
   info • Unnecessary empty statement • flutter/dev/integration_tests/new_gallery/lib/demos/material/button_demo.dart:22:6 • empty_statements
  error • Expected an identifier • flutter/dev/integration_tests/new_gallery/lib/demos/material/button_demo.dart:29:13 • missing_identifier
  error • Expected to find ')' • flutter/dev/integration_tests/new_gallery/lib/demos/material/button_demo.dart:29:13 • expected_token
warning • The declaration '_TextButtonDemo' isn't referenced • flutter/dev/integration_tests/new_gallery/lib/demos/material/button_demo.dart:42:7 • unused_element
warning • The declaration '_ElevatedButtonDemo' isn't referenced • flutter/dev/integration_tests/new_gallery/lib/demos/material/button_demo.dart:84:7 • unused_element
warning • The declaration '_OutlinedButtonDemo' isn't referenced • flutter/dev/integration_tests/new_gallery/lib/demos/material/button_demo.dart:126:7 • unused_element
warning • The declaration '_FloatingActionButtonDemo' isn't referenced • flutter/dev/integration_tests/new_gallery/lib/demos/material/button_demo.dart:237:7 • unused_element
warning • The value of the local variable 'destination' isn't used • flutter/dev/integration_tests/new_gallery/lib/demos/material/cards_demo.dart:394:42 • unused_local_variable
  error • Expected an identifier • flutter/dev/integration_tests/new_gallery/lib/demos/material/cards_demo.dart:397:24 • missing_identifier
  error • Expected to find ')' • flutter/dev/integration_tests/new_gallery/lib/demos/material/cards_demo.dart:397:24 • expected_token
warning • The value of the local variable 'localizations' isn't used • flutter/dev/integration_tests/new_gallery/lib/demos/material/chip_demo.dart:15:32 • unused_local_variable
  error • Expected to find ';' • flutter/dev/integration_tests/new_gallery/lib/demos/material/chip_demo.dart:16:5 • expected_token
warning • Dead code • flutter/dev/integration_tests/new_gallery/lib/demos/material/chip_demo.dart:16:12 • dead_code
warning • Missing case clause for 'action' • flutter/dev/integration_tests/new_gallery/lib/demos/material/chip_demo.dart:16:12 • missing_enum_constant_in_switch
warning • Missing case clause for 'choice' • flutter/dev/integration_tests/new_gallery/lib/demos/material/chip_demo.dart:16:12 • missing_enum_constant_in_switch
warning • Missing case clause for 'filter' • flutter/dev/integration_tests/new_gallery/lib/demos/material/chip_demo.dart:16:12 • missing_enum_constant_in_switch
warning • Missing case clause for 'input' • flutter/dev/integration_tests/new_gallery/lib/demos/material/chip_demo.dart:16:12 • missing_enum_constant_in_switch
  error • Expected an identifier • flutter/dev/integration_tests/new_gallery/lib/demos/material/chip_demo.dart:16:12 • missing_identifier
  error • Expected to find 'case' • flutter/dev/integration_tests/new_gallery/lib/demos/material/chip_demo.dart:17:7 • expected_token
   info • Unnecessary empty statement • flutter/dev/integration_tests/new_gallery/lib/demos/material/chip_demo.dart:21:6 • empty_statements
  error • Expected an identifier • flutter/dev/integration_tests/new_gallery/lib/demos/material/chip_demo.dart:28:13 • missing_identifier
  error • Expected to find ')' • flutter/dev/integration_tests/new_gallery/lib/demos/material/chip_demo.dart:28:13 • expected_token
warning • The declaration '_ActionChipDemo' isn't referenced • flutter/dev/integration_tests/new_gallery/lib/demos/material/chip_demo.dart:40:7 • unused_element
warning • The declaration '_InputChipDemo' isn't referenced • flutter/dev/integration_tests/new_gallery/lib/demos/material/chip_demo.dart:243:7 • unused_element
warning • The value of the local variable '<unnamed>' isn't used • flutter/dev/integration_tests/new_gallery/lib/demos/material/data_table_demo.dart:28:8 • unused_local_variable
   info • Missing type annotation • flutter/dev/integration_tests/new_gallery/lib/demos/material/data_table_demo.dart:30:12 • always_specify_types
  error • Expected an identifier • flutter/dev/integration_tests/new_gallery/lib/demos/material/data_table_demo.dart:30:18 • missing_identifier
  error • Expected to find ';' • flutter/dev/integration_tests/new_gallery/lib/demos/material/data_table_demo.dart:30:18 • expected_token
   info • An uninitialized variable should have an explicit type annotation • flutter/dev/integration_tests/new_gallery/lib/demos/material/data_table_demo.dart:30:19 • prefer_typing_uninitialized_variables
warning • The type of  can't be inferred without either a type or initializer • flutter/dev/integration_tests/new_gallery/lib/demos/material/data_table_demo.dart:30:19 • inference_failure_on_uninitialized_variable
  error • Conditions must have a static type of 'bool' • flutter/dev/integration_tests/new_gallery/lib/demos/material/data_table_demo.dart:30:19 • non_bool_condition
  error • Expected to find ';' • flutter/dev/integration_tests/new_gallery/lib/demos/material/data_table_demo.dart:30:19 • expected_token
  error • Undefined name 'i' • flutter/dev/integration_tests/new_gallery/lib/demos/material/data_table_demo.dart:30:23 • undefined_identifier
  error • Unexpected text 'dessert' • flutter/dev/integration_tests/new_gallery/lib/demos/material/data_table_demo.dart:30:35 • unexpected_token
  error • Undefined name 'dessert' • flutter/dev/integration_tests/new_gallery/lib/demos/material/data_table_demo.dart:31:13 • undefined_identifier
  error • Undefined name 'i' • flutter/dev/integration_tests/new_gallery/lib/demos/material/data_table_demo.dart:31:31 • undefined_identifier
  error • The 'case' shouldn't complete normally • flutter/dev/integration_tests/new_gallery/lib/demos/material/data_table_demo.dart:76:7 • switch_case_completes_normally
  error • The 'case' shouldn't complete normally • flutter/dev/integration_tests/new_gallery/lib/demos/material/data_table_demo.dart:78:7 • switch_case_completes_normally
  error • The 'case' shouldn't complete normally • flutter/dev/integration_tests/new_gallery/lib/demos/material/data_table_demo.dart:80:7 • switch_case_completes_normally
  error • The 'case' shouldn't complete normally • flutter/dev/integration_tests/new_gallery/lib/demos/material/data_table_demo.dart:82:7 • switch_case_completes_normally
  error • The 'case' shouldn't complete normally • flutter/dev/integration_tests/new_gallery/lib/demos/material/data_table_demo.dart:84:7 • switch_case_completes_normally
  error • The 'case' shouldn't complete normally • flutter/dev/integration_tests/new_gallery/lib/demos/material/data_table_demo.dart:86:7 • switch_case_completes_normally
  error • The 'case' shouldn't complete normally • flutter/dev/integration_tests/new_gallery/lib/demos/material/data_table_demo.dart:88:7 • switch_case_completes_normally
warning • The value of the local variable 'localizations' isn't used • flutter/dev/integration_tests/new_gallery/lib/demos/material/dialog_demo.dart:70:32 • unused_local_variable
  error • Expected to find ';' • flutter/dev/integration_tests/new_gallery/lib/demos/material/dialog_demo.dart:71:5 • expected_token
warning • Dead code • flutter/dev/integration_tests/new_gallery/lib/demos/material/dialog_demo.dart:71:12 • dead_code
warning • Missing case clause for 'alert' • flutter/dev/integration_tests/new_gallery/lib/demos/material/dialog_demo.dart:71:12 • missing_enum_constant_in_switch
warning • Missing case clause for 'alertTitle' • flutter/dev/integration_tests/new_gallery/lib/demos/material/dialog_demo.dart:71:12 • missing_enum_constant_in_switch
warning • Missing case clause for 'fullscreen' • flutter/dev/integration_tests/new_gallery/lib/demos/material/dialog_demo.dart:71:12 • missing_enum_constant_in_switch
warning • Missing case clause for 'simple' • flutter/dev/integration_tests/new_gallery/lib/demos/material/dialog_demo.dart:71:12 • missing_enum_constant_in_switch
  error • Expected an identifier • flutter/dev/integration_tests/new_gallery/lib/demos/material/dialog_demo.dart:71:12 • missing_identifier
  error • Expected to find 'case' • flutter/dev/integration_tests/new_gallery/lib/demos/material/dialog_demo.dart:72:7 • expected_token
   info • Unnecessary empty statement • flutter/dev/integration_tests/new_gallery/lib/demos/material/dialog_demo.dart:76:6 • empty_statements
  error • The 'case' shouldn't complete normally • flutter/dev/integration_tests/new_gallery/lib/demos/material/dialog_demo.dart:181:25 • switch_case_completes_normally
  error • The 'case' shouldn't complete normally • flutter/dev/integration_tests/new_gallery/lib/demos/material/dialog_demo.dart:183:25 • switch_case_completes_normally
  error • The 'case' shouldn't complete normally • flutter/dev/integration_tests/new_gallery/lib/demos/material/dialog_demo.dart:185:25 • switch_case_completes_normally
warning • The value of the local variable 'localizations' isn't used • flutter/dev/integration_tests/new_gallery/lib/demos/material/divider_demo.dart:16:32 • unused_local_variable
  error • Expected an identifier • flutter/dev/integration_tests/new_gallery/lib/demos/material/divider_demo.dart:20:21 • missing_identifier
  error • Expected to find ')' • flutter/dev/integration_tests/new_gallery/lib/demos/material/divider_demo.dart:20:21 • expected_token
  error • Expected an identifier • flutter/dev/integration_tests/new_gallery/lib/demos/material/divider_demo.dart:25:13 • missing_identifier
  error • Expected to find ')' • flutter/dev/integration_tests/new_gallery/lib/demos/material/divider_demo.dart:25:13 • expected_token
warning • The declaration '_HorizontalDividerDemo' isn't referenced • flutter/dev/integration_tests/new_gallery/lib/demos/material/divider_demo.dart:35:7 • unused_element
warning • The declaration '_VerticalDividerDemo' isn't referenced • flutter/dev/integration_tests/new_gallery/lib/demos/material/divider_demo.dart:69:7 • unused_element
  error • Target of URI doesn't exist: 'package:gallery/demos/material/app_bar_demo.dart' • flutter/dev/integration_tests/new_gallery/lib/demos/material/material_demos.dart:5:8 • uri_does_not_exist
  error • Target of URI doesn't exist: 'package:gallery/demos/material/banner_demo.dart' • flutter/dev/integration_tests/new_gallery/lib/demos/material/material_demos.dart:6:8 • uri_does_not_exist
  error • Target of URI doesn't exist: 'package:gallery/demos/material/bottom_app_bar_demo.dart' • flutter/dev/integration_tests/new_gallery/lib/demos/material/material_demos.dart:7:8 • uri_does_not_exist
  error • Target of URI doesn't exist: 'package:gallery/demos/material/bottom_navigation_demo.dart' • flutter/dev/integration_tests/new_gallery/lib/demos/material/material_demos.dart:8:8 • uri_does_not_exist
  error • Target of URI doesn't exist: 'package:gallery/demos/material/bottom_sheet_demo.dart' • flutter/dev/integration_tests/new_gallery/lib/demos/material/material_demos.dart:9:8 • uri_does_not_exist
  error • Target of URI doesn't exist: 'package:gallery/demos/material/button_demo.dart' • flutter/dev/integration_tests/new_gallery/lib/demos/material/material_demos.dart:10:8 • uri_does_not_exist
  error • Target of URI doesn't exist: 'package:gallery/demos/material/cards_demo.dart' • flutter/dev/integration_tests/new_gallery/lib/demos/material/material_demos.dart:11:8 • uri_does_not_exist
  error • Target of URI doesn't exist: 'package:gallery/demos/material/chip_demo.dart' • flutter/dev/integration_tests/new_gallery/lib/demos/material/material_demos.dart:12:8 • uri_does_not_exist
  error • Target of URI doesn't exist: 'package:gallery/demos/material/data_table_demo.dart' • flutter/dev/integration_tests/new_gallery/lib/demos/material/material_demos.dart:13:8 • uri_does_not_exist
  error • Target of URI doesn't exist: 'package:gallery/demos/material/dialog_demo.dart' • flutter/dev/integration_tests/new_gallery/lib/demos/material/material_demos.dart:14:8 • uri_does_not_exist
  error • Target of URI doesn't exist: 'package:gallery/demos/material/divider_demo.dart' • flutter/dev/integration_tests/new_gallery/lib/demos/material/material_demos.dart:15:8 • uri_does_not_exist
  error • Target of URI doesn't exist: 'package:gallery/demos/material/grid_list_demo.dart' • flutter/dev/integration_tests/new_gallery/lib/demos/material/material_demos.dart:16:8 • uri_does_not_exist
  error • Target of URI doesn't exist: 'package:gallery/demos/material/list_demo.dart' • flutter/dev/integration_tests/new_gallery/lib/demos/material/material_demos.dart:17:8 • uri_does_not_exist
  error • Target of URI doesn't exist: 'package:gallery/demos/material/menu_demo.dart' • flutter/dev/integration_tests/new_gallery/lib/demos/material/material_demos.dart:18:8 • uri_does_not_exist
  error • Target of URI doesn't exist: 'package:gallery/demos/material/navigation_drawer.dart' • flutter/dev/integration_tests/new_gallery/lib/demos/material/material_demos.dart:19:8 • uri_does_not_exist
  error • Target of URI doesn't exist: 'package:gallery/demos/material/navigation_rail_demo.dart' • flutter/dev/integration_tests/new_gallery/lib/demos/material/material_demos.dart:20:8 • uri_does_not_exist
  error • Target of URI doesn't exist: 'package:gallery/demos/material/picker_demo.dart' • flutter/dev/integration_tests/new_gallery/lib/demos/material/material_demos.dart:21:8 • uri_does_not_exist
  error • Target of URI doesn't exist: 'package:gallery/demos/material/progress_indicator_demo.dart' • flutter/dev/integration_tests/new_gallery/lib/demos/material/material_demos.dart:22:8 • uri_does_not_exist
  error • Target of URI doesn't exist: 'package:gallery/demos/material/selection_controls_demo.dart' • flutter/dev/integration_tests/new_gallery/lib/demos/material/material_demos.dart:23:8 • uri_does_not_exist
  error • Target of URI doesn't exist: 'package:gallery/demos/material/sliders_demo.dart' • flutter/dev/integration_tests/new_gallery/lib/demos/material/material_demos.dart:24:8 • uri_does_not_exist
  error • Target of URI doesn't exist: 'package:gallery/demos/material/snackbar_demo.dart' • flutter/dev/integration_tests/new_gallery/lib/demos/material/material_demos.dart:25:8 • uri_does_not_exist
  error • Target of URI doesn't exist: 'package:gallery/demos/material/tabs_demo.dart' • flutter/dev/integration_tests/new_gallery/lib/demos/material/material_demos.dart:26:8 • uri_does_not_exist
  error • Target of URI doesn't exist: 'package:gallery/demos/material/text_field_demo.dart' • flutter/dev/integration_tests/new_gallery/lib/demos/material/material_demos.dart:27:8 • uri_does_not_exist
  error • Target of URI doesn't exist: 'package:gallery/demos/material/tooltip_demo.dart' • flutter/dev/integration_tests/new_gallery/lib/demos/material/material_demos.dart:28:8 • uri_does_not_exist
  error • The 'case' shouldn't complete normally • flutter/dev/integration_tests/new_gallery/lib/demos/material/menu_demo.dart:33:7 • switch_case_completes_normally
  error • The 'case' shouldn't complete normally • flutter/dev/integration_tests/new_gallery/lib/demos/material/menu_demo.dart:35:7 • switch_case_completes_normally
  error • The 'case' shouldn't complete normally • flutter/dev/integration_tests/new_gallery/lib/demos/material/menu_demo.dart:37:7 • switch_case_completes_normally
warning • The value of the local variable 'localizations' isn't used • flutter/dev/integration_tests/new_gallery/lib/demos/material/picker_demo.dart:140:32 • unused_local_variable
  error • Expected to find ';' • flutter/dev/integration_tests/new_gallery/lib/demos/material/picker_demo.dart:141:5 • expected_token
warning • Dead code • flutter/dev/integration_tests/new_gallery/lib/demos/material/picker_demo.dart:141:12 • dead_code
warning • Missing case clause for 'date' • flutter/dev/integration_tests/new_gallery/lib/demos/material/picker_demo.dart:141:12 • missing_enum_constant_in_switch
warning • Missing case clause for 'range' • flutter/dev/integration_tests/new_gallery/lib/demos/material/picker_demo.dart:141:12 • missing_enum_constant_in_switch
warning • Missing case clause for 'time' • flutter/dev/integration_tests/new_gallery/lib/demos/material/picker_demo.dart:141:12 • missing_enum_constant_in_switch
  error • Expected an identifier • flutter/dev/integration_tests/new_gallery/lib/demos/material/picker_demo.dart:141:12 • missing_identifier
  error • Expected to find 'case' • flutter/dev/integration_tests/new_gallery/lib/demos/material/picker_demo.dart:142:7 • expected_token
   info • Unnecessary empty statement • flutter/dev/integration_tests/new_gallery/lib/demos/material/picker_demo.dart:145:6 • empty_statements
warning • The value of the local variable 'yMMMd' isn't used • flutter/dev/integration_tests/new_gallery/lib/demos/material/picker_demo.dart:149:22 • unused_local_variable
  error • Expected to find ';' • flutter/dev/integration_tests/new_gallery/lib/demos/material/picker_demo.dart:150:5 • expected_token
warning • Dead code • flutter/dev/integration_tests/new_gallery/lib/demos/material/picker_demo.dart:150:12 • dead_code
warning • Missing case clause for 'date' • flutter/dev/integration_tests/new_gallery/lib/demos/material/picker_demo.dart:150:12 • missing_enum_constant_in_switch
warning • Missing case clause for 'range' • flutter/dev/integration_tests/new_gallery/lib/demos/material/picker_demo.dart:150:12 • missing_enum_constant_in_switch
warning • Missing case clause for 'time' • flutter/dev/integration_tests/new_gallery/lib/demos/material/picker_demo.dart:150:12 • missing_enum_constant_in_switch
  error • Expected an identifier • flutter/dev/integration_tests/new_gallery/lib/demos/material/picker_demo.dart:150:12 • missing_identifier
  error • Expected to find 'case' • flutter/dev/integration_tests/new_gallery/lib/demos/material/picker_demo.dart:151:7 • expected_token
   info • Unnecessary empty statement • flutter/dev/integration_tests/new_gallery/lib/demos/material/picker_demo.dart:154:6 • empty_statements
  error • The named parameter 'child' is required, but there's no corresponding argument • flutter/dev/integration_tests/new_gallery/lib/demos/material/picker_demo.dart:171:23 • missing_required_argument
  error • Expected an identifier • flutter/dev/integration_tests/new_gallery/lib/demos/material/picker_demo.dart:174:33 • missing_identifier
  error • Expected to find ')' • flutter/dev/integration_tests/new_gallery/lib/demos/material/picker_demo.dart:174:33 • expected_token
  error • Expected an identifier • flutter/dev/integration_tests/new_gallery/lib/demos/material/selection_controls_demo.dart:29:13 • missing_identifier
  error • Expected to find ')' • flutter/dev/integration_tests/new_gallery/lib/demos/material/selection_controls_demo.dart:29:13 • expected_token
  error • Expected an identifier • flutter/dev/integration_tests/new_gallery/lib/demos/material/sliders_demo.dart:32:13 • missing_identifier
  error • Expected to find ')' • flutter/dev/integration_tests/new_gallery/lib/demos/material/sliders_demo.dart:32:13 • expected_token
warning • The declaration '_leftTriangle' isn't referenced • flutter/dev/integration_tests/new_gallery/lib/demos/material/sliders_demo.dart:284:6 • unused_element
warning • The value of the local variable 'colorTween' isn't used • flutter/dev/integration_tests/new_gallery/lib/demos/material/sliders_demo.dart:320:22 • unused_local_variable
warning • The value of the local variable 'size' isn't used • flutter/dev/integration_tests/new_gallery/lib/demos/material/sliders_demo.dart:325:18 • unused_local_variable
  error • Expected an identifier • flutter/dev/integration_tests/new_gallery/lib/demos/material/sliders_demo.dart:326:21 • missing_identifier
  error • Expected to find ')' • flutter/dev/integration_tests/new_gallery/lib/demos/material/sliders_demo.dart:326:21 • expected_token
  error • Expected to find ';' • flutter/dev/integration_tests/new_gallery/lib/demos/material/tabs_demo.dart:16:5 • expected_token
warning • Dead code • flutter/dev/integration_tests/new_gallery/lib/demos/material/tabs_demo.dart:16:12 • dead_code
warning • Missing case clause for 'nonScrollable' • flutter/dev/integration_tests/new_gallery/lib/demos/material/tabs_demo.dart:16:12 • missing_enum_constant_in_switch
warning • Missing case clause for 'scrollable' • flutter/dev/integration_tests/new_gallery/lib/demos/material/tabs_demo.dart:16:12 • missing_enum_constant_in_switch
  error • Expected an identifier • flutter/dev/integration_tests/new_gallery/lib/demos/material/tabs_demo.dart:16:12 • missing_identifier
  error • Expected to find 'case' • flutter/dev/integration_tests/new_gallery/lib/demos/material/tabs_demo.dart:17:7 • expected_token
   info • Unnecessary empty statement • flutter/dev/integration_tests/new_gallery/lib/demos/material/tabs_demo.dart:19:6 • empty_statements
  error • Target of URI doesn't exist: 'package:animations/animations.dart' • flutter/dev/integration_tests/new_gallery/lib/demos/reference/motion_demo_container_transition.dart:5:8 • uri_does_not_exist
  error • Undefined class 'ContainerTransitionType' • flutter/dev/integration_tests/new_gallery/lib/demos/reference/motion_demo_container_transition.dart:53:3 • undefined_class
  error • Undefined name 'ContainerTransitionType' • flutter/dev/integration_tests/new_gallery/lib/demos/reference/motion_demo_container_transition.dart:53:45 • undefined_identifier
  error • Undefined name 'ContainerTransitionType' • flutter/dev/integration_tests/new_gallery/lib/demos/reference/motion_demo_container_transition.dart:82:37 • undefined_identifier
  error • Undefined name 'ContainerTransitionType' • flutter/dev/integration_tests/new_gallery/lib/demos/reference/motion_demo_container_transition.dart:83:37 • undefined_identifier
  error • Undefined name 'ContainerTransitionType' • flutter/dev/integration_tests/new_gallery/lib/demos/reference/motion_demo_container_transition.dart:88:42 • undefined_identifier
  error • Undefined name 'ContainerTransitionType' • flutter/dev/integration_tests/new_gallery/lib/demos/reference/motion_demo_container_transition.dart:89:42 • undefined_identifier
  error • The name 'ContainerTransitionType' isn't a type, so it can't be used as a type argument • flutter/dev/integration_tests/new_gallery/lib/demos/reference/motion_demo_container_transition.dart:116:21 • non_type_as_type_argument
  error • The name 'OpenContainer' isn't a type, so it can't be used as a type argument • flutter/dev/integration_tests/new_gallery/lib/demos/reference/motion_demo_container_transition.dart:229:29 • non_type_as_type_argument
  error • The method 'OpenContainer' isn't defined for the type '_OpenContainerTransformDemoState' • flutter/dev/integration_tests/new_gallery/lib/demos/reference/motion_demo_container_transition.dart:230:30 • undefined_method
  error • The method 'OpenContainer' isn't defined for the type '_OpenContainerTransformDemoState' • flutter/dev/integration_tests/new_gallery/lib/demos/reference/motion_demo_container_transition.dart:254:39 • undefined_method
  error • Undefined class 'CloseContainerBuilder' • flutter/dev/integration_tests/new_gallery/lib/demos/reference/motion_demo_container_transition.dart:281:9 • undefined_class
  error • Undefined class 'ContainerTransitionType' • flutter/dev/integration_tests/new_gallery/lib/demos/reference/motion_demo_container_transition.dart:282:9 • undefined_class
  error • The method 'OpenContainer' isn't defined for the type '_OpenContainerWrapper' • flutter/dev/integration_tests/new_gallery/lib/demos/reference/motion_demo_container_transition.dart:286:12 • undefined_method
  error • Target of URI doesn't exist: 'package:animations/animations.dart' • flutter/dev/integration_tests/new_gallery/lib/demos/reference/motion_demo_fade_scale_transition.dart:5:8 • uri_does_not_exist
  error • The method 'FadeScaleTransition' isn't defined for the type '_FadeScaleTransitionDemoState' • flutter/dev/integration_tests/new_gallery/lib/demos/reference/motion_demo_fade_scale_transition.dart:80:18 • undefined_method
  error • The method 'showModal' isn't defined for the type '_FadeScaleTransitionDemoState' • flutter/dev/integration_tests/new_gallery/lib/demos/reference/motion_demo_fade_scale_transition.dart:98:21 • undefined_method
  error • Target of URI doesn't exist: 'package:animations/animations.dart' • flutter/dev/integration_tests/new_gallery/lib/demos/reference/motion_demo_fade_through_transition.dart:5:8 • uri_does_not_exist
  error • The method 'PageTransitionSwitcher' isn't defined for the type '_FadeThroughTransitionDemoState' • flutter/dev/integration_tests/new_gallery/lib/demos/reference/motion_demo_fade_through_transition.dart:40:13 • undefined_method
  error • The method 'FadeThroughTransition' isn't defined for the type '_FadeThroughTransitionDemoState' • flutter/dev/integration_tests/new_gallery/lib/demos/reference/motion_demo_fade_through_transition.dart:46:18 • undefined_method
  error • Target of URI doesn't exist: 'package:animations/animations.dart' • flutter/dev/integration_tests/new_gallery/lib/demos/reference/motion_demo_shared_x_axis_transition.dart:5:8 • uri_does_not_exist
  error • The method 'PageTransitionSwitcher' isn't defined for the type '_SharedXAxisTransitionDemoState' • flutter/dev/integration_tests/new_gallery/lib/demos/reference/motion_demo_shared_x_axis_transition.dart:48:22 • undefined_method
  error • The method 'SharedAxisTransition' isn't defined for the type '_SharedXAxisTransitionDemoState' • flutter/dev/integration_tests/new_gallery/lib/demos/reference/motion_demo_shared_x_axis_transition.dart:55:26 • undefined_method
  error • Undefined name 'SharedAxisTransitionType' • flutter/dev/integration_tests/new_gallery/lib/demos/reference/motion_demo_shared_x_axis_transition.dart:58:37 • undefined_identifier
  error • Target of URI doesn't exist: 'package:animations/animations.dart' • flutter/dev/integration_tests/new_gallery/lib/demos/reference/motion_demo_shared_y_axis_transition.dart:6:8 • uri_does_not_exist
  error • The method 'PageTransitionSwitcher' isn't defined for the type '_SharedYAxisTransitionDemoState' • flutter/dev/integration_tests/new_gallery/lib/demos/reference/motion_demo_shared_y_axis_transition.dart:113:20 • undefined_method
  error • The method 'SharedAxisTransition' isn't defined for the type '_SharedYAxisTransitionDemoState' • flutter/dev/integration_tests/new_gallery/lib/demos/reference/motion_demo_shared_y_axis_transition.dart:120:24 • undefined_method
  error • Undefined name 'SharedAxisTransitionType' • flutter/dev/integration_tests/new_gallery/lib/demos/reference/motion_demo_shared_y_axis_transition.dart:123:35 • undefined_identifier
  error • Target of URI doesn't exist: 'package:animations/animations.dart' • flutter/dev/integration_tests/new_gallery/lib/demos/reference/motion_demo_shared_z_axis_transition.dart:5:8 • uri_does_not_exist
  error • The method 'SharedAxisTransition' isn't defined for the type 'SharedZAxisTransitionDemo' • flutter/dev/integration_tests/new_gallery/lib/demos/reference/motion_demo_shared_z_axis_transition.dart:62:16 • undefined_method
  error • Undefined name 'SharedAxisTransitionType' • flutter/dev/integration_tests/new_gallery/lib/demos/reference/motion_demo_shared_z_axis_transition.dart:64:27 • undefined_identifier
  error • The method 'SharedAxisTransition' isn't defined for the type 'SharedZAxisTransitionDemo' • flutter/dev/integration_tests/new_gallery/lib/demos/reference/motion_demo_shared_z_axis_transition.dart:87:16 • undefined_method
  error • Undefined name 'SharedAxisTransitionType' • flutter/dev/integration_tests/new_gallery/lib/demos/reference/motion_demo_shared_z_axis_transition.dart:89:27 • undefined_identifier
  error • The 'case' shouldn't complete normally • flutter/dev/integration_tests/new_gallery/lib/feature_discovery/feature_discovery.dart:283:15 • switch_case_completes_normally
  error • The 'case' shouldn't complete normally • flutter/dev/integration_tests/new_gallery/lib/feature_discovery/feature_discovery.dart:285:15 • switch_case_completes_normally
  error • The 'case' shouldn't complete normally • flutter/dev/integration_tests/new_gallery/lib/feature_discovery/feature_discovery.dart:300:15 • switch_case_completes_normally
  error • The 'case' shouldn't complete normally • flutter/dev/integration_tests/new_gallery/lib/feature_discovery/feature_discovery.dart:302:15 • switch_case_completes_normally
  error • The 'case' shouldn't complete normally • flutter/dev/integration_tests/new_gallery/lib/feature_discovery/feature_discovery.dart:317:15 • switch_case_completes_normally
  error • The 'case' shouldn't complete normally • flutter/dev/integration_tests/new_gallery/lib/feature_discovery/feature_discovery.dart:319:15 • switch_case_completes_normally
  error • The 'case' shouldn't complete normally • flutter/dev/integration_tests/new_gallery/lib/feature_discovery/feature_discovery.dart:335:15 • switch_case_completes_normally
  error • The 'case' shouldn't complete normally • flutter/dev/integration_tests/new_gallery/lib/feature_discovery/feature_discovery.dart:337:15 • switch_case_completes_normally
  error • Target of URI doesn't exist: 'package:flutter_localizations/flutter_localizations.dart' • flutter/dev/integration_tests/new_gallery/lib/gallery_localizations.dart:9:8 • uri_does_not_exist
  error • Const variables must be initialized with a constant value • flutter/dev/integration_tests/new_gallery/lib/gallery_localizations.dart:90:9 • const_initialized_with_non_constant_value
  error • The values in a const list literal must be constants • flutter/dev/integration_tests/new_gallery/lib/gallery_localizations.dart:90:9 • non_constant_list_element
  error • Undefined name 'GlobalMaterialLocalizations' • flutter/dev/integration_tests/new_gallery/lib/gallery_localizations.dart:90:9 • undefined_identifier
  error • The values in a const list literal must be constants • flutter/dev/integration_tests/new_gallery/lib/gallery_localizations.dart:91:9 • non_constant_list_element
  error • Undefined name 'GlobalCupertinoLocalizations' • flutter/dev/integration_tests/new_gallery/lib/gallery_localizations.dart:91:9 • undefined_identifier
  error • The values in a const list literal must be constants • flutter/dev/integration_tests/new_gallery/lib/gallery_localizations.dart:92:9 • non_constant_list_element
  error • Undefined name 'GlobalWidgetsLocalizations' • flutter/dev/integration_tests/new_gallery/lib/gallery_localizations.dart:92:9 • undefined_identifier
  error • Target of URI doesn't exist: 'package:adaptive_breakpoints/adaptive_breakpoints.dart' • flutter/dev/integration_tests/new_gallery/lib/layout/adaptive.dart:5:8 • uri_does_not_exist
  error • The function 'getWindowType' isn't defined • flutter/dev/integration_tests/new_gallery/lib/layout/adaptive.dart:18:48 • undefined_function
  error • Undefined name 'AdaptiveWindowType' • flutter/dev/integration_tests/new_gallery/lib/layout/adaptive.dart:18:74 • undefined_identifier
  error • The function 'getWindowType' isn't defined • flutter/dev/integration_tests/new_gallery/lib/layout/adaptive.dart:24:10 • undefined_function
  error • Undefined name 'AdaptiveWindowType' • flutter/dev/integration_tests/new_gallery/lib/layout/adaptive.dart:24:36 • undefined_identifier
  error • Target of URI doesn't exist: 'package:flutter_localized_locales/flutter_localized_locales.dart' • flutter/dev/integration_tests/new_gallery/lib/main.dart:8:8 • uri_does_not_exist
  error • Target of URI doesn't exist: 'package:google_fonts/google_fonts.dart' • flutter/dev/integration_tests/new_gallery/lib/main.dart:9:8 • uri_does_not_exist
  error • Target of URI doesn't exist: 'package:gallery/data/demos.dart' • flutter/dev/integration_tests/new_gallery/lib/main.dart:20:8 • uri_does_not_exist
  error • Undefined name 'GoogleFonts' • flutter/dev/integration_tests/new_gallery/lib/main.dart:23:3 • undefined_identifier
  error • The method 'LocaleNamesLocalizationsDelegate' isn't defined for the type 'GalleryApp' • flutter/dev/integration_tests/new_gallery/lib/main.dart:57:15 • undefined_method
  error • The values in a const list literal must be constants • flutter/dev/integration_tests/new_gallery/lib/main.dart:57:15 • non_constant_list_element
  error • Target of URI doesn't exist: 'package:url_launcher/url_launcher.dart' • flutter/dev/integration_tests/new_gallery/lib/pages/about.dart:7:8 • uri_does_not_exist
  error • The method 'canLaunchUrl' isn't defined for the type '_AboutDialog' • flutter/dev/integration_tests/new_gallery/lib/pages/about.dart:70:39 • undefined_method
  error • The method 'launchUrl' isn't defined for the type '_AboutDialog' • flutter/dev/integration_tests/new_gallery/lib/pages/about.dart:71:37 • undefined_method
  error • Target of URI doesn't exist: 'package:google_fonts/google_fonts.dart' • flutter/dev/integration_tests/new_gallery/lib/pages/demo.dart:8:8 • uri_does_not_exist
  error • Target of URI doesn't exist: 'package:url_launcher/url_launcher_string.dart' • flutter/dev/integration_tests/new_gallery/lib/pages/demo.dart:9:8 • uri_does_not_exist
  error • The method 'canLaunchUrlString' isn't defined for the type '_GalleryDemoPageState' • flutter/dev/integration_tests/new_gallery/lib/pages/demo.dart:151:15 • undefined_method
  error • The method 'launchUrlString' isn't defined for the type '_GalleryDemoPageState' • flutter/dev/integration_tests/new_gallery/lib/pages/demo.dart:152:13 • undefined_method
  error • The 'case' shouldn't complete normally • flutter/dev/integration_tests/new_gallery/lib/pages/demo.dart:271:7 • switch_case_completes_normally
  error • The 'case' shouldn't complete normally • flutter/dev/integration_tests/new_gallery/lib/pages/demo.dart:286:7 • switch_case_completes_normally
  error • The 'case' shouldn't complete normally • flutter/dev/integration_tests/new_gallery/lib/pages/demo.dart:293:7 • switch_case_completes_normally
  error • Undefined name 'GoogleFonts' • flutter/dev/integration_tests/new_gallery/lib/pages/demo.dart:294:37 • undefined_identifier
  error • Expected to find ';' • flutter/dev/integration_tests/new_gallery/lib/pages/demo.dart:384:44 • expected_token
warning • Missing case clause for 'dark' • flutter/dev/integration_tests/new_gallery/lib/pages/demo.dart:384:46 • missing_enum_constant_in_switch
warning • Missing case clause for 'light' • flutter/dev/integration_tests/new_gallery/lib/pages/demo.dart:384:46 • missing_enum_constant_in_switch
warning • Missing case clause for 'system' • flutter/dev/integration_tests/new_gallery/lib/pages/demo.dart:384:46 • missing_enum_constant_in_switch
  error • Expected an identifier • flutter/dev/integration_tests/new_gallery/lib/pages/demo.dart:384:46 • missing_identifier
  error • Expected to find 'case' • flutter/dev/integration_tests/new_gallery/lib/pages/demo.dart:385:13 • expected_token
   info • Unnecessary empty statement • flutter/dev/integration_tests/new_gallery/lib/pages/demo.dart:388:12 • empty_statements
  error • Target of URI doesn't exist: 'package:url_launcher/url_launcher.dart' • flutter/dev/integration_tests/new_gallery/lib/pages/home.dart:10:8 • uri_does_not_exist
  error • The method 'canLaunchUrl' isn't defined for the type 'HomePage' • flutter/dev/integration_tests/new_gallery/lib/pages/home.dart:187:35 • undefined_method
  error • The method 'launchUrl' isn't defined for the type 'HomePage' • flutter/dev/integration_tests/new_gallery/lib/pages/home.dart:188:33 • undefined_method
  error • Target of URI doesn't exist: 'package:flutter_localized_locales/flutter_localized_locales.dart' • flutter/dev/integration_tests/new_gallery/lib/pages/settings.dart:7:8 • uri_does_not_exist
  error • Target of URI doesn't exist: 'package:url_launcher/url_launcher.dart' • flutter/dev/integration_tests/new_gallery/lib/pages/settings.dart:8:8 • uri_does_not_exist
  error • Undefined name 'LocaleNames' • flutter/dev/integration_tests/new_gallery/lib/pages/settings.dart:76:32 • undefined_identifier
  error • Undefined name 'LocaleNamesLocalizationsDelegate' • flutter/dev/integration_tests/new_gallery/lib/pages/settings.dart:79:11 • undefined_identifier
  error • The method 'canLaunchUrl' isn't defined for the type 'SettingsFeedback' • flutter/dev/integration_tests/new_gallery/lib/pages/settings.dart:292:19 • undefined_method
  error • The method 'launchUrl' isn't defined for the type 'SettingsFeedback' • flutter/dev/integration_tests/new_gallery/lib/pages/settings.dart:293:17 • undefined_method
  error • Expected to find ';' • flutter/dev/integration_tests/new_gallery/lib/pages/settings_icon/icon.dart:36:21 • expected_token
warning • Missing case clause for 'ltr' • flutter/dev/integration_tests/new_gallery/lib/pages/settings_icon/icon.dart:36:23 • missing_enum_constant_in_switch
warning • Missing case clause for 'rtl' • flutter/dev/integration_tests/new_gallery/lib/pages/settings_icon/icon.dart:36:23 • missing_enum_constant_in_switch
  error • Expected an identifier • flutter/dev/integration_tests/new_gallery/lib/pages/settings_icon/icon.dart:36:23 • missing_identifier
  error • Expected to find 'case' • flutter/dev/integration_tests/new_gallery/lib/pages/settings_icon/icon.dart:37:7 • expected_token
   info • Unnecessary empty statement • flutter/dev/integration_tests/new_gallery/lib/pages/settings_icon/icon.dart:39:6 • empty_statements
  error • Target of URI doesn't exist: 'package:flutter_staggered_grid_view/flutter_staggered_grid_view.dart' • flutter/dev/integration_tests/new_gallery/lib/studies/crane/backdrop.dart:7:8 • uri_does_not_exist
  error • Undefined name 'MasonryGridView' • flutter/dev/integration_tests/new_gallery/lib/studies/crane/backdrop.dart:105:26 • undefined_identifier
  error • Target of URI doesn't exist: 'package:google_fonts/google_fonts.dart' • flutter/dev/integration_tests/new_gallery/lib/studies/crane/theme.dart:6:8 • uri_does_not_exist
  error • Undefined name 'GoogleFonts' • flutter/dev/integration_tests/new_gallery/lib/studies/crane/theme.dart:40:10 • undefined_identifier
  error • Target of URI doesn't exist: 'package:google_fonts/google_fonts.dart' • flutter/dev/integration_tests/new_gallery/lib/studies/fortnightly/shared.dart:6:8 • uri_does_not_exist
  error • Undefined name 'GoogleFonts' • flutter/dev/integration_tests/new_gallery/lib/studies/fortnightly/shared.dart:523:19 • undefined_identifier
  error • Undefined name 'GoogleFonts' • flutter/dev/integration_tests/new_gallery/lib/studies/fortnightly/shared.dart:529:18 • undefined_identifier
  error • Undefined name 'GoogleFonts' • flutter/dev/integration_tests/new_gallery/lib/studies/fortnightly/shared.dart:536:22 • undefined_identifier
  error • Undefined name 'GoogleFonts' • flutter/dev/integration_tests/new_gallery/lib/studies/fortnightly/shared.dart:542:20 • undefined_identifier
  error • Undefined name 'GoogleFonts' • flutter/dev/integration_tests/new_gallery/lib/studies/fortnightly/shared.dart:543:19 • undefined_identifier
  error • Undefined name 'GoogleFonts' • flutter/dev/integration_tests/new_gallery/lib/studies/fortnightly/shared.dart:549:19 • undefined_identifier
  error • Target of URI doesn't exist: 'package:animations/animations.dart' • flutter/dev/integration_tests/new_gallery/lib/studies/rally/app.dart:5:8 • uri_does_not_exist
  error • Target of URI doesn't exist: 'package:google_fonts/google_fonts.dart' • flutter/dev/integration_tests/new_gallery/lib/studies/rally/app.dart:8:8 • uri_does_not_exist
  error • Undefined class 'SharedAxisPageTransitionsBuilder' • flutter/dev/integration_tests/new_gallery/lib/studies/rally/app.dart:28:16 • undefined_class
  error • Const variables must be initialized with a constant value • flutter/dev/integration_tests/new_gallery/lib/studies/rally/app.dart:29:7 • const_initialized_with_non_constant_value
  error • The method 'SharedAxisPageTransitionsBuilder' isn't defined for the type 'RallyApp' • flutter/dev/integration_tests/new_gallery/lib/studies/rally/app.dart:29:7 • undefined_method
  error • Undefined name 'SharedAxisTransitionType' • flutter/dev/integration_tests/new_gallery/lib/studies/rally/app.dart:31:25 • undefined_identifier
  error • Undefined name 'GoogleFonts' • flutter/dev/integration_tests/new_gallery/lib/studies/rally/app.dart:85:23 • undefined_identifier
  error • Undefined name 'GoogleFonts' • flutter/dev/integration_tests/new_gallery/lib/studies/rally/app.dart:90:22 • undefined_identifier
  error • Undefined name 'GoogleFonts' • flutter/dev/integration_tests/new_gallery/lib/studies/rally/app.dart:95:23 • undefined_identifier
  error • Undefined name 'GoogleFonts' • flutter/dev/integration_tests/new_gallery/lib/studies/rally/app.dart:99:26 • undefined_identifier
  error • Target of URI doesn't exist: 'package:animations/animations.dart' • flutter/dev/integration_tests/new_gallery/lib/studies/rally/finance.dart:7:8 • uri_does_not_exist
  error • The method 'OpenContainer' isn't defined for the type 'FinancialEntityCategoryView' • flutter/dev/integration_tests/new_gallery/lib/studies/rally/finance.dart:106:14 • undefined_method
  error • Target of URI doesn't exist: 'package:animations/animations.dart' • flutter/dev/integration_tests/new_gallery/lib/studies/reply/adaptive_nav.dart:8:8 • uri_does_not_exist
  error • Target of URI doesn't exist: 'package:provider/provider.dart' • flutter/dev/integration_tests/new_gallery/lib/studies/reply/adaptive_nav.dart:11:8 • uri_does_not_exist
  error • Undefined name 'Provider' • flutter/dev/integration_tests/new_gallery/lib/studies/reply/adaptive_nav.dart:112:35 • undefined_identifier
  error • The method 'Consumer' isn't defined for the type '_DesktopNavState' • flutter/dev/integration_tests/new_gallery/lib/studies/reply/adaptive_nav.dart:165:11 • undefined_method
  error • Conditions must have a static type of 'bool' • flutter/dev/integration_tests/new_gallery/lib/studies/reply/adaptive_nav.dart:518:9 • non_bool_condition
  error • Expected to find ')' • flutter/dev/integration_tests/new_gallery/lib/studies/reply/adaptive_nav.dart:518:22 • expected_token
  error • The getter 'direction' isn't defined for the type 'ScrollNotification' • flutter/dev/integration_tests/new_gallery/lib/studies/reply/adaptive_nav.dart:519:28 • undefined_getter
  error • The 'case' shouldn't complete normally • flutter/dev/integration_tests/new_gallery/lib/studies/reply/adaptive_nav.dart:520:9 • switch_case_completes_normally
  error • The 'case' shouldn't complete normally • flutter/dev/integration_tests/new_gallery/lib/studies/reply/adaptive_nav.dart:522:9 • switch_case_completes_normally
  error • The method 'Consumer' isn't defined for the type '_MobileNavState' • flutter/dev/integration_tests/new_gallery/lib/studies/reply/adaptive_nav.dart:577:24 • undefined_method
  error • The method 'Consumer' isn't defined for the type '_MobileNavState' • flutter/dev/integration_tests/new_gallery/lib/studies/reply/adaptive_nav.dart:602:30 • undefined_method
  error • The method 'Selector' isn't defined for the type '_AnimatedBottomAppBar' • flutter/dev/integration_tests/new_gallery/lib/studies/reply/adaptive_nav.dart:654:12 • undefined_method
  error • The method 'Consumer' isn't defined for the type '_BottomAppBarActionItems' • flutter/dev/integration_tests/new_gallery/lib/studies/reply/adaptive_nav.dart:733:12 • undefined_method
  error • Undefined name 'Provider' • flutter/dev/integration_tests/new_gallery/lib/studies/reply/adaptive_nav.dart:814:25 • undefined_identifier
  error • Undefined name 'Provider' • flutter/dev/integration_tests/new_gallery/lib/studies/reply/adaptive_nav.dart:1007:31 • undefined_identifier
  error • The method 'Selector' isn't defined for the type '_ReplyFabState' • flutter/dev/integration_tests/new_gallery/lib/studies/reply/adaptive_nav.dart:1030:12 • undefined_method
  error • The method 'OpenContainer' isn't defined for the type '_ReplyFabState' • flutter/dev/integration_tests/new_gallery/lib/studies/reply/adaptive_nav.dart:1082:18 • undefined_method
  error • The method 'PageTransitionSwitcher' isn't defined for the type '_FadeThroughTransitionSwitcher' • flutter/dev/integration_tests/new_gallery/lib/studies/reply/adaptive_nav.dart:1120:12 • undefined_method
  error • The method 'FadeThroughTransition' isn't defined for the type '_FadeThroughTransitionSwitcher' • flutter/dev/integration_tests/new_gallery/lib/studies/reply/adaptive_nav.dart:1126:16 • undefined_method
  error • The method 'Selector' isn't defined for the type '_SharedAxisTransitionSwitcher' • flutter/dev/integration_tests/new_gallery/lib/studies/reply/adaptive_nav.dart:1145:12 • undefined_method
  error • The method 'PageTransitionSwitcher' isn't defined for the type '_SharedAxisTransitionSwitcher' • flutter/dev/integration_tests/new_gallery/lib/studies/reply/adaptive_nav.dart:1148:16 • undefined_method
  error • The method 'SharedAxisTransition' isn't defined for the type '_SharedAxisTransitionSwitcher' • flutter/dev/integration_tests/new_gallery/lib/studies/reply/adaptive_nav.dart:1155:20 • undefined_method
  error • Undefined name 'SharedAxisTransitionType' • flutter/dev/integration_tests/new_gallery/lib/studies/reply/adaptive_nav.dart:1159:31 • undefined_identifier
  error • Target of URI doesn't exist: 'package:animations/animations.dart' • flutter/dev/integration_tests/new_gallery/lib/studies/reply/app.dart:5:8 • uri_does_not_exist
  error • Target of URI doesn't exist: 'package:google_fonts/google_fonts.dart' • flutter/dev/integration_tests/new_gallery/lib/studies/reply/app.dart:7:8 • uri_does_not_exist
  error • Target of URI doesn't exist: 'package:nested/nested.dart' • flutter/dev/integration_tests/new_gallery/lib/studies/reply/app.dart:8:8 • uri_does_not_exist
  error • Target of URI doesn't exist: 'package:provider/provider.dart' • flutter/dev/integration_tests/new_gallery/lib/studies/reply/app.dart:9:8 • uri_does_not_exist
  error • The method 'FadeThroughTransition' isn't defined for the type 'ReplyApp' • flutter/dev/integration_tests/new_gallery/lib/studies/reply/app.dart:43:16 • undefined_method
  error • The method 'MultiProvider' isn't defined for the type '_ReplyAppState' • flutter/dev/integration_tests/new_gallery/lib/studies/reply/app.dart:86:12 • undefined_method
  error • The name 'SingleChildWidget' isn't a type, so it can't be used as a type argument • flutter/dev/integration_tests/new_gallery/lib/studies/reply/app.dart:87:19 • non_type_as_type_argument
  error • The name 'ChangeNotifierProvider' isn't a class • flutter/dev/integration_tests/new_gallery/lib/studies/reply/app.dart:88:9 • creation_with_non_type
  error • Expected an identifier • flutter/dev/integration_tests/new_gallery/lib/studies/reply/app.dart:101:41 • missing_identifier
  error • Expected to find ')' • flutter/dev/integration_tests/new_gallery/lib/studies/reply/app.dart:101:41 • expected_token
  error • Undefined name 'GoogleFonts' • flutter/dev/integration_tests/new_gallery/lib/studies/reply/app.dart:163:31 • undefined_identifier
  error • Undefined name 'GoogleFonts' • flutter/dev/integration_tests/new_gallery/lib/studies/reply/app.dart:167:33 • undefined_identifier
  error • Undefined name 'GoogleFonts' • flutter/dev/integration_tests/new_gallery/lib/studies/reply/app.dart:203:31 • undefined_identifier
  error • Undefined name 'GoogleFonts' • flutter/dev/integration_tests/new_gallery/lib/studies/reply/app.dart:207:33 • undefined_identifier
  error • Undefined name 'GoogleFonts' • flutter/dev/integration_tests/new_gallery/lib/studies/reply/app.dart:239:17 • undefined_identifier
  error • Undefined name 'GoogleFonts' • flutter/dev/integration_tests/new_gallery/lib/studies/reply/app.dart:242:26 • undefined_identifier
  error • Undefined name 'GoogleFonts' • flutter/dev/integration_tests/new_gallery/lib/studies/reply/app.dart:249:21 • undefined_identifier
  error • Undefined name 'GoogleFonts' • flutter/dev/integration_tests/new_gallery/lib/studies/reply/app.dart:256:20 • undefined_identifier
  error • Undefined name 'GoogleFonts' • flutter/dev/integration_tests/new_gallery/lib/studies/reply/app.dart:262:17 • undefined_identifier
  error • Undefined name 'GoogleFonts' • flutter/dev/integration_tests/new_gallery/lib/studies/reply/app.dart:268:17 • undefined_identifier
  error • Undefined name 'GoogleFonts' • flutter/dev/integration_tests/new_gallery/lib/studies/reply/app.dart:274:16 • undefined_identifier
  error • Undefined name 'GoogleFonts' • flutter/dev/integration_tests/new_gallery/lib/studies/reply/app.dart:280:17 • undefined_identifier
  error • Undefined name 'GoogleFonts' • flutter/dev/integration_tests/new_gallery/lib/studies/reply/app.dart:286:16 • undefined_identifier
  error • Undefined name 'GoogleFonts' • flutter/dev/integration_tests/new_gallery/lib/studies/reply/app.dart:297:21 • undefined_identifier
  error • Undefined name 'GoogleFonts' • flutter/dev/integration_tests/new_gallery/lib/studies/reply/app.dart:304:20 • undefined_identifier
  error • Undefined name 'GoogleFonts' • flutter/dev/integration_tests/new_gallery/lib/studies/reply/app.dart:310:17 • undefined_identifier
  error • Undefined name 'GoogleFonts' • flutter/dev/integration_tests/new_gallery/lib/studies/reply/app.dart:316:17 • undefined_identifier
  error • Undefined name 'GoogleFonts' • flutter/dev/integration_tests/new_gallery/lib/studies/reply/app.dart:322:16 • undefined_identifier
  error • Undefined name 'GoogleFonts' • flutter/dev/integration_tests/new_gallery/lib/studies/reply/app.dart:328:17 • undefined_identifier
  error • Undefined name 'GoogleFonts' • flutter/dev/integration_tests/new_gallery/lib/studies/reply/app.dart:334:16 • undefined_identifier
  error • Target of URI doesn't exist: 'package:provider/provider.dart' • flutter/dev/integration_tests/new_gallery/lib/studies/reply/compose_page.dart:6:8 • uri_does_not_exist
  error • Undefined name 'Provider' • flutter/dev/integration_tests/new_gallery/lib/studies/reply/compose_page.dart:21:35 • undefined_identifier
  error • Target of URI doesn't exist: 'package:animations/animations.dart' • flutter/dev/integration_tests/new_gallery/lib/studies/reply/mail_card_preview.dart:5:8 • uri_does_not_exist
  error • Target of URI doesn't exist: 'package:provider/provider.dart' • flutter/dev/integration_tests/new_gallery/lib/studies/reply/mail_card_preview.dart:8:8 • uri_does_not_exist
  error • The method 'OpenContainer' isn't defined for the type 'MailPreviewCard' • flutter/dev/integration_tests/new_gallery/lib/studies/reply/mail_card_preview.dart:43:12 • undefined_method
  error • The 'case' shouldn't complete normally • flutter/dev/integration_tests/new_gallery/lib/studies/reply/mail_card_preview.dart:73:17 • switch_case_completes_normally
  error • The 'case' shouldn't complete normally • flutter/dev/integration_tests/new_gallery/lib/studies/reply/mail_card_preview.dart:77:17 • switch_case_completes_normally
  error • Undefined name 'Provider' • flutter/dev/integration_tests/new_gallery/lib/studies/reply/mail_card_preview.dart:173:35 • undefined_identifier
  error • Undefined name 'Provider' • flutter/dev/integration_tests/new_gallery/lib/studies/reply/mail_card_preview.dart:177:9 • undefined_identifier
  error • Target of URI doesn't exist: 'package:provider/provider.dart' • flutter/dev/integration_tests/new_gallery/lib/studies/reply/mail_view_page.dart:7:8 • uri_does_not_exist
  error • Undefined name 'Provider' • flutter/dev/integration_tests/new_gallery/lib/studies/reply/mail_view_page.dart:75:17 • undefined_identifier
  error • Target of URI doesn't exist: 'package:provider/provider.dart' • flutter/dev/integration_tests/new_gallery/lib/studies/reply/mailbox_body.dart:6:8 • uri_does_not_exist
  error • The method 'Consumer' isn't defined for the type 'MailboxBody' • flutter/dev/integration_tests/new_gallery/lib/studies/reply/mailbox_body.dart:33:12 • undefined_method
  error • Expected to find ';' • flutter/dev/integration_tests/new_gallery/lib/studies/reply/mailbox_body.dart:40:34 • expected_token
warning • Missing case clause for 'drafts' • flutter/dev/integration_tests/new_gallery/lib/studies/reply/mailbox_body.dart:40:36 • missing_enum_constant_in_switch
warning • Missing case clause for 'inbox' • flutter/dev/integration_tests/new_gallery/lib/studies/reply/mailbox_body.dart:40:36 • missing_enum_constant_in_switch
warning • Missing case clause for 'sent' • flutter/dev/integration_tests/new_gallery/lib/studies/reply/mailbox_body.dart:40:36 • missing_enum_constant_in_switch
warning • Missing case clause for 'spam' • flutter/dev/integration_tests/new_gallery/lib/studies/reply/mailbox_body.dart:40:36 • missing_enum_constant_in_switch
warning • Missing case clause for 'starred' • flutter/dev/integration_tests/new_gallery/lib/studies/reply/mailbox_body.dart:40:36 • missing_enum_constant_in_switch
warning • Missing case clause for 'trash' • flutter/dev/integration_tests/new_gallery/lib/studies/reply/mailbox_body.dart:40:36 • missing_enum_constant_in_switch
  error • Expected an identifier • flutter/dev/integration_tests/new_gallery/lib/studies/reply/mailbox_body.dart:40:36 • missing_identifier
  error • Expected to find 'case' • flutter/dev/integration_tests/new_gallery/lib/studies/reply/mailbox_body.dart:41:11 • expected_token
   info • Unnecessary empty statement • flutter/dev/integration_tests/new_gallery/lib/studies/reply/mailbox_body.dart:47:10 • empty_statements
  error • Undefined name 'Provider' • flutter/dev/integration_tests/new_gallery/lib/studies/reply/mailbox_body.dart:99:27 • undefined_identifier
  error • Target of URI doesn't exist: 'package:provider/provider.dart' • flutter/dev/integration_tests/new_gallery/lib/studies/reply/search_page.dart:6:8 • uri_does_not_exist
  error • Undefined name 'Provider' • flutter/dev/integration_tests/new_gallery/lib/studies/reply/search_page.dart:29:25 • undefined_identifier
  error • Target of URI doesn't exist: 'package:scoped_model/scoped_model.dart' • flutter/dev/integration_tests/new_gallery/lib/studies/shrine/app.dart:6:8 • uri_does_not_exist
  error • The method 'ScopedModel' isn't defined for the type '_ShrineAppState' • flutter/dev/integration_tests/new_gallery/lib/studies/shrine/app.dart:141:12 • undefined_method
  error • 'AppStateModel' doesn't conform to the bound 'Listenable' of the type parameter 'T' • flutter/dev/integration_tests/new_gallery/lib/studies/shrine/app.dart:171:61 • type_argument_not_matching_bounds
  error • Target of URI doesn't exist: 'package:scoped_model/scoped_model.dart' • flutter/dev/integration_tests/new_gallery/lib/studies/shrine/category_menu_page.dart:6:8 • uri_does_not_exist
  error • The method 'ScopedModelDescendant' isn't defined for the type 'CategoryMenuPage' • flutter/dev/integration_tests/new_gallery/lib/studies/shrine/category_menu_page.dart:60:12 • undefined_method
  error • Target of URI doesn't exist: 'package:scoped_model/scoped_model.dart' • flutter/dev/integration_tests/new_gallery/lib/studies/shrine/expanding_bottom_sheet.dart:8:8 • uri_does_not_exist
  error • Undefined name 'ScopedModel' • flutter/dev/integration_tests/new_gallery/lib/studies/shrine/expanding_bottom_sheet.dart:424:33 • undefined_identifier
  error • The method 'ScopedModelDescendant' isn't defined for the type 'ExpandingBottomSheetState' • flutter/dev/integration_tests/new_gallery/lib/studies/shrine/expanding_bottom_sheet.dart:517:60 • undefined_method
  error • Undefined name 'ScopedModel' • flutter/dev/integration_tests/new_gallery/lib/studies/shrine/expanding_bottom_sheet.dart:550:21 • undefined_identifier
  error • Undefined name 'ScopedModel' • flutter/dev/integration_tests/new_gallery/lib/studies/shrine/expanding_bottom_sheet.dart:557:33 • undefined_identifier
  error • Undefined name 'ScopedModel' • flutter/dev/integration_tests/new_gallery/lib/studies/shrine/expanding_bottom_sheet.dart:584:21 • undefined_identifier
  error • The method 'ScopedModelDescendant' isn't defined for the type '_ProductThumbnailRowState' • flutter/dev/integration_tests/new_gallery/lib/studies/shrine/expanding_bottom_sheet.dart:629:12 • undefined_method
  error • The method 'ScopedModelDescendant' isn't defined for the type 'ExtraProductsNumber' • flutter/dev/integration_tests/new_gallery/lib/studies/shrine/expanding_bottom_sheet.dart:674:12 • undefined_method
  error • Target of URI doesn't exist: 'package:scoped_model/scoped_model.dart' • flutter/dev/integration_tests/new_gallery/lib/studies/shrine/home.dart:7:8 • uri_does_not_exist
  error • The method 'ScopedModelDescendant' isn't defined for the type 'ProductPage' • flutter/dev/integration_tests/new_gallery/lib/studies/shrine/home.dart:24:12 • undefined_method
  error • Target of URI doesn't exist: 'package:scoped_model/scoped_model.dart' • flutter/dev/integration_tests/new_gallery/lib/studies/shrine/model/app_state_model.dart:5:8 • uri_does_not_exist
  error • Classes can only extend other classes • flutter/dev/integration_tests/new_gallery/lib/studies/shrine/model/app_state_model.dart:13:29 • extends_non_class
  error • The method 'notifyListeners' isn't defined for the type 'AppStateModel' • flutter/dev/integration_tests/new_gallery/lib/studies/shrine/model/app_state_model.dart:65:5 • undefined_method
  error • The method 'notifyListeners' isn't defined for the type 'AppStateModel' • flutter/dev/integration_tests/new_gallery/lib/studies/shrine/model/app_state_model.dart:78:5 • undefined_method
  error • The method 'notifyListeners' isn't defined for the type 'AppStateModel' • flutter/dev/integration_tests/new_gallery/lib/studies/shrine/model/app_state_model.dart:91:5 • undefined_method
  error • The method 'notifyListeners' isn't defined for the type 'AppStateModel' • flutter/dev/integration_tests/new_gallery/lib/studies/shrine/model/app_state_model.dart:102:5 • undefined_method
  error • The method 'notifyListeners' isn't defined for the type 'AppStateModel' • flutter/dev/integration_tests/new_gallery/lib/studies/shrine/model/app_state_model.dart:108:5 • undefined_method
  error • The method 'notifyListeners' isn't defined for the type 'AppStateModel' • flutter/dev/integration_tests/new_gallery/lib/studies/shrine/model/app_state_model.dart:113:5 • undefined_method
  error • The body might complete normally, causing 'null' to be returned, but the return type, 'Widget', is a potentially non-nullable type • flutter/dev/integration_tests/new_gallery/lib/studies/shrine/scrim.dart:17:56 • body_might_complete_normally
warning • Missing case clause for 'forward' • flutter/dev/integration_tests/new_gallery/lib/studies/shrine/scrim.dart:23:11 • missing_enum_constant_in_switch
warning • Missing case clause for 'reverse' • flutter/dev/integration_tests/new_gallery/lib/studies/shrine/scrim.dart:23:11 • missing_enum_constant_in_switch
   info • This expression is not valid in a 'case' clause in Dart 3.0 • flutter/dev/integration_tests/new_gallery/lib/studies/shrine/scrim.dart:31:18 • invalid_case_patterns
  error • In constant expressions, operands of this operator must be of type 'bool' • flutter/dev/integration_tests/new_gallery/lib/studies/shrine/scrim.dart:31:18 • const_eval_type_bool
  error • The operands of the operator '||' must be assignable to 'bool' • flutter/dev/integration_tests/new_gallery/lib/studies/shrine/scrim.dart:31:18 • non_bool_operand
  error • The switch case expression type 'bool' must be a subtype of the switch expression type 'AnimationStatus' • flutter/dev/integration_tests/new_gallery/lib/studies/shrine/scrim.dart:31:18 • case_expression_type_is_not_switch_expression_subtype
  error • The operands of the operator '||' must be assignable to 'bool' • flutter/dev/integration_tests/new_gallery/lib/studies/shrine/scrim.dart:31:45 • non_bool_operand
  error • Target of URI doesn't exist: 'package:scoped_model/scoped_model.dart' • flutter/dev/integration_tests/new_gallery/lib/studies/shrine/shopping_cart.dart:8:8 • uri_does_not_exist
  error • The method 'ScopedModelDescendant' isn't defined for the type '_ShoppingCartPageState' • flutter/dev/integration_tests/new_gallery/lib/studies/shrine/shopping_cart.dart:49:16 • undefined_method
  error • Expected to find ';' • flutter/dev/integration_tests/new_gallery/lib/studies/shrine/supplemental/cut_corners_border.dart:106:26 • expected_token
warning • Missing case clause for 'ltr' • flutter/dev/integration_tests/new_gallery/lib/studies/shrine/supplemental/cut_corners_border.dart:106:28 • missing_enum_constant_in_switch
warning • Missing case clause for 'rtl' • flutter/dev/integration_tests/new_gallery/lib/studies/shrine/supplemental/cut_corners_border.dart:106:28 • missing_enum_constant_in_switch
  error • Expected an identifier • flutter/dev/integration_tests/new_gallery/lib/studies/shrine/supplemental/cut_corners_border.dart:106:28 • missing_identifier
  error • Expected to find 'case' • flutter/dev/integration_tests/new_gallery/lib/studies/shrine/supplemental/cut_corners_border.dart:107:9 • expected_token
   info • Unnecessary empty statement • flutter/dev/integration_tests/new_gallery/lib/studies/shrine/supplemental/cut_corners_border.dart:109:8 • empty_statements
  error • Target of URI doesn't exist: 'package:scoped_model/scoped_model.dart' • flutter/dev/integration_tests/new_gallery/lib/studies/shrine/supplemental/product_card.dart:7:8 • uri_does_not_exist
  error • The function 'ScopedModelDescendant' isn't defined • flutter/dev/integration_tests/new_gallery/lib/studies/shrine/supplemental/product_card.dart:81:10 • undefined_function
  error • Target of URI doesn't exist: 'package:google_fonts/google_fonts.dart' • flutter/dev/integration_tests/new_gallery/lib/studies/shrine/theme.dart:7:8 • uri_does_not_exist
  error • Undefined name 'GoogleFonts' • flutter/dev/integration_tests/new_gallery/lib/studies/shrine/theme.dart:43:10 • undefined_identifier
  error • Target of URI doesn't exist: 'package:google_fonts/google_fonts.dart' • flutter/dev/integration_tests/new_gallery/lib/themes/gallery_theme_data.dart:6:8 • uri_does_not_exist
  error • Undefined name 'GoogleFonts' • flutter/dev/integration_tests/new_gallery/lib/themes/gallery_theme_data.dart:78:21 • undefined_identifier
  error • Undefined name 'GoogleFonts' • flutter/dev/integration_tests/new_gallery/lib/themes/gallery_theme_data.dart:79:16 • undefined_identifier
  error • Undefined name 'GoogleFonts' • flutter/dev/integration_tests/new_gallery/lib/themes/gallery_theme_data.dart:80:20 • undefined_identifier
  error • Undefined name 'GoogleFonts' • flutter/dev/integration_tests/new_gallery/lib/themes/gallery_theme_data.dart:81:18 • undefined_identifier
  error • Undefined name 'GoogleFonts' • flutter/dev/integration_tests/new_gallery/lib/themes/gallery_theme_data.dart:82:17 • undefined_identifier
  error • Undefined name 'GoogleFonts' • flutter/dev/integration_tests/new_gallery/lib/themes/gallery_theme_data.dart:83:16 • undefined_identifier
  error • Undefined name 'GoogleFonts' • flutter/dev/integration_tests/new_gallery/lib/themes/gallery_theme_data.dart:84:17 • undefined_identifier
  error • Undefined name 'GoogleFonts' • flutter/dev/integration_tests/new_gallery/lib/themes/gallery_theme_data.dart:85:17 • undefined_identifier
  error • Undefined name 'GoogleFonts' • flutter/dev/integration_tests/new_gallery/lib/themes/gallery_theme_data.dart:86:17 • undefined_identifier
  error • Undefined name 'GoogleFonts' • flutter/dev/integration_tests/new_gallery/lib/themes/gallery_theme_data.dart:87:17 • undefined_identifier
  error • Target of URI doesn't exist: 'package:gallery/data/demos.dart' • flutter/dev/integration_tests/new_gallery/test/demo_descriptions_test.dart:7:8 • uri_does_not_exist
  error • Target of URI doesn't exist: 'package:gallery/gallery_localizations_en.dart' • flutter/dev/integration_tests/new_gallery/test/demo_descriptions_test.dart:8:8 • uri_does_not_exist
  error • The name 'GalleryDemo' isn't a type, so it can't be used as a type argument • flutter/dev/integration_tests/new_gallery/test/demo_descriptions_test.dart:33:16 • non_type_as_type_argument
  error • Undefined name 'Demos' • flutter/dev/integration_tests/new_gallery/test/demo_descriptions_test.dart:33:40 • undefined_identifier
  error • The function 'GalleryLocalizationsEn' isn't defined • flutter/dev/integration_tests/new_gallery/test/demo_descriptions_test.dart:33:50 • undefined_function
  error • Undefined class 'GalleryDemo' • flutter/dev/integration_tests/new_gallery/test/demo_descriptions_test.dart:34:60 • undefined_class
  error • Undefined name 'Demos' • flutter/dev/integration_tests/new_gallery/test/demo_descriptions_test.dart:37:60 • undefined_identifier
  error • Undefined name 'Demos' • flutter/dev/integration_tests/new_gallery/test/demo_descriptions_test.dart:41:35 • undefined_identifier
  error • Target of URI doesn't exist: 'package:gallery/main.dart' • flutter/dev/integration_tests/new_gallery/test/pages/home_test.dart:7:8 • uri_does_not_exist
  error • The name 'GalleryApp' isn't a class • flutter/dev/integration_tests/new_gallery/test/pages/home_test.dart:11:35 • creation_with_non_type
  error • The name 'GalleryApp' isn't a class • flutter/dev/integration_tests/new_gallery/test/pages/home_test.dart:28:35 • creation_with_non_type
  error • Target of URI doesn't exist: 'package:gallery/themes/material_demo_theme_data.dart' • flutter/dev/integration_tests/new_gallery/test/theme_test.dart:7:8 • uri_does_not_exist
  error • Undefined name 'MaterialDemoThemeData' • flutter/dev/integration_tests/new_gallery/test/theme_test.dart:12:33 • undefined_identifier
  error • Target of URI doesn't exist: 'package:gallery/main.dart' • flutter/dev/integration_tests/new_gallery/test/widget_test.dart:6:8 • uri_does_not_exist
  error • The name 'GalleryApp' isn't a class • flutter/dev/integration_tests/new_gallery/test/widget_test.dart:10:35 • creation_with_non_type
  error • Target of URI doesn't exist: 'package:flutter_driver/driver_extension.dart' • flutter/dev/integration_tests/new_gallery/test_driver/transitions_perf.dart:9:8 • uri_does_not_exist
  error • Target of URI doesn't exist: 'package:gallery/data/demos.dart' • flutter/dev/integration_tests/new_gallery/test_driver/transitions_perf.dart:10:8 • uri_does_not_exist
  error • Target of URI doesn't exist: 'package:gallery/main.dart' • flutter/dev/integration_tests/new_gallery/test_driver/transitions_perf.dart:11:8 • uri_does_not_exist
  error • Undefined name 'Demos' • flutter/dev/integration_tests/new_gallery/test_driver/transitions_perf.dart:18:45 • undefined_identifier
  error • The function 'enableFlutterDriverExtension' isn't defined • flutter/dev/integration_tests/new_gallery/test_driver/transitions_perf.dart:30:3 • undefined_function
  error • Target of URI doesn't exist: 'package:flutter_driver/flutter_driver.dart' • flutter/dev/integration_tests/new_gallery/test_driver/transitions_perf_test.dart:8:8 • uri_does_not_exist
  error • Target of URI doesn't exist: 'package:test/test.dart' • flutter/dev/integration_tests/new_gallery/test_driver/transitions_perf_test.dart:9:8 • uri_does_not_exist
  error • Undefined class 'SerializableFinder' • flutter/dev/integration_tests/new_gallery/test_driver/transitions_perf_test.dart:67:7 • undefined_class
  error • Undefined name 'find' • flutter/dev/integration_tests/new_gallery/test_driver/transitions_perf_test.dart:67:37 • undefined_identifier
  error • Undefined class 'SerializableFinder' • flutter/dev/integration_tests/new_gallery/test_driver/transitions_perf_test.dart:68:7 • undefined_class
  error • Undefined name 'find' • flutter/dev/integration_tests/new_gallery/test_driver/transitions_perf_test.dart:68:39 • undefined_identifier
  error • Undefined class 'SerializableFinder' • flutter/dev/integration_tests/new_gallery/test_driver/transitions_perf_test.dart:69:7 • undefined_class
  error • Undefined name 'find' • flutter/dev/integration_tests/new_gallery/test_driver/transitions_perf_test.dart:69:42 • undefined_identifier
  error • Undefined class 'SerializableFinder' • flutter/dev/integration_tests/new_gallery/test_driver/transitions_perf_test.dart:70:7 • undefined_class
  error • Undefined name 'find' • flutter/dev/integration_tests/new_gallery/test_driver/transitions_perf_test.dart:70:45 • undefined_identifier
  error • Undefined class 'SerializableFinder' • flutter/dev/integration_tests/new_gallery/test_driver/transitions_perf_test.dart:71:7 • undefined_class
  error • Undefined name 'find' • flutter/dev/integration_tests/new_gallery/test_driver/transitions_perf_test.dart:71:41 • undefined_identifier
  error • Undefined class 'SerializableFinder' • flutter/dev/integration_tests/new_gallery/test_driver/transitions_perf_test.dart:74:7 • undefined_class
  error • Undefined name 'find' • flutter/dev/integration_tests/new_gallery/test_driver/transitions_perf_test.dart:74:37 • undefined_identifier
  error • Undefined class 'SerializableFinder' • flutter/dev/integration_tests/new_gallery/test_driver/transitions_perf_test.dart:75:7 • undefined_class
  error • Undefined name 'find' • flutter/dev/integration_tests/new_gallery/test_driver/transitions_perf_test.dart:75:40 • undefined_identifier
  error • Undefined class 'SerializableFinder' • flutter/dev/integration_tests/new_gallery/test_driver/transitions_perf_test.dart:76:7 • undefined_class
  error • Undefined name 'find' • flutter/dev/integration_tests/new_gallery/test_driver/transitions_perf_test.dart:76:39 • undefined_identifier
  error • Undefined class 'SerializableFinder' • flutter/dev/integration_tests/new_gallery/test_driver/transitions_perf_test.dart:77:7 • undefined_class
  error • Undefined name 'find' • flutter/dev/integration_tests/new_gallery/test_driver/transitions_perf_test.dart:77:38 • undefined_identifier
  error • Undefined class 'SerializableFinder' • flutter/dev/integration_tests/new_gallery/test_driver/transitions_perf_test.dart:78:7 • undefined_class
  error • Undefined name 'find' • flutter/dev/integration_tests/new_gallery/test_driver/transitions_perf_test.dart:78:45 • undefined_identifier
  error • Undefined class 'SerializableFinder' • flutter/dev/integration_tests/new_gallery/test_driver/transitions_perf_test.dart:79:7 • undefined_class
  error • Undefined name 'find' • flutter/dev/integration_tests/new_gallery/test_driver/transitions_perf_test.dart:79:38 • undefined_identifier
  error • Undefined class 'SerializableFinder' • flutter/dev/integration_tests/new_gallery/test_driver/transitions_perf_test.dart:88:26 • undefined_class
  error • Undefined class 'FlutterDriver' • flutter/dev/integration_tests/new_gallery/test_driver/transitions_perf_test.dart:88:55 • undefined_class
  error • Undefined class 'SerializableFinder' • flutter/dev/integration_tests/new_gallery/test_driver/transitions_perf_test.dart:103:3 • undefined_class
  error • Undefined class 'FlutterDriver' • flutter/dev/integration_tests/new_gallery/test_driver/transitions_perf_test.dart:104:3 • undefined_class
  error • Undefined class 'FlutterDriver' • flutter/dev/integration_tests/new_gallery/test_driver/transitions_perf_test.dart:123:3 • undefined_class
  error • Undefined class 'SerializableFinder' • flutter/dev/integration_tests/new_gallery/test_driver/transitions_perf_test.dart:128:8 • undefined_class
  error • Undefined class 'SerializableFinder' • flutter/dev/integration_tests/new_gallery/test_driver/transitions_perf_test.dart:129:3 • undefined_class
  error • Undefined name 'find' • flutter/dev/integration_tests/new_gallery/test_driver/transitions_perf_test.dart:142:18 • undefined_identifier
  error • Undefined name 'find' • flutter/dev/integration_tests/new_gallery/test_driver/transitions_perf_test.dart:163:16 • undefined_identifier
  error • Undefined class 'DriverOffset' • flutter/dev/integration_tests/new_gallery/test_driver/transitions_perf_test.dart:176:11 • undefined_class
  error • Undefined class 'DriverOffset' • flutter/dev/integration_tests/new_gallery/test_driver/transitions_perf_test.dart:180:11 • undefined_class
   info • Unnecessary use of a null check ('!') • flutter/dev/integration_tests/new_gallery/test_driver/transitions_perf_test.dart:219:31 • unnecessary_null_checks
  error • The function 'group' isn't defined • flutter/dev/integration_tests/new_gallery/test_driver/transitions_perf_test.dart:224:3 • undefined_function
  error • Undefined class 'FlutterDriver' • flutter/dev/integration_tests/new_gallery/test_driver/transitions_perf_test.dart:225:10 • undefined_class
  error • The function 'setUpAll' isn't defined • flutter/dev/integration_tests/new_gallery/test_driver/transitions_perf_test.dart:230:5 • undefined_function
  error • Undefined name 'FlutterDriver' • flutter/dev/integration_tests/new_gallery/test_driver/transitions_perf_test.dart:231:22 • undefined_identifier
  error • The function 'tearDownAll' isn't defined • flutter/dev/integration_tests/new_gallery/test_driver/transitions_perf_test.dart:255:5 • undefined_function
  error • The function 'test' isn't defined • flutter/dev/integration_tests/new_gallery/test_driver/transitions_perf_test.dart:263:5 • undefined_function
  error • Undefined class 'Timeline' • flutter/dev/integration_tests/new_gallery/test_driver/transitions_perf_test.dart:269:13 • undefined_class
  error • The name 'TimelineStream' isn't a type, so it can't be used as a type argument • flutter/dev/integration_tests/new_gallery/test_driver/transitions_perf_test.dart:277:26 • non_type_as_type_argument
  error • The values in a const list literal must be constants • flutter/dev/integration_tests/new_gallery/test_driver/transitions_perf_test.dart:277:42 • non_constant_list_element
  error • Undefined name 'TimelineStream' • flutter/dev/integration_tests/new_gallery/test_driver/transitions_perf_test.dart:277:42 • undefined_identifier
  error • The values in a const list literal must be constants • flutter/dev/integration_tests/new_gallery/test_driver/transitions_perf_test.dart:277:63 • non_constant_list_element
  error • Undefined name 'TimelineStream' • flutter/dev/integration_tests/new_gallery/test_driver/transitions_perf_test.dart:277:63 • undefined_identifier
  error • Undefined class 'TimelineSummary' • flutter/dev/integration_tests/new_gallery/test_driver/transitions_perf_test.dart:279:13 • undefined_class
  error • Undefined name 'TimelineSummary' • flutter/dev/integration_tests/new_gallery/test_driver/transitions_perf_test.dart:279:39 • undefined_identifier
  error • Undefined name 'Timeout' • flutter/dev/integration_tests/new_gallery/test_driver/transitions_perf_test.dart:281:17 • undefined_identifier
  error • The function 'test' isn't defined • flutter/dev/integration_tests/new_gallery/test_driver/transitions_perf_test.dart:283:5 • undefined_function
  error • Undefined class 'Timeline' • flutter/dev/integration_tests/new_gallery/test_driver/transitions_perf_test.dart:289:13 • undefined_class
  error • The name 'TimelineStream' isn't a type, so it can't be used as a type argument • flutter/dev/integration_tests/new_gallery/test_driver/transitions_perf_test.dart:317:26 • non_type_as_type_argument
  error • The values in a const list literal must be constants • flutter/dev/integration_tests/new_gallery/test_driver/transitions_perf_test.dart:317:42 • non_constant_list_element
  error • Undefined name 'TimelineStream' • flutter/dev/integration_tests/new_gallery/test_driver/transitions_perf_test.dart:317:42 • undefined_identifier
  error • The values in a const list literal must be constants • flutter/dev/integration_tests/new_gallery/test_driver/transitions_perf_test.dart:317:63 • non_constant_list_element
  error • Undefined name 'TimelineStream' • flutter/dev/integration_tests/new_gallery/test_driver/transitions_perf_test.dart:317:63 • undefined_identifier
  error • Undefined class 'TimelineSummary' • flutter/dev/integration_tests/new_gallery/test_driver/transitions_perf_test.dart:319:13 • undefined_class
  error • Undefined name 'TimelineSummary' • flutter/dev/integration_tests/new_gallery/test_driver/transitions_perf_test.dart:319:39 • undefined_identifier
  error • Undefined name 'Timeout' • flutter/dev/integration_tests/new_gallery/test_driver/transitions_perf_test.dart:321:17 • undefined_identifier
  error • The function 'test' isn't defined • flutter/dev/integration_tests/new_gallery/test_driver/transitions_perf_test.dart:323:5 • undefined_function
  error • Undefined class 'Timeline' • flutter/dev/integration_tests/new_gallery/test_driver/transitions_perf_test.dart:329:13 • undefined_class
  error • The name 'TimelineStream' isn't a type, so it can't be used as a type argument • flutter/dev/integration_tests/new_gallery/test_driver/transitions_perf_test.dart:333:25 • non_type_as_type_argument
  error • The values in a const list literal must be constants • flutter/dev/integration_tests/new_gallery/test_driver/transitions_perf_test.dart:333:41 • non_constant_list_element
  error • Undefined name 'TimelineStream' • flutter/dev/integration_tests/new_gallery/test_driver/transitions_perf_test.dart:333:41 • undefined_identifier
  error • The values in a const list literal must be constants • flutter/dev/integration_tests/new_gallery/test_driver/transitions_perf_test.dart:333:62 • non_constant_list_element
  error • Undefined name 'TimelineStream' • flutter/dev/integration_tests/new_gallery/test_driver/transitions_perf_test.dart:333:62 • undefined_identifier
  error • Undefined class 'TimelineSummary' • flutter/dev/integration_tests/new_gallery/test_driver/transitions_perf_test.dart:337:13 • undefined_class
  error • Undefined name 'TimelineSummary' • flutter/dev/integration_tests/new_gallery/test_driver/transitions_perf_test.dart:337:39 • undefined_identifier
  error • Undefined name 'Timeout' • flutter/dev/integration_tests/new_gallery/test_driver/transitions_perf_test.dart:343:17 • undefined_identifier
  error • Target of URI doesn't exist: 'package:flutter_driver/driver_extension.dart' • flutter/dev/integration_tests/platform_interaction/lib/main.dart:8:8 • uri_does_not_exist
  error • The function 'enableFlutterDriverExtension' isn't defined • flutter/dev/integration_tests/platform_interaction/lib/main.dart:14:3 • undefined_function
  error • Expected to find ';' • flutter/dev/integration_tests/platform_interaction/lib/src/test_step.dart:19:5 • expected_token
warning • Dead code • flutter/dev/integration_tests/platform_interaction/lib/src/test_step.dart:19:12 • dead_code
warning • Missing case clause for 'active' • flutter/dev/integration_tests/platform_interaction/lib/src/test_step.dart:19:12 • missing_enum_constant_in_switch
warning • Missing case clause for 'done' • flutter/dev/integration_tests/platform_interaction/lib/src/test_step.dart:19:12 • missing_enum_constant_in_switch
warning • Missing case clause for 'none' • flutter/dev/integration_tests/platform_interaction/lib/src/test_step.dart:19:12 • missing_enum_constant_in_switch
warning • Missing case clause for 'waiting' • flutter/dev/integration_tests/platform_interaction/lib/src/test_step.dart:19:12 • missing_enum_constant_in_switch
  error • Expected an identifier • flutter/dev/integration_tests/platform_interaction/lib/src/test_step.dart:19:12 • missing_identifier
  error • Expected to find 'case' • flutter/dev/integration_tests/platform_interaction/lib/src/test_step.dart:20:7 • expected_token
   info • Unnecessary empty statement • flutter/dev/integration_tests/platform_interaction/lib/src/test_step.dart:24:6 • empty_statements
  error • Target of URI doesn't exist: 'package:flutter_driver/flutter_driver.dart' • flutter/dev/integration_tests/platform_interaction/test_driver/main_test.dart:5:8 • uri_does_not_exist
  error • Target of URI doesn't exist: 'package:test/test.dart' • flutter/dev/integration_tests/platform_interaction/test_driver/main_test.dart:6:8 • uri_does_not_exist
  error • The function 'group' isn't defined • flutter/dev/integration_tests/platform_interaction/test_driver/main_test.dart:9:3 • undefined_function
  error • Undefined class 'FlutterDriver' • flutter/dev/integration_tests/platform_interaction/test_driver/main_test.dart:10:10 • undefined_class
  error • The function 'setUpAll' isn't defined • flutter/dev/integration_tests/platform_interaction/test_driver/main_test.dart:12:5 • undefined_function
  error • Undefined name 'FlutterDriver' • flutter/dev/integration_tests/platform_interaction/test_driver/main_test.dart:13:22 • undefined_identifier
  error • The function 'test' isn't defined • flutter/dev/integration_tests/platform_interaction/test_driver/main_test.dart:16:5 • undefined_function
  error • Undefined class 'SerializableFinder' • flutter/dev/integration_tests/platform_interaction/test_driver/main_test.dart:17:13 • undefined_class
  error • Undefined name 'find' • flutter/dev/integration_tests/platform_interaction/test_driver/main_test.dart:17:45 • undefined_identifier
  error • Undefined class 'SerializableFinder' • flutter/dev/integration_tests/platform_interaction/test_driver/main_test.dart:18:13 • undefined_class
  error • Undefined name 'find' • flutter/dev/integration_tests/platform_interaction/test_driver/main_test.dart:18:46 • undefined_identifier
  error • The function 'fail' isn't defined • flutter/dev/integration_tests/platform_interaction/test_driver/main_test.dart:26:9 • undefined_function
  error • Undefined name 'Timeout' • flutter/dev/integration_tests/platform_interaction/test_driver/main_test.dart:28:17 • undefined_identifier
  error • The function 'tearDownAll' isn't defined • flutter/dev/integration_tests/platform_interaction/test_driver/main_test.dart:30:5 • undefined_function
  error • Target of URI doesn't exist: 'package:integration_test/integration_test.dart' • flutter/dev/integration_tests/release_smoke_test/test_adapter/hello_world_test.dart:6:8 • uri_does_not_exist
  error • Target of URI doesn't exist: 'package:release_smoke_test/main.dart' • flutter/dev/integration_tests/release_smoke_test/test_adapter/hello_world_test.dart:7:8 • uri_does_not_exist
  error • Undefined name 'IntegrationTestWidgetsFlutterBinding' • flutter/dev/integration_tests/release_smoke_test/test_adapter/hello_world_test.dart:10:3 • undefined_identifier
  error • Target of URI doesn't exist: 'package:integration_test/integration_test.dart' • flutter/dev/integration_tests/spell_check/integration_test/integration_test.dart:13:8 • uri_does_not_exist
  error • Target of URI doesn't exist: 'package:spell_check/main.dart' • flutter/dev/integration_tests/spell_check/integration_test/integration_test.dart:14:8 • uri_does_not_exist
  error • Undefined name 'IntegrationTestWidgetsFlutterBinding' • flutter/dev/integration_tests/spell_check/integration_test/integration_test.dart:48:3 • undefined_identifier
  error • The name 'MyApp' isn't a class • flutter/dev/integration_tests/spell_check/integration_test/integration_test.dart:144:35 • creation_with_non_type
  error • Target of URI doesn't exist: 'package:integration_test/integration_test_driver.dart' • flutter/dev/integration_tests/spell_check/test_driver/integration_test.dart:5:8 • uri_does_not_exist
  error • The function 'integrationDriver' isn't defined • flutter/dev/integration_tests/spell_check/test_driver/integration_test.dart:7:24 • undefined_function
  error • Target of URI doesn't exist: 'package:integration_ui/overflow.dart' • flutter/dev/integration_tests/ui/integration_test/integration_test.dart:7:8 • uri_does_not_exist
  error • Target of URI doesn't exist: 'package:integration_test/integration_test.dart' • flutter/dev/integration_tests/ui/integration_test/resize_integration_test.dart:7:8 • uri_does_not_exist
  error • Target of URI doesn't exist: 'package:integration_ui/resize.dart' • flutter/dev/integration_tests/ui/integration_test/resize_integration_test.dart:8:8 • uri_does_not_exist
  error • Undefined name 'IntegrationTestWidgetsFlutterBinding' • flutter/dev/integration_tests/ui/integration_test/resize_integration_test.dart:11:3 • undefined_identifier
  error • Const variables must be initialized with a constant value • flutter/dev/integration_tests/ui/integration_test/resize_integration_test.dart:17:39 • const_initialized_with_non_constant_value
  error • Const variables must be initialized with a constant value • flutter/dev/integration_tests/ui/integration_test/resize_integration_test.dart:49:34 • const_initialized_with_non_constant_value
  error • Target of URI doesn't exist: 'package:flutter_driver/driver_extension.dart' • flutter/dev/integration_tests/ui/lib/defines.dart:6:8 • uri_does_not_exist
  error • The function 'enableFlutterDriverExtension' isn't defined • flutter/dev/integration_tests/ui/lib/defines.dart:10:3 • undefined_function
  error • Target of URI doesn't exist: 'package:flutter_driver/driver_extension.dart' • flutter/dev/integration_tests/ui/lib/driver.dart:6:8 • uri_does_not_exist
  error • The function 'enableFlutterDriverExtension' isn't defined • flutter/dev/integration_tests/ui/lib/driver.dart:9:3 • undefined_function
  error • Target of URI doesn't exist: 'package:flutter_driver/driver_extension.dart' • flutter/dev/integration_tests/ui/lib/empty.dart:6:8 • uri_does_not_exist
  error • The function 'enableFlutterDriverExtension' isn't defined • flutter/dev/integration_tests/ui/lib/empty.dart:10:3 • undefined_function
  error • Target of URI doesn't exist: 'package:flutter_driver/driver_extension.dart' • flutter/dev/integration_tests/ui/lib/feature_flags.dart:8:8 • uri_does_not_exist
  error • The function 'enableFlutterDriverExtension' isn't defined • flutter/dev/integration_tests/ui/lib/feature_flags.dart:12:3 • undefined_function
  error • Target of URI doesn't exist: 'package:flutter_driver/driver_extension.dart' • flutter/dev/integration_tests/ui/lib/frame_number.dart:10:8 • uri_does_not_exist
  error • The function 'enableFlutterDriverExtension' isn't defined • flutter/dev/integration_tests/ui/lib/frame_number.dart:14:3 • undefined_function
  error • Target of URI doesn't exist: 'package:flutter_driver/driver_extension.dart' • flutter/dev/integration_tests/ui/lib/keyboard_resize.dart:6:8 • uri_does_not_exist
  error • The function 'enableFlutterDriverExtension' isn't defined • flutter/dev/integration_tests/ui/lib/keyboard_resize.dart:11:3 • undefined_function
  error • Target of URI doesn't exist: 'package:flutter_driver/driver_extension.dart' • flutter/dev/integration_tests/ui/lib/keyboard_textfield.dart:6:8 • uri_does_not_exist
  error • The function 'enableFlutterDriverExtension' isn't defined • flutter/dev/integration_tests/ui/lib/keyboard_textfield.dart:11:3 • undefined_function
  error • Target of URI doesn't exist: 'package:flutter_driver/driver_extension.dart' • flutter/dev/integration_tests/ui/lib/license_check.dart:7:8 • uri_does_not_exist
  error • The function 'enableFlutterDriverExtension' isn't defined • flutter/dev/integration_tests/ui/lib/license_check.dart:12:3 • undefined_function
  error • Target of URI doesn't exist: 'package:flutter_driver/driver_extension.dart' • flutter/dev/integration_tests/ui/lib/main.dart:6:8 • uri_does_not_exist
  error • The function 'enableFlutterDriverExtension' isn't defined • flutter/dev/integration_tests/ui/lib/main.dart:9:3 • undefined_function
  error • Target of URI doesn't exist: 'package:flutter_driver/driver_extension.dart' • flutter/dev/integration_tests/ui/lib/route.dart:7:8 • uri_does_not_exist
  error • The function 'enableFlutterDriverExtension' isn't defined • flutter/dev/integration_tests/ui/lib/route.dart:12:3 • undefined_function
  error • Target of URI doesn't exist: 'package:flutter_driver/driver_extension.dart' • flutter/dev/integration_tests/ui/lib/screenshot.dart:6:8 • uri_does_not_exist
  error • The function 'enableFlutterDriverExtension' isn't defined • flutter/dev/integration_tests/ui/lib/screenshot.dart:13:3 • undefined_function
  error • Target of URI doesn't exist: 'package:flutter_driver/driver_extension.dart' • flutter/dev/integration_tests/ui/lib/solid_color.dart:6:8 • uri_does_not_exist
  error • The function 'enableFlutterDriverExtension' isn't defined • flutter/dev/integration_tests/ui/lib/solid_color.dart:9:3 • undefined_function
  error • Target of URI doesn't exist: 'package:flutter_driver/flutter_driver.dart' • flutter/dev/integration_tests/ui/test_driver/commands_debug_paint_test.dart:5:8 • uri_does_not_exist
  error • Target of URI doesn't exist: 'package:test/test.dart' • flutter/dev/integration_tests/ui/test_driver/commands_debug_paint_test.dart:6:8 • uri_does_not_exist
  error • Undefined class 'FlutterDriver' • flutter/dev/integration_tests/ui/test_driver/commands_debug_paint_test.dart:9:8 • undefined_class
  error • The function 'setUpAll' isn't defined • flutter/dev/integration_tests/ui/test_driver/commands_debug_paint_test.dart:11:3 • undefined_function
  error • Undefined name 'FlutterDriver' • flutter/dev/integration_tests/ui/test_driver/commands_debug_paint_test.dart:12:20 • undefined_identifier
  error • The function 'tearDownAll' isn't defined • flutter/dev/integration_tests/ui/test_driver/commands_debug_paint_test.dart:15:3 • undefined_function
  error • The function 'test' isn't defined • flutter/dev/integration_tests/ui/test_driver/commands_debug_paint_test.dart:19:3 • undefined_function
  error • The function 'expect' isn't defined • flutter/dev/integration_tests/ui/test_driver/commands_debug_paint_test.dart:20:5 • undefined_function
  error • Undefined name 'Timeout' • flutter/dev/integration_tests/ui/test_driver/commands_debug_paint_test.dart:21:15 • undefined_identifier
  error • Target of URI doesn't exist: 'package:flutter_driver/flutter_driver.dart' • flutter/dev/integration_tests/ui/test_driver/commands_none_test.dart:5:8 • uri_does_not_exist
  error • Target of URI doesn't exist: 'package:test/test.dart' • flutter/dev/integration_tests/ui/test_driver/commands_none_test.dart:6:8 • uri_does_not_exist
  error • Undefined class 'FlutterDriver' • flutter/dev/integration_tests/ui/test_driver/commands_none_test.dart:9:8 • undefined_class
  error • The function 'setUpAll' isn't defined • flutter/dev/integration_tests/ui/test_driver/commands_none_test.dart:11:3 • undefined_function
  error • Undefined name 'FlutterDriver' • flutter/dev/integration_tests/ui/test_driver/commands_none_test.dart:12:20 • undefined_identifier
  error • The function 'tearDownAll' isn't defined • flutter/dev/integration_tests/ui/test_driver/commands_none_test.dart:15:3 • undefined_function
  error • The function 'test' isn't defined • flutter/dev/integration_tests/ui/test_driver/commands_none_test.dart:19:3 • undefined_function
  error • The function 'expect' isn't defined • flutter/dev/integration_tests/ui/test_driver/commands_none_test.dart:20:5 • undefined_function
  error • Undefined name 'find' • flutter/dev/integration_tests/ui/test_driver/commands_none_test.dart:21:32 • undefined_identifier
  error • Undefined name 'Timeout' • flutter/dev/integration_tests/ui/test_driver/commands_none_test.dart:22:15 • undefined_identifier
  error • Target of URI doesn't exist: 'package:flutter_driver/flutter_driver.dart' • flutter/dev/integration_tests/ui/test_driver/commands_performance_overlay_test.dart:5:8 • uri_does_not_exist
  error • Target of URI doesn't exist: 'package:test/test.dart' • flutter/dev/integration_tests/ui/test_driver/commands_performance_overlay_test.dart:6:8 • uri_does_not_exist
  error • Undefined class 'FlutterDriver' • flutter/dev/integration_tests/ui/test_driver/commands_performance_overlay_test.dart:9:8 • undefined_class
  error • The function 'setUpAll' isn't defined • flutter/dev/integration_tests/ui/test_driver/commands_performance_overlay_test.dart:11:3 • undefined_function
  error • Undefined name 'FlutterDriver' • flutter/dev/integration_tests/ui/test_driver/commands_performance_overlay_test.dart:12:20 • undefined_identifier
  error • The function 'tearDownAll' isn't defined • flutter/dev/integration_tests/ui/test_driver/commands_performance_overlay_test.dart:15:3 • undefined_function
  error • The function 'test' isn't defined • flutter/dev/integration_tests/ui/test_driver/commands_performance_overlay_test.dart:19:3 • undefined_function
  error • Undefined name 'find' • flutter/dev/integration_tests/ui/test_driver/commands_performance_overlay_test.dart:21:26 • undefined_identifier
  error • Undefined name 'Timeout' • flutter/dev/integration_tests/ui/test_driver/commands_performance_overlay_test.dart:22:15 • undefined_identifier
  error • Target of URI doesn't exist: 'package:flutter_driver/flutter_driver.dart' • flutter/dev/integration_tests/ui/test_driver/defines_test.dart:5:8 • uri_does_not_exist
  error • Target of URI doesn't exist: 'package:test/test.dart' • flutter/dev/integration_tests/ui/test_driver/defines_test.dart:6:8 • uri_does_not_exist
  error • Undefined class 'FlutterDriver' • flutter/dev/integration_tests/ui/test_driver/defines_test.dart:9:3 • undefined_class
  error • The function 'setUpAll' isn't defined • flutter/dev/integration_tests/ui/test_driver/defines_test.dart:11:3 • undefined_function
  error • Undefined name 'FlutterDriver' • flutter/dev/integration_tests/ui/test_driver/defines_test.dart:12:20 • undefined_identifier
  error • The function 'tearDownAll' isn't defined • flutter/dev/integration_tests/ui/test_driver/defines_test.dart:15:3 • undefined_function
  error • The function 'test' isn't defined • flutter/dev/integration_tests/ui/test_driver/defines_test.dart:19:3 • undefined_function
  error • Undefined name 'find' • flutter/dev/integration_tests/ui/test_driver/defines_test.dart:20:27 • undefined_identifier
  error • Undefined name 'Timeout' • flutter/dev/integration_tests/ui/test_driver/defines_test.dart:21:15 • undefined_identifier
  error • Target of URI doesn't exist: 'package:flutter_driver/flutter_driver.dart' • flutter/dev/integration_tests/ui/test_driver/driver_test.dart:7:8 • uri_does_not_exist
  error • Target of URI doesn't exist: 'package:test/test.dart' • flutter/dev/integration_tests/ui/test_driver/driver_test.dart:9:8 • uri_does_not_exist
  error • The function 'group' isn't defined • flutter/dev/integration_tests/ui/test_driver/driver_test.dart:12:3 • undefined_function
  error • Undefined class 'SerializableFinder' • flutter/dev/integration_tests/ui/test_driver/driver_test.dart:13:11 • undefined_class
  error • Undefined name 'find' • flutter/dev/integration_tests/ui/test_driver/driver_test.dart:13:44 • undefined_identifier
  error • Undefined class 'FlutterDriver' • flutter/dev/integration_tests/ui/test_driver/driver_test.dart:14:10 • undefined_class
  error • The function 'setUpAll' isn't defined • flutter/dev/integration_tests/ui/test_driver/driver_test.dart:16:5 • undefined_function
  error • Undefined name 'FlutterDriver' • flutter/dev/integration_tests/ui/test_driver/driver_test.dart:17:22 • undefined_identifier
  error • The function 'tearDownAll' isn't defined • flutter/dev/integration_tests/ui/test_driver/driver_test.dart:20:5 • undefined_function
  error • The function 'test' isn't defined • flutter/dev/integration_tests/ui/test_driver/driver_test.dart:24:5 • undefined_function
  error • Undefined name 'Timeout' • flutter/dev/integration_tests/ui/test_driver/driver_test.dart:26:17 • undefined_identifier
  error • The function 'test' isn't defined • flutter/dev/integration_tests/ui/test_driver/driver_test.dart:28:5 • undefined_function
  error • The function 'expectLater' isn't defined • flutter/dev/integration_tests/ui/test_driver/driver_test.dart:29:13 • undefined_function
  error • The function 'throwsA' isn't defined • flutter/dev/integration_tests/ui/test_driver/driver_test.dart:31:9 • undefined_function
  error • The function 'isA' isn't defined • flutter/dev/integration_tests/ui/test_driver/driver_test.dart:32:11 • undefined_function
  error • The name 'DriverError' isn't a type, so it can't be used as a type argument • flutter/dev/integration_tests/ui/test_driver/driver_test.dart:32:15 • non_type_as_type_argument
  error • Undefined class 'DriverError' • flutter/dev/integration_tests/ui/test_driver/driver_test.dart:33:14 • undefined_class
  error • The function 'contains' isn't defined • flutter/dev/integration_tests/ui/test_driver/driver_test.dart:35:13 • undefined_function
  error • Undefined name 'Timeout' • flutter/dev/integration_tests/ui/test_driver/driver_test.dart:39:17 • undefined_identifier
  error • The function 'test' isn't defined • flutter/dev/integration_tests/ui/test_driver/driver_test.dart:41:5 • undefined_function
  error • Undefined name 'find' • flutter/dev/integration_tests/ui/test_driver/driver_test.dart:53:24 • undefined_identifier
  error • Undefined name 'Timeout' • flutter/dev/integration_tests/ui/test_driver/driver_test.dart:57:17 • undefined_identifier
  error • The function 'test' isn't defined • flutter/dev/integration_tests/ui/test_driver/driver_test.dart:59:5 • undefined_function
  error • The function 'expectLater' isn't defined • flutter/dev/integration_tests/ui/test_driver/driver_test.dart:60:13 • undefined_function
  error • The function 'throwsA' isn't defined • flutter/dev/integration_tests/ui/test_driver/driver_test.dart:62:9 • undefined_function
  error • The function 'isA' isn't defined • flutter/dev/integration_tests/ui/test_driver/driver_test.dart:63:11 • undefined_function
  error • The name 'DriverError' isn't a type, so it can't be used as a type argument • flutter/dev/integration_tests/ui/test_driver/driver_test.dart:63:15 • non_type_as_type_argument
  error • Undefined class 'DriverError' • flutter/dev/integration_tests/ui/test_driver/driver_test.dart:64:14 • undefined_class
  error • The function 'contains' isn't defined • flutter/dev/integration_tests/ui/test_driver/driver_test.dart:66:13 • undefined_function
  error • Undefined name 'Timeout' • flutter/dev/integration_tests/ui/test_driver/driver_test.dart:70:17 • undefined_identifier
  error • The function 'test' isn't defined • flutter/dev/integration_tests/ui/test_driver/driver_test.dart:72:5 • undefined_function
  error • Undefined name 'find' • flutter/dev/integration_tests/ui/test_driver/driver_test.dart:81:24 • undefined_identifier
  error • Undefined name 'Timeout' • flutter/dev/integration_tests/ui/test_driver/driver_test.dart:85:17 • undefined_identifier
  error • The function 'test' isn't defined • flutter/dev/integration_tests/ui/test_driver/driver_test.dart:87:5 • undefined_function
  error • Undefined name 'find' • flutter/dev/integration_tests/ui/test_driver/driver_test.dart:88:34 • undefined_identifier
  error • Undefined name 'Timeout' • flutter/dev/integration_tests/ui/test_driver/driver_test.dart:89:17 • undefined_identifier
  error • The function 'test' isn't defined • flutter/dev/integration_tests/ui/test_driver/driver_test.dart:91:5 • undefined_function
  error • Undefined class 'SerializableFinder' • flutter/dev/integration_tests/ui/test_driver/driver_test.dart:92:13 • undefined_class
  error • Undefined name 'find' • flutter/dev/integration_tests/ui/test_driver/driver_test.dart:92:36 • undefined_identifier
  error • Undefined class 'SerializableFinder' • flutter/dev/integration_tests/ui/test_driver/driver_test.dart:93:13 • undefined_class
  error • Undefined name 'find' • flutter/dev/integration_tests/ui/test_driver/driver_test.dart:93:39 • undefined_identifier
  error • Undefined name 'Timeout' • flutter/dev/integration_tests/ui/test_driver/driver_test.dart:105:17 • undefined_identifier
  error • The function 'test' isn't defined • flutter/dev/integration_tests/ui/test_driver/driver_test.dart:107:5 • undefined_function
  error • Undefined class 'SerializableFinder' • flutter/dev/integration_tests/ui/test_driver/driver_test.dart:108:13 • undefined_class
  error • Undefined name 'find' • flutter/dev/integration_tests/ui/test_driver/driver_test.dart:108:44 • undefined_identifier
  error • Undefined name 'find' • flutter/dev/integration_tests/ui/test_driver/driver_test.dart:111:28 • undefined_identifier
  error • Undefined name 'find' • flutter/dev/integration_tests/ui/test_driver/driver_test.dart:113:28 • undefined_identifier
  error • Undefined name 'Timeout' • flutter/dev/integration_tests/ui/test_driver/driver_test.dart:114:17 • undefined_identifier
  error • Target of URI doesn't exist: 'package:flutter_driver/flutter_driver.dart' • flutter/dev/integration_tests/ui/test_driver/empty_test.dart:5:8 • uri_does_not_exist
  error • Target of URI doesn't exist: 'package:test/test.dart' • flutter/dev/integration_tests/ui/test_driver/empty_test.dart:6:8 • uri_does_not_exist
  error • The function 'group' isn't defined • flutter/dev/integration_tests/ui/test_driver/empty_test.dart:10:3 • undefined_function
  error • Undefined class 'FlutterDriver' • flutter/dev/integration_tests/ui/test_driver/empty_test.dart:11:10 • undefined_class
  error • The function 'setUpAll' isn't defined • flutter/dev/integration_tests/ui/test_driver/empty_test.dart:13:5 • undefined_function
  error • Undefined name 'FlutterDriver' • flutter/dev/integration_tests/ui/test_driver/empty_test.dart:14:22 • undefined_identifier
  error • The function 'tearDownAll' isn't defined • flutter/dev/integration_tests/ui/test_driver/empty_test.dart:17:5 • undefined_function
  error • The function 'test' isn't defined • flutter/dev/integration_tests/ui/test_driver/empty_test.dart:21:5 • undefined_function
  error • Undefined name 'Timeout' • flutter/dev/integration_tests/ui/test_driver/empty_test.dart:21:41 • undefined_identifier
  error • Target of URI doesn't exist: 'package:flutter_driver/flutter_driver.dart' • flutter/dev/integration_tests/ui/test_driver/feature_flags_test.dart:5:8 • uri_does_not_exist
  error • Target of URI doesn't exist: 'package:test/test.dart' • flutter/dev/integration_tests/ui/test_driver/feature_flags_test.dart:6:8 • uri_does_not_exist
  error • Undefined class 'FlutterDriver' • flutter/dev/integration_tests/ui/test_driver/feature_flags_test.dart:9:3 • undefined_class
  error • The function 'setUpAll' isn't defined • flutter/dev/integration_tests/ui/test_driver/feature_flags_test.dart:11:3 • undefined_function
  error • Undefined name 'FlutterDriver' • flutter/dev/integration_tests/ui/test_driver/feature_flags_test.dart:12:20 • undefined_identifier
  error • The function 'tearDownAll' isn't defined • flutter/dev/integration_tests/ui/test_driver/feature_flags_test.dart:15:3 • undefined_function
  error • The function 'test' isn't defined • flutter/dev/integration_tests/ui/test_driver/feature_flags_test.dart:19:3 • undefined_function
  error • Undefined name 'find' • flutter/dev/integration_tests/ui/test_driver/feature_flags_test.dart:20:27 • undefined_identifier
  error • Undefined name 'Timeout' • flutter/dev/integration_tests/ui/test_driver/feature_flags_test.dart:21:15 • undefined_identifier
  error • Target of URI doesn't exist: 'package:flutter_driver/flutter_driver.dart' • flutter/dev/integration_tests/ui/test_driver/frame_number_test.dart:5:8 • uri_does_not_exist
  error • Target of URI doesn't exist: 'package:test/test.dart' • flutter/dev/integration_tests/ui/test_driver/frame_number_test.dart:6:8 • uri_does_not_exist
  error • The function 'group' isn't defined • flutter/dev/integration_tests/ui/test_driver/frame_number_test.dart:14:3 • undefined_function
  error • Undefined class 'FlutterDriver' • flutter/dev/integration_tests/ui/test_driver/frame_number_test.dart:15:10 • undefined_class
  error • The function 'setUpAll' isn't defined • flutter/dev/integration_tests/ui/test_driver/frame_number_test.dart:17:5 • undefined_function
  error • Undefined name 'FlutterDriver' • flutter/dev/integration_tests/ui/test_driver/frame_number_test.dart:18:22 • undefined_identifier
  error • The function 'tearDownAll' isn't defined • flutter/dev/integration_tests/ui/test_driver/frame_number_test.dart:21:5 • undefined_function
  error • The function 'test' isn't defined • flutter/dev/integration_tests/ui/test_driver/frame_number_test.dart:25:5 • undefined_function
  error • Undefined class 'SerializableFinder' • flutter/dev/integration_tests/ui/test_driver/frame_number_test.dart:26:13 • undefined_class
  error • Undefined name 'find' • flutter/dev/integration_tests/ui/test_driver/frame_number_test.dart:26:55 • undefined_identifier
  error • The function 'expect' isn't defined • flutter/dev/integration_tests/ui/test_driver/frame_number_test.dart:31:7 • undefined_function
  error • Undefined name 'Timeout' • flutter/dev/integration_tests/ui/test_driver/frame_number_test.dart:32:17 • undefined_identifier
  error • Target of URI doesn't exist: 'package:flutter_driver/flutter_driver.dart' • flutter/dev/integration_tests/ui/test_driver/keyboard_resize_test.dart:5:8 • uri_does_not_exist
  error • Target of URI doesn't exist: 'package:integration_ui/keys.dart' • flutter/dev/integration_tests/ui/test_driver/keyboard_resize_test.dart:6:8 • uri_does_not_exist
  error • Target of URI doesn't exist: 'package:test/test.dart' • flutter/dev/integration_tests/ui/test_driver/keyboard_resize_test.dart:7:8 • uri_does_not_exist
  error • The function 'group' isn't defined • flutter/dev/integration_tests/ui/test_driver/keyboard_resize_test.dart:10:3 • undefined_function
  error • Undefined class 'FlutterDriver' • flutter/dev/integration_tests/ui/test_driver/keyboard_resize_test.dart:11:10 • undefined_class
  error • The function 'setUpAll' isn't defined • flutter/dev/integration_tests/ui/test_driver/keyboard_resize_test.dart:13:5 • undefined_function
  error • Undefined name 'FlutterDriver' • flutter/dev/integration_tests/ui/test_driver/keyboard_resize_test.dart:14:22 • undefined_identifier
  error • The function 'tearDownAll' isn't defined • flutter/dev/integration_tests/ui/test_driver/keyboard_resize_test.dart:17:5 • undefined_function
  error • The function 'test' isn't defined • flutter/dev/integration_tests/ui/test_driver/keyboard_resize_test.dart:21:5 • undefined_function
  error • Undefined class 'SerializableFinder' • flutter/dev/integration_tests/ui/test_driver/keyboard_resize_test.dart:22:13 • undefined_class
  error • Undefined name 'find' • flutter/dev/integration_tests/ui/test_driver/keyboard_resize_test.dart:22:45 • undefined_identifier
  error • Undefined class 'SerializableFinder' • flutter/dev/integration_tests/ui/test_driver/keyboard_resize_test.dart:29:13 • undefined_class
  error • Undefined name 'find' • flutter/dev/integration_tests/ui/test_driver/keyboard_resize_test.dart:29:51 • undefined_identifier
  error • The function 'expect' isn't defined • flutter/dev/integration_tests/ui/test_driver/keyboard_resize_test.dart:54:7 • undefined_function
  error • Undefined name 'isTrue' • flutter/dev/integration_tests/ui/test_driver/keyboard_resize_test.dart:54:35 • undefined_identifier
  error • Undefined class 'SerializableFinder' • flutter/dev/integration_tests/ui/test_driver/keyboard_resize_test.dart:57:13 • undefined_class
  error • Undefined name 'find' • flutter/dev/integration_tests/ui/test_driver/keyboard_resize_test.dart:57:48 • undefined_identifier
  error • The function 'expect' isn't defined • flutter/dev/integration_tests/ui/test_driver/keyboard_resize_test.dart:71:7 • undefined_function
  error • Undefined name 'isTrue' • flutter/dev/integration_tests/ui/test_driver/keyboard_resize_test.dart:71:35 • undefined_identifier
  error • Undefined name 'Timeout' • flutter/dev/integration_tests/ui/test_driver/keyboard_resize_test.dart:72:17 • undefined_identifier
  error • Target of URI doesn't exist: 'package:flutter_driver/flutter_driver.dart' • flutter/dev/integration_tests/ui/test_driver/keyboard_textfield_test.dart:5:8 • uri_does_not_exist
  error • Target of URI doesn't exist: 'package:integration_ui/keys.dart' • flutter/dev/integration_tests/ui/test_driver/keyboard_textfield_test.dart:6:8 • uri_does_not_exist
  error • Target of URI doesn't exist: 'package:test/test.dart' • flutter/dev/integration_tests/ui/test_driver/keyboard_textfield_test.dart:7:8 • uri_does_not_exist
  error • The function 'group' isn't defined • flutter/dev/integration_tests/ui/test_driver/keyboard_textfield_test.dart:10:3 • undefined_function
  error • Undefined class 'FlutterDriver' • flutter/dev/integration_tests/ui/test_driver/keyboard_textfield_test.dart:11:10 • undefined_class
  error • The function 'setUpAll' isn't defined • flutter/dev/integration_tests/ui/test_driver/keyboard_textfield_test.dart:13:5 • undefined_function
  error • Undefined name 'FlutterDriver' • flutter/dev/integration_tests/ui/test_driver/keyboard_textfield_test.dart:14:22 • undefined_identifier
  error • The function 'tearDownAll' isn't defined • flutter/dev/integration_tests/ui/test_driver/keyboard_textfield_test.dart:17:5 • undefined_function
  error • The function 'test' isn't defined • flutter/dev/integration_tests/ui/test_driver/keyboard_textfield_test.dart:21:5 • undefined_function
  error • Undefined class 'SerializableFinder' • flutter/dev/integration_tests/ui/test_driver/keyboard_textfield_test.dart:24:13 • undefined_class
  error • Undefined name 'find' • flutter/dev/integration_tests/ui/test_driver/keyboard_textfield_test.dart:24:49 • undefined_identifier
  error • Undefined class 'SerializableFinder' • flutter/dev/integration_tests/ui/test_driver/keyboard_textfield_test.dart:25:13 • undefined_class
  error • Undefined name 'find' • flutter/dev/integration_tests/ui/test_driver/keyboard_textfield_test.dart:25:50 • undefined_identifier
  error • Undefined class 'SerializableFinder' • flutter/dev/integration_tests/ui/test_driver/keyboard_textfield_test.dart:26:13 • undefined_class
  error • Undefined name 'find' • flutter/dev/integration_tests/ui/test_driver/keyboard_textfield_test.dart:26:47 • undefined_identifier
  error • Undefined class 'SerializableFinder' • flutter/dev/integration_tests/ui/test_driver/keyboard_textfield_test.dart:27:13 • undefined_class
  error • Undefined name 'find' • flutter/dev/integration_tests/ui/test_driver/keyboard_textfield_test.dart:27:68 • undefined_identifier
  error • The function 'expect' isn't defined • flutter/dev/integration_tests/ui/test_driver/keyboard_textfield_test.dart:55:7 • undefined_function
  error • The function 'greaterThan' isn't defined • flutter/dev/integration_tests/ui/test_driver/keyboard_textfield_test.dart:55:40 • undefined_function
  error • Undefined name 'Timeout' • flutter/dev/integration_tests/ui/test_driver/keyboard_textfield_test.dart:56:17 • undefined_identifier
  error • Target of URI doesn't exist: 'package:flutter_driver/flutter_driver.dart' • flutter/dev/integration_tests/ui/test_driver/license_check_test.dart:7:8 • uri_does_not_exist
  error • Target of URI doesn't exist: 'package:test/test.dart' • flutter/dev/integration_tests/ui/test_driver/license_check_test.dart:9:8 • uri_does_not_exist
  error • The function 'group' isn't defined • flutter/dev/integration_tests/ui/test_driver/license_check_test.dart:22:3 • undefined_function
  error • Undefined class 'FlutterDriver' • flutter/dev/integration_tests/ui/test_driver/license_check_test.dart:23:10 • undefined_class
  error • The function 'setUpAll' isn't defined • flutter/dev/integration_tests/ui/test_driver/license_check_test.dart:25:5 • undefined_function
  error • Undefined name 'FlutterDriver' • flutter/dev/integration_tests/ui/test_driver/license_check_test.dart:26:22 • undefined_identifier
  error • The function 'tearDownAll' isn't defined • flutter/dev/integration_tests/ui/test_driver/license_check_test.dart:30:5 • undefined_function
  error • The function 'test' isn't defined • flutter/dev/integration_tests/ui/test_driver/license_check_test.dart:34:5 • undefined_function
  error • Undefined name 'find' • flutter/dev/integration_tests/ui/test_driver/license_check_test.dart:35:28 • undefined_identifier
  error • Undefined name 'find' • flutter/dev/integration_tests/ui/test_driver/license_check_test.dart:36:56 • undefined_identifier
  error • Undefined name 'find' • flutter/dev/integration_tests/ui/test_driver/license_check_test.dart:37:56 • undefined_identifier
  error • The function 'expect' isn't defined • flutter/dev/integration_tests/ui/test_driver/license_check_test.dart:38:7 • undefined_function
  error • The function 'equals' isn't defined • flutter/dev/integration_tests/ui/test_driver/license_check_test.dart:38:28 • undefined_function
  error • The function 'expect' isn't defined • flutter/dev/integration_tests/ui/test_driver/license_check_test.dart:39:7 • undefined_function
  error • The function 'equals' isn't defined • flutter/dev/integration_tests/ui/test_driver/license_check_test.dart:39:28 • undefined_function
  error • Undefined name 'Timeout' • flutter/dev/integration_tests/ui/test_driver/license_check_test.dart:40:17 • undefined_identifier
  error • The function 'test' isn't defined • flutter/dev/integration_tests/ui/test_driver/license_check_test.dart:42:5 • undefined_function
  error • Undefined name 'find' • flutter/dev/integration_tests/ui/test_driver/license_check_test.dart:43:28 • undefined_identifier
  error • Undefined name 'find' • flutter/dev/integration_tests/ui/test_driver/license_check_test.dart:44:56 • undefined_identifier
  error • Undefined name 'find' • flutter/dev/integration_tests/ui/test_driver/license_check_test.dart:45:56 • undefined_identifier
  error • The function 'expect' isn't defined • flutter/dev/integration_tests/ui/test_driver/license_check_test.dart:46:7 • undefined_function
  error • The function 'equals' isn't defined • flutter/dev/integration_tests/ui/test_driver/license_check_test.dart:46:28 • undefined_function
  error • The function 'expect' isn't defined • flutter/dev/integration_tests/ui/test_driver/license_check_test.dart:48:7 • undefined_function
  error • The function 'contains' isn't defined • flutter/dev/integration_tests/ui/test_driver/license_check_test.dart:48:28 • undefined_function
  error • Undefined name 'Timeout' • flutter/dev/integration_tests/ui/test_driver/license_check_test.dart:49:17 • undefined_identifier
  error • Target of URI doesn't exist: 'package:flutter_driver/flutter_driver.dart' • flutter/dev/integration_tests/ui/test_driver/route_test.dart:5:8 • uri_does_not_exist
  error • Target of URI doesn't exist: 'package:test/test.dart' • flutter/dev/integration_tests/ui/test_driver/route_test.dart:7:8 • uri_does_not_exist
  error • The function 'group' isn't defined • flutter/dev/integration_tests/ui/test_driver/route_test.dart:10:3 • undefined_function
  error • Undefined class 'FlutterDriver' • flutter/dev/integration_tests/ui/test_driver/route_test.dart:11:10 • undefined_class
  error • The function 'setUpAll' isn't defined • flutter/dev/integration_tests/ui/test_driver/route_test.dart:13:5 • undefined_function
  error • Undefined name 'FlutterDriver' • flutter/dev/integration_tests/ui/test_driver/route_test.dart:14:22 • undefined_identifier
  error • The function 'tearDownAll' isn't defined • flutter/dev/integration_tests/ui/test_driver/route_test.dart:17:5 • undefined_function
  error • The function 'test' isn't defined • flutter/dev/integration_tests/ui/test_driver/route_test.dart:21:5 • undefined_function
  error • The function 'expect' isn't defined • flutter/dev/integration_tests/ui/test_driver/route_test.dart:24:7 • undefined_function
  error • Undefined name 'Timeout' • flutter/dev/integration_tests/ui/test_driver/route_test.dart:25:17 • undefined_identifier
  error • Target of URI doesn't exist: 'package:flutter_driver/flutter_driver.dart' • flutter/dev/integration_tests/ui/test_driver/solid_color_test.dart:7:8 • uri_does_not_exist
  error • Target of URI doesn't exist: 'package:test/test.dart' • flutter/dev/integration_tests/ui/test_driver/solid_color_test.dart:8:8 • uri_does_not_exist
  error • Undefined class 'FlutterDriver' • flutter/dev/integration_tests/ui/test_driver/solid_color_test.dart:11:8 • undefined_class
  error • The function 'setUpAll' isn't defined • flutter/dev/integration_tests/ui/test_driver/solid_color_test.dart:13:3 • undefined_function
  error • Undefined name 'FlutterDriver' • flutter/dev/integration_tests/ui/test_driver/solid_color_test.dart:14:20 • undefined_identifier
  error • The function 'test' isn't defined • flutter/dev/integration_tests/ui/test_driver/solid_color_test.dart:18:3 • undefined_function
  error • Undefined name 'ScreenshotFormat' • flutter/dev/integration_tests/ui/test_driver/solid_color_test.dart:21:42 • undefined_identifier
  error • The function 'expect' isn't defined • flutter/dev/integration_tests/ui/test_driver/solid_color_test.dart:23:5 • undefined_function
  error • Undefined name 'Timeout' • flutter/dev/integration_tests/ui/test_driver/solid_color_test.dart:24:15 • undefined_identifier
  error • The function 'tearDownAll' isn't defined • flutter/dev/integration_tests/ui/test_driver/solid_color_test.dart:26:3 • undefined_function
  error • Target of URI doesn't exist: 'package:web_integration/a.dart' • flutter/dev/integration_tests/web/test/test.dart:5:8 • uri_does_not_exist
   info • The target of the conditional URI 'package:web_integration/b.dart' doesn't exist • flutter/dev/integration_tests/web/test/test.dart:6:26 • conditional_uri_does_not_exist
  error • Target of URI doesn't exist: 'package:web_integration/c.dart' • flutter/dev/integration_tests/web/test/test.dart:8:8 • uri_does_not_exist
   info • The target of the conditional URI 'package:web_integration/d.dart' doesn't exist • flutter/dev/integration_tests/web/test/test.dart:9:34 • conditional_uri_does_not_exist
  error • Target of URI doesn't exist: 'package:flutter_driver/flutter_driver.dart' • flutter/dev/integration_tests/web_e2e_tests/lib/screenshot_support.dart:7:8 • uri_does_not_exist
  error • Target of URI doesn't exist: 'package:integration_test/integration_test_driver_extended.dart' • flutter/dev/integration_tests/web_e2e_tests/lib/screenshot_support.dart:8:8 • uri_does_not_exist
  error • Undefined class 'WebFlutterDriver' • flutter/dev/integration_tests/web_e2e_tests/lib/screenshot_support.dart:21:9 • undefined_class
  error • Undefined name 'FlutterDriver' • flutter/dev/integration_tests/web_e2e_tests/lib/screenshot_support.dart:21:41 • undefined_identifier
  error • The name 'WebFlutterDriver' isn't a type, so it can't be used in an 'as' expression • flutter/dev/integration_tests/web_e2e_tests/lib/screenshot_support.dart:21:68 • cast_to_non_type
  error • Target of URI doesn't exist: 'package:integration_test/integration_test.dart' • flutter/dev/integration_tests/web_e2e_tests/test_driver/cache_width_cache_height_integration.dart:10:8 • uri_does_not_exist
  error • Undefined name 'IntegrationTestWidgetsFlutterBinding' • flutter/dev/integration_tests/web_e2e_tests/test_driver/cache_width_cache_height_integration.dart:35:3 • undefined_identifier
  error • Target of URI doesn't exist: 'package:integration_test/integration_test_driver.dart' • flutter/dev/integration_tests/web_e2e_tests/test_driver/cache_width_cache_height_integration_test.dart:5:8 • uri_does_not_exist
  error • Target of URI doesn't exist: 'package:integration_test/integration_test.dart' • flutter/dev/integration_tests/web_e2e_tests/test_driver/capabilities_integration_canvaskit.dart:7:8 • uri_does_not_exist
  error • Undefined name 'IntegrationTestWidgetsFlutterBinding' • flutter/dev/integration_tests/web_e2e_tests/test_driver/capabilities_integration_canvaskit.dart:10:3 • undefined_identifier
  error • Target of URI doesn't exist: 'package:integration_test/integration_test_driver.dart' • flutter/dev/integration_tests/web_e2e_tests/test_driver/capabilities_integration_canvaskit_test.dart:5:8 • uri_does_not_exist
  error • Target of URI doesn't exist: 'package:integration_test/integration_test.dart' • flutter/dev/integration_tests/web_e2e_tests/test_driver/capabilities_integration_skwasm.dart:7:8 • uri_does_not_exist
  error • Undefined name 'IntegrationTestWidgetsFlutterBinding' • flutter/dev/integration_tests/web_e2e_tests/test_driver/capabilities_integration_skwasm.dart:10:3 • undefined_identifier
  error • Target of URI doesn't exist: 'package:integration_test/integration_test_driver.dart' • flutter/dev/integration_tests/web_e2e_tests/test_driver/capabilities_integration_skwasm_test.dart:5:8 • uri_does_not_exist
  error • Target of URI doesn't exist: 'package:integration_test/integration_test.dart' • flutter/dev/integration_tests/web_e2e_tests/test_driver/profile_diagnostics_integration.dart:6:8 • uri_does_not_exist
  error • Target of URI doesn't exist: 'package:web_e2e_tests/profile_diagnostics_main.dart' • flutter/dev/integration_tests/web_e2e_tests/test_driver/profile_diagnostics_integration.dart:7:8 • uri_does_not_exist
  error • Undefined name 'IntegrationTestWidgetsFlutterBinding' • flutter/dev/integration_tests/web_e2e_tests/test_driver/profile_diagnostics_integration.dart:10:3 • undefined_identifier
  error • Target of URI doesn't exist: 'package:integration_test/integration_test_driver.dart' • flutter/dev/integration_tests/web_e2e_tests/test_driver/profile_diagnostics_integration_test.dart:5:8 • uri_does_not_exist
  error • Target of URI doesn't exist: 'package:integration_test/integration_test.dart' • flutter/dev/integration_tests/web_e2e_tests/test_driver/scroll_wheel_integration.dart:7:8 • uri_does_not_exist
  error • Target of URI doesn't exist: 'package:web_e2e_tests/scroll_wheel_main.dart' • flutter/dev/integration_tests/web_e2e_tests/test_driver/scroll_wheel_integration.dart:8:8 • uri_does_not_exist
  error • Undefined name 'IntegrationTestWidgetsFlutterBinding' • flutter/dev/integration_tests/web_e2e_tests/test_driver/scroll_wheel_integration.dart:11:3 • undefined_identifier
  error • Target of URI doesn't exist: 'package:web_e2e_tests/screenshot_support.dart' • flutter/dev/integration_tests/web_e2e_tests/test_driver/scroll_wheel_integration_test.dart:5:8 • uri_does_not_exist
  error • Target of URI doesn't exist: 'package:integration_test/integration_test.dart' • flutter/dev/integration_tests/web_e2e_tests/test_driver/text_editing_integration.dart:8:8 • uri_does_not_exist
  error • Target of URI doesn't exist: 'package:web_e2e_tests/common.dart' • flutter/dev/integration_tests/web_e2e_tests/test_driver/text_editing_integration.dart:10:8 • uri_does_not_exist
  error • Target of URI doesn't exist: 'package:web_e2e_tests/text_editing_main.dart' • flutter/dev/integration_tests/web_e2e_tests/test_driver/text_editing_integration.dart:11:8 • uri_does_not_exist
  error • Undefined name 'IntegrationTestWidgetsFlutterBinding' • flutter/dev/integration_tests/web_e2e_tests/test_driver/text_editing_integration.dart:14:3 • undefined_identifier
  error • The function 'findElements' isn't defined • flutter/dev/integration_tests/web_e2e_tests/test_driver/text_editing_integration.dart:26:35 • undefined_function
  error • The function 'findElements' isn't defined • flutter/dev/integration_tests/web_e2e_tests/test_driver/text_editing_integration.dart:49:35 • undefined_function
  error • The function 'findElements' isn't defined • flutter/dev/integration_tests/web_e2e_tests/test_driver/text_editing_integration.dart:79:40 • undefined_function
  error • The function 'findElements' isn't defined • flutter/dev/integration_tests/web_e2e_tests/test_driver/text_editing_integration.dart:116:35 • undefined_function
  error • The function 'findElements' isn't defined • flutter/dev/integration_tests/web_e2e_tests/test_driver/text_editing_integration.dart:149:41 • undefined_function
  error • The function 'findElements' isn't defined • flutter/dev/integration_tests/web_e2e_tests/test_driver/text_editing_integration.dart:165:35 • undefined_function
  error • The function 'findElements' isn't defined • flutter/dev/integration_tests/web_e2e_tests/test_driver/text_editing_integration.dart:222:41 • undefined_function
  error • The function 'findElements' isn't defined • flutter/dev/integration_tests/web_e2e_tests/test_driver/text_editing_integration.dart:244:35 • undefined_function
  error • Target of URI doesn't exist: 'package:integration_test/integration_test_driver.dart' • flutter/dev/integration_tests/web_e2e_tests/test_driver/text_editing_integration_test.dart:5:8 • uri_does_not_exist
  error • Target of URI doesn't exist: 'package:integration_test/integration_test.dart' • flutter/dev/integration_tests/web_e2e_tests/test_driver/url_strategy_integration.dart:13:8 • uri_does_not_exist
  error • Target of URI doesn't exist: 'package:web_e2e_tests/url_strategy_main.dart' • flutter/dev/integration_tests/web_e2e_tests/test_driver/url_strategy_integration.dart:16:8 • uri_does_not_exist
  error • Undefined name 'IntegrationTestWidgetsFlutterBinding' • flutter/dev/integration_tests/web_e2e_tests/test_driver/url_strategy_integration.dart:19:3 • undefined_identifier
  error • Target of URI doesn't exist: 'package:web_e2e_tests/screenshot_support.dart' • flutter/dev/integration_tests/web_e2e_tests/test_driver/url_strategy_integration_test.dart:5:8 • uri_does_not_exist
  error • Target of URI doesn't exist: 'package:integration_test/integration_test.dart' • flutter/dev/integration_tests/wide_gamut_test/integration_test/app_test.dart:10:8 • uri_does_not_exist
  error • Target of URI doesn't exist: 'package:wide_gamut_test/main.dart' • flutter/dev/integration_tests/wide_gamut_test/integration_test/app_test.dart:12:8 • uri_does_not_exist
warning • The declaration '_findRGBAF16Color' isn't referenced • flutter/dev/integration_tests/wide_gamut_test/integration_test/app_test.dart:46:6 • unused_element
warning • The declaration '_findBGRA10Color' isn't referenced • flutter/dev/integration_tests/wide_gamut_test/integration_test/app_test.dart:71:6 • unused_element
warning • The declaration '_findBGR10Color' isn't referenced • flutter/dev/integration_tests/wide_gamut_test/integration_test/app_test.dart:96:6 • unused_element
warning • The value of the local variable '<unnamed>' isn't used • flutter/dev/integration_tests/wide_gamut_test/integration_test/app_test.dart:121:6 • unused_local_variable
   info • Missing type annotation • flutter/dev/integration_tests/wide_gamut_test/integration_test/app_test.dart:124:3 • always_specify_types
  error • Expected an identifier • flutter/dev/integration_tests/wide_gamut_test/integration_test/app_test.dart:124:9 • missing_identifier
  error • Expected to find ';' • flutter/dev/integration_tests/wide_gamut_test/integration_test/app_test.dart:124:9 • expected_token
   info • An uninitialized variable should have an explicit type annotation • flutter/dev/integration_tests/wide_gamut_test/integration_test/app_test.dart:124:10 • prefer_typing_uninitialized_variables
warning • The type of  can't be inferred without either a type or initializer • flutter/dev/integration_tests/wide_gamut_test/integration_test/app_test.dart:124:10 • inference_failure_on_uninitialized_variable
  error • Local variable 'int' can't be referenced before it is declared • flutter/dev/integration_tests/wide_gamut_test/integration_test/app_test.dart:124:10 • referenced_before_declaration
warning • The value of the local variable 'width' isn't used • flutter/dev/integration_tests/wide_gamut_test/integration_test/app_test.dart:124:14 • unused_local_variable
  error • Expected to find ';' • flutter/dev/integration_tests/wide_gamut_test/integration_test/app_test.dart:124:21 • expected_token
   info • Unnecessary statement • flutter/dev/integration_tests/wide_gamut_test/integration_test/app_test.dart:124:25 • unnecessary_statements
  error • Expected to find ';' • flutter/dev/integration_tests/wide_gamut_test/integration_test/app_test.dart:124:25 • expected_token
  error • Undefined name 'height' • flutter/dev/integration_tests/wide_gamut_test/integration_test/app_test.dart:124:25 • undefined_identifier
  error • Expected an identifier • flutter/dev/integration_tests/wide_gamut_test/integration_test/app_test.dart:124:31 • missing_identifier
  error • Unexpected text ';' • flutter/dev/integration_tests/wide_gamut_test/integration_test/app_test.dart:124:31 • unexpected_token
   info • The variable name 'Uint8List' isn't a lowerCamelCase identifier • flutter/dev/integration_tests/wide_gamut_test/integration_test/app_test.dart:124:48 • non_constant_identifier_names
warning • The value of the local variable 'Uint8List' isn't used • flutter/dev/integration_tests/wide_gamut_test/integration_test/app_test.dart:124:48 • unused_local_variable
  error • Expected to find ';' • flutter/dev/integration_tests/wide_gamut_test/integration_test/app_test.dart:124:48 • expected_token
   info • Unnecessary statement • flutter/dev/integration_tests/wide_gamut_test/integration_test/app_test.dart:124:58 • unnecessary_statements
  error • Expected to find ';' • flutter/dev/integration_tests/wide_gamut_test/integration_test/app_test.dart:124:58 • expected_token
  error • Undefined name 'bytes' • flutter/dev/integration_tests/wide_gamut_test/integration_test/app_test.dart:124:58 • undefined_identifier
  error • Expected an identifier • flutter/dev/integration_tests/wide_gamut_test/integration_test/app_test.dart:124:63 • missing_identifier
  error • Unexpected text ';' • flutter/dev/integration_tests/wide_gamut_test/integration_test/app_test.dart:124:63 • unexpected_token
  error • Expected an identifier • flutter/dev/integration_tests/wide_gamut_test/integration_test/app_test.dart:124:65 • missing_identifier
  error • Expected to find ';' • flutter/dev/integration_tests/wide_gamut_test/integration_test/app_test.dart:125:3 • expected_token
warning • Dead code • flutter/dev/integration_tests/wide_gamut_test/integration_test/app_test.dart:125:10 • dead_code
  error • Expected an identifier • flutter/dev/integration_tests/wide_gamut_test/integration_test/app_test.dart:125:10 • missing_identifier
  error • The non-nullable local variable 'format' must be assigned before it can be used • flutter/dev/integration_tests/wide_gamut_test/integration_test/app_test.dart:125:18 • not_assigned_potentially_non_nullable_local_variable
  error • Expected to find 'case' • flutter/dev/integration_tests/wide_gamut_test/integration_test/app_test.dart:126:5 • expected_token
   info • Unnecessary empty statement • flutter/dev/integration_tests/wide_gamut_test/integration_test/app_test.dart:130:4 • empty_statements
  error • Undefined name 'IntegrationTestWidgetsFlutterBinding' • flutter/dev/integration_tests/wide_gamut_test/integration_test/app_test.dart:134:3 • undefined_identifier
warning • Missing case clause for 'blur' • flutter/dev/integration_tests/wide_gamut_test/lib/main.dart:261:5 • missing_enum_constant_in_switch
warning • Missing case clause for 'conicalGradient' • flutter/dev/integration_tests/wide_gamut_test/lib/main.dart:261:5 • missing_enum_constant_in_switch
warning • Missing case clause for 'container' • flutter/dev/integration_tests/wide_gamut_test/lib/main.dart:261:5 • missing_enum_constant_in_switch
warning • Missing case clause for 'image' • flutter/dev/integration_tests/wide_gamut_test/lib/main.dart:261:5 • missing_enum_constant_in_switch
warning • Missing case clause for 'linearGradient' • flutter/dev/integration_tests/wide_gamut_test/lib/main.dart:261:5 • missing_enum_constant_in_switch
warning • Missing case clause for 'none' • flutter/dev/integration_tests/wide_gamut_test/lib/main.dart:261:5 • missing_enum_constant_in_switch
warning • Missing case clause for 'radialGradient' • flutter/dev/integration_tests/wide_gamut_test/lib/main.dart:261:5 • missing_enum_constant_in_switch
warning • Missing case clause for 'sweepGradient' • flutter/dev/integration_tests/wide_gamut_test/lib/main.dart:261:5 • missing_enum_constant_in_switch
  error • The 'case' shouldn't complete normally • flutter/dev/integration_tests/wide_gamut_test/lib/main.dart:262:7 • switch_case_completes_normally
  error • The 'case' shouldn't complete normally • flutter/dev/integration_tests/wide_gamut_test/lib/main.dart:268:7 • switch_case_completes_normally
   info • This expression is not valid in a 'case' clause in Dart 3.0 • flutter/dev/integration_tests/wide_gamut_test/lib/main.dart:274:12 • invalid_case_patterns
  error • In constant expressions, operands of this operator must be of type 'bool' • flutter/dev/integration_tests/wide_gamut_test/lib/main.dart:274:12 • const_eval_type_bool
  error • The operands of the operator '||' must be assignable to 'bool' • flutter/dev/integration_tests/wide_gamut_test/lib/main.dart:274:12 • non_bool_operand
  error • The switch case expression type 'bool' must be a subtype of the switch expression type 'Setup' • flutter/dev/integration_tests/wide_gamut_test/lib/main.dart:274:12 • case_expression_type_is_not_switch_expression_subtype
  error • The operands of the operator '||' must be assignable to 'bool' • flutter/dev/integration_tests/wide_gamut_test/lib/main.dart:275:11 • non_bool_operand
  error • The operands of the operator '||' must be assignable to 'bool' • flutter/dev/integration_tests/wide_gamut_test/lib/main.dart:276:11 • non_bool_operand
  error • The operands of the operator '||' must be assignable to 'bool' • flutter/dev/integration_tests/wide_gamut_test/lib/main.dart:277:11 • non_bool_operand
  error • The operands of the operator '||' must be assignable to 'bool' • flutter/dev/integration_tests/wide_gamut_test/lib/main.dart:278:11 • non_bool_operand
  error • The operands of the operator '||' must be assignable to 'bool' • flutter/dev/integration_tests/wide_gamut_test/lib/main.dart:279:11 • non_bool_operand
  error • The operands of the operator '||' must be assignable to 'bool' • flutter/dev/integration_tests/wide_gamut_test/lib/main.dart:280:11 • non_bool_operand
  error • The operands of the operator '||' must be assignable to 'bool' • flutter/dev/integration_tests/wide_gamut_test/lib/main.dart:281:11 • non_bool_operand
  error • The 'case' shouldn't complete normally • flutter/dev/integration_tests/wide_gamut_test/lib/main.dart:291:7 • switch_case_completes_normally
  error • The 'case' shouldn't complete normally • flutter/dev/integration_tests/wide_gamut_test/lib/main.dart:293:7 • switch_case_completes_normally
  error • The 'case' shouldn't complete normally • flutter/dev/integration_tests/wide_gamut_test/lib/main.dart:295:7 • switch_case_completes_normally
  error • The 'case' shouldn't complete normally • flutter/dev/integration_tests/wide_gamut_test/lib/main.dart:297:7 • switch_case_completes_normally
  error • The 'case' shouldn't complete normally • flutter/dev/integration_tests/wide_gamut_test/lib/main.dart:299:7 • switch_case_completes_normally
  error • The 'case' shouldn't complete normally • flutter/dev/integration_tests/wide_gamut_test/lib/main.dart:309:7 • switch_case_completes_normally
  error • The 'case' shouldn't complete normally • flutter/dev/integration_tests/wide_gamut_test/lib/main.dart:321:7 • switch_case_completes_normally
  error • The 'case' shouldn't complete normally • flutter/dev/integration_tests/wide_gamut_test/lib/main.dart:348:7 • switch_case_completes_normally
  error • The 'case' shouldn't complete normally • flutter/dev/integration_tests/wide_gamut_test/lib/main.dart:373:7 • switch_case_completes_normally
  error • Target of URI doesn't exist: 'package:flutter_driver/driver_extension.dart' • flutter/dev/integration_tests/windowing_test/lib/main.dart:13:8 • uri_does_not_exist
  error • The function 'enableFlutterDriverExtension' isn't defined • flutter/dev/integration_tests/windowing_test/lib/main.dart:29:3 • undefined_function
   info • Use 'const' with the constructor to improve performance • flutter/dev/integration_tests/windowing_test/lib/main.dart:135:20 • prefer_const_constructors
   info • Use 'const' with the constructor to improve performance • flutter/dev/integration_tests/windowing_test/lib/main.dart:141:58 • prefer_const_constructors
  error • Target of URI doesn't exist: 'package:flutter_driver/flutter_driver.dart' • flutter/dev/integration_tests/windowing_test/test_driver/main_test.dart:7:8 • uri_does_not_exist
  error • Target of URI doesn't exist: 'package:test/test.dart' • flutter/dev/integration_tests/windowing_test/test_driver/main_test.dart:8:8 • uri_does_not_exist
  error • The function 'group' isn't defined • flutter/dev/integration_tests/windowing_test/test_driver/main_test.dart:11:3 • undefined_function
  error • Undefined class 'FlutterDriver' • flutter/dev/integration_tests/windowing_test/test_driver/main_test.dart:12:16 • undefined_class
  error • The function 'setUpAll' isn't defined • flutter/dev/integration_tests/windowing_test/test_driver/main_test.dart:14:5 • undefined_function
  error • Undefined name 'FlutterDriver' • flutter/dev/integration_tests/windowing_test/test_driver/main_test.dart:15:22 • undefined_identifier
  error • The function 'tearDownAll' isn't defined • flutter/dev/integration_tests/windowing_test/test_driver/main_test.dart:18:5 • undefined_function
  error • The function 'test' isn't defined • flutter/dev/integration_tests/windowing_test/test_driver/main_test.dart:22:5 • undefined_function
  error • The function 'expect' isn't defined • flutter/dev/integration_tests/windowing_test/test_driver/main_test.dart:30:7 • undefined_function
  error • Undefined name 'Timeout' • flutter/dev/integration_tests/windowing_test/test_driver/main_test.dart:31:17 • undefined_identifier
  error • The function 'test' isn't defined • flutter/dev/integration_tests/windowing_test/test_driver/main_test.dart:33:5 • undefined_function
  error • The function 'expect' isn't defined • flutter/dev/integration_tests/windowing_test/test_driver/main_test.dart:38:7 • undefined_function
  error • The function 'expect' isn't defined • flutter/dev/integration_tests/windowing_test/test_driver/main_test.dart:39:7 • undefined_function
  error • Undefined name 'Timeout' • flutter/dev/integration_tests/windowing_test/test_driver/main_test.dart:40:17 • undefined_identifier
  error • The function 'test' isn't defined • flutter/dev/integration_tests/windowing_test/test_driver/main_test.dart:42:5 • undefined_function
  error • The function 'expect' isn't defined • flutter/dev/integration_tests/windowing_test/test_driver/main_test.dart:50:7 • undefined_function
  error • The function 'expect' isn't defined • flutter/dev/integration_tests/windowing_test/test_driver/main_test.dart:51:7 • undefined_function
  error • Undefined name 'Timeout' • flutter/dev/integration_tests/windowing_test/test_driver/main_test.dart:52:17 • undefined_identifier
  error • The function 'test' isn't defined • flutter/dev/integration_tests/windowing_test/test_driver/main_test.dart:54:5 • undefined_function
  error • The function 'expect' isn't defined • flutter/dev/integration_tests/windowing_test/test_driver/main_test.dart:68:7 • undefined_function
  error • The function 'expect' isn't defined • flutter/dev/integration_tests/windowing_test/test_driver/main_test.dart:69:7 • undefined_function
  error • Undefined name 'Timeout' • flutter/dev/integration_tests/windowing_test/test_driver/main_test.dart:70:17 • undefined_identifier
  error • The function 'test' isn't defined • flutter/dev/integration_tests/windowing_test/test_driver/main_test.dart:72:5 • undefined_function
  error • The function 'expect' isn't defined • flutter/dev/integration_tests/windowing_test/test_driver/main_test.dart:78:7 • undefined_function
  error • The function 'expect' isn't defined • flutter/dev/integration_tests/windowing_test/test_driver/main_test.dart:85:7 • undefined_function
  error • Undefined name 'Timeout' • flutter/dev/integration_tests/windowing_test/test_driver/main_test.dart:86:17 • undefined_identifier
  error • The function 'test' isn't defined • flutter/dev/integration_tests/windowing_test/test_driver/main_test.dart:88:5 • undefined_function
  error • The function 'expect' isn't defined • flutter/dev/integration_tests/windowing_test/test_driver/main_test.dart:94:7 • undefined_function
  error • The function 'expect' isn't defined • flutter/dev/integration_tests/windowing_test/test_driver/main_test.dart:101:7 • undefined_function
  error • Undefined name 'Timeout' • flutter/dev/integration_tests/windowing_test/test_driver/main_test.dart:102:17 • undefined_identifier
  error • The function 'test' isn't defined • flutter/dev/integration_tests/windowing_test/test_driver/main_test.dart:104:5 • undefined_function
  error • The function 'expect' isn't defined • flutter/dev/integration_tests/windowing_test/test_driver/main_test.dart:110:7 • undefined_function
  error • The function 'expect' isn't defined • flutter/dev/integration_tests/windowing_test/test_driver/main_test.dart:117:7 • undefined_function
  error • Undefined name 'Timeout' • flutter/dev/integration_tests/windowing_test/test_driver/main_test.dart:118:17 • undefined_identifier
  error • The function 'test' isn't defined • flutter/dev/integration_tests/windowing_test/test_driver/main_test.dart:120:5 • undefined_function
  error • The function 'expect' isn't defined • flutter/dev/integration_tests/windowing_test/test_driver/main_test.dart:129:7 • undefined_function
  error • Undefined name 'Timeout' • flutter/dev/integration_tests/windowing_test/test_driver/main_test.dart:130:17 • undefined_identifier
  error • Target of URI doesn't exist: 'package:flutter_driver/driver_extension.dart' • flutter/dev/integration_tests/windows_startup_test/lib/main.dart:9:8 • uri_does_not_exist
  error • The function 'enableFlutterDriverExtension' isn't defined • flutter/dev/integration_tests/windows_startup_test/lib/main.dart:60:3 • undefined_function
  error • The 'case' shouldn't complete normally • flutter/dev/integration_tests/windows_startup_test/lib/main.dart:105:9 • switch_case_completes_normally
  error • The 'case' shouldn't complete normally • flutter/dev/integration_tests/windows_startup_test/lib/main.dart:111:9 • switch_case_completes_normally
  error • Target of URI doesn't exist: 'package:flutter_driver/flutter_driver.dart' • flutter/dev/integration_tests/windows_startup_test/test_driver/main_test.dart:5:8 • uri_does_not_exist
  error • Target of URI doesn't exist: 'package:test/test.dart' • flutter/dev/integration_tests/windows_startup_test/test_driver/main_test.dart:6:8 • uri_does_not_exist
  error • The function 'test' isn't defined • flutter/dev/integration_tests/windows_startup_test/test_driver/main_test.dart:9:3 • undefined_function
  error • Undefined class 'FlutterDriver' • flutter/dev/integration_tests/windows_startup_test/test_driver/main_test.dart:10:11 • undefined_class
  error • Undefined name 'FlutterDriver' • flutter/dev/integration_tests/windows_startup_test/test_driver/main_test.dart:10:40 • undefined_identifier
  error • The function 'expect' isn't defined • flutter/dev/integration_tests/windows_startup_test/test_driver/main_test.dart:13:5 • undefined_function
  error • The function 'equals' isn't defined • flutter/dev/integration_tests/windows_startup_test/test_driver/main_test.dart:13:20 • undefined_function
  error • Undefined name 'Timeout' • flutter/dev/integration_tests/windows_startup_test/test_driver/main_test.dart:16:15 • undefined_identifier
  error • The function 'test' isn't defined • flutter/dev/integration_tests/windows_startup_test/test_driver/main_test.dart:18:3 • undefined_function
  error • Undefined class 'FlutterDriver' • flutter/dev/integration_tests/windows_startup_test/test_driver/main_test.dart:19:11 • undefined_class
  error • Undefined name 'FlutterDriver' • flutter/dev/integration_tests/windows_startup_test/test_driver/main_test.dart:19:40 • undefined_identifier
  error • The function 'expect' isn't defined • flutter/dev/integration_tests/windows_startup_test/test_driver/main_test.dart:22:5 • undefined_function
  error • The function 'equals' isn't defined • flutter/dev/integration_tests/windows_startup_test/test_driver/main_test.dart:22:20 • undefined_function
  error • Undefined name 'Timeout' • flutter/dev/integration_tests/windows_startup_test/test_driver/main_test.dart:25:15 • undefined_identifier
  error • The function 'test' isn't defined • flutter/dev/integration_tests/windows_startup_test/test_driver/main_test.dart:27:3 • undefined_function
  error • Undefined class 'FlutterDriver' • flutter/dev/integration_tests/windows_startup_test/test_driver/main_test.dart:28:11 • undefined_class
  error • Undefined name 'FlutterDriver' • flutter/dev/integration_tests/windows_startup_test/test_driver/main_test.dart:28:40 • undefined_identifier
  error • The function 'expect' isn't defined • flutter/dev/integration_tests/windows_startup_test/test_driver/main_test.dart:31:5 • undefined_function
  error • The function 'equals' isn't defined • flutter/dev/integration_tests/windows_startup_test/test_driver/main_test.dart:31:20 • undefined_function
  error • Undefined name 'Timeout' • flutter/dev/integration_tests/windows_startup_test/test_driver/main_test.dart:34:15 • undefined_identifier
  error • The 'case' shouldn't complete normally • flutter/dev/manual_tests/lib/card_collection.dart:400:7 • switch_case_completes_normally
  error • The 'case' shouldn't complete normally • flutter/dev/manual_tests/lib/card_collection.dart:402:7 • switch_case_completes_normally
  error • The 'case' shouldn't complete normally • flutter/dev/manual_tests/lib/card_collection.dart:404:7 • switch_case_completes_normally
  error • Expected to find ';' • flutter/dev/manual_tests/lib/density.dart:160:5 • expected_token
warning • Dead code • flutter/dev/manual_tests/lib/density.dart:160:12 • dead_code
  error • Expected an identifier • flutter/dev/manual_tests/lib/density.dart:160:12 • missing_identifier
  error • Expected to find 'case' • flutter/dev/manual_tests/lib/density.dart:161:7 • expected_token
   info • Unnecessary empty statement • flutter/dev/manual_tests/lib/density.dart:165:6 • empty_statements
  error • Expected to find ';' • flutter/dev/manual_tests/lib/density.dart:169:5 • expected_token
warning • Dead code • flutter/dev/manual_tests/lib/density.dart:169:12 • dead_code
  error • Expected an identifier • flutter/dev/manual_tests/lib/density.dart:169:12 • missing_identifier
  error • Expected to find 'case' • flutter/dev/manual_tests/lib/density.dart:170:7 • expected_token
   info • Unnecessary empty statement • flutter/dev/manual_tests/lib/density.dart:174:6 • empty_statements
  error • Expected to find ';' • flutter/dev/manual_tests/lib/focus.dart:113:43 • expected_token
  error • Expected an identifier • flutter/dev/manual_tests/lib/focus.dart:113:45 • missing_identifier
  error • Expected to find 'case' • flutter/dev/manual_tests/lib/focus.dart:114:9 • expected_token
   info • Unnecessary empty statement • flutter/dev/manual_tests/lib/focus.dart:119:8 • empty_statements
  error • The 'case' shouldn't complete normally • flutter/dev/manual_tests/lib/material_arc.dart:155:7 • switch_case_completes_normally
  error • The 'case' shouldn't complete normally • flutter/dev/manual_tests/lib/material_arc.dart:315:7 • switch_case_completes_normally
  error • Expected to find ';' • flutter/dev/manual_tests/lib/menu_anchor.dart:461:21 • expected_token
  error • Expected an identifier • flutter/dev/manual_tests/lib/menu_anchor.dart:461:23 • missing_identifier
  error • Expected to find 'case' • flutter/dev/manual_tests/lib/menu_anchor.dart:462:9 • expected_token
   info • Unnecessary empty statement • flutter/dev/manual_tests/lib/menu_anchor.dart:465:8 • empty_statements
  error • The 'case' shouldn't complete normally • flutter/dev/manual_tests/lib/menu_anchor.dart:479:9 • switch_case_completes_normally
  error • The 'case' shouldn't complete normally • flutter/dev/manual_tests/lib/menu_anchor.dart:480:9 • switch_case_completes_normally
  error • The 'case' shouldn't complete normally • flutter/dev/manual_tests/lib/overlay_geometry.dart:39:7 • switch_case_completes_normally
  error • The 'case' shouldn't complete normally • flutter/dev/manual_tests/lib/overlay_geometry.dart:42:7 • switch_case_completes_normally
   info • Unreachable member 'lerpToColor' in an executable library • flutter/dev/manual_tests/lib/star_border.dart:477:13 • unreachable_from_main
   info • Unreachable member 'lerpToBorder' in an executable library • flutter/dev/manual_tests/lib/star_border.dart:478:18 • unreachable_from_main
  error • Expected to find ';' • flutter/dev/manual_tests/lib/star_border.dart:481:37 • expected_token
warning • Missing case clause for 'circle' • flutter/dev/manual_tests/lib/star_border.dart:481:39 • missing_enum_constant_in_switch
warning • Missing case clause for 'polygon' • flutter/dev/manual_tests/lib/star_border.dart:481:39 • missing_enum_constant_in_switch
warning • Missing case clause for 'rect' • flutter/dev/manual_tests/lib/star_border.dart:481:39 • missing_enum_constant_in_switch
warning • Missing case clause for 'roundedRect' • flutter/dev/manual_tests/lib/star_border.dart:481:39 • missing_enum_constant_in_switch
warning • Missing case clause for 'stadium' • flutter/dev/manual_tests/lib/star_border.dart:481:39 • missing_enum_constant_in_switch
warning • Missing case clause for 'star' • flutter/dev/manual_tests/lib/star_border.dart:481:39 • missing_enum_constant_in_switch
  error • Expected an identifier • flutter/dev/manual_tests/lib/star_border.dart:481:39 • missing_identifier
  error • Expected to find 'case' • flutter/dev/manual_tests/lib/star_border.dart:482:5 • expected_token
   info • Unnecessary empty statement • flutter/dev/manual_tests/lib/star_border.dart:491:4 • empty_statements
  error • The 'case' shouldn't complete normally • flutter/dev/manual_tests/lib/text.dart:191:9 • switch_case_completes_normally
  error • The 'case' shouldn't complete normally • flutter/dev/manual_tests/lib/text.dart:218:7 • switch_case_completes_normally
  error • The 'case' shouldn't complete normally • flutter/dev/manual_tests/lib/text.dart:350:7 • switch_case_completes_normally
  error • The 'case' shouldn't complete normally • flutter/dev/manual_tests/lib/text.dart:351:7 • switch_case_completes_normally
  error • Target of URI doesn't exist: 'package:manual_tests/card_collection.dart' • flutter/dev/manual_tests/test/card_collection_test.dart:9:8 • uri_does_not_exist
  error • Target of URI doesn't exist: 'package:manual_tests/color_testing_demo.dart' • flutter/dev/manual_tests/test/color_testing_demo_test.dart:8:8 • uri_does_not_exist
  error • Target of URI doesn't exist: 'package:manual_tests/overlay_geometry.dart' • flutter/dev/manual_tests/test/overlay_geometry_test.dart:7:8 • uri_does_not_exist
  error • Invalid constant value • flutter/dev/manual_tests/test/overlay_geometry_test.dart:11:53 • invalid_constant
  error • Target of URI doesn't exist: 'package:packages_autoroller/packages_autoroller.dart' • flutter/dev/packages_autoroller/bin/packages_autoroller.dart:11:8 • uri_does_not_exist
  error • Target of URI doesn't exist: 'package:packages_autoroller/src/repository.dart' • flutter/dev/packages_autoroller/bin/packages_autoroller.dart:12:8 • uri_does_not_exist
  error • Target of URI doesn't exist: 'package:packages_autoroller/src/stdio.dart' • flutter/dev/packages_autoroller/bin/packages_autoroller.dart:13:8 • uri_does_not_exist
  error • Target of URI doesn't exist: 'package:process/process.dart' • flutter/dev/packages_autoroller/bin/packages_autoroller.dart:15:8 • uri_does_not_exist
  error • Undefined class 'ProcessManager' • flutter/dev/packages_autoroller/bin/packages_autoroller.dart:30:3 • undefined_class
  error • The name 'LocalProcessManager' isn't a class • flutter/dev/packages_autoroller/bin/packages_autoroller.dart:30:41 • creation_with_non_type
  error • Undefined class 'FrameworkRepository' • flutter/dev/packages_autoroller/bin/packages_autoroller.dart:75:9 • undefined_class
  error • The function 'FrameworkRepository' isn't defined • flutter/dev/packages_autoroller/bin/packages_autoroller.dart:75:41 • undefined_function
  error • Undefined name 'Remote' • flutter/dev/packages_autoroller/bin/packages_autoroller.dart:77:25 • undefined_identifier
  error • Undefined name 'Remote' • flutter/dev/packages_autoroller/bin/packages_autoroller.dart:78:21 • undefined_identifier
  error • The function 'PackageAutoroller' isn't defined • flutter/dev/packages_autoroller/bin/packages_autoroller.dart:81:9 • undefined_function
  error • Undefined class 'Checkouts' • flutter/dev/packages_autoroller/bin/packages_autoroller.dart:102:1 • undefined_class
  error • Undefined class 'ProcessManager' • flutter/dev/packages_autoroller/bin/packages_autoroller.dart:103:9 • undefined_class
  error • Const variables must be initialized with a constant value • flutter/dev/packages_autoroller/bin/packages_autoroller.dart:103:41 • const_initialized_with_non_constant_value
  error • The function 'LocalProcessManager' isn't defined • flutter/dev/packages_autoroller/bin/packages_autoroller.dart:103:41 • undefined_function
  error • Undefined class 'Stdio' • flutter/dev/packages_autoroller/bin/packages_autoroller.dart:105:9 • undefined_class
  error • The function 'VerboseStdio' isn't defined • flutter/dev/packages_autoroller/bin/packages_autoroller.dart:105:23 • undefined_function
  error • The function 'Checkouts' isn't defined • flutter/dev/packages_autoroller/bin/packages_autoroller.dart:111:10 • undefined_function
  error • Target of URI doesn't exist: 'package:process/process.dart' • flutter/dev/packages_autoroller/lib/src/git.dart:7:8 • uri_does_not_exist
  error • This requires the 'class-modifiers' language feature to be enabled • flutter/dev/packages_autoroller/lib/src/git.dart:16:1 • experiment_not_enabled
  error • Undefined class 'ProcessManager' • flutter/dev/packages_autoroller/lib/src/git.dart:19:9 • undefined_class
  error • This requires the 'class-modifiers' language feature to be enabled • flutter/dev/packages_autoroller/lib/src/git.dart:111:1 • experiment_not_enabled
  error • Target of URI doesn't exist: 'package:process/process.dart' • flutter/dev/packages_autoroller/lib/src/packages_autoroller.dart:9:8 • uri_does_not_exist
  error • Undefined class 'ProcessManager' • flutter/dev/packages_autoroller/lib/src/packages_autoroller.dart:42:9 • undefined_class
   info • This expression is not valid in a 'case' clause in Dart 3.0 • flutter/dev/packages_autoroller/lib/src/packages_autoroller.dart:193:12 • invalid_case_patterns
  error • The 'case' shouldn't complete normally • flutter/dev/packages_autoroller/lib/src/packages_autoroller.dart:196:7 • switch_case_completes_normally
   info • This expression is not valid in a 'case' clause in Dart 3.0 • flutter/dev/packages_autoroller/lib/src/packages_autoroller.dart:196:12 • invalid_case_patterns
   info • This expression is not valid in a 'case' clause in Dart 3.0 • flutter/dev/packages_autoroller/lib/src/packages_autoroller.dart:199:12 • invalid_case_patterns
  error • 1 positional argument expected by 'NonLockfileChanges.new', but 0 found • flutter/dev/packages_autoroller/lib/src/packages_autoroller.dart:199:31 • not_enough_positional_arguments
  error • The named parameter 'changes' isn't defined • flutter/dev/packages_autoroller/lib/src/packages_autoroller.dart:199:31 • undefined_named_parameter
  error • Expected an identifier • flutter/dev/packages_autoroller/lib/src/packages_autoroller.dart:199:40 • missing_identifier
  error • Expected to find ')' • flutter/dev/packages_autoroller/lib/src/packages_autoroller.dart:199:40 • expected_token
  error • Invalid constant value • flutter/dev/packages_autoroller/lib/src/packages_autoroller.dart:199:40 • invalid_constant
  error • Undefined name 'changes' • flutter/dev/packages_autoroller/lib/src/packages_autoroller.dart:202:43 • undefined_identifier
   info • This expression is not valid in a 'case' clause in Dart 3.0 • flutter/dev/packages_autoroller/lib/src/packages_autoroller.dart:204:12 • invalid_case_patterns
  error • 1 positional argument expected by 'MalformedLine.new', but 0 found • flutter/dev/packages_autoroller/lib/src/packages_autoroller.dart:204:26 • not_enough_positional_arguments
  error • The named parameter 'line' isn't defined • flutter/dev/packages_autoroller/lib/src/packages_autoroller.dart:204:26 • undefined_named_parameter
  error • Expected an identifier • flutter/dev/packages_autoroller/lib/src/packages_autoroller.dart:204:32 • missing_identifier
  error • Expected to find ')' • flutter/dev/packages_autoroller/lib/src/packages_autoroller.dart:204:32 • expected_token
  error • Invalid constant value • flutter/dev/packages_autoroller/lib/src/packages_autoroller.dart:204:32 • invalid_constant
  error • Undefined name 'line' • flutter/dev/packages_autoroller/lib/src/packages_autoroller.dart:205:72 • undefined_identifier
  error • Target of URI doesn't exist: 'package:process/process.dart' • flutter/dev/packages_autoroller/lib/src/repository.dart:12:8 • uri_does_not_exist
  error • This requires the 'class-modifiers' language feature to be enabled • flutter/dev/packages_autoroller/lib/src/repository.dart:21:1 • experiment_not_enabled
warning • The declaration '<unnamed>' isn't referenced • flutter/dev/packages_autoroller/lib/src/repository.dart:21:13 • unused_element
warning • The value of the field '_name' isn't used • flutter/dev/packages_autoroller/lib/src/repository.dart:27:20 • unused_field
  error • Expected to find ';' • flutter/dev/packages_autoroller/lib/src/repository.dart:30:19 • expected_token
  error • Expected a class member • flutter/dev/packages_autoroller/lib/src/repository.dart:30:22 • expected_class_member
  error • Expected an identifier • flutter/dev/packages_autoroller/lib/src/repository.dart:30:22 • missing_identifier
  error • Expected an identifier • flutter/dev/packages_autoroller/lib/src/repository.dart:30:29 • missing_identifier
   info • Missing type annotation • flutter/dev/packages_autoroller/lib/src/repository.dart:30:30 • always_specify_types
   info • Missing type annotation • flutter/dev/packages_autoroller/lib/src/repository.dart:30:30 • strict_top_level_inference
   info • The local variable '_name' starts with an underscore • flutter/dev/packages_autoroller/lib/src/repository.dart:30:30 • no_leading_underscores_for_local_identifiers
   info • Unnecessary statement • flutter/dev/packages_autoroller/lib/src/repository.dart:31:5 • unnecessary_statements
  error • Expected to find ';' • flutter/dev/packages_autoroller/lib/src/repository.dart:31:16 • expected_token
  error • Expected an identifier • flutter/dev/packages_autoroller/lib/src/repository.dart:31:25 • missing_identifier
  error • Expected to find ';' • flutter/dev/packages_autoroller/lib/src/repository.dart:31:25 • expected_token
   info • Unnecessary statement • flutter/dev/packages_autoroller/lib/src/repository.dart:31:28 • unnecessary_statements
  error • Expected to find ';' • flutter/dev/packages_autoroller/lib/src/repository.dart:31:28 • expected_token
  error • Expected an identifier • flutter/dev/packages_autoroller/lib/src/repository.dart:31:38 • missing_identifier
  error • Unexpected text ';' • flutter/dev/packages_autoroller/lib/src/repository.dart:31:38 • unexpected_token
   info • Unnecessary statement • flutter/dev/packages_autoroller/lib/src/repository.dart:32:5 • unnecessary_statements
  error • Expected to find ';' • flutter/dev/packages_autoroller/lib/src/repository.dart:32:16 • expected_token
  error • Expected an identifier • flutter/dev/packages_autoroller/lib/src/repository.dart:32:23 • missing_identifier
  error • Expected to find ';' • flutter/dev/packages_autoroller/lib/src/repository.dart:32:23 • expected_token
   info • Unnecessary statement • flutter/dev/packages_autoroller/lib/src/repository.dart:32:26 • unnecessary_statements
  error • Expected to find ';' • flutter/dev/packages_autoroller/lib/src/repository.dart:32:26 • expected_token
  error • Expected an identifier • flutter/dev/packages_autoroller/lib/src/repository.dart:32:34 • missing_identifier
  error • Unexpected text ';' • flutter/dev/packages_autoroller/lib/src/repository.dart:32:34 • unexpected_token
  error • Expected a class member • flutter/dev/packages_autoroller/lib/src/repository.dart:33:4 • expected_class_member
  error • Undefined class 'ProcessManager' • flutter/dev/packages_autoroller/lib/src/repository.dart:98:9 • undefined_class
  error • Conditions must have a static type of 'bool' • flutter/dev/packages_autoroller/lib/src/repository.dart:168:13 • non_bool_condition
  error • Expected to find ')' • flutter/dev/packages_autoroller/lib/src/repository.dart:168:47 • expected_token
  error • Undefined name 'match' • flutter/dev/packages_autoroller/lib/src/repository.dart:168:77 • undefined_identifier
  error • This requires the 'null-aware-elements' language feature to be enabled • flutter/dev/packages_autoroller/lib/src/repository.dart:302:77 • experiment_not_enabled
  error • The element type 'String?' can't be assigned to the list type 'String' • flutter/dev/packages_autoroller/lib/src/repository.dart:302:78 • list_element_type_not_assignable
  error • This requires the 'class-modifiers' language feature to be enabled • flutter/dev/packages_autoroller/lib/src/repository.dart:322:1 • experiment_not_enabled
  error • This requires the 'class-modifiers' language feature to be enabled • flutter/dev/packages_autoroller/lib/src/repository.dart:395:1 • experiment_not_enabled
  error • Undefined class 'ProcessManager' • flutter/dev/packages_autoroller/lib/src/repository.dart:418:9 • undefined_class
  error • This requires the 'sealed-class' language feature to be enabled • flutter/dev/packages_autoroller/lib/src/validate_checkout_post_gradle_regeneration.dart:9:1 • experiment_not_enabled
  error • This requires the 'class-modifiers' language feature to be enabled • flutter/dev/packages_autoroller/lib/src/validate_checkout_post_gradle_regeneration.dart:48:1 • experiment_not_enabled
  error • This requires the 'class-modifiers' language feature to be enabled • flutter/dev/packages_autoroller/lib/src/validate_checkout_post_gradle_regeneration.dart:53:1 • experiment_not_enabled
  error • This requires the 'class-modifiers' language feature to be enabled • flutter/dev/packages_autoroller/lib/src/validate_checkout_post_gradle_regeneration.dart:62:1 • experiment_not_enabled
  error • This requires the 'class-modifiers' language feature to be enabled • flutter/dev/packages_autoroller/lib/src/validate_checkout_post_gradle_regeneration.dart:73:1 • experiment_not_enabled
  error • Target of URI doesn't exist: 'package:packages_autoroller/src/stdio.dart' • flutter/dev/packages_autoroller/test/common.dart:6:8 • uri_does_not_exist
  error • Target of URI doesn't exist: 'package:test/fake.dart' • flutter/dev/packages_autoroller/test/common.dart:7:8 • uri_does_not_exist
  error • Target of URI doesn't exist: 'package:test/test.dart' • flutter/dev/packages_autoroller/test/common.dart:8:8 • uri_does_not_exist
  error • Target of URI doesn't exist: 'package:test/fake.dart' • flutter/dev/packages_autoroller/test/common.dart:10:8 • uri_does_not_exist
  error • Target of URI doesn't exist: 'package:test/test.dart' • flutter/dev/packages_autoroller/test/common.dart:11:8 • uri_does_not_exist
  error • Undefined class 'Matcher' • flutter/dev/packages_autoroller/test/common.dart:14:1 • undefined_class
  error • The function 'throwsA' isn't defined • flutter/dev/packages_autoroller/test/common.dart:15:10 • undefined_function
  error • The function 'isA' isn't defined • flutter/dev/packages_autoroller/test/common.dart:16:5 • undefined_function
  error • The function 'contains' isn't defined • flutter/dev/packages_autoroller/test/common.dart:19:7 • undefined_function
  error • Undefined class 'Matcher' • flutter/dev/packages_autoroller/test/common.dart:24:1 • undefined_class
  error • The function 'throwsA' isn't defined • flutter/dev/packages_autoroller/test/common.dart:25:10 • undefined_function
  error • The function 'isA' isn't defined • flutter/dev/packages_autoroller/test/common.dart:26:5 • undefined_function
  error • The function 'contains' isn't defined • flutter/dev/packages_autoroller/test/common.dart:29:7 • undefined_function
  error • Classes can only extend other classes • flutter/dev/packages_autoroller/test/common.dart:34:25 • extends_non_class
  error • Undefined name 'logs' • flutter/dev/packages_autoroller/test/common.dart:37:23 • undefined_identifier
  error • Undefined name 'logs' • flutter/dev/packages_autoroller/test/common.dart:39:24 • undefined_identifier
warning • The method doesn't override an inherited method • flutter/dev/packages_autoroller/test/common.dart:51:10 • override_on_non_overriding_member
  error • Undefined name 'logs' • flutter/dev/packages_autoroller/test/common.dart:53:75 • undefined_identifier
  error • Missing concrete implementations of 'class ArgResults.flag', 'class ArgResults.multiOption', 'class ArgResults.option', 'class ArgResults.wasParsed', and 2 more • flutter/dev/packages_autoroller/test/common.dart:59:7 • non_abstract_class_inherits_abstract_member
  error • Classes can only extend other classes • flutter/dev/packages_autoroller/test/common.dart:59:30 • extends_non_class
  error • Target of URI doesn't exist: 'package:packages_autoroller/packages_autoroller.dart' • flutter/dev/packages_autoroller/test/packages_autoroller_test.dart:10:8 • uri_does_not_exist
  error • Target of URI doesn't exist: 'package:packages_autoroller/src/repository.dart' • flutter/dev/packages_autoroller/test/packages_autoroller_test.dart:11:8 • uri_does_not_exist
  error • Target of URI doesn't exist: 'package:packages_autoroller/src/stdio.dart' • flutter/dev/packages_autoroller/test/packages_autoroller_test.dart:12:8 • uri_does_not_exist
  error • Target of URI doesn't exist: 'package:packages_autoroller/src/validate_checkout_post_gradle_regeneration.dart' • flutter/dev/packages_autoroller/test/packages_autoroller_test.dart:13:8 • uri_does_not_exist
  error • Undefined class 'FrameworkRepository' • flutter/dev/packages_autoroller/test/packages_autoroller_test.dart:31:8 • undefined_class
  error • Undefined class 'PackageAutoroller' • flutter/dev/packages_autoroller/test/packages_autoroller_test.dart:32:8 • undefined_class
  error • The function 'setUp' isn't defined • flutter/dev/packages_autoroller/test/packages_autoroller_test.dart:35:3 • undefined_function
  error • Undefined class 'Checkouts' • flutter/dev/packages_autoroller/test/packages_autoroller_test.dart:46:11 • undefined_class
  error • The function 'Checkouts' isn't defined • flutter/dev/packages_autoroller/test/packages_autoroller_test.dart:46:33 • undefined_function
  error • The function 'FrameworkRepository' isn't defined • flutter/dev/packages_autoroller/test/packages_autoroller_test.dart:52:17 • undefined_function
  error • Undefined name 'Remote' • flutter/dev/packages_autoroller/test/packages_autoroller_test.dart:52:68 • undefined_identifier
  error • The function 'PackageAutoroller' isn't defined • flutter/dev/packages_autoroller/test/packages_autoroller_test.dart:54:18 • undefined_function
  error • The function 'test' isn't defined • flutter/dev/packages_autoroller/test/packages_autoroller_test.dart:65:3 • undefined_function
  error • Invalid constant value • flutter/dev/packages_autoroller/test/packages_autoroller_test.dart:88:11 • invalid_constant
  error • The values in a const list literal must be constants • flutter/dev/packages_autoroller/test/packages_autoroller_test.dart:88:11 • non_constant_list_element
  error • Undefined name 'FrameworkRepository' • flutter/dev/packages_autoroller/test/packages_autoroller_test.dart:88:11 • undefined_identifier
  error • Invalid constant value • flutter/dev/packages_autoroller/test/packages_autoroller_test.dart:94:62 • invalid_constant
  error • The values in a const list literal must be constants • flutter/dev/packages_autoroller/test/packages_autoroller_test.dart:94:62 • non_constant_list_element
  error • Undefined name 'FrameworkRepository' • flutter/dev/packages_autoroller/test/packages_autoroller_test.dart:94:62 • undefined_identifier
  error • The function 'expectLater' isn't defined • flutter/dev/packages_autoroller/test/packages_autoroller_test.dart:142:11 • undefined_function
  error • The function 'throwsA' isn't defined • flutter/dev/packages_autoroller/test/packages_autoroller_test.dart:148:7 • undefined_function
  error • The function 'isA' isn't defined • flutter/dev/packages_autoroller/test/packages_autoroller_test.dart:149:9 • undefined_function
  error • The function 'isNot' isn't defined • flutter/dev/packages_autoroller/test/packages_autoroller_test.dart:152:11 • undefined_function
  error • The function 'contains' isn't defined • flutter/dev/packages_autoroller/test/packages_autoroller_test.dart:152:17 • undefined_function
  error • The function 'test' isn't defined • flutter/dev/packages_autoroller/test/packages_autoroller_test.dart:158:3 • undefined_function
  error • The function 'expect' isn't defined • flutter/dev/packages_autoroller/test/packages_autoroller_test.dart:198:5 • undefined_function
  error • The function 'expect' isn't defined • flutter/dev/packages_autoroller/test/packages_autoroller_test.dart:199:5 • undefined_function
  error • The function 'contains' isn't defined • flutter/dev/packages_autoroller/test/packages_autoroller_test.dart:199:26 • undefined_function
  error • The function 'expect' isn't defined • flutter/dev/packages_autoroller/test/packages_autoroller_test.dart:200:5 • undefined_function
  error • The function 'contains' isn't defined • flutter/dev/packages_autoroller/test/packages_autoroller_test.dart:200:26 • undefined_function
  error • The function 'test' isn't defined • flutter/dev/packages_autoroller/test/packages_autoroller_test.dart:203:3 • undefined_function
  error • Invalid constant value • flutter/dev/packages_autoroller/test/packages_autoroller_test.dart:245:11 • invalid_constant
  error • The values in a const list literal must be constants • flutter/dev/packages_autoroller/test/packages_autoroller_test.dart:245:11 • non_constant_list_element
  error • Undefined name 'FrameworkRepository' • flutter/dev/packages_autoroller/test/packages_autoroller_test.dart:245:11 • undefined_identifier
  error • Invalid constant value • flutter/dev/packages_autoroller/test/packages_autoroller_test.dart:251:62 • invalid_constant
  error • The values in a const list literal must be constants • flutter/dev/packages_autoroller/test/packages_autoroller_test.dart:251:62 • non_constant_list_element
  error • Undefined name 'FrameworkRepository' • flutter/dev/packages_autoroller/test/packages_autoroller_test.dart:251:62 • undefined_identifier
  error • The function 'expect' isn't defined • flutter/dev/packages_autoroller/test/packages_autoroller_test.dart:292:5 • undefined_function
  error • The function 'test' isn't defined • flutter/dev/packages_autoroller/test/packages_autoroller_test.dart:295:3 • undefined_function
  error • Invalid constant value • flutter/dev/packages_autoroller/test/packages_autoroller_test.dart:337:11 • invalid_constant
  error • The values in a const list literal must be constants • flutter/dev/packages_autoroller/test/packages_autoroller_test.dart:337:11 • non_constant_list_element
  error • Undefined name 'FrameworkRepository' • flutter/dev/packages_autoroller/test/packages_autoroller_test.dart:337:11 • undefined_identifier
  error • Invalid constant value • flutter/dev/packages_autoroller/test/packages_autoroller_test.dart:343:62 • invalid_constant
  error • The values in a const list literal must be constants • flutter/dev/packages_autoroller/test/packages_autoroller_test.dart:343:62 • non_constant_list_element
  error • Undefined name 'FrameworkRepository' • flutter/dev/packages_autoroller/test/packages_autoroller_test.dart:343:62 • undefined_identifier
  error • Invalid constant value • flutter/dev/packages_autoroller/test/packages_autoroller_test.dart:457:11 • invalid_constant
  error • The values in a const list literal must be constants • flutter/dev/packages_autoroller/test/packages_autoroller_test.dart:457:11 • non_constant_list_element
  error • Undefined name 'FrameworkRepository' • flutter/dev/packages_autoroller/test/packages_autoroller_test.dart:457:11 • undefined_identifier
  error • The function 'expect' isn't defined • flutter/dev/packages_autoroller/test/packages_autoroller_test.dart:468:5 • undefined_function
  error • The function 'expect' isn't defined • flutter/dev/packages_autoroller/test/packages_autoroller_test.dart:470:5 • undefined_function
  error • The function 'group' isn't defined • flutter/dev/packages_autoroller/test/packages_autoroller_test.dart:473:3 • undefined_function
  error • The function 'test' isn't defined • flutter/dev/packages_autoroller/test/packages_autoroller_test.dart:476:5 • undefined_function
  error • The function 'expectLater' isn't defined • flutter/dev/packages_autoroller/test/packages_autoroller_test.dart:477:13 • undefined_function
  error • The function 'throwsA' isn't defined • flutter/dev/packages_autoroller/test/packages_autoroller_test.dart:479:9 • undefined_function
  error • The function 'isA' isn't defined • flutter/dev/packages_autoroller/test/packages_autoroller_test.dart:480:11 • undefined_function
  error • The function 'contains' isn't defined • flutter/dev/packages_autoroller/test/packages_autoroller_test.dart:483:13 • undefined_function
  error • The function 'expect' isn't defined • flutter/dev/packages_autoroller/test/packages_autoroller_test.dart:487:7 • undefined_function
  error • The function 'test' isn't defined • flutter/dev/packages_autoroller/test/packages_autoroller_test.dart:490:5 • undefined_function
  error • The function 'expectLater' isn't defined • flutter/dev/packages_autoroller/test/packages_autoroller_test.dart:494:13 • undefined_function
  error • The function 'throwsA' isn't defined • flutter/dev/packages_autoroller/test/packages_autoroller_test.dart:496:9 • undefined_function
  error • The function 'isA' isn't defined • flutter/dev/packages_autoroller/test/packages_autoroller_test.dart:497:11 • undefined_function
  error • The function 'contains' isn't defined • flutter/dev/packages_autoroller/test/packages_autoroller_test.dart:500:13 • undefined_function
  error • The function 'expect' isn't defined • flutter/dev/packages_autoroller/test/packages_autoroller_test.dart:504:7 • undefined_function
  error • The function 'test' isn't defined • flutter/dev/packages_autoroller/test/packages_autoroller_test.dart:508:3 • undefined_function
  error • Undefined class 'VerboseStdio' • flutter/dev/packages_autoroller/test/packages_autoroller_test.dart:511:11 • undefined_class
  error • The function 'VerboseStdio' isn't defined • flutter/dev/packages_autoroller/test/packages_autoroller_test.dart:511:32 • undefined_function
  error • The function 'expect' isn't defined • flutter/dev/packages_autoroller/test/packages_autoroller_test.dart:518:5 • undefined_function
  error • The function 'expect' isn't defined • flutter/dev/packages_autoroller/test/packages_autoroller_test.dart:521:5 • undefined_function
  error • The function 'expect' isn't defined • flutter/dev/packages_autoroller/test/packages_autoroller_test.dart:524:5 • undefined_function
  error • The function 'expect' isn't defined • flutter/dev/packages_autoroller/test/packages_autoroller_test.dart:527:5 • undefined_function
  error • The function 'expect' isn't defined • flutter/dev/packages_autoroller/test/packages_autoroller_test.dart:530:5 • undefined_function
  error • The function 'group' isn't defined • flutter/dev/packages_autoroller/test/packages_autoroller_test.dart:533:3 • undefined_function
  error • The function 'test' isn't defined • flutter/dev/packages_autoroller/test/packages_autoroller_test.dart:536:5 • undefined_function
  error • The function 'expect' isn't defined • flutter/dev/packages_autoroller/test/packages_autoroller_test.dart:537:7 • undefined_function
  error • The function 'CheckoutStatePostGradleRegeneration' isn't defined • flutter/dev/packages_autoroller/test/packages_autoroller_test.dart:537:14 • undefined_function
  error • The name 'NoDiff' isn't a class • flutter/dev/packages_autoroller/test/packages_autoroller_test.dart:537:66 • creation_with_non_type
  error • The function 'test' isn't defined • flutter/dev/packages_autoroller/test/packages_autoroller_test.dart:540:5 • undefined_function
  error • The function 'expect' isn't defined • flutter/dev/packages_autoroller/test/packages_autoroller_test.dart:541:7 • undefined_function
  error • The function 'CheckoutStatePostGradleRegeneration' isn't defined • flutter/dev/packages_autoroller/test/packages_autoroller_test.dart:542:9 • undefined_function
  error • The name 'OnlyLockfileChanges' isn't a class • flutter/dev/packages_autoroller/test/packages_autoroller_test.dart:547:15 • creation_with_non_type
  error • The function 'test' isn't defined • flutter/dev/packages_autoroller/test/packages_autoroller_test.dart:551:5 • undefined_function
  error • Undefined class 'CheckoutStatePostGradleRegeneration' • flutter/dev/packages_autoroller/test/packages_autoroller_test.dart:553:7 • undefined_class
  error • The function 'CheckoutStatePostGradleRegeneration' isn't defined • flutter/dev/packages_autoroller/test/packages_autoroller_test.dart:553:52 • undefined_function
  error • The function 'expect' isn't defined • flutter/dev/packages_autoroller/test/packages_autoroller_test.dart:559:7 • undefined_function
  error • The function 'isA' isn't defined • flutter/dev/packages_autoroller/test/packages_autoroller_test.dart:559:22 • undefined_function
  error • The name 'NonLockfileChanges' isn't a type, so it can't be used as a type argument • flutter/dev/packages_autoroller/test/packages_autoroller_test.dart:559:26 • non_type_as_type_argument
  error • The name 'NonLockfileChanges' isn't a type, so it can't be used in an 'as' expression • flutter/dev/packages_autoroller/test/packages_autoroller_test.dart:560:26 • cast_to_non_type
  error • The function 'expect' isn't defined • flutter/dev/packages_autoroller/test/packages_autoroller_test.dart:561:7 • undefined_function
  error • The function 'hasLength' isn't defined • flutter/dev/packages_autoroller/test/packages_autoroller_test.dart:561:30 • undefined_function
  error • The function 'expect' isn't defined • flutter/dev/packages_autoroller/test/packages_autoroller_test.dart:562:7 • undefined_function
  error • The function 'test' isn't defined • flutter/dev/packages_autoroller/test/packages_autoroller_test.dart:565:5 • undefined_function
  error • Undefined class 'CheckoutStatePostGradleRegeneration' • flutter/dev/packages_autoroller/test/packages_autoroller_test.dart:567:7 • undefined_class
  error • The function 'CheckoutStatePostGradleRegeneration' isn't defined • flutter/dev/packages_autoroller/test/packages_autoroller_test.dart:567:52 • undefined_function
  error • The function 'expect' isn't defined • flutter/dev/packages_autoroller/test/packages_autoroller_test.dart:573:7 • undefined_function
  error • The function 'isA' isn't defined • flutter/dev/packages_autoroller/test/packages_autoroller_test.dart:573:22 • undefined_function
  error • The name 'MalformedLine' isn't a type, so it can't be used as a type argument • flutter/dev/packages_autoroller/test/packages_autoroller_test.dart:573:26 • non_type_as_type_argument
  error • The name 'MalformedLine' isn't a type, so it can't be used in an 'as' expression • flutter/dev/packages_autoroller/test/packages_autoroller_test.dart:574:26 • cast_to_non_type
  error • The function 'expect' isn't defined • flutter/dev/packages_autoroller/test/packages_autoroller_test.dart:575:7 • undefined_function
  error • Missing concrete implementations of 'abstract mixin class Stream<T>.any', 'abstract mixin class Stream<T>.asBroadcastStream', 'abstract mixin class Stream<T>.asyncExpand', 'abstract mixin class Stream<T>.asyncMap', and 43 more • flutter/dev/packages_autoroller/test/packages_autoroller_test.dart:580:7 • non_abstract_class_inherits_abstract_member
  error • Classes can only extend other classes • flutter/dev/packages_autoroller/test/packages_autoroller_test.dart:580:26 • extends_non_class
  error • Missing concrete implementations of 'class _StdSink implements IOSink.add', 'class _StdSink implements IOSink.addError', 'class _StdSink implements IOSink.addStream', 'class _StdSink implements IOSink.close', and 14 more • flutter/dev/packages_autoroller/test/packages_autoroller_test.dart:582:7 • non_abstract_class_inherits_abstract_member
  error • Classes can only extend other classes • flutter/dev/packages_autoroller/test/packages_autoroller_test.dart:582:27 • extends_non_class
  error • Target of URI doesn't exist: 'package:packages_autoroller/src/repository.dart' • flutter/dev/packages_autoroller/test/repository_test.dart:6:8 • uri_does_not_exist
  error • The function 'group' isn't defined • flutter/dev/packages_autoroller/test/repository_test.dart:12:3 • undefined_function
  error • The function 'setUp' isn't defined • flutter/dev/packages_autoroller/test/repository_test.dart:20:5 • undefined_function
  error • The function 'test' isn't defined • flutter/dev/packages_autoroller/test/repository_test.dart:33:5 • undefined_function
  error • Undefined name 'FrameworkRepository' • flutter/dev/packages_autoroller/test/repository_test.dart:45:13 • undefined_identifier
  error • Invalid constant value • flutter/dev/packages_autoroller/test/repository_test.dart:51:64 • invalid_constant
  error • The values in a const list literal must be constants • flutter/dev/packages_autoroller/test/repository_test.dart:51:64 • non_constant_list_element
  error • Undefined name 'FrameworkRepository' • flutter/dev/packages_autoroller/test/repository_test.dart:51:64 • undefined_identifier
  error • Undefined class 'Checkouts' • flutter/dev/packages_autoroller/test/repository_test.dart:58:13 • undefined_class
  error • The function 'Checkouts' isn't defined • flutter/dev/packages_autoroller/test/repository_test.dart:58:35 • undefined_function
  error • Undefined class 'FrameworkRepository' • flutter/dev/packages_autoroller/test/repository_test.dart:65:13 • undefined_class
  error • The function 'FrameworkRepository' isn't defined • flutter/dev/packages_autoroller/test/repository_test.dart:65:40 • undefined_function
  error • Undefined name 'Remote' • flutter/dev/packages_autoroller/test/repository_test.dart:67:29 • undefined_identifier
  error • The function 'expect' isn't defined • flutter/dev/packages_autoroller/test/repository_test.dart:69:7 • undefined_function
  error • The function 'test' isn't defined • flutter/dev/packages_autoroller/test/repository_test.dart:75:5 • undefined_function
  error • Undefined name 'FrameworkRepository' • flutter/dev/packages_autoroller/test/repository_test.dart:87:13 • undefined_identifier
  error • Invalid constant value • flutter/dev/packages_autoroller/test/repository_test.dart:93:64 • invalid_constant
  error • The values in a const list literal must be constants • flutter/dev/packages_autoroller/test/repository_test.dart:93:64 • non_constant_list_element
  error • Undefined name 'FrameworkRepository' • flutter/dev/packages_autoroller/test/repository_test.dart:93:64 • undefined_identifier
  error • Undefined class 'Checkouts' • flutter/dev/packages_autoroller/test/repository_test.dart:99:13 • undefined_class
  error • The function 'Checkouts' isn't defined • flutter/dev/packages_autoroller/test/repository_test.dart:99:35 • undefined_function
  error • Undefined class 'FrameworkRepository' • flutter/dev/packages_autoroller/test/repository_test.dart:106:13 • undefined_class
  error • The function 'FrameworkRepository' isn't defined • flutter/dev/packages_autoroller/test/repository_test.dart:106:40 • undefined_function
  error • Undefined name 'Remote' • flutter/dev/packages_autoroller/test/repository_test.dart:108:29 • undefined_identifier
  error • The function 'expect' isn't defined • flutter/dev/packages_autoroller/test/repository_test.dart:111:7 • undefined_function
  error • The function 'test' isn't defined • flutter/dev/packages_autoroller/test/repository_test.dart:114:5 • undefined_function
  error • Invalid constant value • flutter/dev/packages_autoroller/test/repository_test.dart:135:13 • invalid_constant
  error • The values in a const list literal must be constants • flutter/dev/packages_autoroller/test/repository_test.dart:135:13 • non_constant_list_element
  error • Undefined name 'FrameworkRepository' • flutter/dev/packages_autoroller/test/repository_test.dart:135:13 • undefined_identifier
  error • Undefined class 'Checkouts' • flutter/dev/packages_autoroller/test/repository_test.dart:148:13 • undefined_class
  error • The function 'Checkouts' isn't defined • flutter/dev/packages_autoroller/test/repository_test.dart:148:35 • undefined_function
  error • Undefined class 'Repository' • flutter/dev/packages_autoroller/test/repository_test.dart:155:13 • undefined_class
  error • The function 'FrameworkRepository' isn't defined • flutter/dev/packages_autoroller/test/repository_test.dart:155:31 • undefined_function
  error • Undefined name 'Remote' • flutter/dev/packages_autoroller/test/repository_test.dart:157:29 • undefined_identifier
  error • The function 'expect' isn't defined • flutter/dev/packages_autoroller/test/repository_test.dart:160:7 • undefined_function
  error • The function 'equals' isn't defined • flutter/dev/packages_autoroller/test/repository_test.dart:162:9 • undefined_function
  error • Target of URI doesn't exist: 'package:process/process.dart' • flutter/dev/snippets/bin/snippets.dart:12:8 • uri_does_not_exist
  error • Target of URI doesn't exist: 'package:snippets/snippets.dart' • flutter/dev/snippets/bin/snippets.dart:13:8 • uri_does_not_exist
  error • Undefined class 'SnippetGenerator' • flutter/dev/snippets/bin/snippets.dart:42:1 • undefined_class
  error • The function 'SnippetGenerator' isn't defined • flutter/dev/snippets/bin/snippets.dart:42:37 • undefined_function
  error • Undefined class 'ProcessManager' • flutter/dev/snippets/bin/snippets.dart:49:1 • undefined_class
  error • The name 'LocalProcessManager' isn't a class • flutter/dev/snippets/bin/snippets.dart:49:39 • creation_with_non_type
  error • Undefined class 'ProcessManager' • flutter/dev/snippets/bin/snippets.dart:57:3 • undefined_class
  error • The name 'LocalProcessManager' isn't a class • flutter/dev/snippets/bin/snippets.dart:57:41 • creation_with_non_type
   info • This expression is not valid in a 'case' clause in Dart 3.0 • flutter/dev/snippets/bin/snippets.dart:61:10 • invalid_case_patterns
  error • In constant expressions, operands of this operator must be of type 'bool' • flutter/dev/snippets/bin/snippets.dart:61:10 • const_eval_type_bool
  error • The operands of the operator '||' must be assignable to 'bool' • flutter/dev/snippets/bin/snippets.dart:61:10 • non_bool_operand
  error • The switch case expression type 'bool' must be a subtype of the switch expression type 'String?' • flutter/dev/snippets/bin/snippets.dart:61:10 • case_expression_type_is_not_switch_expression_subtype
  error • The operands of the operator '||' must be assignable to 'bool' • flutter/dev/snippets/bin/snippets.dart:61:22 • non_bool_operand
  error • Undefined class 'ProcessManager' • flutter/dev/snippets/bin/snippets.dart:95:3 • undefined_class
  error • The name 'LocalProcessManager' isn't a class • flutter/dev/snippets/bin/snippets.dart:95:41 • creation_with_non_type
  error • The function 'errorExit' isn't defined • flutter/dev/snippets/bin/snippets.dart:185:5 • undefined_function
  error • The function 'errorExit' isn't defined • flutter/dev/snippets/bin/snippets.dart:194:5 • undefined_function
  error • The function 'errorExit' isn't defined • flutter/dev/snippets/bin/snippets.dart:231:7 • undefined_function
  error • Undefined class 'SnippetDartdocParser' • flutter/dev/snippets/bin/snippets.dart:247:9 • undefined_class
  error • The function 'SnippetDartdocParser' isn't defined • flutter/dev/snippets/bin/snippets.dart:247:45 • undefined_function
  error • Undefined class 'SourceElement' • flutter/dev/snippets/bin/snippets.dart:248:9 • undefined_class
  error • Undefined class 'CodeSample' • flutter/dev/snippets/bin/snippets.dart:264:14 • undefined_class
  error • Target of URI doesn't exist: 'package:analyzer/dart/analysis/features.dart' • flutter/dev/snippets/lib/src/analysis.dart:5:8 • uri_does_not_exist
  error • Target of URI doesn't exist: 'package:analyzer/dart/analysis/results.dart' • flutter/dev/snippets/lib/src/analysis.dart:6:8 • uri_does_not_exist
  error • Target of URI doesn't exist: 'package:analyzer/dart/analysis/utilities.dart' • flutter/dev/snippets/lib/src/analysis.dart:7:8 • uri_does_not_exist
  error • Target of URI doesn't exist: 'package:analyzer/dart/ast/ast.dart' • flutter/dev/snippets/lib/src/analysis.dart:8:8 • uri_does_not_exist
  error • Target of URI doesn't exist: 'package:analyzer/dart/ast/token.dart' • flutter/dev/snippets/lib/src/analysis.dart:9:8 • uri_does_not_exist
  error • Target of URI doesn't exist: 'package:analyzer/dart/ast/visitor.dart' • flutter/dev/snippets/lib/src/analysis.dart:10:8 • uri_does_not_exist
  error • Target of URI doesn't exist: 'package:analyzer/file_system/file_system.dart' • flutter/dev/snippets/lib/src/analysis.dart:11:8 • uri_does_not_exist
  error • Target of URI doesn't exist: 'package:analyzer/file_system/physical_file_system.dart' • flutter/dev/snippets/lib/src/analysis.dart:12:8 • uri_does_not_exist
  error • Target of URI doesn't exist: 'package:analyzer/source/line_info.dart' • flutter/dev/snippets/lib/src/analysis.dart:13:8 • uri_does_not_exist
  error • Undefined class 'ParseStringResult' • flutter/dev/snippets/lib/src/analysis.dart:51:9 • undefined_class
  error • The function 'parseString' isn't defined • flutter/dev/snippets/lib/src/analysis.dart:51:41 • undefined_function
  error • Undefined name 'FeatureSet' • flutter/dev/snippets/lib/src/analysis.dart:52:17 • undefined_identifier
  error • The name 'CompilationUnit' isn't a type, so it can't be used as a type argument • flutter/dev/snippets/lib/src/analysis.dart:58:24 • non_type_as_type_argument
  error • The name 'CompilationUnit' isn't a type, so it can't be used as a type argument • flutter/dev/snippets/lib/src/analysis.dart:58:66 • non_type_as_type_argument
  error • Undefined class 'ParseStringResult' • flutter/dev/snippets/lib/src/analysis.dart:70:9 • undefined_class
  error • The function 'parseFile' isn't defined • flutter/dev/snippets/lib/src/analysis.dart:70:41 • undefined_function
  error • Undefined name 'FeatureSet' • flutter/dev/snippets/lib/src/analysis.dart:71:17 • undefined_identifier
  error • The name 'CompilationUnit' isn't a type, so it can't be used as a type argument • flutter/dev/snippets/lib/src/analysis.dart:78:24 • non_type_as_type_argument
  error • The name 'CompilationUnit' isn't a type, so it can't be used as a type argument • flutter/dev/snippets/lib/src/analysis.dart:78:66 • non_type_as_type_argument
  error • Classes can only extend other classes • flutter/dev/snippets/lib/src/analysis.dart:84:33 • extends_non_class
  error • Undefined class 'LineInfo' • flutter/dev/snippets/lib/src/analysis.dart:94:11 • undefined_class
  error • Undefined name 'LineInfo' • flutter/dev/snippets/lib/src/analysis.dart:94:31 • undefined_identifier
  error • Undefined class 'CharacterLocation' • flutter/dev/snippets/lib/src/analysis.dart:101:15 • undefined_class
  error • Undefined class 'Comment' • flutter/dev/snippets/lib/src/analysis.dart:112:52 • undefined_class
  error • Undefined class 'Token' • flutter/dev/snippets/lib/src/analysis.dart:115:18 • undefined_class
warning • The method doesn't override an inherited method • flutter/dev/snippets/lib/src/analysis.dart:131:6 • override_on_non_overriding_member
  error • Undefined class 'CompilationUnit' • flutter/dev/snippets/lib/src/analysis.dart:131:27 • undefined_class
  error • The method 'visitCompilationUnit' isn't defined in a superclass of '_SourceVisitor' • flutter/dev/snippets/lib/src/analysis.dart:133:18 • undefined_super_member
  error • Undefined class 'AstNode' • flutter/dev/snippets/lib/src/analysis.dart:140:30 • undefined_class
  error • Undefined class 'AstNode' • flutter/dev/snippets/lib/src/analysis.dart:141:5 • undefined_class
  error • The name 'MethodDeclaration' isn't defined, so it can't be used in an 'is' expression • flutter/dev/snippets/lib/src/analysis.dart:143:19 • type_test_with_undefined_name
warning • The method doesn't override an inherited method • flutter/dev/snippets/lib/src/analysis.dart:152:6 • override_on_non_overriding_member
  error • Undefined class 'TopLevelVariableDeclaration' • flutter/dev/snippets/lib/src/analysis.dart:152:39 • undefined_class
  error • Undefined class 'VariableDeclaration' • flutter/dev/snippets/lib/src/analysis.dart:153:16 • undefined_class
   info • Unnecessary use of a null check ('!') • flutter/dev/snippets/lib/src/analysis.dart:159:85 • unnecessary_null_checks
  error • The method 'visitTopLevelVariableDeclaration' isn't defined in a superclass of '_SourceVisitor' • flutter/dev/snippets/lib/src/analysis.dart:172:18 • undefined_super_member
warning • The method doesn't override an inherited method • flutter/dev/snippets/lib/src/analysis.dart:176:6 • override_on_non_overriding_member
  error • Undefined class 'GenericTypeAlias' • flutter/dev/snippets/lib/src/analysis.dart:176:28 • undefined_class
   info • Unnecessary use of a null check ('!') • flutter/dev/snippets/lib/src/analysis.dart:180:78 • unnecessary_null_checks
  error • The method 'visitGenericTypeAlias' isn't defined in a superclass of '_SourceVisitor' • flutter/dev/snippets/lib/src/analysis.dart:192:18 • undefined_super_member
warning • The method doesn't override an inherited method • flutter/dev/snippets/lib/src/analysis.dart:196:6 • override_on_non_overriding_member
  error • Undefined class 'FieldDeclaration' • flutter/dev/snippets/lib/src/analysis.dart:196:28 • undefined_class
  error • Undefined class 'VariableDeclaration' • flutter/dev/snippets/lib/src/analysis.dart:197:16 • undefined_class
   info • Unnecessary use of a null check ('!') • flutter/dev/snippets/lib/src/analysis.dart:206:36 • unnecessary_null_checks
  error • The method 'visitFieldDeclaration' isn't defined in a superclass of '_SourceVisitor' • flutter/dev/snippets/lib/src/analysis.dart:220:20 • undefined_super_member
warning • The method doesn't override an inherited method • flutter/dev/snippets/lib/src/analysis.dart:226:6 • override_on_non_overriding_member
  error • Undefined class 'ConstructorDeclaration' • flutter/dev/snippets/lib/src/analysis.dart:226:34 • undefined_class
   info • Unnecessary use of a null check ('!') • flutter/dev/snippets/lib/src/analysis.dart:231:89 • unnecessary_null_checks
  error • The method 'visitConstructorDeclaration' isn't defined in a superclass of '_SourceVisitor' • flutter/dev/snippets/lib/src/analysis.dart:244:18 • undefined_super_member
warning • The method doesn't override an inherited method • flutter/dev/snippets/lib/src/analysis.dart:248:6 • override_on_non_overriding_member
  error • Undefined class 'FunctionDeclaration' • flutter/dev/snippets/lib/src/analysis.dart:248:31 • undefined_class
   info • Unnecessary use of a null check ('!') • flutter/dev/snippets/lib/src/analysis.dart:254:80 • unnecessary_null_checks
  error • The method 'visitFunctionDeclaration' isn't defined in a superclass of '_SourceVisitor' • flutter/dev/snippets/lib/src/analysis.dart:268:18 • undefined_super_member
warning • The method doesn't override an inherited method • flutter/dev/snippets/lib/src/analysis.dart:272:6 • override_on_non_overriding_member
  error • Undefined class 'MethodDeclaration' • flutter/dev/snippets/lib/src/analysis.dart:272:29 • undefined_class
   info • Unnecessary use of a null check ('!') • flutter/dev/snippets/lib/src/analysis.dart:279:36 • unnecessary_null_checks
  error • The method 'visitMethodDeclaration' isn't defined in a superclass of '_SourceVisitor' • flutter/dev/snippets/lib/src/analysis.dart:294:18 • undefined_super_member
  error • Undefined class 'AnnotatedNode' • flutter/dev/snippets/lib/src/analysis.dart:297:22 • undefined_class
  error • Undefined class 'Annotation' • flutter/dev/snippets/lib/src/analysis.dart:298:33 • undefined_class
warning • The method doesn't override an inherited method • flutter/dev/snippets/lib/src/analysis.dart:304:6 • override_on_non_overriding_member
  error • Undefined class 'MixinDeclaration' • flutter/dev/snippets/lib/src/analysis.dart:304:28 • undefined_class
   info • Unnecessary use of a null check ('!') • flutter/dev/snippets/lib/src/analysis.dart:310:78 • unnecessary_null_checks
  error • The method 'visitMixinDeclaration' isn't defined in a superclass of '_SourceVisitor' • flutter/dev/snippets/lib/src/analysis.dart:322:29 • undefined_super_member
warning • The method doesn't override an inherited method • flutter/dev/snippets/lib/src/analysis.dart:328:6 • override_on_non_overriding_member
  error • Undefined class 'ClassDeclaration' • flutter/dev/snippets/lib/src/analysis.dart:328:28 • undefined_class
   info • Unnecessary use of a null check ('!') • flutter/dev/snippets/lib/src/analysis.dart:334:78 • unnecessary_null_checks
  error • The method 'visitClassDeclaration' isn't defined in a superclass of '_SourceVisitor' • flutter/dev/snippets/lib/src/analysis.dart:346:29 • undefined_super_member
  error • Expected to find ';' • flutter/dev/snippets/lib/src/data_types.dart:298:3 • expected_token
warning • Dead code • flutter/dev/snippets/lib/src/data_types.dart:298:10 • dead_code
warning • Missing case clause for 'classType' • flutter/dev/snippets/lib/src/data_types.dart:298:10 • missing_enum_constant_in_switch
warning • Missing case clause for 'constructorType' • flutter/dev/snippets/lib/src/data_types.dart:298:10 • missing_enum_constant_in_switch
warning • Missing case clause for 'fieldType' • flutter/dev/snippets/lib/src/data_types.dart:298:10 • missing_enum_constant_in_switch
warning • Missing case clause for 'functionType' • flutter/dev/snippets/lib/src/data_types.dart:298:10 • missing_enum_constant_in_switch
warning • Missing case clause for 'methodType' • flutter/dev/snippets/lib/src/data_types.dart:298:10 • missing_enum_constant_in_switch
warning • Missing case clause for 'topLevelVariableType' • flutter/dev/snippets/lib/src/data_types.dart:298:10 • missing_enum_constant_in_switch
warning • Missing case clause for 'typedefType' • flutter/dev/snippets/lib/src/data_types.dart:298:10 • missing_enum_constant_in_switch
warning • Missing case clause for 'unknownType' • flutter/dev/snippets/lib/src/data_types.dart:298:10 • missing_enum_constant_in_switch
  error • Expected an identifier • flutter/dev/snippets/lib/src/data_types.dart:298:10 • missing_identifier
  error • Expected to find 'case' • flutter/dev/snippets/lib/src/data_types.dart:299:5 • expected_token
   info • Unnecessary empty statement • flutter/dev/snippets/lib/src/data_types.dart:307:4 • empty_statements
  error • The 'case' shouldn't complete normally • flutter/dev/snippets/lib/src/snippet_generator.dart:305:7 • switch_case_completes_normally
  error • The switch case expression type 'Type' must be a subtype of the switch expression type 'CodeSample' • flutter/dev/snippets/lib/src/snippet_generator.dart:305:12 • case_expression_type_is_not_switch_expression_subtype
warning • The label '_' isn't used • flutter/dev/snippets/lib/src/snippet_generator.dart:305:26 • unused_label
  error • Expected to find ':' • flutter/dev/snippets/lib/src/snippet_generator.dart:305:26 • expected_token
  error • The switch case expression type 'Type' must be a subtype of the switch expression type 'CodeSample' • flutter/dev/snippets/lib/src/snippet_generator.dart:306:12 • case_expression_type_is_not_switch_expression_subtype
warning • The label '_' isn't used • flutter/dev/snippets/lib/src/snippet_generator.dart:306:30 • unused_label
  error • Expected to find ':' • flutter/dev/snippets/lib/src/snippet_generator.dart:306:30 • expected_token
  error • The switch case expression type 'Type' must be a subtype of the switch expression type 'CodeSample' • flutter/dev/snippets/lib/src/snippet_generator.dart:328:12 • case_expression_type_is_not_switch_expression_subtype
warning • The label '_' isn't used • flutter/dev/snippets/lib/src/snippet_generator.dart:328:26 • unused_label
  error • Expected to find ':' • flutter/dev/snippets/lib/src/snippet_generator.dart:328:26 • expected_token
  error • The 'case' shouldn't complete normally • flutter/dev/snippets/lib/src/snippet_parser.dart:179:11 • switch_case_completes_normally
  error • The switch case expression type 'Type' must be a subtype of the switch expression type 'CodeSample' • flutter/dev/snippets/lib/src/snippet_parser.dart:179:16 • case_expression_type_is_not_switch_expression_subtype
warning • The label '_' isn't used • flutter/dev/snippets/lib/src/snippet_parser.dart:179:30 • unused_label
  error • Expected to find ':' • flutter/dev/snippets/lib/src/snippet_parser.dart:179:30 • expected_token
  error • The 'case' shouldn't complete normally • flutter/dev/snippets/lib/src/snippet_parser.dart:181:11 • switch_case_completes_normally
  error • The switch case expression type 'Type' must be a subtype of the switch expression type 'CodeSample' • flutter/dev/snippets/lib/src/snippet_parser.dart:181:16 • case_expression_type_is_not_switch_expression_subtype
warning • The label '_' isn't used • flutter/dev/snippets/lib/src/snippet_parser.dart:181:34 • unused_label
  error • Expected to find ':' • flutter/dev/snippets/lib/src/snippet_parser.dart:181:34 • expected_token
  error • The switch case expression type 'Type' must be a subtype of the switch expression type 'CodeSample' • flutter/dev/snippets/lib/src/snippet_parser.dart:183:16 • case_expression_type_is_not_switch_expression_subtype
warning • The label '_' isn't used • flutter/dev/snippets/lib/src/snippet_parser.dart:183:30 • unused_label
  error • Expected to find ':' • flutter/dev/snippets/lib/src/snippet_parser.dart:183:30 • expected_token
  error • The 'case' shouldn't complete normally • flutter/dev/snippets/lib/src/snippet_parser.dart:228:13 • switch_case_completes_normally
  error • The 'case' shouldn't complete normally • flutter/dev/snippets/lib/src/snippet_parser.dart:230:13 • switch_case_completes_normally
  error • The 'case' shouldn't complete normally • flutter/dev/snippets/lib/src/snippet_parser.dart:246:13 • switch_case_completes_normally
  error • Target of URI doesn't exist: 'package:process/process.dart' • flutter/dev/snippets/lib/src/util.dart:12:8 • uri_does_not_exist
  error • Target of URI doesn't exist: 'package:snippets/snippets.dart' • flutter/dev/snippets/test/configuration_test.dart:6:8 • uri_does_not_exist
  error • Target of URI doesn't exist: 'package:test/test.dart' • flutter/dev/snippets/test/configuration_test.dart:7:8 • uri_does_not_exist
  error • The function 'group' isn't defined • flutter/dev/snippets/test/configuration_test.dart:10:3 • undefined_function
  error • Undefined class 'SnippetConfiguration' • flutter/dev/snippets/test/configuration_test.dart:12:10 • undefined_class
  error • The function 'setUp' isn't defined • flutter/dev/snippets/test/configuration_test.dart:14:5 • undefined_function
  error • The function 'FlutterRepoSnippetConfiguration' isn't defined • flutter/dev/snippets/test/configuration_test.dart:15:16 • undefined_function
  error • The function 'test' isn't defined • flutter/dev/snippets/test/configuration_test.dart:20:5 • undefined_function
  error • The function 'expect' isn't defined • flutter/dev/snippets/test/configuration_test.dart:21:7 • undefined_function
  error • The function 'matches' isn't defined • flutter/dev/snippets/test/configuration_test.dart:23:9 • undefined_function
  error • The function 'test' isn't defined • flutter/dev/snippets/test/configuration_test.dart:26:5 • undefined_function
  error • The function 'expect' isn't defined • flutter/dev/snippets/test/configuration_test.dart:27:7 • undefined_function
  error • The function 'matches' isn't defined • flutter/dev/snippets/test/configuration_test.dart:29:9 • undefined_function
  error • The function 'test' isn't defined • flutter/dev/snippets/test/configuration_test.dart:32:5 • undefined_function
  error • The function 'expect' isn't defined • flutter/dev/snippets/test/configuration_test.dart:33:7 • undefined_function
  error • The function 'matches' isn't defined • flutter/dev/snippets/test/configuration_test.dart:35:9 • undefined_function
  error • The function 'test' isn't defined • flutter/dev/snippets/test/configuration_test.dart:42:5 • undefined_function
  error • The function 'expect' isn't defined • flutter/dev/snippets/test/configuration_test.dart:43:7 • undefined_function
  error • The function 'matches' isn't defined • flutter/dev/snippets/test/configuration_test.dart:45:9 • undefined_function
  error • The function 'test' isn't defined • flutter/dev/snippets/test/configuration_test.dart:50:5 • undefined_function
  error • The function 'expect' isn't defined • flutter/dev/snippets/test/configuration_test.dart:51:7 • undefined_function
  error • The function 'matches' isn't defined • flutter/dev/snippets/test/configuration_test.dart:53:9 • undefined_function
  error • Target of URI doesn't exist: 'package:process/process.dart' • flutter/dev/snippets/test/fake_process_manager.dart:8:8 • uri_does_not_exist
  error • Classes can only extend other classes • flutter/dev/snippets/test/fake_process_manager.dart:10:34 • extends_non_class
warning • The method doesn't override an inherited method • flutter/dev/snippets/test/fake_process_manager.dart:20:17 • override_on_non_overriding_member
  error • Target of URI doesn't exist: 'package:analyzer/file_system/file_system.dart' • flutter/dev/snippets/test/filesystem_resource_provider.dart:8:8 • uri_does_not_exist
  error • Classes and mixins can only implement other classes and mixins • flutter/dev/snippets/test/filesystem_resource_provider.dart:34:45 • implements_non_class
warning • The getter doesn't override an inherited getter • flutter/dev/snippets/test/filesystem_resource_provider.dart:48:15 • override_on_non_overriding_member
  error • Undefined class 'File' • flutter/dev/snippets/test/filesystem_resource_provider.dart:51:3 • undefined_class
warning • The method doesn't override an inherited method • flutter/dev/snippets/test/filesystem_resource_provider.dart:51:8 • override_on_non_overriding_member
  error • Undefined class 'Folder' • flutter/dev/snippets/test/filesystem_resource_provider.dart:57:3 • undefined_class
warning • The method doesn't override an inherited method • flutter/dev/snippets/test/filesystem_resource_provider.dart:57:10 • override_on_non_overriding_member
  error • Undefined class 'Resource' • flutter/dev/snippets/test/filesystem_resource_provider.dart:63:3 • undefined_class
warning • The method doesn't override an inherited method • flutter/dev/snippets/test/filesystem_resource_provider.dart:63:12 • override_on_non_overriding_member
  error • Undefined class 'Folder' • flutter/dev/snippets/test/filesystem_resource_provider.dart:73:3 • undefined_class
warning • The method doesn't override an inherited method • flutter/dev/snippets/test/filesystem_resource_provider.dart:73:11 • override_on_non_overriding_member
  error • The argument type 'String?' can't be assigned to the parameter type 'String'.  • flutter/dev/snippets/test/filesystem_resource_provider.dart:75:66 • argument_type_not_assignable
  error • Undefined class 'Link' • flutter/dev/snippets/test/filesystem_resource_provider.dart:97:3 • undefined_class
warning • The method doesn't override an inherited method • flutter/dev/snippets/test/filesystem_resource_provider.dart:97:8 • override_on_non_overriding_member
  error • Classes and mixins can only implement other classes and mixins • flutter/dev/snippets/test/filesystem_resource_provider.dart:103:58 • implements_non_class
warning • The getter doesn't override an inherited getter • flutter/dev/snippets/test/filesystem_resource_provider.dart:107:11 • override_on_non_overriding_member
warning • The getter doesn't override an inherited getter • flutter/dev/snippets/test/filesystem_resource_provider.dart:116:11 • override_on_non_overriding_member
  error • Undefined class 'File' • flutter/dev/snippets/test/filesystem_resource_provider.dart:128:3 • undefined_class
warning • The method doesn't override an inherited method • flutter/dev/snippets/test/filesystem_resource_provider.dart:128:8 • override_on_non_overriding_member
  error • Undefined class 'Folder' • flutter/dev/snippets/test/filesystem_resource_provider.dart:128:15 • undefined_class
  error • Undefined class 'File' • flutter/dev/snippets/test/filesystem_resource_provider.dart:130:11 • undefined_class
warning • The method doesn't override an inherited method • flutter/dev/snippets/test/filesystem_resource_provider.dart:136:8 • override_on_non_overriding_member
warning • The method doesn't override an inherited method • flutter/dev/snippets/test/filesystem_resource_provider.dart:141:13 • override_on_non_overriding_member
warning • The method doesn't override an inherited method • flutter/dev/snippets/test/filesystem_resource_provider.dart:151:10 • override_on_non_overriding_member
  error • Undefined class 'File' • flutter/dev/snippets/test/filesystem_resource_provider.dart:161:3 • undefined_class
warning • The method doesn't override an inherited method • flutter/dev/snippets/test/filesystem_resource_provider.dart:161:8 • override_on_non_overriding_member
  error • Undefined class 'File' • flutter/dev/snippets/test/filesystem_resource_provider.dart:170:3 • undefined_class
warning • The method doesn't override an inherited method • flutter/dev/snippets/test/filesystem_resource_provider.dart:170:8 • override_on_non_overriding_member
warning • The method doesn't override an inherited method • flutter/dev/snippets/test/filesystem_resource_provider.dart:179:7 • override_on_non_overriding_member
warning • The method doesn't override an inherited method • flutter/dev/snippets/test/filesystem_resource_provider.dart:182:8 • override_on_non_overriding_member
warning • The method doesn't override an inherited method • flutter/dev/snippets/test/filesystem_resource_provider.dart:191:8 • override_on_non_overriding_member
  error • Undefined class 'ResourceWatcher' • flutter/dev/snippets/test/filesystem_resource_provider.dart:200:3 • undefined_class
warning • The method doesn't override an inherited method • flutter/dev/snippets/test/filesystem_resource_provider.dart:200:19 • override_on_non_overriding_member
  error • Classes and mixins can only implement other classes and mixins • flutter/dev/snippets/test/filesystem_resource_provider.dart:206:60 • implements_non_class
warning • The getter doesn't override an inherited getter • flutter/dev/snippets/test/filesystem_resource_provider.dart:210:12 • override_on_non_overriding_member
warning • The method doesn't override an inherited method • flutter/dev/snippets/test/filesystem_resource_provider.dart:219:10 • override_on_non_overriding_member
warning • The method doesn't override an inherited method • flutter/dev/snippets/test/filesystem_resource_provider.dart:224:8 • override_on_non_overriding_member
  error • Undefined class 'Folder' • flutter/dev/snippets/test/filesystem_resource_provider.dart:230:3 • undefined_class
warning • The method doesn't override an inherited method • flutter/dev/snippets/test/filesystem_resource_provider.dart:230:10 • override_on_non_overriding_member
  error • Undefined class 'Folder' • flutter/dev/snippets/test/filesystem_resource_provider.dart:230:17 • undefined_class
  error • Undefined class 'Folder' • flutter/dev/snippets/test/filesystem_resource_provider.dart:231:11 • undefined_class
  error • Undefined class 'Resource' • flutter/dev/snippets/test/filesystem_resource_provider.dart:233:16 • undefined_class
warning • The method doesn't override an inherited method • flutter/dev/snippets/test/filesystem_resource_provider.dart:240:8 • override_on_non_overriding_member
  error • Undefined class 'Resource' • flutter/dev/snippets/test/filesystem_resource_provider.dart:245:3 • undefined_class
warning • The method doesn't override an inherited method • flutter/dev/snippets/test/filesystem_resource_provider.dart:245:12 • override_on_non_overriding_member
warning • The method doesn't override an inherited method • flutter/dev/snippets/test/filesystem_resource_provider.dart:251:17 • override_on_non_overriding_member
warning • The method doesn't override an inherited method • flutter/dev/snippets/test/filesystem_resource_provider.dart:258:19 • override_on_non_overriding_member
  error • The name 'Resource' isn't a type, so it can't be used as a type argument • flutter/dev/snippets/test/filesystem_resource_provider.dart:265:8 • non_type_as_type_argument
warning • The method doesn't override an inherited method • flutter/dev/snippets/test/filesystem_resource_provider.dart:265:18 • override_on_non_overriding_member
  error • The name 'Resource' isn't a type, so it can't be used as a type argument • flutter/dev/snippets/test/filesystem_resource_provider.dart:267:18 • non_type_as_type_argument
  error • The name 'Resource' isn't a type, so it can't be used as a type argument • flutter/dev/snippets/test/filesystem_resource_provider.dart:267:40 • non_type_as_type_argument
warning • The method doesn't override an inherited method • flutter/dev/snippets/test/filesystem_resource_provider.dart:286:8 • override_on_non_overriding_member
  error • Undefined class 'Folder' • flutter/dev/snippets/test/filesystem_resource_provider.dart:294:3 • undefined_class
warning • The method doesn't override an inherited method • flutter/dev/snippets/test/filesystem_resource_provider.dart:294:10 • override_on_non_overriding_member
warning • The method doesn't override an inherited method • flutter/dev/snippets/test/filesystem_resource_provider.dart:303:7 • override_on_non_overriding_member
  error • Undefined class 'ResourceWatcher' • flutter/dev/snippets/test/filesystem_resource_provider.dart:306:3 • undefined_class
warning • The method doesn't override an inherited method • flutter/dev/snippets/test/filesystem_resource_provider.dart:306:19 • override_on_non_overriding_member
  error • Classes and mixins can only implement other classes and mixins • flutter/dev/snippets/test/filesystem_resource_provider.dart:313:45 • implements_non_class
warning • The getter doesn't override an inherited getter • flutter/dev/snippets/test/filesystem_resource_provider.dart:319:12 • override_on_non_overriding_member
  error • The name 'FileSystemException' isn't a type and can't be used in an on-catch clause • flutter/dev/snippets/test/filesystem_resource_provider.dart:322:10 • non_type_in_catch_clause
  error • Undefined class 'Folder' • flutter/dev/snippets/test/filesystem_resource_provider.dart:331:3 • undefined_class
warning • The getter doesn't override an inherited getter • flutter/dev/snippets/test/filesystem_resource_provider.dart:331:14 • override_on_non_overriding_member
warning • The getter doesn't override an inherited getter • flutter/dev/snippets/test/filesystem_resource_provider.dart:337:14 • override_on_non_overriding_member
  error • Undefined class 'ResourceProvider' • flutter/dev/snippets/test/filesystem_resource_provider.dart:343:3 • undefined_class
warning • The getter doesn't override an inherited getter • flutter/dev/snippets/test/filesystem_resource_provider.dart:343:24 • override_on_non_overriding_member
warning • The getter doesn't override an inherited getter • flutter/dev/snippets/test/filesystem_resource_provider.dart:346:14 • override_on_non_overriding_member
warning • The method doesn't override an inherited method • flutter/dev/snippets/test/filesystem_resource_provider.dart:358:8 • override_on_non_overriding_member
  error • The method 'FileSystemException' isn't defined for the type '_PhysicalResource' • flutter/dev/snippets/test/filesystem_resource_provider.dart:388:15 • undefined_method
  error • Undefined class 'FileSystemException' • flutter/dev/snippets/test/filesystem_resource_provider.dart:393:3 • undefined_class
  error • The method 'FileSystemException' isn't defined for the type '_PhysicalResource' • flutter/dev/snippets/test/filesystem_resource_provider.dart:394:12 • undefined_method
  error • Target of URI doesn't exist: 'package:snippets/snippets.dart' • flutter/dev/snippets/test/snippet_parser_test.dart:9:8 • uri_does_not_exist
  error • Target of URI doesn't exist: 'package:test/test.dart' • flutter/dev/snippets/test/snippet_parser_test.dart:10:8 • uri_does_not_exist
  error • Classes can only extend other classes • flutter/dev/snippets/test/snippet_parser_test.dart:14:38 • extends_non_class
   info • Unreachable member 'getFlutterRoot' in an executable library • flutter/dev/snippets/test/snippet_parser_test.dart:20:13 • unreachable_from_main
warning • The method doesn't override an inherited method • flutter/dev/snippets/test/snippet_parser_test.dart:20:13 • override_on_non_overriding_member
   info • Unreachable member 'getFlutterInformation' in an executable library • flutter/dev/snippets/test/snippet_parser_test.dart:25:24 • unreachable_from_main
warning • The method doesn't override an inherited method • flutter/dev/snippets/test/snippet_parser_test.dart:25:24 • override_on_non_overriding_member
  error • The function 'group' isn't defined • flutter/dev/snippets/test/snippet_parser_test.dart:35:3 • undefined_function
  error • Undefined class 'FlutterRepoSnippetConfiguration' • flutter/dev/snippets/test/snippet_parser_test.dart:37:10 • undefined_class
  error • Undefined class 'SnippetGenerator' • flutter/dev/snippets/test/snippet_parser_test.dart:38:10 • undefined_class
  error • The 'case' shouldn't complete normally • flutter/dev/snippets/test/snippet_parser_test.dart:44:9 • switch_case_completes_normally
  error • The function 'setUp' isn't defined • flutter/dev/snippets/test/snippet_parser_test.dart:62:5 • undefined_function
  error • The function 'FlutterRepoSnippetConfiguration' isn't defined • flutter/dev/snippets/test/snippet_parser_test.dart:67:23 • undefined_function
  error • Undefined name 'FlutterInformation' • flutter/dev/snippets/test/snippet_parser_test.dart:73:7 • undefined_identifier
  error • The function 'SnippetGenerator' isn't defined • flutter/dev/snippets/test/snippet_parser_test.dart:74:19 • undefined_function
  error • The function 'test' isn't defined • flutter/dev/snippets/test/snippet_parser_test.dart:81:5 • undefined_function
  error • The name 'SourceElement' isn't a type, so it can't be used as a type argument • flutter/dev/snippets/test/snippet_parser_test.dart:83:22 • non_type_as_type_argument
  error • The function 'getFileElements' isn't defined • flutter/dev/snippets/test/snippet_parser_test.dart:83:48 • undefined_function
  error • The function 'expect' isn't defined • flutter/dev/snippets/test/snippet_parser_test.dart:87:7 • undefined_function
  error • Undefined name 'isNotEmpty' • flutter/dev/snippets/test/snippet_parser_test.dart:87:24 • undefined_identifier
  error • Undefined class 'SnippetDartdocParser' • flutter/dev/snippets/test/snippet_parser_test.dart:88:13 • undefined_class
  error • The function 'SnippetDartdocParser' isn't defined • flutter/dev/snippets/test/snippet_parser_test.dart:88:49 • undefined_function
  error • The function 'expect' isn't defined • flutter/dev/snippets/test/snippet_parser_test.dart:91:7 • undefined_function
  error • The function 'equals' isn't defined • flutter/dev/snippets/test/snippet_parser_test.dart:91:31 • undefined_function
  error • Undefined class 'SourceElement' • flutter/dev/snippets/test/snippet_parser_test.dart:93:18 • undefined_class
  error • The function 'expect' isn't defined • flutter/dev/snippets/test/snippet_parser_test.dart:94:9 • undefined_function
  error • The function 'greaterThanOrEqualTo' isn't defined • flutter/dev/snippets/test/snippet_parser_test.dart:94:40 • undefined_function
  error • A value of type 'double' can't be assigned to a variable of type 'int' • flutter/dev/snippets/test/snippet_parser_test.dart:95:24 • invalid_assignment
  error • The function 'expect' isn't defined • flutter/dev/snippets/test/snippet_parser_test.dart:97:9 • undefined_function
  error • The function 'contains' isn't defined • flutter/dev/snippets/test/snippet_parser_test.dart:97:22 • undefined_function
  error • The function 'expect' isn't defined • flutter/dev/snippets/test/snippet_parser_test.dart:98:9 • undefined_function
  error • The function 'contains' isn't defined • flutter/dev/snippets/test/snippet_parser_test.dart:100:11 • undefined_function
  error • The function 'expect' isn't defined • flutter/dev/snippets/test/snippet_parser_test.dart:105:9 • undefined_function
  error • The function 'contains' isn't defined • flutter/dev/snippets/test/snippet_parser_test.dart:107:11 • undefined_function
  error • The function 'expect' isn't defined • flutter/dev/snippets/test/snippet_parser_test.dart:114:9 • undefined_function
  error • The function 'contains' isn't defined • flutter/dev/snippets/test/snippet_parser_test.dart:116:11 • undefined_function
  error • The function 'expect' isn't defined • flutter/dev/snippets/test/snippet_parser_test.dart:121:7 • undefined_function
  error • The function 'equals' isn't defined • flutter/dev/snippets/test/snippet_parser_test.dart:121:27 • undefined_function
  error • The function 'test' isn't defined • flutter/dev/snippets/test/snippet_parser_test.dart:123:5 • undefined_function
  error • The name 'SourceElement' isn't a type, so it can't be used as a type argument • flutter/dev/snippets/test/snippet_parser_test.dart:130:22 • non_type_as_type_argument
  error • The function 'getFileElements' isn't defined • flutter/dev/snippets/test/snippet_parser_test.dart:130:48 • undefined_function
  error • The function 'expect' isn't defined • flutter/dev/snippets/test/snippet_parser_test.dart:134:7 • undefined_function
  error • Undefined name 'isNotEmpty' • flutter/dev/snippets/test/snippet_parser_test.dart:134:24 • undefined_identifier
  error • Undefined class 'SnippetDartdocParser' • flutter/dev/snippets/test/snippet_parser_test.dart:135:13 • undefined_class
  error • The function 'SnippetDartdocParser' isn't defined • flutter/dev/snippets/test/snippet_parser_test.dart:135:49 • undefined_function
  error • The function 'expect' isn't defined • flutter/dev/snippets/test/snippet_parser_test.dart:137:7 • undefined_function
  error • The function 'equals' isn't defined • flutter/dev/snippets/test/snippet_parser_test.dart:137:31 • undefined_function
  error • Undefined class 'SourceElement' • flutter/dev/snippets/test/snippet_parser_test.dart:139:18 • undefined_class
  error • The function 'expect' isn't defined • flutter/dev/snippets/test/snippet_parser_test.dart:140:9 • undefined_function
  error • The function 'greaterThanOrEqualTo' isn't defined • flutter/dev/snippets/test/snippet_parser_test.dart:140:40 • undefined_function
  error • A value of type 'double' can't be assigned to a variable of type 'int' • flutter/dev/snippets/test/snippet_parser_test.dart:141:24 • invalid_assignment
  error • The function 'expect' isn't defined • flutter/dev/snippets/test/snippet_parser_test.dart:143:9 • undefined_function
  error • The function 'contains' isn't defined • flutter/dev/snippets/test/snippet_parser_test.dart:143:22 • undefined_function
  error • The function 'expect' isn't defined • flutter/dev/snippets/test/snippet_parser_test.dart:144:9 • undefined_function
  error • The function 'contains' isn't defined • flutter/dev/snippets/test/snippet_parser_test.dart:146:11 • undefined_function
  error • The function 'expect' isn't defined • flutter/dev/snippets/test/snippet_parser_test.dart:149:9 • undefined_function
  error • The function 'contains' isn't defined • flutter/dev/snippets/test/snippet_parser_test.dart:151:11 • undefined_function
  error • The function 'expect' isn't defined • flutter/dev/snippets/test/snippet_parser_test.dart:159:7 • undefined_function
  error • The function 'equals' isn't defined • flutter/dev/snippets/test/snippet_parser_test.dart:159:27 • undefined_function
  error • The function 'test' isn't defined • flutter/dev/snippets/test/snippet_parser_test.dart:161:5 • undefined_function
  error • Undefined class 'SnippetDartdocParser' • flutter/dev/snippets/test/snippet_parser_test.dart:163:13 • undefined_class
  error • The function 'SnippetDartdocParser' isn't defined • flutter/dev/snippets/test/snippet_parser_test.dart:163:49 • undefined_function
  error • The name 'SourceLine' isn't a type, so it can't be used as a type argument • flutter/dev/snippets/test/snippet_parser_test.dart:164:18 • non_type_as_type_argument
  error • The function 'expect' isn't defined • flutter/dev/snippets/test/snippet_parser_test.dart:165:7 • undefined_function
  error • The function 'equals' isn't defined • flutter/dev/snippets/test/snippet_parser_test.dart:165:34 • undefined_function
  error • The function 'expect' isn't defined • flutter/dev/snippets/test/snippet_parser_test.dart:166:7 • undefined_function
  error • The function 'equals' isn't defined • flutter/dev/snippets/test/snippet_parser_test.dart:166:38 • undefined_function
  error • Target of URI doesn't exist: 'package:snippets/snippets.dart' • flutter/dev/snippets/test/snippets_test.dart:12:8 • uri_does_not_exist
  error • Target of URI doesn't exist: 'package:test/test.dart' • flutter/dev/snippets/test/snippets_test.dart:13:8 • uri_does_not_exist
  error • Classes can only extend other classes • flutter/dev/snippets/test/snippets_test.dart:18:38 • extends_non_class
   info • Unreachable member 'getFlutterRoot' in an executable library • flutter/dev/snippets/test/snippets_test.dart:24:13 • unreachable_from_main
warning • The method doesn't override an inherited method • flutter/dev/snippets/test/snippets_test.dart:24:13 • override_on_non_overriding_member
   info • Unreachable member 'getFlutterInformation' in an executable library • flutter/dev/snippets/test/snippets_test.dart:29:24 • unreachable_from_main
warning • The method doesn't override an inherited method • flutter/dev/snippets/test/snippets_test.dart:29:24 • override_on_non_overriding_member
  error • The function 'group' isn't defined • flutter/dev/snippets/test/snippets_test.dart:39:3 • undefined_function
  error • Undefined class 'FlutterRepoSnippetConfiguration' • flutter/dev/snippets/test/snippets_test.dart:41:10 • undefined_class
  error • Undefined class 'SnippetGenerator' • flutter/dev/snippets/test/snippets_test.dart:42:10 • undefined_class
  error • The 'case' shouldn't complete normally • flutter/dev/snippets/test/snippets_test.dart:47:9 • switch_case_completes_normally
  error • The function 'setUp' isn't defined • flutter/dev/snippets/test/snippets_test.dart:65:5 • undefined_function
  error • The function 'FlutterRepoSnippetConfiguration' isn't defined • flutter/dev/snippets/test/snippets_test.dart:69:23 • undefined_function
  error • Undefined name 'FlutterInformation' • flutter/dev/snippets/test/snippets_test.dart:75:7 • undefined_identifier
  error • The function 'SnippetGenerator' isn't defined • flutter/dev/snippets/test/snippets_test.dart:76:19 • undefined_function
  error • The function 'test' isn't defined • flutter/dev/snippets/test/snippets_test.dart:83:5 • undefined_function
  error • Undefined class 'SnippetDartdocParser' • flutter/dev/snippets/test/snippets_test.dart:111:13 • undefined_class
  error • The function 'SnippetDartdocParser' isn't defined • flutter/dev/snippets/test/snippets_test.dart:111:49 • undefined_function
  error • Undefined class 'SourceElement' • flutter/dev/snippets/test/snippets_test.dart:114:13 • undefined_class
  error • The function 'expect' isn't defined • flutter/dev/snippets/test/snippets_test.dart:122:7 • undefined_function
  error • Undefined name 'isNotEmpty' • flutter/dev/snippets/test/snippets_test.dart:122:31 • undefined_identifier
  error • The function 'expect' isn't defined • flutter/dev/snippets/test/snippets_test.dart:125:7 • undefined_function
  error • The function 'contains' isn't defined • flutter/dev/snippets/test/snippets_test.dart:125:20 • undefined_function
  error • The function 'expect' isn't defined • flutter/dev/snippets/test/snippets_test.dart:127:7 • undefined_function
  error • The function 'contains' isn't defined • flutter/dev/snippets/test/snippets_test.dart:127:20 • undefined_function
  error • The function 'expect' isn't defined • flutter/dev/snippets/test/snippets_test.dart:128:7 • undefined_function
  error • The function 'contains' isn't defined • flutter/dev/snippets/test/snippets_test.dart:128:20 • undefined_function
  error • The function 'expect' isn't defined • flutter/dev/snippets/test/snippets_test.dart:129:7 • undefined_function
  error • The function 'contains' isn't defined • flutter/dev/snippets/test/snippets_test.dart:129:20 • undefined_function
  error • The function 'expect' isn't defined • flutter/dev/snippets/test/snippets_test.dart:130:7 • undefined_function
  error • The function 'isNot' isn't defined • flutter/dev/snippets/test/snippets_test.dart:130:20 • undefined_function
  error • The function 'contains' isn't defined • flutter/dev/snippets/test/snippets_test.dart:130:26 • undefined_function
  error • The function 'expect' isn't defined • flutter/dev/snippets/test/snippets_test.dart:131:7 • undefined_function
  error • The function 'contains' isn't defined • flutter/dev/snippets/test/snippets_test.dart:133:9 • undefined_function
  error • The function 'expect' isn't defined • flutter/dev/snippets/test/snippets_test.dart:139:7 • undefined_function
  error • The function 'contains' isn't defined • flutter/dev/snippets/test/snippets_test.dart:139:20 • undefined_function
  error • The function 'expect' isn't defined • flutter/dev/snippets/test/snippets_test.dart:142:7 • undefined_function
  error • The function 'contains' isn't defined • flutter/dev/snippets/test/snippets_test.dart:142:30 • undefined_function
  error • The function 'test' isn't defined • flutter/dev/snippets/test/snippets_test.dart:145:5 • undefined_function
  error • Undefined class 'SnippetDartdocParser' • flutter/dev/snippets/test/snippets_test.dart:161:13 • undefined_class
  error • The function 'SnippetDartdocParser' isn't defined • flutter/dev/snippets/test/snippets_test.dart:161:49 • undefined_function
  error • Undefined class 'SourceElement' • flutter/dev/snippets/test/snippets_test.dart:164:13 • undefined_class
  error • The function 'expect' isn't defined • flutter/dev/snippets/test/snippets_test.dart:171:7 • undefined_function
  error • Undefined name 'isNotEmpty' • flutter/dev/snippets/test/snippets_test.dart:171:31 • undefined_identifier
  error • The function 'expect' isn't defined • flutter/dev/snippets/test/snippets_test.dart:174:7 • undefined_function
  error • The function 'contains' isn't defined • flutter/dev/snippets/test/snippets_test.dart:174:20 • undefined_function
  error • The function 'expect' isn't defined • flutter/dev/snippets/test/snippets_test.dart:176:7 • undefined_function
  error • The function 'contains' isn't defined • flutter/dev/snippets/test/snippets_test.dart:176:20 • undefined_function
  error • The function 'expect' isn't defined • flutter/dev/snippets/test/snippets_test.dart:177:7 • undefined_function
  error • The function 'contains' isn't defined • flutter/dev/snippets/test/snippets_test.dart:177:20 • undefined_function
  error • The function 'expect' isn't defined • flutter/dev/snippets/test/snippets_test.dart:178:7 • undefined_function
  error • The function 'contains' isn't defined • flutter/dev/snippets/test/snippets_test.dart:178:20 • undefined_function
  error • The function 'expect' isn't defined • flutter/dev/snippets/test/snippets_test.dart:179:7 • undefined_function
  error • The function 'contains' isn't defined • flutter/dev/snippets/test/snippets_test.dart:181:9 • undefined_function
  error • The function 'expect' isn't defined • flutter/dev/snippets/test/snippets_test.dart:186:7 • undefined_function
  error • The function 'contains' isn't defined • flutter/dev/snippets/test/snippets_test.dart:186:20 • undefined_function
  error • The function 'test' isn't defined • flutter/dev/snippets/test/snippets_test.dart:189:5 • undefined_function
  error • Undefined class 'SnippetDartdocParser' • flutter/dev/snippets/test/snippets_test.dart:215:13 • undefined_class
  error • The function 'SnippetDartdocParser' isn't defined • flutter/dev/snippets/test/snippets_test.dart:215:49 • undefined_function
  error • Undefined class 'SourceElement' • flutter/dev/snippets/test/snippets_test.dart:218:13 • undefined_class
  error • The function 'expect' isn't defined • flutter/dev/snippets/test/snippets_test.dart:225:7 • undefined_function
  error • Undefined name 'isNotEmpty' • flutter/dev/snippets/test/snippets_test.dart:225:31 • undefined_identifier
  error • The function 'expect' isn't defined • flutter/dev/snippets/test/snippets_test.dart:228:7 • undefined_function
  error • The function 'contains' isn't defined • flutter/dev/snippets/test/snippets_test.dart:228:20 • undefined_function
  error • The function 'expect' isn't defined • flutter/dev/snippets/test/snippets_test.dart:230:7 • undefined_function
  error • The function 'contains' isn't defined • flutter/dev/snippets/test/snippets_test.dart:230:20 • undefined_function
  error • The function 'expect' isn't defined • flutter/dev/snippets/test/snippets_test.dart:231:7 • undefined_function
  error • The function 'contains' isn't defined • flutter/dev/snippets/test/snippets_test.dart:231:20 • undefined_function
  error • The function 'expect' isn't defined • flutter/dev/snippets/test/snippets_test.dart:232:7 • undefined_function
  error • The function 'contains' isn't defined • flutter/dev/snippets/test/snippets_test.dart:234:9 • undefined_function
  error • The function 'test' isn't defined • flutter/dev/snippets/test/snippets_test.dart:240:5 • undefined_function
  error • Undefined class 'SnippetDartdocParser' • flutter/dev/snippets/test/snippets_test.dart:263:13 • undefined_class
  error • The function 'SnippetDartdocParser' isn't defined • flutter/dev/snippets/test/snippets_test.dart:263:49 • undefined_function
  error • Undefined class 'SourceElement' • flutter/dev/snippets/test/snippets_test.dart:266:13 • undefined_class
  error • The function 'expect' isn't defined • flutter/dev/snippets/test/snippets_test.dart:273:7 • undefined_function
  error • Undefined name 'isNotEmpty' • flutter/dev/snippets/test/snippets_test.dart:273:31 • undefined_identifier
  error • The function 'expect' isn't defined • flutter/dev/snippets/test/snippets_test.dart:276:7 • undefined_function
  error • Undefined name 'isTrue' • flutter/dev/snippets/test/snippets_test.dart:276:49 • undefined_identifier
  error • The function 'expect' isn't defined • flutter/dev/snippets/test/snippets_test.dart:279:7 • undefined_function
  error • The function 'equals' isn't defined • flutter/dev/snippets/test/snippets_test.dart:279:26 • undefined_function
  error • The function 'expect' isn't defined • flutter/dev/snippets/test/snippets_test.dart:280:7 • undefined_function
  error • The function 'equals' isn't defined • flutter/dev/snippets/test/snippets_test.dart:280:31 • undefined_function
  error • The function 'expect' isn't defined • flutter/dev/snippets/test/snippets_test.dart:281:7 • undefined_function
  error • The function 'equals' isn't defined • flutter/dev/snippets/test/snippets_test.dart:281:28 • undefined_function
  error • The function 'expect' isn't defined • flutter/dev/snippets/test/snippets_test.dart:282:7 • undefined_function
  error • The function 'equals' isn't defined • flutter/dev/snippets/test/snippets_test.dart:282:35 • undefined_function
  error • The function 'expect' isn't defined • flutter/dev/snippets/test/snippets_test.dart:283:7 • undefined_function
  error • The function 'equals' isn't defined • flutter/dev/snippets/test/snippets_test.dart:283:34 • undefined_function
  error • The function 'group' isn't defined • flutter/dev/snippets/test/snippets_test.dart:287:3 • undefined_function
  error • The function 'setUp' isn't defined • flutter/dev/snippets/test/snippets_test.dart:293:5 • undefined_function
  error • The function 'test' isn't defined • flutter/dev/snippets/test/snippets_test.dart:301:5 • undefined_function
  error • Undefined class 'FlutterInformation' • flutter/dev/snippets/test/snippets_test.dart:323:13 • undefined_class
  error • The function 'FlutterInformation' isn't defined • flutter/dev/snippets/test/snippets_test.dart:323:53 • undefined_function
  error • Undefined name 'FlutterInformation' • flutter/dev/snippets/test/snippets_test.dart:328:7 • undefined_identifier
  error • Undefined name 'errorExit' • flutter/dev/snippets/test/snippets_test.dart:332:7 • undefined_identifier
  error • The function 'expect' isn't defined • flutter/dev/snippets/test/snippets_test.dart:347:7 • undefined_function
  error • The function 'equals' isn't defined • flutter/dev/snippets/test/snippets_test.dart:349:9 • undefined_function
  error • The function 'expect' isn't defined • flutter/dev/snippets/test/snippets_test.dart:361:7 • undefined_function
  error • The function 'equals' isn't defined • flutter/dev/snippets/test/snippets_test.dart:363:9 • undefined_function
  error • The function 'expect' isn't defined • flutter/dev/snippets/test/snippets_test.dart:370:7 • undefined_function
  error • The function 'equals' isn't defined • flutter/dev/snippets/test/snippets_test.dart:370:28 • undefined_function
  error • The function 'expect' isn't defined • flutter/dev/snippets/test/snippets_test.dart:380:7 • undefined_function
  error • The function 'equals' isn't defined • flutter/dev/snippets/test/snippets_test.dart:380:49 • undefined_function
  error • The function 'expect' isn't defined • flutter/dev/snippets/test/snippets_test.dart:385:7 • undefined_function
  error • The function 'equals' isn't defined • flutter/dev/snippets/test/snippets_test.dart:385:28 • undefined_function
  error • Classes can only extend other classes • flutter/dev/snippets/test/snippets_test.dart:391:36 • extends_non_class
  error • Undefined class 'CodeSample' • flutter/dev/snippets/test/snippets_test.dart:392:8 • undefined_class
   info • Unreachable member 'generateCode' in an executable library • flutter/dev/snippets/test/snippets_test.dart:401:10 • unreachable_from_main
warning • The method doesn't override an inherited method • flutter/dev/snippets/test/snippets_test.dart:401:10 • override_on_non_overriding_member
  error • Undefined class 'CodeSample' • flutter/dev/snippets/test/snippets_test.dart:402:5 • undefined_class
   info • Unreachable member 'generateHtml' in an executable library • flutter/dev/snippets/test/snippets_test.dart:422:10 • unreachable_from_main
warning • The method doesn't override an inherited method • flutter/dev/snippets/test/snippets_test.dart:422:10 • override_on_non_overriding_member
  error • Undefined class 'CodeSample' • flutter/dev/snippets/test/snippets_test.dart:422:23 • undefined_class
  error • Target of URI doesn't exist: 'package:snippets/snippets.dart' • flutter/dev/snippets/test/util_test.dart:10:8 • uri_does_not_exist
  error • Target of URI doesn't exist: 'package:test/test.dart' • flutter/dev/snippets/test/util_test.dart:11:8 • uri_does_not_exist
  error • The function 'group' isn't defined • flutter/dev/snippets/test/util_test.dart:29:3 • undefined_function
  error • Undefined class 'FlutterInformation' • flutter/dev/snippets/test/util_test.dart:33:10 • undefined_class
  error • The function 'setUp' isn't defined • flutter/dev/snippets/test/util_test.dart:35:5 • undefined_function
  error • The function 'FlutterInformation' isn't defined • flutter/dev/snippets/test/util_test.dart:39:28 • undefined_function
  error • The function 'test' isn't defined • flutter/dev/snippets/test/util_test.dart:46:5 • undefined_function
  error • The function 'expect' isn't defined • flutter/dev/snippets/test/util_test.dart:49:7 • undefined_function
  error • The function 'equals' isn't defined • flutter/dev/snippets/test/util_test.dart:49:39 • undefined_function
  error • The function 'expect' isn't defined • flutter/dev/snippets/test/util_test.dart:50:7 • undefined_function
  error • The function 'equals' isn't defined • flutter/dev/snippets/test/util_test.dart:50:40 • undefined_function
  error • The function 'test' isn't defined • flutter/dev/snippets/test/util_test.dart:52:5 • undefined_function
  error • The function 'expect' isn't defined • flutter/dev/snippets/test/util_test.dart:55:7 • undefined_function
  error • The function 'equals' isn't defined • flutter/dev/snippets/test/util_test.dart:55:39 • undefined_function
  error • The function 'expect' isn't defined • flutter/dev/snippets/test/util_test.dart:56:7 • undefined_function
  error • The function 'equals' isn't defined • flutter/dev/snippets/test/util_test.dart:56:40 • undefined_function
  error • The function 'test' isn't defined • flutter/dev/snippets/test/util_test.dart:58:5 • undefined_function
  error • The function 'expect' isn't defined • flutter/dev/snippets/test/util_test.dart:61:7 • undefined_function
  error • The function 'equals' isn't defined • flutter/dev/snippets/test/util_test.dart:61:39 • undefined_function
  error • The function 'expect' isn't defined • flutter/dev/snippets/test/util_test.dart:62:7 • undefined_function
  error • The function 'equals' isn't defined • flutter/dev/snippets/test/util_test.dart:62:25 • undefined_function
  error • The function 'test' isn't defined • flutter/dev/snippets/test/util_test.dart:64:5 • undefined_function
  error • The function 'expect' isn't defined • flutter/dev/snippets/test/util_test.dart:67:7 • undefined_function
  error • The function 'equals' isn't defined • flutter/dev/snippets/test/util_test.dart:67:39 • undefined_function
  error • The function 'expect' isn't defined • flutter/dev/snippets/test/util_test.dart:68:7 • undefined_function
  error • The function 'equals' isn't defined • flutter/dev/snippets/test/util_test.dart:68:25 • undefined_function
  error • The function 'test' isn't defined • flutter/dev/snippets/test/util_test.dart:70:5 • undefined_function
  error • The function 'expect' isn't defined • flutter/dev/snippets/test/util_test.dart:73:7 • undefined_function
  error • Undefined name 'isNotNull' • flutter/dev/snippets/test/util_test.dart:73:40 • undefined_identifier
  error • The function 'expect' isn't defined • flutter/dev/snippets/test/util_test.dart:74:7 • undefined_function
  error • The function 'equals' isn't defined • flutter/dev/snippets/test/util_test.dart:74:40 • undefined_function
  error • The function 'expect' isn't defined • flutter/dev/snippets/test/util_test.dart:75:7 • undefined_function
  error • Undefined name 'isNotNull' • flutter/dev/snippets/test/util_test.dart:75:38 • undefined_identifier
  error • The function 'expect' isn't defined • flutter/dev/snippets/test/util_test.dart:76:7 • undefined_function
  error • The function 'equals' isn't defined • flutter/dev/snippets/test/util_test.dart:76:38 • undefined_function
  error • Target of URI doesn't exist: 'package:flutter_driver/driver_extension.dart' • flutter/dev/tools/android_driver_extensions/lib/extension.dart:8:8 • uri_does_not_exist
  error • Target of URI doesn't exist: 'package:flutter_driver/flutter_driver.dart' • flutter/dev/tools/android_driver_extensions/lib/extension.dart:9:8 • uri_does_not_exist
  error • Undefined class 'CommandExtension' • flutter/dev/tools/android_driver_extensions/lib/extension.dart:15:7 • undefined_class
   info • Type could be non-nullable • flutter/dev/tools/android_driver_extensions/lib/extension.dart:15:24 • unnecessary_nullable_for_final_variable_declarations
  error • This requires the 'class-modifiers' language feature to be enabled • flutter/dev/tools/android_driver_extensions/lib/extension.dart:27:1 • experiment_not_enabled
  error • Classes and mixins can only implement other classes and mixins • flutter/dev/tools/android_driver_extensions/lib/extension.dart:27:53 • implements_non_class
  error • The name 'Result' isn't a type, so it can't be used as a type argument • flutter/dev/tools/android_driver_extensions/lib/extension.dart:36:10 • non_type_as_type_argument
warning • The method doesn't override an inherited method • flutter/dev/tools/android_driver_extensions/lib/extension.dart:36:18 • override_on_non_overriding_member
  error • Undefined class 'Command' • flutter/dev/tools/android_driver_extensions/lib/extension.dart:37:5 • undefined_class
  error • Undefined class 'CreateFinderFactory' • flutter/dev/tools/android_driver_extensions/lib/extension.dart:39:5 • undefined_class
  error • Undefined class 'CommandHandlerFactory' • flutter/dev/tools/android_driver_extensions/lib/extension.dart:40:5 • undefined_class
  error • Expected to find ')' • flutter/dev/tools/android_driver_extensions/lib/extension.dart:45:44 • expected_token
  error • Local variable 'result' can't be referenced before it is declared • flutter/dev/tools/android_driver_extensions/lib/extension.dart:46:14 • referenced_before_declaration
  error • The final variable 'result' can't be read because it's potentially unassigned at this point • flutter/dev/tools/android_driver_extensions/lib/extension.dart:46:14 • read_potentially_unassigned_final
  error • The name 'Result' isn't a type, so it can't be used as a type argument • flutter/dev/tools/android_driver_extensions/lib/extension.dart:65:10 • non_type_as_type_argument
  error • Undefined name 'Result' • flutter/dev/tools/android_driver_extensions/lib/extension.dart:71:16 • undefined_identifier
  error • Undefined name 'Result' • flutter/dev/tools/android_driver_extensions/lib/extension.dart:74:16 • undefined_identifier
warning • The getter doesn't override an inherited getter • flutter/dev/tools/android_driver_extensions/lib/extension.dart:81:14 • override_on_non_overriding_member
warning • The method doesn't override an inherited method • flutter/dev/tools/android_driver_extensions/lib/extension.dart:84:17 • override_on_non_overriding_member
  error • Undefined class 'DeserializeFinderFactory' • flutter/dev/tools/android_driver_extensions/lib/extension.dart:86:5 • undefined_class
  error • Undefined class 'DeserializeCommandFactory' • flutter/dev/tools/android_driver_extensions/lib/extension.dart:87:5 • undefined_class
  error • This requires the 'class-modifiers' language feature to be enabled • flutter/dev/tools/android_driver_extensions/lib/extension.dart:108:1 • experiment_not_enabled
  error • Classes and mixins can only implement other classes and mixins • flutter/dev/tools/android_driver_extensions/lib/extension.dart:108:45 • implements_non_class
warning • The method doesn't override an inherited method • flutter/dev/tools/android_driver_extensions/lib/extension.dart:113:24 • override_on_non_overriding_member
  error • Target of URI doesn't exist: 'package:flutter_driver/flutter_driver.dart' • flutter/dev/tools/android_driver_extensions/lib/native_driver.dart:9:8 • uri_does_not_exist
  error • Target of URI doesn't exist: 'package:flutter_goldens/skia_client.dart' • flutter/dev/tools/android_driver_extensions/lib/skia_gold.dart:15:8 • uri_does_not_exist
  error • Target of URI doesn't exist: 'package:process/process.dart' • flutter/dev/tools/android_driver_extensions/lib/skia_gold.dart:19:8 • uri_does_not_exist
  error • Undefined class 'SkiaGoldClient' • flutter/dev/tools/android_driver_extensions/lib/skia_gold.dart:66:9 • undefined_class
  error • The function 'SkiaGoldClient' isn't defined • flutter/dev/tools/android_driver_extensions/lib/skia_gold.dart:66:41 • undefined_function
  error • The name 'LocalProcessManager' isn't a class • flutter/dev/tools/android_driver_extensions/lib/skia_gold.dart:69:20 • creation_with_non_type
  error • Undefined class 'SkiaGoldClient' • flutter/dev/tools/android_driver_extensions/lib/skia_gold.dart:84:3 • undefined_class
  error • This requires the 'class-modifiers' language feature to be enabled • flutter/dev/tools/android_driver_extensions/lib/skia_gold.dart:96:1 • experiment_not_enabled
  error • Undefined class 'SkiaGoldClient' • flutter/dev/tools/android_driver_extensions/lib/skia_gold.dart:101:9 • undefined_class
  error • The name 'SkiaException' isn't a type and can't be used in an on-catch clause • flutter/dev/tools/android_driver_extensions/lib/skia_gold.dart:131:10 • non_type_in_catch_clause
  error • This requires the 'null-aware-elements' language feature to be enabled • flutter/dev/tools/android_driver_extensions/lib/skia_gold.dart:161:31 • experiment_not_enabled
  error • The element type 'String?' can't be assigned to the list type 'String' • flutter/dev/tools/android_driver_extensions/lib/skia_gold.dart:161:32 • list_element_type_not_assignable
  error • Target of URI doesn't exist: 'package:process/process.dart' • flutter/dev/tools/android_driver_extensions/lib/src/backend/android/adb.dart:9:8 • uri_does_not_exist
warning • The value of the local variable '<unnamed>' isn't used • flutter/dev/tools/android_driver_extensions/lib/src/backend/android/adb.dart:25:22 • unused_local_variable
  error • Undefined class 'ProcessManager' • flutter/dev/tools/android_driver_extensions/lib/src/backend/android/adb.dart:28:24 • undefined_class
  error • Local variable 'String' can't be referenced before it is declared • flutter/dev/tools/android_driver_extensions/lib/src/backend/android/adb.dart:31:11 • referenced_before_declaration
   info • Type could be non-nullable • flutter/dev/tools/android_driver_extensions/lib/src/backend/android/adb.dart:31:18 • unnecessary_nullable_for_final_variable_declarations
  error • The name 'String' isn't a type, so it can't be used as a type argument • flutter/dev/tools/android_driver_extensions/lib/src/backend/android/adb.dart:32:28 • non_type_as_type_argument
  error • The name 'LocalProcessManager' isn't a class • flutter/dev/tools/android_driver_extensions/lib/src/backend/android/adb.dart:35:32 • creation_with_non_type
   info • Missing type annotation • flutter/dev/tools/android_driver_extensions/lib/src/backend/android/adb.dart:36:5 • always_specify_types
  error • Expected an identifier • flutter/dev/tools/android_driver_extensions/lib/src/backend/android/adb.dart:36:11 • missing_identifier
  error • Expected to find ';' • flutter/dev/tools/android_driver_extensions/lib/src/backend/android/adb.dart:36:11 • expected_token
   info • An uninitialized variable should have an explicit type annotation • flutter/dev/tools/android_driver_extensions/lib/src/backend/android/adb.dart:36:12 • prefer_typing_uninitialized_variables
warning • The type of  can't be inferred without either a type or initializer • flutter/dev/tools/android_driver_extensions/lib/src/backend/android/adb.dart:36:12 • inference_failure_on_uninitialized_variable
   info • The variable name 'String' isn't a lowerCamelCase identifier • flutter/dev/tools/android_driver_extensions/lib/src/backend/android/adb.dart:36:28 • non_constant_identifier_names
  error • Expected to find ';' • flutter/dev/tools/android_driver_extensions/lib/src/backend/android/adb.dart:36:28 • expected_token
  error • Expected an identifier • flutter/dev/tools/android_driver_extensions/lib/src/backend/android/adb.dart:36:34 • missing_identifier
   info • Unnecessary statement • flutter/dev/tools/android_driver_extensions/lib/src/backend/android/adb.dart:36:36 • unnecessary_statements
  error • Expected to find ';' • flutter/dev/tools/android_driver_extensions/lib/src/backend/android/adb.dart:36:36 • expected_token
  error • Undefined name 'error' • flutter/dev/tools/android_driver_extensions/lib/src/backend/android/adb.dart:36:36 • undefined_identifier
  error • Expected an identifier • flutter/dev/tools/android_driver_extensions/lib/src/backend/android/adb.dart:36:41 • missing_identifier
  error • Expected to find ':' • flutter/dev/tools/android_driver_extensions/lib/src/backend/android/adb.dart:36:41 • expected_token
  error • Unexpected text ';' • flutter/dev/tools/android_driver_extensions/lib/src/backend/android/adb.dart:36:41 • unexpected_token
  error • Expected an identifier • flutter/dev/tools/android_driver_extensions/lib/src/backend/android/adb.dart:36:43 • missing_identifier
  error • The non-nullable local variable 'connected' must be assigned before it can be used • flutter/dev/tools/android_driver_extensions/lib/src/backend/android/adb.dart:37:10 • not_assigned_potentially_non_nullable_local_variable
  error • Undefined name 'error' • flutter/dev/tools/android_driver_extensions/lib/src/backend/android/adb.dart:38:47 • undefined_identifier
  error • Undefined class 'ProcessManager' • flutter/dev/tools/android_driver_extensions/lib/src/backend/android/adb.dart:65:9 • undefined_class
  error • This requires the 'records' language feature to be enabled • flutter/dev/tools/android_driver_extensions/lib/src/backend/android/adb.dart:72:10 • experiment_not_enabled
   info • Unnecessary use of parentheses • flutter/dev/tools/android_driver_extensions/lib/src/backend/android/adb.dart:75:14 • unnecessary_parenthesis
  error • This requires the 'records' language feature to be enabled • flutter/dev/tools/android_driver_extensions/lib/src/backend/android/adb.dart:75:14 • experiment_not_enabled
   info • Unnecessary use of parentheses • flutter/dev/tools/android_driver_extensions/lib/src/backend/android/adb.dart:77:14 • unnecessary_parenthesis
  error • This requires the 'records' language feature to be enabled • flutter/dev/tools/android_driver_extensions/lib/src/backend/android/adb.dart:77:14 • experiment_not_enabled
  error • This requires the 'sealed-class' language feature to be enabled • flutter/dev/tools/android_driver_extensions/lib/src/backend/android/adb.dart:180:1 • experiment_not_enabled
  error • This requires the 'class-modifiers' language feature to be enabled • flutter/dev/tools/android_driver_extensions/lib/src/backend/android/adb.dart:192:1 • experiment_not_enabled
  error • This requires the 'class-modifiers' language feature to be enabled • flutter/dev/tools/android_driver_extensions/lib/src/backend/android/adb.dart:200:1 • experiment_not_enabled
  error • This requires the 'sealed-class' language feature to be enabled • flutter/dev/tools/android_driver_extensions/lib/src/backend/android/adb.dart:208:1 • experiment_not_enabled
  error • '_toAdbArgs' must have a method body because 'AndroidDeviceTarget' isn't abstract • flutter/dev/tools/android_driver_extensions/lib/src/backend/android/adb.dart:243:3 • concrete_class_with_abstract_member
  error • This requires the 'class-modifiers' language feature to be enabled • flutter/dev/tools/android_driver_extensions/lib/src/backend/android/adb.dart:247:1 • experiment_not_enabled
  error • This requires the 'class-modifiers' language feature to be enabled • flutter/dev/tools/android_driver_extensions/lib/src/backend/android/adb.dart:255:1 • experiment_not_enabled
  error • This requires the 'class-modifiers' language feature to be enabled • flutter/dev/tools/android_driver_extensions/lib/src/backend/android/adb.dart:262:1 • experiment_not_enabled
  error • This requires the 'class-modifiers' language feature to be enabled • flutter/dev/tools/android_driver_extensions/lib/src/backend/android/adb.dart:269:1 • experiment_not_enabled
  error • Target of URI doesn't exist: 'package:flutter_driver/flutter_driver.dart' • flutter/dev/tools/android_driver_extensions/lib/src/backend/android/driver.dart:8:8 • uri_does_not_exist
  error • This requires the 'class-modifiers' language feature to be enabled • flutter/dev/tools/android_driver_extensions/lib/src/backend/android/driver.dart:17:1 • experiment_not_enabled
  error • Undefined class 'FlutterDriver' • flutter/dev/tools/android_driver_extensions/lib/src/backend/android/driver.dart:24:14 • undefined_class
  error • Undefined class 'FlutterDriver' • flutter/dev/tools/android_driver_extensions/lib/src/backend/android/driver.dart:30:9 • undefined_class
  error • Undefined class 'FlutterDriver' • flutter/dev/tools/android_driver_extensions/lib/src/backend/android/driver.dart:42:5 • undefined_class
  error • This requires the 'class-modifiers' language feature to be enabled • flutter/dev/tools/android_driver_extensions/lib/src/backend/android/driver.dart:139:1 • experiment_not_enabled
  error • Target of URI doesn't exist: 'package:flutter_driver/src/common/message.dart' • flutter/dev/tools/android_driver_extensions/lib/src/common.dart:9:8 • uri_does_not_exist
  error • This requires the 'class-modifiers' language feature to be enabled • flutter/dev/tools/android_driver_extensions/lib/src/common.dart:12:1 • experiment_not_enabled
  error • Classes can only extend other classes • flutter/dev/tools/android_driver_extensions/lib/src/common.dart:12:35 • extends_non_class
  error • No associated named super constructor parameter • flutter/dev/tools/android_driver_extensions/lib/src/common.dart:14:59 • super_formal_parameter_without_associated_named
warning • The getter doesn't override an inherited getter • flutter/dev/tools/android_driver_extensions/lib/src/common.dart:43:14 • override_on_non_overriding_member
warning • The method doesn't override an inherited method • flutter/dev/tools/android_driver_extensions/lib/src/common.dart:46:23 • override_on_non_overriding_member
  error • The method 'serialize' isn't defined in a superclass of 'NativeCommand' • flutter/dev/tools/android_driver_extensions/lib/src/common.dart:47:50 • undefined_super_member
  error • This requires the 'class-modifiers' language feature to be enabled • flutter/dev/tools/android_driver_extensions/lib/src/common.dart:57:1 • experiment_not_enabled
  error • Classes can only extend other classes • flutter/dev/tools/android_driver_extensions/lib/src/common.dart:57:34 • extends_non_class
warning • The method doesn't override an inherited method • flutter/dev/tools/android_driver_extensions/lib/src/common.dart:62:24 • override_on_non_overriding_member
  error • This requires the 'sealed-class' language feature to be enabled • flutter/dev/tools/android_driver_extensions/lib/src/common.dart:66:1 • experiment_not_enabled
  error • This requires the 'class-modifiers' language feature to be enabled • flutter/dev/tools/android_driver_extensions/lib/src/common.dart:74:1 • experiment_not_enabled
  error • This requires the 'class-modifiers' language feature to be enabled • flutter/dev/tools/android_driver_extensions/lib/src/common.dart:101:1 • experiment_not_enabled
  error • This requires the 'class-modifiers' language feature to be enabled • flutter/dev/tools/android_driver_extensions/lib/src/driver.dart:19:10 • experiment_not_enabled
  error • This requires the 'class-modifiers' language feature to be enabled • flutter/dev/tools/android_driver_extensions/lib/src/driver.dart:82:10 • experiment_not_enabled
  error • Expected to find ';' • flutter/dev/tools/android_driver_extensions/lib/src/goldens.dart:24:3 • expected_token
warning • Dead code • flutter/dev/tools/android_driver_extensions/lib/src/goldens.dart:24:10 • dead_code
  error • Expected an identifier • flutter/dev/tools/android_driver_extensions/lib/src/goldens.dart:24:10 • missing_identifier
  error • Expected to find 'case' • flutter/dev/tools/android_driver_extensions/lib/src/goldens.dart:25:5 • expected_token
   info • Unnecessary empty statement • flutter/dev/tools/android_driver_extensions/lib/src/goldens.dart:27:4 • empty_statements
  error • This requires the 'class-modifiers' language feature to be enabled • flutter/dev/tools/android_driver_extensions/lib/src/goldens.dart:96:1 • experiment_not_enabled
  error • Expected to find ';' • flutter/dev/tools/android_driver_extensions/lib/src/goldens.dart:190:3 • expected_token
warning • Dead code • flutter/dev/tools/android_driver_extensions/lib/src/goldens.dart:190:10 • dead_code
  error • Expected an identifier • flutter/dev/tools/android_driver_extensions/lib/src/goldens.dart:190:10 • missing_identifier
  error • Expected to find 'case' • flutter/dev/tools/android_driver_extensions/lib/src/goldens.dart:191:5 • expected_token
   info • Unnecessary empty statement • flutter/dev/tools/android_driver_extensions/lib/src/goldens.dart:194:4 • empty_statements
  error • This requires the 'class-modifiers' language feature to be enabled • flutter/dev/tools/android_driver_extensions/lib/src/goldens.dart:198:1 • experiment_not_enabled
warning • The declaration '_MatchesGoldenFile' isn't referenced • flutter/dev/tools/android_driver_extensions/lib/src/goldens.dart:198:13 • unused_element
warning • The declaration '_MatchesGoldenFile.forStringPath' isn't referenced • flutter/dev/tools/android_driver_extensions/lib/src/goldens.dart:203:22 • unused_element
  error • Target of URI doesn't exist: 'package:android_driver_extensions/src/backend/android/adb.dart' • flutter/dev/tools/android_driver_extensions/test/adb_fake_io_test.dart:7:8 • uri_does_not_exist
  error • Target of URI doesn't exist: 'package:process/process.dart' • flutter/dev/tools/android_driver_extensions/test/adb_fake_io_test.dart:8:8 • uri_does_not_exist
  error • Target of URI doesn't exist: 'package:test/test.dart' • flutter/dev/tools/android_driver_extensions/test/adb_fake_io_test.dart:9:8 • uri_does_not_exist
  error • The function 'group' isn't defined • flutter/dev/tools/android_driver_extensions/test/adb_fake_io_test.dart:15:3 • undefined_function
  error • The function 'setUp' isn't defined • flutter/dev/tools/android_driver_extensions/test/adb_fake_io_test.dart:19:5 • undefined_function
  error • The function 'test' isn't defined • flutter/dev/tools/android_driver_extensions/test/adb_fake_io_test.dart:28:5 • undefined_function
  error • Undefined name 'Adb' • flutter/dev/tools/android_driver_extensions/test/adb_fake_io_test.dart:29:13 • undefined_identifier
  error • Undefined name 'AndroidDeviceTarget' • flutter/dev/tools/android_driver_extensions/test/adb_fake_io_test.dart:30:23 • undefined_identifier
  error • The function 'expect' isn't defined • flutter/dev/tools/android_driver_extensions/test/adb_fake_io_test.dart:34:7 • undefined_function
  error • The function 'test' isn't defined • flutter/dev/tools/android_driver_extensions/test/adb_fake_io_test.dart:37:5 • undefined_function
  error • Undefined name 'Adb' • flutter/dev/tools/android_driver_extensions/test/adb_fake_io_test.dart:38:13 • undefined_identifier
  error • Undefined name 'AndroidDeviceTarget' • flutter/dev/tools/android_driver_extensions/test/adb_fake_io_test.dart:39:23 • undefined_identifier
  error • The function 'expect' isn't defined • flutter/dev/tools/android_driver_extensions/test/adb_fake_io_test.dart:43:7 • undefined_function
  error • The function 'test' isn't defined • flutter/dev/tools/android_driver_extensions/test/adb_fake_io_test.dart:46:5 • undefined_function
  error • Undefined name 'Adb' • flutter/dev/tools/android_driver_extensions/test/adb_fake_io_test.dart:47:13 • undefined_identifier
  error • Undefined name 'AndroidDeviceTarget' • flutter/dev/tools/android_driver_extensions/test/adb_fake_io_test.dart:48:23 • undefined_identifier
  error • The function 'expect' isn't defined • flutter/dev/tools/android_driver_extensions/test/adb_fake_io_test.dart:52:7 • undefined_function
  error • The function 'test' isn't defined • flutter/dev/tools/android_driver_extensions/test/adb_fake_io_test.dart:55:5 • undefined_function
  error • Undefined name 'Adb' • flutter/dev/tools/android_driver_extensions/test/adb_fake_io_test.dart:56:13 • undefined_identifier
  error • Undefined name 'AndroidDeviceTarget' • flutter/dev/tools/android_driver_extensions/test/adb_fake_io_test.dart:57:23 • undefined_identifier
  error • The function 'expect' isn't defined • flutter/dev/tools/android_driver_extensions/test/adb_fake_io_test.dart:61:7 • undefined_function
  error • The function 'test' isn't defined • flutter/dev/tools/android_driver_extensions/test/adb_fake_io_test.dart:65:3 • undefined_function
  error • Undefined class 'ProcessManager' • flutter/dev/tools/android_driver_extensions/test/adb_fake_io_test.dart:66:11 • undefined_class
   info • Type could be non-nullable • flutter/dev/tools/android_driver_extensions/test/adb_fake_io_test.dart:66:26 • unnecessary_nullable_for_final_variable_declarations
  error • The function 'expect' isn't defined • flutter/dev/tools/android_driver_extensions/test/adb_fake_io_test.dart:73:5 • undefined_function
  error • Undefined name 'Adb' • flutter/dev/tools/android_driver_extensions/test/adb_fake_io_test.dart:74:7 • undefined_identifier
  error • The function 'throwsA' isn't defined • flutter/dev/tools/android_driver_extensions/test/adb_fake_io_test.dart:75:7 • undefined_function
  error • The function 'isA' isn't defined • flutter/dev/tools/android_driver_extensions/test/adb_fake_io_test.dart:76:9 • undefined_function
  error • The function 'test' isn't defined • flutter/dev/tools/android_driver_extensions/test/adb_fake_io_test.dart:85:3 • undefined_function
   info • Missing type annotation • flutter/dev/tools/android_driver_extensions/test/adb_fake_io_test.dart:91:14 • always_specify_types
   info • This expression is not valid in a 'case' clause in Dart 3.0 • flutter/dev/tools/android_driver_extensions/test/adb_fake_io_test.dart:91:14 • invalid_case_patterns
   info • Missing type annotation • flutter/dev/tools/android_driver_extensions/test/adb_fake_io_test.dart:93:14 • always_specify_types
   info • This expression is not valid in a 'case' clause in Dart 3.0 • flutter/dev/tools/android_driver_extensions/test/adb_fake_io_test.dart:93:14 • invalid_case_patterns
  error • Undefined class 'Adb' • flutter/dev/tools/android_driver_extensions/test/adb_fake_io_test.dart:100:11 • undefined_class
  error • Undefined name 'Adb' • flutter/dev/tools/android_driver_extensions/test/adb_fake_io_test.dart:100:27 • undefined_identifier
  error • The function 'expect' isn't defined • flutter/dev/tools/android_driver_extensions/test/adb_fake_io_test.dart:103:5 • undefined_function
  error • The function 'test' isn't defined • flutter/dev/tools/android_driver_extensions/test/adb_fake_io_test.dart:106:3 • undefined_function
   info • Missing type annotation • flutter/dev/tools/android_driver_extensions/test/adb_fake_io_test.dart:112:14 • always_specify_types
   info • This expression is not valid in a 'case' clause in Dart 3.0 • flutter/dev/tools/android_driver_extensions/test/adb_fake_io_test.dart:112:14 • invalid_case_patterns
   info • Missing type annotation • flutter/dev/tools/android_driver_extensions/test/adb_fake_io_test.dart:114:14 • always_specify_types
   info • This expression is not valid in a 'case' clause in Dart 3.0 • flutter/dev/tools/android_driver_extensions/test/adb_fake_io_test.dart:114:14 • invalid_case_patterns
  error • Undefined class 'Adb' • flutter/dev/tools/android_driver_extensions/test/adb_fake_io_test.dart:121:11 • undefined_class
  error • Undefined name 'Adb' • flutter/dev/tools/android_driver_extensions/test/adb_fake_io_test.dart:121:27 • undefined_identifier
  error • Target of URI doesn't exist: 'package:android_driver_extensions/native_driver.dart' • flutter/dev/tools/android_driver_extensions/test/android_driver_fake_test.dart:8:8 • uri_does_not_exist
  error • Target of URI doesn't exist: 'package:test/test.dart' • flutter/dev/tools/android_driver_extensions/test/android_driver_fake_test.dart:9:8 • uri_does_not_exist
  error • The function 'test' isn't defined • flutter/dev/tools/android_driver_extensions/test/android_driver_fake_test.dart:15:3 • undefined_function
  error • Undefined class 'AndroidNativeDriver' • flutter/dev/tools/android_driver_extensions/test/android_driver_fake_test.dart:18:11 • undefined_class
  error • Undefined name 'AndroidNativeDriver' • flutter/dev/tools/android_driver_extensions/test/android_driver_fake_test.dart:18:40 • undefined_identifier
  error • Undefined class 'NativeScreenshot' • flutter/dev/tools/android_driver_extensions/test/android_driver_fake_test.dart:24:11 • undefined_class
  error • The function 'expectLater' isn't defined • flutter/dev/tools/android_driver_extensions/test/android_driver_fake_test.dart:25:11 • undefined_function
  error • The function 'completion' isn't defined • flutter/dev/tools/android_driver_extensions/test/android_driver_fake_test.dart:25:49 • undefined_function
  error • The function 'expect' isn't defined • flutter/dev/tools/android_driver_extensions/test/android_driver_fake_test.dart:29:5 • undefined_function
  error • The function 'completion' isn't defined • flutter/dev/tools/android_driver_extensions/test/android_driver_fake_test.dart:29:32 • undefined_function
  error • The function 'test' isn't defined • flutter/dev/tools/android_driver_extensions/test/android_driver_fake_test.dart:34:3 • undefined_function
  error • Undefined class 'AndroidNativeDriver' • flutter/dev/tools/android_driver_extensions/test/android_driver_fake_test.dart:37:11 • undefined_class
  error • Undefined name 'AndroidNativeDriver' • flutter/dev/tools/android_driver_extensions/test/android_driver_fake_test.dart:37:40 • undefined_identifier
  error • The function 'expect' isn't defined • flutter/dev/tools/android_driver_extensions/test/android_driver_fake_test.dart:43:5 • undefined_function
  error • Undefined name 'isTrue' • flutter/dev/tools/android_driver_extensions/test/android_driver_fake_test.dart:43:33 • undefined_identifier
  error • The function 'expect' isn't defined • flutter/dev/tools/android_driver_extensions/test/android_driver_fake_test.dart:45:5 • undefined_function
  error • Undefined name 'isFalse' • flutter/dev/tools/android_driver_extensions/test/android_driver_fake_test.dart:45:33 • undefined_identifier
  error • Target of URI doesn't exist: 'package:android_driver_extensions/native_driver.dart' • flutter/dev/tools/android_driver_extensions/test/matches_golden_file_test.dart:7:8 • uri_does_not_exist
  error • Target of URI doesn't exist: 'package:test/fake.dart' • flutter/dev/tools/android_driver_extensions/test/matches_golden_file_test.dart:11:8 • uri_does_not_exist
  error • Target of URI doesn't exist: 'package:test/test.dart' • flutter/dev/tools/android_driver_extensions/test/matches_golden_file_test.dart:12:8 • uri_does_not_exist
  error • The function 'test' isn't defined • flutter/dev/tools/android_driver_extensions/test/matches_golden_file_test.dart:15:3 • undefined_function
  error • Undefined name 'goldenFileComparator' • flutter/dev/tools/android_driver_extensions/test/matches_golden_file_test.dart:16:5 • undefined_identifier
  error • The function 'matchesGoldenFile' isn't defined • flutter/dev/tools/android_driver_extensions/test/matches_golden_file_test.dart:17:34 • undefined_function
  error • The function 'expectLater' isn't defined • flutter/dev/tools/android_driver_extensions/test/matches_golden_file_test.dart:18:11 • undefined_function
  error • The function 'completion' isn't defined • flutter/dev/tools/android_driver_extensions/test/matches_golden_file_test.dart:18:57 • undefined_function
  error • Undefined name 'isNull' • flutter/dev/tools/android_driver_extensions/test/matches_golden_file_test.dart:18:68 • undefined_identifier
  error • The function 'test' isn't defined • flutter/dev/tools/android_driver_extensions/test/matches_golden_file_test.dart:21:3 • undefined_function
  error • Undefined name 'goldenFileComparator' • flutter/dev/tools/android_driver_extensions/test/matches_golden_file_test.dart:22:5 • undefined_identifier
  error • The function 'matchesGoldenFile' isn't defined • flutter/dev/tools/android_driver_extensions/test/matches_golden_file_test.dart:23:34 • undefined_function
  error • The function 'expectLater' isn't defined • flutter/dev/tools/android_driver_extensions/test/matches_golden_file_test.dart:24:11 • undefined_function
  error • The function 'completion' isn't defined • flutter/dev/tools/android_driver_extensions/test/matches_golden_file_test.dart:24:57 • undefined_function
  error • The function 'contains' isn't defined • flutter/dev/tools/android_driver_extensions/test/matches_golden_file_test.dart:24:68 • undefined_function
  error • The function 'test' isn't defined • flutter/dev/tools/android_driver_extensions/test/matches_golden_file_test.dart:27:3 • undefined_function
  error • Undefined name 'goldenFileComparator' • flutter/dev/tools/android_driver_extensions/test/matches_golden_file_test.dart:28:5 • undefined_identifier
  error • The function 'matchesGoldenFile' isn't defined • flutter/dev/tools/android_driver_extensions/test/matches_golden_file_test.dart:29:34 • undefined_function
  error • The function 'expectLater' isn't defined • flutter/dev/tools/android_driver_extensions/test/matches_golden_file_test.dart:30:11 • undefined_function
  error • The function 'completion' isn't defined • flutter/dev/tools/android_driver_extensions/test/matches_golden_file_test.dart:30:57 • undefined_function
  error • The function 'contains' isn't defined • flutter/dev/tools/android_driver_extensions/test/matches_golden_file_test.dart:30:68 • undefined_function
  error • The function 'test' isn't defined • flutter/dev/tools/android_driver_extensions/test/matches_golden_file_test.dart:33:3 • undefined_function
  error • Undefined name 'goldenFileComparator' • flutter/dev/tools/android_driver_extensions/test/matches_golden_file_test.dart:34:5 • undefined_identifier
  error • The function 'matchesGoldenFile' isn't defined • flutter/dev/tools/android_driver_extensions/test/matches_golden_file_test.dart:35:34 • undefined_function
  error • The function 'expectLater' isn't defined • flutter/dev/tools/android_driver_extensions/test/matches_golden_file_test.dart:36:11 • undefined_function
  error • Undefined name 'throwsStateError' • flutter/dev/tools/android_driver_extensions/test/matches_golden_file_test.dart:36:57 • undefined_identifier
  error • This requires the 'class-modifiers' language feature to be enabled • flutter/dev/tools/android_driver_extensions/test/matches_golden_file_test.dart:40:1 • experiment_not_enabled
  error • Classes can only extend other classes • flutter/dev/tools/android_driver_extensions/test/matches_golden_file_test.dart:40:47 • extends_non_class
  error • Classes and mixins can only implement other classes and mixins • flutter/dev/tools/android_driver_extensions/test/matches_golden_file_test.dart:40:63 • implements_non_class
warning • The method doesn't override an inherited method • flutter/dev/tools/android_driver_extensions/test/matches_golden_file_test.dart:45:16 • override_on_non_overriding_member
  error • Expected to find ';' • flutter/dev/tools/android_driver_extensions/test/matches_golden_file_test.dart:46:5 • expected_token
warning • Dead code • flutter/dev/tools/android_driver_extensions/test/matches_golden_file_test.dart:46:12 • dead_code
warning • Missing case clause for 'alwaysFail' • flutter/dev/tools/android_driver_extensions/test/matches_golden_file_test.dart:46:12 • missing_enum_constant_in_switch
warning • Missing case clause for 'alwaysPass' • flutter/dev/tools/android_driver_extensions/test/matches_golden_file_test.dart:46:12 • missing_enum_constant_in_switch
warning • Missing case clause for 'alwaysThrowStateError' • flutter/dev/tools/android_driver_extensions/test/matches_golden_file_test.dart:46:12 • missing_enum_constant_in_switch
warning • Missing case clause for 'alwaysThrowTestFailure' • flutter/dev/tools/android_driver_extensions/test/matches_golden_file_test.dart:46:12 • missing_enum_constant_in_switch
  error • Expected an identifier • flutter/dev/tools/android_driver_extensions/test/matches_golden_file_test.dart:46:12 • missing_identifier
  error • Expected to find 'case' • flutter/dev/tools/android_driver_extensions/test/matches_golden_file_test.dart:47:7 • expected_token
   info • Unnecessary empty statement • flutter/dev/tools/android_driver_extensions/test/matches_golden_file_test.dart:51:6 • empty_statements
warning • The method doesn't override an inherited method • flutter/dev/tools/android_driver_extensions/test/matches_golden_file_test.dart:55:7 • override_on_non_overriding_member
  error • Target of URI doesn't exist: 'package:android_driver_extensions/native_driver.dart' • flutter/dev/tools/android_driver_extensions/test/skia_gold_test.dart:7:8 • uri_does_not_exist
  error • Target of URI doesn't exist: 'package:android_driver_extensions/skia_gold.dart' • flutter/dev/tools/android_driver_extensions/test/skia_gold_test.dart:8:8 • uri_does_not_exist
  error • Target of URI doesn't exist: 'package:flutter_goldens/skia_client.dart' • flutter/dev/tools/android_driver_extensions/test/skia_gold_test.dart:10:8 • uri_does_not_exist
  error • Target of URI doesn't exist: 'package:test/fake.dart' • flutter/dev/tools/android_driver_extensions/test/skia_gold_test.dart:11:8 • uri_does_not_exist
  error • Target of URI doesn't exist: 'package:test/test.dart' • flutter/dev/tools/android_driver_extensions/test/skia_gold_test.dart:12:8 • uri_does_not_exist
  error • The function 'test' isn't defined • flutter/dev/tools/android_driver_extensions/test/skia_gold_test.dart:16:3 • undefined_function
  error • Undefined class 'SkiaGoldClient' • flutter/dev/tools/android_driver_extensions/test/skia_gold_test.dart:17:11 • undefined_class
   info • Type could be non-nullable • flutter/dev/tools/android_driver_extensions/test/skia_gold_test.dart:17:26 • unnecessary_nullable_for_final_variable_declarations
  error • The function 'enableSkiaGoldComparatorForTesting' isn't defined • flutter/dev/tools/android_driver_extensions/test/skia_gold_test.dart:18:11 • undefined_function
  error • The function 'expectLater' isn't defined • flutter/dev/tools/android_driver_extensions/test/skia_gold_test.dart:20:11 • undefined_function
  error • Undefined name 'goldenFileComparator' • flutter/dev/tools/android_driver_extensions/test/skia_gold_test.dart:21:7 • undefined_identifier
  error • The function 'throwsA' isn't defined • flutter/dev/tools/android_driver_extensions/test/skia_gold_test.dart:22:7 • undefined_function
  error • The function 'isA' isn't defined • flutter/dev/tools/android_driver_extensions/test/skia_gold_test.dart:23:9 • undefined_function
  error • The name 'TestFailure' isn't a type, so it can't be used as a type argument • flutter/dev/tools/android_driver_extensions/test/skia_gold_test.dart:23:13 • non_type_as_type_argument
  error • The function 'contains' isn't defined • flutter/dev/tools/android_driver_extensions/test/skia_gold_test.dart:26:11 • undefined_function
  error • This requires the 'class-modifiers' language feature to be enabled • flutter/dev/tools/android_driver_extensions/test/skia_gold_test.dart:33:1 • experiment_not_enabled
  error • Classes can only extend other classes • flutter/dev/tools/android_driver_extensions/test/skia_gold_test.dart:33:42 • extends_non_class
  error • Classes and mixins can only implement other classes and mixins • flutter/dev/tools/android_driver_extensions/test/skia_gold_test.dart:33:58 • implements_non_class
warning • The method doesn't override an inherited method • flutter/dev/tools/android_driver_extensions/test/skia_gold_test.dart:35:16 • override_on_non_overriding_member
warning • The method doesn't override an inherited method • flutter/dev/tools/android_driver_extensions/test/skia_gold_test.dart:38:16 • override_on_non_overriding_member
warning • The method doesn't override an inherited method • flutter/dev/tools/android_driver_extensions/test/skia_gold_test.dart:41:16 • override_on_non_overriding_member
  error • The name 'SkiaException' isn't a class • flutter/dev/tools/android_driver_extensions/test/skia_gold_test.dart:42:17 • creation_with_non_type
  error • Target of URI doesn't exist: 'package:android_driver_extensions/src/backend/android.dart' • flutter/dev/tools/android_driver_extensions/test/src/fake_adb.dart:7:8 • uri_does_not_exist
  error • This requires the 'class-modifiers' language feature to be enabled • flutter/dev/tools/android_driver_extensions/test/src/fake_adb.dart:12:1 • experiment_not_enabled
  error • Classes and mixins can only implement other classes and mixins • flutter/dev/tools/android_driver_extensions/test/src/fake_adb.dart:12:32 • implements_non_class
  error • This requires the 'records' language feature to be enabled • flutter/dev/tools/android_driver_extensions/test/src/fake_adb.dart:14:12 • experiment_not_enabled
  error • This requires the 'records' language feature to be enabled • flutter/dev/tools/android_driver_extensions/test/src/fake_adb.dart:32:10 • experiment_not_enabled
warning • The method doesn't override an inherited method • flutter/dev/tools/android_driver_extensions/test/src/fake_adb.dart:32:27 • override_on_non_overriding_member
   info • Unnecessary use of parentheses • flutter/dev/tools/android_driver_extensions/test/src/fake_adb.dart:33:42 • unnecessary_parenthesis
  error • This requires the 'records' language feature to be enabled • flutter/dev/tools/android_driver_extensions/test/src/fake_adb.dart:33:42 • experiment_not_enabled
  error • This requires the 'records' language feature to be enabled • flutter/dev/tools/android_driver_extensions/test/src/fake_adb.dart:36:16 • experiment_not_enabled
warning • The method doesn't override an inherited method • flutter/dev/tools/android_driver_extensions/test/src/fake_adb.dart:39:21 • override_on_non_overriding_member
warning • The method doesn't override an inherited method • flutter/dev/tools/android_driver_extensions/test/src/fake_adb.dart:46:16 • override_on_non_overriding_member
warning • The method doesn't override an inherited method • flutter/dev/tools/android_driver_extensions/test/src/fake_adb.dart:53:16 • override_on_non_overriding_member
warning • The method doesn't override an inherited method • flutter/dev/tools/android_driver_extensions/test/src/fake_adb.dart:60:16 • override_on_non_overriding_member
warning • The method doesn't override an inherited method • flutter/dev/tools/android_driver_extensions/test/src/fake_adb.dart:67:16 • override_on_non_overriding_member
warning • The method doesn't override an inherited method • flutter/dev/tools/android_driver_extensions/test/src/fake_adb.dart:74:16 • override_on_non_overriding_member
warning • The method doesn't override an inherited method • flutter/dev/tools/android_driver_extensions/test/src/fake_adb.dart:81:16 • override_on_non_overriding_member
  error • Target of URI doesn't exist: 'package:flutter_driver/flutter_driver.dart' • flutter/dev/tools/android_driver_extensions/test/src/fake_driver.dart:5:8 • uri_does_not_exist
  error • This requires the 'class-modifiers' language feature to be enabled • flutter/dev/tools/android_driver_extensions/test/src/fake_driver.dart:8:1 • experiment_not_enabled
  error • Classes and mixins can only implement other classes and mixins • flutter/dev/tools/android_driver_extensions/test/src/fake_driver.dart:8:42 • implements_non_class
  error • Target of URI doesn't exist: 'package:process/process.dart' • flutter/dev/tools/android_driver_extensions/test/src/fake_process_manager.dart:10:8 • uri_does_not_exist
  error • This requires the 'class-modifiers' language feature to be enabled • flutter/dev/tools/android_driver_extensions/test/src/fake_process_manager.dart:13:1 • experiment_not_enabled
  error • Classes can only extend other classes • flutter/dev/tools/android_driver_extensions/test/src/fake_process_manager.dart:13:40 • extends_non_class
warning • The method doesn't override an inherited method • flutter/dev/tools/android_driver_extensions/test/src/fake_process_manager.dart:22:25 • override_on_non_overriding_member
warning • The value of the local variable '<unnamed>' isn't used • flutter/dev/tools/android_driver_extensions/test/src/fake_process_manager.dart:22:25 • unused_local_variable
   info • Missing type annotation • flutter/dev/tools/android_driver_extensions/test/src/fake_process_manager.dart:32:5 • always_specify_types
  error • Expected an identifier • flutter/dev/tools/android_driver_extensions/test/src/fake_process_manager.dart:32:11 • missing_identifier
  error • Expected to find ';' • flutter/dev/tools/android_driver_extensions/test/src/fake_process_manager.dart:32:11 • expected_token
   info • An uninitialized variable should have an explicit type annotation • flutter/dev/tools/android_driver_extensions/test/src/fake_process_manager.dart:32:12 • prefer_typing_uninitialized_variables
warning • The type of  can't be inferred without either a type or initializer • flutter/dev/tools/android_driver_extensions/test/src/fake_process_manager.dart:32:12 • inference_failure_on_uninitialized_variable
  error • Expected an identifier • flutter/dev/tools/android_driver_extensions/test/src/fake_process_manager.dart:32:31 • missing_identifier
  error • Expected to find ';' • flutter/dev/tools/android_driver_extensions/test/src/fake_process_manager.dart:32:31 • expected_token
  error • Expected to find ';' • flutter/dev/tools/android_driver_extensions/test/src/fake_process_manager.dart:32:47 • expected_token
  error • Expected an identifier • flutter/dev/tools/android_driver_extensions/test/src/fake_process_manager.dart:32:56 • missing_identifier
  error • Unexpected text ';' • flutter/dev/tools/android_driver_extensions/test/src/fake_process_manager.dart:32:56 • unexpected_token
  error • Expected an identifier • flutter/dev/tools/android_driver_extensions/test/src/fake_process_manager.dart:32:58 • missing_identifier
  error • The non-nullable local variable 'executable' must be assigned before it can be used • flutter/dev/tools/android_driver_extensions/test/src/fake_process_manager.dart:33:25 • not_assigned_potentially_non_nullable_local_variable
  error • The non-nullable local variable 'arguments' must be assigned before it can be used • flutter/dev/tools/android_driver_extensions/test/src/fake_process_manager.dart:33:37 • not_assigned_potentially_non_nullable_local_variable
  error • Target of URI doesn't exist: 'package:dev_tools/check_engine_version.dart' • flutter/dev/tools/bin/check_engine_version.dart:8:8 • uri_does_not_exist
  error • The function 'checkEngineVersion' isn't defined • flutter/dev/tools/bin/check_engine_version.dart:39:29 • undefined_function
  error • Target of URI doesn't exist: 'package:process_runner/process_runner.dart' • flutter/dev/tools/bin/format.dart:9:8 • uri_does_not_exist
  error • The method 'ProcessRunner' isn't defined for the type 'DartFormatChecker' • flutter/dev/tools/bin/format.dart:60:23 • undefined_method
  error • Undefined class 'ProcessRunner' • flutter/dev/tools/bin/format.dart:64:9 • undefined_class
  error • The name 'ProcessRunnerException' isn't a type and can't be used in an on-catch clause • flutter/dev/tools/bin/format.dart:98:10 • non_type_in_catch_clause
  error • Undefined class 'ProcessRunner' • flutter/dev/tools/bin/format.dart:106:5 • undefined_class
  error • Undefined class 'ProcessRunnerResult' • flutter/dev/tools/bin/format.dart:109:11 • undefined_class
  error • The name 'WorkerJob' isn't a type, so it can't be used as a type argument • flutter/dev/tools/bin/format.dart:151:16 • non_type_as_type_argument
  error • The name 'WorkerJob' isn't a type, so it can't be used as a type argument • flutter/dev/tools/bin/format.dart:151:35 • non_type_as_type_argument
  error • The method 'WorkerJob' isn't defined for the type 'DartFormatChecker' • flutter/dev/tools/bin/format.dart:153:16 • undefined_method
  error • Undefined class 'ProcessPool' • flutter/dev/tools/bin/format.dart:155:11 • undefined_class
  error • The method 'ProcessPool' isn't defined for the type 'DartFormatChecker' • flutter/dev/tools/bin/format.dart:155:33 • undefined_method
  error • The name 'WorkerJob' isn't a type, so it can't be used as a type argument • flutter/dev/tools/bin/format.dart:160:14 • non_type_as_type_argument
  error • The name 'WorkerJob' isn't a type, so it can't be used as a type argument • flutter/dev/tools/bin/format.dart:161:16 • non_type_as_type_argument
  error • The name 'WorkerJob' isn't a type, so it can't be used as a type argument • flutter/dev/tools/bin/format.dart:161:40 • non_type_as_type_argument
  error • The name 'WorkerJob' isn't a type, so it can't be used as a type argument • flutter/dev/tools/bin/format.dart:163:20 • non_type_as_type_argument
  error • The name 'WorkerJob' isn't a type, so it can't be used as a type argument • flutter/dev/tools/bin/format.dart:164:18 • non_type_as_type_argument
  error • The name 'WorkerJob' isn't a type, so it can't be used as a type argument • flutter/dev/tools/bin/format.dart:164:41 • non_type_as_type_argument
  error • Undefined class 'WorkerJob' • flutter/dev/tools/bin/format.dart:165:24 • undefined_class
  error • The method 'WorkerJob' isn't defined for the type 'DartFormatChecker' • flutter/dev/tools/bin/format.dart:171:13 • undefined_method
  error • Undefined class 'ProcessPool' • flutter/dev/tools/bin/format.dart:184:13 • undefined_class
  error • The method 'ProcessPool' isn't defined for the type 'DartFormatChecker' • flutter/dev/tools/bin/format.dart:184:36 • undefined_method
  error • The name 'WorkerJob' isn't a type, so it can't be used as a type argument • flutter/dev/tools/bin/format.dart:188:18 • non_type_as_type_argument
  error • Undefined class 'WorkerJob' • flutter/dev/tools/bin/format.dart:189:41 • undefined_class
  error • The name 'WorkerJob' isn't a type, so it can't be used as a type argument • flutter/dev/tools/bin/format.dart:191:18 • non_type_as_type_argument
  error • The name 'WorkerJob' isn't a type, so it can't be used as a type argument • flutter/dev/tools/bin/format.dart:192:18 • non_type_as_type_argument
  error • The name 'WorkerJob' isn't a type, so it can't be used as a type argument • flutter/dev/tools/bin/format.dart:192:58 • non_type_as_type_argument
  error • Undefined class 'WorkerJob' • flutter/dev/tools/bin/format.dart:193:18 • undefined_class
  error • Undefined class 'WorkerJob' • flutter/dev/tools/bin/format.dart:218:19 • undefined_class
  error • Undefined class 'WorkerJob' • flutter/dev/tools/bin/format.dart:224:20 • undefined_class
  error • The name 'WorkerJob' isn't a type, so it can't be used as a type argument • flutter/dev/tools/bin/format.dart:247:29 • non_type_as_type_argument
  error • Undefined class 'WorkerJob' • flutter/dev/tools/bin/format.dart:254:18 • undefined_class
  error • Undefined class 'ProcessPoolProgressReporter' • flutter/dev/tools/bin/format.dart:263:1 • undefined_class
warning • The value of the local variable 'filesChanged' isn't used • flutter/dev/tools/bin/get_files_changed.dart:27:22 • unused_local_variable
warning • The value of the local variable 'output' isn't used • flutter/dev/tools/bin/get_files_changed.dart:49:17 • unused_local_variable
  error • Expected an identifier • flutter/dev/tools/bin/get_files_changed.dart:50:21 • missing_identifier
  error • Expected to find ')' • flutter/dev/tools/bin/get_files_changed.dart:50:21 • expected_token
  error • Target of URI doesn't exist: 'package:process/process.dart' • flutter/dev/tools/create_api_docs.dart:18:8 • uri_does_not_exist
  error • This requires the 'records' language feature to be enabled • flutter/dev/tools/create_api_docs.dart:28:19 • experiment_not_enabled
  error • This requires the 'records' language feature to be enabled • flutter/dev/tools/create_api_docs.dart:28:79 • experiment_not_enabled
   info • Unnecessary use of parentheses • flutter/dev/tools/create_api_docs.dart:29:18 • unnecessary_parenthesis
  error • This requires the 'records' language feature to be enabled • flutter/dev/tools/create_api_docs.dart:29:18 • experiment_not_enabled
  error • Undefined class 'ProcessManager' • flutter/dev/tools/create_api_docs.dart:99:9 • undefined_class
  error • Const variables must be initialized with a constant value • flutter/dev/tools/create_api_docs.dart:99:41 • const_initialized_with_non_constant_value
  error • The function 'LocalProcessManager' isn't defined • flutter/dev/tools/create_api_docs.dart:99:41 • undefined_function
  error • Undefined class 'ProcessManager' • flutter/dev/tools/create_api_docs.dart:224:9 • undefined_class
  error • Undefined class 'ProcessWrapper' • flutter/dev/tools/create_api_docs.dart:406:11 • undefined_class
  error • The method 'ProcessWrapper' isn't defined for the type 'Configurator' • flutter/dev/tools/create_api_docs.dart:406:35 • undefined_method
  error • Undefined class 'ProcessManager' • flutter/dev/tools/create_api_docs.dart:544:9 • undefined_class
  error • Undefined class 'ProcessWrapper' • flutter/dev/tools/create_api_docs.dart:569:5 • undefined_class
  error • The method 'ProcessWrapper' isn't defined for the type 'DartdocGenerator' • flutter/dev/tools/create_api_docs.dart:569:30 • undefined_method
  error • The method 'ProcessWrapper' isn't defined for the type 'DartdocGenerator' • flutter/dev/tools/create_api_docs.dart:710:15 • undefined_method
  error • Undefined class 'ProcessManager' • flutter/dev/tools/create_api_docs.dart:1044:57 • undefined_class
  error • Undefined class 'ProcessManager' • flutter/dev/tools/create_api_docs.dart:1063:57 • undefined_class
  error • Undefined class 'ProcessManager' • flutter/dev/tools/create_api_docs.dart:1086:22 • undefined_class
  error • The name 'LocalProcessManager' isn't a class • flutter/dev/tools/create_api_docs.dart:1086:60 • creation_with_non_type
  error • The name 'LocalProcessManager' isn't a class • flutter/dev/tools/create_api_docs.dart:1145:33 • creation_with_non_type
  error • Undefined class 'ProcessManager' • flutter/dev/tools/create_api_docs.dart:1150:9 • undefined_class
  error • Target of URI doesn't exist: 'package:process/process.dart' • flutter/dev/tools/examples_smoke_test.dart:18:8 • uri_does_not_exist
  error • Undefined class 'ProcessManager' • flutter/dev/tools/examples_smoke_test.dart:21:7 • undefined_class
  error • Const variables must be initialized with a constant value • flutter/dev/tools/examples_smoke_test.dart:21:41 • const_initialized_with_non_constant_value
  error • The function 'LocalProcessManager' isn't defined • flutter/dev/tools/examples_smoke_test.dart:21:41 • undefined_function
  error • Target of URI doesn't exist: 'package:gen_defaults/action_chip_template.dart' • flutter/dev/tools/gen_defaults/bin/gen_defaults.dart:17:8 • uri_does_not_exist
  error • Target of URI doesn't exist: 'package:gen_defaults/app_bar_template.dart' • flutter/dev/tools/gen_defaults/bin/gen_defaults.dart:18:8 • uri_does_not_exist
  error • Target of URI doesn't exist: 'package:gen_defaults/badge_template.dart' • flutter/dev/tools/gen_defaults/bin/gen_defaults.dart:19:8 • uri_does_not_exist
  error • Target of URI doesn't exist: 'package:gen_defaults/banner_template.dart' • flutter/dev/tools/gen_defaults/bin/gen_defaults.dart:20:8 • uri_does_not_exist
  error • Target of URI doesn't exist: 'package:gen_defaults/bottom_app_bar_template.dart' • flutter/dev/tools/gen_defaults/bin/gen_defaults.dart:21:8 • uri_does_not_exist
  error • Target of URI doesn't exist: 'package:gen_defaults/bottom_sheet_template.dart' • flutter/dev/tools/gen_defaults/bin/gen_defaults.dart:22:8 • uri_does_not_exist
  error • Target of URI doesn't exist: 'package:gen_defaults/button_template.dart' • flutter/dev/tools/gen_defaults/bin/gen_defaults.dart:23:8 • uri_does_not_exist
  error • Target of URI doesn't exist: 'package:gen_defaults/card_template.dart' • flutter/dev/tools/gen_defaults/bin/gen_defaults.dart:24:8 • uri_does_not_exist
  error • Target of URI doesn't exist: 'package:gen_defaults/checkbox_template.dart' • flutter/dev/tools/gen_defaults/bin/gen_defaults.dart:25:8 • uri_does_not_exist
  error • Target of URI doesn't exist: 'package:gen_defaults/chip_template.dart' • flutter/dev/tools/gen_defaults/bin/gen_defaults.dart:26:8 • uri_does_not_exist
  error • Target of URI doesn't exist: 'package:gen_defaults/color_scheme_template.dart' • flutter/dev/tools/gen_defaults/bin/gen_defaults.dart:27:8 • uri_does_not_exist
  error • Target of URI doesn't exist: 'package:gen_defaults/date_picker_template.dart' • flutter/dev/tools/gen_defaults/bin/gen_defaults.dart:28:8 • uri_does_not_exist
  error • Target of URI doesn't exist: 'package:gen_defaults/dialog_template.dart' • flutter/dev/tools/gen_defaults/bin/gen_defaults.dart:29:8 • uri_does_not_exist
  error • Target of URI doesn't exist: 'package:gen_defaults/divider_template.dart' • flutter/dev/tools/gen_defaults/bin/gen_defaults.dart:30:8 • uri_does_not_exist
  error • Target of URI doesn't exist: 'package:gen_defaults/drawer_template.dart' • flutter/dev/tools/gen_defaults/bin/gen_defaults.dart:31:8 • uri_does_not_exist
  error • Target of URI doesn't exist: 'package:gen_defaults/expansion_tile_template.dart' • flutter/dev/tools/gen_defaults/bin/gen_defaults.dart:32:8 • uri_does_not_exist
  error • Target of URI doesn't exist: 'package:gen_defaults/fab_template.dart' • flutter/dev/tools/gen_defaults/bin/gen_defaults.dart:33:8 • uri_does_not_exist
  error • Target of URI doesn't exist: 'package:gen_defaults/filter_chip_template.dart' • flutter/dev/tools/gen_defaults/bin/gen_defaults.dart:34:8 • uri_does_not_exist
  error • Target of URI doesn't exist: 'package:gen_defaults/icon_button_template.dart' • flutter/dev/tools/gen_defaults/bin/gen_defaults.dart:35:8 • uri_does_not_exist
  error • Target of URI doesn't exist: 'package:gen_defaults/input_chip_template.dart' • flutter/dev/tools/gen_defaults/bin/gen_defaults.dart:36:8 • uri_does_not_exist
  error • Target of URI doesn't exist: 'package:gen_defaults/input_decorator_template.dart' • flutter/dev/tools/gen_defaults/bin/gen_defaults.dart:37:8 • uri_does_not_exist
  error • Target of URI doesn't exist: 'package:gen_defaults/list_tile_template.dart' • flutter/dev/tools/gen_defaults/bin/gen_defaults.dart:38:8 • uri_does_not_exist
  error • Target of URI doesn't exist: 'package:gen_defaults/menu_template.dart' • flutter/dev/tools/gen_defaults/bin/gen_defaults.dart:39:8 • uri_does_not_exist
  error • Target of URI doesn't exist: 'package:gen_defaults/motion_template.dart' • flutter/dev/tools/gen_defaults/bin/gen_defaults.dart:40:8 • uri_does_not_exist
  error • Target of URI doesn't exist: 'package:gen_defaults/navigation_bar_template.dart' • flutter/dev/tools/gen_defaults/bin/gen_defaults.dart:41:8 • uri_does_not_exist
  error • Target of URI doesn't exist: 'package:gen_defaults/navigation_drawer_template.dart' • flutter/dev/tools/gen_defaults/bin/gen_defaults.dart:42:8 • uri_does_not_exist
  error • Target of URI doesn't exist: 'package:gen_defaults/navigation_rail_template.dart' • flutter/dev/tools/gen_defaults/bin/gen_defaults.dart:43:8 • uri_does_not_exist
  error • Target of URI doesn't exist: 'package:gen_defaults/popup_menu_template.dart' • flutter/dev/tools/gen_defaults/bin/gen_defaults.dart:44:8 • uri_does_not_exist
  error • Target of URI doesn't exist: 'package:gen_defaults/progress_indicator_template.dart' • flutter/dev/tools/gen_defaults/bin/gen_defaults.dart:45:8 • uri_does_not_exist
  error • Target of URI doesn't exist: 'package:gen_defaults/radio_template.dart' • flutter/dev/tools/gen_defaults/bin/gen_defaults.dart:46:8 • uri_does_not_exist
  error • Target of URI doesn't exist: 'package:gen_defaults/range_slider_template.dart' • flutter/dev/tools/gen_defaults/bin/gen_defaults.dart:47:8 • uri_does_not_exist
  error • Target of URI doesn't exist: 'package:gen_defaults/search_bar_template.dart' • flutter/dev/tools/gen_defaults/bin/gen_defaults.dart:48:8 • uri_does_not_exist
  error • Target of URI doesn't exist: 'package:gen_defaults/search_view_template.dart' • flutter/dev/tools/gen_defaults/bin/gen_defaults.dart:49:8 • uri_does_not_exist
  error • Target of URI doesn't exist: 'package:gen_defaults/segmented_button_template.dart' • flutter/dev/tools/gen_defaults/bin/gen_defaults.dart:50:8 • uri_does_not_exist
  error • Target of URI doesn't exist: 'package:gen_defaults/slider_template.dart' • flutter/dev/tools/gen_defaults/bin/gen_defaults.dart:51:8 • uri_does_not_exist
  error • Target of URI doesn't exist: 'package:gen_defaults/snackbar_template.dart' • flutter/dev/tools/gen_defaults/bin/gen_defaults.dart:52:8 • uri_does_not_exist
  error • Target of URI doesn't exist: 'package:gen_defaults/surface_tint.dart' • flutter/dev/tools/gen_defaults/bin/gen_defaults.dart:53:8 • uri_does_not_exist
  error • Target of URI doesn't exist: 'package:gen_defaults/switch_template.dart' • flutter/dev/tools/gen_defaults/bin/gen_defaults.dart:54:8 • uri_does_not_exist
  error • Target of URI doesn't exist: 'package:gen_defaults/tabs_template.dart' • flutter/dev/tools/gen_defaults/bin/gen_defaults.dart:55:8 • uri_does_not_exist
  error • Target of URI doesn't exist: 'package:gen_defaults/text_field_template.dart' • flutter/dev/tools/gen_defaults/bin/gen_defaults.dart:56:8 • uri_does_not_exist
  error • Target of URI doesn't exist: 'package:gen_defaults/time_picker_template.dart' • flutter/dev/tools/gen_defaults/bin/gen_defaults.dart:57:8 • uri_does_not_exist
  error • Target of URI doesn't exist: 'package:gen_defaults/token_logger.dart' • flutter/dev/tools/gen_defaults/bin/gen_defaults.dart:58:8 • uri_does_not_exist
  error • Target of URI doesn't exist: 'package:gen_defaults/typography_template.dart' • flutter/dev/tools/gen_defaults/bin/gen_defaults.dart:59:8 • uri_does_not_exist
  error • Undefined name 'tokenLogger' • flutter/dev/tools/gen_defaults/bin/gen_defaults.dart:90:3 • undefined_identifier
  error • The function 'ChipTemplate' isn't defined • flutter/dev/tools/gen_defaults/bin/gen_defaults.dart:98:3 • undefined_function
  error • The function 'ActionChipTemplate' isn't defined • flutter/dev/tools/gen_defaults/bin/gen_defaults.dart:99:3 • undefined_function
  error • The function 'AppBarTemplate' isn't defined • flutter/dev/tools/gen_defaults/bin/gen_defaults.dart:100:3 • undefined_function
  error • The function 'BottomAppBarTemplate' isn't defined • flutter/dev/tools/gen_defaults/bin/gen_defaults.dart:101:3 • undefined_function
  error • The function 'BadgeTemplate' isn't defined • flutter/dev/tools/gen_defaults/bin/gen_defaults.dart:102:3 • undefined_function
  error • The function 'BannerTemplate' isn't defined • flutter/dev/tools/gen_defaults/bin/gen_defaults.dart:103:3 • undefined_function
  error • The function 'BottomAppBarTemplate' isn't defined • flutter/dev/tools/gen_defaults/bin/gen_defaults.dart:104:3 • undefined_function
  error • The function 'BottomSheetTemplate' isn't defined • flutter/dev/tools/gen_defaults/bin/gen_defaults.dart:105:3 • undefined_function
  error • The function 'ButtonTemplate' isn't defined • flutter/dev/tools/gen_defaults/bin/gen_defaults.dart:106:3 • undefined_function
  error • The function 'ButtonTemplate' isn't defined • flutter/dev/tools/gen_defaults/bin/gen_defaults.dart:107:3 • undefined_function
  error • The function 'ButtonTemplate' isn't defined • flutter/dev/tools/gen_defaults/bin/gen_defaults.dart:108:3 • undefined_function
  error • The function 'ButtonTemplate' isn't defined • flutter/dev/tools/gen_defaults/bin/gen_defaults.dart:109:3 • undefined_function
  error • The function 'ButtonTemplate' isn't defined • flutter/dev/tools/gen_defaults/bin/gen_defaults.dart:110:3 • undefined_function
  error • The function 'CardTemplate' isn't defined • flutter/dev/tools/gen_defaults/bin/gen_defaults.dart:111:3 • undefined_function
  error • The function 'CardTemplate' isn't defined • flutter/dev/tools/gen_defaults/bin/gen_defaults.dart:112:3 • undefined_function
  error • The function 'CardTemplate' isn't defined • flutter/dev/tools/gen_defaults/bin/gen_defaults.dart:113:3 • undefined_function
  error • The function 'CheckboxTemplate' isn't defined • flutter/dev/tools/gen_defaults/bin/gen_defaults.dart:114:3 • undefined_function
  error • The function 'ColorSchemeTemplate' isn't defined • flutter/dev/tools/gen_defaults/bin/gen_defaults.dart:115:3 • undefined_function
  error • The function 'DatePickerTemplate' isn't defined • flutter/dev/tools/gen_defaults/bin/gen_defaults.dart:116:3 • undefined_function
  error • The function 'DialogFullscreenTemplate' isn't defined • flutter/dev/tools/gen_defaults/bin/gen_defaults.dart:117:3 • undefined_function
  error • The function 'DialogTemplate' isn't defined • flutter/dev/tools/gen_defaults/bin/gen_defaults.dart:118:3 • undefined_function
  error • The function 'DividerTemplate' isn't defined • flutter/dev/tools/gen_defaults/bin/gen_defaults.dart:119:3 • undefined_function
  error • The function 'DrawerTemplate' isn't defined • flutter/dev/tools/gen_defaults/bin/gen_defaults.dart:120:3 • undefined_function
  error • The function 'ExpansionTileTemplate' isn't defined • flutter/dev/tools/gen_defaults/bin/gen_defaults.dart:121:3 • undefined_function
  error • The function 'FABTemplate' isn't defined • flutter/dev/tools/gen_defaults/bin/gen_defaults.dart:122:3 • undefined_function
  error • The function 'FilterChipTemplate' isn't defined • flutter/dev/tools/gen_defaults/bin/gen_defaults.dart:123:3 • undefined_function
  error • The function 'FilterChipTemplate' isn't defined • flutter/dev/tools/gen_defaults/bin/gen_defaults.dart:124:3 • undefined_function
  error • The function 'IconButtonTemplate' isn't defined • flutter/dev/tools/gen_defaults/bin/gen_defaults.dart:125:3 • undefined_function
  error • The function 'IconButtonTemplate' isn't defined • flutter/dev/tools/gen_defaults/bin/gen_defaults.dart:126:3 • undefined_function
  error • The function 'IconButtonTemplate' isn't defined • flutter/dev/tools/gen_defaults/bin/gen_defaults.dart:127:3 • undefined_function
  error • The function 'IconButtonTemplate' isn't defined • flutter/dev/tools/gen_defaults/bin/gen_defaults.dart:128:3 • undefined_function
  error • The function 'InputChipTemplate' isn't defined • flutter/dev/tools/gen_defaults/bin/gen_defaults.dart:129:3 • undefined_function
  error • The function 'ListTileTemplate' isn't defined • flutter/dev/tools/gen_defaults/bin/gen_defaults.dart:130:3 • undefined_function
  error • The function 'InputDecoratorTemplate' isn't defined • flutter/dev/tools/gen_defaults/bin/gen_defaults.dart:131:3 • undefined_function
  error • The function 'MenuTemplate' isn't defined • flutter/dev/tools/gen_defaults/bin/gen_defaults.dart:132:3 • undefined_function
  error • The function 'MotionTemplate' isn't defined • flutter/dev/tools/gen_defaults/bin/gen_defaults.dart:133:3 • undefined_function
  error • Undefined name 'tokenLogger' • flutter/dev/tools/gen_defaults/bin/gen_defaults.dart:133:64 • undefined_identifier
  error • The function 'NavigationBarTemplate' isn't defined • flutter/dev/tools/gen_defaults/bin/gen_defaults.dart:134:3 • undefined_function
  error • The function 'NavigationDrawerTemplate' isn't defined • flutter/dev/tools/gen_defaults/bin/gen_defaults.dart:135:3 • undefined_function
  error • The function 'NavigationRailTemplate' isn't defined • flutter/dev/tools/gen_defaults/bin/gen_defaults.dart:136:3 • undefined_function
  error • The function 'PopupMenuTemplate' isn't defined • flutter/dev/tools/gen_defaults/bin/gen_defaults.dart:137:3 • undefined_function
  error • The function 'ProgressIndicatorTemplate' isn't defined • flutter/dev/tools/gen_defaults/bin/gen_defaults.dart:138:3 • undefined_function
  error • The function 'RadioTemplate' isn't defined • flutter/dev/tools/gen_defaults/bin/gen_defaults.dart:139:3 • undefined_function
  error • The function 'RangeSliderTemplate' isn't defined • flutter/dev/tools/gen_defaults/bin/gen_defaults.dart:140:3 • undefined_function
  error • The function 'SearchBarTemplate' isn't defined • flutter/dev/tools/gen_defaults/bin/gen_defaults.dart:141:3 • undefined_function
  error • The function 'SearchViewTemplate' isn't defined • flutter/dev/tools/gen_defaults/bin/gen_defaults.dart:142:3 • undefined_function
  error • The function 'SegmentedButtonTemplate' isn't defined • flutter/dev/tools/gen_defaults/bin/gen_defaults.dart:143:3 • undefined_function
  error • The function 'SnackbarTemplate' isn't defined • flutter/dev/tools/gen_defaults/bin/gen_defaults.dart:144:3 • undefined_function
  error • The function 'SliderTemplate' isn't defined • flutter/dev/tools/gen_defaults/bin/gen_defaults.dart:145:3 • undefined_function
  error • The function 'SurfaceTintTemplate' isn't defined • flutter/dev/tools/gen_defaults/bin/gen_defaults.dart:146:3 • undefined_function
  error • The function 'SwitchTemplate' isn't defined • flutter/dev/tools/gen_defaults/bin/gen_defaults.dart:147:3 • undefined_function
  error • The function 'TimePickerTemplate' isn't defined • flutter/dev/tools/gen_defaults/bin/gen_defaults.dart:148:3 • undefined_function
  error • The function 'TextFieldTemplate' isn't defined • flutter/dev/tools/gen_defaults/bin/gen_defaults.dart:149:3 • undefined_function
  error • The function 'TabsTemplate' isn't defined • flutter/dev/tools/gen_defaults/bin/gen_defaults.dart:150:3 • undefined_function
  error • The function 'TypographyTemplate' isn't defined • flutter/dev/tools/gen_defaults/bin/gen_defaults.dart:151:3 • undefined_function
  error • Undefined name 'tokenLogger' • flutter/dev/tools/gen_defaults/bin/gen_defaults.dart:154:3 • undefined_identifier
  error • Undefined name 'tokenLogger' • flutter/dev/tools/gen_defaults/bin/gen_defaults.dart:155:3 • undefined_identifier
  error • Undefined name 'tokenLogger' • flutter/dev/tools/gen_defaults/bin/gen_defaults.dart:160:3 • undefined_identifier
  error • Expected to find ';' • flutter/dev/tools/gen_defaults/lib/template.dart:183:5 • expected_token
warning • Dead code • flutter/dev/tools/gen_defaults/lib/template.dart:183:12 • dead_code
  error • Expected an identifier • flutter/dev/tools/gen_defaults/lib/template.dart:183:12 • missing_identifier
  error • Expected to find 'case' • flutter/dev/tools/gen_defaults/lib/template.dart:184:7 • expected_token
   info • Unnecessary empty statement • flutter/dev/tools/gen_defaults/lib/template.dart:189:6 • empty_statements
  error • Undefined name 'Tags' used as an annotation • flutter/dev/tools/gen_defaults/test/gen_defaults_test.dart:9:1 • undefined_annotation
  error • Target of URI doesn't exist: 'package:gen_defaults/template.dart' • flutter/dev/tools/gen_defaults/test/gen_defaults_test.dart:15:8 • uri_does_not_exist
  error • Target of URI doesn't exist: 'package:gen_defaults/token_logger.dart' • flutter/dev/tools/gen_defaults/test/gen_defaults_test.dart:16:8 • uri_does_not_exist
  error • Target of URI doesn't exist: 'package:test/test.dart' • flutter/dev/tools/gen_defaults/test/gen_defaults_test.dart:18:8 • uri_does_not_exist
  error • Undefined class 'TokenLogger' • flutter/dev/tools/gen_defaults/test/gen_defaults_test.dart:21:9 • undefined_class
  error • Undefined name 'tokenLogger' • flutter/dev/tools/gen_defaults/test/gen_defaults_test.dart:21:30 • undefined_identifier
  error • The function 'setUp' isn't defined • flutter/dev/tools/gen_defaults/test/gen_defaults_test.dart:26:3 • undefined_function
  error • The function 'test' isn't defined • flutter/dev/tools/gen_defaults/test/gen_defaults_test.dart:32:3 • undefined_function
  error • The method 'updateFile' isn't defined for the type 'TestTemplate' • flutter/dev/tools/gen_defaults/test/gen_defaults_test.dart:51:51 • undefined_method
  error • The function 'expect' isn't defined • flutter/dev/tools/gen_defaults/test/gen_defaults_test.dart:53:7 • undefined_function
  error • The function 'test' isn't defined • flutter/dev/tools/gen_defaults/test/gen_defaults_test.dart:77:3 • undefined_function
  error • The method 'updateFile' isn't defined for the type 'TestTemplate' • flutter/dev/tools/gen_defaults/test/gen_defaults_test.dart:110:51 • undefined_method
  error • The function 'expect' isn't defined • flutter/dev/tools/gen_defaults/test/gen_defaults_test.dart:112:7 • undefined_function
  error • The function 'test' isn't defined • flutter/dev/tools/gen_defaults/test/gen_defaults_test.dart:136:3 • undefined_function
  error • The method 'updateFile' isn't defined for the type 'TestTemplate' • flutter/dev/tools/gen_defaults/test/gen_defaults_test.dart:155:56 • undefined_method
  error • The function 'expect' isn't defined • flutter/dev/tools/gen_defaults/test/gen_defaults_test.dart:157:7 • undefined_function
  error • The method 'updateFile' isn't defined for the type 'TestTemplate' • flutter/dev/tools/gen_defaults/test/gen_defaults_test.dart:185:56 • undefined_method
  error • The function 'expect' isn't defined • flutter/dev/tools/gen_defaults/test/gen_defaults_test.dart:187:7 • undefined_function
  error • The method 'updateFile' isn't defined for the type 'TestTemplate' • flutter/dev/tools/gen_defaults/test/gen_defaults_test.dart:229:56 • undefined_method
  error • The function 'expect' isn't defined • flutter/dev/tools/gen_defaults/test/gen_defaults_test.dart:231:7 • undefined_function
  error • The function 'test' isn't defined • flutter/dev/tools/gen_defaults/test/gen_defaults_test.dart:269:3 • undefined_function
  error • The function 'expect' isn't defined • flutter/dev/tools/gen_defaults/test/gen_defaults_test.dart:283:5 • undefined_function
  error • The method 'shape' isn't defined for the type 'TestTemplate' • flutter/dev/tools/gen_defaults/test/gen_defaults_test.dart:284:16 • undefined_method
  error • The function 'expect' isn't defined • flutter/dev/tools/gen_defaults/test/gen_defaults_test.dart:287:5 • undefined_function
  error • The method 'shape' isn't defined for the type 'TestTemplate' • flutter/dev/tools/gen_defaults/test/gen_defaults_test.dart:287:21 • undefined_method
  error • The function 'group' isn't defined • flutter/dev/tools/gen_defaults/test/gen_defaults_test.dart:290:3 • undefined_function
  error • The name '_' is already defined • flutter/dev/tools/gen_defaults/test/gen_defaults_test.dart:298:20 • duplicate_definition
  error • The name '_' is already defined • flutter/dev/tools/gen_defaults/test/gen_defaults_test.dart:298:23 • duplicate_definition
  error • The function 'setUp' isn't defined • flutter/dev/tools/gen_defaults/test/gen_defaults_test.dart:305:5 • undefined_function
  error • The function 'tearDown' isn't defined • flutter/dev/tools/gen_defaults/test/gen_defaults_test.dart:309:5 • undefined_function
  error • The function 'test' isn't defined • flutter/dev/tools/gen_defaults/test/gen_defaults_test.dart:323:5 • undefined_function
  error • The function 'expect' isn't defined • flutter/dev/tools/gen_defaults/test/gen_defaults_test.dart:327:9 • undefined_function
  error • The function 'contains' isn't defined • flutter/dev/tools/gen_defaults/test/gen_defaults_test.dart:327:26 • undefined_function
  error • The function 'expect' isn't defined • flutter/dev/tools/gen_defaults/test/gen_defaults_test.dart:330:9 • undefined_function
  error • The function 'contains' isn't defined • flutter/dev/tools/gen_defaults/test/gen_defaults_test.dart:330:26 • undefined_function
  error • The function 'test' isn't defined • flutter/dev/tools/gen_defaults/test/gen_defaults_test.dart:334:5 • undefined_function
  error • The function 'expect' isn't defined • flutter/dev/tools/gen_defaults/test/gen_defaults_test.dart:341:9 • undefined_function
  error • The function 'contains' isn't defined • flutter/dev/tools/gen_defaults/test/gen_defaults_test.dart:341:26 • undefined_function
  error • The function 'test' isn't defined • flutter/dev/tools/gen_defaults/test/gen_defaults_test.dart:345:5 • undefined_function
  error • The function 'expect' isn't defined • flutter/dev/tools/gen_defaults/test/gen_defaults_test.dart:352:9 • undefined_function
  error • The function 'contains' isn't defined • flutter/dev/tools/gen_defaults/test/gen_defaults_test.dart:352:26 • undefined_function
  error • The function 'expect' isn't defined • flutter/dev/tools/gen_defaults/test/gen_defaults_test.dart:353:9 • undefined_function
  error • The function 'contains' isn't defined • flutter/dev/tools/gen_defaults/test/gen_defaults_test.dart:353:26 • undefined_function
  error • The function 'expect' isn't defined • flutter/dev/tools/gen_defaults/test/gen_defaults_test.dart:354:9 • undefined_function
  error • The function 'contains' isn't defined • flutter/dev/tools/gen_defaults/test/gen_defaults_test.dart:354:26 • undefined_function
  error • The function 'expect' isn't defined • flutter/dev/tools/gen_defaults/test/gen_defaults_test.dart:355:9 • undefined_function
  error • The function 'contains' isn't defined • flutter/dev/tools/gen_defaults/test/gen_defaults_test.dart:355:26 • undefined_function
  error • The function 'expect' isn't defined • flutter/dev/tools/gen_defaults/test/gen_defaults_test.dart:356:9 • undefined_function
  error • The function 'contains' isn't defined • flutter/dev/tools/gen_defaults/test/gen_defaults_test.dart:356:26 • undefined_function
  error • The function 'test' isn't defined • flutter/dev/tools/gen_defaults/test/gen_defaults_test.dart:360:5 • undefined_function
  error • The function 'expect' isn't defined • flutter/dev/tools/gen_defaults/test/gen_defaults_test.dart:368:9 • undefined_function
  error • The function 'contains' isn't defined • flutter/dev/tools/gen_defaults/test/gen_defaults_test.dart:368:26 • undefined_function
  error • The function 'test' isn't defined • flutter/dev/tools/gen_defaults/test/gen_defaults_test.dart:372:5 • undefined_function
  error • The function 'expect' isn't defined • flutter/dev/tools/gen_defaults/test/gen_defaults_test.dart:380:9 • undefined_function
  error • The function 'contains' isn't defined • flutter/dev/tools/gen_defaults/test/gen_defaults_test.dart:380:26 • undefined_function
  error • The function 'expect' isn't defined • flutter/dev/tools/gen_defaults/test/gen_defaults_test.dart:381:9 • undefined_function
  error • The function 'contains' isn't defined • flutter/dev/tools/gen_defaults/test/gen_defaults_test.dart:381:26 • undefined_function
  error • The function 'test' isn't defined • flutter/dev/tools/gen_defaults/test/gen_defaults_test.dart:385:5 • undefined_function
  error • The function 'expect' isn't defined • flutter/dev/tools/gen_defaults/test/gen_defaults_test.dart:394:9 • undefined_function
  error • The function 'contains' isn't defined • flutter/dev/tools/gen_defaults/test/gen_defaults_test.dart:394:26 • undefined_function
  error • The function 'expect' isn't defined • flutter/dev/tools/gen_defaults/test/gen_defaults_test.dart:395:9 • undefined_function
  error • The function 'contains' isn't defined • flutter/dev/tools/gen_defaults/test/gen_defaults_test.dart:395:26 • undefined_function
  error • The function 'expect' isn't defined • flutter/dev/tools/gen_defaults/test/gen_defaults_test.dart:396:9 • undefined_function
  error • The function 'contains' isn't defined • flutter/dev/tools/gen_defaults/test/gen_defaults_test.dart:396:26 • undefined_function
  error • The function 'expect' isn't defined • flutter/dev/tools/gen_defaults/test/gen_defaults_test.dart:397:9 • undefined_function
  error • The function 'contains' isn't defined • flutter/dev/tools/gen_defaults/test/gen_defaults_test.dart:397:26 • undefined_function
  error • The function 'expect' isn't defined • flutter/dev/tools/gen_defaults/test/gen_defaults_test.dart:398:9 • undefined_function
  error • The function 'contains' isn't defined • flutter/dev/tools/gen_defaults/test/gen_defaults_test.dart:398:26 • undefined_function
  error • The function 'test' isn't defined • flutter/dev/tools/gen_defaults/test/gen_defaults_test.dart:402:5 • undefined_function
  error • The function 'expect' isn't defined • flutter/dev/tools/gen_defaults/test/gen_defaults_test.dart:412:9 • undefined_function
  error • The function 'contains' isn't defined • flutter/dev/tools/gen_defaults/test/gen_defaults_test.dart:412:26 • undefined_function
  error • The function 'expect' isn't defined • flutter/dev/tools/gen_defaults/test/gen_defaults_test.dart:413:9 • undefined_function
  error • The function 'contains' isn't defined • flutter/dev/tools/gen_defaults/test/gen_defaults_test.dart:413:26 • undefined_function
  error • The function 'test' isn't defined • flutter/dev/tools/gen_defaults/test/gen_defaults_test.dart:417:5 • undefined_function
  error • The function 'expect' isn't defined • flutter/dev/tools/gen_defaults/test/gen_defaults_test.dart:426:9 • undefined_function
  error • The function 'contains' isn't defined • flutter/dev/tools/gen_defaults/test/gen_defaults_test.dart:426:26 • undefined_function
  error • The function 'expect' isn't defined • flutter/dev/tools/gen_defaults/test/gen_defaults_test.dart:427:9 • undefined_function
  error • The function 'contains' isn't defined • flutter/dev/tools/gen_defaults/test/gen_defaults_test.dart:427:26 • undefined_function
  error • The function 'expect' isn't defined • flutter/dev/tools/gen_defaults/test/gen_defaults_test.dart:428:9 • undefined_function
  error • The function 'contains' isn't defined • flutter/dev/tools/gen_defaults/test/gen_defaults_test.dart:428:26 • undefined_function
  error • The function 'test' isn't defined • flutter/dev/tools/gen_defaults/test/gen_defaults_test.dart:432:5 • undefined_function
  error • The function 'expect' isn't defined • flutter/dev/tools/gen_defaults/test/gen_defaults_test.dart:441:9 • undefined_function
  error • The function 'contains' isn't defined • flutter/dev/tools/gen_defaults/test/gen_defaults_test.dart:441:26 • undefined_function
  error • The function 'expect' isn't defined • flutter/dev/tools/gen_defaults/test/gen_defaults_test.dart:442:9 • undefined_function
  error • The function 'contains' isn't defined • flutter/dev/tools/gen_defaults/test/gen_defaults_test.dart:442:26 • undefined_function
  error • The function 'expect' isn't defined • flutter/dev/tools/gen_defaults/test/gen_defaults_test.dart:443:9 • undefined_function
  error • The function 'contains' isn't defined • flutter/dev/tools/gen_defaults/test/gen_defaults_test.dart:443:26 • undefined_function
  error • The function 'test' isn't defined • flutter/dev/tools/gen_defaults/test/gen_defaults_test.dart:447:5 • undefined_function
  error • The function 'expect' isn't defined • flutter/dev/tools/gen_defaults/test/gen_defaults_test.dart:456:9 • undefined_function
  error • The function 'contains' isn't defined • flutter/dev/tools/gen_defaults/test/gen_defaults_test.dart:456:26 • undefined_function
  error • The function 'expect' isn't defined • flutter/dev/tools/gen_defaults/test/gen_defaults_test.dart:457:9 • undefined_function
  error • The function 'contains' isn't defined • flutter/dev/tools/gen_defaults/test/gen_defaults_test.dart:457:26 • undefined_function
  error • The function 'expect' isn't defined • flutter/dev/tools/gen_defaults/test/gen_defaults_test.dart:458:9 • undefined_function
  error • The function 'contains' isn't defined • flutter/dev/tools/gen_defaults/test/gen_defaults_test.dart:458:26 • undefined_function
  error • The function 'test' isn't defined • flutter/dev/tools/gen_defaults/test/gen_defaults_test.dart:462:5 • undefined_function
  error • The function 'expect' isn't defined • flutter/dev/tools/gen_defaults/test/gen_defaults_test.dart:470:9 • undefined_function
  error • The function 'contains' isn't defined • flutter/dev/tools/gen_defaults/test/gen_defaults_test.dart:470:26 • undefined_function
  error • The function 'expect' isn't defined • flutter/dev/tools/gen_defaults/test/gen_defaults_test.dart:471:9 • undefined_function
  error • The function 'contains' isn't defined • flutter/dev/tools/gen_defaults/test/gen_defaults_test.dart:471:26 • undefined_function
  error • The function 'test' isn't defined • flutter/dev/tools/gen_defaults/test/gen_defaults_test.dart:475:5 • undefined_function
  error • The function 'expect' isn't defined • flutter/dev/tools/gen_defaults/test/gen_defaults_test.dart:487:9 • undefined_function
  error • The function 'contains' isn't defined • flutter/dev/tools/gen_defaults/test/gen_defaults_test.dart:487:29 • undefined_function
  error • The function 'expect' isn't defined • flutter/dev/tools/gen_defaults/test/gen_defaults_test.dart:488:9 • undefined_function
  error • The function 'contains' isn't defined • flutter/dev/tools/gen_defaults/test/gen_defaults_test.dart:488:29 • undefined_function
  error • The function 'expect' isn't defined • flutter/dev/tools/gen_defaults/test/gen_defaults_test.dart:489:9 • undefined_function
  error • The function 'contains' isn't defined • flutter/dev/tools/gen_defaults/test/gen_defaults_test.dart:489:29 • undefined_function
  error • The function 'test' isn't defined • flutter/dev/tools/gen_defaults/test/gen_defaults_test.dart:493:5 • undefined_function
  error • The function 'expect' isn't defined • flutter/dev/tools/gen_defaults/test/gen_defaults_test.dart:502:9 • undefined_function
  error • The function 'contains' isn't defined • flutter/dev/tools/gen_defaults/test/gen_defaults_test.dart:502:26 • undefined_function
  error • The function 'expect' isn't defined • flutter/dev/tools/gen_defaults/test/gen_defaults_test.dart:503:9 • undefined_function
  error • The function 'contains' isn't defined • flutter/dev/tools/gen_defaults/test/gen_defaults_test.dart:503:26 • undefined_function
  error • The function 'expect' isn't defined • flutter/dev/tools/gen_defaults/test/gen_defaults_test.dart:504:9 • undefined_function
  error • The function 'contains' isn't defined • flutter/dev/tools/gen_defaults/test/gen_defaults_test.dart:504:26 • undefined_function
  error • Classes can only extend other classes • flutter/dev/tools/gen_defaults/test/gen_defaults_test.dart:510:28 • extends_non_class
  error • No associated positional super constructor parameter • flutter/dev/tools/gen_defaults/test/gen_defaults_test.dart:511:22 • super_formal_parameter_without_associated_positional
  error • No associated positional super constructor parameter • flutter/dev/tools/gen_defaults/test/gen_defaults_test.dart:511:39 • super_formal_parameter_without_associated_positional
  error • No associated positional super constructor parameter • flutter/dev/tools/gen_defaults/test/gen_defaults_test.dart:511:55 • super_formal_parameter_without_associated_positional
warning • The method doesn't override an inherited method • flutter/dev/tools/gen_defaults/test/gen_defaults_test.dart:514:10 • override_on_non_overriding_member
  error • The method 'getToken' isn't defined for the type 'TestTemplate' • flutter/dev/tools/gen_defaults/test/gen_defaults_test.dart:516:35 • undefined_method
  error • The method 'getToken' isn't defined for the type 'TestTemplate' • flutter/dev/tools/gen_defaults/test/gen_defaults_test.dart:517:35 • undefined_method
  error • Classes can only extend other classes • flutter/dev/tools/gen_defaults/test/gen_defaults_test.dart:521:33 • extends_non_class
  error • No associated positional super constructor parameter • flutter/dev/tools/gen_defaults/test/gen_defaults_test.dart:522:27 • super_formal_parameter_without_associated_positional
  error • No associated positional super constructor parameter • flutter/dev/tools/gen_defaults/test/gen_defaults_test.dart:522:44 • super_formal_parameter_without_associated_positional
  error • No associated positional super constructor parameter • flutter/dev/tools/gen_defaults/test/gen_defaults_test.dart:522:60 • super_formal_parameter_without_associated_positional
warning • The method doesn't override an inherited method • flutter/dev/tools/gen_defaults/test/gen_defaults_test.dart:525:10 • override_on_non_overriding_member
  error • The method 'color' isn't defined for the type 'TestColorTemplate' • flutter/dev/tools/gen_defaults/test/gen_defaults_test.dart:527:33 • undefined_method
  error • The method 'color' isn't defined for the type 'TestColorTemplate' • flutter/dev/tools/gen_defaults/test/gen_defaults_test.dart:528:33 • undefined_method
  error • Classes can only extend other classes • flutter/dev/tools/gen_defaults/test/gen_defaults_test.dart:532:34 • extends_non_class
  error • No associated positional super constructor parameter • flutter/dev/tools/gen_defaults/test/gen_defaults_test.dart:533:28 • super_formal_parameter_without_associated_positional
  error • No associated positional super constructor parameter • flutter/dev/tools/gen_defaults/test/gen_defaults_test.dart:533:45 • super_formal_parameter_without_associated_positional
  error • No associated positional super constructor parameter • flutter/dev/tools/gen_defaults/test/gen_defaults_test.dart:533:61 • super_formal_parameter_without_associated_positional
warning • The method doesn't override an inherited method • flutter/dev/tools/gen_defaults/test/gen_defaults_test.dart:536:10 • override_on_non_overriding_member
  error • The method 'border' isn't defined for the type 'TestBorderTemplate' • flutter/dev/tools/gen_defaults/test/gen_defaults_test.dart:538:37 • undefined_method
  error • Target of URI doesn't exist: 'package:gen_keycodes/android_code_gen.dart' • flutter/dev/tools/gen_keycodes/bin/gen_keycodes.dart:9:8 • uri_does_not_exist
  error • Target of URI doesn't exist: 'package:gen_keycodes/base_code_gen.dart' • flutter/dev/tools/gen_keycodes/bin/gen_keycodes.dart:10:8 • uri_does_not_exist
  error • Target of URI doesn't exist: 'package:gen_keycodes/gtk_code_gen.dart' • flutter/dev/tools/gen_keycodes/bin/gen_keycodes.dart:11:8 • uri_does_not_exist
  error • Target of URI doesn't exist: 'package:gen_keycodes/ios_code_gen.dart' • flutter/dev/tools/gen_keycodes/bin/gen_keycodes.dart:12:8 • uri_does_not_exist
  error • Target of URI doesn't exist: 'package:gen_keycodes/keyboard_keys_code_gen.dart' • flutter/dev/tools/gen_keycodes/bin/gen_keycodes.dart:13:8 • uri_does_not_exist
  error • Target of URI doesn't exist: 'package:gen_keycodes/keyboard_maps_code_gen.dart' • flutter/dev/tools/gen_keycodes/bin/gen_keycodes.dart:14:8 • uri_does_not_exist
  error • Target of URI doesn't exist: 'package:gen_keycodes/logical_key_data.dart' • flutter/dev/tools/gen_keycodes/bin/gen_keycodes.dart:15:8 • uri_does_not_exist
  error • Target of URI doesn't exist: 'package:gen_keycodes/macos_code_gen.dart' • flutter/dev/tools/gen_keycodes/bin/gen_keycodes.dart:16:8 • uri_does_not_exist
  error • Target of URI doesn't exist: 'package:gen_keycodes/physical_key_data.dart' • flutter/dev/tools/gen_keycodes/bin/gen_keycodes.dart:17:8 • uri_does_not_exist
  error • Target of URI doesn't exist: 'package:gen_keycodes/testing_key_codes_cc_gen.dart' • flutter/dev/tools/gen_keycodes/bin/gen_keycodes.dart:18:8 • uri_does_not_exist
  error • Target of URI doesn't exist: 'package:gen_keycodes/testing_key_codes_java_gen.dart' • flutter/dev/tools/gen_keycodes/bin/gen_keycodes.dart:19:8 • uri_does_not_exist
  error • Target of URI doesn't exist: 'package:gen_keycodes/utils.dart' • flutter/dev/tools/gen_keycodes/bin/gen_keycodes.dart:20:8 • uri_does_not_exist
  error • Target of URI doesn't exist: 'package:gen_keycodes/web_code_gen.dart' • flutter/dev/tools/gen_keycodes/bin/gen_keycodes.dart:21:8 • uri_does_not_exist
  error • Target of URI doesn't exist: 'package:gen_keycodes/windows_code_gen.dart' • flutter/dev/tools/gen_keycodes/bin/gen_keycodes.dart:22:8 • uri_does_not_exist
  error • Undefined name 'dataRoot' • flutter/dev/tools/gen_keycodes/bin/gen_keycodes.dart:87:25 • undefined_identifier
  error • Undefined class 'BaseCodeGenerator' • flutter/dev/tools/gen_keycodes/bin/gen_keycodes.dart:99:51 • undefined_class
  error • Undefined name 'dataRoot' • flutter/dev/tools/gen_keycodes/bin/gen_keycodes.dart:116:27 • undefined_identifier
  error • Undefined name 'dataRoot' • flutter/dev/tools/gen_keycodes/bin/gen_keycodes.dart:126:27 • undefined_identifier
  error • Undefined name 'flutterRoot' • flutter/dev/tools/gen_keycodes/bin/gen_keycodes.dart:137:7 • undefined_identifier
  error • Undefined name 'flutterRoot' • flutter/dev/tools/gen_keycodes/bin/gen_keycodes.dart:154:7 • undefined_identifier
  error • Undefined name 'PlatformCodeGenerator' • flutter/dev/tools/gen_keycodes/bin/gen_keycodes.dart:186:3 • undefined_identifier
  error • Undefined name 'flutterRoot' • flutter/dev/tools/gen_keycodes/bin/gen_keycodes.dart:186:48 • undefined_identifier
  error • Undefined class 'PhysicalKeyData' • flutter/dev/tools/gen_keycodes/bin/gen_keycodes.dart:188:3 • undefined_class
  error • Undefined class 'LogicalKeyData' • flutter/dev/tools/gen_keycodes/bin/gen_keycodes.dart:189:3 • undefined_class
  error • The function 'PhysicalKeyData' isn't defined • flutter/dev/tools/gen_keycodes/bin/gen_keycodes.dart:196:20 • undefined_function
  error • The function 'LogicalKeyData' isn't defined • flutter/dev/tools/gen_keycodes/bin/gen_keycodes.dart:215:19 • undefined_function
  error • Undefined name 'PhysicalKeyData' • flutter/dev/tools/gen_keycodes/bin/gen_keycodes.dart:237:20 • undefined_identifier
  error • Undefined name 'LogicalKeyData' • flutter/dev/tools/gen_keycodes/bin/gen_keycodes.dart:241:19 • undefined_identifier
  error • The function 'parseMapOfBool' isn't defined • flutter/dev/tools/gen_keycodes/bin/gen_keycodes.dart:247:41 • undefined_function
  error • The function 'KeyboardKeysCodeGenerator' isn't defined • flutter/dev/tools/gen_keycodes/bin/gen_keycodes.dart:252:5 • undefined_function
  error • The function 'KeyboardMapsCodeGenerator' isn't defined • flutter/dev/tools/gen_keycodes/bin/gen_keycodes.dart:257:5 • undefined_function
  error • Undefined name 'PlatformCodeGenerator' • flutter/dev/tools/gen_keycodes/bin/gen_keycodes.dart:262:7 • undefined_identifier
  error • The function 'KeyCodesCcGenerator' isn't defined • flutter/dev/tools/gen_keycodes/bin/gen_keycodes.dart:269:5 • undefined_function
  error • Undefined name 'PlatformCodeGenerator' • flutter/dev/tools/gen_keycodes/bin/gen_keycodes.dart:274:7 • undefined_identifier
  error • The function 'KeyCodesJavaGenerator' isn't defined • flutter/dev/tools/gen_keycodes/bin/gen_keycodes.dart:279:5 • undefined_function
  error • The name 'PlatformCodeGenerator' isn't a type, so it can't be used as a type argument • flutter/dev/tools/gen_keycodes/bin/gen_keycodes.dart:282:21 • non_type_as_type_argument
  error • The name 'PlatformCodeGenerator' isn't a type, so it can't be used as a type argument • flutter/dev/tools/gen_keycodes/bin/gen_keycodes.dart:282:65 • non_type_as_type_argument
  error • The function 'AndroidCodeGenerator' isn't defined • flutter/dev/tools/gen_keycodes/bin/gen_keycodes.dart:283:16 • undefined_function
  error • The function 'MacOSCodeGenerator' isn't defined • flutter/dev/tools/gen_keycodes/bin/gen_keycodes.dart:284:14 • undefined_function
  error • The function 'IOSCodeGenerator' isn't defined • flutter/dev/tools/gen_keycodes/bin/gen_keycodes.dart:285:12 • undefined_function
  error • The function 'WindowsCodeGenerator' isn't defined • flutter/dev/tools/gen_keycodes/bin/gen_keycodes.dart:286:16 • undefined_function
  error • The function 'GtkCodeGenerator' isn't defined • flutter/dev/tools/gen_keycodes/bin/gen_keycodes.dart:291:14 • undefined_function
  error • The function 'WebCodeGenerator' isn't defined • flutter/dev/tools/gen_keycodes/bin/gen_keycodes.dart:298:12 • undefined_function
  error • The name 'PlatformCodeGenerator' isn't a type, so it can't be used as a type argument • flutter/dev/tools/gen_keycodes/bin/gen_keycodes.dart:305:45 • non_type_as_type_argument
  error • Undefined class 'PlatformCodeGenerator' • flutter/dev/tools/gen_keycodes/bin/gen_keycodes.dart:307:13 • undefined_class
  error • Expected an identifier • flutter/dev/tools/gen_keycodes/lib/utils.dart:216:36 • missing_identifier
  error • Expected to find ')' • flutter/dev/tools/gen_keycodes/lib/utils.dart:216:36 • expected_token
  error • Target of URI doesn't exist: 'package:gen_keycodes/android_code_gen.dart' • flutter/dev/tools/gen_keycodes/test/gen_keycodes_test.dart:8:8 • uri_does_not_exist
  error • Target of URI doesn't exist: 'package:gen_keycodes/base_code_gen.dart' • flutter/dev/tools/gen_keycodes/test/gen_keycodes_test.dart:9:8 • uri_does_not_exist
  error • Target of URI doesn't exist: 'package:gen_keycodes/gtk_code_gen.dart' • flutter/dev/tools/gen_keycodes/test/gen_keycodes_test.dart:10:8 • uri_does_not_exist
  error • Target of URI doesn't exist: 'package:gen_keycodes/ios_code_gen.dart' • flutter/dev/tools/gen_keycodes/test/gen_keycodes_test.dart:11:8 • uri_does_not_exist
  error • Target of URI doesn't exist: 'package:gen_keycodes/logical_key_data.dart' • flutter/dev/tools/gen_keycodes/test/gen_keycodes_test.dart:12:8 • uri_does_not_exist
  error • Target of URI doesn't exist: 'package:gen_keycodes/macos_code_gen.dart' • flutter/dev/tools/gen_keycodes/test/gen_keycodes_test.dart:13:8 • uri_does_not_exist
  error • Target of URI doesn't exist: 'package:gen_keycodes/physical_key_data.dart' • flutter/dev/tools/gen_keycodes/test/gen_keycodes_test.dart:14:8 • uri_does_not_exist
  error • Target of URI doesn't exist: 'package:gen_keycodes/utils.dart' • flutter/dev/tools/gen_keycodes/test/gen_keycodes_test.dart:15:8 • uri_does_not_exist
  error • Target of URI doesn't exist: 'package:gen_keycodes/web_code_gen.dart' • flutter/dev/tools/gen_keycodes/test/gen_keycodes_test.dart:16:8 • uri_does_not_exist
  error • Target of URI doesn't exist: 'package:gen_keycodes/windows_code_gen.dart' • flutter/dev/tools/gen_keycodes/test/gen_keycodes_test.dart:17:8 • uri_does_not_exist
  error • Target of URI doesn't exist: 'package:test/test.dart' • flutter/dev/tools/gen_keycodes/test/gen_keycodes_test.dart:19:8 • uri_does_not_exist
  error • Undefined name 'dataRoot' • flutter/dev/tools/gen_keycodes/test/gen_keycodes_test.dart:22:25 • undefined_identifier
  error • Undefined class 'PhysicalKeyData' • flutter/dev/tools/gen_keycodes/test/gen_keycodes_test.dart:25:7 • undefined_class
  error • Undefined name 'PhysicalKeyData' • flutter/dev/tools/gen_keycodes/test/gen_keycodes_test.dart:25:38 • undefined_identifier
  error • Undefined class 'LogicalKeyData' • flutter/dev/tools/gen_keycodes/test/gen_keycodes_test.dart:28:7 • undefined_class
  error • Undefined name 'LogicalKeyData' • flutter/dev/tools/gen_keycodes/test/gen_keycodes_test.dart:28:36 • undefined_identifier
  error • The function 'parseMapOfBool' isn't defined • flutter/dev/tools/gen_keycodes/test/gen_keycodes_test.dart:31:36 • undefined_function
  error • The function 'setUp' isn't defined • flutter/dev/tools/gen_keycodes/test/gen_keycodes_test.dart:34:3 • undefined_function
  error • Undefined name 'testDataRoot' • flutter/dev/tools/gen_keycodes/test/gen_keycodes_test.dart:35:5 • undefined_identifier
  error • The function 'tearDown' isn't defined • flutter/dev/tools/gen_keycodes/test/gen_keycodes_test.dart:38:3 • undefined_function
  error • Undefined name 'testDataRoot' • flutter/dev/tools/gen_keycodes/test/gen_keycodes_test.dart:39:5 • undefined_identifier
  error • The function 'expect' isn't defined • flutter/dev/tools/gen_keycodes/test/gen_keycodes_test.dart:43:5 • undefined_function
  error • The function 'contains' isn't defined • flutter/dev/tools/gen_keycodes/test/gen_keycodes_test.dart:43:20 • undefined_function
  error • The function 'expect' isn't defined • flutter/dev/tools/gen_keycodes/test/gen_keycodes_test.dart:44:5 • undefined_function
  error • The function 'contains' isn't defined • flutter/dev/tools/gen_keycodes/test/gen_keycodes_test.dart:44:20 • undefined_function
  error • The function 'expect' isn't defined • flutter/dev/tools/gen_keycodes/test/gen_keycodes_test.dart:45:5 • undefined_function
  error • The function 'contains' isn't defined • flutter/dev/tools/gen_keycodes/test/gen_keycodes_test.dart:45:20 • undefined_function
  error • The function 'expect' isn't defined • flutter/dev/tools/gen_keycodes/test/gen_keycodes_test.dart:46:5 • undefined_function
  error • The function 'contains' isn't defined • flutter/dev/tools/gen_keycodes/test/gen_keycodes_test.dart:46:20 • undefined_function
  error • The function 'expect' isn't defined • flutter/dev/tools/gen_keycodes/test/gen_keycodes_test.dart:47:5 • undefined_function
  error • The function 'contains' isn't defined • flutter/dev/tools/gen_keycodes/test/gen_keycodes_test.dart:47:20 • undefined_function
  error • The function 'expect' isn't defined • flutter/dev/tools/gen_keycodes/test/gen_keycodes_test.dart:48:5 • undefined_function
  error • The function 'contains' isn't defined • flutter/dev/tools/gen_keycodes/test/gen_keycodes_test.dart:48:20 • undefined_function
  error • The function 'expect' isn't defined • flutter/dev/tools/gen_keycodes/test/gen_keycodes_test.dart:49:5 • undefined_function
  error • The function 'contains' isn't defined • flutter/dev/tools/gen_keycodes/test/gen_keycodes_test.dart:49:20 • undefined_function
  error • The function 'test' isn't defined • flutter/dev/tools/gen_keycodes/test/gen_keycodes_test.dart:52:3 • undefined_function
  error • Undefined class 'PlatformCodeGenerator' • flutter/dev/tools/gen_keycodes/test/gen_keycodes_test.dart:54:11 • undefined_class
  error • The function 'AndroidCodeGenerator' isn't defined • flutter/dev/tools/gen_keycodes/test/gen_keycodes_test.dart:54:49 • undefined_function
  error • The function 'expect' isn't defined • flutter/dev/tools/gen_keycodes/test/gen_keycodes_test.dart:57:5 • undefined_function
  error • The function 'endsWith' isn't defined • flutter/dev/tools/gen_keycodes/test/gen_keycodes_test.dart:57:48 • undefined_function
  error • The function 'expect' isn't defined • flutter/dev/tools/gen_keycodes/test/gen_keycodes_test.dart:58:5 • undefined_function
  error • The function 'contains' isn't defined • flutter/dev/tools/gen_keycodes/test/gen_keycodes_test.dart:58:20 • undefined_function
  error • The function 'expect' isn't defined • flutter/dev/tools/gen_keycodes/test/gen_keycodes_test.dart:59:5 • undefined_function
  error • The function 'contains' isn't defined • flutter/dev/tools/gen_keycodes/test/gen_keycodes_test.dart:59:20 • undefined_function
  error • The function 'expect' isn't defined • flutter/dev/tools/gen_keycodes/test/gen_keycodes_test.dart:60:5 • undefined_function
  error • The function 'contains' isn't defined • flutter/dev/tools/gen_keycodes/test/gen_keycodes_test.dart:60:20 • undefined_function
  error • The function 'test' isn't defined • flutter/dev/tools/gen_keycodes/test/gen_keycodes_test.dart:63:3 • undefined_function
  error • Undefined class 'PlatformCodeGenerator' • flutter/dev/tools/gen_keycodes/test/gen_keycodes_test.dart:65:11 • undefined_class
  error • The function 'MacOSCodeGenerator' isn't defined • flutter/dev/tools/gen_keycodes/test/gen_keycodes_test.dart:65:49 • undefined_function
  error • The function 'expect' isn't defined • flutter/dev/tools/gen_keycodes/test/gen_keycodes_test.dart:72:5 • undefined_function
  error • The function 'endsWith' isn't defined • flutter/dev/tools/gen_keycodes/test/gen_keycodes_test.dart:72:48 • undefined_function
  error • The function 'expect' isn't defined • flutter/dev/tools/gen_keycodes/test/gen_keycodes_test.dart:73:5 • undefined_function
  error • The function 'contains' isn't defined • flutter/dev/tools/gen_keycodes/test/gen_keycodes_test.dart:73:20 • undefined_function
  error • The function 'expect' isn't defined • flutter/dev/tools/gen_keycodes/test/gen_keycodes_test.dart:74:5 • undefined_function
  error • The function 'contains' isn't defined • flutter/dev/tools/gen_keycodes/test/gen_keycodes_test.dart:74:20 • undefined_function
  error • The function 'expect' isn't defined • flutter/dev/tools/gen_keycodes/test/gen_keycodes_test.dart:75:5 • undefined_function
  error • The function 'contains' isn't defined • flutter/dev/tools/gen_keycodes/test/gen_keycodes_test.dart:75:20 • undefined_function
  error • The function 'expect' isn't defined • flutter/dev/tools/gen_keycodes/test/gen_keycodes_test.dart:76:5 • undefined_function
  error • The function 'contains' isn't defined • flutter/dev/tools/gen_keycodes/test/gen_keycodes_test.dart:76:20 • undefined_function
  error • The function 'expect' isn't defined • flutter/dev/tools/gen_keycodes/test/gen_keycodes_test.dart:77:5 • undefined_function
  error • The function 'contains' isn't defined • flutter/dev/tools/gen_keycodes/test/gen_keycodes_test.dart:77:20 • undefined_function
  error • The function 'expect' isn't defined • flutter/dev/tools/gen_keycodes/test/gen_keycodes_test.dart:78:5 • undefined_function
  error • The function 'contains' isn't defined • flutter/dev/tools/gen_keycodes/test/gen_keycodes_test.dart:78:20 • undefined_function
  error • The function 'expect' isn't defined • flutter/dev/tools/gen_keycodes/test/gen_keycodes_test.dart:79:5 • undefined_function
  error • The function 'contains' isn't defined • flutter/dev/tools/gen_keycodes/test/gen_keycodes_test.dart:79:20 • undefined_function
  error • The function 'expect' isn't defined • flutter/dev/tools/gen_keycodes/test/gen_keycodes_test.dart:80:5 • undefined_function
  error • The function 'contains' isn't defined • flutter/dev/tools/gen_keycodes/test/gen_keycodes_test.dart:80:20 • undefined_function
  error • The function 'test' isn't defined • flutter/dev/tools/gen_keycodes/test/gen_keycodes_test.dart:83:3 • undefined_function
  error • Undefined class 'PlatformCodeGenerator' • flutter/dev/tools/gen_keycodes/test/gen_keycodes_test.dart:85:11 • undefined_class
  error • The function 'IOSCodeGenerator' isn't defined • flutter/dev/tools/gen_keycodes/test/gen_keycodes_test.dart:85:49 • undefined_function
  error • The function 'expect' isn't defined • flutter/dev/tools/gen_keycodes/test/gen_keycodes_test.dart:88:5 • undefined_function
  error • The function 'endsWith' isn't defined • flutter/dev/tools/gen_keycodes/test/gen_keycodes_test.dart:88:48 • undefined_function
  error • The function 'expect' isn't defined • flutter/dev/tools/gen_keycodes/test/gen_keycodes_test.dart:89:5 • undefined_function
  error • The function 'contains' isn't defined • flutter/dev/tools/gen_keycodes/test/gen_keycodes_test.dart:89:20 • undefined_function
  error • The function 'expect' isn't defined • flutter/dev/tools/gen_keycodes/test/gen_keycodes_test.dart:90:5 • undefined_function
  error • The function 'contains' isn't defined • flutter/dev/tools/gen_keycodes/test/gen_keycodes_test.dart:90:20 • undefined_function
  error • The function 'expect' isn't defined • flutter/dev/tools/gen_keycodes/test/gen_keycodes_test.dart:91:5 • undefined_function
  error • The function 'contains' isn't defined • flutter/dev/tools/gen_keycodes/test/gen_keycodes_test.dart:91:20 • undefined_function
  error • The function 'expect' isn't defined • flutter/dev/tools/gen_keycodes/test/gen_keycodes_test.dart:92:5 • undefined_function
  error • The function 'contains' isn't defined • flutter/dev/tools/gen_keycodes/test/gen_keycodes_test.dart:92:20 • undefined_function
  error • The function 'expect' isn't defined • flutter/dev/tools/gen_keycodes/test/gen_keycodes_test.dart:93:5 • undefined_function
  error • The function 'contains' isn't defined • flutter/dev/tools/gen_keycodes/test/gen_keycodes_test.dart:93:20 • undefined_function
  error • The function 'expect' isn't defined • flutter/dev/tools/gen_keycodes/test/gen_keycodes_test.dart:94:5 • undefined_function
  error • The function 'contains' isn't defined • flutter/dev/tools/gen_keycodes/test/gen_keycodes_test.dart:94:20 • undefined_function
  error • The function 'expect' isn't defined • flutter/dev/tools/gen_keycodes/test/gen_keycodes_test.dart:95:5 • undefined_function
  error • The function 'contains' isn't defined • flutter/dev/tools/gen_keycodes/test/gen_keycodes_test.dart:95:20 • undefined_function
  error • The function 'expect' isn't defined • flutter/dev/tools/gen_keycodes/test/gen_keycodes_test.dart:96:5 • undefined_function
  error • The function 'contains' isn't defined • flutter/dev/tools/gen_keycodes/test/gen_keycodes_test.dart:96:20 • undefined_function
  error • The function 'test' isn't defined • flutter/dev/tools/gen_keycodes/test/gen_keycodes_test.dart:99:3 • undefined_function
  error • Undefined class 'PlatformCodeGenerator' • flutter/dev/tools/gen_keycodes/test/gen_keycodes_test.dart:101:11 • undefined_class
  error • The function 'WindowsCodeGenerator' isn't defined • flutter/dev/tools/gen_keycodes/test/gen_keycodes_test.dart:101:49 • undefined_function
  error • Undefined name 'dataRoot' • flutter/dev/tools/gen_keycodes/test/gen_keycodes_test.dart:104:30 • undefined_identifier
  error • The function 'expect' isn't defined • flutter/dev/tools/gen_keycodes/test/gen_keycodes_test.dart:108:5 • undefined_function
  error • The function 'endsWith' isn't defined • flutter/dev/tools/gen_keycodes/test/gen_keycodes_test.dart:108:48 • undefined_function
  error • The function 'expect' isn't defined • flutter/dev/tools/gen_keycodes/test/gen_keycodes_test.dart:109:5 • undefined_function
  error • The function 'contains' isn't defined • flutter/dev/tools/gen_keycodes/test/gen_keycodes_test.dart:109:20 • undefined_function
  error • The function 'expect' isn't defined • flutter/dev/tools/gen_keycodes/test/gen_keycodes_test.dart:110:5 • undefined_function
  error • The function 'contains' isn't defined • flutter/dev/tools/gen_keycodes/test/gen_keycodes_test.dart:110:20 • undefined_function
  error • The function 'expect' isn't defined • flutter/dev/tools/gen_keycodes/test/gen_keycodes_test.dart:111:5 • undefined_function
  error • The function 'contains' isn't defined • flutter/dev/tools/gen_keycodes/test/gen_keycodes_test.dart:111:20 • undefined_function
  error • The function 'test' isn't defined • flutter/dev/tools/gen_keycodes/test/gen_keycodes_test.dart:114:3 • undefined_function
  error • Undefined class 'PlatformCodeGenerator' • flutter/dev/tools/gen_keycodes/test/gen_keycodes_test.dart:116:11 • undefined_class
  error • The function 'GtkCodeGenerator' isn't defined • flutter/dev/tools/gen_keycodes/test/gen_keycodes_test.dart:116:49 • undefined_function
  error • Undefined name 'dataRoot' • flutter/dev/tools/gen_keycodes/test/gen_keycodes_test.dart:119:30 • undefined_identifier
  error • Undefined name 'dataRoot' • flutter/dev/tools/gen_keycodes/test/gen_keycodes_test.dart:120:30 • undefined_identifier
  error • The function 'expect' isn't defined • flutter/dev/tools/gen_keycodes/test/gen_keycodes_test.dart:125:5 • undefined_function
  error • The function 'endsWith' isn't defined • flutter/dev/tools/gen_keycodes/test/gen_keycodes_test.dart:125:48 • undefined_function
  error • The function 'expect' isn't defined • flutter/dev/tools/gen_keycodes/test/gen_keycodes_test.dart:126:5 • undefined_function
  error • The function 'contains' isn't defined • flutter/dev/tools/gen_keycodes/test/gen_keycodes_test.dart:126:20 • undefined_function
  error • The function 'expect' isn't defined • flutter/dev/tools/gen_keycodes/test/gen_keycodes_test.dart:127:5 • undefined_function
  error • The function 'contains' isn't defined • flutter/dev/tools/gen_keycodes/test/gen_keycodes_test.dart:127:20 • undefined_function
  error • The function 'test' isn't defined • flutter/dev/tools/gen_keycodes/test/gen_keycodes_test.dart:130:3 • undefined_function
  error • Undefined class 'PlatformCodeGenerator' • flutter/dev/tools/gen_keycodes/test/gen_keycodes_test.dart:132:11 • undefined_class
  error • The function 'WebCodeGenerator' isn't defined • flutter/dev/tools/gen_keycodes/test/gen_keycodes_test.dart:132:49 • undefined_function
  error • Undefined name 'dataRoot' • flutter/dev/tools/gen_keycodes/test/gen_keycodes_test.dart:135:30 • undefined_identifier
  error • The function 'expect' isn't defined • flutter/dev/tools/gen_keycodes/test/gen_keycodes_test.dart:139:5 • undefined_function
  error • The function 'endsWith' isn't defined • flutter/dev/tools/gen_keycodes/test/gen_keycodes_test.dart:139:48 • undefined_function
  error • The function 'expect' isn't defined • flutter/dev/tools/gen_keycodes/test/gen_keycodes_test.dart:140:5 • undefined_function
  error • The function 'contains' isn't defined • flutter/dev/tools/gen_keycodes/test/gen_keycodes_test.dart:140:20 • undefined_function
  error • The function 'expect' isn't defined • flutter/dev/tools/gen_keycodes/test/gen_keycodes_test.dart:141:5 • undefined_function
  error • The function 'contains' isn't defined • flutter/dev/tools/gen_keycodes/test/gen_keycodes_test.dart:141:20 • undefined_function
  error • The function 'expect' isn't defined • flutter/dev/tools/gen_keycodes/test/gen_keycodes_test.dart:142:5 • undefined_function
  error • The function 'contains' isn't defined • flutter/dev/tools/gen_keycodes/test/gen_keycodes_test.dart:142:20 • undefined_function
  error • The function 'test' isn't defined • flutter/dev/tools/gen_keycodes/test/gen_keycodes_test.dart:145:3 • undefined_function
  error • The name 'LogicalKeyEntry' isn't a type, so it can't be used as a type argument • flutter/dev/tools/gen_keycodes/test/gen_keycodes_test.dart:146:16 • non_type_as_type_argument
  error • The function 'expect' isn't defined • flutter/dev/tools/gen_keycodes/test/gen_keycodes_test.dart:150:5 • undefined_function
  error • Undefined class 'LogicalKeyEntry' • flutter/dev/tools/gen_keycodes/test/gen_keycodes_test.dart:150:32 • undefined_class
  error • The function 'isNot' isn't defined • flutter/dev/tools/gen_keycodes/test/gen_keycodes_test.dart:150:86 • undefined_function
  error • The function 'expect' isn't defined • flutter/dev/tools/gen_keycodes/test/gen_keycodes_test.dart:151:5 • undefined_function
  error • Undefined class 'LogicalKeyEntry' • flutter/dev/tools/gen_keycodes/test/gen_keycodes_test.dart:151:32 • undefined_class
  error • The function 'expect' isn't defined • flutter/dev/tools/gen_keycodes/test/gen_keycodes_test.dart:154:5 • undefined_function
  error • Undefined class 'LogicalKeyEntry' • flutter/dev/tools/gen_keycodes/test/gen_keycodes_test.dart:154:32 • undefined_class
  error • The function 'expect' isn't defined • flutter/dev/tools/gen_keycodes/test/gen_keycodes_test.dart:156:5 • undefined_function
  error • Undefined class 'LogicalKeyEntry' • flutter/dev/tools/gen_keycodes/test/gen_keycodes_test.dart:156:32 • undefined_class
  error • Target of URI doesn't exist: 'package:process_runner/process_runner.dart' • flutter/dev/tools/lib/check_engine_version.dart:10:8 • uri_does_not_exist
  error • Undefined class 'ProcessRunner' • flutter/dev/tools/lib/check_engine_version.dart:32:22 • undefined_class
  error • The function 'ProcessRunner' isn't defined • flutter/dev/tools/lib/check_engine_version.dart:36:14 • undefined_function
  error • Undefined class 'ProcessRunnerResult' • flutter/dev/tools/lib/check_engine_version.dart:53:9 • undefined_class
  error • Undefined class 'ProcessRunner' • flutter/dev/tools/lib/check_engine_version.dart:74:39 • undefined_class
  error • Undefined class 'ProcessRunnerResult' • flutter/dev/tools/lib/check_engine_version.dart:75:9 • undefined_class
   info • This expression is not valid in a 'case' clause in Dart 3.0 • flutter/dev/tools/localization/bin/gen_date_localizations.dart:183:10 • invalid_case_patterns
  error • In constant expressions, operands of this operator must be of type 'bool' • flutter/dev/tools/localization/bin/gen_date_localizations.dart:183:10 • const_eval_type_bool
  error • The operands of the operator '||' must be assignable to 'bool' • flutter/dev/tools/localization/bin/gen_date_localizations.dart:183:10 • non_bool_operand
  error • Abstract classes can't be instantiated • flutter/dev/tools/localization/bin/gen_date_localizations.dart:183:18 • instantiate_abstract_class
  error • The constructor being called isn't a const constructor • flutter/dev/tools/localization/bin/gen_date_localizations.dart:183:18 • const_with_non_const
  error • The operands of the operator '||' must be assignable to 'bool' • flutter/dev/tools/localization/bin/gen_date_localizations.dart:183:18 • non_bool_operand
  error • The class 'bool' doesn't have an unnamed constant constructor • flutter/dev/tools/localization/bin/gen_date_localizations.dart:183:27 • const_with_undefined_constructor_default
   info • This expression is not valid in a 'case' clause in Dart 3.0 • flutter/dev/tools/localization/bin/gen_date_localizations.dart:185:10 • invalid_case_patterns
  error • Case expressions must be constant • flutter/dev/tools/localization/bin/gen_date_localizations.dart:185:10 • non_constant_case_expression
  error • The class 'String' doesn't have an unnamed constant constructor • flutter/dev/tools/localization/bin/gen_date_localizations.dart:185:10 • const_with_undefined_constructor_default
  error • The argument type 'dynamic' can't be assigned to the parameter type 'String'.  • flutter/dev/tools/localization/bin/gen_date_localizations.dart:186:51 • argument_type_not_assignable
   info • This expression is not valid in a 'case' clause in Dart 3.0 • flutter/dev/tools/localization/bin/gen_date_localizations.dart:187:10 • invalid_case_patterns
  error • Abstract classes can't be instantiated • flutter/dev/tools/localization/bin/gen_date_localizations.dart:187:10 • instantiate_abstract_class
   info • Method invocation or property access on a 'dynamic' target • flutter/dev/tools/localization/bin/gen_date_localizations.dart:188:25 • avoid_dynamic_calls
  error • The type 'dynamic' used in the 'for' loop must implement 'Iterable' • flutter/dev/tools/localization/bin/gen_date_localizations.dart:190:35 • for_in_of_invalid_type
   info • This expression is not valid in a 'case' clause in Dart 3.0 • flutter/dev/tools/localization/bin/gen_date_localizations.dart:195:10 • invalid_case_patterns
   info • Unnecessary constructor invocation • flutter/dev/tools/localization/bin/gen_date_localizations.dart:195:10 • prefer_collection_literals
  error • Case expressions must be constant • flutter/dev/tools/localization/bin/gen_date_localizations.dart:195:10 • non_constant_case_expression
  error • The constructor being called isn't a const constructor • flutter/dev/tools/localization/bin/gen_date_localizations.dart:195:10 • const_with_non_const
   info • Method invocation or property access on a 'dynamic' target • flutter/dev/tools/localization/bin/gen_date_localizations.dart:197:7 • avoid_dynamic_calls
   info • This expression is not valid in a 'case' clause in Dart 3.0 • flutter/dev/tools/localization/bin/gen_date_localizations.dart:209:10 • invalid_case_patterns
  error • In constant expressions, operands of this operator must be of type 'bool' • flutter/dev/tools/localization/bin/gen_date_localizations.dart:209:10 • const_eval_type_bool
  error • The operands of the operator '||' must be assignable to 'bool' • flutter/dev/tools/localization/bin/gen_date_localizations.dart:209:10 • non_bool_operand
  error • Abstract classes can't be instantiated • flutter/dev/tools/localization/bin/gen_date_localizations.dart:209:18 • instantiate_abstract_class
  error • The constructor being called isn't a const constructor • flutter/dev/tools/localization/bin/gen_date_localizations.dart:209:18 • const_with_non_const
  error • The operands of the operator '||' must be assignable to 'bool' • flutter/dev/tools/localization/bin/gen_date_localizations.dart:209:18 • non_bool_operand
  error • The class 'bool' doesn't have an unnamed constant constructor • flutter/dev/tools/localization/bin/gen_date_localizations.dart:209:27 • const_with_undefined_constructor_default
   info • This expression is not valid in a 'case' clause in Dart 3.0 • flutter/dev/tools/localization/bin/gen_date_localizations.dart:211:10 • invalid_case_patterns
  error • Case expressions must be constant • flutter/dev/tools/localization/bin/gen_date_localizations.dart:211:10 • non_constant_case_expression
  error • The class 'String' doesn't have an unnamed constant constructor • flutter/dev/tools/localization/bin/gen_date_localizations.dart:211:10 • const_with_undefined_constructor_default
  error • The argument type 'dynamic' can't be assigned to the parameter type 'String'.  • flutter/dev/tools/localization/bin/gen_date_localizations.dart:212:51 • argument_type_not_assignable
   info • This expression is not valid in a 'case' clause in Dart 3.0 • flutter/dev/tools/localization/bin/gen_date_localizations.dart:213:10 • invalid_case_patterns
  error • Abstract classes can't be instantiated • flutter/dev/tools/localization/bin/gen_date_localizations.dart:213:10 • instantiate_abstract_class
  error • The type 'dynamic' used in the 'for' loop must implement 'Iterable' • flutter/dev/tools/localization/bin/gen_date_localizations.dart:215:35 • for_in_of_invalid_type
   info • This expression is not valid in a 'case' clause in Dart 3.0 • flutter/dev/tools/localization/bin/gen_date_localizations.dart:220:10 • invalid_case_patterns
   info • Unnecessary constructor invocation • flutter/dev/tools/localization/bin/gen_date_localizations.dart:220:10 • prefer_collection_literals
  error • Case expressions must be constant • flutter/dev/tools/localization/bin/gen_date_localizations.dart:220:10 • non_constant_case_expression
  error • The constructor being called isn't a const constructor • flutter/dev/tools/localization/bin/gen_date_localizations.dart:220:10 • const_with_non_const
   info • Method invocation or property access on a 'dynamic' target • flutter/dev/tools/localization/bin/gen_date_localizations.dart:222:7 • avoid_dynamic_calls
  error • Expected to find ';' • flutter/dev/tools/localization/bin/gen_localizations.dart:435:21 • expected_token
  error • Expected an identifier • flutter/dev/tools/localization/bin/gen_localizations.dart:435:23 • missing_identifier
  error • Expected to find 'case' • flutter/dev/tools/localization/bin/gen_localizations.dart:436:5 • expected_token
   info • Unnecessary empty statement • flutter/dev/tools/localization/bin/gen_localizations.dart:439:4 • empty_statements
  error • Expected to find ';' • flutter/dev/tools/localization/localizations_utils.dart:65:18 • expected_token
  error • Expected an identifier • flutter/dev/tools/localization/localizations_utils.dart:65:20 • missing_identifier
   info • Unnecessary use of parentheses • flutter/dev/tools/localization/localizations_utils.dart:65:28 • unnecessary_parenthesis
  error • This requires the 'records' language feature to be enabled • flutter/dev/tools/localization/localizations_utils.dart:65:28 • experiment_not_enabled
  error • Expected to find 'case' • flutter/dev/tools/localization/localizations_utils.dart:66:9 • expected_token
   info • Unnecessary empty statement • flutter/dev/tools/localization/localizations_utils.dart:70:8 • empty_statements
  error • The 'case' shouldn't complete normally • flutter/dev/tools/localization/localizations_utils.dart:337:9 • switch_case_completes_normally
  error • The 'case' shouldn't complete normally • flutter/dev/tools/localization/localizations_utils.dart:339:9 • switch_case_completes_normally
  error • Target of URI doesn't exist: 'package:yaml_edit/yaml_edit.dart' • flutter/dev/tools/mega_gallery.dart:9:8 • uri_does_not_exist
  error • Undefined class 'YamlEditor' • flutter/dev/tools/mega_gallery.dart:90:9 • undefined_class
  error • The function 'YamlEditor' isn't defined • flutter/dev/tools/mega_gallery.dart:90:33 • undefined_function
  error • The 'case' shouldn't complete normally • flutter/dev/tools/mega_gallery.dart:157:7 • switch_case_completes_normally
   info • This expression is not valid in a 'case' clause in Dart 3.0 • flutter/dev/tools/mega_gallery.dart:157:12 • invalid_case_patterns
  error • Case expressions must be constant • flutter/dev/tools/mega_gallery.dart:157:12 • non_constant_case_expression
  error • The constructor being called isn't a const constructor • flutter/dev/tools/mega_gallery.dart:157:12 • const_with_non_const
  error • 1 positional argument expected by 'Directory.new', but 0 found • flutter/dev/tools/mega_gallery.dart:157:22 • not_enough_positional_arguments
  error • The argument type 'FileSystemEntity' can't be assigned to the parameter type 'Directory'.  • flutter/dev/tools/mega_gallery.dart:158:15 • argument_type_not_assignable
   info • This expression is not valid in a 'case' clause in Dart 3.0 • flutter/dev/tools/mega_gallery.dart:160:12 • invalid_case_patterns
  error • Case expressions must be constant • flutter/dev/tools/mega_gallery.dart:160:12 • non_constant_case_expression
  error • The constructor being called isn't a const constructor • flutter/dev/tools/mega_gallery.dart:160:12 • const_with_non_const
  error • 1 positional argument expected by 'File.new', but 0 found • flutter/dev/tools/mega_gallery.dart:160:17 • not_enough_positional_arguments
  error • The method 'readAsBytesSync' isn't defined for the type 'FileSystemEntity' • flutter/dev/tools/mega_gallery.dart:162:38 • undefined_method
  error • Undefined name 'TestOn' used as an annotation • flutter/dev/tools/test/check_engine_version_test.dart:5:1 • undefined_annotation
  error • Target of URI doesn't exist: 'package:dev_tools/check_engine_version.dart' • flutter/dev/tools/test/check_engine_version_test.dart:11:8 • uri_does_not_exist
  error • Target of URI doesn't exist: 'package:process_runner/process_runner.dart' • flutter/dev/tools/test/check_engine_version_test.dart:13:8 • uri_does_not_exist
  error • Target of URI doesn't exist: 'package:test/fake.dart' • flutter/dev/tools/test/check_engine_version_test.dart:14:8 • uri_does_not_exist
  error • Target of URI doesn't exist: 'package:test/test.dart' • flutter/dev/tools/test/check_engine_version_test.dart:15:8 • uri_does_not_exist
  error • The function 'setUp' isn't defined • flutter/dev/tools/test/check_engine_version_test.dart:23:3 • undefined_function
  error • The function 'tearDown' isn't defined • flutter/dev/tools/test/check_engine_version_test.dart:31:3 • undefined_function
  error • The function 'printOnFailure' isn't defined • flutter/dev/tools/test/check_engine_version_test.dart:32:5 • undefined_function
  error • The function 'test' isn't defined • flutter/dev/tools/test/check_engine_version_test.dart:35:3 • undefined_function
  error • Undefined class 'ProcessRunner' • flutter/dev/tools/test/check_engine_version_test.dart:36:11 • undefined_class
   info • Type could be non-nullable • flutter/dev/tools/test/check_engine_version_test.dart:36:25 • unnecessary_nullable_for_final_variable_declarations
  error • The name 'ProcessRunnerResult' isn't a type, so it can't be used as a type argument • flutter/dev/tools/test/check_engine_version_test.dart:36:61 • non_type_as_type_argument
  error • The function 'expectLater' isn't defined • flutter/dev/tools/test/check_engine_version_test.dart:37:11 • undefined_function
  error • The function 'completion' isn't defined • flutter/dev/tools/test/check_engine_version_test.dart:45:7 • undefined_function
  error • Undefined name 'isTrue' • flutter/dev/tools/test/check_engine_version_test.dart:45:18 • undefined_identifier
  error • The function 'expect' isn't defined • flutter/dev/tools/test/check_engine_version_test.dart:48:5 • undefined_function
  error • The function 'contains' isn't defined • flutter/dev/tools/test/check_engine_version_test.dart:48:23 • undefined_function
  error • The function 'test' isn't defined • flutter/dev/tools/test/check_engine_version_test.dart:51:3 • undefined_function
  error • Undefined class 'ProcessRunner' • flutter/dev/tools/test/check_engine_version_test.dart:58:11 • undefined_class
   info • Type could be non-nullable • flutter/dev/tools/test/check_engine_version_test.dart:58:25 • unnecessary_nullable_for_final_variable_declarations
  error • The name 'ProcessRunnerResult' isn't a type, so it can't be used as a type argument • flutter/dev/tools/test/check_engine_version_test.dart:58:62 • non_type_as_type_argument
  error • The function 'ProcessRunnerResult' isn't defined • flutter/dev/tools/test/check_engine_version_test.dart:59:72 • undefined_function
  error • The function 'expectLater' isn't defined • flutter/dev/tools/test/check_engine_version_test.dart:67:11 • undefined_function
  error • The function 'completion' isn't defined • flutter/dev/tools/test/check_engine_version_test.dart:75:7 • undefined_function
  error • Undefined name 'isTrue' • flutter/dev/tools/test/check_engine_version_test.dart:75:18 • undefined_identifier
  error • The function 'expect' isn't defined • flutter/dev/tools/test/check_engine_version_test.dart:78:5 • undefined_function
  error • The function 'contains' isn't defined • flutter/dev/tools/test/check_engine_version_test.dart:78:23 • undefined_function
  error • The function 'test' isn't defined • flutter/dev/tools/test/check_engine_version_test.dart:81:3 • undefined_function
  error • Undefined class 'ProcessRunner' • flutter/dev/tools/test/check_engine_version_test.dart:86:11 • undefined_class
   info • Type could be non-nullable • flutter/dev/tools/test/check_engine_version_test.dart:86:25 • unnecessary_nullable_for_final_variable_declarations
  error • The name 'ProcessRunnerResult' isn't a type, so it can't be used as a type argument • flutter/dev/tools/test/check_engine_version_test.dart:86:65 • non_type_as_type_argument
  error • The function 'ProcessRunnerResult' isn't defined • flutter/dev/tools/test/check_engine_version_test.dart:87:19 • undefined_function
  error • The function 'expectLater' isn't defined • flutter/dev/tools/test/check_engine_version_test.dart:90:11 • undefined_function
  error • The function 'completion' isn't defined • flutter/dev/tools/test/check_engine_version_test.dart:99:7 • undefined_function
  error • Undefined name 'isFalse' • flutter/dev/tools/test/check_engine_version_test.dart:99:18 • undefined_identifier
  error • The function 'expect' isn't defined • flutter/dev/tools/test/check_engine_version_test.dart:102:5 • undefined_function
  error • The function 'stringContainsInOrder' isn't defined • flutter/dev/tools/test/check_engine_version_test.dart:102:23 • undefined_function
  error • The function 'test' isn't defined • flutter/dev/tools/test/check_engine_version_test.dart:105:3 • undefined_function
  error • Undefined class 'ProcessRunner' • flutter/dev/tools/test/check_engine_version_test.dart:110:11 • undefined_class
   info • Type could be non-nullable • flutter/dev/tools/test/check_engine_version_test.dart:110:25 • unnecessary_nullable_for_final_variable_declarations
  error • The name 'ProcessRunnerResult' isn't a type, so it can't be used as a type argument • flutter/dev/tools/test/check_engine_version_test.dart:110:65 • non_type_as_type_argument
  error • The function 'ProcessRunnerResult' isn't defined • flutter/dev/tools/test/check_engine_version_test.dart:111:19 • undefined_function
  error • The function 'expectLater' isn't defined • flutter/dev/tools/test/check_engine_version_test.dart:114:11 • undefined_function
  error • The function 'completion' isn't defined • flutter/dev/tools/test/check_engine_version_test.dart:123:7 • undefined_function
  error • Undefined name 'isTrue' • flutter/dev/tools/test/check_engine_version_test.dart:123:18 • undefined_identifier
  error • The function 'expect' isn't defined • flutter/dev/tools/test/check_engine_version_test.dart:126:5 • undefined_function
  error • Undefined name 'isEmpty' • flutter/dev/tools/test/check_engine_version_test.dart:126:23 • undefined_identifier
  error • This requires the 'class-modifiers' language feature to be enabled • flutter/dev/tools/test/check_engine_version_test.dart:130:1 • experiment_not_enabled
  error • Classes can only extend other classes • flutter/dev/tools/test/check_engine_version_test.dart:130:39 • extends_non_class
  error • Classes and mixins can only implement other classes and mixins • flutter/dev/tools/test/check_engine_version_test.dart:130:55 • implements_non_class
  error • The name 'ProcessRunnerResult' isn't a type, so it can't be used as a type argument • flutter/dev/tools/test/check_engine_version_test.dart:132:21 • non_type_as_type_argument
  error • The name 'ProcessRunnerResult' isn't a type, so it can't be used as a type argument • flutter/dev/tools/test/check_engine_version_test.dart:135:10 • non_type_as_type_argument
   info • Unreachable member 'runProcess' in an executable library • flutter/dev/tools/test/check_engine_version_test.dart:135:31 • unreachable_from_main
warning • The method doesn't override an inherited method • flutter/dev/tools/test/check_engine_version_test.dart:135:31 • override_on_non_overriding_member
  error • Undefined class 'ProcessRunnerResult' • flutter/dev/tools/test/check_engine_version_test.dart:144:11 • undefined_class
  error • The method 'fail' isn't defined for the type 'FakeProcessRunner' • flutter/dev/tools/test/check_engine_version_test.dart:146:7 • undefined_method
  error • Undefined name 'TestOn' used as an annotation • flutter/dev/tools/test/content_aware_hash_test.dart:5:1 • undefined_annotation
  error • Target of URI doesn't exist: 'package:test/test.dart' • flutter/dev/tools/test/content_aware_hash_test.dart:13:8 • uri_does_not_exist
  error • The function 'fail' isn't defined • flutter/dev/tools/test/content_aware_hash_test.dart:62:7 • undefined_function
  error • The function 'setUpAll' isn't defined • flutter/dev/tools/test/content_aware_hash_test.dart:73:3 • undefined_function
  error • The function 'setUp' isn't defined • flutter/dev/tools/test/content_aware_hash_test.dart:80:3 • undefined_function
  error • The function 'tearDown' isn't defined • flutter/dev/tools/test/content_aware_hash_test.dart:107:3 • undefined_function
  error • The function 'test' isn't defined • flutter/dev/tools/test/content_aware_hash_test.dart:199:3 • undefined_function
  error • The function 'expect' isn't defined • flutter/dev/tools/test/content_aware_hash_test.dart:201:5 • undefined_function
  error • The function 'test' isn't defined • flutter/dev/tools/test/content_aware_hash_test.dart:204:3 • undefined_function
  error • The function 'expect' isn't defined • flutter/dev/tools/test/content_aware_hash_test.dart:206:5 • undefined_function
  error • The function 'test' isn't defined • flutter/dev/tools/test/content_aware_hash_test.dart:209:3 • undefined_function
  error • The function 'expect' isn't defined • flutter/dev/tools/test/content_aware_hash_test.dart:211:5 • undefined_function
  error • The function 'test' isn't defined • flutter/dev/tools/test/content_aware_hash_test.dart:214:3 • undefined_function
  error • The function 'expect' isn't defined • flutter/dev/tools/test/content_aware_hash_test.dart:216:5 • undefined_function
  error • The function 'test' isn't defined • flutter/dev/tools/test/content_aware_hash_test.dart:219:3 • undefined_function
  error • The function 'expect' isn't defined • flutter/dev/tools/test/content_aware_hash_test.dart:228:5 • undefined_function
  error • The function 'equals' isn't defined • flutter/dev/tools/test/content_aware_hash_test.dart:230:7 • undefined_function
  error • The function 'expect' isn't defined • flutter/dev/tools/test/content_aware_hash_test.dart:235:5 • undefined_function
  error • The function 'test' isn't defined • flutter/dev/tools/test/content_aware_hash_test.dart:238:3 • undefined_function
  error • The function 'expect' isn't defined • flutter/dev/tools/test/content_aware_hash_test.dart:247:5 • undefined_function
  error • The function 'equals' isn't defined • flutter/dev/tools/test/content_aware_hash_test.dart:249:7 • undefined_function
  error • The function 'expect' isn't defined • flutter/dev/tools/test/content_aware_hash_test.dart:252:5 • undefined_function
  error • The function 'group' isn't defined • flutter/dev/tools/test/content_aware_hash_test.dart:255:3 • undefined_function
  error • The function 'test' isn't defined • flutter/dev/tools/test/content_aware_hash_test.dart:256:5 • undefined_function
  error • The function 'expect' isn't defined • flutter/dev/tools/test/content_aware_hash_test.dart:259:7 • undefined_function
  error • The function 'test' isn't defined • flutter/dev/tools/test/content_aware_hash_test.dart:262:5 • undefined_function
  error • The function 'expect' isn't defined • flutter/dev/tools/test/content_aware_hash_test.dart:267:7 • undefined_function
  error • The function 'group' isn't defined • flutter/dev/tools/test/content_aware_hash_test.dart:271:3 • undefined_function
  error • The function 'test' isn't defined • flutter/dev/tools/test/content_aware_hash_test.dart:272:5 • undefined_function
  error • The function 'expect' isn't defined • flutter/dev/tools/test/content_aware_hash_test.dart:275:7 • undefined_function
  error • The function 'test' isn't defined • flutter/dev/tools/test/content_aware_hash_test.dart:278:5 • undefined_function
  error • The function 'expect' isn't defined • flutter/dev/tools/test/content_aware_hash_test.dart:283:7 • undefined_function
  error • The function 'group' isn't defined • flutter/dev/tools/test/content_aware_hash_test.dart:287:3 • undefined_function
  error • The function 'test' isn't defined • flutter/dev/tools/test/content_aware_hash_test.dart:288:5 • undefined_function
  error • The function 'expect' isn't defined • flutter/dev/tools/test/content_aware_hash_test.dart:291:7 • undefined_function
  error • The function 'test' isn't defined • flutter/dev/tools/test/content_aware_hash_test.dart:294:5 • undefined_function
  error • The function 'expect' isn't defined • flutter/dev/tools/test/content_aware_hash_test.dart:299:7 • undefined_function
  error • The function 'test' isn't defined • flutter/dev/tools/test/content_aware_hash_test.dart:303:3 • undefined_function
  error • The function 'expect' isn't defined • flutter/dev/tools/test/content_aware_hash_test.dart:310:5 • undefined_function
  error • The function 'test' isn't defined • flutter/dev/tools/test/content_aware_hash_test.dart:313:3 • undefined_function
  error • The function 'expect' isn't defined • flutter/dev/tools/test/content_aware_hash_test.dart:320:5 • undefined_function
  error • The function 'group' isn't defined • flutter/dev/tools/test/content_aware_hash_test.dart:323:3 • undefined_function
  error • The function 'test' isn't defined • flutter/dev/tools/test/content_aware_hash_test.dart:324:5 • undefined_function
  error • The function 'expect' isn't defined • flutter/dev/tools/test/content_aware_hash_test.dart:328:7 • undefined_function
  error • The function 'expect' isn't defined • flutter/dev/tools/test/content_aware_hash_test.dart:335:7 • undefined_function
  error • The function 'test' isn't defined • flutter/dev/tools/test/content_aware_hash_test.dart:342:5 • undefined_function
  error • The function 'expect' isn't defined • flutter/dev/tools/test/content_aware_hash_test.dart:346:7 • undefined_function
  error • The function 'expect' isn't defined • flutter/dev/tools/test/content_aware_hash_test.dart:353:7 • undefined_function
  error • The function 'group' isn't defined • flutter/dev/tools/test/content_aware_hash_test.dart:361:3 • undefined_function
  error • The function 'setUp' isn't defined • flutter/dev/tools/test/content_aware_hash_test.dart:362:5 • undefined_function
  error • The function 'test' isn't defined • flutter/dev/tools/test/content_aware_hash_test.dart:366:5 • undefined_function
  error • The function 'expect' isn't defined • flutter/dev/tools/test/content_aware_hash_test.dart:368:7 • undefined_function
  error • The function 'test' isn't defined • flutter/dev/tools/test/content_aware_hash_test.dart:371:5 • undefined_function
  error • The function 'expect' isn't defined • flutter/dev/tools/test/content_aware_hash_test.dart:373:7 • undefined_function
  error • The function 'test' isn't defined • flutter/dev/tools/test/content_aware_hash_test.dart:376:5 • undefined_function
  error • The function 'expect' isn't defined • flutter/dev/tools/test/content_aware_hash_test.dart:386:7 • undefined_function
  error • The function 'isNot' isn't defined • flutter/dev/tools/test/content_aware_hash_test.dart:388:9 • undefined_function
  error • The function 'test' isn't defined • flutter/dev/tools/test/content_aware_hash_test.dart:392:5 • undefined_function
  error • The function 'expect' isn't defined • flutter/dev/tools/test/content_aware_hash_test.dart:397:7 • undefined_function
  error • The function 'test' isn't defined • flutter/dev/tools/test/content_aware_hash_test.dart:401:3 • undefined_function
  error • The function 'expect' isn't defined • flutter/dev/tools/test/content_aware_hash_test.dart:404:5 • undefined_function
  error • The function 'test' isn't defined • flutter/dev/tools/test/content_aware_hash_test.dart:407:3 • undefined_function
  error • The function 'expect' isn't defined • flutter/dev/tools/test/content_aware_hash_test.dart:414:5 • undefined_function
  error • This requires the 'class-modifiers' language feature to be enabled • flutter/dev/tools/test/content_aware_hash_test.dart:426:1 • experiment_not_enabled
  error • Undefined class 'Matcher' • flutter/dev/tools/test/content_aware_hash_test.dart:503:1 • undefined_class
  error • This requires the 'class-modifiers' language feature to be enabled • flutter/dev/tools/test/content_aware_hash_test.dart:507:1 • experiment_not_enabled
  error • Classes can only extend other classes • flutter/dev/tools/test/content_aware_hash_test.dart:507:48 • extends_non_class
  error • The method 'collapseWhitespace' isn't defined for the type '_ProcessSucceedsAndOutputs' • flutter/dev/tools/test/content_aware_hash_test.dart:508:59 • undefined_method
warning • The method doesn't override an inherited method • flutter/dev/tools/test/content_aware_hash_test.dart:513:8 • override_on_non_overriding_member
  error • The method 'collapseWhitespace' isn't defined for the type '_ProcessSucceedsAndOutputs' • flutter/dev/tools/test/content_aware_hash_test.dart:518:12 • undefined_method
  error • The method 'collapseWhitespace' isn't defined for the type '_ProcessSucceedsAndOutputs' • flutter/dev/tools/test/content_aware_hash_test.dart:518:42 • undefined_method
  error • Undefined class 'Description' • flutter/dev/tools/test/content_aware_hash_test.dart:522:3 • undefined_class
warning • The method doesn't override an inherited method • flutter/dev/tools/test/content_aware_hash_test.dart:522:15 • override_on_non_overriding_member
  error • Undefined class 'Description' • flutter/dev/tools/test/content_aware_hash_test.dart:522:24 • undefined_class
  error • Undefined class 'Description' • flutter/dev/tools/test/content_aware_hash_test.dart:529:3 • undefined_class
warning • The method doesn't override an inherited method • flutter/dev/tools/test/content_aware_hash_test.dart:529:15 • override_on_non_overriding_member
  error • Undefined class 'Description' • flutter/dev/tools/test/content_aware_hash_test.dart:529:46 • undefined_class
  error • The name '_' is already defined • flutter/dev/tools/test/content_aware_hash_test.dart:529:71 • duplicate_definition
  error • The method 'collapseWhitespace' isn't defined for the type '_ProcessSucceedsAndOutputs' • flutter/dev/tools/test/content_aware_hash_test.dart:541:27 • undefined_method
  error • Target of URI doesn't exist: 'package:test/test.dart' • flutter/dev/tools/test/create_api_docs_test.dart:9:8 • uri_does_not_exist
  error • The function 'group' isn't defined • flutter/dev/tools/test/create_api_docs_test.dart:16:3 • undefined_function
  error • The function 'setUp' isn't defined • flutter/dev/tools/test/create_api_docs_test.dart:32:5 • undefined_function
  error • The function 'test' isn't defined • flutter/dev/tools/test/create_api_docs_test.dart:38:5 • undefined_function
  error • The function 'expect' isn't defined • flutter/dev/tools/test/create_api_docs_test.dart:49:7 • undefined_function
  error • The function 'expect' isn't defined • flutter/dev/tools/test/create_api_docs_test.dart:50:7 • undefined_function
  error • The function 'test' isn't defined • flutter/dev/tools/test/create_api_docs_test.dart:53:5 • undefined_function
  error • The function 'expect' isn't defined • flutter/dev/tools/test/create_api_docs_test.dart:70:7 • undefined_function
  error • The function 'expect' isn't defined • flutter/dev/tools/test/create_api_docs_test.dart:71:7 • undefined_function
  error • The function 'test' isn't defined • flutter/dev/tools/test/create_api_docs_test.dart:74:5 • undefined_function
  error • The function 'expect' isn't defined • flutter/dev/tools/test/create_api_docs_test.dart:92:7 • undefined_function
  error • The function 'expect' isn't defined • flutter/dev/tools/test/create_api_docs_test.dart:93:7 • undefined_function
  error • The function 'test' isn't defined • flutter/dev/tools/test/create_api_docs_test.dart:96:5 • undefined_function
  error • Undefined class 'ProcessManager' • flutter/dev/tools/test/create_api_docs_test.dart:100:13 • undefined_class
   info • Type could be non-nullable • flutter/dev/tools/test/create_api_docs_test.dart:100:28 • unnecessary_nullable_for_final_variable_declarations
  error • The function 'expect' isn't defined • flutter/dev/tools/test/create_api_docs_test.dart:115:7 • undefined_function
  error • The function 'test' isn't defined • flutter/dev/tools/test/create_api_docs_test.dart:118:5 • undefined_function
  error • The function 'expect' isn't defined • flutter/dev/tools/test/create_api_docs_test.dart:135:7 • undefined_function
  error • The function 'expect' isn't defined • flutter/dev/tools/test/create_api_docs_test.dart:136:7 • undefined_function
  error • The function 'equals' isn't defined • flutter/dev/tools/test/create_api_docs_test.dart:136:40 • undefined_function
  error • The function 'test' isn't defined • flutter/dev/tools/test/create_api_docs_test.dart:138:5 • undefined_function
  error • The function 'expect' isn't defined • flutter/dev/tools/test/create_api_docs_test.dart:150:7 • undefined_function
  error • The function 'expect' isn't defined • flutter/dev/tools/test/create_api_docs_test.dart:151:7 • undefined_function
  error • The function 'equals' isn't defined • flutter/dev/tools/test/create_api_docs_test.dart:151:40 • undefined_function
  error • The function 'test' isn't defined • flutter/dev/tools/test/create_api_docs_test.dart:153:5 • undefined_function
  error • The function 'expect' isn't defined • flutter/dev/tools/test/create_api_docs_test.dart:170:7 • undefined_function
  error • The function 'expect' isn't defined • flutter/dev/tools/test/create_api_docs_test.dart:171:7 • undefined_function
  error • The function 'equals' isn't defined • flutter/dev/tools/test/create_api_docs_test.dart:171:25 • undefined_function
  error • The function 'test' isn't defined • flutter/dev/tools/test/create_api_docs_test.dart:173:5 • undefined_function
  error • The function 'expect' isn't defined • flutter/dev/tools/test/create_api_docs_test.dart:176:7 • undefined_function
  error • The function 'expect' isn't defined • flutter/dev/tools/test/create_api_docs_test.dart:177:7 • undefined_function
  error • The function 'equals' isn't defined • flutter/dev/tools/test/create_api_docs_test.dart:177:25 • undefined_function
  error • The function 'test' isn't defined • flutter/dev/tools/test/create_api_docs_test.dart:179:5 • undefined_function
  error • The function 'expect' isn't defined • flutter/dev/tools/test/create_api_docs_test.dart:189:7 • undefined_function
  error • Undefined name 'isNotNull' • flutter/dev/tools/test/create_api_docs_test.dart:189:40 • undefined_identifier
  error • The function 'expect' isn't defined • flutter/dev/tools/test/create_api_docs_test.dart:190:7 • undefined_function
  error • The function 'equals' isn't defined • flutter/dev/tools/test/create_api_docs_test.dart:190:40 • undefined_function
  error • The function 'expect' isn't defined • flutter/dev/tools/test/create_api_docs_test.dart:191:7 • undefined_function
  error • Undefined name 'isNotNull' • flutter/dev/tools/test/create_api_docs_test.dart:191:38 • undefined_identifier
  error • The function 'expect' isn't defined • flutter/dev/tools/test/create_api_docs_test.dart:192:7 • undefined_function
  error • The function 'equals' isn't defined • flutter/dev/tools/test/create_api_docs_test.dart:192:38 • undefined_function
  error • The function 'test' isn't defined • flutter/dev/tools/test/create_api_docs_test.dart:194:5 • undefined_function
  error • The function 'expect' isn't defined • flutter/dev/tools/test/create_api_docs_test.dart:217:7 • undefined_function
  error • The function 'expect' isn't defined • flutter/dev/tools/test/create_api_docs_test.dart:218:7 • undefined_function
  error • The function 'equals' isn't defined • flutter/dev/tools/test/create_api_docs_test.dart:218:35 • undefined_function
  error • The function 'group' isn't defined • flutter/dev/tools/test/create_api_docs_test.dart:222:3 • undefined_function
  error • The function 'setUp' isn't defined • flutter/dev/tools/test/create_api_docs_test.dart:243:5 • undefined_function
  error • The function 'test' isn't defined • flutter/dev/tools/test/create_api_docs_test.dart:338:5 • undefined_function
  error • The function 'expect' isn't defined • flutter/dev/tools/test/create_api_docs_test.dart:340:7 • undefined_function
  error • Undefined name 'isTrue' • flutter/dev/tools/test/create_api_docs_test.dart:340:66 • undefined_identifier
  error • The function 'expect' isn't defined • flutter/dev/tools/test/create_api_docs_test.dart:344:7 • undefined_function
  error • The function 'contains' isn't defined • flutter/dev/tools/test/create_api_docs_test.dart:344:31 • undefined_function
  error • The function 'expect' isn't defined • flutter/dev/tools/test/create_api_docs_test.dart:345:7 • undefined_function
  error • The function 'contains' isn't defined • flutter/dev/tools/test/create_api_docs_test.dart:345:31 • undefined_function
  error • The function 'expect' isn't defined • flutter/dev/tools/test/create_api_docs_test.dart:346:7 • undefined_function
  error • The function 'contains' isn't defined • flutter/dev/tools/test/create_api_docs_test.dart:346:31 • undefined_function
  error • The function 'expect' isn't defined • flutter/dev/tools/test/create_api_docs_test.dart:347:7 • undefined_function
  error • The function 'contains' isn't defined • flutter/dev/tools/test/create_api_docs_test.dart:347:31 • undefined_function
  error • The function 'test' isn't defined • flutter/dev/tools/test/create_api_docs_test.dart:350:5 • undefined_function
  error • The function 'expect' isn't defined • flutter/dev/tools/test/create_api_docs_test.dart:352:7 • undefined_function
  error • Undefined name 'isTrue' • flutter/dev/tools/test/create_api_docs_test.dart:352:62 • undefined_identifier
  error • The function 'expect' isn't defined • flutter/dev/tools/test/create_api_docs_test.dart:353:7 • undefined_function
  error • Undefined name 'isTrue' • flutter/dev/tools/test/create_api_docs_test.dart:353:89 • undefined_identifier
  error • The function 'expect' isn't defined • flutter/dev/tools/test/create_api_docs_test.dart:354:7 • undefined_function
  error • The function 'contains' isn't defined • flutter/dev/tools/test/create_api_docs_test.dart:356:9 • undefined_function
  error • The function 'expect' isn't defined • flutter/dev/tools/test/create_api_docs_test.dart:358:7 • undefined_function
  error • The function 'contains' isn't defined • flutter/dev/tools/test/create_api_docs_test.dart:360:9 • undefined_function
  error • The function 'test' isn't defined • flutter/dev/tools/test/create_api_docs_test.dart:364:5 • undefined_function
  error • The function 'expect' isn't defined • flutter/dev/tools/test/create_api_docs_test.dart:366:7 • undefined_function
  error • Undefined name 'isTrue' • flutter/dev/tools/test/create_api_docs_test.dart:366:65 • undefined_identifier
  error • The function 'expect' isn't defined • flutter/dev/tools/test/create_api_docs_test.dart:367:7 • undefined_function
  error • The function 'contains' isn't defined • flutter/dev/tools/test/create_api_docs_test.dart:369:9 • undefined_function
  error • The function 'expect' isn't defined • flutter/dev/tools/test/create_api_docs_test.dart:371:7 • undefined_function
  error • Undefined name 'isTrue' • flutter/dev/tools/test/create_api_docs_test.dart:371:89 • undefined_identifier
  error • The function 'expect' isn't defined • flutter/dev/tools/test/create_api_docs_test.dart:372:7 • undefined_function
  error • The function 'contains' isn't defined • flutter/dev/tools/test/create_api_docs_test.dart:374:9 • undefined_function
  error • The function 'test' isn't defined • flutter/dev/tools/test/create_api_docs_test.dart:378:5 • undefined_function
  error • The function 'expect' isn't defined • flutter/dev/tools/test/create_api_docs_test.dart:380:7 • undefined_function
  error • Undefined name 'isTrue' • flutter/dev/tools/test/create_api_docs_test.dart:380:68 • undefined_identifier
  error • The function 'expect' isn't defined • flutter/dev/tools/test/create_api_docs_test.dart:381:7 • undefined_function
  error • The function 'contains' isn't defined • flutter/dev/tools/test/create_api_docs_test.dart:383:9 • undefined_function
  error • The function 'group' isn't defined • flutter/dev/tools/test/create_api_docs_test.dart:388:3 • undefined_function
  error • The function 'setUp' isn't defined • flutter/dev/tools/test/create_api_docs_test.dart:394:5 • undefined_function
  error • The function 'test' isn't defined • flutter/dev/tools/test/create_api_docs_test.dart:414:5 • undefined_function
  error • The function 'expectLater' isn't defined • flutter/dev/tools/test/create_api_docs_test.dart:480:13 • undefined_function
  error • The function 'throwsA' isn't defined • flutter/dev/tools/test/create_api_docs_test.dart:482:9 • undefined_function
  error • The function 'isA' isn't defined • flutter/dev/tools/test/create_api_docs_test.dart:483:11 • undefined_function
  error • The function 'contains' isn't defined • flutter/dev/tools/test/create_api_docs_test.dart:486:13 • undefined_function
  error • The function 'expect' isn't defined • flutter/dev/tools/test/create_api_docs_test.dart:495:7 • undefined_function
  error • The function 'test' isn't defined • flutter/dev/tools/test/create_api_docs_test.dart:498:5 • undefined_function
  error • The function 'expect' isn't defined • flutter/dev/tools/test/create_api_docs_test.dart:585:13 • undefined_function
  error • Undefined name 'isTrue' • flutter/dev/tools/test/create_api_docs_test.dart:585:72 • undefined_identifier
  error • Target of URI doesn't exist: 'package:test/test.dart' • flutter/dev/tools/test/format_test.dart:8:8 • uri_does_not_exist
  error • The function 'test' isn't defined • flutter/dev/tools/test/format_test.dart:78:3 • undefined_function
  error • The function 'expect' isn't defined • flutter/dev/tools/test/format_test.dart:90:11 • undefined_function
  error • The function 'equals' isn't defined • flutter/dev/tools/test/format_test.dart:90:33 • undefined_function
  error • The function 'test' isn't defined • flutter/dev/tools/test/format_test.dart:100:3 • undefined_function
  error • The function 'expect' isn't defined • flutter/dev/tools/test/format_test.dart:113:9 • undefined_function
  error • The function 'contains' isn't defined • flutter/dev/tools/test/format_test.dart:113:31 • undefined_function
  error • The function 'expect' isn't defined • flutter/dev/tools/test/format_test.dart:114:9 • undefined_function
  error • The function 'isNot' isn't defined • flutter/dev/tools/test/format_test.dart:114:33 • undefined_function
  error • Target of URI doesn't exist: 'package:test/test.dart' • flutter/dev/tools/test/generate_gradle_lockfiles_test.dart:8:8 • uri_does_not_exist
  error • The function 'setUp' isn't defined • flutter/dev/tools/test/generate_gradle_lockfiles_test.dart:16:3 • undefined_function
  error • The function 'tearDown' isn't defined • flutter/dev/tools/test/generate_gradle_lockfiles_test.dart:35:3 • undefined_function
  error • The function 'test' isn't defined • flutter/dev/tools/test/generate_gradle_lockfiles_test.dart:39:3 • undefined_function
  error • The function 'expect' isn't defined • flutter/dev/tools/test/generate_gradle_lockfiles_test.dart:40:5 • undefined_function
  error • The function 'hasLength' isn't defined • flutter/dev/tools/test/generate_gradle_lockfiles_test.dart:40:60 • undefined_function
  error • The function 'test' isn't defined • flutter/dev/tools/test/generate_gradle_lockfiles_test.dart:43:3 • undefined_function
  error • The function 'fail' isn't defined • flutter/dev/tools/test/generate_gradle_lockfiles_test.dart:46:9 • undefined_function
  error • The function 'test' isn't defined • flutter/dev/tools/test/generate_gradle_lockfiles_test.dart:51:3 • undefined_function
  error • The function 'expect' isn't defined • flutter/dev/tools/test/generate_gradle_lockfiles_test.dart:55:5 • undefined_function
  error • The function 'containsAll' isn't defined • flutter/dev/tools/test/generate_gradle_lockfiles_test.dart:57:7 • undefined_function
  error • The name 'Matcher' isn't a type, so it can't be used as a type argument • flutter/dev/tools/test/generate_gradle_lockfiles_test.dart:57:20 • non_type_as_type_argument
  error • The function 'contains' isn't defined • flutter/dev/tools/test/generate_gradle_lockfiles_test.dart:57:29 • undefined_function
  error • Undefined name 'TestOn' used as an annotation • flutter/dev/tools/test/last_engine_commit_test.dart:5:1 • undefined_annotation
  error • Target of URI doesn't exist: 'package:test/test.dart' • flutter/dev/tools/test/last_engine_commit_test.dart:13:8 • uri_does_not_exist
  error • The function 'fail' isn't defined • flutter/dev/tools/test/last_engine_commit_test.dart:64:7 • undefined_function
  error • The function 'setUpAll' isn't defined • flutter/dev/tools/test/last_engine_commit_test.dart:75:3 • undefined_function
  error • The function 'setUp' isn't defined • flutter/dev/tools/test/last_engine_commit_test.dart:95:3 • undefined_function
  error • The function 'tearDown' isn't defined • flutter/dev/tools/test/last_engine_commit_test.dart:125:3 • undefined_function
  error • The function 'test' isn't defined • flutter/dev/tools/test/last_engine_commit_test.dart:166:3 • undefined_function
  error • The function 'expect' isn't defined • flutter/dev/tools/test/last_engine_commit_test.dart:171:5 • undefined_function
  error • Undefined name 'isNotEmpty' • flutter/dev/tools/test/last_engine_commit_test.dart:171:24 • undefined_identifier
  error • The function 'expect' isn't defined • flutter/dev/tools/test/last_engine_commit_test.dart:174:5 • undefined_function
  error • The function 'test' isn't defined • flutter/dev/tools/test/last_engine_commit_test.dart:177:3 • undefined_function
  error • The function 'expect' isn't defined • flutter/dev/tools/test/last_engine_commit_test.dart:182:5 • undefined_function
  error • Undefined name 'isNotEmpty' • flutter/dev/tools/test/last_engine_commit_test.dart:182:25 • undefined_identifier
  error • The function 'expect' isn't defined • flutter/dev/tools/test/last_engine_commit_test.dart:186:5 • undefined_function
  error • The function 'allOf' isn't defined • flutter/dev/tools/test/last_engine_commit_test.dart:186:25 • undefined_function
  error • Undefined name 'isNotEmpty' • flutter/dev/tools/test/last_engine_commit_test.dart:186:31 • undefined_identifier
  error • The function 'isNot' isn't defined • flutter/dev/tools/test/last_engine_commit_test.dart:186:43 • undefined_function
  error • The function 'equals' isn't defined • flutter/dev/tools/test/last_engine_commit_test.dart:186:49 • undefined_function
  error • The function 'test' isn't defined • flutter/dev/tools/test/last_engine_commit_test.dart:189:3 • undefined_function
  error • The function 'expect' isn't defined • flutter/dev/tools/test/last_engine_commit_test.dart:206:5 • undefined_function
  error • This requires the 'class-modifiers' language feature to be enabled • flutter/dev/tools/test/last_engine_commit_test.dart:242:1 • experiment_not_enabled
  error • Undefined name 'TestOn' used as an annotation • flutter/dev/tools/test/update_engine_version_test.dart:5:1 • undefined_annotation
  error • Target of URI doesn't exist: 'package:test/test.dart' • flutter/dev/tools/test/update_engine_version_test.dart:13:8 • uri_does_not_exist
  error • The function 'fail' isn't defined • flutter/dev/tools/test/update_engine_version_test.dart:65:7 • undefined_function
  error • The function 'setUpAll' isn't defined • flutter/dev/tools/test/update_engine_version_test.dart:76:3 • undefined_function
  error • The function 'setUp' isn't defined • flutter/dev/tools/test/update_engine_version_test.dart:83:3 • undefined_function
  error • The function 'fail' isn't defined • flutter/dev/tools/test/update_engine_version_test.dart:117:7 • undefined_function
  error • The function 'tearDown' isn't defined • flutter/dev/tools/test/update_engine_version_test.dart:121:3 • undefined_function
  error • The function 'printOnFailure' isn't defined • flutter/dev/tools/test/update_engine_version_test.dart:156:5 • undefined_function
  error • The function 'fail' isn't defined • flutter/dev/tools/test/update_engine_version_test.dart:173:7 • undefined_function
  error • The function 'group' isn't defined • flutter/dev/tools/test/update_engine_version_test.dart:262:3 • undefined_function
  error • The function 'setUp' isn't defined • flutter/dev/tools/test/update_engine_version_test.dart:265:5 • undefined_function
  error • The function 'test' isn't defined • flutter/dev/tools/test/update_engine_version_test.dart:276:5 • undefined_function
  error • The function 'expect' isn't defined • flutter/dev/tools/test/update_engine_version_test.dart:288:7 • undefined_function
  error • The function 'isNot' isn't defined • flutter/dev/tools/test/update_engine_version_test.dart:288:27 • undefined_function
  error • The function 'equals' isn't defined • flutter/dev/tools/test/update_engine_version_test.dart:288:33 • undefined_function
  error • The function 'tearDown' isn't defined • flutter/dev/tools/test/update_engine_version_test.dart:291:5 • undefined_function
  error • The function 'group' isn't defined • flutter/dev/tools/test/update_engine_version_test.dart:296:3 • undefined_function
  error • The function 'setUp' isn't defined • flutter/dev/tools/test/update_engine_version_test.dart:297:5 • undefined_function
  error • The function 'test' isn't defined • flutter/dev/tools/test/update_engine_version_test.dart:302:5 • undefined_function
  error • The function 'expect' isn't defined • flutter/dev/tools/test/update_engine_version_test.dart:305:7 • undefined_function
  error • The function 'test' isn't defined • flutter/dev/tools/test/update_engine_version_test.dart:308:5 • undefined_function
  error • The function 'expect' isn't defined • flutter/dev/tools/test/update_engine_version_test.dart:312:7 • undefined_function
  error • The function 'group' isn't defined • flutter/dev/tools/test/update_engine_version_test.dart:316:3 • undefined_function
  error • The function 'setUp' isn't defined • flutter/dev/tools/test/update_engine_version_test.dart:317:5 • undefined_function
  error • The function 'test' isn't defined • flutter/dev/tools/test/update_engine_version_test.dart:321:5 • undefined_function
  error • The function 'expect' isn't defined • flutter/dev/tools/test/update_engine_version_test.dart:326:7 • undefined_function
  error • The function 'test' isn't defined • flutter/dev/tools/test/update_engine_version_test.dart:329:5 • undefined_function
  error • The function 'expect' isn't defined • flutter/dev/tools/test/update_engine_version_test.dart:334:7 • undefined_function
  error • The function 'group' isn't defined • flutter/dev/tools/test/update_engine_version_test.dart:341:3 • undefined_function
  error • The function 'setUp' isn't defined • flutter/dev/tools/test/update_engine_version_test.dart:342:5 • undefined_function
  error • The function 'test' isn't defined • flutter/dev/tools/test/update_engine_version_test.dart:346:5 • undefined_function
  error • The function 'expect' isn't defined • flutter/dev/tools/test/update_engine_version_test.dart:350:7 • undefined_function
  error • The function 'test' isn't defined • flutter/dev/tools/test/update_engine_version_test.dart:356:5 • undefined_function
  error • The function 'expect' isn't defined • flutter/dev/tools/test/update_engine_version_test.dart:360:7 • undefined_function
  error • The function 'group' isn't defined • flutter/dev/tools/test/update_engine_version_test.dart:367:3 • undefined_function
  error • The function 'setUp' isn't defined • flutter/dev/tools/test/update_engine_version_test.dart:368:5 • undefined_function
  error • The function 'test' isn't defined • flutter/dev/tools/test/update_engine_version_test.dart:373:5 • undefined_function
  error • The function 'expect' isn't defined • flutter/dev/tools/test/update_engine_version_test.dart:376:7 • undefined_function
  error • The function 'test' isn't defined • flutter/dev/tools/test/update_engine_version_test.dart:379:5 • undefined_function
  error • The function 'expect' isn't defined • flutter/dev/tools/test/update_engine_version_test.dart:383:7 • undefined_function
  error • This requires the 'class-modifiers' language feature to be enabled • flutter/dev/tools/test/update_engine_version_test.dart:398:1 • experiment_not_enabled
  error • Undefined class 'Matcher' • flutter/dev/tools/test/update_engine_version_test.dart:509:1 • undefined_class
  error • This requires the 'class-modifiers' language feature to be enabled • flutter/dev/tools/test/update_engine_version_test.dart:513:1 • experiment_not_enabled
  error • Classes can only extend other classes • flutter/dev/tools/test/update_engine_version_test.dart:513:65 • extends_non_class
  error • The method 'collapseWhitespace' isn't defined for the type '_ExistsWithStringContentsIgnoringWhitespace' • flutter/dev/tools/test/update_engine_version_test.dart:515:19 • undefined_method
warning • The method doesn't override an inherited method • flutter/dev/tools/test/update_engine_version_test.dart:520:8 • override_on_non_overriding_member
  error • The method 'collapseWhitespace' isn't defined for the type '_ExistsWithStringContentsIgnoringWhitespace' • flutter/dev/tools/test/update_engine_version_test.dart:525:12 • undefined_method
  error • The method 'collapseWhitespace' isn't defined for the type '_ExistsWithStringContentsIgnoringWhitespace' • flutter/dev/tools/test/update_engine_version_test.dart:525:42 • undefined_method
  error • Undefined class 'Description' • flutter/dev/tools/test/update_engine_version_test.dart:529:3 • undefined_class
warning • The method doesn't override an inherited method • flutter/dev/tools/test/update_engine_version_test.dart:529:15 • override_on_non_overriding_member
  error • Undefined class 'Description' • flutter/dev/tools/test/update_engine_version_test.dart:529:24 • undefined_class
  error • Undefined class 'Description' • flutter/dev/tools/test/update_engine_version_test.dart:534:3 • undefined_class
warning • The method doesn't override an inherited method • flutter/dev/tools/test/update_engine_version_test.dart:534:15 • override_on_non_overriding_member
  error • Undefined class 'Description' • flutter/dev/tools/test/update_engine_version_test.dart:534:46 • undefined_class
  error • The name '_' is already defined • flutter/dev/tools/test/update_engine_version_test.dart:534:71 • duplicate_definition
  error • The method 'collapseWhitespace' isn't defined for the type '_ExistsWithStringContentsIgnoringWhitespace' • flutter/dev/tools/test/update_engine_version_test.dart:543:27 • undefined_method
  error • Target of URI doesn't exist: 'package:test/test.dart' • flutter/dev/tools/test/update_icons_test.dart:5:8 • uri_does_not_exist
  error • The function 'group' isn't defined • flutter/dev/tools/test/update_icons_test.dart:15:3 • undefined_function
  error • The function 'test' isn't defined • flutter/dev/tools/test/update_icons_test.dart:16:5 • undefined_function
  error • The function 'expect' isn't defined • flutter/dev/tools/test/update_icons_test.dart:17:7 • undefined_function
  error • The function 'expect' isn't defined • flutter/dev/tools/test/update_icons_test.dart:19:7 • undefined_function
  error • The function 'expect' isn't defined • flutter/dev/tools/test/update_icons_test.dart:20:7 • undefined_function
  error • The function 'test' isn't defined • flutter/dev/tools/test/update_icons_test.dart:22:5 • undefined_function
  error • The function 'expect' isn't defined • flutter/dev/tools/test/update_icons_test.dart:23:7 • undefined_function
  error • The function 'expect' isn't defined • flutter/dev/tools/test/update_icons_test.dart:25:7 • undefined_function
  error • The function 'expect' isn't defined • flutter/dev/tools/test/update_icons_test.dart:26:7 • undefined_function
  error • The function 'expect' isn't defined • flutter/dev/tools/test/update_icons_test.dart:28:7 • undefined_function
  error • The function 'expect' isn't defined • flutter/dev/tools/test/update_icons_test.dart:29:7 • undefined_function
  error • The function 'test' isn't defined • flutter/dev/tools/test/update_icons_test.dart:33:3 • undefined_function
  error • The function 'expect' isn't defined • flutter/dev/tools/test/update_icons_test.dart:34:5 • undefined_function
  error • The function 'test' isn't defined • flutter/dev/tools/test/update_icons_test.dart:37:3 • undefined_function
  error • The function 'expect' isn't defined • flutter/dev/tools/test/update_icons_test.dart:38:5 • undefined_function
  error • The function 'test' isn't defined • flutter/dev/tools/test/update_icons_test.dart:41:3 • undefined_function
  error • The function 'expect' isn't defined • flutter/dev/tools/test/update_icons_test.dart:42:5 • undefined_function
  error • The function 'expect' isn't defined • flutter/dev/tools/test/update_icons_test.dart:43:5 • undefined_function
  error • The function 'test' isn't defined • flutter/dev/tools/test/update_icons_test.dart:49:3 • undefined_function
  error • The function 'expect' isn't defined • flutter/dev/tools/test/update_icons_test.dart:51:5 • undefined_function
  error • The function 'expect' isn't defined • flutter/dev/tools/test/update_icons_test.dart:53:5 • undefined_function
  error • The function 'expect' isn't defined • flutter/dev/tools/test/update_icons_test.dart:55:5 • undefined_function
  error • The function 'expect' isn't defined • flutter/dev/tools/test/update_icons_test.dart:56:5 • undefined_function
  error • The function 'expect' isn't defined • flutter/dev/tools/test/update_icons_test.dart:57:5 • undefined_function
  error • The function 'expect' isn't defined • flutter/dev/tools/test/update_icons_test.dart:58:5 • undefined_function
  error • The function 'expect' isn't defined • flutter/dev/tools/test/update_icons_test.dart:60:5 • undefined_function
  error • The function 'expect' isn't defined • flutter/dev/tools/test/update_icons_test.dart:61:5 • undefined_function
  error • The function 'expect' isn't defined • flutter/dev/tools/test/update_icons_test.dart:62:5 • undefined_function
  error • The function 'expect' isn't defined • flutter/dev/tools/test/update_icons_test.dart:63:5 • undefined_function
  error • The function 'expect' isn't defined • flutter/dev/tools/test/update_icons_test.dart:65:5 • undefined_function
  error • The function 'expect' isn't defined • flutter/dev/tools/test/update_icons_test.dart:67:5 • undefined_function
   info • Missing type annotation • flutter/dev/tools/update_icons.dart:428:10 • always_specify_types
   info • An uninitialized variable should have an explicit type annotation • flutter/dev/tools/update_icons.dart:428:16 • prefer_typing_uninitialized_variables
   info • The variable name 'MapEntry' isn't a lowerCamelCase identifier • flutter/dev/tools/update_icons.dart:428:16 • non_constant_identifier_names
warning • The type of MapEntry can't be inferred without either a type or initializer • flutter/dev/tools/update_icons.dart:428:16 • inference_failure_on_uninitialized_variable
warning • The value of the local variable 'MapEntry' isn't used • flutter/dev/tools/update_icons.dart:428:16 • unused_local_variable
  error • Expected to find ';' • flutter/dev/tools/update_icons.dart:428:16 • expected_token
  error • Conditions must have a static type of 'bool' • flutter/dev/tools/update_icons.dart:428:24 • non_bool_condition
   info • The type parameter name 'String' matches a visible type name • flutter/dev/tools/update_icons.dart:428:25 • avoid_types_as_parameter_names
   info • The type parameter name 'String' matches a visible type name • flutter/dev/tools/update_icons.dart:428:33 • avoid_types_as_parameter_names
  error • The name 'String' is already defined • flutter/dev/tools/update_icons.dart:428:33 • duplicate_definition
   info • Missing type annotation • flutter/dev/tools/update_icons.dart:428:41 • always_specify_types
   info • Using a colon as the separator before a default value is deprecated and will not be supported in language version 3.0 and later • flutter/dev/tools/update_icons.dart:428:41 • deprecated_colon_for_default_value
  error • Expected an identifier • flutter/dev/tools/update_icons.dart:428:41 • missing_identifier
  error • Named parameters must be enclosed in curly braces ('{' and '}') • flutter/dev/tools/update_icons.dart:428:41 • named_parameter_outside_group
  error • Type parameters can't be used in a constant expression • flutter/dev/tools/update_icons.dart:428:42 • const_type_parameter
  error • Expected to find ')' • flutter/dev/tools/update_icons.dart:428:49 • expected_token
  error • Expected to find ';' • flutter/dev/tools/update_icons.dart:428:67 • expected_token
  error • 'in' can't be used as an identifier because it's a keyword • flutter/dev/tools/update_icons.dart:428:69 • expected_identifier_but_got_keyword
  error • A function body must be provided • flutter/dev/tools/update_icons.dart:428:69 • missing_function_body
  error • Undefined name 'in' • flutter/dev/tools/update_icons.dart:428:69 • undefined_identifier
  error • Unexpected text 'in' • flutter/dev/tools/update_icons.dart:428:69 • unexpected_token
  error • Unexpected text 'oldCodepoints' • flutter/dev/tools/update_icons.dart:428:72 • unexpected_token
  error • Undefined name 'key' • flutter/dev/tools/update_icons.dart:429:37 • undefined_identifier
  error • Undefined name 'value' • flutter/dev/tools/update_icons.dart:429:45 • undefined_identifier
  error • Undefined name 'key' • flutter/dev/tools/update_icons.dart:429:68 • undefined_identifier
  error • Undefined name 'key' • flutter/dev/tools/update_icons.dart:429:74 • undefined_identifier
  error • Target of URI doesn't exist: 'package:vitool/vitool.dart' • flutter/dev/tools/vitool/bin/main.dart:8:8 • uri_does_not_exist
  error • The name 'FrameData' isn't a type, so it can't be used as a type argument • flutter/dev/tools/vitool/bin/main.dart:57:14 • non_type_as_type_argument
  error • The name 'FrameData' isn't a type, so it can't be used as a type argument • flutter/dev/tools/vitool/bin/main.dart:57:35 • non_type_as_type_argument
  error • The function 'interpretSvg' isn't defined • flutter/dev/tools/vitool/bin/main.dart:58:52 • undefined_function
  error • Undefined class 'Animation' • flutter/dev/tools/vitool/bin/main.dart:78:9 • undefined_class
  error • Undefined name 'Animation' • flutter/dev/tools/vitool/bin/main.dart:78:31 • undefined_identifier
  error • Expected to find ';' • flutter/dev/tools/vitool/lib/vitool.dart:164:35 • expected_token
  error • Expected an identifier • flutter/dev/tools/vitool/lib/vitool.dart:164:37 • missing_identifier
  error • Expected to find 'case' • flutter/dev/tools/vitool/lib/vitool.dart:165:7 • expected_token
   info • Unnecessary empty statement • flutter/dev/tools/vitool/lib/vitool.dart:170:6 • empty_statements
  error • Target of URI doesn't exist: 'package:vitool/vitool.dart' • flutter/dev/tools/vitool/test/vitool_test.dart:11:8 • uri_does_not_exist
  error • The function 'parsePixels' isn't defined • flutter/dev/tools/vitool/test/vitool_test.dart:15:12 • undefined_function
  error • The function 'parsePixels' isn't defined • flutter/dev/tools/vitool/test/vitool_test.dart:16:12 • undefined_function
  error • The function 'parsePixels' isn't defined • flutter/dev/tools/vitool/test/vitool_test.dart:18:7 • undefined_function
  error • The function 'parsePoints' isn't defined • flutter/dev/tools/vitool/test/vitool_test.dart:23:12 • undefined_function
  error • The function 'parsePoints' isn't defined • flutter/dev/tools/vitool/test/vitool_test.dart:24:12 • undefined_function
  error • The function 'parsePoints' isn't defined • flutter/dev/tools/vitool/test/vitool_test.dart:28:12 • undefined_function
  error • The function 'interpretSvg' isn't defined • flutter/dev/tools/vitool/test/vitool_test.dart:36:7 • undefined_function
  error • The function 'interpretSvg' isn't defined • flutter/dev/tools/vitool/test/vitool_test.dart:37:7 • undefined_function
  error • The function 'interpretSvg' isn't defined • flutter/dev/tools/vitool/test/vitool_test.dart:42:9 • undefined_function
  error • The function 'interpretSvg' isn't defined • flutter/dev/tools/vitool/test/vitool_test.dart:48:9 • undefined_function
  error • The function 'interpretSvg' isn't defined • flutter/dev/tools/vitool/test/vitool_test.dart:53:9 • undefined_function
  error • Undefined class 'FrameData' • flutter/dev/tools/vitool/test/vitool_test.dart:59:13 • undefined_class
  error • The function 'interpretSvg' isn't defined • flutter/dev/tools/vitool/test/vitool_test.dart:59:35 • undefined_function
  error • The name 'SvgPath' isn't a type, so it can't be used as a type argument • flutter/dev/tools/vitool/test/vitool_test.dart:60:32 • non_type_as_type_argument
  error • The name 'SvgPath' isn't a class • flutter/dev/tools/vitool/test/vitool_test.dart:61:15 • creation_with_non_type
  error • The name 'SvgPathCommand' isn't a type, so it can't be used as a type argument • flutter/dev/tools/vitool/test/vitool_test.dart:61:34 • non_type_as_type_argument
  error • The function 'SvgPathCommand' isn't defined • flutter/dev/tools/vitool/test/vitool_test.dart:62:11 • undefined_function
  error • The function 'SvgPathCommand' isn't defined • flutter/dev/tools/vitool/test/vitool_test.dart:63:11 • undefined_function
  error • The function 'SvgPathCommand' isn't defined • flutter/dev/tools/vitool/test/vitool_test.dart:64:11 • undefined_function
  error • The function 'SvgPathCommand' isn't defined • flutter/dev/tools/vitool/test/vitool_test.dart:65:11 • undefined_function
  error • The function 'SvgPathCommand' isn't defined • flutter/dev/tools/vitool/test/vitool_test.dart:66:11 • undefined_function
  error • The function 'interpretSvg' isn't defined • flutter/dev/tools/vitool/test/vitool_test.dart:72:7 • undefined_function
  error • The function 'interpretSvg' isn't defined • flutter/dev/tools/vitool/test/vitool_test.dart:77:9 • undefined_function
  error • Undefined class 'FrameData' • flutter/dev/tools/vitool/test/vitool_test.dart:82:13 • undefined_class
  error • The function 'interpretSvg' isn't defined • flutter/dev/tools/vitool/test/vitool_test.dart:82:35 • undefined_function
  error • The name 'SvgPath' isn't a type, so it can't be used as a type argument • flutter/dev/tools/vitool/test/vitool_test.dart:83:38 • non_type_as_type_argument
  error • The function 'SvgPath' isn't defined • flutter/dev/tools/vitool/test/vitool_test.dart:84:9 • undefined_function
  error • The values in a const list literal must be constants • flutter/dev/tools/vitool/test/vitool_test.dart:84:9 • non_constant_list_element
  error • The name 'SvgPathCommand' isn't a type, so it can't be used as a type argument • flutter/dev/tools/vitool/test/vitool_test.dart:84:28 • non_type_as_type_argument
  error • The function 'SvgPathCommand' isn't defined • flutter/dev/tools/vitool/test/vitool_test.dart:85:11 • undefined_function
  error • The values in a const list literal must be constants • flutter/dev/tools/vitool/test/vitool_test.dart:85:11 • non_constant_list_element
  error • The function 'SvgPathCommand' isn't defined • flutter/dev/tools/vitool/test/vitool_test.dart:86:11 • undefined_function
  error • The values in a const list literal must be constants • flutter/dev/tools/vitool/test/vitool_test.dart:86:11 • non_constant_list_element
  error • The function 'SvgPathCommand' isn't defined • flutter/dev/tools/vitool/test/vitool_test.dart:87:11 • undefined_function
  error • The values in a const list literal must be constants • flutter/dev/tools/vitool/test/vitool_test.dart:87:11 • non_constant_list_element
  error • The function 'SvgPathCommand' isn't defined • flutter/dev/tools/vitool/test/vitool_test.dart:88:11 • undefined_function
  error • The values in a const list literal must be constants • flutter/dev/tools/vitool/test/vitool_test.dart:88:11 • non_constant_list_element
  error • The function 'SvgPathCommand' isn't defined • flutter/dev/tools/vitool/test/vitool_test.dart:89:11 • undefined_function
  error • The values in a const list literal must be constants • flutter/dev/tools/vitool/test/vitool_test.dart:89:11 • non_constant_list_element
  error • The function 'SvgPath' isn't defined • flutter/dev/tools/vitool/test/vitool_test.dart:91:9 • undefined_function
  error • The values in a const list literal must be constants • flutter/dev/tools/vitool/test/vitool_test.dart:91:9 • non_constant_list_element
  error • The name 'SvgPathCommand' isn't a type, so it can't be used as a type argument • flutter/dev/tools/vitool/test/vitool_test.dart:91:28 • non_type_as_type_argument
  error • The function 'SvgPathCommand' isn't defined • flutter/dev/tools/vitool/test/vitool_test.dart:92:11 • undefined_function
  error • The values in a const list literal must be constants • flutter/dev/tools/vitool/test/vitool_test.dart:92:11 • non_constant_list_element
  error • The function 'SvgPathCommand' isn't defined • flutter/dev/tools/vitool/test/vitool_test.dart:93:11 • undefined_function
  error • The values in a const list literal must be constants • flutter/dev/tools/vitool/test/vitool_test.dart:93:11 • non_constant_list_element
  error • The function 'SvgPathCommand' isn't defined • flutter/dev/tools/vitool/test/vitool_test.dart:94:11 • undefined_function
  error • The values in a const list literal must be constants • flutter/dev/tools/vitool/test/vitool_test.dart:94:11 • non_constant_list_element
  error • The function 'SvgPathCommand' isn't defined • flutter/dev/tools/vitool/test/vitool_test.dart:95:11 • undefined_function
  error • The values in a const list literal must be constants • flutter/dev/tools/vitool/test/vitool_test.dart:95:11 • non_constant_list_element
  error • The function 'SvgPathCommand' isn't defined • flutter/dev/tools/vitool/test/vitool_test.dart:96:11 • undefined_function
  error • The values in a const list literal must be constants • flutter/dev/tools/vitool/test/vitool_test.dart:96:11 • non_constant_list_element
  error • Undefined class 'FrameData' • flutter/dev/tools/vitool/test/vitool_test.dart:102:13 • undefined_class
  error • The function 'interpretSvg' isn't defined • flutter/dev/tools/vitool/test/vitool_test.dart:102:35 • undefined_function
  error • The name 'SvgPath' isn't a type, so it can't be used as a type argument • flutter/dev/tools/vitool/test/vitool_test.dart:103:38 • non_type_as_type_argument
  error • The function 'SvgPath' isn't defined • flutter/dev/tools/vitool/test/vitool_test.dart:104:9 • undefined_function
  error • The values in a const list literal must be constants • flutter/dev/tools/vitool/test/vitool_test.dart:104:9 • non_constant_list_element
  error • The name 'SvgPathCommand' isn't a type, so it can't be used as a type argument • flutter/dev/tools/vitool/test/vitool_test.dart:104:28 • non_type_as_type_argument
  error • The function 'SvgPathCommand' isn't defined • flutter/dev/tools/vitool/test/vitool_test.dart:105:11 • undefined_function
  error • The values in a const list literal must be constants • flutter/dev/tools/vitool/test/vitool_test.dart:105:11 • non_constant_list_element
  error • The function 'SvgPathCommand' isn't defined • flutter/dev/tools/vitool/test/vitool_test.dart:106:11 • undefined_function
  error • The values in a const list literal must be constants • flutter/dev/tools/vitool/test/vitool_test.dart:106:11 • non_constant_list_element
  error • The function 'SvgPathCommand' isn't defined • flutter/dev/tools/vitool/test/vitool_test.dart:107:11 • undefined_function
  error • The values in a const list literal must be constants • flutter/dev/tools/vitool/test/vitool_test.dart:107:11 • non_constant_list_element
  error • The function 'SvgPathCommand' isn't defined • flutter/dev/tools/vitool/test/vitool_test.dart:108:11 • undefined_function
  error • The values in a const list literal must be constants • flutter/dev/tools/vitool/test/vitool_test.dart:108:11 • non_constant_list_element
  error • The function 'SvgPathCommand' isn't defined • flutter/dev/tools/vitool/test/vitool_test.dart:109:11 • undefined_function
  error • The values in a const list literal must be constants • flutter/dev/tools/vitool/test/vitool_test.dart:109:11 • non_constant_list_element
  error • Undefined class 'FrameData' • flutter/dev/tools/vitool/test/vitool_test.dart:115:13 • undefined_class
  error • The function 'interpretSvg' isn't defined • flutter/dev/tools/vitool/test/vitool_test.dart:115:35 • undefined_function
  error • The name 'SvgPath' isn't a type, so it can't be used as a type argument • flutter/dev/tools/vitool/test/vitool_test.dart:116:38 • non_type_as_type_argument
  error • The function 'SvgPath' isn't defined • flutter/dev/tools/vitool/test/vitool_test.dart:117:9 • undefined_function
  error • The values in a const list literal must be constants • flutter/dev/tools/vitool/test/vitool_test.dart:117:9 • non_constant_list_element
  error • The name 'SvgPathCommand' isn't a type, so it can't be used as a type argument • flutter/dev/tools/vitool/test/vitool_test.dart:117:28 • non_type_as_type_argument
  error • The function 'SvgPathCommand' isn't defined • flutter/dev/tools/vitool/test/vitool_test.dart:118:11 • undefined_function
  error • The values in a const list literal must be constants • flutter/dev/tools/vitool/test/vitool_test.dart:118:11 • non_constant_list_element
  error • The function 'SvgPathCommand' isn't defined • flutter/dev/tools/vitool/test/vitool_test.dart:119:11 • undefined_function
  error • The values in a const list literal must be constants • flutter/dev/tools/vitool/test/vitool_test.dart:119:11 • non_constant_list_element
  error • The function 'SvgPathCommand' isn't defined • flutter/dev/tools/vitool/test/vitool_test.dart:120:11 • undefined_function
  error • The values in a const list literal must be constants • flutter/dev/tools/vitool/test/vitool_test.dart:120:11 • non_constant_list_element
  error • The function 'SvgPathCommand' isn't defined • flutter/dev/tools/vitool/test/vitool_test.dart:121:11 • undefined_function
  error • The values in a const list literal must be constants • flutter/dev/tools/vitool/test/vitool_test.dart:121:11 • non_constant_list_element
  error • The function 'SvgPathCommand' isn't defined • flutter/dev/tools/vitool/test/vitool_test.dart:122:11 • undefined_function
  error • The values in a const list literal must be constants • flutter/dev/tools/vitool/test/vitool_test.dart:122:11 • non_constant_list_element
  error • Undefined class 'FrameData' • flutter/dev/tools/vitool/test/vitool_test.dart:128:13 • undefined_class
  error • The function 'interpretSvg' isn't defined • flutter/dev/tools/vitool/test/vitool_test.dart:128:35 • undefined_function
  error • Invalid constant value • flutter/dev/tools/vitool/test/vitool_test.dart:131:11 • invalid_constant
  error • The function 'SvgPath' isn't defined • flutter/dev/tools/vitool/test/vitool_test.dart:131:11 • undefined_function
  error • The name 'SvgPathCommand' isn't a type, so it can't be used as a type argument • flutter/dev/tools/vitool/test/vitool_test.dart:131:30 • non_type_as_type_argument
  error • The function 'SvgPathCommand' isn't defined • flutter/dev/tools/vitool/test/vitool_test.dart:132:13 • undefined_function
  error • The values in a const list literal must be constants • flutter/dev/tools/vitool/test/vitool_test.dart:132:13 • non_constant_list_element
  error • The function 'SvgPathCommand' isn't defined • flutter/dev/tools/vitool/test/vitool_test.dart:133:13 • undefined_function
  error • The values in a const list literal must be constants • flutter/dev/tools/vitool/test/vitool_test.dart:133:13 • non_constant_list_element
  error • The function 'SvgPathCommand' isn't defined • flutter/dev/tools/vitool/test/vitool_test.dart:134:13 • undefined_function
  error • The values in a const list literal must be constants • flutter/dev/tools/vitool/test/vitool_test.dart:134:13 • non_constant_list_element
  error • The function 'SvgPathCommand' isn't defined • flutter/dev/tools/vitool/test/vitool_test.dart:135:13 • undefined_function
  error • The values in a const list literal must be constants • flutter/dev/tools/vitool/test/vitool_test.dart:135:13 • non_constant_list_element
  error • The function 'SvgPathCommand' isn't defined • flutter/dev/tools/vitool/test/vitool_test.dart:136:13 • undefined_function
  error • The values in a const list literal must be constants • flutter/dev/tools/vitool/test/vitool_test.dart:136:13 • non_constant_list_element
  error • The function 'interpretSvg' isn't defined • flutter/dev/tools/vitool/test/vitool_test.dart:145:9 • undefined_function
  error • Undefined class 'FrameData' • flutter/dev/tools/vitool/test/vitool_test.dart:150:13 • undefined_class
  error • The function 'interpretSvg' isn't defined • flutter/dev/tools/vitool/test/vitool_test.dart:150:35 • undefined_function
  error • The name 'SvgPath' isn't a type, so it can't be used as a type argument • flutter/dev/tools/vitool/test/vitool_test.dart:151:38 • non_type_as_type_argument
  error • The function 'SvgPath' isn't defined • flutter/dev/tools/vitool/test/vitool_test.dart:152:9 • undefined_function
  error • The values in a const list literal must be constants • flutter/dev/tools/vitool/test/vitool_test.dart:152:9 • non_constant_list_element
  error • The name 'SvgPathCommand' isn't a type, so it can't be used as a type argument • flutter/dev/tools/vitool/test/vitool_test.dart:152:28 • non_type_as_type_argument
  error • The function 'SvgPathCommand' isn't defined • flutter/dev/tools/vitool/test/vitool_test.dart:153:11 • undefined_function
  error • The values in a const list literal must be constants • flutter/dev/tools/vitool/test/vitool_test.dart:153:11 • non_constant_list_element
  error • The function 'SvgPathCommand' isn't defined • flutter/dev/tools/vitool/test/vitool_test.dart:154:11 • undefined_function
  error • The values in a const list literal must be constants • flutter/dev/tools/vitool/test/vitool_test.dart:154:11 • non_constant_list_element
  error • The function 'SvgPathCommand' isn't defined • flutter/dev/tools/vitool/test/vitool_test.dart:155:11 • undefined_function
  error • The values in a const list literal must be constants • flutter/dev/tools/vitool/test/vitool_test.dart:155:11 • non_constant_list_element
  error • The function 'SvgPathCommand' isn't defined • flutter/dev/tools/vitool/test/vitool_test.dart:156:11 • undefined_function
  error • The values in a const list literal must be constants • flutter/dev/tools/vitool/test/vitool_test.dart:156:11 • non_constant_list_element
  error • The function 'SvgPathCommand' isn't defined • flutter/dev/tools/vitool/test/vitool_test.dart:157:11 • undefined_function
  error • The values in a const list literal must be constants • flutter/dev/tools/vitool/test/vitool_test.dart:157:11 • non_constant_list_element
  error • Undefined class 'FrameData' • flutter/dev/tools/vitool/test/vitool_test.dart:164:13 • undefined_class
  error • The function 'interpretSvg' isn't defined • flutter/dev/tools/vitool/test/vitool_test.dart:164:35 • undefined_function
  error • The name 'SvgPath' isn't a type, so it can't be used as a type argument • flutter/dev/tools/vitool/test/vitool_test.dart:165:38 • non_type_as_type_argument
  error • The function 'SvgPath' isn't defined • flutter/dev/tools/vitool/test/vitool_test.dart:166:9 • undefined_function
  error • The values in a const list literal must be constants • flutter/dev/tools/vitool/test/vitool_test.dart:166:9 • non_constant_list_element
  error • The name 'SvgPathCommand' isn't a type, so it can't be used as a type argument • flutter/dev/tools/vitool/test/vitool_test.dart:166:28 • non_type_as_type_argument
  error • The function 'SvgPathCommand' isn't defined • flutter/dev/tools/vitool/test/vitool_test.dart:167:11 • undefined_function
  error • The values in a const list literal must be constants • flutter/dev/tools/vitool/test/vitool_test.dart:167:11 • non_constant_list_element
  error • The function 'SvgPathCommand' isn't defined • flutter/dev/tools/vitool/test/vitool_test.dart:168:11 • undefined_function
  error • The values in a const list literal must be constants • flutter/dev/tools/vitool/test/vitool_test.dart:168:11 • non_constant_list_element
  error • The function 'SvgPathCommand' isn't defined • flutter/dev/tools/vitool/test/vitool_test.dart:169:11 • undefined_function
  error • The values in a const list literal must be constants • flutter/dev/tools/vitool/test/vitool_test.dart:169:11 • non_constant_list_element
  error • The function 'SvgPathCommand' isn't defined • flutter/dev/tools/vitool/test/vitool_test.dart:170:11 • undefined_function
  error • The values in a const list literal must be constants • flutter/dev/tools/vitool/test/vitool_test.dart:170:11 • non_constant_list_element
  error • The function 'SvgPathCommand' isn't defined • flutter/dev/tools/vitool/test/vitool_test.dart:171:11 • undefined_function
  error • The values in a const list literal must be constants • flutter/dev/tools/vitool/test/vitool_test.dart:171:11 • non_constant_list_element
  error • Undefined class 'FrameData' • flutter/dev/tools/vitool/test/vitool_test.dart:178:13 • undefined_class
  error • The function 'interpretSvg' isn't defined • flutter/dev/tools/vitool/test/vitool_test.dart:178:35 • undefined_function
  error • The name 'SvgPath' isn't a type, so it can't be used as a type argument • flutter/dev/tools/vitool/test/vitool_test.dart:179:38 • non_type_as_type_argument
  error • The function 'SvgPath' isn't defined • flutter/dev/tools/vitool/test/vitool_test.dart:180:9 • undefined_function
  error • The values in a const list literal must be constants • flutter/dev/tools/vitool/test/vitool_test.dart:180:9 • non_constant_list_element
  error • The name 'SvgPathCommand' isn't a type, so it can't be used as a type argument • flutter/dev/tools/vitool/test/vitool_test.dart:180:28 • non_type_as_type_argument
  error • The function 'SvgPathCommand' isn't defined • flutter/dev/tools/vitool/test/vitool_test.dart:181:11 • undefined_function
  error • The values in a const list literal must be constants • flutter/dev/tools/vitool/test/vitool_test.dart:181:11 • non_constant_list_element
  error • The function 'SvgPathCommand' isn't defined • flutter/dev/tools/vitool/test/vitool_test.dart:182:11 • undefined_function
  error • The values in a const list literal must be constants • flutter/dev/tools/vitool/test/vitool_test.dart:182:11 • non_constant_list_element
  error • The function 'SvgPathCommand' isn't defined • flutter/dev/tools/vitool/test/vitool_test.dart:183:11 • undefined_function
  error • The values in a const list literal must be constants • flutter/dev/tools/vitool/test/vitool_test.dart:183:11 • non_constant_list_element
  error • The function 'SvgPathCommand' isn't defined • flutter/dev/tools/vitool/test/vitool_test.dart:184:11 • undefined_function
  error • The values in a const list literal must be constants • flutter/dev/tools/vitool/test/vitool_test.dart:184:11 • non_constant_list_element
  error • The function 'SvgPathCommand' isn't defined • flutter/dev/tools/vitool/test/vitool_test.dart:185:11 • undefined_function
  error • The values in a const list literal must be constants • flutter/dev/tools/vitool/test/vitool_test.dart:185:11 • non_constant_list_element
  error • The function 'SvgPathCommand' isn't defined • flutter/dev/tools/vitool/test/vitool_test.dart:186:11 • undefined_function
  error • The values in a const list literal must be constants • flutter/dev/tools/vitool/test/vitool_test.dart:186:11 • non_constant_list_element
  error • The function 'SvgPathCommand' isn't defined • flutter/dev/tools/vitool/test/vitool_test.dart:187:11 • undefined_function
  error • The values in a const list literal must be constants • flutter/dev/tools/vitool/test/vitool_test.dart:187:11 • non_constant_list_element
  error • The name 'FrameData' isn't a type, so it can't be used as a type argument • flutter/dev/tools/vitool/test/vitool_test.dart:195:18 • non_type_as_type_argument
  error • The name 'FrameData' isn't a type, so it can't be used as a type argument • flutter/dev/tools/vitool/test/vitool_test.dart:195:42 • non_type_as_type_argument
  error • Const variables must be initialized with a constant value • flutter/dev/tools/vitool/test/vitool_test.dart:196:9 • const_initialized_with_non_constant_value
  error • The function 'FrameData' isn't defined • flutter/dev/tools/vitool/test/vitool_test.dart:196:9 • undefined_function
  error • The values in a const list literal must be constants • flutter/dev/tools/vitool/test/vitool_test.dart:196:9 • non_constant_list_element
  error • The name 'SvgPath' isn't a type, so it can't be used as a type argument • flutter/dev/tools/vitool/test/vitool_test.dart:196:47 • non_type_as_type_argument
  error • The function 'SvgPath' isn't defined • flutter/dev/tools/vitool/test/vitool_test.dart:197:11 • undefined_function
  error • The values in a const list literal must be constants • flutter/dev/tools/vitool/test/vitool_test.dart:197:11 • non_constant_list_element
  error • The name 'SvgPathCommand' isn't a type, so it can't be used as a type argument • flutter/dev/tools/vitool/test/vitool_test.dart:197:30 • non_type_as_type_argument
  error • The function 'SvgPathCommand' isn't defined • flutter/dev/tools/vitool/test/vitool_test.dart:198:13 • undefined_function
  error • The values in a const list literal must be constants • flutter/dev/tools/vitool/test/vitool_test.dart:198:13 • non_constant_list_element
  error • The function 'SvgPathCommand' isn't defined • flutter/dev/tools/vitool/test/vitool_test.dart:199:13 • undefined_function
  error • The values in a const list literal must be constants • flutter/dev/tools/vitool/test/vitool_test.dart:199:13 • non_constant_list_element
  error • Undefined name 'PathAnimation' • flutter/dev/tools/vitool/test/vitool_test.dart:204:9 • undefined_identifier
  error • Invalid constant value • flutter/dev/tools/vitool/test/vitool_test.dart:206:11 • invalid_constant
  error • The function 'PathAnimation' isn't defined • flutter/dev/tools/vitool/test/vitool_test.dart:206:11 • undefined_function
  error • The name 'PathCommandAnimation' isn't a type, so it can't be used as a type argument • flutter/dev/tools/vitool/test/vitool_test.dart:207:14 • non_type_as_type_argument
  error • The function 'PathCommandAnimation' isn't defined • flutter/dev/tools/vitool/test/vitool_test.dart:208:15 • undefined_function
  error • The values in a const list literal must be constants • flutter/dev/tools/vitool/test/vitool_test.dart:208:15 • non_constant_list_element
  error • The function 'PathCommandAnimation' isn't defined • flutter/dev/tools/vitool/test/vitool_test.dart:211:15 • undefined_function
  error • The values in a const list literal must be constants • flutter/dev/tools/vitool/test/vitool_test.dart:211:15 • non_constant_list_element
  error • The name 'FrameData' isn't a type, so it can't be used as a type argument • flutter/dev/tools/vitool/test/vitool_test.dart:222:18 • non_type_as_type_argument
  error • The name 'FrameData' isn't a type, so it can't be used as a type argument • flutter/dev/tools/vitool/test/vitool_test.dart:222:42 • non_type_as_type_argument
  error • Const variables must be initialized with a constant value • flutter/dev/tools/vitool/test/vitool_test.dart:223:9 • const_initialized_with_non_constant_value
  error • The function 'FrameData' isn't defined • flutter/dev/tools/vitool/test/vitool_test.dart:223:9 • undefined_function
  error • The values in a const list literal must be constants • flutter/dev/tools/vitool/test/vitool_test.dart:223:9 • non_constant_list_element
  error • The name 'SvgPath' isn't a type, so it can't be used as a type argument • flutter/dev/tools/vitool/test/vitool_test.dart:223:47 • non_type_as_type_argument
  error • The function 'SvgPath' isn't defined • flutter/dev/tools/vitool/test/vitool_test.dart:224:11 • undefined_function
  error • The values in a const list literal must be constants • flutter/dev/tools/vitool/test/vitool_test.dart:224:11 • non_constant_list_element
  error • The name 'SvgPathCommand' isn't a type, so it can't be used as a type argument • flutter/dev/tools/vitool/test/vitool_test.dart:224:30 • non_type_as_type_argument
  error • The function 'SvgPathCommand' isn't defined • flutter/dev/tools/vitool/test/vitool_test.dart:225:13 • undefined_function
  error • The values in a const list literal must be constants • flutter/dev/tools/vitool/test/vitool_test.dart:225:13 • non_constant_list_element
  error • The function 'SvgPath' isn't defined • flutter/dev/tools/vitool/test/vitool_test.dart:227:11 • undefined_function
  error • The values in a const list literal must be constants • flutter/dev/tools/vitool/test/vitool_test.dart:227:11 • non_constant_list_element
  error • The name 'SvgPathCommand' isn't a type, so it can't be used as a type argument • flutter/dev/tools/vitool/test/vitool_test.dart:227:30 • non_type_as_type_argument
  error • The function 'SvgPathCommand' isn't defined • flutter/dev/tools/vitool/test/vitool_test.dart:228:13 • undefined_function
  error • The values in a const list literal must be constants • flutter/dev/tools/vitool/test/vitool_test.dart:228:13 • non_constant_list_element
  error • Undefined name 'PathAnimation' • flutter/dev/tools/vitool/test/vitool_test.dart:233:9 • undefined_identifier
  error • Invalid constant value • flutter/dev/tools/vitool/test/vitool_test.dart:235:11 • invalid_constant
  error • The function 'PathAnimation' isn't defined • flutter/dev/tools/vitool/test/vitool_test.dart:235:11 • undefined_function
  error • The name 'PathCommandAnimation' isn't a type, so it can't be used as a type argument • flutter/dev/tools/vitool/test/vitool_test.dart:236:14 • non_type_as_type_argument
  error • The function 'PathCommandAnimation' isn't defined • flutter/dev/tools/vitool/test/vitool_test.dart:237:15 • undefined_function
  error • The values in a const list literal must be constants • flutter/dev/tools/vitool/test/vitool_test.dart:237:15 • non_constant_list_element
  error • Undefined name 'PathAnimation' • flutter/dev/tools/vitool/test/vitool_test.dart:247:9 • undefined_identifier
  error • Invalid constant value • flutter/dev/tools/vitool/test/vitool_test.dart:249:11 • invalid_constant
  error • The function 'PathAnimation' isn't defined • flutter/dev/tools/vitool/test/vitool_test.dart:249:11 • undefined_function
  error • The name 'PathCommandAnimation' isn't a type, so it can't be used as a type argument • flutter/dev/tools/vitool/test/vitool_test.dart:250:14 • non_type_as_type_argument
  error • The function 'PathCommandAnimation' isn't defined • flutter/dev/tools/vitool/test/vitool_test.dart:251:15 • undefined_function
  error • The values in a const list literal must be constants • flutter/dev/tools/vitool/test/vitool_test.dart:251:15 • non_constant_list_element
  error • The name 'FrameData' isn't a type, so it can't be used as a type argument • flutter/dev/tools/vitool/test/vitool_test.dart:262:18 • non_type_as_type_argument
  error • The name 'FrameData' isn't a type, so it can't be used as a type argument • flutter/dev/tools/vitool/test/vitool_test.dart:262:42 • non_type_as_type_argument
  error • Const variables must be initialized with a constant value • flutter/dev/tools/vitool/test/vitool_test.dart:263:9 • const_initialized_with_non_constant_value
  error • The function 'FrameData' isn't defined • flutter/dev/tools/vitool/test/vitool_test.dart:263:9 • undefined_function
  error • The values in a const list literal must be constants • flutter/dev/tools/vitool/test/vitool_test.dart:263:9 • non_constant_list_element
  error • The name 'SvgPath' isn't a type, so it can't be used as a type argument • flutter/dev/tools/vitool/test/vitool_test.dart:263:47 • non_type_as_type_argument
  error • The function 'SvgPath' isn't defined • flutter/dev/tools/vitool/test/vitool_test.dart:264:11 • undefined_function
  error • The values in a const list literal must be constants • flutter/dev/tools/vitool/test/vitool_test.dart:264:11 • non_constant_list_element
  error • The name 'SvgPathCommand' isn't a type, so it can't be used as a type argument • flutter/dev/tools/vitool/test/vitool_test.dart:264:30 • non_type_as_type_argument
  error • The function 'SvgPathCommand' isn't defined • flutter/dev/tools/vitool/test/vitool_test.dart:265:13 • undefined_function
  error • The values in a const list literal must be constants • flutter/dev/tools/vitool/test/vitool_test.dart:265:13 • non_constant_list_element
  error • The function 'FrameData' isn't defined • flutter/dev/tools/vitool/test/vitool_test.dart:268:9 • undefined_function
  error • The values in a const list literal must be constants • flutter/dev/tools/vitool/test/vitool_test.dart:268:9 • non_constant_list_element
  error • The name 'SvgPath' isn't a type, so it can't be used as a type argument • flutter/dev/tools/vitool/test/vitool_test.dart:268:47 • non_type_as_type_argument
  error • The function 'SvgPath' isn't defined • flutter/dev/tools/vitool/test/vitool_test.dart:269:11 • undefined_function
  error • The values in a const list literal must be constants • flutter/dev/tools/vitool/test/vitool_test.dart:269:11 • non_constant_list_element
  error • The name 'SvgPathCommand' isn't a type, so it can't be used as a type argument • flutter/dev/tools/vitool/test/vitool_test.dart:269:30 • non_type_as_type_argument
  error • The function 'SvgPathCommand' isn't defined • flutter/dev/tools/vitool/test/vitool_test.dart:270:13 • undefined_function
  error • The values in a const list literal must be constants • flutter/dev/tools/vitool/test/vitool_test.dart:270:13 • non_constant_list_element
  error • Undefined name 'PathAnimation' • flutter/dev/tools/vitool/test/vitool_test.dart:275:9 • undefined_identifier
  error • Invalid constant value • flutter/dev/tools/vitool/test/vitool_test.dart:277:11 • invalid_constant
  error • The function 'PathAnimation' isn't defined • flutter/dev/tools/vitool/test/vitool_test.dart:277:11 • undefined_function
  error • The name 'PathCommandAnimation' isn't a type, so it can't be used as a type argument • flutter/dev/tools/vitool/test/vitool_test.dart:278:14 • non_type_as_type_argument
  error • The function 'PathCommandAnimation' isn't defined • flutter/dev/tools/vitool/test/vitool_test.dart:279:15 • undefined_function
  error • The values in a const list literal must be constants • flutter/dev/tools/vitool/test/vitool_test.dart:279:15 • non_constant_list_element
  error • The name 'FrameData' isn't a type, so it can't be used as a type argument • flutter/dev/tools/vitool/test/vitool_test.dart:292:18 • non_type_as_type_argument
  error • The name 'FrameData' isn't a type, so it can't be used as a type argument • flutter/dev/tools/vitool/test/vitool_test.dart:292:42 • non_type_as_type_argument
  error • Const variables must be initialized with a constant value • flutter/dev/tools/vitool/test/vitool_test.dart:293:9 • const_initialized_with_non_constant_value
  error • The function 'FrameData' isn't defined • flutter/dev/tools/vitool/test/vitool_test.dart:293:9 • undefined_function
  error • The values in a const list literal must be constants • flutter/dev/tools/vitool/test/vitool_test.dart:293:9 • non_constant_list_element
  error • The name 'SvgPath' isn't a type, so it can't be used as a type argument • flutter/dev/tools/vitool/test/vitool_test.dart:293:47 • non_type_as_type_argument
  error • The function 'SvgPath' isn't defined • flutter/dev/tools/vitool/test/vitool_test.dart:294:11 • undefined_function
  error • The values in a const list literal must be constants • flutter/dev/tools/vitool/test/vitool_test.dart:294:11 • non_constant_list_element
  error • The name 'SvgPathCommand' isn't a type, so it can't be used as a type argument • flutter/dev/tools/vitool/test/vitool_test.dart:294:30 • non_type_as_type_argument
  error • The function 'SvgPathCommand' isn't defined • flutter/dev/tools/vitool/test/vitool_test.dart:295:13 • undefined_function
  error • The values in a const list literal must be constants • flutter/dev/tools/vitool/test/vitool_test.dart:295:13 • non_constant_list_element
  error • The function 'SvgPath' isn't defined • flutter/dev/tools/vitool/test/vitool_test.dart:297:11 • undefined_function
  error • The values in a const list literal must be constants • flutter/dev/tools/vitool/test/vitool_test.dart:297:11 • non_constant_list_element
  error • The name 'SvgPathCommand' isn't a type, so it can't be used as a type argument • flutter/dev/tools/vitool/test/vitool_test.dart:297:30 • non_type_as_type_argument
  error • The function 'SvgPathCommand' isn't defined • flutter/dev/tools/vitool/test/vitool_test.dart:298:13 • undefined_function
  error • The values in a const list literal must be constants • flutter/dev/tools/vitool/test/vitool_test.dart:298:13 • non_constant_list_element
  error • Undefined class 'Animation' • flutter/dev/tools/vitool/test/vitool_test.dart:302:13 • undefined_class
  error • Undefined name 'Animation' • flutter/dev/tools/vitool/test/vitool_test.dart:302:35 • undefined_identifier
  error • Invalid constant value • flutter/dev/tools/vitool/test/vitool_test.dart:306:11 • invalid_constant
  error • The function 'PathAnimation' isn't defined • flutter/dev/tools/vitool/test/vitool_test.dart:306:11 • undefined_function
  error • The name 'PathCommandAnimation' isn't a type, so it can't be used as a type argument • flutter/dev/tools/vitool/test/vitool_test.dart:307:14 • non_type_as_type_argument
  error • The function 'PathCommandAnimation' isn't defined • flutter/dev/tools/vitool/test/vitool_test.dart:308:15 • undefined_function
  error • The values in a const list literal must be constants • flutter/dev/tools/vitool/test/vitool_test.dart:308:15 • non_constant_list_element
  error • Invalid constant value • flutter/dev/tools/vitool/test/vitool_test.dart:320:11 • invalid_constant
  error • The function 'PathAnimation' isn't defined • flutter/dev/tools/vitool/test/vitool_test.dart:320:11 • undefined_function
  error • The name 'PathCommandAnimation' isn't a type, so it can't be used as a type argument • flutter/dev/tools/vitool/test/vitool_test.dart:321:14 • non_type_as_type_argument
  error • The function 'PathCommandAnimation' isn't defined • flutter/dev/tools/vitool/test/vitool_test.dart:322:15 • undefined_function
  error • The values in a const list literal must be constants • flutter/dev/tools/vitool/test/vitool_test.dart:322:15 • non_constant_list_element
  error • Undefined class 'PathCommandAnimation' • flutter/dev/tools/vitool/test/vitool_test.dart:337:13 • undefined_class
  error • Const variables must be initialized with a constant value • flutter/dev/tools/vitool/test/vitool_test.dart:337:44 • const_initialized_with_non_constant_value
  error • The function 'PathCommandAnimation' isn't defined • flutter/dev/tools/vitool/test/vitool_test.dart:337:44 • undefined_function
  error • Undefined class 'PathCommandAnimation' • flutter/dev/tools/vitool/test/vitool_test.dart:353:13 • undefined_class
  error • Const variables must be initialized with a constant value • flutter/dev/tools/vitool/test/vitool_test.dart:353:44 • const_initialized_with_non_constant_value
  error • The function 'PathCommandAnimation' isn't defined • flutter/dev/tools/vitool/test/vitool_test.dart:353:44 • undefined_function
  error • Undefined class 'PathCommandAnimation' • flutter/dev/tools/vitool/test/vitool_test.dart:369:13 • undefined_class
  error • Const variables must be initialized with a constant value • flutter/dev/tools/vitool/test/vitool_test.dart:369:44 • const_initialized_with_non_constant_value
  error • The function 'PathCommandAnimation' isn't defined • flutter/dev/tools/vitool/test/vitool_test.dart:369:44 • undefined_function
  error • Undefined class 'PathCommandAnimation' • flutter/dev/tools/vitool/test/vitool_test.dart:395:13 • undefined_class
  error • Const variables must be initialized with a constant value • flutter/dev/tools/vitool/test/vitool_test.dart:395:44 • const_initialized_with_non_constant_value
  error • The function 'PathCommandAnimation' isn't defined • flutter/dev/tools/vitool/test/vitool_test.dart:395:44 • undefined_function
  error • Undefined class 'PathCommandAnimation' • flutter/dev/tools/vitool/test/vitool_test.dart:405:13 • undefined_class
  error • Const variables must be initialized with a constant value • flutter/dev/tools/vitool/test/vitool_test.dart:405:44 • const_initialized_with_non_constant_value
  error • The function 'PathCommandAnimation' isn't defined • flutter/dev/tools/vitool/test/vitool_test.dart:405:44 • undefined_function
  error • Undefined class 'PathAnimation' • flutter/dev/tools/vitool/test/vitool_test.dart:413:13 • undefined_class
  error • Const variables must be initialized with a constant value • flutter/dev/tools/vitool/test/vitool_test.dart:413:43 • const_initialized_with_non_constant_value
  error • The function 'PathAnimation' isn't defined • flutter/dev/tools/vitool/test/vitool_test.dart:413:43 • undefined_function
  error • The name 'PathCommandAnimation' isn't a type, so it can't be used as a type argument • flutter/dev/tools/vitool/test/vitool_test.dart:414:10 • non_type_as_type_argument
  error • The function 'PathCommandAnimation' isn't defined • flutter/dev/tools/vitool/test/vitool_test.dart:415:11 • undefined_function
  error • The values in a const list literal must be constants • flutter/dev/tools/vitool/test/vitool_test.dart:415:11 • non_constant_list_element
  error • The function 'PathCommandAnimation' isn't defined • flutter/dev/tools/vitool/test/vitool_test.dart:418:11 • undefined_function
  error • The values in a const list literal must be constants • flutter/dev/tools/vitool/test/vitool_test.dart:418:11 • non_constant_list_element
  error • Undefined class 'Animation' • flutter/dev/tools/vitool/test/vitool_test.dart:451:13 • undefined_class
  error • Const variables must be initialized with a constant value • flutter/dev/tools/vitool/test/vitool_test.dart:451:35 • const_initialized_with_non_constant_value
  error • The function 'Animation' isn't defined • flutter/dev/tools/vitool/test/vitool_test.dart:451:35 • undefined_function
  error • The name 'PathAnimation' isn't a type, so it can't be used as a type argument • flutter/dev/tools/vitool/test/vitool_test.dart:451:73 • non_type_as_type_argument
  error • The function 'PathAnimation' isn't defined • flutter/dev/tools/vitool/test/vitool_test.dart:452:9 • undefined_function
  error • The values in a const list literal must be constants • flutter/dev/tools/vitool/test/vitool_test.dart:452:9 • non_constant_list_element
  error • The name 'PathCommandAnimation' isn't a type, so it can't be used as a type argument • flutter/dev/tools/vitool/test/vitool_test.dart:453:12 • non_type_as_type_argument
  error • The function 'PathCommandAnimation' isn't defined • flutter/dev/tools/vitool/test/vitool_test.dart:454:13 • undefined_function
  error • The values in a const list literal must be constants • flutter/dev/tools/vitool/test/vitool_test.dart:454:13 • non_constant_list_element
  error • The function 'PathCommandAnimation' isn't defined • flutter/dev/tools/vitool/test/vitool_test.dart:457:13 • undefined_function
  error • The values in a const list literal must be constants • flutter/dev/tools/vitool/test/vitool_test.dart:457:13 • non_constant_list_element
  error • The function 'PathAnimation' isn't defined • flutter/dev/tools/vitool/test/vitool_test.dart:464:9 • undefined_function
  error • The values in a const list literal must be constants • flutter/dev/tools/vitool/test/vitool_test.dart:464:9 • non_constant_list_element
  error • The name 'PathCommandAnimation' isn't a type, so it can't be used as a type argument • flutter/dev/tools/vitool/test/vitool_test.dart:465:12 • non_type_as_type_argument
  error • The function 'PathCommandAnimation' isn't defined • flutter/dev/tools/vitool/test/vitool_test.dart:466:13 • undefined_function
  error • The values in a const list literal must be constants • flutter/dev/tools/vitool/test/vitool_test.dart:466:13 • non_constant_list_element
  error • Undefined class 'SvgPath' • flutter/dev/tools/vitool/test/vitool_test.dart:524:9 • undefined_class
  error • Undefined class 'SvgPath' • flutter/dev/tools/vitool/test/vitool_test.dart:540:11 • undefined_class
  error • The name 'SvgPath' isn't a type, so it can't be used in an 'as' expression • flutter/dev/tools/vitool/test/vitool_test.dart:540:35 • cast_to_non_type
  error • Undefined class 'SvgPathCommand' • flutter/dev/tools/vitool/test/vitool_test.dart:557:22 • undefined_class
  error • Undefined class 'SvgPathCommand' • flutter/dev/tools/vitool/test/vitool_test.dart:557:45 • undefined_class
  error • Undefined class 'PathAnimation' • flutter/dev/tools/vitool/test/vitool_test.dart:577:9 • undefined_class
  error • Undefined class 'PathAnimation' • flutter/dev/tools/vitool/test/vitool_test.dart:592:11 • undefined_class
  error • The name 'PathAnimation' isn't a type, so it can't be used in an 'as' expression • flutter/dev/tools/vitool/test/vitool_test.dart:592:41 • cast_to_non_type
  error • Undefined class 'PathCommandAnimation' • flutter/dev/tools/vitool/test/vitool_test.dart:610:22 • undefined_class
  error • Undefined class 'PathCommandAnimation' • flutter/dev/tools/vitool/test/vitool_test.dart:610:53 • undefined_class
  error • This requires the 'records' language feature to be enabled • flutter/examples/api/lib/material/app/app.0.dart:15:12 • experiment_not_enabled
  error • This requires the 'records' language feature to be enabled • flutter/examples/api/lib/material/app/app.0.dart:15:65 • experiment_not_enabled
   info • Unnecessary use of parentheses • flutter/examples/api/lib/material/app/app.0.dart:16:3 • unnecessary_parenthesis
  error • This requires the 'records' language feature to be enabled • flutter/examples/api/lib/material/app/app.0.dart:16:3 • experiment_not_enabled
   info • Unnecessary use of parentheses • flutter/examples/api/lib/material/app/app.0.dart:17:3 • unnecessary_parenthesis
  error • This requires the 'records' language feature to be enabled • flutter/examples/api/lib/material/app/app.0.dart:17:3 • experiment_not_enabled
   info • Unnecessary use of parentheses • flutter/examples/api/lib/material/app/app.0.dart:18:3 • unnecessary_parenthesis
  error • This requires the 'records' language feature to be enabled • flutter/examples/api/lib/material/app/app.0.dart:18:3 • experiment_not_enabled
  error • The 'case' shouldn't complete normally • flutter/examples/api/lib/material/app/app.0.dart:51:23 • switch_case_completes_normally
  error • The 'case' shouldn't complete normally • flutter/examples/api/lib/material/app/app.0.dart:53:23 • switch_case_completes_normally
  error • This requires the 'records' language feature to be enabled • flutter/examples/api/lib/material/app/app.0.dart:64:19 • experiment_not_enabled
  error • The 'case' shouldn't complete normally • flutter/examples/api/lib/material/bottom_app_bar/bottom_app_bar.2.dart:48:7 • switch_case_completes_normally
  error • The 'case' shouldn't complete normally • flutter/examples/api/lib/material/bottom_navigation_bar/bottom_navigation_bar.2.dart:56:13 • switch_case_completes_normally
  error • This requires the 'records' language feature to be enabled • flutter/examples/api/lib/material/bottom_sheet/show_bottom_sheet.0.dart:27:12 • experiment_not_enabled
  error • This requires the 'records' language feature to be enabled • flutter/examples/api/lib/material/bottom_sheet/show_bottom_sheet.0.dart:27:65 • experiment_not_enabled
   info • Unnecessary use of parentheses • flutter/examples/api/lib/material/bottom_sheet/show_bottom_sheet.0.dart:28:3 • unnecessary_parenthesis
  error • This requires the 'records' language feature to be enabled • flutter/examples/api/lib/material/bottom_sheet/show_bottom_sheet.0.dart:28:3 • experiment_not_enabled
   info • Unnecessary use of parentheses • flutter/examples/api/lib/material/bottom_sheet/show_bottom_sheet.0.dart:29:3 • unnecessary_parenthesis
  error • This requires the 'records' language feature to be enabled • flutter/examples/api/lib/material/bottom_sheet/show_bottom_sheet.0.dart:29:3 • experiment_not_enabled
   info • Unnecessary use of parentheses • flutter/examples/api/lib/material/bottom_sheet/show_bottom_sheet.0.dart:30:3 • unnecessary_parenthesis
  error • This requires the 'records' language feature to be enabled • flutter/examples/api/lib/material/bottom_sheet/show_bottom_sheet.0.dart:30:3 • experiment_not_enabled
  error • Expected to find ';' • flutter/examples/api/lib/material/bottom_sheet/show_bottom_sheet.0.dart:54:33 • expected_token
warning • Missing case clause for 'custom' • flutter/examples/api/lib/material/bottom_sheet/show_bottom_sheet.0.dart:54:35 • missing_enum_constant_in_switch
warning • Missing case clause for 'defaultStyle' • flutter/examples/api/lib/material/bottom_sheet/show_bottom_sheet.0.dart:54:35 • missing_enum_constant_in_switch
warning • Missing case clause for 'none' • flutter/examples/api/lib/material/bottom_sheet/show_bottom_sheet.0.dart:54:35 • missing_enum_constant_in_switch
  error • Expected an identifier • flutter/examples/api/lib/material/bottom_sheet/show_bottom_sheet.0.dart:54:35 • missing_identifier
  error • Expected to find 'case' • flutter/examples/api/lib/material/bottom_sheet/show_bottom_sheet.0.dart:55:19 • expected_token
   info • Unnecessary empty statement • flutter/examples/api/lib/material/bottom_sheet/show_bottom_sheet.0.dart:61:18 • empty_statements
  error • This requires the 'records' language feature to be enabled • flutter/examples/api/lib/material/bottom_sheet/show_bottom_sheet.0.dart:66:15 • experiment_not_enabled
  error • This requires the 'records' language feature to be enabled • flutter/examples/api/lib/material/bottom_sheet/show_modal_bottom_sheet.2.dart:27:12 • experiment_not_enabled
  error • This requires the 'records' language feature to be enabled • flutter/examples/api/lib/material/bottom_sheet/show_modal_bottom_sheet.2.dart:27:65 • experiment_not_enabled
   info • Unnecessary use of parentheses • flutter/examples/api/lib/material/bottom_sheet/show_modal_bottom_sheet.2.dart:28:3 • unnecessary_parenthesis
  error • This requires the 'records' language feature to be enabled • flutter/examples/api/lib/material/bottom_sheet/show_modal_bottom_sheet.2.dart:28:3 • experiment_not_enabled
   info • Unnecessary use of parentheses • flutter/examples/api/lib/material/bottom_sheet/show_modal_bottom_sheet.2.dart:29:3 • unnecessary_parenthesis
  error • This requires the 'records' language feature to be enabled • flutter/examples/api/lib/material/bottom_sheet/show_modal_bottom_sheet.2.dart:29:3 • experiment_not_enabled
   info • Unnecessary use of parentheses • flutter/examples/api/lib/material/bottom_sheet/show_modal_bottom_sheet.2.dart:30:3 • unnecessary_parenthesis
  error • This requires the 'records' language feature to be enabled • flutter/examples/api/lib/material/bottom_sheet/show_modal_bottom_sheet.2.dart:30:3 • experiment_not_enabled
  error • Expected to find ';' • flutter/examples/api/lib/material/bottom_sheet/show_modal_bottom_sheet.2.dart:54:33 • expected_token
warning • Missing case clause for 'custom' • flutter/examples/api/lib/material/bottom_sheet/show_modal_bottom_sheet.2.dart:54:35 • missing_enum_constant_in_switch
warning • Missing case clause for 'defaultStyle' • flutter/examples/api/lib/material/bottom_sheet/show_modal_bottom_sheet.2.dart:54:35 • missing_enum_constant_in_switch
warning • Missing case clause for 'none' • flutter/examples/api/lib/material/bottom_sheet/show_modal_bottom_sheet.2.dart:54:35 • missing_enum_constant_in_switch
  error • Expected an identifier • flutter/examples/api/lib/material/bottom_sheet/show_modal_bottom_sheet.2.dart:54:35 • missing_identifier
  error • Expected to find 'case' • flutter/examples/api/lib/material/bottom_sheet/show_modal_bottom_sheet.2.dart:55:19 • expected_token
   info • Unnecessary empty statement • flutter/examples/api/lib/material/bottom_sheet/show_modal_bottom_sheet.2.dart:61:18 • empty_statements
  error • This requires the 'records' language feature to be enabled • flutter/examples/api/lib/material/bottom_sheet/show_modal_bottom_sheet.2.dart:66:15 • experiment_not_enabled
  error • Expected to find ';' • flutter/examples/api/lib/material/color_scheme/dynamic_content_color.0.dart:442:5 • expected_token
warning • Dead code • flutter/examples/api/lib/material/color_scheme/dynamic_content_color.0.dart:442:12 • dead_code
warning • Missing case clause for 'dark' • flutter/examples/api/lib/material/color_scheme/dynamic_content_color.0.dart:442:12 • missing_enum_constant_in_switch
warning • Missing case clause for 'light' • flutter/examples/api/lib/material/color_scheme/dynamic_content_color.0.dart:442:12 • missing_enum_constant_in_switch
  error • Expected an identifier • flutter/examples/api/lib/material/color_scheme/dynamic_content_color.0.dart:442:12 • missing_identifier
  error • Expected to find 'case' • flutter/examples/api/lib/material/color_scheme/dynamic_content_color.0.dart:443:7 • expected_token
   info • Unnecessary empty statement • flutter/examples/api/lib/material/color_scheme/dynamic_content_color.0.dart:445:6 • empty_statements
  error • This requires the 'records' language feature to be enabled • flutter/examples/api/lib/material/expansion_tile/expansion_tile.2.dart:15:12 • experiment_not_enabled
  error • This requires the 'records' language feature to be enabled • flutter/examples/api/lib/material/expansion_tile/expansion_tile.2.dart:15:65 • experiment_not_enabled
   info • Unnecessary use of parentheses • flutter/examples/api/lib/material/expansion_tile/expansion_tile.2.dart:16:3 • unnecessary_parenthesis
  error • This requires the 'records' language feature to be enabled • flutter/examples/api/lib/material/expansion_tile/expansion_tile.2.dart:16:3 • experiment_not_enabled
   info • Unnecessary use of parentheses • flutter/examples/api/lib/material/expansion_tile/expansion_tile.2.dart:17:3 • unnecessary_parenthesis
  error • This requires the 'records' language feature to be enabled • flutter/examples/api/lib/material/expansion_tile/expansion_tile.2.dart:17:3 • experiment_not_enabled
   info • Unnecessary use of parentheses • flutter/examples/api/lib/material/expansion_tile/expansion_tile.2.dart:18:3 • unnecessary_parenthesis
  error • This requires the 'records' language feature to be enabled • flutter/examples/api/lib/material/expansion_tile/expansion_tile.2.dart:18:3 • experiment_not_enabled
  error • The 'case' shouldn't complete normally • flutter/examples/api/lib/material/expansion_tile/expansion_tile.2.dart:46:23 • switch_case_completes_normally
  error • The 'case' shouldn't complete normally • flutter/examples/api/lib/material/expansion_tile/expansion_tile.2.dart:48:23 • switch_case_completes_normally
  error • This requires the 'records' language feature to be enabled • flutter/examples/api/lib/material/expansion_tile/expansion_tile.2.dart:59:19 • experiment_not_enabled
  error • This requires the 'records' language feature to be enabled • flutter/examples/api/lib/material/floating_action_button/floating_action_button.0.dart:31:21 • experiment_not_enabled
  error • This requires the 'records' language feature to be enabled • flutter/examples/api/lib/material/floating_action_button/floating_action_button.0.dart:32:8 • experiment_not_enabled
   info • Unnecessary use of parentheses • flutter/examples/api/lib/material/floating_action_button/floating_action_button.0.dart:33:9 • unnecessary_parenthesis
  error • This requires the 'records' language feature to be enabled • flutter/examples/api/lib/material/floating_action_button/floating_action_button.0.dart:33:9 • experiment_not_enabled
   info • Unnecessary use of parentheses • flutter/examples/api/lib/material/floating_action_button/floating_action_button.0.dart:34:9 • unnecessary_parenthesis
  error • This requires the 'records' language feature to be enabled • flutter/examples/api/lib/material/floating_action_button/floating_action_button.0.dart:34:9 • experiment_not_enabled
   info • Unnecessary use of parentheses • flutter/examples/api/lib/material/floating_action_button/floating_action_button.0.dart:35:9 • unnecessary_parenthesis
  error • This requires the 'records' language feature to be enabled • flutter/examples/api/lib/material/floating_action_button/floating_action_button.0.dart:35:9 • experiment_not_enabled
   info • Unnecessary use of parentheses • flutter/examples/api/lib/material/floating_action_button/floating_action_button.0.dart:36:9 • unnecessary_parenthesis
  error • This requires the 'records' language feature to be enabled • flutter/examples/api/lib/material/floating_action_button/floating_action_button.0.dart:36:9 • experiment_not_enabled
  error • The 'case' shouldn't complete normally • flutter/examples/api/lib/material/menu_anchor/menu_anchor.0.dart:177:7 • switch_case_completes_normally
  error • The 'case' shouldn't complete normally • flutter/examples/api/lib/material/menu_anchor/menu_anchor.0.dart:183:7 • switch_case_completes_normally
  error • The 'case' shouldn't complete normally • flutter/examples/api/lib/material/menu_anchor/menu_anchor.0.dart:186:7 • switch_case_completes_normally
  error • The 'case' shouldn't complete normally • flutter/examples/api/lib/material/menu_anchor/menu_anchor.0.dart:188:7 • switch_case_completes_normally
  error • The 'case' shouldn't complete normally • flutter/examples/api/lib/material/menu_anchor/menu_anchor.1.dart:198:7 • switch_case_completes_normally
  error • The 'case' shouldn't complete normally • flutter/examples/api/lib/material/menu_anchor/menu_anchor.1.dart:204:7 • switch_case_completes_normally
  error • The 'case' shouldn't complete normally • flutter/examples/api/lib/material/menu_anchor/menu_anchor.1.dart:207:7 • switch_case_completes_normally
  error • The 'case' shouldn't complete normally • flutter/examples/api/lib/material/menu_anchor/menu_anchor.1.dart:209:7 • switch_case_completes_normally
  error • The 'case' shouldn't complete normally • flutter/examples/api/lib/material/platform_menu_bar/platform_menu_bar.0.dart:38:7 • switch_case_completes_normally
  error • This requires the 'records' language feature to be enabled • flutter/examples/api/lib/material/popup_menu/popup_menu.2.dart:22:12 • experiment_not_enabled
  error • This requires the 'records' language feature to be enabled • flutter/examples/api/lib/material/popup_menu/popup_menu.2.dart:22:65 • experiment_not_enabled
   info • Unnecessary use of parentheses • flutter/examples/api/lib/material/popup_menu/popup_menu.2.dart:23:3 • unnecessary_parenthesis
  error • This requires the 'records' language feature to be enabled • flutter/examples/api/lib/material/popup_menu/popup_menu.2.dart:23:3 • experiment_not_enabled
   info • Unnecessary use of parentheses • flutter/examples/api/lib/material/popup_menu/popup_menu.2.dart:24:3 • unnecessary_parenthesis
  error • This requires the 'records' language feature to be enabled • flutter/examples/api/lib/material/popup_menu/popup_menu.2.dart:24:3 • experiment_not_enabled
   info • Unnecessary use of parentheses • flutter/examples/api/lib/material/popup_menu/popup_menu.2.dart:25:3 • unnecessary_parenthesis
  error • This requires the 'records' language feature to be enabled • flutter/examples/api/lib/material/popup_menu/popup_menu.2.dart:25:3 • experiment_not_enabled
  error • The 'case' shouldn't complete normally • flutter/examples/api/lib/material/popup_menu/popup_menu.2.dart:59:25 • switch_case_completes_normally
  error • The 'case' shouldn't complete normally • flutter/examples/api/lib/material/popup_menu/popup_menu.2.dart:61:25 • switch_case_completes_normally
  error • This requires the 'records' language feature to be enabled • flutter/examples/api/lib/material/popup_menu/popup_menu.2.dart:72:21 • experiment_not_enabled
  error • This requires the 'records' language feature to be enabled • flutter/examples/api/lib/material/scaffold/scaffold.floating_action_button_animator.0.dart:22:12 • experiment_not_enabled
  error • This requires the 'records' language feature to be enabled • flutter/examples/api/lib/material/scaffold/scaffold.floating_action_button_animator.0.dart:22:57 • experiment_not_enabled
   info • Unnecessary use of parentheses • flutter/examples/api/lib/material/scaffold/scaffold.floating_action_button_animator.0.dart:23:3 • unnecessary_parenthesis
  error • This requires the 'records' language feature to be enabled • flutter/examples/api/lib/material/scaffold/scaffold.floating_action_button_animator.0.dart:23:3 • experiment_not_enabled
   info • Unnecessary use of parentheses • flutter/examples/api/lib/material/scaffold/scaffold.floating_action_button_animator.0.dart:24:3 • unnecessary_parenthesis
  error • This requires the 'records' language feature to be enabled • flutter/examples/api/lib/material/scaffold/scaffold.floating_action_button_animator.0.dart:24:3 • experiment_not_enabled
  error • This requires the 'records' language feature to be enabled • flutter/examples/api/lib/material/scaffold/scaffold.floating_action_button_animator.0.dart:29:12 • experiment_not_enabled
  error • This requires the 'records' language feature to be enabled • flutter/examples/api/lib/material/scaffold/scaffold.floating_action_button_animator.0.dart:29:57 • experiment_not_enabled
   info • Unnecessary use of parentheses • flutter/examples/api/lib/material/scaffold/scaffold.floating_action_button_animator.0.dart:30:3 • unnecessary_parenthesis
  error • This requires the 'records' language feature to be enabled • flutter/examples/api/lib/material/scaffold/scaffold.floating_action_button_animator.0.dart:30:3 • experiment_not_enabled
   info • Unnecessary use of parentheses • flutter/examples/api/lib/material/scaffold/scaffold.floating_action_button_animator.0.dart:31:3 • unnecessary_parenthesis
  error • This requires the 'records' language feature to be enabled • flutter/examples/api/lib/material/scaffold/scaffold.floating_action_button_animator.0.dart:31:3 • experiment_not_enabled
   info • Unnecessary use of parentheses • flutter/examples/api/lib/material/scaffold/scaffold.floating_action_button_animator.0.dart:32:3 • unnecessary_parenthesis
  error • This requires the 'records' language feature to be enabled • flutter/examples/api/lib/material/scaffold/scaffold.floating_action_button_animator.0.dart:32:3 • experiment_not_enabled
  error • Expected to find ';' • flutter/examples/api/lib/material/scaffold/scaffold.floating_action_button_animator.0.dart:65:49 • expected_token
warning • Missing case clause for 'defaultStyle' • flutter/examples/api/lib/material/scaffold/scaffold.floating_action_button_animator.0.dart:65:51 • missing_enum_constant_in_switch
warning • Missing case clause for 'none' • flutter/examples/api/lib/material/scaffold/scaffold.floating_action_button_animator.0.dart:65:51 • missing_enum_constant_in_switch
  error • Expected an identifier • flutter/examples/api/lib/material/scaffold/scaffold.floating_action_button_animator.0.dart:65:51 • missing_identifier
  error • Expected to find 'case' • flutter/examples/api/lib/material/scaffold/scaffold.floating_action_button_animator.0.dart:66:21 • expected_token
   info • Unnecessary empty statement • flutter/examples/api/lib/material/scaffold/scaffold.floating_action_button_animator.0.dart:68:20 • empty_statements
  error • This requires the 'records' language feature to be enabled • flutter/examples/api/lib/material/scaffold/scaffold.floating_action_button_animator.0.dart:73:17 • experiment_not_enabled
  error • Expected to find ';' • flutter/examples/api/lib/material/scaffold/scaffold.floating_action_button_animator.0.dart:85:49 • expected_token
warning • Missing case clause for 'centerFloat' • flutter/examples/api/lib/material/scaffold/scaffold.floating_action_button_animator.0.dart:85:51 • missing_enum_constant_in_switch
warning • Missing case clause for 'endFloat' • flutter/examples/api/lib/material/scaffold/scaffold.floating_action_button_animator.0.dart:85:51 • missing_enum_constant_in_switch
warning • Missing case clause for 'endTop' • flutter/examples/api/lib/material/scaffold/scaffold.floating_action_button_animator.0.dart:85:51 • missing_enum_constant_in_switch
  error • Expected an identifier • flutter/examples/api/lib/material/scaffold/scaffold.floating_action_button_animator.0.dart:85:51 • missing_identifier
  error • Expected to find 'case' • flutter/examples/api/lib/material/scaffold/scaffold.floating_action_button_animator.0.dart:86:21 • expected_token
   info • Unnecessary empty statement • flutter/examples/api/lib/material/scaffold/scaffold.floating_action_button_animator.0.dart:89:20 • empty_statements
  error • This requires the 'records' language feature to be enabled • flutter/examples/api/lib/material/scaffold/scaffold.floating_action_button_animator.0.dart:94:17 • experiment_not_enabled
  error • This requires the 'records' language feature to be enabled • flutter/examples/api/lib/material/scaffold/scaffold_messenger_state.show_snack_bar.2.dart:22:12 • experiment_not_enabled
  error • This requires the 'records' language feature to be enabled • flutter/examples/api/lib/material/scaffold/scaffold_messenger_state.show_snack_bar.2.dart:22:65 • experiment_not_enabled
   info • Unnecessary use of parentheses • flutter/examples/api/lib/material/scaffold/scaffold_messenger_state.show_snack_bar.2.dart:23:3 • unnecessary_parenthesis
  error • This requires the 'records' language feature to be enabled • flutter/examples/api/lib/material/scaffold/scaffold_messenger_state.show_snack_bar.2.dart:23:3 • experiment_not_enabled
   info • Unnecessary use of parentheses • flutter/examples/api/lib/material/scaffold/scaffold_messenger_state.show_snack_bar.2.dart:24:3 • unnecessary_parenthesis
  error • This requires the 'records' language feature to be enabled • flutter/examples/api/lib/material/scaffold/scaffold_messenger_state.show_snack_bar.2.dart:24:3 • experiment_not_enabled
   info • Unnecessary use of parentheses • flutter/examples/api/lib/material/scaffold/scaffold_messenger_state.show_snack_bar.2.dart:25:3 • unnecessary_parenthesis
  error • This requires the 'records' language feature to be enabled • flutter/examples/api/lib/material/scaffold/scaffold_messenger_state.show_snack_bar.2.dart:25:3 • experiment_not_enabled
  error • Expected to find ';' • flutter/examples/api/lib/material/scaffold/scaffold_messenger_state.show_snack_bar.2.dart:51:35 • expected_token
warning • Missing case clause for 'custom' • flutter/examples/api/lib/material/scaffold/scaffold_messenger_state.show_snack_bar.2.dart:51:37 • missing_enum_constant_in_switch
warning • Missing case clause for 'defaultStyle' • flutter/examples/api/lib/material/scaffold/scaffold_messenger_state.show_snack_bar.2.dart:51:37 • missing_enum_constant_in_switch
warning • Missing case clause for 'none' • flutter/examples/api/lib/material/scaffold/scaffold_messenger_state.show_snack_bar.2.dart:51:37 • missing_enum_constant_in_switch
  error • Expected an identifier • flutter/examples/api/lib/material/scaffold/scaffold_messenger_state.show_snack_bar.2.dart:51:37 • missing_identifier
  error • Expected to find 'case' • flutter/examples/api/lib/material/scaffold/scaffold_messenger_state.show_snack_bar.2.dart:52:21 • expected_token
   info • Unnecessary empty statement • flutter/examples/api/lib/material/scaffold/scaffold_messenger_state.show_snack_bar.2.dart:58:20 • empty_statements
  error • This requires the 'records' language feature to be enabled • flutter/examples/api/lib/material/scaffold/scaffold_messenger_state.show_snack_bar.2.dart:63:17 • experiment_not_enabled
  error • This requires the 'records' language feature to be enabled • flutter/examples/api/lib/material/scaffold/scaffold_state.show_bottom_sheet.1.dart:27:12 • experiment_not_enabled
  error • This requires the 'records' language feature to be enabled • flutter/examples/api/lib/material/scaffold/scaffold_state.show_bottom_sheet.1.dart:27:65 • experiment_not_enabled
   info • Unnecessary use of parentheses • flutter/examples/api/lib/material/scaffold/scaffold_state.show_bottom_sheet.1.dart:28:3 • unnecessary_parenthesis
  error • This requires the 'records' language feature to be enabled • flutter/examples/api/lib/material/scaffold/scaffold_state.show_bottom_sheet.1.dart:28:3 • experiment_not_enabled
   info • Unnecessary use of parentheses • flutter/examples/api/lib/material/scaffold/scaffold_state.show_bottom_sheet.1.dart:29:3 • unnecessary_parenthesis
  error • This requires the 'records' language feature to be enabled • flutter/examples/api/lib/material/scaffold/scaffold_state.show_bottom_sheet.1.dart:29:3 • experiment_not_enabled
   info • Unnecessary use of parentheses • flutter/examples/api/lib/material/scaffold/scaffold_state.show_bottom_sheet.1.dart:30:3 • unnecessary_parenthesis
  error • This requires the 'records' language feature to be enabled • flutter/examples/api/lib/material/scaffold/scaffold_state.show_bottom_sheet.1.dart:30:3 • experiment_not_enabled
  error • Expected to find ';' • flutter/examples/api/lib/material/scaffold/scaffold_state.show_bottom_sheet.1.dart:54:33 • expected_token
warning • Missing case clause for 'custom' • flutter/examples/api/lib/material/scaffold/scaffold_state.show_bottom_sheet.1.dart:54:35 • missing_enum_constant_in_switch
warning • Missing case clause for 'defaultStyle' • flutter/examples/api/lib/material/scaffold/scaffold_state.show_bottom_sheet.1.dart:54:35 • missing_enum_constant_in_switch
warning • Missing case clause for 'none' • flutter/examples/api/lib/material/scaffold/scaffold_state.show_bottom_sheet.1.dart:54:35 • missing_enum_constant_in_switch
  error • Expected an identifier • flutter/examples/api/lib/material/scaffold/scaffold_state.show_bottom_sheet.1.dart:54:35 • missing_identifier
  error • Expected to find 'case' • flutter/examples/api/lib/material/scaffold/scaffold_state.show_bottom_sheet.1.dart:55:19 • expected_token
   info • Unnecessary empty statement • flutter/examples/api/lib/material/scaffold/scaffold_state.show_bottom_sheet.1.dart:61:18 • empty_statements
  error • This requires the 'records' language feature to be enabled • flutter/examples/api/lib/material/scaffold/scaffold_state.show_bottom_sheet.1.dart:66:15 • experiment_not_enabled
  error • The 'case' shouldn't complete normally • flutter/examples/api/lib/material/selectable_region/selectable_region.0.dart:170:7 • switch_case_completes_normally
  error • The 'case' shouldn't complete normally • flutter/examples/api/lib/material/selectable_region/selectable_region.0.dart:171:7 • switch_case_completes_normally
  error • The 'case' shouldn't complete normally • flutter/examples/api/lib/material/selectable_region/selectable_region.0.dart:182:7 • switch_case_completes_normally
  error • The 'case' shouldn't complete normally • flutter/examples/api/lib/material/selectable_region/selectable_region.0.dart:184:7 • switch_case_completes_normally
  error • The 'case' shouldn't complete normally • flutter/examples/api/lib/material/selectable_region/selectable_region.0.dart:223:11 • switch_case_completes_normally
warning • The value of the local variable '<unnamed>' isn't used • flutter/examples/api/lib/material/selection_area/selection_area.1.dart:52:10 • unused_local_variable
   info • Missing type annotation • flutter/examples/api/lib/material/selection_area/selection_area.1.dart:64:22 • always_specify_types
  error • Expected an identifier • flutter/examples/api/lib/material/selection_area/selection_area.1.dart:64:28 • missing_identifier
  error • Expected to find ';' • flutter/examples/api/lib/material/selection_area/selection_area.1.dart:64:28 • expected_token
   info • An uninitialized variable should have an explicit type annotation • flutter/examples/api/lib/material/selection_area/selection_area.1.dart:64:29 • prefer_typing_uninitialized_variables
warning • The type of  can't be inferred without either a type or initializer • flutter/examples/api/lib/material/selection_area/selection_area.1.dart:64:29 • inference_failure_on_uninitialized_variable
  error • Conditions must have a static type of 'bool' • flutter/examples/api/lib/material/selection_area/selection_area.1.dart:64:29 • non_bool_condition
  error • Expected to find ';' • flutter/examples/api/lib/material/selection_area/selection_area.1.dart:64:34 • expected_token
  error • Undefined name 'offset' • flutter/examples/api/lib/material/selection_area/selection_area.1.dart:64:34 • undefined_identifier
  error • Expected an identifier • flutter/examples/api/lib/material/selection_area/selection_area.1.dart:64:40 • missing_identifier
  error • Expected to find ':' • flutter/examples/api/lib/material/selection_area/selection_area.1.dart:64:40 • expected_token
  error • Unexpected text 'label' • flutter/examples/api/lib/material/selection_area/selection_area.1.dart:64:49 • unexpected_token
  error • Undefined name 'label' • flutter/examples/api/lib/material/selection_area/selection_area.1.dart:78:36 • undefined_identifier
  error • Undefined name 'offset' • flutter/examples/api/lib/material/selection_area/selection_area.1.dart:78:44 • undefined_identifier
  error • This requires the 'records' language feature to be enabled • flutter/examples/api/lib/material/selection_area/selection_area.2.dart:36:26 • experiment_not_enabled
   info • Unnecessary use of parentheses • flutter/examples/api/lib/material/selection_area/selection_area.2.dart:75:19 • unnecessary_parenthesis
  error • This requires the 'records' language feature to be enabled • flutter/examples/api/lib/material/selection_area/selection_area.2.dart:75:19 • experiment_not_enabled
   info • Unnecessary use of parentheses • flutter/examples/api/lib/material/selection_area/selection_area.2.dart:84:23 • unnecessary_parenthesis
  error • This requires the 'records' language feature to be enabled • flutter/examples/api/lib/material/selection_area/selection_area.2.dart:84:23 • experiment_not_enabled
   info • Unnecessary use of parentheses • flutter/examples/api/lib/material/selection_area/selection_area.2.dart:95:19 • unnecessary_parenthesis
  error • This requires the 'records' language feature to be enabled • flutter/examples/api/lib/material/selection_area/selection_area.2.dart:95:19 • experiment_not_enabled
   info • Unnecessary use of parentheses • flutter/examples/api/lib/material/selection_area/selection_area.2.dart:102:19 • unnecessary_parenthesis
  error • This requires the 'records' language feature to be enabled • flutter/examples/api/lib/material/selection_area/selection_area.2.dart:102:19 • experiment_not_enabled
  error • A value of type 'double' can't be assigned to a variable of type 'int' • flutter/examples/api/lib/material/selection_area/selection_area.2.dart:205:31 • invalid_assignment
  error • A value of type 'double' can't be assigned to a variable of type 'int' • flutter/examples/api/lib/material/selection_area/selection_area.2.dart:284:17 • invalid_assignment
  error • A value of type 'double' can't be assigned to a variable of type 'int' • flutter/examples/api/lib/material/selection_area/selection_area.2.dart:291:17 • invalid_assignment
  error • A value of type 'double' can't be assigned to a variable of type 'int' • flutter/examples/api/lib/material/selection_area/selection_area.2.dart:321:15 • invalid_assignment
  error • This requires the 'records' language feature to be enabled • flutter/examples/api/lib/material/tabs/tab_bar.indicator_animation.0.dart:20:12 • experiment_not_enabled
  error • This requires the 'records' language feature to be enabled • flutter/examples/api/lib/material/tabs/tab_bar.indicator_animation.0.dart:21:6 • experiment_not_enabled
   info • Unnecessary use of parentheses • flutter/examples/api/lib/material/tabs/tab_bar.indicator_animation.0.dart:22:7 • unnecessary_parenthesis
  error • This requires the 'records' language feature to be enabled • flutter/examples/api/lib/material/tabs/tab_bar.indicator_animation.0.dart:22:7 • experiment_not_enabled
   info • Unnecessary use of parentheses • flutter/examples/api/lib/material/tabs/tab_bar.indicator_animation.0.dart:23:7 • unnecessary_parenthesis
  error • This requires the 'records' language feature to be enabled • flutter/examples/api/lib/material/tabs/tab_bar.indicator_animation.0.dart:23:7 • experiment_not_enabled
  error • This requires the 'records' language feature to be enabled • flutter/examples/api/lib/material/tabs/tab_bar.indicator_animation.0.dart:72:17 • experiment_not_enabled
  error • Expected to find ';' • flutter/examples/api/lib/material/tabs/tab_bar.onFocusChange.dart:41:30 • expected_token
  error • Expected an identifier • flutter/examples/api/lib/material/tabs/tab_bar.onFocusChange.dart:41:32 • missing_identifier
  error • Expected to find 'case' • flutter/examples/api/lib/material/tabs/tab_bar.onFocusChange.dart:42:19 • expected_token
   info • Unnecessary empty statement • flutter/examples/api/lib/material/tabs/tab_bar.onFocusChange.dart:44:18 • empty_statements
  error • Expected to find ';' • flutter/examples/api/lib/material/tabs/tab_bar.onHover.dart:41:34 • expected_token
  error • Expected an identifier • flutter/examples/api/lib/material/tabs/tab_bar.onHover.dart:41:36 • missing_identifier
  error • Expected to find 'case' • flutter/examples/api/lib/material/tabs/tab_bar.onHover.dart:42:19 • expected_token
   info • Unnecessary empty statement • flutter/examples/api/lib/material/tabs/tab_bar.onHover.dart:44:18 • empty_statements
warning • The value of the local variable '<unnamed>' isn't used • flutter/examples/api/lib/material/text_button/text_button.0.dart:94:10 • unused_local_variable
   info • Missing type annotation • flutter/examples/api/lib/material/text_button/text_button.0.dart:101:5 • always_specify_types
  error • Expected an identifier • flutter/examples/api/lib/material/text_button/text_button.0.dart:101:11 • missing_identifier
  error • Expected to find ';' • flutter/examples/api/lib/material/text_button/text_button.0.dart:101:11 • expected_token
   info • An uninitialized variable should have an explicit type annotation • flutter/examples/api/lib/material/text_button/text_button.0.dart:101:12 • prefer_typing_uninitialized_variables
warning • The type of  can't be inferred without either a type or initializer • flutter/examples/api/lib/material/text_button/text_button.0.dart:101:12 • inference_failure_on_uninitialized_variable
  error • Local variable 'Color' can't be referenced before it is declared • flutter/examples/api/lib/material/text_button/text_button.0.dart:101:12 • referenced_before_declaration
warning • The value of the local variable 'color1' isn't used • flutter/examples/api/lib/material/text_button/text_button.0.dart:101:18 • unused_local_variable
   info • The variable name 'Color' isn't a lowerCamelCase identifier • flutter/examples/api/lib/material/text_button/text_button.0.dart:101:26 • non_constant_identifier_names
  error • Expected to find ';' • flutter/examples/api/lib/material/text_button/text_button.0.dart:101:26 • expected_token
   info • Unnecessary statement • flutter/examples/api/lib/material/text_button/text_button.0.dart:101:32 • unnecessary_statements
  error • Expected to find ';' • flutter/examples/api/lib/material/text_button/text_button.0.dart:101:32 • expected_token
  error • Undefined name 'color2' • flutter/examples/api/lib/material/text_button/text_button.0.dart:101:32 • undefined_identifier
  error • Expected an identifier • flutter/examples/api/lib/material/text_button/text_button.0.dart:101:38 • missing_identifier
  error • Unexpected text ';' • flutter/examples/api/lib/material/text_button/text_button.0.dart:101:38 • unexpected_token
  error • Local variable 'Color' can't be referenced before it is declared • flutter/examples/api/lib/material/text_button/text_button.0.dart:101:40 • referenced_before_declaration
  error • Expected to find ';' • flutter/examples/api/lib/material/text_button/text_button.0.dart:101:46 • expected_token
  error • Expected an identifier • flutter/examples/api/lib/material/text_button/text_button.0.dart:101:52 • missing_identifier
  error • Unexpected text ';' • flutter/examples/api/lib/material/text_button/text_button.0.dart:101:52 • unexpected_token
   info • The variable or property is being assigned to itself • flutter/examples/api/lib/material/text_button/text_button.0.dart:101:54 • no_self_assignments
  error • Expected an identifier • flutter/examples/api/lib/material/text_button/text_button.0.dart:101:54 • missing_identifier
  error • Expected to find ';' • flutter/examples/api/lib/material/text_button/text_button.0.dart:101:54 • expected_token
warning • Missing case clause for 'dark' • flutter/examples/api/lib/material/text_button/text_button.0.dart:101:56 • missing_enum_constant_in_switch
warning • Missing case clause for 'light' • flutter/examples/api/lib/material/text_button/text_button.0.dart:101:56 • missing_enum_constant_in_switch
  error • Expected an identifier • flutter/examples/api/lib/material/text_button/text_button.0.dart:101:56 • missing_identifier
  error • Expected to find 'case' • flutter/examples/api/lib/material/text_button/text_button.0.dart:102:7 • expected_token
   info • Unnecessary empty statement • flutter/examples/api/lib/material/text_button/text_button.0.dart:112:6 • empty_statements
  error • The name 'Color' isn't a type, so it can't be used as a type argument • flutter/examples/api/lib/material/text_button/text_button.0.dart:120:45 • non_type_as_type_argument
  error • Undefined name 'color2' • flutter/examples/api/lib/material/text_button/text_button.0.dart:120:52 • undefined_identifier
  error • Undefined name 'color2' • flutter/examples/api/lib/material/text_button/text_button.0.dart:120:60 • undefined_identifier
  error • Expected an identifier • flutter/examples/api/lib/material/text_button/text_button.0.dart:125:19 • missing_identifier
  error • Expected to find ')' • flutter/examples/api/lib/material/text_button/text_button.0.dart:125:19 • expected_token
  error • The name 'Color' isn't a type, so it can't be used as a type argument • flutter/examples/api/lib/material/text_button/text_button.0.dart:221:28 • non_type_as_type_argument
  error • Undefined name 'color2' • flutter/examples/api/lib/material/text_button/text_button.0.dart:283:29 • undefined_identifier
  error • This requires the 'records' language feature to be enabled • flutter/examples/api/lib/material/toggle_buttons/toggle_buttons.1.dart:23:12 • experiment_not_enabled
  error • This requires the 'records' language feature to be enabled • flutter/examples/api/lib/material/toggle_buttons/toggle_buttons.1.dart:23:53 • experiment_not_enabled
   info • Unnecessary use of parentheses • flutter/examples/api/lib/material/toggle_buttons/toggle_buttons.1.dart:24:3 • unnecessary_parenthesis
  error • This requires the 'records' language feature to be enabled • flutter/examples/api/lib/material/toggle_buttons/toggle_buttons.1.dart:24:3 • experiment_not_enabled
   info • Unnecessary use of parentheses • flutter/examples/api/lib/material/toggle_buttons/toggle_buttons.1.dart:25:3 • unnecessary_parenthesis
  error • This requires the 'records' language feature to be enabled • flutter/examples/api/lib/material/toggle_buttons/toggle_buttons.1.dart:25:3 • experiment_not_enabled
   info • Unnecessary use of parentheses • flutter/examples/api/lib/material/toggle_buttons/toggle_buttons.1.dart:26:3 • unnecessary_parenthesis
  error • This requires the 'records' language feature to be enabled • flutter/examples/api/lib/material/toggle_buttons/toggle_buttons.1.dart:26:3 • experiment_not_enabled
   info • Unnecessary use of parentheses • flutter/examples/api/lib/material/toggle_buttons/toggle_buttons.1.dart:27:3 • unnecessary_parenthesis
  error • This requires the 'records' language feature to be enabled • flutter/examples/api/lib/material/toggle_buttons/toggle_buttons.1.dart:27:3 • experiment_not_enabled
   info • Unnecessary use of parentheses • flutter/examples/api/lib/material/toggle_buttons/toggle_buttons.1.dart:28:3 • unnecessary_parenthesis
  error • This requires the 'records' language feature to be enabled • flutter/examples/api/lib/material/toggle_buttons/toggle_buttons.1.dart:28:3 • experiment_not_enabled
  error • This requires the 'records' language feature to be enabled • flutter/examples/api/lib/material/toggle_buttons/toggle_buttons.1.dart:65:45 • experiment_not_enabled
  error • This requires the 'records' language feature to be enabled • flutter/examples/api/lib/material/toggle_buttons/toggle_buttons.1.dart:88:71 • experiment_not_enabled
  error • Expected to find ';' • flutter/examples/api/lib/painting/axis_direction/axis_direction.0.dart:60:24 • expected_token
warning • Missing case clause for 'down' • flutter/examples/api/lib/painting/axis_direction/axis_direction.0.dart:60:26 • missing_enum_constant_in_switch
warning • Missing case clause for 'left' • flutter/examples/api/lib/painting/axis_direction/axis_direction.0.dart:60:26 • missing_enum_constant_in_switch
warning • Missing case clause for 'right' • flutter/examples/api/lib/painting/axis_direction/axis_direction.0.dart:60:26 • missing_enum_constant_in_switch
warning • Missing case clause for 'up' • flutter/examples/api/lib/painting/axis_direction/axis_direction.0.dart:60:26 • missing_enum_constant_in_switch
  error • Expected an identifier • flutter/examples/api/lib/painting/axis_direction/axis_direction.0.dart:60:26 • missing_identifier
  error • Expected to find 'case' • flutter/examples/api/lib/painting/axis_direction/axis_direction.0.dart:61:7 • expected_token
   info • Unnecessary empty statement • flutter/examples/api/lib/painting/axis_direction/axis_direction.0.dart:65:6 • empty_statements
  error • Expected to find ';' • flutter/examples/api/lib/rendering/growth_direction/growth_direction.0.dart:62:24 • expected_token
warning • Missing case clause for 'down' • flutter/examples/api/lib/rendering/growth_direction/growth_direction.0.dart:62:26 • missing_enum_constant_in_switch
warning • Missing case clause for 'left' • flutter/examples/api/lib/rendering/growth_direction/growth_direction.0.dart:62:26 • missing_enum_constant_in_switch
warning • Missing case clause for 'right' • flutter/examples/api/lib/rendering/growth_direction/growth_direction.0.dart:62:26 • missing_enum_constant_in_switch
warning • Missing case clause for 'up' • flutter/examples/api/lib/rendering/growth_direction/growth_direction.0.dart:62:26 • missing_enum_constant_in_switch
  error • Expected an identifier • flutter/examples/api/lib/rendering/growth_direction/growth_direction.0.dart:62:26 • missing_identifier
  error • Expected to find 'case' • flutter/examples/api/lib/rendering/growth_direction/growth_direction.0.dart:63:7 • expected_token
   info • Unnecessary empty statement • flutter/examples/api/lib/rendering/growth_direction/growth_direction.0.dart:67:6 • empty_statements
  error • Expected to find ';' • flutter/examples/api/lib/rendering/scroll_direction/scroll_direction.0.dart:62:24 • expected_token
warning • Missing case clause for 'down' • flutter/examples/api/lib/rendering/scroll_direction/scroll_direction.0.dart:62:26 • missing_enum_constant_in_switch
warning • Missing case clause for 'left' • flutter/examples/api/lib/rendering/scroll_direction/scroll_direction.0.dart:62:26 • missing_enum_constant_in_switch
warning • Missing case clause for 'right' • flutter/examples/api/lib/rendering/scroll_direction/scroll_direction.0.dart:62:26 • missing_enum_constant_in_switch
warning • Missing case clause for 'up' • flutter/examples/api/lib/rendering/scroll_direction/scroll_direction.0.dart:62:26 • missing_enum_constant_in_switch
  error • Expected an identifier • flutter/examples/api/lib/rendering/scroll_direction/scroll_direction.0.dart:62:26 • missing_identifier
  error • Expected to find 'case' • flutter/examples/api/lib/rendering/scroll_direction/scroll_direction.0.dart:63:7 • expected_token
   info • Unnecessary empty statement • flutter/examples/api/lib/rendering/scroll_direction/scroll_direction.0.dart:67:6 • empty_statements
  error • The name '_' is already defined • flutter/examples/api/lib/services/text_input/text_input_control.0.dart:95:34 • duplicate_definition
  error • The 'case' shouldn't complete normally • flutter/examples/api/lib/widgets/async/stream_builder.0.dart:103:13 • switch_case_completes_normally
  error • The 'case' shouldn't complete normally • flutter/examples/api/lib/widgets/async/stream_builder.0.dart:108:13 • switch_case_completes_normally
  error • The 'case' shouldn't complete normally • flutter/examples/api/lib/widgets/async/stream_builder.0.dart:113:13 • switch_case_completes_normally
  error • The 'case' shouldn't complete normally • flutter/examples/api/lib/widgets/basic/custom_multi_child_layout.0.dart:48:7 • switch_case_completes_normally
  error • The 'case' shouldn't complete normally • flutter/examples/api/lib/widgets/basic/custom_multi_child_layout.0.dart:63:9 • switch_case_completes_normally
warning • The declaration '<unnamed>' isn't referenced • flutter/examples/api/lib/widgets/draggable_scrollable_sheet/draggable_scrollable_sheet.0.dart:34:7 • unused_element
  error • Expected to find ';' • flutter/examples/api/lib/widgets/draggable_scrollable_sheet/draggable_scrollable_sheet.0.dart:82:14 • expected_token
  error • Expected a class member • flutter/examples/api/lib/widgets/draggable_scrollable_sheet/draggable_scrollable_sheet.0.dart:83:7 • expected_class_member
  error • Expected an identifier • flutter/examples/api/lib/widgets/draggable_scrollable_sheet/draggable_scrollable_sheet.0.dart:83:7 • missing_identifier
  error • Expected an identifier • flutter/examples/api/lib/widgets/draggable_scrollable_sheet/draggable_scrollable_sheet.0.dart:83:14 • missing_identifier
   info • Missing type annotation • flutter/examples/api/lib/widgets/draggable_scrollable_sheet/draggable_scrollable_sheet.0.dart:83:15 • strict_top_level_inference
   info • Missing type annotation • flutter/examples/api/lib/widgets/draggable_scrollable_sheet/draggable_scrollable_sheet.0.dart:83:15 • always_specify_types
  error • The operands of the operator '||' must be assignable to 'bool' • flutter/examples/api/lib/widgets/draggable_scrollable_sheet/draggable_scrollable_sheet.0.dart:84:9 • non_bool_operand
  error • The operands of the operator '||' must be assignable to 'bool' • flutter/examples/api/lib/widgets/draggable_scrollable_sheet/draggable_scrollable_sheet.0.dart:84:33 • non_bool_operand
   info • Unnecessary statement • flutter/examples/api/lib/widgets/draggable_scrollable_sheet/draggable_scrollable_sheet.0.dart:84:57 • unnecessary_statements
  error • The operands of the operator '||' must be assignable to 'bool' • flutter/examples/api/lib/widgets/draggable_scrollable_sheet/draggable_scrollable_sheet.0.dart:84:57 • non_bool_operand
  error • Expected to find ';' • flutter/examples/api/lib/widgets/draggable_scrollable_sheet/draggable_scrollable_sheet.0.dart:84:72 • expected_token
  error • Expected an identifier • flutter/examples/api/lib/widgets/draggable_scrollable_sheet/draggable_scrollable_sheet.0.dart:84:80 • missing_identifier
  error • Expected to find ';' • flutter/examples/api/lib/widgets/draggable_scrollable_sheet/draggable_scrollable_sheet.0.dart:84:80 • expected_token
   info • Unnecessary statement • flutter/examples/api/lib/widgets/draggable_scrollable_sheet/draggable_scrollable_sheet.0.dart:84:83 • unnecessary_statements
  error • Expected to find ';' • flutter/examples/api/lib/widgets/draggable_scrollable_sheet/draggable_scrollable_sheet.0.dart:84:83 • expected_token
  error • Expected an identifier • flutter/examples/api/lib/widgets/draggable_scrollable_sheet/draggable_scrollable_sheet.0.dart:84:87 • missing_identifier
  error • Unexpected text ';' • flutter/examples/api/lib/widgets/draggable_scrollable_sheet/draggable_scrollable_sheet.0.dart:84:87 • unexpected_token
  error • The operands of the operator '||' must be assignable to 'bool' • flutter/examples/api/lib/widgets/draggable_scrollable_sheet/draggable_scrollable_sheet.0.dart:85:9 • non_bool_operand
  error • The operands of the operator '||' must be assignable to 'bool' • flutter/examples/api/lib/widgets/draggable_scrollable_sheet/draggable_scrollable_sheet.0.dart:85:35 • non_bool_operand
   info • Unnecessary statement • flutter/examples/api/lib/widgets/draggable_scrollable_sheet/draggable_scrollable_sheet.0.dart:85:57 • unnecessary_statements
  error • The operands of the operator '||' must be assignable to 'bool' • flutter/examples/api/lib/widgets/draggable_scrollable_sheet/draggable_scrollable_sheet.0.dart:85:57 • non_bool_operand
  error • Expected to find ';' • flutter/examples/api/lib/widgets/draggable_scrollable_sheet/draggable_scrollable_sheet.0.dart:85:72 • expected_token
  error • Expected an identifier • flutter/examples/api/lib/widgets/draggable_scrollable_sheet/draggable_scrollable_sheet.0.dart:85:80 • missing_identifier
  error • Expected to find ';' • flutter/examples/api/lib/widgets/draggable_scrollable_sheet/draggable_scrollable_sheet.0.dart:85:80 • expected_token
   info • Unnecessary statement • flutter/examples/api/lib/widgets/draggable_scrollable_sheet/draggable_scrollable_sheet.0.dart:85:83 • unnecessary_statements
  error • Expected to find ';' • flutter/examples/api/lib/widgets/draggable_scrollable_sheet/draggable_scrollable_sheet.0.dart:85:83 • expected_token
  error • Expected an identifier • flutter/examples/api/lib/widgets/draggable_scrollable_sheet/draggable_scrollable_sheet.0.dart:85:88 • missing_identifier
  error • Unexpected text ';' • flutter/examples/api/lib/widgets/draggable_scrollable_sheet/draggable_scrollable_sheet.0.dart:85:88 • unexpected_token
  error • Expected a class member • flutter/examples/api/lib/widgets/draggable_scrollable_sheet/draggable_scrollable_sheet.0.dart:86:8 • expected_class_member
  error • The switch case expression type 'LogicalKeyboardKey' can't override the '==' operator • flutter/examples/api/lib/widgets/focus_manager/focus_node.0.dart:59:14 • case_expression_type_implements_equals
  error • The switch case expression type 'LogicalKeyboardKey' can't override the '==' operator • flutter/examples/api/lib/widgets/focus_manager/focus_node.0.dart:65:14 • case_expression_type_implements_equals
  error • The switch case expression type 'LogicalKeyboardKey' can't override the '==' operator • flutter/examples/api/lib/widgets/focus_manager/focus_node.0.dart:71:14 • case_expression_type_implements_equals
  error • The switch case expression type 'LogicalKeyboardKey' can't override the '==' operator • flutter/examples/api/lib/widgets/focus_scope/focus.0.dart:40:14 • case_expression_type_implements_equals
  error • The switch case expression type 'LogicalKeyboardKey' can't override the '==' operator • flutter/examples/api/lib/widgets/focus_scope/focus.0.dart:46:14 • case_expression_type_implements_equals
  error • The switch case expression type 'LogicalKeyboardKey' can't override the '==' operator • flutter/examples/api/lib/widgets/focus_scope/focus.0.dart:52:14 • case_expression_type_implements_equals
  error • Expected to find ';' • flutter/examples/api/lib/widgets/focus_traversal/focus_traversal_group.0.dart:69:28 • expected_token
  error • Expected an identifier • flutter/examples/api/lib/widgets/focus_traversal/focus_traversal_group.0.dart:69:30 • missing_identifier
  error • Expected to find 'case' • flutter/examples/api/lib/widgets/focus_traversal/focus_traversal_group.0.dart:70:7 • expected_token
   info • Unnecessary empty statement • flutter/examples/api/lib/widgets/focus_traversal/focus_traversal_group.0.dart:72:6 • empty_statements
  error • The name '_' is already defined • flutter/examples/api/lib/widgets/magnifier/cupertino_text_magnifier.0.dart:42:37 • duplicate_definition
  error • The 'case' shouldn't complete normally • flutter/examples/api/lib/widgets/navigator/navigator.0.dart:99:11 • switch_case_completes_normally
  error • The 'case' shouldn't complete normally • flutter/examples/api/lib/widgets/navigator/navigator.0.dart:103:11 • switch_case_completes_normally
  error • Expected to find ';' • flutter/examples/api/lib/widgets/navigator_pop_handler/navigator_pop_handler.0.dart:22:9 • expected_token
warning • Dead code • flutter/examples/api/lib/widgets/navigator_pop_handler/navigator_pop_handler.0.dart:22:16 • dead_code
  error • Expected an identifier • flutter/examples/api/lib/widgets/navigator_pop_handler/navigator_pop_handler.0.dart:22:16 • missing_identifier
  error • Expected to find 'case' • flutter/examples/api/lib/widgets/navigator_pop_handler/navigator_pop_handler.0.dart:23:11 • expected_token
   info • Unnecessary empty statement • flutter/examples/api/lib/widgets/navigator_pop_handler/navigator_pop_handler.0.dart:41:10 • empty_statements
warning • The declaration '_HomePage' isn't referenced • flutter/examples/api/lib/widgets/navigator_pop_handler/navigator_pop_handler.0.dart:47:7 • unused_element
warning • The value of the local variable 'rootContext' isn't used • flutter/examples/api/lib/widgets/navigator_pop_handler/navigator_pop_handler.0.dart:96:30 • unused_local_variable
  error • Expected to find ';' • flutter/examples/api/lib/widgets/navigator_pop_handler/navigator_pop_handler.0.dart:97:11 • expected_token
warning • Dead code • flutter/examples/api/lib/widgets/navigator_pop_handler/navigator_pop_handler.0.dart:97:18 • dead_code
  error • Expected an identifier • flutter/examples/api/lib/widgets/navigator_pop_handler/navigator_pop_handler.0.dart:97:18 • missing_identifier
  error • Expected to find 'case' • flutter/examples/api/lib/widgets/navigator_pop_handler/navigator_pop_handler.0.dart:98:13 • expected_token
   info • Unnecessary empty statement • flutter/examples/api/lib/widgets/navigator_pop_handler/navigator_pop_handler.0.dart:116:12 • empty_statements
warning • The declaration '_NestedNavigatorsPageOne' isn't referenced • flutter/examples/api/lib/widgets/navigator_pop_handler/navigator_pop_handler.0.dart:123:7 • unused_element
warning • The declaration '_NestedNavigatorsPageTwo' isn't referenced • flutter/examples/api/lib/widgets/navigator_pop_handler/navigator_pop_handler.0.dart:158:7 • unused_element
warning • The declaration '_UnknownPage' isn't referenced • flutter/examples/api/lib/widgets/navigator_pop_handler/navigator_pop_handler.0.dart:184:7 • unused_element
  error • Expected to find ';' • flutter/examples/api/lib/widgets/navigator_pop_handler/navigator_pop_handler.1.dart:18:5 • expected_token
warning • Dead code • flutter/examples/api/lib/widgets/navigator_pop_handler/navigator_pop_handler.1.dart:18:12 • dead_code
  error • Expected an identifier • flutter/examples/api/lib/widgets/navigator_pop_handler/navigator_pop_handler.1.dart:18:12 • missing_identifier
  error • Expected to find 'case' • flutter/examples/api/lib/widgets/navigator_pop_handler/navigator_pop_handler.1.dart:19:7 • expected_token
   info • Unnecessary empty statement • flutter/examples/api/lib/widgets/navigator_pop_handler/navigator_pop_handler.1.dart:22:6 • empty_statements
  error • Expected to find ';' • flutter/examples/api/lib/widgets/navigator_pop_handler/navigator_pop_handler.1.dart:39:9 • expected_token
warning • Dead code • flutter/examples/api/lib/widgets/navigator_pop_handler/navigator_pop_handler.1.dart:39:16 • dead_code
  error • Expected an identifier • flutter/examples/api/lib/widgets/navigator_pop_handler/navigator_pop_handler.1.dart:39:16 • missing_identifier
  error • Expected to find 'case' • flutter/examples/api/lib/widgets/navigator_pop_handler/navigator_pop_handler.1.dart:40:11 • expected_token
   info • Unnecessary empty statement • flutter/examples/api/lib/widgets/navigator_pop_handler/navigator_pop_handler.1.dart:52:10 • empty_statements
warning • The declaration '_UnknownPage' isn't referenced • flutter/examples/api/lib/widgets/navigator_pop_handler/navigator_pop_handler.1.dart:281:7 • unused_element
warning • The value of the local variable '<unnamed>' isn't used • flutter/examples/api/lib/widgets/overlay/overlay.0.dart:40:12 • unused_local_variable
   info • Missing type annotation • flutter/examples/api/lib/widgets/overlay/overlay.0.dart:41:7 • always_specify_types
  error • Expected an identifier • flutter/examples/api/lib/widgets/overlay/overlay.0.dart:41:13 • missing_identifier
  error • Expected to find ';' • flutter/examples/api/lib/widgets/overlay/overlay.0.dart:41:13 • expected_token
   info • An uninitialized variable should have an explicit type annotation • flutter/examples/api/lib/widgets/overlay/overlay.0.dart:41:14 • prefer_typing_uninitialized_variables
warning • The type of  can't be inferred without either a type or initializer • flutter/examples/api/lib/widgets/overlay/overlay.0.dart:41:14 • inference_failure_on_uninitialized_variable
   info • The variable name 'Color' isn't a lowerCamelCase identifier • flutter/examples/api/lib/widgets/overlay/overlay.0.dart:41:28 • non_constant_identifier_names
warning • The value of the local variable 'Color' isn't used • flutter/examples/api/lib/widgets/overlay/overlay.0.dart:41:28 • unused_local_variable
  error • Expected to find ';' • flutter/examples/api/lib/widgets/overlay/overlay.0.dart:41:28 • expected_token
  error • Expected an identifier • flutter/examples/api/lib/widgets/overlay/overlay.0.dart:41:33 • missing_identifier
   info • Unnecessary statement • flutter/examples/api/lib/widgets/overlay/overlay.0.dart:41:35 • unnecessary_statements
  error • Expected to find ';' • flutter/examples/api/lib/widgets/overlay/overlay.0.dart:41:35 • expected_token
  error • Undefined name 'color' • flutter/examples/api/lib/widgets/overlay/overlay.0.dart:41:35 • undefined_identifier
  error • Expected an identifier • flutter/examples/api/lib/widgets/overlay/overlay.0.dart:41:40 • missing_identifier
  error • Expected to find ':' • flutter/examples/api/lib/widgets/overlay/overlay.0.dart:41:40 • expected_token
  error • Unexpected text ';' • flutter/examples/api/lib/widgets/overlay/overlay.0.dart:41:40 • unexpected_token
   info • The variable or property is being assigned to itself • flutter/examples/api/lib/widgets/overlay/overlay.0.dart:41:42 • no_self_assignments
  error • Expected an identifier • flutter/examples/api/lib/widgets/overlay/overlay.0.dart:41:42 • missing_identifier
  error • Expected to find ';' • flutter/examples/api/lib/widgets/overlay/overlay.0.dart:41:42 • expected_token
  error • Expected an identifier • flutter/examples/api/lib/widgets/overlay/overlay.0.dart:41:44 • missing_identifier
  error • Expected to find 'case' • flutter/examples/api/lib/widgets/overlay/overlay.0.dart:42:9 • expected_token
   info • Unnecessary empty statement • flutter/examples/api/lib/widgets/overlay/overlay.0.dart:46:8 • empty_statements
  error • Undefined name 'color' • flutter/examples/api/lib/widgets/overlay/overlay.0.dart:47:11 • undefined_identifier
  error • The non-nullable local variable 'label' must be assigned before it can be used • flutter/examples/api/lib/widgets/overlay/overlay.0.dart:48:21 • not_assigned_potentially_non_nullable_local_variable
  error • The non-nullable local variable 'label' must be assigned before it can be used • flutter/examples/api/lib/widgets/overlay/overlay.0.dart:52:16 • not_assigned_potentially_non_nullable_local_variable
  error • Undefined name 'color' • flutter/examples/api/lib/widgets/overlay/overlay.0.dart:52:47 • undefined_identifier
  error • Undefined name 'color' • flutter/examples/api/lib/widgets/overlay/overlay.0.dart:53:45 • undefined_identifier
warning • The declaration '<unnamed>' isn't referenced • flutter/examples/api/lib/widgets/page_view/page_view.0.dart:33:7 • unused_element
  error • Expected to find ';' • flutter/examples/api/lib/widgets/page_view/page_view.0.dart:100:14 • expected_token
  error • Expected a class member • flutter/examples/api/lib/widgets/page_view/page_view.0.dart:101:7 • expected_class_member
  error • Expected an identifier • flutter/examples/api/lib/widgets/page_view/page_view.0.dart:101:7 • missing_identifier
  error • Expected an identifier • flutter/examples/api/lib/widgets/page_view/page_view.0.dart:101:14 • missing_identifier
   info • Missing type annotation • flutter/examples/api/lib/widgets/page_view/page_view.0.dart:101:15 • strict_top_level_inference
   info • Missing type annotation • flutter/examples/api/lib/widgets/page_view/page_view.0.dart:101:15 • always_specify_types
  error • The operands of the operator '||' must be assignable to 'bool' • flutter/examples/api/lib/widgets/page_view/page_view.0.dart:102:9 • non_bool_operand
  error • The operands of the operator '||' must be assignable to 'bool' • flutter/examples/api/lib/widgets/page_view/page_view.0.dart:102:33 • non_bool_operand
   info • Unnecessary statement • flutter/examples/api/lib/widgets/page_view/page_view.0.dart:102:57 • unnecessary_statements
  error • The operands of the operator '||' must be assignable to 'bool' • flutter/examples/api/lib/widgets/page_view/page_view.0.dart:102:57 • non_bool_operand
  error • Expected to find ';' • flutter/examples/api/lib/widgets/page_view/page_view.0.dart:102:72 • expected_token
  error • Expected an identifier • flutter/examples/api/lib/widgets/page_view/page_view.0.dart:102:80 • missing_identifier
  error • Expected to find ';' • flutter/examples/api/lib/widgets/page_view/page_view.0.dart:102:80 • expected_token
   info • Unnecessary statement • flutter/examples/api/lib/widgets/page_view/page_view.0.dart:102:83 • unnecessary_statements
  error • Expected to find ';' • flutter/examples/api/lib/widgets/page_view/page_view.0.dart:102:83 • expected_token
  error • Expected an identifier • flutter/examples/api/lib/widgets/page_view/page_view.0.dart:102:87 • missing_identifier
  error • Unexpected text ';' • flutter/examples/api/lib/widgets/page_view/page_view.0.dart:102:87 • unexpected_token
  error • The operands of the operator '||' must be assignable to 'bool' • flutter/examples/api/lib/widgets/page_view/page_view.0.dart:103:9 • non_bool_operand
  error • The operands of the operator '||' must be assignable to 'bool' • flutter/examples/api/lib/widgets/page_view/page_view.0.dart:103:35 • non_bool_operand
   info • Unnecessary statement • flutter/examples/api/lib/widgets/page_view/page_view.0.dart:103:57 • unnecessary_statements
  error • The operands of the operator '||' must be assignable to 'bool' • flutter/examples/api/lib/widgets/page_view/page_view.0.dart:103:57 • non_bool_operand
  error • Expected to find ';' • flutter/examples/api/lib/widgets/page_view/page_view.0.dart:103:72 • expected_token
  error • Expected an identifier • flutter/examples/api/lib/widgets/page_view/page_view.0.dart:103:80 • missing_identifier
  error • Expected to find ';' • flutter/examples/api/lib/widgets/page_view/page_view.0.dart:103:80 • expected_token
   info • Unnecessary statement • flutter/examples/api/lib/widgets/page_view/page_view.0.dart:103:83 • unnecessary_statements
  error • Expected to find ';' • flutter/examples/api/lib/widgets/page_view/page_view.0.dart:103:83 • expected_token
  error • Expected an identifier • flutter/examples/api/lib/widgets/page_view/page_view.0.dart:103:88 • missing_identifier
  error • Unexpected text ';' • flutter/examples/api/lib/widgets/page_view/page_view.0.dart:103:88 • unexpected_token
  error • Expected a class member • flutter/examples/api/lib/widgets/page_view/page_view.0.dart:104:8 • expected_class_member
  error • Expected to find ';' • flutter/examples/api/lib/widgets/pop_scope/pop_scope.1.dart:20:9 • expected_token
warning • Dead code • flutter/examples/api/lib/widgets/pop_scope/pop_scope.1.dart:20:16 • dead_code
  error • Expected an identifier • flutter/examples/api/lib/widgets/pop_scope/pop_scope.1.dart:20:16 • missing_identifier
  error • Expected to find 'case' • flutter/examples/api/lib/widgets/pop_scope/pop_scope.1.dart:21:11 • expected_token
   info • Unnecessary empty statement • flutter/examples/api/lib/widgets/pop_scope/pop_scope.1.dart:25:10 • empty_statements
warning • The declaration '_PageTwo' isn't referenced • flutter/examples/api/lib/widgets/pop_scope/pop_scope.1.dart:123:7 • unused_element
  error • Expected an identifier • flutter/examples/api/lib/widgets/routes/flexible_route_transitions.1.dart:129:43 • missing_identifier
  error • Expected to find ')' • flutter/examples/api/lib/widgets/routes/flexible_route_transitions.1.dart:129:43 • expected_token
warning • The declaration '_MyUnknownPage' isn't referenced • flutter/examples/api/lib/widgets/routes/flexible_route_transitions.1.dart:142:7 • unused_element
warning • The declaration '_MyHomePage' isn't referenced • flutter/examples/api/lib/widgets/routes/flexible_route_transitions.1.dart:156:7 • unused_element
warning • The declaration '_ZoomPage' isn't referenced • flutter/examples/api/lib/widgets/routes/flexible_route_transitions.1.dart:169:7 • unused_element
warning • The declaration '_IOSPage' isn't referenced • flutter/examples/api/lib/widgets/routes/flexible_route_transitions.1.dart:182:7 • unused_element
warning • The declaration '_VerticalPage' isn't referenced • flutter/examples/api/lib/widgets/routes/flexible_route_transitions.1.dart:195:7 • unused_element
  error • This requires the 'sealed-class' language feature to be enabled • flutter/examples/api/lib/widgets/safe_area/safe_area.0.dart:88:1 • experiment_not_enabled
  error • Concrete classes can't have 'Enum' as a superinterface • flutter/examples/api/lib/widgets/safe_area/safe_area.0.dart:88:31 • concrete_class_has_enum_superinterface
warning • The declaration '<unnamed>' isn't referenced • flutter/examples/api/lib/widgets/safe_area/safe_area.0.dart:96:6 • unused_element
  error • Expected to find ';' • flutter/examples/api/lib/widgets/safe_area/safe_area.0.dart:106:39 • expected_token
  error • Expected a class member • flutter/examples/api/lib/widgets/safe_area/safe_area.0.dart:106:42 • expected_class_member
  error • Expected an identifier • flutter/examples/api/lib/widgets/safe_area/safe_area.0.dart:106:42 • missing_identifier
  error • Expected an identifier • flutter/examples/api/lib/widgets/safe_area/safe_area.0.dart:106:49 • missing_identifier
   info • Missing type annotation • flutter/examples/api/lib/widgets/safe_area/safe_area.0.dart:106:50 • strict_top_level_inference
   info • Missing type annotation • flutter/examples/api/lib/widgets/safe_area/safe_area.0.dart:106:50 • always_specify_types
  error • 'this' can't be used as an identifier because it's a keyword • flutter/examples/api/lib/widgets/safe_area/safe_area.0.dart:106:50 • expected_identifier_but_got_keyword
   info • The function 'top' should have a return type but doesn't • flutter/examples/api/lib/widgets/safe_area/safe_area.0.dart:107:5 • always_declare_return_types
warning • The declaration 'top' isn't referenced • flutter/examples/api/lib/widgets/safe_area/safe_area.0.dart:107:5 • unused_element
  error • Functions must have an explicit list of parameters • flutter/examples/api/lib/widgets/safe_area/safe_area.0.dart:107:9 • missing_function_parameters
  error • Undefined name 'model' • flutter/examples/api/lib/widgets/safe_area/safe_area.0.dart:107:12 • undefined_identifier
  error • Expected to find ';' • flutter/examples/api/lib/widgets/safe_area/safe_area.0.dart:107:25 • expected_token
  error • Expected an identifier • flutter/examples/api/lib/widgets/safe_area/safe_area.0.dart:107:28 • missing_identifier
  error • Unexpected text ';' • flutter/examples/api/lib/widgets/safe_area/safe_area.0.dart:107:28 • unexpected_token
   info • The function 'sides' should have a return type but doesn't • flutter/examples/api/lib/widgets/safe_area/safe_area.0.dart:108:5 • always_declare_return_types
warning • The declaration 'sides' isn't referenced • flutter/examples/api/lib/widgets/safe_area/safe_area.0.dart:108:5 • unused_element
  error • Functions must have an explicit list of parameters • flutter/examples/api/lib/widgets/safe_area/safe_area.0.dart:108:11 • missing_function_parameters
  error • Undefined name 'model' • flutter/examples/api/lib/widgets/safe_area/safe_area.0.dart:108:14 • undefined_identifier
  error • Expected to find ';' • flutter/examples/api/lib/widgets/safe_area/safe_area.0.dart:108:27 • expected_token
  error • Expected an identifier • flutter/examples/api/lib/widgets/safe_area/safe_area.0.dart:108:31 • missing_identifier
  error • Unexpected text ';' • flutter/examples/api/lib/widgets/safe_area/safe_area.0.dart:108:31 • unexpected_token
   info • The function 'bottom' should have a return type but doesn't • flutter/examples/api/lib/widgets/safe_area/safe_area.0.dart:109:5 • always_declare_return_types
warning • The declaration 'bottom' isn't referenced • flutter/examples/api/lib/widgets/safe_area/safe_area.0.dart:109:5 • unused_element
  error • Functions must have an explicit list of parameters • flutter/examples/api/lib/widgets/safe_area/safe_area.0.dart:109:12 • missing_function_parameters
  error • Undefined name 'model' • flutter/examples/api/lib/widgets/safe_area/safe_area.0.dart:109:15 • undefined_identifier
  error • Expected to find ';' • flutter/examples/api/lib/widgets/safe_area/safe_area.0.dart:109:28 • expected_token
  error • Expected an identifier • flutter/examples/api/lib/widgets/safe_area/safe_area.0.dart:109:34 • missing_identifier
  error • Unexpected text ';' • flutter/examples/api/lib/widgets/safe_area/safe_area.0.dart:109:34 • unexpected_token
  error • Expected a class member • flutter/examples/api/lib/widgets/safe_area/safe_area.0.dart:110:4 • expected_class_member
warning • The declaration '<unnamed>' isn't referenced • flutter/examples/api/lib/widgets/safe_area/safe_area.0.dart:130:6 • unused_element
  error • Expected to find ';' • flutter/examples/api/lib/widgets/safe_area/safe_area.0.dart:139:38 • expected_token
  error • Expected a class member • flutter/examples/api/lib/widgets/safe_area/safe_area.0.dart:139:41 • expected_class_member
  error • Expected an identifier • flutter/examples/api/lib/widgets/safe_area/safe_area.0.dart:139:41 • missing_identifier
  error • Expected an identifier • flutter/examples/api/lib/widgets/safe_area/safe_area.0.dart:139:48 • missing_identifier
   info • Missing type annotation • flutter/examples/api/lib/widgets/safe_area/safe_area.0.dart:139:49 • strict_top_level_inference
   info • Missing type annotation • flutter/examples/api/lib/widgets/safe_area/safe_area.0.dart:139:49 • always_specify_types
  error • 'this' can't be used as an identifier because it's a keyword • flutter/examples/api/lib/widgets/safe_area/safe_area.0.dart:139:49 • expected_identifier_but_got_keyword
   info • The function 'appBar' should have a return type but doesn't • flutter/examples/api/lib/widgets/safe_area/safe_area.0.dart:140:5 • always_declare_return_types
warning • The declaration 'appBar' isn't referenced • flutter/examples/api/lib/widgets/safe_area/safe_area.0.dart:140:5 • unused_element
  error • Functions must have an explicit list of parameters • flutter/examples/api/lib/widgets/safe_area/safe_area.0.dart:140:12 • missing_function_parameters
  error • Undefined name 'model' • flutter/examples/api/lib/widgets/safe_area/safe_area.0.dart:140:15 • undefined_identifier
  error • Expected to find ';' • flutter/examples/api/lib/widgets/safe_area/safe_area.0.dart:140:21 • expected_token
  error • Expected an identifier • flutter/examples/api/lib/widgets/safe_area/safe_area.0.dart:140:32 • missing_identifier
  error • Unexpected text ';' • flutter/examples/api/lib/widgets/safe_area/safe_area.0.dart:140:32 • unexpected_token
   info • The function 'safeArea' should have a return type but doesn't • flutter/examples/api/lib/widgets/safe_area/safe_area.0.dart:141:5 • always_declare_return_types
warning • The declaration 'safeArea' isn't referenced • flutter/examples/api/lib/widgets/safe_area/safe_area.0.dart:141:5 • unused_element
  error • Functions must have an explicit list of parameters • flutter/examples/api/lib/widgets/safe_area/safe_area.0.dart:141:14 • missing_function_parameters
  error • Undefined name 'model' • flutter/examples/api/lib/widgets/safe_area/safe_area.0.dart:141:17 • undefined_identifier
  error • Expected to find ';' • flutter/examples/api/lib/widgets/safe_area/safe_area.0.dart:141:23 • expected_token
  error • Expected an identifier • flutter/examples/api/lib/widgets/safe_area/safe_area.0.dart:141:36 • missing_identifier
  error • Unexpected text ';' • flutter/examples/api/lib/widgets/safe_area/safe_area.0.dart:141:36 • unexpected_token
  error • Expected a class member • flutter/examples/api/lib/widgets/safe_area/safe_area.0.dart:142:4 • expected_class_member
  error • Expected to find ';' • flutter/examples/api/lib/widgets/safe_area/safe_area.0.dart:204:14 • expected_token
warning • Missing case clause for 'bottom' • flutter/examples/api/lib/widgets/safe_area/safe_area.0.dart:204:16 • missing_enum_constant_in_switch
warning • Missing case clause for 'sides' • flutter/examples/api/lib/widgets/safe_area/safe_area.0.dart:204:16 • missing_enum_constant_in_switch
warning • Missing case clause for 'top' • flutter/examples/api/lib/widgets/safe_area/safe_area.0.dart:204:16 • missing_enum_constant_in_switch
  error • Expected an identifier • flutter/examples/api/lib/widgets/safe_area/safe_area.0.dart:204:16 • missing_identifier
  error • Expected to find 'case' • flutter/examples/api/lib/widgets/safe_area/safe_area.0.dart:205:9 • expected_token
   info • Unnecessary empty statement • flutter/examples/api/lib/widgets/safe_area/safe_area.0.dart:208:8 • empty_statements
  error • The name '_' is already defined • flutter/examples/api/lib/widgets/scroll_position/scroll_controller_notification.0.dart:76:33 • duplicate_definition
  error • Expected to find ';' • flutter/examples/api/lib/widgets/slotted_render_object_widget/slotted_multi_child_render_object_widget_mixin.0.dart:28:5 • expected_token
warning • Dead code • flutter/examples/api/lib/widgets/slotted_render_object_widget/slotted_multi_child_render_object_widget_mixin.0.dart:28:12 • dead_code
warning • Missing case clause for 'bottomRight' • flutter/examples/api/lib/widgets/slotted_render_object_widget/slotted_multi_child_render_object_widget_mixin.0.dart:28:12 • missing_enum_constant_in_switch
warning • Missing case clause for 'topLeft' • flutter/examples/api/lib/widgets/slotted_render_object_widget/slotted_multi_child_render_object_widget_mixin.0.dart:28:12 • missing_enum_constant_in_switch
  error • Expected an identifier • flutter/examples/api/lib/widgets/slotted_render_object_widget/slotted_multi_child_render_object_widget_mixin.0.dart:28:12 • missing_identifier
  error • Expected to find 'case' • flutter/examples/api/lib/widgets/slotted_render_object_widget/slotted_multi_child_render_object_widget_mixin.0.dart:29:7 • expected_token
   info • Unnecessary empty statement • flutter/examples/api/lib/widgets/slotted_render_object_widget/slotted_multi_child_render_object_widget_mixin.0.dart:31:6 • empty_statements
  error • This requires the 'null-aware-elements' language feature to be enabled • flutter/examples/api/lib/widgets/slotted_render_object_widget/slotted_multi_child_render_object_widget_mixin.0.dart:90:51 • experiment_not_enabled
  error • The element type 'RenderBox?' can't be assigned to the list type 'RenderBox' • flutter/examples/api/lib/widgets/slotted_render_object_widget/slotted_multi_child_render_object_widget_mixin.0.dart:90:52 • list_element_type_not_assignable
  error • This requires the 'null-aware-elements' language feature to be enabled • flutter/examples/api/lib/widgets/slotted_render_object_widget/slotted_multi_child_render_object_widget_mixin.0.dart:90:62 • experiment_not_enabled
  error • The element type 'RenderBox?' can't be assigned to the list type 'RenderBox' • flutter/examples/api/lib/widgets/slotted_render_object_widget/slotted_multi_child_render_object_widget_mixin.0.dart:90:63 • list_element_type_not_assignable
  error • The 'case' shouldn't complete normally • flutter/examples/api/lib/widgets/text_editing_intents/editable_text_tap_up_outside_intent.0.dart:48:7 • switch_case_completes_normally
  error • The 'case' shouldn't complete normally • flutter/examples/api/lib/widgets/text_editing_intents/editable_text_tap_up_outside_intent.0.dart:54:11 • switch_case_completes_normally
  error • The 'case' shouldn't complete normally • flutter/examples/api/lib/widgets/text_editing_intents/editable_text_tap_up_outside_intent.0.dart:62:11 • switch_case_completes_normally
  error • The name '_' is already defined • flutter/examples/api/lib/widgets/text_magnifier/text_magnifier.0.dart:32:39 • duplicate_definition
  error • Target of URI doesn't exist: 'package:flutter_api_samples/animation/animation_controller/animated_digit.0.dart' • flutter/examples/api/test/animation/animation_controller/animated_digit.0_test.dart:6:8 • uri_does_not_exist
  error • Target of URI doesn't exist: 'package:flutter_api_samples/animation/curves/curve2_d.0.dart' • flutter/examples/api/test/animation/curves/curve2_d.0_test.dart:6:8 • uri_does_not_exist
  error • Target of URI doesn't exist: 'package:flutter_api_samples/cupertino/activity_indicator/cupertino_activity_indicator.0.dart' • flutter/examples/api/test/cupertino/activity_indicator/cupertino_activity_indicator.0_test.dart:6:8 • uri_does_not_exist
  error • Target of URI doesn't exist: 'package:flutter_api_samples/cupertino/activity_indicator/cupertino_linear_activity_indicator.0.dart' • flutter/examples/api/test/cupertino/activity_indicator/cupertino_linear_activity_indicator.0_test.dart:6:8 • uri_does_not_exist
  error • Target of URI doesn't exist: 'package:flutter_api_samples/cupertino/bottom_tab_bar/cupertino_tab_bar.0.dart' • flutter/examples/api/test/cupertino/bottom_tab_bar/cupertino_tab_bar.0_test.dart:6:8 • uri_does_not_exist
  error • Target of URI doesn't exist: 'package:flutter_api_samples/cupertino/button/cupertino_button.0.dart' • flutter/examples/api/test/cupertino/button/cupertino_button.0_test.dart:6:8 • uri_does_not_exist
  error • Target of URI doesn't exist: 'package:flutter_api_samples/cupertino/checkbox/cupertino_checkbox.0.dart' • flutter/examples/api/test/cupertino/checkbox/cupertino_checkbox.0_test.dart:6:8 • uri_does_not_exist
  error • Target of URI doesn't exist: 'package:flutter_api_samples/cupertino/context_menu/cupertino_context_menu.0.dart' • flutter/examples/api/test/cupertino/context_menu/cupertino_context_menu.0_test.dart:6:8 • uri_does_not_exist
  error • Target of URI doesn't exist: 'package:flutter_api_samples/cupertino/context_menu/cupertino_context_menu.1.dart' • flutter/examples/api/test/cupertino/context_menu/cupertino_context_menu.1_test.dart:6:8 • uri_does_not_exist
  error • Target of URI doesn't exist: 'package:flutter_api_samples/cupertino/date_picker/cupertino_date_picker.0.dart' • flutter/examples/api/test/cupertino/date_picker/cupertino_date_picker.0_test.dart:5:8 • uri_does_not_exist
  error • Target of URI doesn't exist: 'package:flutter_api_samples/cupertino/date_picker/cupertino_timer_picker.0.dart' • flutter/examples/api/test/cupertino/date_picker/cupertino_timer_picker.0_test.dart:5:8 • uri_does_not_exist
  error • Target of URI doesn't exist: 'package:flutter_api_samples/cupertino/dialog/cupertino_action_sheet.0.dart' • flutter/examples/api/test/cupertino/dialog/cupertino_action_sheet.0_test.dart:6:8 • uri_does_not_exist
  error • Target of URI doesn't exist: 'package:flutter_api_samples/cupertino/dialog/cupertino_alert_dialog.0.dart' • flutter/examples/api/test/cupertino/dialog/cupertino_alert_dialog.0_test.dart:6:8 • uri_does_not_exist
  error • Target of URI doesn't exist: 'package:flutter_api_samples/cupertino/dialog/cupertino_popup_surface.0.dart' • flutter/examples/api/test/cupertino/dialog/cupertino_popup_surface.0_test.dart:6:8 • uri_does_not_exist
  error • Target of URI doesn't exist: 'package:flutter_api_samples/cupertino/expansion_tile/cupertino_expansion_tile.0.dart' • flutter/examples/api/test/cupertino/expansion_tile/cupertino_expansion_tile.0_test.dart:5:8 • uri_does_not_exist
  error • The name 'CupertinoExpansionTileApp' isn't a class • flutter/examples/api/test/cupertino/expansion_tile/cupertino_expansion_tile.0_test.dart:10:35 • creation_with_non_type
  error • Target of URI doesn't exist: 'package:flutter_api_samples/cupertino/form_row/cupertino_form_row.0.dart' • flutter/examples/api/test/cupertino/form_row/cupertino_form_row.0_test.dart:6:8 • uri_does_not_exist
  error • Target of URI doesn't exist: 'package:flutter_api_samples/cupertino/list_section/list_section_base.0.dart' • flutter/examples/api/test/cupertino/list_section/list_section_base.0_test.dart:6:8 • uri_does_not_exist
  error • Target of URI doesn't exist: 'package:flutter_api_samples/cupertino/list_section/list_section_inset.0.dart' • flutter/examples/api/test/cupertino/list_section/list_section_inset.0_test.dart:6:8 • uri_does_not_exist
  error • Target of URI doesn't exist: 'package:flutter_api_samples/cupertino/list_tile/cupertino_list_tile.0.dart' • flutter/examples/api/test/cupertino/list_tile/cupertino_list_tile.0_test.dart:7:8 • uri_does_not_exist
  error • Target of URI doesn't exist: 'package:flutter_api_samples/cupertino/nav_bar/cupertino_navigation_bar.0.dart' • flutter/examples/api/test/cupertino/nav_bar/cupertino_navigation_bar.0_test.dart:6:8 • uri_does_not_exist
  error • Target of URI doesn't exist: 'package:flutter_api_samples/cupertino/nav_bar/cupertino_navigation_bar.1.dart' • flutter/examples/api/test/cupertino/nav_bar/cupertino_navigation_bar.1_test.dart:6:8 • uri_does_not_exist
  error • Target of URI doesn't exist: 'package:flutter_api_samples/cupertino/nav_bar/cupertino_navigation_bar.2.dart' • flutter/examples/api/test/cupertino/nav_bar/cupertino_navigation_bar.2_test.dart:6:8 • uri_does_not_exist
  error • Target of URI doesn't exist: 'package:flutter_api_samples/cupertino/nav_bar/cupertino_sliver_nav_bar.0.dart' • flutter/examples/api/test/cupertino/nav_bar/cupertino_sliver_nav_bar.0_test.dart:6:8 • uri_does_not_exist
  error • Target of URI doesn't exist: 'package:flutter_api_samples/cupertino/nav_bar/cupertino_sliver_nav_bar.1.dart' • flutter/examples/api/test/cupertino/nav_bar/cupertino_sliver_nav_bar.1_test.dart:6:8 • uri_does_not_exist
  error • Target of URI doesn't exist: 'package:flutter_api_samples/cupertino/nav_bar/cupertino_sliver_nav_bar.2.dart' • flutter/examples/api/test/cupertino/nav_bar/cupertino_sliver_nav_bar.2_test.dart:6:8 • uri_does_not_exist
  error • Target of URI doesn't exist: 'package:flutter_api_samples/cupertino/page_scaffold/cupertino_page_scaffold.0.dart' • flutter/examples/api/test/cupertino/page_scaffold/cupertino_page_scaffold.0_test.dart:6:8 • uri_does_not_exist
  error • Target of URI doesn't exist: 'package:flutter_api_samples/cupertino/picker/cupertino_picker.0.dart' • flutter/examples/api/test/cupertino/picker/cupertino_picker.0_test.dart:6:8 • uri_does_not_exist
  error • Target of URI doesn't exist: 'package:flutter_api_samples/cupertino/radio/cupertino_radio.0.dart' • flutter/examples/api/test/cupertino/radio/cupertino_radio.0_test.dart:6:8 • uri_does_not_exist
  error • Target of URI doesn't exist: 'package:flutter_api_samples/cupertino/radio/cupertino_radio.toggleable.0.dart' • flutter/examples/api/test/cupertino/radio/cupertino_radio.toggleable.0_test.dart:6:8 • uri_does_not_exist
  error • Target of URI doesn't exist: 'package:flutter_api_samples/cupertino/refresh/cupertino_sliver_refresh_control.0.dart' • flutter/examples/api/test/cupertino/refresh/cupertino_sliver_refresh_control.0_test.dart:6:8 • uri_does_not_exist
  error • Target of URI doesn't exist: 'package:flutter_api_samples/cupertino/route/show_cupertino_dialog.0.dart' • flutter/examples/api/test/cupertino/route/show_cupertino_dialog.0_test.dart:6:8 • uri_does_not_exist
  error • Target of URI doesn't exist: 'package:flutter_api_samples/cupertino/route/show_cupertino_modal_popup.0.dart' • flutter/examples/api/test/cupertino/route/show_cupertino_modal_popup.0_test.dart:6:8 • uri_does_not_exist
  error • Target of URI doesn't exist: 'package:flutter_api_samples/cupertino/scrollbar/cupertino_scrollbar.0.dart' • flutter/examples/api/test/cupertino/scrollbar/cupertino_scrollbar.0_test.dart:6:8 • uri_does_not_exist
  error • Target of URI doesn't exist: 'package:flutter_api_samples/cupertino/scrollbar/cupertino_scrollbar.1.dart' • flutter/examples/api/test/cupertino/scrollbar/cupertino_scrollbar.1_test.dart:6:8 • uri_does_not_exist
  error • Target of URI doesn't exist: 'package:flutter_api_samples/cupertino/search_field/cupertino_search_field.0.dart' • flutter/examples/api/test/cupertino/search_field/cupertino_search_field.0_test.dart:6:8 • uri_does_not_exist
  error • Target of URI doesn't exist: 'package:flutter_api_samples/cupertino/search_field/cupertino_search_field.1.dart' • flutter/examples/api/test/cupertino/search_field/cupertino_search_field.1_test.dart:6:8 • uri_does_not_exist
  error • Target of URI doesn't exist: 'package:flutter_api_samples/cupertino/segmented_control/cupertino_segmented_control.0.dart' • flutter/examples/api/test/cupertino/segmented_control/cupertino_segmented_control.0_test.dart:6:8 • uri_does_not_exist
  error • Target of URI doesn't exist: 'package:flutter_api_samples/cupertino/segmented_control/cupertino_sliding_segmented_control.0.dart' • flutter/examples/api/test/cupertino/segmented_control/cupertino_sliding_segmented_control.0_test.dart:6:8 • uri_does_not_exist
  error • Target of URI doesn't exist: 'package:flutter_api_samples/cupertino/sheet/cupertino_sheet.0.dart' • flutter/examples/api/test/cupertino/sheet/cupertino_sheet.0_test.dart:6:8 • uri_does_not_exist
  error • Target of URI doesn't exist: 'package:flutter_api_samples/cupertino/sheet/cupertino_sheet.1.dart' • flutter/examples/api/test/cupertino/sheet/cupertino_sheet.1_test.dart:6:8 • uri_does_not_exist
  error • Target of URI doesn't exist: 'package:flutter_api_samples/cupertino/sheet/cupertino_sheet.2.dart' • flutter/examples/api/test/cupertino/sheet/cupertino_sheet.2_test.dart:6:8 • uri_does_not_exist
  error • Target of URI doesn't exist: 'package:flutter_api_samples/cupertino/slider/cupertino_slider.0.dart' • flutter/examples/api/test/cupertino/slider/cupertino_slider.0_test.dart:6:8 • uri_does_not_exist
  error • Target of URI doesn't exist: 'package:flutter_api_samples/cupertino/switch/cupertino_switch.0.dart' • flutter/examples/api/test/cupertino/switch/cupertino_switch.0_test.dart:6:8 • uri_does_not_exist
  error • Target of URI doesn't exist: 'package:flutter_api_samples/cupertino/tab_scaffold/cupertino_tab_controller.0.dart' • flutter/examples/api/test/cupertino/tab_scaffold/cupertino_tab_controller.0_test.dart:6:8 • uri_does_not_exist
  error • Target of URI doesn't exist: 'package:flutter_api_samples/cupertino/tab_scaffold/cupertino_tab_scaffold.0.dart' • flutter/examples/api/test/cupertino/tab_scaffold/cupertino_tab_scaffold.0_test.dart:6:8 • uri_does_not_exist
  error • Target of URI doesn't exist: 'package:flutter_api_samples/cupertino/text_field/cupertino_text_field.0.dart' • flutter/examples/api/test/cupertino/text_field/cupertino_text_field.0_test.dart:6:8 • uri_does_not_exist
  error • Target of URI doesn't exist: 'package:flutter_api_samples/cupertino/text_form_field_row/cupertino_text_form_field_row.1.dart' • flutter/examples/api/test/cupertino/text_form_field_row/cupertino_text_form_field_row.1_test.dart:6:8 • uri_does_not_exist
  error • The function 'testExecutable' isn't defined • flutter/examples/api/test/flutter_test_config.dart:11:26 • undefined_function
  error • Target of URI doesn't exist: 'package:flutter_api_samples/gestures/pointer_signal_resolver/pointer_signal_resolver.0.dart' • flutter/examples/api/test/gestures/pointer_signal_resolver/pointer_signal_resolver.0_test.dart:7:8 • uri_does_not_exist
  error • This requires the 'records' language feature to be enabled • flutter/examples/api/test/gestures/pointer_signal_resolver/pointer_signal_resolver.0_test.dart:12:3 • experiment_not_enabled
warning • The value of the local variable 'innerBox' isn't used • flutter/examples/api/test/gestures/pointer_signal_resolver/pointer_signal_resolver.0_test.dart:14:24 • unused_local_variable
   info • Unnecessary use of parentheses • flutter/examples/api/test/gestures/pointer_signal_resolver/pointer_signal_resolver.0_test.dart:15:12 • unnecessary_parenthesis
  error • This requires the 'records' language feature to be enabled • flutter/examples/api/test/gestures/pointer_signal_resolver/pointer_signal_resolver.0_test.dart:15:12 • experiment_not_enabled
   info • Unnecessary use of parentheses • flutter/examples/api/test/gestures/pointer_signal_resolver/pointer_signal_resolver.0_test.dart:24:31 • unnecessary_parenthesis
  error • This requires the 'records' language feature to be enabled • flutter/examples/api/test/gestures/pointer_signal_resolver/pointer_signal_resolver.0_test.dart:24:31 • experiment_not_enabled
  error • This requires the 'records' language feature to be enabled • flutter/examples/api/test/gestures/pointer_signal_resolver/pointer_signal_resolver.0_test.dart:33:5 • experiment_not_enabled
  error • Target of URI doesn't exist: 'package:flutter_api_samples/gestures/tap_and_drag/tap_and_drag.0.dart' • flutter/examples/api/test/gestures/tap_and_drag/tap_and_drag.0_test.dart:6:8 • uri_does_not_exist
  error • Target of URI doesn't exist: 'package:flutter_goldens/flutter_goldens.dart' • flutter/examples/api/test/goldens_io.dart:5:8 • uri_does_not_exist
  error • Target of URI doesn't exist: 'package:flutter_api_samples/material/about/about_list_tile.0.dart' • flutter/examples/api/test/material/about/about_list_tile.0_test.dart:6:8 • uri_does_not_exist
  error • Target of URI doesn't exist: 'package:flutter_api_samples/material/action_buttons/action_icon_theme.0.dart' • flutter/examples/api/test/material/action_buttons/action_icon_theme.0_test.dart:6:8 • uri_does_not_exist
  error • Target of URI doesn't exist: 'package:flutter_api_samples/material/action_chip/action_chip.0.dart' • flutter/examples/api/test/material/action_chip/action_chip.0_test.dart:6:8 • uri_does_not_exist
  error • Target of URI doesn't exist: 'package:flutter_api_samples/material/animated_icon/animated_icon.0.dart' • flutter/examples/api/test/material/animated_icon/animated_icon.0_test.dart:6:8 • uri_does_not_exist
  error • Target of URI doesn't exist: 'package:flutter_api_samples/material/animated_icon/animated_icons_data.0.dart' • flutter/examples/api/test/material/animated_icon/animated_icons_data.0_test.dart:6:8 • uri_does_not_exist
  error • Target of URI doesn't exist: 'package:flutter_api_samples/material/app/app.0.dart' • flutter/examples/api/test/material/app/app.0_test.dart:6:8 • uri_does_not_exist
  error • Target of URI doesn't exist: 'package:flutter_api_samples/material/app_bar/app_bar.0.dart' • flutter/examples/api/test/material/app_bar/app_bar.0_test.dart:6:8 • uri_does_not_exist
  error • Target of URI doesn't exist: 'package:flutter_api_samples/material/app_bar/app_bar.1.dart' • flutter/examples/api/test/material/app_bar/app_bar.1_test.dart:6:8 • uri_does_not_exist
  error • Target of URI doesn't exist: 'package:flutter_api_samples/material/app_bar/app_bar.2.dart' • flutter/examples/api/test/material/app_bar/app_bar.2_test.dart:6:8 • uri_does_not_exist
  error • Target of URI doesn't exist: 'package:flutter_api_samples/material/app_bar/app_bar.3.dart' • flutter/examples/api/test/material/app_bar/app_bar.3_test.dart:6:8 • uri_does_not_exist
  error • Target of URI doesn't exist: 'package:flutter_api_samples/material/app_bar/app_bar.4.dart' • flutter/examples/api/test/material/app_bar/app_bar.4_test.dart:6:8 • uri_does_not_exist
  error • Target of URI doesn't exist: 'package:flutter_api_samples/material/app_bar/sliver_app_bar.1.dart' • flutter/examples/api/test/material/app_bar/sliver_app_bar.1_test.dart:6:8 • uri_does_not_exist
  error • Target of URI doesn't exist: 'package:flutter_api_samples/material/app_bar/sliver_app_bar.2.dart' • flutter/examples/api/test/material/app_bar/sliver_app_bar.2_test.dart:6:8 • uri_does_not_exist
  error • Target of URI doesn't exist: 'package:flutter_api_samples/material/app_bar/sliver_app_bar.3.dart' • flutter/examples/api/test/material/app_bar/sliver_app_bar.3_test.dart:6:8 • uri_does_not_exist
  error • Target of URI doesn't exist: 'package:flutter_api_samples/material/app_bar/sliver_app_bar.4.dart' • flutter/examples/api/test/material/app_bar/sliver_app_bar.4_test.dart:6:8 • uri_does_not_exist
  error • Target of URI doesn't exist: 'package:flutter_api_samples/material/autocomplete/autocomplete.0.dart' • flutter/examples/api/test/material/autocomplete/autocomplete.0_test.dart:6:8 • uri_does_not_exist
  error • Target of URI doesn't exist: 'package:flutter_api_samples/material/autocomplete/autocomplete.1.dart' • flutter/examples/api/test/material/autocomplete/autocomplete.1_test.dart:6:8 • uri_does_not_exist
  error • Target of URI doesn't exist: 'package:flutter_api_samples/material/autocomplete/autocomplete.2.dart' • flutter/examples/api/test/material/autocomplete/autocomplete.2_test.dart:6:8 • uri_does_not_exist
  error • Target of URI doesn't exist: 'package:flutter_api_samples/material/autocomplete/autocomplete.3.dart' • flutter/examples/api/test/material/autocomplete/autocomplete.3_test.dart:6:8 • uri_does_not_exist
  error • Target of URI doesn't exist: 'package:flutter_api_samples/material/autocomplete/autocomplete.4.dart' • flutter/examples/api/test/material/autocomplete/autocomplete.4_test.dart:6:8 • uri_does_not_exist
  error • Target of URI doesn't exist: 'package:flutter_api_samples/material/badge/badge.0.dart' • flutter/examples/api/test/material/badge/badge.0_test.dart:6:8 • uri_does_not_exist
  error • Target of URI doesn't exist: 'package:flutter_api_samples/material/banner/material_banner.0.dart' • flutter/examples/api/test/material/banner/material_banner.0_test.dart:6:8 • uri_does_not_exist
  error • Target of URI doesn't exist: 'package:flutter_api_samples/material/banner/material_banner.1.dart' • flutter/examples/api/test/material/banner/material_banner.1_test.dart:6:8 • uri_does_not_exist
  error • Target of URI doesn't exist: 'package:flutter_api_samples/material/bottom_app_bar/bottom_app_bar.1.dart' • flutter/examples/api/test/material/bottom_app_bar/bottom_app_bar.1_test.dart:6:8 • uri_does_not_exist
  error • Target of URI doesn't exist: 'package:flutter_api_samples/material/bottom_app_bar/bottom_app_bar.2.dart' • flutter/examples/api/test/material/bottom_app_bar/bottom_app_bar.2_test.dart:6:8 • uri_does_not_exist
  error • Target of URI doesn't exist: 'package:flutter_api_samples/material/bottom_navigation_bar/bottom_navigation_bar.0.dart' • flutter/examples/api/test/material/bottom_navigation_bar/bottom_navigation_bar.0_test.dart:6:8 • uri_does_not_exist
  error • Target of URI doesn't exist: 'package:flutter_api_samples/material/bottom_navigation_bar/bottom_navigation_bar.1.dart' • flutter/examples/api/test/material/bottom_navigation_bar/bottom_navigation_bar.1_test.dart:6:8 • uri_does_not_exist
  error • Target of URI doesn't exist: 'package:flutter_api_samples/material/bottom_navigation_bar/bottom_navigation_bar.2.dart' • flutter/examples/api/test/material/bottom_navigation_bar/bottom_navigation_bar.2_test.dart:6:8 • uri_does_not_exist
  error • Target of URI doesn't exist: 'package:flutter_api_samples/material/bottom_sheet/show_bottom_sheet.0.dart' • flutter/examples/api/test/material/bottom_sheet/show_bottom_sheet.0_test.dart:6:8 • uri_does_not_exist
  error • Target of URI doesn't exist: 'package:flutter_api_samples/material/bottom_sheet/show_modal_bottom_sheet.0.dart' • flutter/examples/api/test/material/bottom_sheet/show_modal_bottom_sheet.0_test.dart:6:8 • uri_does_not_exist
  error • Target of URI doesn't exist: 'package:flutter_api_samples/material/bottom_sheet/show_modal_bottom_sheet.1.dart' • flutter/examples/api/test/material/bottom_sheet/show_modal_bottom_sheet.1_test.dart:6:8 • uri_does_not_exist
  error • Target of URI doesn't exist: 'package:flutter_api_samples/material/bottom_sheet/show_modal_bottom_sheet.2.dart' • flutter/examples/api/test/material/bottom_sheet/show_modal_bottom_sheet.2_test.dart:6:8 • uri_does_not_exist
  error • Target of URI doesn't exist: 'package:flutter_api_samples/material/button_style/button_style.0.dart' • flutter/examples/api/test/material/button_style/button_style.0_test.dart:6:8 • uri_does_not_exist
  error • Target of URI doesn't exist: 'package:flutter_api_samples/material/button_style_button/button_style_button.icon_alignment.0.dart' • flutter/examples/api/test/material/button_style_button/button_style_button.icon_alignment.0_test.dart:6:8 • uri_does_not_exist
  error • Target of URI doesn't exist: 'package:flutter_api_samples/material/card/card.0.dart' • flutter/examples/api/test/material/card/card.0_test.dart:6:8 • uri_does_not_exist
  error • Target of URI doesn't exist: 'package:flutter_api_samples/material/card/card.1.dart' • flutter/examples/api/test/material/card/card.1_test.dart:6:8 • uri_does_not_exist
  error • Target of URI doesn't exist: 'package:flutter_api_samples/material/card/card.2.dart' • flutter/examples/api/test/material/card/card.2_test.dart:6:8 • uri_does_not_exist
  error • Target of URI doesn't exist: 'package:flutter_api_samples/material/carousel/carousel.0.dart' • flutter/examples/api/test/material/carousel/carousel.0_test.dart:8:8 • uri_does_not_exist
  error • Target of URI doesn't exist: 'package:flutter_api_samples/material/checkbox/checkbox.0.dart' • flutter/examples/api/test/material/checkbox/checkbox.0_test.dart:6:8 • uri_does_not_exist
  error • Target of URI doesn't exist: 'package:flutter_api_samples/material/checkbox/checkbox.1.dart' • flutter/examples/api/test/material/checkbox/checkbox.1_test.dart:6:8 • uri_does_not_exist
  error • Target of URI doesn't exist: 'package:flutter_api_samples/material/checkbox_list_tile/checkbox_list_tile.0.dart' • flutter/examples/api/test/material/checkbox_list_tile/checkbox_list_tile.0_test.dart:7:8 • uri_does_not_exist
  error • Target of URI doesn't exist: 'package:flutter_api_samples/material/checkbox_list_tile/checkbox_list_tile.1.dart' • flutter/examples/api/test/material/checkbox_list_tile/checkbox_list_tile.1_test.dart:6:8 • uri_does_not_exist
  error • Target of URI doesn't exist: 'package:flutter_api_samples/material/checkbox_list_tile/custom_labeled_checkbox.0.dart' • flutter/examples/api/test/material/checkbox_list_tile/custom_labeled_checkbox.0_test.dart:6:8 • uri_does_not_exist
  error • Target of URI doesn't exist: 'package:flutter_api_samples/material/checkbox_list_tile/custom_labeled_checkbox.1.dart' • flutter/examples/api/test/material/checkbox_list_tile/custom_labeled_checkbox.1_test.dart:6:8 • uri_does_not_exist
  error • Target of URI doesn't exist: 'package:flutter_api_samples/material/chip/chip_attributes.avatar_box_constraints.0.dart' • flutter/examples/api/test/material/chip/chip_attributes.avatar_box_constraints.0_test.dart:6:8 • uri_does_not_exist
  error • Target of URI doesn't exist: 'package:flutter_api_samples/material/chip/chip_attributes.chip_animation_style.0.dart' • flutter/examples/api/test/material/chip/chip_attributes.chip_animation_style.0_test.dart:6:8 • uri_does_not_exist
  error • Target of URI doesn't exist: 'package:flutter_api_samples/material/chip/deletable_chip_attributes.delete_icon_box_constraints.0.dart' • flutter/examples/api/test/material/chip/deletable_chip_attributes.delete_icon_box_constraints.0_test.dart:6:8 • uri_does_not_exist
  error • Target of URI doesn't exist: 'package:flutter_api_samples/material/chip/deletable_chip_attributes.on_deleted.0.dart' • flutter/examples/api/test/material/chip/deletable_chip_attributes.on_deleted.0_test.dart:6:8 • uri_does_not_exist
  error • Target of URI doesn't exist: 'package:flutter_api_samples/material/choice_chip/choice_chip.0.dart' • flutter/examples/api/test/material/choice_chip/choice_chip.0_test.dart:6:8 • uri_does_not_exist
  error • Target of URI doesn't exist: 'package:flutter_api_samples/material/color_scheme/color_scheme.0.dart' • flutter/examples/api/test/material/color_scheme/color_scheme.0_test.dart:6:8 • uri_does_not_exist
  error • Target of URI doesn't exist: 'package:flutter_api_samples/material/color_scheme/dynamic_content_color.0.dart' • flutter/examples/api/test/material/color_scheme/dynamic_content_color.0_test.dart:9:8 • uri_does_not_exist
  error • This requires the 'records' language feature to be enabled • flutter/examples/api/test/material/color_scheme/dynamic_content_color.0_test.dart:13:14 • experiment_not_enabled
  error • This requires the 'records' language feature to be enabled • flutter/examples/api/test/material/color_scheme/dynamic_content_color.0_test.dart:14:8 • experiment_not_enabled
   info • Unnecessary use of parentheses • flutter/examples/api/test/material/color_scheme/dynamic_content_color.0_test.dart:20:30 • unnecessary_parenthesis
  error • This requires the 'records' language feature to be enabled • flutter/examples/api/test/material/color_scheme/dynamic_content_color.0_test.dart:20:30 • experiment_not_enabled
  error • Target of URI doesn't exist: 'package:flutter_api_samples/material/context_menu/context_menu_controller.0.dart' • flutter/examples/api/test/material/context_menu/context_menu_controller.0_test.dart:9:8 • uri_does_not_exist
  error • Target of URI doesn't exist: 'package:flutter_api_samples/material/context_menu/editable_text_toolbar_builder.0.dart' • flutter/examples/api/test/material/context_menu/editable_text_toolbar_builder.0_test.dart:9:8 • uri_does_not_exist
  error • Target of URI doesn't exist: 'package:flutter_api_samples/material/context_menu/editable_text_toolbar_builder.1.dart' • flutter/examples/api/test/material/context_menu/editable_text_toolbar_builder.1_test.dart:9:8 • uri_does_not_exist
  error • Target of URI doesn't exist: 'package:flutter_api_samples/material/context_menu/editable_text_toolbar_builder.2.dart' • flutter/examples/api/test/material/context_menu/editable_text_toolbar_builder.2_test.dart:9:8 • uri_does_not_exist
  error • The 'case' shouldn't complete normally • flutter/examples/api/test/material/context_menu/editable_text_toolbar_builder.2_test.dart:34:7 • switch_case_completes_normally
  error • The 'case' shouldn't complete normally • flutter/examples/api/test/material/context_menu/editable_text_toolbar_builder.2_test.dart:36:7 • switch_case_completes_normally
  error • The 'case' shouldn't complete normally • flutter/examples/api/test/material/context_menu/editable_text_toolbar_builder.2_test.dart:37:7 • switch_case_completes_normally
  error • Target of URI doesn't exist: 'package:flutter_api_samples/material/context_menu/selectable_region_toolbar_builder.0.dart' • flutter/examples/api/test/material/context_menu/selectable_region_toolbar_builder.0_test.dart:9:8 • uri_does_not_exist
  error • Target of URI doesn't exist: 'package:flutter_api_samples/material/data_table/data_table.0.dart' • flutter/examples/api/test/material/data_table/data_table.0_test.dart:6:8 • uri_does_not_exist
  error • Target of URI doesn't exist: 'package:flutter_api_samples/material/data_table/data_table.1.dart' • flutter/examples/api/test/material/data_table/data_table.1_test.dart:6:8 • uri_does_not_exist
  error • Target of URI doesn't exist: 'package:flutter_api_samples/material/date_picker/custom_calendar_date_picker.0.dart' • flutter/examples/api/test/material/date_picker/custom_calendar_date_picker.0_test.dart:6:8 • uri_does_not_exist
  error • Target of URI doesn't exist: 'package:flutter_api_samples/material/date_picker/date_picker_theme_day_shape.0.dart' • flutter/examples/api/test/material/date_picker/date_picker_theme_day_shape.0_test.dart:6:8 • uri_does_not_exist
  error • Target of URI doesn't exist: 'package:flutter_api_samples/material/date_picker/show_date_picker.0.dart' • flutter/examples/api/test/material/date_picker/show_date_picker.0_test.dart:6:8 • uri_does_not_exist
  error • Target of URI doesn't exist: 'package:flutter_api_samples/material/date_picker/show_date_picker.1.dart' • flutter/examples/api/test/material/date_picker/show_date_picker.1_test.dart:6:8 • uri_does_not_exist
  error • Target of URI doesn't exist: 'package:flutter_api_samples/material/date_picker/show_date_range_picker.0.dart' • flutter/examples/api/test/material/date_picker/show_date_range_picker.0_test.dart:6:8 • uri_does_not_exist
  error • Target of URI doesn't exist: 'package:flutter_api_samples/material/dialog/adaptive_alert_dialog.0.dart' • flutter/examples/api/test/material/dialog/adaptive_alert_dialog.0_test.dart:6:8 • uri_does_not_exist
  error • Target of URI doesn't exist: 'package:flutter_api_samples/material/dialog/alert_dialog.0.dart' • flutter/examples/api/test/material/dialog/alert_dialog.0_test.dart:6:8 • uri_does_not_exist
  error • Target of URI doesn't exist: 'package:flutter_api_samples/material/dialog/alert_dialog.1.dart' • flutter/examples/api/test/material/dialog/alert_dialog.1_test.dart:6:8 • uri_does_not_exist
  error • Target of URI doesn't exist: 'package:flutter_api_samples/material/dialog/dialog.0.dart' • flutter/examples/api/test/material/dialog/dialog.0_test.dart:5:8 • uri_does_not_exist
  error • Target of URI doesn't exist: 'package:flutter_api_samples/material/dialog/show_dialog.0.dart' • flutter/examples/api/test/material/dialog/show_dialog.0_test.dart:6:8 • uri_does_not_exist
  error • Target of URI doesn't exist: 'package:flutter_api_samples/material/dialog/show_dialog.1.dart' • flutter/examples/api/test/material/dialog/show_dialog.1_test.dart:6:8 • uri_does_not_exist
  error • Target of URI doesn't exist: 'package:flutter_api_samples/material/dialog/show_dialog.2.dart' • flutter/examples/api/test/material/dialog/show_dialog.2_test.dart:6:8 • uri_does_not_exist
  error • Target of URI doesn't exist: 'package:flutter_api_samples/material/divider/divider.0.dart' • flutter/examples/api/test/material/divider/divider.0_test.dart:6:8 • uri_does_not_exist
  error • Target of URI doesn't exist: 'package:flutter_api_samples/material/divider/divider.1.dart' • flutter/examples/api/test/material/divider/divider.1_test.dart:6:8 • uri_does_not_exist
  error • Target of URI doesn't exist: 'package:flutter_api_samples/material/divider/vertical_divider.0.dart' • flutter/examples/api/test/material/divider/vertical_divider.0_test.dart:6:8 • uri_does_not_exist
  error • Target of URI doesn't exist: 'package:flutter_api_samples/material/divider/vertical_divider.1.dart' • flutter/examples/api/test/material/divider/vertical_divider.1_test.dart:6:8 • uri_does_not_exist
  error • Target of URI doesn't exist: 'package:flutter_api_samples/material/drawer/drawer.0.dart' • flutter/examples/api/test/material/drawer/drawer.0_test.dart:6:8 • uri_does_not_exist
  error • Target of URI doesn't exist: 'package:flutter_api_samples/material/dropdown/dropdown_button.0.dart' • flutter/examples/api/test/material/dropdown/dropdown_button.0_test.dart:5:8 • uri_does_not_exist
  error • Target of URI doesn't exist: 'package:flutter_api_samples/material/dropdown/dropdown_button.selected_item_builder.0.dart' • flutter/examples/api/test/material/dropdown/dropdown_button.selected_item_builder.0_test.dart:5:8 • uri_does_not_exist
  error • Target of URI doesn't exist: 'package:flutter_api_samples/material/dropdown/dropdown_button.style.0.dart' • flutter/examples/api/test/material/dropdown/dropdown_button.style.0_test.dart:5:8 • uri_does_not_exist
  error • Target of URI doesn't exist: 'package:flutter_api_samples/material/dropdown_menu/dropdown_menu.0.dart' • flutter/examples/api/test/material/dropdown_menu/dropdown_menu.0_test.dart:6:8 • uri_does_not_exist
  error • Target of URI doesn't exist: 'package:flutter_api_samples/material/dropdown_menu/dropdown_menu.1.dart' • flutter/examples/api/test/material/dropdown_menu/dropdown_menu.1_test.dart:6:8 • uri_does_not_exist
  error • Target of URI doesn't exist: 'package:flutter_api_samples/material/dropdown_menu/dropdown_menu.2.dart' • flutter/examples/api/test/material/dropdown_menu/dropdown_menu.2_test.dart:9:8 • uri_does_not_exist
  error • Target of URI doesn't exist: 'package:flutter_api_samples/material/dropdown_menu/dropdown_menu_entry_label_widget.0.dart' • flutter/examples/api/test/material/dropdown_menu/dropdown_menu_entry_label_widget.0_test.dart:6:8 • uri_does_not_exist
  error • Target of URI doesn't exist: 'package:flutter_api_samples/material/elevated_button/elevated_button.0.dart' • flutter/examples/api/test/material/elevated_button/elevated_button.0_test.dart:6:8 • uri_does_not_exist
  error • Target of URI doesn't exist: 'package:flutter_api_samples/material/expansion_panel/expansion_panel_list.0.dart' • flutter/examples/api/test/material/expansion_panel/expansion_panel_list.0_test.dart:6:8 • uri_does_not_exist
  error • Target of URI doesn't exist: 'package:flutter_api_samples/material/expansion_panel/expansion_panel_list.expansion_panel_list_radio.0.dart' • flutter/examples/api/test/material/expansion_panel/expansion_panel_list.expansion_panel_list_radio.0_test.dart:6:8 • uri_does_not_exist
  error • Target of URI doesn't exist: 'package:flutter_api_samples/material/expansion_tile/expansion_tile.0.dart' • flutter/examples/api/test/material/expansion_tile/expansion_tile.0_test.dart:6:8 • uri_does_not_exist
  error • Target of URI doesn't exist: 'package:flutter_api_samples/material/expansion_tile/expansion_tile.1.dart' • flutter/examples/api/test/material/expansion_tile/expansion_tile.1_test.dart:5:8 • uri_does_not_exist
  error • Target of URI doesn't exist: 'package:flutter_api_samples/material/expansion_tile/expansion_tile.2.dart' • flutter/examples/api/test/material/expansion_tile/expansion_tile.2_test.dart:6:8 • uri_does_not_exist
  error • Target of URI doesn't exist: 'package:flutter_api_samples/material/filled_button/filled_button.0.dart' • flutter/examples/api/test/material/filled_button/filled_button.0_test.dart:6:8 • uri_does_not_exist
  error • Target of URI doesn't exist: 'package:flutter_api_samples/material/filter_chip/filter_chip.0.dart' • flutter/examples/api/test/material/filter_chip/filter_chip.0_test.dart:6:8 • uri_does_not_exist
  error • Target of URI doesn't exist: 'package:flutter_api_samples/material/flexible_space_bar/flexible_space_bar.0.dart' • flutter/examples/api/test/material/flexible_space_bar/flexible_space_bar.0_test.dart:8:8 • uri_does_not_exist
  error • Target of URI doesn't exist: 'package:flutter_api_samples/material/floating_action_button/floating_action_button.0.dart' • flutter/examples/api/test/material/floating_action_button/floating_action_button.0_test.dart:6:8 • uri_does_not_exist
  error • Target of URI doesn't exist: 'package:flutter_api_samples/material/floating_action_button/floating_action_button.1.dart' • flutter/examples/api/test/material/floating_action_button/floating_action_button.1_test.dart:6:8 • uri_does_not_exist
  error • Target of URI doesn't exist: 'package:flutter_api_samples/material/floating_action_button/floating_action_button.2.dart' • flutter/examples/api/test/material/floating_action_button/floating_action_button.2_test.dart:6:8 • uri_does_not_exist
  error • Target of URI doesn't exist: 'package:flutter_api_samples/material/floating_action_button_location/standard_fab_location.0.dart' • flutter/examples/api/test/material/floating_action_button_location/standard_fab_location.0_test.dart:6:8 • uri_does_not_exist
  error • Target of URI doesn't exist: 'package:flutter_api_samples/material/icon_button/icon_button.0.dart' • flutter/examples/api/test/material/icon_button/icon_button.0_test.dart:6:8 • uri_does_not_exist
  error • Target of URI doesn't exist: 'package:flutter_api_samples/material/icon_button/icon_button.1.dart' • flutter/examples/api/test/material/icon_button/icon_button.1_test.dart:6:8 • uri_does_not_exist
  error • Target of URI doesn't exist: 'package:flutter_api_samples/material/icon_button/icon_button.2.dart' • flutter/examples/api/test/material/icon_button/icon_button.2_test.dart:6:8 • uri_does_not_exist
  error • Target of URI doesn't exist: 'package:flutter_api_samples/material/icon_button/icon_button.3.dart' • flutter/examples/api/test/material/icon_button/icon_button.3_test.dart:6:8 • uri_does_not_exist
  error • Target of URI doesn't exist: 'package:flutter_api_samples/material/ink/ink.image_clip.0.dart' • flutter/examples/api/test/material/ink/ink.image_clip.0_test.dart:8:8 • uri_does_not_exist
  error • Target of URI doesn't exist: 'package:flutter_api_samples/material/ink/ink.image_clip.1.dart' • flutter/examples/api/test/material/ink/ink.image_clip.1_test.dart:8:8 • uri_does_not_exist
  error • Target of URI doesn't exist: 'package:flutter_api_samples/material/ink_well/ink_well.0.dart' • flutter/examples/api/test/material/ink_well/ink_well.0_test.dart:6:8 • uri_does_not_exist
  error • Target of URI doesn't exist: 'package:flutter_api_samples/material/input_chip/input_chip.0.dart' • flutter/examples/api/test/material/input_chip/input_chip.0_test.dart:6:8 • uri_does_not_exist
  error • Target of URI doesn't exist: 'package:flutter_api_samples/material/input_chip/input_chip.1.dart' • flutter/examples/api/test/material/input_chip/input_chip.1_test.dart:6:8 • uri_does_not_exist
  error • The name 'ChipsInput' is being referenced through the prefix 'example', but it isn't defined in any of the libraries imported using that prefix • flutter/examples/api/test/material/input_chip/input_chip.1_test.dart:19:32 • undefined_prefixed_name
  error • The name 'ChipsInput' is being referenced through the prefix 'example', but it isn't defined in any of the libraries imported using that prefix • flutter/examples/api/test/material/input_chip/input_chip.1_test.dart:22:78 • undefined_prefixed_name
  error • The name 'ChipsInput' is being referenced through the prefix 'example', but it isn't defined in any of the libraries imported using that prefix • flutter/examples/api/test/material/input_chip/input_chip.1_test.dart:25:42 • undefined_prefixed_name
  error • The name 'ChipsInput' is being referenced through the prefix 'example', but it isn't defined in any of the libraries imported using that prefix • flutter/examples/api/test/material/input_chip/input_chip.1_test.dart:33:46 • undefined_prefixed_name
  error • Target of URI doesn't exist: 'package:flutter_api_samples/material/input_decorator/input_decoration.0.dart' • flutter/examples/api/test/material/input_decorator/input_decoration.0_test.dart:6:8 • uri_does_not_exist
  error • Target of URI doesn't exist: 'package:flutter_api_samples/material/input_decorator/input_decoration.1.dart' • flutter/examples/api/test/material/input_decorator/input_decoration.1_test.dart:6:8 • uri_does_not_exist
  error • Target of URI doesn't exist: 'package:flutter_api_samples/material/input_decorator/input_decoration.2.dart' • flutter/examples/api/test/material/input_decorator/input_decoration.2_test.dart:6:8 • uri_does_not_exist
  error • Target of URI doesn't exist: 'package:flutter_api_samples/material/input_decorator/input_decoration.3.dart' • flutter/examples/api/test/material/input_decorator/input_decoration.3_test.dart:6:8 • uri_does_not_exist
  error • Target of URI doesn't exist: 'package:flutter_api_samples/material/input_decorator/input_decoration.floating_label_style_error.0.dart' • flutter/examples/api/test/material/input_decorator/input_decoration.floating_label_style_error.0_test.dart:6:8 • uri_does_not_exist
  error • Target of URI doesn't exist: 'package:flutter_api_samples/material/input_decorator/input_decoration.helper.0.dart' • flutter/examples/api/test/material/input_decorator/input_decoration.helper.0_test.dart:6:8 • uri_does_not_exist
  error • Target of URI doesn't exist: 'package:flutter_api_samples/material/input_decorator/input_decoration.label.0.dart' • flutter/examples/api/test/material/input_decorator/input_decoration.label.0_test.dart:6:8 • uri_does_not_exist
  error • Target of URI doesn't exist: 'package:flutter_api_samples/material/input_decorator/input_decoration.label_style_error.0.dart' • flutter/examples/api/test/material/input_decorator/input_decoration.label_style_error.0_test.dart:6:8 • uri_does_not_exist
  error • Target of URI doesn't exist: 'package:flutter_api_samples/material/input_decorator/input_decoration.prefix_icon.0.dart' • flutter/examples/api/test/material/input_decorator/input_decoration.prefix_icon.0_test.dart:6:8 • uri_does_not_exist
  error • Target of URI doesn't exist: 'package:flutter_api_samples/material/input_decorator/input_decoration.prefix_icon_constraints.0.dart' • flutter/examples/api/test/material/input_decorator/input_decoration.prefix_icon_constraints.0_test.dart:6:8 • uri_does_not_exist
  error • Target of URI doesn't exist: 'package:flutter_api_samples/material/input_decorator/input_decoration.suffix_icon.0.dart' • flutter/examples/api/test/material/input_decorator/input_decoration.suffix_icon.0_test.dart:6:8 • uri_does_not_exist
  error • Target of URI doesn't exist: 'package:flutter_api_samples/material/input_decorator/input_decoration.suffix_icon_constraints.0.dart' • flutter/examples/api/test/material/input_decorator/input_decoration.suffix_icon_constraints.0_test.dart:6:8 • uri_does_not_exist
  error • Target of URI doesn't exist: 'package:flutter_api_samples/material/input_decorator/input_decoration.widget_state.0.dart' • flutter/examples/api/test/material/input_decorator/input_decoration.widget_state.0_test.dart:6:8 • uri_does_not_exist
  error • Target of URI doesn't exist: 'package:flutter_api_samples/material/input_decorator/input_decoration.widget_state.1.dart' • flutter/examples/api/test/material/input_decorator/input_decoration.widget_state.1_test.dart:6:8 • uri_does_not_exist
  error • Target of URI doesn't exist: 'package:flutter_api_samples/material/list_tile/custom_list_item.0.dart' • flutter/examples/api/test/material/list_tile/custom_list_item.0_test.dart:6:8 • uri_does_not_exist
  error • Target of URI doesn't exist: 'package:flutter_api_samples/material/list_tile/custom_list_item.1.dart' • flutter/examples/api/test/material/list_tile/custom_list_item.1_test.dart:6:8 • uri_does_not_exist
  error • Target of URI doesn't exist: 'package:flutter_api_samples/material/list_tile/list_tile.0.dart' • flutter/examples/api/test/material/list_tile/list_tile.0_test.dart:6:8 • uri_does_not_exist
  error • Target of URI doesn't exist: 'package:flutter_api_samples/material/list_tile/list_tile.1.dart' • flutter/examples/api/test/material/list_tile/list_tile.1_test.dart:6:8 • uri_does_not_exist
  error • Target of URI doesn't exist: 'package:flutter_api_samples/material/list_tile/list_tile.2.dart' • flutter/examples/api/test/material/list_tile/list_tile.2_test.dart:6:8 • uri_does_not_exist
  error • Target of URI doesn't exist: 'package:flutter_api_samples/material/list_tile/list_tile.3.dart' • flutter/examples/api/test/material/list_tile/list_tile.3_test.dart:7:8 • uri_does_not_exist
  error • Target of URI doesn't exist: 'package:flutter_api_samples/material/list_tile/list_tile.4.dart' • flutter/examples/api/test/material/list_tile/list_tile.4_test.dart:6:8 • uri_does_not_exist
  error • Target of URI doesn't exist: 'package:flutter_api_samples/material/list_tile/list_tile.selected.0.dart' • flutter/examples/api/test/material/list_tile/list_tile.selected.0_test.dart:6:8 • uri_does_not_exist
  error • Target of URI doesn't exist: 'package:flutter_api_samples/material/material_state/material_state_border_side.0.dart' • flutter/examples/api/test/material/material_state/material_state_border_side.0_test.dart:6:8 • uri_does_not_exist
  error • Target of URI doesn't exist: 'package:flutter_api_samples/material/material_state/material_state_mouse_cursor.0.dart' • flutter/examples/api/test/material/material_state/material_state_mouse_cursor.0_test.dart:9:8 • uri_does_not_exist
  error • Invalid constant value • flutter/examples/api/test/material/material_state/material_state_mouse_cursor.0_test.dart:24:30 • invalid_constant
  error • Invalid constant value • flutter/examples/api/test/material/material_state/material_state_mouse_cursor.0_test.dart:41:30 • invalid_constant
  error • Target of URI doesn't exist: 'package:flutter_api_samples/material/material_state/material_state_property.0.dart' • flutter/examples/api/test/material/material_state/material_state_property.0_test.dart:7:8 • uri_does_not_exist
  error • Target of URI doesn't exist: 'package:flutter_api_samples/material/menu_anchor/checkbox_menu_button.0.dart' • flutter/examples/api/test/material/menu_anchor/checkbox_menu_button.0_test.dart:6:8 • uri_does_not_exist
  error • Invalid constant value • flutter/examples/api/test/material/menu_anchor/checkbox_menu_button.0_test.dart:31:16 • invalid_constant
  error • Target of URI doesn't exist: 'package:flutter_api_samples/material/menu_anchor/menu_accelerator_label.0.dart' • flutter/examples/api/test/material/menu_anchor/menu_accelerator_label.0_test.dart:7:8 • uri_does_not_exist
  error • Invalid constant value • flutter/examples/api/test/material/menu_anchor/menu_accelerator_label.0_test.dart:58:16 • invalid_constant
  error • Target of URI doesn't exist: 'package:flutter_api_samples/material/menu_anchor/menu_anchor.0.dart' • flutter/examples/api/test/material/menu_anchor/menu_anchor.0_test.dart:7:8 • uri_does_not_exist
  error • Invalid constant value • flutter/examples/api/test/material/menu_anchor/menu_anchor.0_test.dart:112:16 • invalid_constant
  error • Target of URI doesn't exist: 'package:flutter_api_samples/material/menu_anchor/menu_anchor.1.dart' • flutter/examples/api/test/material/menu_anchor/menu_anchor.1_test.dart:8:8 • uri_does_not_exist
  error • Target of URI doesn't exist: 'package:flutter_api_samples/material/menu_anchor/menu_anchor.2.dart' • flutter/examples/api/test/material/menu_anchor/menu_anchor.2_test.dart:6:8 • uri_does_not_exist
  error • Target of URI doesn't exist: 'package:flutter_api_samples/material/menu_anchor/menu_anchor.3.dart' • flutter/examples/api/test/material/menu_anchor/menu_anchor.3_test.dart:6:8 • uri_does_not_exist
  error • Target of URI doesn't exist: 'package:flutter_api_samples/material/menu_anchor/menu_bar.0.dart' • flutter/examples/api/test/material/menu_anchor/menu_bar.0_test.dart:7:8 • uri_does_not_exist
  error • Invalid constant value • flutter/examples/api/test/material/menu_anchor/menu_bar.0_test.dart:97:16 • invalid_constant
  error • Target of URI doesn't exist: 'package:flutter_api_samples/material/menu_anchor/radio_menu_button.0.dart' • flutter/examples/api/test/material/menu_anchor/radio_menu_button.0_test.dart:7:8 • uri_does_not_exist
  error • Invalid constant value • flutter/examples/api/test/material/menu_anchor/radio_menu_button.0_test.dart:109:16 • invalid_constant
  error • Target of URI doesn't exist: 'package:flutter_api_samples/material/navigation_bar/navigation_bar.0.dart' • flutter/examples/api/test/material/navigation_bar/navigation_bar.0_test.dart:6:8 • uri_does_not_exist
  error • Target of URI doesn't exist: 'package:flutter_api_samples/material/navigation_bar/navigation_bar.1.dart' • flutter/examples/api/test/material/navigation_bar/navigation_bar.1_test.dart:6:8 • uri_does_not_exist
  error • Target of URI doesn't exist: 'package:flutter_api_samples/material/navigation_bar/navigation_bar.2.dart' • flutter/examples/api/test/material/navigation_bar/navigation_bar.2_test.dart:6:8 • uri_does_not_exist
  error • Invalid constant value • flutter/examples/api/test/material/navigation_bar/navigation_bar.2_test.dart:11:53 • invalid_constant
  error • Invalid constant value • flutter/examples/api/test/material/navigation_bar/navigation_bar.2_test.dart:48:53 • invalid_constant
  error • Invalid constant value • flutter/examples/api/test/material/navigation_bar/navigation_bar.2_test.dart:80:53 • invalid_constant
  error • Target of URI doesn't exist: 'package:flutter_api_samples/material/navigation_drawer/navigation_drawer.0.dart' • flutter/examples/api/test/material/navigation_drawer/navigation_drawer.0_test.dart:6:8 • uri_does_not_exist
  error • Target of URI doesn't exist: 'package:flutter_api_samples/material/navigation_rail/navigation_rail.0.dart' • flutter/examples/api/test/material/navigation_rail/navigation_rail.0_test.dart:6:8 • uri_does_not_exist
  error • Target of URI doesn't exist: 'package:flutter_api_samples/material/navigation_rail/navigation_rail.extended_animation.0.dart' • flutter/examples/api/test/material/navigation_rail/navigation_rail.extended_animation.0_test.dart:6:8 • uri_does_not_exist
  error • Target of URI doesn't exist: 'package:flutter_api_samples/material/outlined_button/outlined_button.0.dart' • flutter/examples/api/test/material/outlined_button/outlined_button.0_test.dart:6:8 • uri_does_not_exist
  error • Target of URI doesn't exist: 'package:flutter_api_samples/material/page_transitions_theme/page_transitions_theme.0.dart' • flutter/examples/api/test/material/page_transitions_theme/page_transitions_theme.0_test.dart:6:8 • uri_does_not_exist
  error • The 'case' shouldn't complete normally • flutter/examples/api/test/material/page_transitions_theme/page_transitions_theme.0_test.dart:23:9 • switch_case_completes_normally
  error • The 'case' shouldn't complete normally • flutter/examples/api/test/material/page_transitions_theme/page_transitions_theme.0_test.dart:25:9 • switch_case_completes_normally
  error • The 'case' shouldn't complete normally • flutter/examples/api/test/material/page_transitions_theme/page_transitions_theme.0_test.dart:27:9 • switch_case_completes_normally
  error • Target of URI doesn't exist: 'package:flutter_api_samples/material/page_transitions_theme/page_transitions_theme.1.dart' • flutter/examples/api/test/material/page_transitions_theme/page_transitions_theme.1_test.dart:6:8 • uri_does_not_exist
  error • The 'case' shouldn't complete normally • flutter/examples/api/test/material/page_transitions_theme/page_transitions_theme.1_test.dart:23:9 • switch_case_completes_normally
  error • Target of URI doesn't exist: 'package:flutter_api_samples/material/page_transitions_theme/page_transitions_theme.3.dart' • flutter/examples/api/test/material/page_transitions_theme/page_transitions_theme.3_test.dart:6:8 • uri_does_not_exist
  error • Target of URI doesn't exist: 'package:flutter_api_samples/material/paginated_data_table/paginated_data_table.0.dart' • flutter/examples/api/test/material/paginated_data_table/paginated_data_table.0_test.dart:5:8 • uri_does_not_exist
  error • Target of URI doesn't exist: 'package:flutter_api_samples/material/paginated_data_table/paginated_data_table.1.dart' • flutter/examples/api/test/material/paginated_data_table/paginated_data_table.1_test.dart:6:8 • uri_does_not_exist
  error • Target of URI doesn't exist: 'package:flutter_api_samples/material/platform_menu_bar/platform_menu_bar.0.dart' • flutter/examples/api/test/material/platform_menu_bar/platform_menu_bar.0_test.dart:7:8 • uri_does_not_exist
  error • Target of URI doesn't exist: 'package:flutter_api_samples/material/popup_menu/popup_menu.0.dart' • flutter/examples/api/test/material/popup_menu/popup_menu.0_test.dart:6:8 • uri_does_not_exist
  error • Target of URI doesn't exist: 'package:flutter_api_samples/material/popup_menu/popup_menu.1.dart' • flutter/examples/api/test/material/popup_menu/popup_menu.1_test.dart:6:8 • uri_does_not_exist
  error • Target of URI doesn't exist: 'package:flutter_api_samples/material/popup_menu/popup_menu.2.dart' • flutter/examples/api/test/material/popup_menu/popup_menu.2_test.dart:6:8 • uri_does_not_exist
  error • Target of URI doesn't exist: 'package:flutter_api_samples/material/progress_indicator/circular_progress_indicator.0.dart' • flutter/examples/api/test/material/progress_indicator/circular_progress_indicator.0_test.dart:6:8 • uri_does_not_exist
  error • Target of URI doesn't exist: 'package:flutter_api_samples/material/progress_indicator/circular_progress_indicator.1.dart' • flutter/examples/api/test/material/progress_indicator/circular_progress_indicator.1_test.dart:6:8 • uri_does_not_exist
  error • Target of URI doesn't exist: 'package:flutter_api_samples/material/progress_indicator/circular_progress_indicator.2.dart' • flutter/examples/api/test/material/progress_indicator/circular_progress_indicator.2_test.dart:6:8 • uri_does_not_exist
  error • Target of URI doesn't exist: 'package:flutter_api_samples/material/progress_indicator/linear_progress_indicator.0.dart' • flutter/examples/api/test/material/progress_indicator/linear_progress_indicator.0_test.dart:6:8 • uri_does_not_exist
  error • Target of URI doesn't exist: 'package:flutter_api_samples/material/progress_indicator/linear_progress_indicator.1.dart' • flutter/examples/api/test/material/progress_indicator/linear_progress_indicator.1_test.dart:6:8 • uri_does_not_exist
  error • Target of URI doesn't exist: 'package:flutter_api_samples/material/radio/radio.0.dart' • flutter/examples/api/test/material/radio/radio.0_test.dart:6:8 • uri_does_not_exist
  error • Target of URI doesn't exist: 'package:flutter_api_samples/material/radio/radio.1.dart' • flutter/examples/api/test/material/radio/radio.1_test.dart:6:8 • uri_does_not_exist
  error • Target of URI doesn't exist: 'package:flutter_api_samples/material/radio/radio.toggleable.0.dart' • flutter/examples/api/test/material/radio/radio.toggleable.0_test.dart:6:8 • uri_does_not_exist
  error • Target of URI doesn't exist: 'package:flutter_api_samples/material/radio_list_tile/custom_labeled_radio.0.dart' • flutter/examples/api/test/material/radio_list_tile/custom_labeled_radio.0_test.dart:6:8 • uri_does_not_exist
  error • Target of URI doesn't exist: 'package:flutter_api_samples/material/radio_list_tile/custom_labeled_radio.1.dart' • flutter/examples/api/test/material/radio_list_tile/custom_labeled_radio.1_test.dart:6:8 • uri_does_not_exist
  error • Target of URI doesn't exist: 'package:flutter_api_samples/material/radio_list_tile/radio_list_tile.0.dart' • flutter/examples/api/test/material/radio_list_tile/radio_list_tile.0_test.dart:6:8 • uri_does_not_exist
  error • Target of URI doesn't exist: 'package:flutter_api_samples/material/radio_list_tile/radio_list_tile.1.dart' • flutter/examples/api/test/material/radio_list_tile/radio_list_tile.1_test.dart:6:8 • uri_does_not_exist
  error • Target of URI doesn't exist: 'package:flutter_api_samples/material/radio_list_tile/radio_list_tile.toggleable.0.dart' • flutter/examples/api/test/material/radio_list_tile/radio_list_tile.toggleable.0_test.dart:6:8 • uri_does_not_exist
  error • Target of URI doesn't exist: 'package:flutter_api_samples/material/range_slider/range_slider.0.dart' • flutter/examples/api/test/material/range_slider/range_slider.0_test.dart:7:8 • uri_does_not_exist
  error • Target of URI doesn't exist: 'package:flutter_api_samples/material/refresh_indicator/refresh_indicator.0.dart' • flutter/examples/api/test/material/refresh_indicator/refresh_indicator.0_test.dart:6:8 • uri_does_not_exist
  error • Target of URI doesn't exist: 'package:flutter_api_samples/material/refresh_indicator/refresh_indicator.1.dart' • flutter/examples/api/test/material/refresh_indicator/refresh_indicator.1_test.dart:6:8 • uri_does_not_exist
  error • Target of URI doesn't exist: 'package:flutter_api_samples/material/refresh_indicator/refresh_indicator.2.dart' • flutter/examples/api/test/material/refresh_indicator/refresh_indicator.2_test.dart:6:8 • uri_does_not_exist
  error • Target of URI doesn't exist: 'package:flutter_api_samples/material/reorderable_list/reorderable_list_view.0.dart' • flutter/examples/api/test/material/reorderable_list/reorderable_list_view.0_test.dart:7:8 • uri_does_not_exist
  error • Target of URI doesn't exist: 'package:flutter_api_samples/material/reorderable_list/reorderable_list_view.1.dart' • flutter/examples/api/test/material/reorderable_list/reorderable_list_view.1_test.dart:7:8 • uri_does_not_exist
  error • Target of URI doesn't exist: 'package:flutter_api_samples/material/reorderable_list/reorderable_list_view.2.dart' • flutter/examples/api/test/material/reorderable_list/reorderable_list_view.2_test.dart:7:8 • uri_does_not_exist
  error • Target of URI doesn't exist: 'package:flutter_api_samples/material/reorderable_list/reorderable_list_view.build_default_drag_handles.0.dart' • flutter/examples/api/test/material/reorderable_list/reorderable_list_view.build_default_drag_handles.0_test.dart:6:8 • uri_does_not_exist
  error • Target of URI doesn't exist: 'package:flutter_api_samples/material/reorderable_list/reorderable_list_view.reorderable_list_view_builder.0.dart' • flutter/examples/api/test/material/reorderable_list/reorderable_list_view.reorderable_list_view_builder.0_test.dart:6:8 • uri_does_not_exist
  error • Target of URI doesn't exist: 'package:flutter_api_samples/material/scaffold/scaffold.0.dart' • flutter/examples/api/test/material/scaffold/scaffold.0_test.dart:6:8 • uri_does_not_exist
  error • Target of URI doesn't exist: 'package:flutter_api_samples/material/scaffold/scaffold.1.dart' • flutter/examples/api/test/material/scaffold/scaffold.1_test.dart:6:8 • uri_does_not_exist
  error • Target of URI doesn't exist: 'package:flutter_api_samples/material/scaffold/scaffold.2.dart' • flutter/examples/api/test/material/scaffold/scaffold.2_test.dart:6:8 • uri_does_not_exist
  error • Target of URI doesn't exist: 'package:flutter_api_samples/material/scaffold/scaffold.drawer.0.dart' • flutter/examples/api/test/material/scaffold/scaffold.drawer.0_test.dart:6:8 • uri_does_not_exist
  error • Target of URI doesn't exist: 'package:flutter_api_samples/material/scaffold/scaffold.end_drawer.0.dart' • flutter/examples/api/test/material/scaffold/scaffold.end_drawer.0_test.dart:6:8 • uri_does_not_exist
  error • Target of URI doesn't exist: 'package:flutter_api_samples/material/scaffold/scaffold.floating_action_button_animator.0.dart' • flutter/examples/api/test/material/scaffold/scaffold.floating_action_button_animator.0_test.dart:6:8 • uri_does_not_exist
  error • Target of URI doesn't exist: 'package:flutter_api_samples/material/scaffold/scaffold.of.0.dart' • flutter/examples/api/test/material/scaffold/scaffold.of.0_test.dart:6:8 • uri_does_not_exist
  error • Target of URI doesn't exist: 'package:flutter_api_samples/material/scaffold/scaffold.of.1.dart' • flutter/examples/api/test/material/scaffold/scaffold.of.1_test.dart:6:8 • uri_does_not_exist
  error • Target of URI doesn't exist: 'package:flutter_api_samples/material/scaffold/scaffold_messenger.0.dart' • flutter/examples/api/test/material/scaffold/scaffold_messenger.0_test.dart:6:8 • uri_does_not_exist
  error • Target of URI doesn't exist: 'package:flutter_api_samples/material/scaffold/scaffold_messenger.of.0.dart' • flutter/examples/api/test/material/scaffold/scaffold_messenger.of.0_test.dart:6:8 • uri_does_not_exist
  error • Target of URI doesn't exist: 'package:flutter_api_samples/material/scaffold/scaffold_messenger.of.1.dart' • flutter/examples/api/test/material/scaffold/scaffold_messenger.of.1_test.dart:6:8 • uri_does_not_exist
  error • Target of URI doesn't exist: 'package:flutter_api_samples/material/scaffold/scaffold_messenger_state.show_material_banner.0.dart' • flutter/examples/api/test/material/scaffold/scaffold_messenger_state.show_material_banner.0_test.dart:6:8 • uri_does_not_exist
  error • Target of URI doesn't exist: 'package:flutter_api_samples/material/scaffold/scaffold_messenger_state.show_snack_bar.0.dart' • flutter/examples/api/test/material/scaffold/scaffold_messenger_state.show_snack_bar.0_test.dart:6:8 • uri_does_not_exist
  error • Target of URI doesn't exist: 'package:flutter_api_samples/material/scaffold/scaffold_messenger_state.show_snack_bar.1.dart' • flutter/examples/api/test/material/scaffold/scaffold_messenger_state.show_snack_bar.1_test.dart:6:8 • uri_does_not_exist
  error • Target of URI doesn't exist: 'package:flutter_api_samples/material/scaffold/scaffold_messenger_state.show_snack_bar.2.dart' • flutter/examples/api/test/material/scaffold/scaffold_messenger_state.show_snack_bar.2_test.dart:6:8 • uri_does_not_exist
  error • Target of URI doesn't exist: 'package:flutter_api_samples/material/scaffold/scaffold_state.show_bottom_sheet.0.dart' • flutter/examples/api/test/material/scaffold/scaffold_state.show_bottom_sheet.0_test.dart:6:8 • uri_does_not_exist
  error • Target of URI doesn't exist: 'package:flutter_api_samples/material/scaffold/scaffold_state.show_bottom_sheet.1.dart' • flutter/examples/api/test/material/scaffold/scaffold_state.show_bottom_sheet.1_test.dart:6:8 • uri_does_not_exist
  error • Target of URI doesn't exist: 'package:flutter_api_samples/material/scrollbar/scrollbar.0.dart' • flutter/examples/api/test/material/scrollbar/scrollbar.0_test.dart:6:8 • uri_does_not_exist
  error • Target of URI doesn't exist: 'package:flutter_api_samples/material/scrollbar/scrollbar.1.dart' • flutter/examples/api/test/material/scrollbar/scrollbar.1_test.dart:6:8 • uri_does_not_exist
  error • Target of URI doesn't exist: 'package:flutter_api_samples/material/search_anchor/search_anchor.0.dart' • flutter/examples/api/test/material/search_anchor/search_anchor.0_test.dart:6:8 • uri_does_not_exist
  error • Target of URI doesn't exist: 'package:flutter_api_samples/material/search_anchor/search_anchor.1.dart' • flutter/examples/api/test/material/search_anchor/search_anchor.1_test.dart:8:8 • uri_does_not_exist
  error • Target of URI doesn't exist: 'package:flutter_api_samples/material/search_anchor/search_anchor.2.dart' • flutter/examples/api/test/material/search_anchor/search_anchor.2_test.dart:6:8 • uri_does_not_exist
  error • Target of URI doesn't exist: 'package:flutter_api_samples/material/search_anchor/search_anchor.3.dart' • flutter/examples/api/test/material/search_anchor/search_anchor.3_test.dart:6:8 • uri_does_not_exist
  error • Target of URI doesn't exist: 'package:flutter_api_samples/material/search_anchor/search_anchor.4.dart' • flutter/examples/api/test/material/search_anchor/search_anchor.4_test.dart:6:8 • uri_does_not_exist
  error • Target of URI doesn't exist: 'package:flutter_api_samples/material/search_anchor/search_bar.0.dart' • flutter/examples/api/test/material/search_anchor/search_bar.0_test.dart:6:8 • uri_does_not_exist
  error • Target of URI doesn't exist: 'package:flutter_api_samples/material/segmented_button/segmented_button.0.dart' • flutter/examples/api/test/material/segmented_button/segmented_button.0_test.dart:7:8 • uri_does_not_exist
  error • The values in a const set literal must be constants • flutter/examples/api/test/material/segmented_button/segmented_button.0_test.dart:86:45 • non_constant_set_element
  error • The values in a const set literal must be constants • flutter/examples/api/test/material/segmented_button/segmented_button.0_test.dart:86:66 • non_constant_set_element
  error • The values in a const set literal must be constants • flutter/examples/api/test/material/segmented_button/segmented_button.0_test.dart:108:45 • non_constant_set_element
  error • Target of URI doesn't exist: 'package:flutter_api_samples/material/segmented_button/segmented_button.1.dart' • flutter/examples/api/test/material/segmented_button/segmented_button.1_test.dart:6:8 • uri_does_not_exist
  error • Target of URI doesn't exist: 'package:flutter_api_samples/material/selectable_region/selectable_region.0.dart' • flutter/examples/api/test/material/selectable_region/selectable_region.0_test.dart:8:8 • uri_does_not_exist
  error • Expected to find ';' • flutter/examples/api/test/material/selectable_region/selectable_region.0_test.dart:13:39 • expected_token
warning • Missing case clause for 'android' • flutter/examples/api/test/material/selectable_region/selectable_region.0_test.dart:13:41 • missing_enum_constant_in_switch
warning • Missing case clause for 'fuchsia' • flutter/examples/api/test/material/selectable_region/selectable_region.0_test.dart:13:41 • missing_enum_constant_in_switch
warning • Missing case clause for 'iOS' • flutter/examples/api/test/material/selectable_region/selectable_region.0_test.dart:13:41 • missing_enum_constant_in_switch
warning • Missing case clause for 'linux' • flutter/examples/api/test/material/selectable_region/selectable_region.0_test.dart:13:41 • missing_enum_constant_in_switch
warning • Missing case clause for 'macOS' • flutter/examples/api/test/material/selectable_region/selectable_region.0_test.dart:13:41 • missing_enum_constant_in_switch
warning • Missing case clause for 'windows' • flutter/examples/api/test/material/selectable_region/selectable_region.0_test.dart:13:41 • missing_enum_constant_in_switch
  error • Expected an identifier • flutter/examples/api/test/material/selectable_region/selectable_region.0_test.dart:13:41 • missing_identifier
  error • Expected to find 'case' • flutter/examples/api/test/material/selectable_region/selectable_region.0_test.dart:14:7 • expected_token
   info • Unnecessary empty statement • flutter/examples/api/test/material/selectable_region/selectable_region.0_test.dart:16:6 • empty_statements
  error • Target of URI doesn't exist: 'package:flutter_api_samples/material/selection_area/selection_area.0.dart' • flutter/examples/api/test/material/selection_area/selection_area.0_test.dart:6:8 • uri_does_not_exist
  error • Target of URI doesn't exist: 'package:flutter_api_samples/material/selection_area/selection_area.1.dart' • flutter/examples/api/test/material/selection_area/selection_area.1_test.dart:6:8 • uri_does_not_exist
  error • Target of URI doesn't exist: 'package:flutter_api_samples/material/selection_area/selection_area.2.dart' • flutter/examples/api/test/material/selection_area/selection_area.2_test.dart:8:8 • uri_does_not_exist
  error • Target of URI doesn't exist: 'package:flutter_api_samples/material/selection_container/selection_container.0.dart' • flutter/examples/api/test/material/selection_container/selection_container.0_test.dart:8:8 • uri_does_not_exist
  error • Target of URI doesn't exist: 'package:flutter_api_samples/material/selection_container/selection_container_disabled.0.dart' • flutter/examples/api/test/material/selection_container/selection_container_disabled.0_test.dart:8:8 • uri_does_not_exist
  error • Target of URI doesn't exist: 'package:flutter_api_samples/material/slider/slider.0.dart' • flutter/examples/api/test/material/slider/slider.0_test.dart:6:8 • uri_does_not_exist
  error • Target of URI doesn't exist: 'package:flutter_api_samples/material/slider/slider.1.dart' • flutter/examples/api/test/material/slider/slider.1_test.dart:6:8 • uri_does_not_exist
  error • Target of URI doesn't exist: 'package:flutter_api_samples/material/snack_bar/snack_bar.0.dart' • flutter/examples/api/test/material/snack_bar/snack_bar.0_test.dart:6:8 • uri_does_not_exist
  error • Target of URI doesn't exist: 'package:flutter_api_samples/material/snack_bar/snack_bar.1.dart' • flutter/examples/api/test/material/snack_bar/snack_bar.1_test.dart:6:8 • uri_does_not_exist
  error • Target of URI doesn't exist: 'package:flutter_api_samples/material/snack_bar/snack_bar.2.dart' • flutter/examples/api/test/material/snack_bar/snack_bar.2_test.dart:6:8 • uri_does_not_exist
  error • Target of URI doesn't exist: 'package:flutter_api_samples/material/stepper/step_style.0.dart' • flutter/examples/api/test/material/stepper/step_style.0_test.dart:6:8 • uri_does_not_exist
  error • Target of URI doesn't exist: 'package:flutter_api_samples/material/stepper/stepper.0.dart' • flutter/examples/api/test/material/stepper/stepper.0_test.dart:6:8 • uri_does_not_exist
  error • Target of URI doesn't exist: 'package:flutter_api_samples/material/stepper/stepper.controls_builder.0.dart' • flutter/examples/api/test/material/stepper/stepper.controls_builder.0_test.dart:6:8 • uri_does_not_exist
  error • Target of URI doesn't exist: 'package:flutter_api_samples/material/switch/switch.0.dart' • flutter/examples/api/test/material/switch/switch.0_test.dart:6:8 • uri_does_not_exist
  error • Target of URI doesn't exist: 'package:flutter_api_samples/material/switch/switch.1.dart' • flutter/examples/api/test/material/switch/switch.1_test.dart:6:8 • uri_does_not_exist
  error • Target of URI doesn't exist: 'package:flutter_api_samples/material/switch/switch.2.dart' • flutter/examples/api/test/material/switch/switch.2_test.dart:6:8 • uri_does_not_exist
  error • Target of URI doesn't exist: 'package:flutter_api_samples/material/switch/switch.3.dart' • flutter/examples/api/test/material/switch/switch.3_test.dart:6:8 • uri_does_not_exist
  error • Target of URI doesn't exist: 'package:flutter_api_samples/material/switch/switch.4.dart' • flutter/examples/api/test/material/switch/switch.4_test.dart:6:8 • uri_does_not_exist
  error • Target of URI doesn't exist: 'package:flutter_api_samples/material/switch_list_tile/custom_labeled_switch.0.dart' • flutter/examples/api/test/material/switch_list_tile/custom_labeled_switch.0_test.dart:6:8 • uri_does_not_exist
  error • Target of URI doesn't exist: 'package:flutter_api_samples/material/switch_list_tile/custom_labeled_switch.1.dart' • flutter/examples/api/test/material/switch_list_tile/custom_labeled_switch.1_test.dart:6:8 • uri_does_not_exist
  error • Target of URI doesn't exist: 'package:flutter_api_samples/material/switch_list_tile/switch_list_tile.0.dart' • flutter/examples/api/test/material/switch_list_tile/switch_list_tile.0_test.dart:6:8 • uri_does_not_exist
  error • Target of URI doesn't exist: 'package:flutter_api_samples/material/switch_list_tile/switch_list_tile.1.dart' • flutter/examples/api/test/material/switch_list_tile/switch_list_tile.1_test.dart:6:8 • uri_does_not_exist
  error • Target of URI doesn't exist: 'package:flutter_api_samples/material/tab_controller/tab_controller.1.dart' • flutter/examples/api/test/material/tab_controller/tab_controller.1_test.dart:7:8 • uri_does_not_exist
  error • Const variables must be initialized with a constant value • flutter/examples/api/test/material/tab_controller/tab_controller.1_test.dart:32:28 • const_initialized_with_non_constant_value
  error • Target of URI doesn't exist: 'package:flutter_api_samples/material/tabs/tab_bar.0.dart' • flutter/examples/api/test/material/tabs/tab_bar.0_test.dart:6:8 • uri_does_not_exist
  error • Target of URI doesn't exist: 'package:flutter_api_samples/material/tabs/tab_bar.1.dart' • flutter/examples/api/test/material/tabs/tab_bar.1_test.dart:6:8 • uri_does_not_exist
  error • Target of URI doesn't exist: 'package:flutter_api_samples/material/tabs/tab_bar.2.dart' • flutter/examples/api/test/material/tabs/tab_bar.2_test.dart:6:8 • uri_does_not_exist
  error • Target of URI doesn't exist: 'package:flutter_api_samples/material/tabs/tab_bar.indicator_animation.0.dart' • flutter/examples/api/test/material/tabs/tab_bar.indicator_animation.0_test.dart:6:8 • uri_does_not_exist
  error • Target of URI doesn't exist: 'package:flutter_api_samples/material/tabs/tab_bar.onFocusChange.dart' • flutter/examples/api/test/material/tabs/tab_bar.onFocusChange_test.dart:6:8 • uri_does_not_exist
  error • Target of URI doesn't exist: 'package:flutter_api_samples/material/tabs/tab_bar.onHover.dart' • flutter/examples/api/test/material/tabs/tab_bar.onHover_test.dart:7:8 • uri_does_not_exist
  error • Target of URI doesn't exist: 'package:flutter_api_samples/material/text_button/text_button.0.dart' • flutter/examples/api/test/material/text_button/text_button.0_test.dart:8:8 • uri_does_not_exist
  error • Target of URI doesn't exist: 'package:flutter_api_samples/material/text_button/text_button.1.dart' • flutter/examples/api/test/material/text_button/text_button.1_test.dart:6:8 • uri_does_not_exist
  error • Target of URI doesn't exist: 'package:flutter_api_samples/material/text_field/text_field.0.dart' • flutter/examples/api/test/material/text_field/text_field.0_test.dart:6:8 • uri_does_not_exist
  error • Target of URI doesn't exist: 'package:flutter_api_samples/material/text_field/text_field.1.dart' • flutter/examples/api/test/material/text_field/text_field.1_test.dart:6:8 • uri_does_not_exist
  error • Target of URI doesn't exist: 'package:flutter_api_samples/material/text_field/text_field.2.dart' • flutter/examples/api/test/material/text_field/text_field.2_test.dart:6:8 • uri_does_not_exist
  error • Target of URI doesn't exist: 'package:flutter_api_samples/material/text_field/text_field.3.dart' • flutter/examples/api/test/material/text_field/text_field.3_test.dart:7:8 • uri_does_not_exist
  error • Target of URI doesn't exist: 'package:flutter_api_samples/material/text_form_field/text_form_field.1.dart' • flutter/examples/api/test/material/text_form_field/text_form_field.1_test.dart:7:8 • uri_does_not_exist
  error • Target of URI doesn't exist: 'package:flutter_api_samples/material/text_form_field/text_form_field.2.dart' • flutter/examples/api/test/material/text_form_field/text_form_field.2_test.dart:6:8 • uri_does_not_exist
  error • Target of URI doesn't exist: 'package:flutter_api_samples/material/theme/theme_extension.1.dart' • flutter/examples/api/test/material/theme/theme_extension.1_test.dart:6:8 • uri_does_not_exist
   info • Unnecessary use of a null check ('!') • flutter/examples/api/test/material/theme/theme_extension.1_test.dart:14:72 • unnecessary_null_checks
   info • Unnecessary use of a null check ('!') • flutter/examples/api/test/material/theme/theme_extension.1_test.dart:24:66 • unnecessary_null_checks
   info • Unnecessary use of a null check ('!') • flutter/examples/api/test/material/theme/theme_extension.1_test.dart:34:49 • unnecessary_null_checks
  error • The values in a const list literal must be constants • flutter/examples/api/test/material/theme/theme_extension.1_test.dart:45:13 • non_constant_list_element
  error • Target of URI doesn't exist: 'package:flutter_api_samples/material/theme_data/theme_data.0.dart' • flutter/examples/api/test/material/theme_data/theme_data.0_test.dart:6:8 • uri_does_not_exist
  error • Target of URI doesn't exist: 'package:flutter_api_samples/material/time_picker/show_time_picker.0.dart' • flutter/examples/api/test/material/time_picker/show_time_picker.0_test.dart:6:8 • uri_does_not_exist
  error • Target of URI doesn't exist: 'package:flutter_api_samples/material/toggle_buttons/toggle_buttons.0.dart' • flutter/examples/api/test/material/toggle_buttons/toggle_buttons.0_test.dart:6:8 • uri_does_not_exist
  error • Target of URI doesn't exist: 'package:flutter_api_samples/material/toggle_buttons/toggle_buttons.1.dart' • flutter/examples/api/test/material/toggle_buttons/toggle_buttons.1_test.dart:6:8 • uri_does_not_exist
  error • Target of URI doesn't exist: 'package:flutter_api_samples/material/tooltip/tooltip.0.dart' • flutter/examples/api/test/material/tooltip/tooltip.0_test.dart:7:8 • uri_does_not_exist
  error • Target of URI doesn't exist: 'package:flutter_api_samples/material/tooltip/tooltip.1.dart' • flutter/examples/api/test/material/tooltip/tooltip.1_test.dart:7:8 • uri_does_not_exist
  error • Target of URI doesn't exist: 'package:flutter_api_samples/material/tooltip/tooltip.2.dart' • flutter/examples/api/test/material/tooltip/tooltip.2_test.dart:7:8 • uri_does_not_exist
  error • Target of URI doesn't exist: 'package:flutter_api_samples/material/tooltip/tooltip.3.dart' • flutter/examples/api/test/material/tooltip/tooltip.3_test.dart:6:8 • uri_does_not_exist
  error • Target of URI doesn't exist: 'package:flutter_api_samples/material/widget_state_input_border/widget_state_input_border.0.dart' • flutter/examples/api/test/material/widget_state_input_border/widget_state_input_border.0_test.dart:7:8 • uri_does_not_exist
  error • Invalid constant value • flutter/examples/api/test/material/widget_state_input_border/widget_state_input_border.0_test.dart:14:7 • invalid_constant
  error • Target of URI doesn't exist: 'package:flutter_api_samples/painting/axis_direction/axis_direction.0.dart' • flutter/examples/api/test/painting/axis_direction/axis_direction.0_test.dart:7:8 • uri_does_not_exist
  error • Target of URI doesn't exist: 'package:flutter_api_samples/painting/borders/border_side.stroke_align.0.dart' • flutter/examples/api/test/painting/borders/border_side.stroke_align.0_test.dart:6:8 • uri_does_not_exist
  error • Invalid constant value • flutter/examples/api/test/painting/borders/border_side.stroke_align.0_test.dart:11:53 • invalid_constant
  error • Target of URI doesn't exist: 'package:flutter_api_samples/painting/gradient/linear_gradient.0.dart' • flutter/examples/api/test/painting/gradient/linear_gradient.0_test.dart:6:8 • uri_does_not_exist
  error • Invalid constant value • flutter/examples/api/test/painting/gradient/linear_gradient.0_test.dart:11:53 • invalid_constant
  error • Invalid constant value • flutter/examples/api/test/painting/gradient/linear_gradient.0_test.dart:22:41 • invalid_constant
  error • Target of URI doesn't exist: 'package:flutter_api_samples/painting/image_provider/image_provider.0.dart' • flutter/examples/api/test/painting/image_provider/image_provider.0_test.dart:6:8 • uri_does_not_exist
  error • Undefined name 'CustomNetworkImage' • flutter/examples/api/test/painting/image_provider/image_provider.0_test.dart:10:17 • undefined_identifier
  error • The name 'ExampleApp' isn't a class • flutter/examples/api/test/painting/image_provider/image_provider.0_test.dart:18:35 • creation_with_non_type
  error • Target of URI doesn't exist: 'package:flutter_api_samples/painting/linear_border/linear_border.0.dart' • flutter/examples/api/test/painting/linear_border/linear_border.0_test.dart:7:8 • uri_does_not_exist
  error • Target of URI doesn't exist: 'package:flutter_api_samples/painting/rounded_superellipse_border/rounded_superellipse_border.0.dart' • flutter/examples/api/test/painting/rounded_superellipse_border/rounded_superellipse_border.0_test.dart:7:8 • uri_does_not_exist
  error • Target of URI doesn't exist: 'package:flutter_api_samples/painting/star_border/star_border.0.dart' • flutter/examples/api/test/painting/star_border/star_border.0_test.dart:7:8 • uri_does_not_exist
  error • Target of URI doesn't exist: 'package:flutter_api_samples/rendering/box/parent_data.0.dart' • flutter/examples/api/test/rendering/box/parent_data.0_test.dart:6:8 • uri_does_not_exist
  error • The name 'SampleApp' isn't a class • flutter/examples/api/test/rendering/box/parent_data.0_test.dart:11:35 • creation_with_non_type
  error • Undefined name 'Headline' • flutter/examples/api/test/rendering/box/parent_data.0_test.dart:12:42 • undefined_identifier
  error • Undefined name 'Headline' • flutter/examples/api/test/rendering/box/parent_data.0_test.dart:15:42 • undefined_identifier
  error • Target of URI doesn't exist: 'package:flutter_api_samples/rendering/growth_direction/growth_direction.0.dart' • flutter/examples/api/test/rendering/growth_direction/growth_direction.0_test.dart:7:8 • uri_does_not_exist
  error • Target of URI doesn't exist: 'package:flutter_api_samples/rendering/scroll_direction/scroll_direction.0.dart' • flutter/examples/api/test/rendering/scroll_direction/scroll_direction.0_test.dart:7:8 • uri_does_not_exist
  error • Target of URI doesn't exist: 'package:flutter_api_samples/rendering/sliver_grid/sliver_grid_delegate_with_fixed_cross_axis_count.0.dart' • flutter/examples/api/test/rendering/sliver_grid/sliver_grid_delegate_with_fixed_cross_axis_count.0_test.dart:6:8 • uri_does_not_exist
  error • Target of URI doesn't exist: 'package:flutter_api_samples/rendering/sliver_grid/sliver_grid_delegate_with_fixed_cross_axis_count.1.dart' • flutter/examples/api/test/rendering/sliver_grid/sliver_grid_delegate_with_fixed_cross_axis_count.1_test.dart:6:8 • uri_does_not_exist
  error • Target of URI doesn't exist: 'package:flutter_api_samples/sample_templates/cupertino.0.dart' • flutter/examples/api/test/sample_templates/cupertino.0_test.dart:6:8 • uri_does_not_exist
  error • Target of URI doesn't exist: 'package:flutter_api_samples/sample_templates/material.0.dart' • flutter/examples/api/test/sample_templates/material.0_test.dart:6:8 • uri_does_not_exist
  error • Target of URI doesn't exist: 'package:flutter_api_samples/sample_templates/widgets.0.dart' • flutter/examples/api/test/sample_templates/widgets.0_test.dart:6:8 • uri_does_not_exist
  error • Target of URI doesn't exist: 'package:flutter_api_samples/services/binding/handle_request_app_exit.0.dart' • flutter/examples/api/test/services/binding/handle_request_app_exit.0_test.dart:5:8 • uri_does_not_exist
  error • Target of URI doesn't exist: 'package:flutter_api_samples/services/keyboard_key/logical_keyboard_key.0.dart' • flutter/examples/api/test/services/keyboard_key/logical_keyboard_key.0_test.dart:6:8 • uri_does_not_exist
  error • Target of URI doesn't exist: 'package:flutter_api_samples/services/keyboard_key/physical_keyboard_key.0.dart' • flutter/examples/api/test/services/keyboard_key/physical_keyboard_key.0_test.dart:6:8 • uri_does_not_exist
  error • Target of URI doesn't exist: 'package:flutter_api_samples/services/mouse_cursor/mouse_cursor.0.dart' • flutter/examples/api/test/services/mouse_cursor/mouse_cursor.0_test.dart:6:8 • uri_does_not_exist
  error • Target of URI doesn't exist: 'package:flutter_api_samples/services/system_chrome/system_chrome.set_system_u_i_overlay_style.0.dart' • flutter/examples/api/test/services/system_chrome/system_chrome.set_system_u_i_overlay_style.0_test.dart:7:8 • uri_does_not_exist
  error • Target of URI doesn't exist: 'package:flutter_api_samples/services/system_chrome/system_chrome.set_system_u_i_overlay_style.1.dart' • flutter/examples/api/test/services/system_chrome/system_chrome.set_system_u_i_overlay_style.1_test.dart:7:8 • uri_does_not_exist
  error • Target of URI doesn't exist: 'package:flutter_api_samples/services/text_input/text_input_control.0.dart' • flutter/examples/api/test/services/text_input/text_input_control.0_test.dart:7:8 • uri_does_not_exist
  error • Target of URI doesn't exist: 'package:flutter_api_samples/ui/text/font_feature.0.dart' • flutter/examples/api/test/ui/text/font_feature.0_test.dart:6:8 • uri_does_not_exist
  error • Invalid constant value • flutter/examples/api/test/ui/text/font_feature.0_test.dart:11:53 • invalid_constant
  error • Target of URI doesn't exist: 'package:flutter_api_samples/ui/text/font_feature.font_feature_alternative.0.dart' • flutter/examples/api/test/ui/text/font_feature.font_feature_alternative.0_test.dart:6:8 • uri_does_not_exist
  error • Invalid constant value • flutter/examples/api/test/ui/text/font_feature.font_feature_alternative.0_test.dart:12:53 • invalid_constant
  error • Target of URI doesn't exist: 'package:flutter_api_samples/ui/text/font_feature.font_feature_alternative_fractions.0.dart' • flutter/examples/api/test/ui/text/font_feature.font_feature_alternative_fractions.0_test.dart:6:8 • uri_does_not_exist
  error • Invalid constant value • flutter/examples/api/test/ui/text/font_feature.font_feature_alternative_fractions.0_test.dart:12:53 • invalid_constant
  error • Target of URI doesn't exist: 'package:flutter_api_samples/ui/text/font_feature.font_feature_case_sensitive_forms.0.dart' • flutter/examples/api/test/ui/text/font_feature.font_feature_case_sensitive_forms.0_test.dart:6:8 • uri_does_not_exist
  error • Invalid constant value • flutter/examples/api/test/ui/text/font_feature.font_feature_case_sensitive_forms.0_test.dart:12:53 • invalid_constant
  error • Target of URI doesn't exist: 'package:flutter_api_samples/ui/text/font_feature.font_feature_character_variant.0.dart' • flutter/examples/api/test/ui/text/font_feature.font_feature_character_variant.0_test.dart:6:8 • uri_does_not_exist
  error • Invalid constant value • flutter/examples/api/test/ui/text/font_feature.font_feature_character_variant.0_test.dart:12:53 • invalid_constant
  error • Target of URI doesn't exist: 'package:flutter_api_samples/ui/text/font_feature.font_feature_contextual_alternates.0.dart' • flutter/examples/api/test/ui/text/font_feature.font_feature_contextual_alternates.0_test.dart:6:8 • uri_does_not_exist
  error • Invalid constant value • flutter/examples/api/test/ui/text/font_feature.font_feature_contextual_alternates.0_test.dart:12:53 • invalid_constant
  error • Target of URI doesn't exist: 'package:flutter_api_samples/ui/text/font_feature.font_feature_denominator.0.dart' • flutter/examples/api/test/ui/text/font_feature.font_feature_denominator.0_test.dart:6:8 • uri_does_not_exist
  error • Invalid constant value • flutter/examples/api/test/ui/text/font_feature.font_feature_denominator.0_test.dart:12:53 • invalid_constant
  error • Target of URI doesn't exist: 'package:flutter_api_samples/ui/text/font_feature.font_feature_fractions.0.dart' • flutter/examples/api/test/ui/text/font_feature.font_feature_fractions.0_test.dart:6:8 • uri_does_not_exist
  error • Invalid constant value • flutter/examples/api/test/ui/text/font_feature.font_feature_fractions.0_test.dart:11:53 • invalid_constant
  error • Target of URI doesn't exist: 'package:flutter_api_samples/ui/text/font_feature.font_feature_historical_forms.0.dart' • flutter/examples/api/test/ui/text/font_feature.font_feature_historical_forms.0_test.dart:6:8 • uri_does_not_exist
  error • Invalid constant value • flutter/examples/api/test/ui/text/font_feature.font_feature_historical_forms.0_test.dart:12:53 • invalid_constant
  error • Target of URI doesn't exist: 'package:flutter_api_samples/ui/text/font_feature.font_feature_historical_ligatures.0.dart' • flutter/examples/api/test/ui/text/font_feature.font_feature_historical_ligatures.0_test.dart:6:8 • uri_does_not_exist
  error • Invalid constant value • flutter/examples/api/test/ui/text/font_feature.font_feature_historical_ligatures.0_test.dart:12:53 • invalid_constant
  error • Target of URI doesn't exist: 'package:flutter_api_samples/ui/text/font_feature.font_feature_lining_figures.0.dart' • flutter/examples/api/test/ui/text/font_feature.font_feature_lining_figures.0_test.dart:6:8 • uri_does_not_exist
  error • Invalid constant value • flutter/examples/api/test/ui/text/font_feature.font_feature_lining_figures.0_test.dart:12:53 • invalid_constant
  error • Target of URI doesn't exist: 'package:flutter_api_samples/ui/text/font_feature.font_feature_locale_aware.0.dart' • flutter/examples/api/test/ui/text/font_feature.font_feature_locale_aware.0_test.dart:6:8 • uri_does_not_exist
  error • Invalid constant value • flutter/examples/api/test/ui/text/font_feature.font_feature_locale_aware.0_test.dart:12:53 • invalid_constant
  error • Target of URI doesn't exist: 'package:flutter_api_samples/ui/text/font_feature.font_feature_notational_forms.0.dart' • flutter/examples/api/test/ui/text/font_feature.font_feature_notational_forms.0_test.dart:6:8 • uri_does_not_exist
  error • Invalid constant value • flutter/examples/api/test/ui/text/font_feature.font_feature_notational_forms.0_test.dart:12:53 • invalid_constant
  error • Target of URI doesn't exist: 'package:flutter_api_samples/ui/text/font_feature.font_feature_numerators.0.dart' • flutter/examples/api/test/ui/text/font_feature.font_feature_numerators.0_test.dart:6:8 • uri_does_not_exist
  error • Invalid constant value • flutter/examples/api/test/ui/text/font_feature.font_feature_numerators.0_test.dart:11:53 • invalid_constant
  error • Target of URI doesn't exist: 'package:flutter_api_samples/ui/text/font_feature.font_feature_oldstyle_figures.0.dart' • flutter/examples/api/test/ui/text/font_feature.font_feature_oldstyle_figures.0_test.dart:6:8 • uri_does_not_exist
  error • Invalid constant value • flutter/examples/api/test/ui/text/font_feature.font_feature_oldstyle_figures.0_test.dart:12:53 • invalid_constant
  error • Target of URI doesn't exist: 'package:flutter_api_samples/ui/text/font_feature.font_feature_ordinal_forms.0.dart' • flutter/examples/api/test/ui/text/font_feature.font_feature_ordinal_forms.0_test.dart:6:8 • uri_does_not_exist
  error • Invalid constant value • flutter/examples/api/test/ui/text/font_feature.font_feature_ordinal_forms.0_test.dart:12:53 • invalid_constant
  error • Target of URI doesn't exist: 'package:flutter_api_samples/ui/text/font_feature.font_feature_proportional_figures.0.dart' • flutter/examples/api/test/ui/text/font_feature.font_feature_proportional_figures.0_test.dart:6:8 • uri_does_not_exist
  error • Invalid constant value • flutter/examples/api/test/ui/text/font_feature.font_feature_proportional_figures.0_test.dart:12:53 • invalid_constant
  error • Target of URI doesn't exist: 'package:flutter_api_samples/ui/text/font_feature.font_feature_scientific_inferiors.0.dart' • flutter/examples/api/test/ui/text/font_feature.font_feature_scientific_inferiors.0_test.dart:6:8 • uri_does_not_exist
  error • Invalid constant value • flutter/examples/api/test/ui/text/font_feature.font_feature_scientific_inferiors.0_test.dart:12:53 • invalid_constant
  error • Target of URI doesn't exist: 'package:flutter_api_samples/ui/text/font_feature.font_feature_slashed_zero.0.dart' • flutter/examples/api/test/ui/text/font_feature.font_feature_slashed_zero.0_test.dart:6:8 • uri_does_not_exist
  error • Invalid constant value • flutter/examples/api/test/ui/text/font_feature.font_feature_slashed_zero.0_test.dart:12:53 • invalid_constant
  error • Target of URI doesn't exist: 'package:flutter_api_samples/ui/text/font_feature.font_feature_stylistic_alternates.0.dart' • flutter/examples/api/test/ui/text/font_feature.font_feature_stylistic_alternates.0_test.dart:6:8 • uri_does_not_exist
  error • Invalid constant value • flutter/examples/api/test/ui/text/font_feature.font_feature_stylistic_alternates.0_test.dart:12:53 • invalid_constant
  error • Target of URI doesn't exist: 'package:flutter_api_samples/ui/text/font_feature.font_feature_stylistic_set.0.dart' • flutter/examples/api/test/ui/text/font_feature.font_feature_stylistic_set.0_test.dart:6:8 • uri_does_not_exist
  error • Invalid constant value • flutter/examples/api/test/ui/text/font_feature.font_feature_stylistic_set.0_test.dart:12:53 • invalid_constant
  error • Target of URI doesn't exist: 'package:flutter_api_samples/ui/text/font_feature.font_feature_stylistic_set.1.dart' • flutter/examples/api/test/ui/text/font_feature.font_feature_stylistic_set.1_test.dart:6:8 • uri_does_not_exist
  error • Invalid constant value • flutter/examples/api/test/ui/text/font_feature.font_feature_stylistic_set.1_test.dart:12:53 • invalid_constant
  error • Target of URI doesn't exist: 'package:flutter_api_samples/ui/text/font_feature.font_feature_subscripts.0.dart' • flutter/examples/api/test/ui/text/font_feature.font_feature_subscripts.0_test.dart:6:8 • uri_does_not_exist
  error • Invalid constant value • flutter/examples/api/test/ui/text/font_feature.font_feature_subscripts.0_test.dart:11:53 • invalid_constant
  error • Target of URI doesn't exist: 'package:flutter_api_samples/ui/text/font_feature.font_feature_superscripts.0.dart' • flutter/examples/api/test/ui/text/font_feature.font_feature_superscripts.0_test.dart:6:8 • uri_does_not_exist
  error • Invalid constant value • flutter/examples/api/test/ui/text/font_feature.font_feature_superscripts.0_test.dart:12:53 • invalid_constant
  error • Target of URI doesn't exist: 'package:flutter_api_samples/ui/text/font_feature.font_feature_swash.0.dart' • flutter/examples/api/test/ui/text/font_feature.font_feature_swash.0_test.dart:6:8 • uri_does_not_exist
  error • Invalid constant value • flutter/examples/api/test/ui/text/font_feature.font_feature_swash.0_test.dart:11:53 • invalid_constant
  error • Target of URI doesn't exist: 'package:flutter_api_samples/ui/text/font_feature.font_feature_tabular_figures.0.dart' • flutter/examples/api/test/ui/text/font_feature.font_feature_tabular_figures.0_test.dart:6:8 • uri_does_not_exist
  error • Invalid constant value • flutter/examples/api/test/ui/text/font_feature.font_feature_tabular_figures.0_test.dart:12:53 • invalid_constant
  error • Target of URI doesn't exist: 'package:flutter_api_samples/widgets/actions/action.action_overridable.0.dart' • flutter/examples/api/test/widgets/actions/action.action_overridable.0_test.dart:7:8 • uri_does_not_exist
  error • Invalid constant value • flutter/examples/api/test/widgets/actions/action.action_overridable.0_test.dart:21:44 • invalid_constant
  error • Target of URI doesn't exist: 'package:flutter_api_samples/widgets/actions/action_listener.0.dart' • flutter/examples/api/test/widgets/actions/action_listener.0_test.dart:7:8 • uri_does_not_exist
  error • Target of URI doesn't exist: 'package:flutter_api_samples/widgets/actions/actions.0.dart' • flutter/examples/api/test/widgets/actions/actions.0_test.dart:7:8 • uri_does_not_exist
  error • Target of URI doesn't exist: 'package:flutter_api_samples/widgets/actions/focusable_action_detector.0.dart' • flutter/examples/api/test/widgets/actions/focusable_action_detector.0_test.dart:7:8 • uri_does_not_exist
  error • Target of URI doesn't exist: 'package:flutter_api_samples/widgets/animated_grid/animated_grid.0.dart' • flutter/examples/api/test/widgets/animated_grid/animated_grid.0_test.dart:6:8 • uri_does_not_exist
  error • Target of URI doesn't exist: 'package:flutter_api_samples/widgets/animated_grid/sliver_animated_grid.0.dart' • flutter/examples/api/test/widgets/animated_grid/sliver_animated_grid.0_test.dart:6:8 • uri_does_not_exist
  error • Target of URI doesn't exist: 'package:flutter_api_samples/widgets/animated_list/animated_list.0.dart' • flutter/examples/api/test/widgets/animated_list/animated_list.0_test.dart:6:8 • uri_does_not_exist
  error • Target of URI doesn't exist: 'package:flutter_api_samples/widgets/animated_list/animated_list_separated.0.dart' • flutter/examples/api/test/widgets/animated_list/animated_list_separated.0_test.dart:6:8 • uri_does_not_exist
  error • Target of URI doesn't exist: 'package:flutter_api_samples/widgets/animated_list/sliver_animated_list.0.dart' • flutter/examples/api/test/widgets/animated_list/sliver_animated_list.0_test.dart:6:8 • uri_does_not_exist
  error • Target of URI doesn't exist: 'package:flutter_api_samples/widgets/animated_size/animated_size.0.dart' • flutter/examples/api/test/widgets/animated_size/animated_size.0_test.dart:6:8 • uri_does_not_exist
  error • Target of URI doesn't exist: 'package:flutter_api_samples/widgets/animated_switcher/animated_switcher.0.dart' • flutter/examples/api/test/widgets/animated_switcher/animated_switcher.0_test.dart:6:8 • uri_does_not_exist
  error • Target of URI doesn't exist: 'package:flutter_api_samples/widgets/app/widgets_app.widgets_app.0.dart' • flutter/examples/api/test/widgets/app/widgets_app.widgets_app.0_test.dart:5:8 • uri_does_not_exist
  error • Target of URI doesn't exist: 'package:flutter_api_samples/widgets/app_lifecycle_listener/app_lifecycle_listener.0.dart' • flutter/examples/api/test/widgets/app_lifecycle_listener/app_lifecycle_listener.0_test.dart:5:8 • uri_does_not_exist
  error • Target of URI doesn't exist: 'package:flutter_api_samples/widgets/app_lifecycle_listener/app_lifecycle_listener.1.dart' • flutter/examples/api/test/widgets/app_lifecycle_listener/app_lifecycle_listener.1_test.dart:5:8 • uri_does_not_exist
  error • Target of URI doesn't exist: 'package:flutter_api_samples/widgets/async/future_builder.0.dart' • flutter/examples/api/test/widgets/async/future_builder.0_test.dart:6:8 • uri_does_not_exist
  error • Target of URI doesn't exist: 'package:flutter_api_samples/widgets/async/stream_builder.0.dart' • flutter/examples/api/test/widgets/async/stream_builder.0_test.dart:8:8 • uri_does_not_exist
  error • Invalid constant value • flutter/examples/api/test/widgets/async/stream_builder.0_test.dart:46:53 • invalid_constant
  error • Target of URI doesn't exist: 'package:flutter_api_samples/widgets/autocomplete/raw_autocomplete.0.dart' • flutter/examples/api/test/widgets/autocomplete/raw_autocomplete.0_test.dart:6:8 • uri_does_not_exist
  error • Target of URI doesn't exist: 'package:flutter_api_samples/widgets/autocomplete/raw_autocomplete.1.dart' • flutter/examples/api/test/widgets/autocomplete/raw_autocomplete.1_test.dart:6:8 • uri_does_not_exist
  error • Target of URI doesn't exist: 'package:flutter_api_samples/widgets/autocomplete/raw_autocomplete.2.dart' • flutter/examples/api/test/widgets/autocomplete/raw_autocomplete.2_test.dart:6:8 • uri_does_not_exist
  error • Target of URI doesn't exist: 'package:flutter_api_samples/widgets/autocomplete/raw_autocomplete.focus_node.0.dart' • flutter/examples/api/test/widgets/autocomplete/raw_autocomplete.focus_node.0_test.dart:6:8 • uri_does_not_exist
  error • Target of URI doesn't exist: 'package:flutter_api_samples/widgets/autofill/autofill_group.0.dart' • flutter/examples/api/test/widgets/autofill/autofill_group.0_test.dart:6:8 • uri_does_not_exist
  error • Target of URI doesn't exist: 'package:flutter_api_samples/widgets/basic/absorb_pointer.0.dart' • flutter/examples/api/test/widgets/basic/absorb_pointer.0_test.dart:8:8 • uri_does_not_exist
  error • Target of URI doesn't exist: 'package:flutter_api_samples/widgets/basic/aspect_ratio.0.dart' • flutter/examples/api/test/widgets/basic/aspect_ratio.0_test.dart:6:8 • uri_does_not_exist
  error • Target of URI doesn't exist: 'package:flutter_api_samples/widgets/basic/aspect_ratio.1.dart' • flutter/examples/api/test/widgets/basic/aspect_ratio.1_test.dart:6:8 • uri_does_not_exist
  error • Target of URI doesn't exist: 'package:flutter_api_samples/widgets/basic/aspect_ratio.2.dart' • flutter/examples/api/test/widgets/basic/aspect_ratio.2_test.dart:6:8 • uri_does_not_exist
  error • Target of URI doesn't exist: 'package:flutter_api_samples/widgets/basic/clip_rrect.0.dart' • flutter/examples/api/test/widgets/basic/clip_rrect.0_test.dart:6:8 • uri_does_not_exist
  error • Target of URI doesn't exist: 'package:flutter_api_samples/widgets/basic/clip_rrect.1.dart' • flutter/examples/api/test/widgets/basic/clip_rrect.1_test.dart:6:8 • uri_does_not_exist
  error • Target of URI doesn't exist: 'package:flutter_api_samples/widgets/basic/custom_multi_child_layout.0.dart' • flutter/examples/api/test/widgets/basic/custom_multi_child_layout.0_test.dart:6:8 • uri_does_not_exist
  error • Invalid constant value • flutter/examples/api/test/widgets/basic/custom_multi_child_layout.0_test.dart:18:46 • invalid_constant
  error • Invalid constant value • flutter/examples/api/test/widgets/basic/custom_multi_child_layout.0_test.dart:30:46 • invalid_constant
  error • Target of URI doesn't exist: 'package:flutter_api_samples/widgets/basic/expanded.0.dart' • flutter/examples/api/test/widgets/basic/expanded.0_test.dart:6:8 • uri_does_not_exist
  error • Target of URI doesn't exist: 'package:flutter_api_samples/widgets/basic/expanded.1.dart' • flutter/examples/api/test/widgets/basic/expanded.1_test.dart:6:8 • uri_does_not_exist
  error • Target of URI doesn't exist: 'package:flutter_api_samples/widgets/basic/fitted_box.0.dart' • flutter/examples/api/test/widgets/basic/fitted_box.0_test.dart:8:8 • uri_does_not_exist
  error • Target of URI doesn't exist: 'package:flutter_api_samples/widgets/basic/flow.0.dart' • flutter/examples/api/test/widgets/basic/flow.0_test.dart:6:8 • uri_does_not_exist
  error • Target of URI doesn't exist: 'package:flutter_api_samples/widgets/basic/fractionally_sized_box.0.dart' • flutter/examples/api/test/widgets/basic/fractionally_sized_box.0_test.dart:6:8 • uri_does_not_exist
  error • Target of URI doesn't exist: 'package:flutter_api_samples/widgets/basic/ignore_pointer.0.dart' • flutter/examples/api/test/widgets/basic/ignore_pointer.0_test.dart:7:8 • uri_does_not_exist
  error • Target of URI doesn't exist: 'package:flutter_api_samples/widgets/basic/indexed_stack.0.dart' • flutter/examples/api/test/widgets/basic/indexed_stack.0_test.dart:6:8 • uri_does_not_exist
  error • Target of URI doesn't exist: 'package:flutter_api_samples/widgets/basic/listener.0.dart' • flutter/examples/api/test/widgets/basic/listener.0_test.dart:7:8 • uri_does_not_exist
  error • Invalid constant value • flutter/examples/api/test/widgets/basic/listener.0_test.dart:12:53 • invalid_constant
  error • Target of URI doesn't exist: 'package:flutter_api_samples/widgets/basic/mouse_region.0.dart' • flutter/examples/api/test/widgets/basic/mouse_region.0_test.dart:7:8 • uri_does_not_exist
  error • Target of URI doesn't exist: 'package:flutter_api_samples/widgets/basic/mouse_region.on_exit.0.dart' • flutter/examples/api/test/widgets/basic/mouse_region.on_exit.0_test.dart:7:8 • uri_does_not_exist
  error • Target of URI doesn't exist: 'package:flutter_api_samples/widgets/basic/mouse_region.on_exit.1.dart' • flutter/examples/api/test/widgets/basic/mouse_region.on_exit.1_test.dart:7:8 • uri_does_not_exist
  error • Target of URI doesn't exist: 'package:flutter_api_samples/widgets/basic/offstage.0.dart' • flutter/examples/api/test/widgets/basic/offstage.0_test.dart:5:8 • uri_does_not_exist
  error • Target of URI doesn't exist: 'package:flutter_api_samples/widgets/basic/overflowbox.0.dart' • flutter/examples/api/test/widgets/basic/overflowbox.0_test.dart:6:8 • uri_does_not_exist
  error • Target of URI doesn't exist: 'package:flutter_api_samples/widgets/basic/physical_shape.0.dart' • flutter/examples/api/test/widgets/basic/physical_shape.0_test.dart:6:8 • uri_does_not_exist
  error • Target of URI doesn't exist: 'package:flutter_api_samples/widgets/binding/widget_binding_observer.0.dart' • flutter/examples/api/test/widgets/binding/widget_binding_observer.0_test.dart:7:8 • uri_does_not_exist
  error • Target of URI doesn't exist: 'package:flutter_api_samples/widgets/color_filter/color_filtered.0.dart' • flutter/examples/api/test/widgets/color_filter/color_filtered.0_test.dart:9:8 • uri_does_not_exist
  error • Target of URI doesn't exist: 'package:flutter_api_samples/widgets/dismissible/dismissible.0.dart' • flutter/examples/api/test/widgets/dismissible/dismissible.0_test.dart:6:8 • uri_does_not_exist
warning • The value of the local variable 'dx' isn't used • flutter/examples/api/test/widgets/dismissible/dismissible.0_test.dart:16:18 • unused_local_variable
  error • Expected to find ';' • flutter/examples/api/test/widgets/dismissible/dismissible.0_test.dart:18:25 • expected_token
warning • Missing case clause for 'down' • flutter/examples/api/test/widgets/dismissible/dismissible.0_test.dart:18:27 • missing_enum_constant_in_switch
warning • Missing case clause for 'left' • flutter/examples/api/test/widgets/dismissible/dismissible.0_test.dart:18:27 • missing_enum_constant_in_switch
warning • Missing case clause for 'right' • flutter/examples/api/test/widgets/dismissible/dismissible.0_test.dart:18:27 • missing_enum_constant_in_switch
warning • Missing case clause for 'up' • flutter/examples/api/test/widgets/dismissible/dismissible.0_test.dart:18:27 • missing_enum_constant_in_switch
  error • Expected an identifier • flutter/examples/api/test/widgets/dismissible/dismissible.0_test.dart:18:27 • missing_identifier
  error • Expected to find 'case' • flutter/examples/api/test/widgets/dismissible/dismissible.0_test.dart:19:7 • expected_token
   info • Unnecessary empty statement • flutter/examples/api/test/widgets/dismissible/dismissible.0_test.dart:22:6 • empty_statements
  error • Target of URI doesn't exist: 'package:flutter_api_samples/widgets/drag_target/draggable.0.dart' • flutter/examples/api/test/widgets/drag_target/draggable.0_test.dart:6:8 • uri_does_not_exist
  error • Target of URI doesn't exist: 'package:flutter_api_samples/widgets/draggable_scrollable_sheet/draggable_scrollable_sheet.0.dart' • flutter/examples/api/test/widgets/draggable_scrollable_sheet/draggable_scrollable_sheet.0_test.dart:6:8 • uri_does_not_exist
  error • Target of URI doesn't exist: 'package:flutter_api_samples/widgets/editable_text/editable_text.on_changed.0.dart' • flutter/examples/api/test/widgets/editable_text/editable_text.on_changed.0_test.dart:6:8 • uri_does_not_exist
  error • Target of URI doesn't exist: 'package:flutter_api_samples/widgets/editable_text/editable_text.on_content_inserted.0.dart' • flutter/examples/api/test/widgets/editable_text/editable_text.on_content_inserted.0_test.dart:9:8 • uri_does_not_exist
  error • Target of URI doesn't exist: 'package:flutter_api_samples/widgets/editable_text/text_editing_controller.0.dart' • flutter/examples/api/test/widgets/editable_text/text_editing_controller.0_test.dart:6:8 • uri_does_not_exist
  error • Target of URI doesn't exist: 'package:flutter_api_samples/widgets/editable_text/text_editing_controller.1.dart' • flutter/examples/api/test/widgets/editable_text/text_editing_controller.1_test.dart:6:8 • uri_does_not_exist
  error • Target of URI doesn't exist: 'package:flutter_api_samples/widgets/focus_manager/focus_node.0.dart' • flutter/examples/api/test/widgets/focus_manager/focus_node.0_test.dart:7:8 • uri_does_not_exist
  error • Target of URI doesn't exist: 'package:flutter_api_samples/widgets/focus_manager/focus_node.unfocus.0.dart' • flutter/examples/api/test/widgets/focus_manager/focus_node.unfocus.0_test.dart:7:8 • uri_does_not_exist
  error • Target of URI doesn't exist: 'package:flutter_api_samples/widgets/focus_scope/focus.0.dart' • flutter/examples/api/test/widgets/focus_scope/focus.0_test.dart:7:8 • uri_does_not_exist
  error • Target of URI doesn't exist: 'package:flutter_api_samples/widgets/focus_scope/focus.1.dart' • flutter/examples/api/test/widgets/focus_scope/focus.1_test.dart:7:8 • uri_does_not_exist
  error • Invalid constant value • flutter/examples/api/test/widgets/focus_scope/focus.1_test.dart:15:46 • invalid_constant
  error • Invalid constant value • flutter/examples/api/test/widgets/focus_scope/focus.1_test.dart:31:46 • invalid_constant
  error • Target of URI doesn't exist: 'package:flutter_api_samples/widgets/focus_scope/focus.2.dart' • flutter/examples/api/test/widgets/focus_scope/focus.2_test.dart:6:8 • uri_does_not_exist
  error • Target of URI doesn't exist: 'package:flutter_api_samples/widgets/focus_scope/focus_scope.0.dart' • flutter/examples/api/test/widgets/focus_scope/focus_scope.0_test.dart:7:8 • uri_does_not_exist
  error • Target of URI doesn't exist: 'package:flutter_api_samples/widgets/focus_traversal/focus_traversal_group.0.dart' • flutter/examples/api/test/widgets/focus_traversal/focus_traversal_group.0_test.dart:7:8 • uri_does_not_exist
  error • Target of URI doesn't exist: 'package:flutter_api_samples/widgets/focus_traversal/ordered_traversal_policy.0.dart' • flutter/examples/api/test/widgets/focus_traversal/ordered_traversal_policy.0_test.dart:7:8 • uri_does_not_exist
  error • Target of URI doesn't exist: 'package:flutter_api_samples/widgets/form/form.0.dart' • flutter/examples/api/test/widgets/form/form.0_test.dart:6:8 • uri_does_not_exist
  error • Target of URI doesn't exist: 'package:flutter_api_samples/widgets/form/form.1.dart' • flutter/examples/api/test/widgets/form/form.1_test.dart:6:8 • uri_does_not_exist
  error • Target of URI doesn't exist: 'package:flutter_api_samples/widgets/framework/build_owner.0.dart' • flutter/examples/api/test/widgets/framework/build_owner.0_test.dart:6:8 • uri_does_not_exist
  error • Target of URI doesn't exist: 'package:flutter_api_samples/widgets/framework/error_widget.0.dart' • flutter/examples/api/test/widgets/framework/error_widget.0_test.dart:6:8 • uri_does_not_exist
  error • Target of URI doesn't exist: 'package:flutter_api_samples/widgets/gesture_detector/gesture_detector.0.dart' • flutter/examples/api/test/widgets/gesture_detector/gesture_detector.0_test.dart:6:8 • uri_does_not_exist
  error • Target of URI doesn't exist: 'package:flutter_api_samples/widgets/gesture_detector/gesture_detector.1.dart' • flutter/examples/api/test/widgets/gesture_detector/gesture_detector.1_test.dart:6:8 • uri_does_not_exist
  error • Target of URI doesn't exist: 'package:flutter_api_samples/widgets/gesture_detector/gesture_detector.2.dart' • flutter/examples/api/test/widgets/gesture_detector/gesture_detector.2_test.dart:6:8 • uri_does_not_exist
  error • Target of URI doesn't exist: 'package:flutter_api_samples/widgets/gesture_detector/gesture_detector.3.dart' • flutter/examples/api/test/widgets/gesture_detector/gesture_detector.3_test.dart:7:8 • uri_does_not_exist
  error • Target of URI doesn't exist: 'package:flutter_api_samples/widgets/hardware_keyboard/key_event_manager.0.dart' • flutter/examples/api/test/widgets/hardware_keyboard/key_event_manager.0_test.dart:7:8 • uri_does_not_exist
  error • Invalid constant value • flutter/examples/api/test/widgets/hardware_keyboard/key_event_manager.0_test.dart:22:44 • invalid_constant
  error • Target of URI doesn't exist: 'package:flutter_api_samples/widgets/heroes/hero.0.dart' • flutter/examples/api/test/widgets/heroes/hero.0_test.dart:6:8 • uri_does_not_exist
  error • Target of URI doesn't exist: 'package:flutter_api_samples/widgets/heroes/hero.1.dart' • flutter/examples/api/test/widgets/heroes/hero.1_test.dart:6:8 • uri_does_not_exist
  error • Target of URI doesn't exist: 'package:flutter_api_samples/widgets/image/image.error_builder.0.dart' • flutter/examples/api/test/widgets/image/image.error_builder.0_test.dart:8:8 • uri_does_not_exist
  error • Target of URI doesn't exist: 'package:flutter_api_samples/widgets/image/image.frame_builder.0.dart' • flutter/examples/api/test/widgets/image/image.frame_builder.0_test.dart:8:8 • uri_does_not_exist
  error • Target of URI doesn't exist: 'package:flutter_api_samples/widgets/image/image.loading_builder.0.dart' • flutter/examples/api/test/widgets/image/image.loading_builder.0_test.dart:8:8 • uri_does_not_exist
  error • Target of URI doesn't exist: 'package:flutter_api_samples/widgets/implicit_animations/animated_align.0.dart' • flutter/examples/api/test/widgets/implicit_animations/animated_align.0_test.dart:6:8 • uri_does_not_exist
  error • Target of URI doesn't exist: 'package:flutter_api_samples/widgets/implicit_animations/animated_container.0.dart' • flutter/examples/api/test/widgets/implicit_animations/animated_container.0_test.dart:6:8 • uri_does_not_exist
  error • Target of URI doesn't exist: 'package:flutter_api_samples/widgets/implicit_animations/animated_fractionally_sized_box.0.dart' • flutter/examples/api/test/widgets/implicit_animations/animated_fractionally_sized_box.0_test.dart:8:8 • uri_does_not_exist
  error • Target of URI doesn't exist: 'package:flutter_api_samples/widgets/implicit_animations/animated_padding.0.dart' • flutter/examples/api/test/widgets/implicit_animations/animated_padding.0_test.dart:6:8 • uri_does_not_exist
  error • Target of URI doesn't exist: 'package:flutter_api_samples/widgets/implicit_animations/animated_positioned.0.dart' • flutter/examples/api/test/widgets/implicit_animations/animated_positioned.0_test.dart:8:8 • uri_does_not_exist
  error • Target of URI doesn't exist: 'package:flutter_api_samples/widgets/implicit_animations/animated_slide.0.dart' • flutter/examples/api/test/widgets/implicit_animations/animated_slide.0_test.dart:6:8 • uri_does_not_exist
  error • Target of URI doesn't exist: 'package:flutter_api_samples/widgets/implicit_animations/sliver_animated_opacity.0.dart' • flutter/examples/api/test/widgets/implicit_animations/sliver_animated_opacity.0_test.dart:8:8 • uri_does_not_exist
  error • Target of URI doesn't exist: 'package:flutter_api_samples/widgets/inherited_model/inherited_model.0.dart' • flutter/examples/api/test/widgets/inherited_model/inherited_model.0_test.dart:6:8 • uri_does_not_exist
  error • Target of URI doesn't exist: 'package:flutter_api_samples/widgets/inherited_notifier/inherited_notifier.0.dart' • flutter/examples/api/test/widgets/inherited_notifier/inherited_notifier.0_test.dart:8:8 • uri_does_not_exist
  error • Target of URI doesn't exist: 'package:flutter_api_samples/widgets/inherited_theme/inherited_theme.0.dart' • flutter/examples/api/test/widgets/inherited_theme/inherited_theme.0_test.dart:6:8 • uri_does_not_exist
  error • Target of URI doesn't exist: 'package:flutter_api_samples/widgets/interactive_viewer/interactive_viewer.0.dart' • flutter/examples/api/test/widgets/interactive_viewer/interactive_viewer.0_test.dart:6:8 • uri_does_not_exist
  error • Target of URI doesn't exist: 'package:flutter_api_samples/widgets/interactive_viewer/interactive_viewer.builder.0.dart' • flutter/examples/api/test/widgets/interactive_viewer/interactive_viewer.builder.0_test.dart:6:8 • uri_does_not_exist
  error • Target of URI doesn't exist: 'package:flutter_api_samples/widgets/interactive_viewer/interactive_viewer.constrained.0.dart' • flutter/examples/api/test/widgets/interactive_viewer/interactive_viewer.constrained.0_test.dart:6:8 • uri_does_not_exist
  error • Target of URI doesn't exist: 'package:flutter_api_samples/widgets/interactive_viewer/interactive_viewer.transformation_controller.0.dart' • flutter/examples/api/test/widgets/interactive_viewer/interactive_viewer.transformation_controller.0_test.dart:6:8 • uri_does_not_exist
  error • Target of URI doesn't exist: 'package:flutter_api_samples/widgets/keep_alive/automatic_keep_alive.0.dart' • flutter/examples/api/test/widgets/keep_alive/automatic_keep_alive.0_test.dart:6:8 • uri_does_not_exist
  error • The name 'AutomaticKeepAliveExampleApp' isn't a class • flutter/examples/api/test/widgets/keep_alive/automatic_keep_alive.0_test.dart:11:35 • creation_with_non_type
  error • Target of URI doesn't exist: 'package:flutter_api_samples/widgets/keep_alive/automatic_keep_alive_client_mixin.0.dart' • flutter/examples/api/test/widgets/keep_alive/automatic_keep_alive_client_mixin.0_test.dart:6:8 • uri_does_not_exist
  error • The name 'AutomaticKeepAliveClientMixinExampleApp' isn't a class • flutter/examples/api/test/widgets/keep_alive/automatic_keep_alive_client_mixin.0_test.dart:13:35 • creation_with_non_type
  error • The name 'AutomaticKeepAliveClientMixinExampleApp' isn't a class • flutter/examples/api/test/widgets/keep_alive/automatic_keep_alive_client_mixin.0_test.dart:38:35 • creation_with_non_type
  error • Target of URI doesn't exist: 'package:flutter_api_samples/widgets/keep_alive/keep_alive.0.dart' • flutter/examples/api/test/widgets/keep_alive/keep_alive.0_test.dart:6:8 • uri_does_not_exist
  error • The name 'KeepAliveExampleApp' isn't a class • flutter/examples/api/test/widgets/keep_alive/keep_alive.0_test.dart:11:35 • creation_with_non_type
  error • Target of URI doesn't exist: 'package:flutter_api_samples/widgets/layout_builder/layout_builder.0.dart' • flutter/examples/api/test/widgets/layout_builder/layout_builder.0_test.dart:6:8 • uri_does_not_exist
  error • Target of URI doesn't exist: 'package:flutter_api_samples/widgets/magnifier/cupertino_magnifier.0.dart' • flutter/examples/api/test/widgets/magnifier/cupertino_magnifier.0_test.dart:6:8 • uri_does_not_exist
  error • Target of URI doesn't exist: 'package:flutter_api_samples/widgets/magnifier/cupertino_text_magnifier.0.dart' • flutter/examples/api/test/widgets/magnifier/cupertino_text_magnifier.0_test.dart:6:8 • uri_does_not_exist
  error • Target of URI doesn't exist: 'package:flutter_api_samples/widgets/magnifier/magnifier.0.dart' • flutter/examples/api/test/widgets/magnifier/magnifier.0_test.dart:6:8 • uri_does_not_exist
  error • Target of URI doesn't exist: 'package:flutter_api_samples/widgets/media_query/media_query_data.system_gesture_insets.0.dart' • flutter/examples/api/test/widgets/media_query/media_query_data.system_gesture_insets.0_test.dart:6:8 • uri_does_not_exist
  error • Target of URI doesn't exist: 'package:flutter_api_samples/widgets/navigator/navigator.0.dart' • flutter/examples/api/test/widgets/navigator/navigator.0_test.dart:5:8 • uri_does_not_exist
  error • Target of URI doesn't exist: 'package:flutter_api_samples/widgets/navigator/navigator.restorable_push.0.dart' • flutter/examples/api/test/widgets/navigator/navigator.restorable_push.0_test.dart:6:8 • uri_does_not_exist
  error • Target of URI doesn't exist: 'package:flutter_api_samples/widgets/navigator/navigator.restorable_push_and_remove_until.0.dart' • flutter/examples/api/test/widgets/navigator/navigator.restorable_push_and_remove_until.0_test.dart:6:8 • uri_does_not_exist
  error • Target of URI doesn't exist: 'package:flutter_api_samples/widgets/navigator/navigator.restorable_push_replacement.0.dart' • flutter/examples/api/test/widgets/navigator/navigator.restorable_push_replacement.0_test.dart:6:8 • uri_does_not_exist
  error • Target of URI doesn't exist: 'package:flutter_api_samples/widgets/navigator/navigator_state.restorable_push.0.dart' • flutter/examples/api/test/widgets/navigator/navigator_state.restorable_push.0_test.dart:6:8 • uri_does_not_exist
  error • Target of URI doesn't exist: 'package:flutter_api_samples/widgets/navigator/navigator_state.restorable_push_and_remove_until.0.dart' • flutter/examples/api/test/widgets/navigator/navigator_state.restorable_push_and_remove_until.0_test.dart:6:8 • uri_does_not_exist
  error • Target of URI doesn't exist: 'package:flutter_api_samples/widgets/navigator/navigator_state.restorable_push_replacement.0.dart' • flutter/examples/api/test/widgets/navigator/navigator_state.restorable_push_replacement.0_test.dart:6:8 • uri_does_not_exist
  error • Target of URI doesn't exist: 'package:flutter_api_samples/widgets/navigator/restorable_route_future.0.dart' • flutter/examples/api/test/widgets/navigator/restorable_route_future.0_test.dart:6:8 • uri_does_not_exist
  error • Target of URI doesn't exist: 'package:flutter_api_samples/widgets/navigator_pop_handler/navigator_pop_handler.0.dart' • flutter/examples/api/test/widgets/navigator_pop_handler/navigator_pop_handler.0_test.dart:9:8 • uri_does_not_exist
  error • Target of URI doesn't exist: 'package:flutter_api_samples/widgets/navigator_pop_handler/navigator_pop_handler.1.dart' • flutter/examples/api/test/widgets/navigator_pop_handler/navigator_pop_handler.1_test.dart:9:8 • uri_does_not_exist
  error • Target of URI doesn't exist: 'package:flutter_api_samples/widgets/nested_scroll_view/nested_scroll_view.0.dart' • flutter/examples/api/test/widgets/nested_scroll_view/nested_scroll_view.0_test.dart:6:8 • uri_does_not_exist
  error • Target of URI doesn't exist: 'package:flutter_api_samples/widgets/nested_scroll_view/nested_scroll_view.1.dart' • flutter/examples/api/test/widgets/nested_scroll_view/nested_scroll_view.1_test.dart:6:8 • uri_does_not_exist
  error • Target of URI doesn't exist: 'package:flutter_api_samples/widgets/nested_scroll_view/nested_scroll_view.2.dart' • flutter/examples/api/test/widgets/nested_scroll_view/nested_scroll_view.2_test.dart:7:8 • uri_does_not_exist
  error • Target of URI doesn't exist: 'package:flutter_api_samples/widgets/nested_scroll_view/nested_scroll_view_state.0.dart' • flutter/examples/api/test/widgets/nested_scroll_view/nested_scroll_view_state.0_test.dart:7:8 • uri_does_not_exist
  error • Target of URI doesn't exist: 'package:flutter_api_samples/widgets/notification_listener/notification.0.dart' • flutter/examples/api/test/widgets/notification_listener/notification.0_test.dart:8:8 • uri_does_not_exist
  error • Target of URI doesn't exist: 'package:flutter_api_samples/widgets/overflow_bar/overflow_bar.0.dart' • flutter/examples/api/test/widgets/overflow_bar/overflow_bar.0_test.dart:6:8 • uri_does_not_exist
  error • Target of URI doesn't exist: 'package:flutter_api_samples/widgets/overlay/overlay.0.dart' • flutter/examples/api/test/widgets/overlay/overlay.0_test.dart:6:8 • uri_does_not_exist
  error • Target of URI doesn't exist: 'package:flutter_api_samples/widgets/overlay/overlay_portal.0.dart' • flutter/examples/api/test/widgets/overlay/overlay_portal.0_test.dart:6:8 • uri_does_not_exist
  error • Target of URI doesn't exist: 'package:flutter_api_samples/widgets/overscroll_indicator/glowing_overscroll_indicator.0.dart' • flutter/examples/api/test/widgets/overscroll_indicator/glowing_overscroll_indicator.0_test.dart:7:8 • uri_does_not_exist
  error • Target of URI doesn't exist: 'package:flutter_api_samples/widgets/overscroll_indicator/glowing_overscroll_indicator.1.dart' • flutter/examples/api/test/widgets/overscroll_indicator/glowing_overscroll_indicator.1_test.dart:7:8 • uri_does_not_exist
  error • Target of URI doesn't exist: 'package:flutter_api_samples/widgets/page/page_can_pop.0.dart' • flutter/examples/api/test/widgets/page/page_can_pop.0_test.dart:5:8 • uri_does_not_exist
  error • Target of URI doesn't exist: 'package:flutter_api_samples/widgets/page_storage/page_storage.0.dart' • flutter/examples/api/test/widgets/page_storage/page_storage.0_test.dart:6:8 • uri_does_not_exist
  error • Target of URI doesn't exist: 'package:flutter_api_samples/widgets/page_transitions_builder/page_transitions_builder.0.dart' • flutter/examples/api/test/widgets/page_transitions_builder/page_transitions_builder.0_test.dart:6:8 • uri_does_not_exist
  error • Target of URI doesn't exist: 'package:flutter_api_samples/widgets/page_view/page_view.0.dart' • flutter/examples/api/test/widgets/page_view/page_view.0_test.dart:6:8 • uri_does_not_exist
  error • Target of URI doesn't exist: 'package:flutter_api_samples/widgets/page_view/page_view.1.dart' • flutter/examples/api/test/widgets/page_view/page_view.1_test.dart:6:8 • uri_does_not_exist
  error • Target of URI doesn't exist: 'package:flutter_api_samples/widgets/pop_scope/pop_scope.0.dart' • flutter/examples/api/test/widgets/pop_scope/pop_scope.0_test.dart:5:8 • uri_does_not_exist
  error • Target of URI doesn't exist: 'package:flutter_api_samples/widgets/pop_scope/pop_scope.1.dart' • flutter/examples/api/test/widgets/pop_scope/pop_scope.1_test.dart:6:8 • uri_does_not_exist
  error • Target of URI doesn't exist: 'package:flutter_api_samples/widgets/preferred_size/preferred_size.0.dart' • flutter/examples/api/test/widgets/preferred_size/preferred_size.0_test.dart:6:8 • uri_does_not_exist
  error • Target of URI doesn't exist: 'package:flutter_api_samples/widgets/radio_group/radio_group.0.dart' • flutter/examples/api/test/widgets/radio_group/radio_group.0_test.dart:6:8 • uri_does_not_exist
  error • Target of URI doesn't exist: 'package:flutter_api_samples/widgets/raw_menu_anchor/raw_menu_anchor.0.dart' • flutter/examples/api/test/widgets/raw_menu_anchor/raw_menu_anchor.0_test.dart:7:8 • uri_does_not_exist
  error • Target of URI doesn't exist: 'package:flutter_api_samples/widgets/raw_menu_anchor/raw_menu_anchor.1.dart' • flutter/examples/api/test/widgets/raw_menu_anchor/raw_menu_anchor.1_test.dart:8:8 • uri_does_not_exist
  error • Target of URI doesn't exist: 'package:flutter_api_samples/widgets/raw_menu_anchor/raw_menu_anchor.2.dart' • flutter/examples/api/test/widgets/raw_menu_anchor/raw_menu_anchor.2_test.dart:6:8 • uri_does_not_exist
  error • Target of URI doesn't exist: 'package:flutter_api_samples/widgets/raw_menu_anchor/raw_menu_anchor.3.dart' • flutter/examples/api/test/widgets/raw_menu_anchor/raw_menu_anchor.3_test.dart:8:8 • uri_does_not_exist
  error • Target of URI doesn't exist: 'package:flutter_api_samples/widgets/restoration/restoration_mixin.0.dart' • flutter/examples/api/test/widgets/restoration/restoration_mixin.0_test.dart:6:8 • uri_does_not_exist
  error • Target of URI doesn't exist: 'package:flutter_api_samples/widgets/restoration_properties/restorable_value.0.dart' • flutter/examples/api/test/widgets/restoration_properties/restorable_value.0_test.dart:6:8 • uri_does_not_exist
  error • Invalid constant value • flutter/examples/api/test/widgets/restoration_properties/restorable_value.0_test.dart:30:18 • invalid_constant
  error • Target of URI doesn't exist: 'package:flutter_api_samples/widgets/routes/flexible_route_transitions.0.dart' • flutter/examples/api/test/widgets/routes/flexible_route_transitions.0_test.dart:5:8 • uri_does_not_exist
  error • Target of URI doesn't exist: 'package:flutter_api_samples/widgets/routes/flexible_route_transitions.1.dart' • flutter/examples/api/test/widgets/routes/flexible_route_transitions.1_test.dart:5:8 • uri_does_not_exist
  error • The function 'FlexibleRouteTransitionsApp' isn't defined • flutter/examples/api/test/widgets/routes/flexible_route_transitions.1_test.dart:13:29 • undefined_function
  error • The function 'FlexibleRouteTransitionsApp' isn't defined • flutter/examples/api/test/widgets/routes/flexible_route_transitions.1_test.dart:21:29 • undefined_function
  error • Target of URI doesn't exist: 'package:flutter_api_samples/widgets/routes/popup_route.0.dart' • flutter/examples/api/test/widgets/routes/popup_route.0_test.dart:7:8 • uri_does_not_exist
  error • Target of URI doesn't exist: 'package:flutter_api_samples/widgets/routes/route_observer.0.dart' • flutter/examples/api/test/widgets/routes/route_observer.0_test.dart:5:8 • uri_does_not_exist
  error • Target of URI doesn't exist: 'package:flutter_api_samples/widgets/routes/show_general_dialog.0.dart' • flutter/examples/api/test/widgets/routes/show_general_dialog.0_test.dart:6:8 • uri_does_not_exist
  error • Target of URI doesn't exist: 'package:flutter_api_samples/widgets/safe_area/safe_area.0.dart' • flutter/examples/api/test/widgets/safe_area/safe_area.0_test.dart:6:8 • uri_does_not_exist
  error • Invalid constant value • flutter/examples/api/test/widgets/safe_area/safe_area.0_test.dart:89:72 • invalid_constant
  error • Target of URI doesn't exist: 'package:flutter_api_samples/widgets/scroll_end_notification/scroll_end_notification.0.dart' • flutter/examples/api/test/widgets/scroll_end_notification/scroll_end_notification.0_test.dart:6:8 • uri_does_not_exist
  error • Target of URI doesn't exist: 'package:flutter_api_samples/widgets/scroll_end_notification/scroll_end_notification.1.dart' • flutter/examples/api/test/widgets/scroll_end_notification/scroll_end_notification.1_test.dart:6:8 • uri_does_not_exist
  error • Target of URI doesn't exist: 'package:flutter_api_samples/widgets/scroll_notification_observer/scroll_notification_observer.0.dart' • flutter/examples/api/test/widgets/scroll_notification_observer/scroll_notification_observer.0_test.dart:6:8 • uri_does_not_exist
  error • Target of URI doesn't exist: 'package:flutter_api_samples/widgets/scroll_position/is_scrolling_listener.0.dart' • flutter/examples/api/test/widgets/scroll_position/is_scrolling_listener.0_test.dart:6:8 • uri_does_not_exist
  error • Target of URI doesn't exist: 'package:flutter_api_samples/widgets/scroll_position/scroll_controller_notification.0.dart' • flutter/examples/api/test/widgets/scroll_position/scroll_controller_notification.0_test.dart:6:8 • uri_does_not_exist
  error • Target of URI doesn't exist: 'package:flutter_api_samples/widgets/scroll_position/scroll_controller_on_attach.0.dart' • flutter/examples/api/test/widgets/scroll_position/scroll_controller_on_attach.0_test.dart:6:8 • uri_does_not_exist
  error • Target of URI doesn't exist: 'package:flutter_api_samples/widgets/scroll_position/scroll_metrics_notification.0.dart' • flutter/examples/api/test/widgets/scroll_position/scroll_metrics_notification.0_test.dart:6:8 • uri_does_not_exist
  error • Target of URI doesn't exist: 'package:flutter_api_samples/widgets/scroll_view/custom_scroll_view.1.dart' • flutter/examples/api/test/widgets/scroll_view/custom_scroll_view.1_test.dart:6:8 • uri_does_not_exist
  error • Target of URI doesn't exist: 'package:flutter_api_samples/widgets/scroll_view/grid_view.0.dart' • flutter/examples/api/test/widgets/scroll_view/grid_view.0_test.dart:6:8 • uri_does_not_exist
  error • Undefined name 'CustomGridLayout' • flutter/examples/api/test/widgets/scroll_view/grid_view.0_test.dart:10:17 • undefined_identifier
  error • Undefined class 'CustomGridLayout' • flutter/examples/api/test/widgets/scroll_view/grid_view.0_test.dart:11:11 • undefined_class
  error • Const variables must be initialized with a constant value • flutter/examples/api/test/widgets/scroll_view/grid_view.0_test.dart:11:37 • const_initialized_with_non_constant_value
  error • The function 'CustomGridLayout' isn't defined • flutter/examples/api/test/widgets/scroll_view/grid_view.0_test.dart:11:37 • undefined_function
  error • Target of URI doesn't exist: 'package:flutter_api_samples/widgets/scroll_view/list_view.0.dart' • flutter/examples/api/test/widgets/scroll_view/list_view.0_test.dart:6:8 • uri_does_not_exist
  error • Target of URI doesn't exist: 'package:flutter_api_samples/widgets/scroll_view/list_view.1.dart' • flutter/examples/api/test/widgets/scroll_view/list_view.1_test.dart:6:8 • uri_does_not_exist
  error • Target of URI doesn't exist: 'package:flutter_api_samples/widgets/scrollbar/raw_scrollbar.0.dart' • flutter/examples/api/test/widgets/scrollbar/raw_scrollbar.0_test.dart:7:8 • uri_does_not_exist
  error • Target of URI doesn't exist: 'package:flutter_api_samples/widgets/scrollbar/raw_scrollbar.1.dart' • flutter/examples/api/test/widgets/scrollbar/raw_scrollbar.1_test.dart:7:8 • uri_does_not_exist
  error • Target of URI doesn't exist: 'package:flutter_api_samples/widgets/scrollbar/raw_scrollbar.2.dart' • flutter/examples/api/test/widgets/scrollbar/raw_scrollbar.2_test.dart:7:8 • uri_does_not_exist
  error • Target of URI doesn't exist: 'package:flutter_api_samples/widgets/scrollbar/raw_scrollbar.desktop.0.dart' • flutter/examples/api/test/widgets/scrollbar/raw_scrollbar.desktop.0_test.dart:6:8 • uri_does_not_exist
  error • Target of URI doesn't exist: 'package:flutter_api_samples/widgets/scrollbar/raw_scrollbar.shape.0.dart' • flutter/examples/api/test/widgets/scrollbar/raw_scrollbar.shape.0_test.dart:6:8 • uri_does_not_exist
  error • Target of URI doesn't exist: 'package:flutter_api_samples/widgets/shared_app_data/shared_app_data.0.dart' • flutter/examples/api/test/widgets/shared_app_data/shared_app_data.0_test.dart:6:8 • uri_does_not_exist
  error • Target of URI doesn't exist: 'package:flutter_api_samples/widgets/shared_app_data/shared_app_data.1.dart' • flutter/examples/api/test/widgets/shared_app_data/shared_app_data.1_test.dart:6:8 • uri_does_not_exist
  error • Target of URI doesn't exist: 'package:flutter_api_samples/widgets/shortcuts/callback_shortcuts.0.dart' • flutter/examples/api/test/widgets/shortcuts/callback_shortcuts.0_test.dart:6:8 • uri_does_not_exist
  error • Target of URI doesn't exist: 'package:flutter_api_samples/widgets/shortcuts/character_activator.0.dart' • flutter/examples/api/test/widgets/shortcuts/character_activator.0_test.dart:7:8 • uri_does_not_exist
  error • Target of URI doesn't exist: 'package:flutter_api_samples/widgets/shortcuts/logical_key_set.0.dart' • flutter/examples/api/test/widgets/shortcuts/logical_key_set.0_test.dart:6:8 • uri_does_not_exist
  error • Target of URI doesn't exist: 'package:flutter_api_samples/widgets/shortcuts/shortcuts.0.dart' • flutter/examples/api/test/widgets/shortcuts/shortcuts.0_test.dart:6:8 • uri_does_not_exist
  error • Target of URI doesn't exist: 'package:flutter_api_samples/widgets/shortcuts/shortcuts.1.dart' • flutter/examples/api/test/widgets/shortcuts/shortcuts.1_test.dart:7:8 • uri_does_not_exist
  error • Target of URI doesn't exist: 'package:flutter_api_samples/widgets/shortcuts/single_activator.0.dart' • flutter/examples/api/test/widgets/shortcuts/single_activator.0_test.dart:6:8 • uri_does_not_exist
  error • Target of URI doesn't exist: 'package:flutter_api_samples/widgets/single_child_scroll_view/single_child_scroll_view.0.dart' • flutter/examples/api/test/widgets/single_child_scroll_view/single_child_scroll_view.0_test.dart:6:8 • uri_does_not_exist
  error • Target of URI doesn't exist: 'package:flutter_api_samples/widgets/single_child_scroll_view/single_child_scroll_view.1.dart' • flutter/examples/api/test/widgets/single_child_scroll_view/single_child_scroll_view.1_test.dart:6:8 • uri_does_not_exist
  error • Target of URI doesn't exist: 'package:flutter_api_samples/widgets/sliver/decorated_sliver.0.dart' • flutter/examples/api/test/widgets/sliver/decorated_sliver.0_test.dart:6:8 • uri_does_not_exist
  error • Target of URI doesn't exist: 'package:flutter_api_samples/widgets/sliver/decorated_sliver.1.dart' • flutter/examples/api/test/widgets/sliver/decorated_sliver.1_test.dart:6:8 • uri_does_not_exist
  error • Invalid constant value • flutter/examples/api/test/widgets/sliver/decorated_sliver.1_test.dart:13:53 • invalid_constant
  error • Invalid constant value • flutter/examples/api/test/widgets/sliver/decorated_sliver.1_test.dart:24:31 • invalid_constant
  error • Target of URI doesn't exist: 'package:flutter_api_samples/widgets/sliver/pinned_header_sliver.0.dart' • flutter/examples/api/test/widgets/sliver/pinned_header_sliver.0_test.dart:6:8 • uri_does_not_exist
  error • Target of URI doesn't exist: 'package:flutter_api_samples/widgets/sliver/pinned_header_sliver.1.dart' • flutter/examples/api/test/widgets/sliver/pinned_header_sliver.1_test.dart:6:8 • uri_does_not_exist
  error • Target of URI doesn't exist: 'package:flutter_api_samples/widgets/sliver/sliver_constrained_cross_axis.0.dart' • flutter/examples/api/test/widgets/sliver/sliver_constrained_cross_axis.0_test.dart:7:8 • uri_does_not_exist
  error • Target of URI doesn't exist: 'package:flutter_api_samples/widgets/sliver/sliver_cross_axis_group.0.dart' • flutter/examples/api/test/widgets/sliver/sliver_cross_axis_group.0_test.dart:7:8 • uri_does_not_exist
  error • Target of URI doesn't exist: 'package:flutter_api_samples/widgets/sliver/sliver_ensure_semantics.0.dart' • flutter/examples/api/test/widgets/sliver/sliver_ensure_semantics.0_test.dart:5:8 • uri_does_not_exist
  error • Target of URI doesn't exist: 'package:flutter_api_samples/widgets/sliver/sliver_floating_header.0.dart' • flutter/examples/api/test/widgets/sliver/sliver_floating_header.0_test.dart:6:8 • uri_does_not_exist
  error • Target of URI doesn't exist: 'package:flutter_api_samples/widgets/sliver/sliver_list.0.dart' • flutter/examples/api/test/widgets/sliver/sliver_list.0_test.dart:5:8 • uri_does_not_exist
  error • Target of URI doesn't exist: 'package:flutter_api_samples/widgets/sliver/sliver_main_axis_group.0.dart' • flutter/examples/api/test/widgets/sliver/sliver_main_axis_group.0_test.dart:7:8 • uri_does_not_exist
  error • Target of URI doesn't exist: 'package:flutter_api_samples/widgets/sliver/sliver_opacity.1.dart' • flutter/examples/api/test/widgets/sliver/sliver_opacity.1_test.dart:6:8 • uri_does_not_exist
  error • Target of URI doesn't exist: 'package:flutter_api_samples/widgets/sliver/sliver_resizing_header.0.dart' • flutter/examples/api/test/widgets/sliver/sliver_resizing_header.0_test.dart:6:8 • uri_does_not_exist
  error • Target of URI doesn't exist: 'package:flutter_api_samples/widgets/sliver/sliver_tree.0.dart' • flutter/examples/api/test/widgets/sliver/sliver_tree.0_test.dart:5:8 • uri_does_not_exist
  error • Target of URI doesn't exist: 'package:flutter_api_samples/widgets/sliver/sliver_tree.1.dart' • flutter/examples/api/test/widgets/sliver/sliver_tree.1_test.dart:5:8 • uri_does_not_exist
  error • Target of URI doesn't exist: 'package:flutter_api_samples/widgets/sliver_fill/sliver_fill_remaining.0.dart' • flutter/examples/api/test/widgets/sliver_fill/sliver_fill_remaining.0_test.dart:6:8 • uri_does_not_exist
  error • Target of URI doesn't exist: 'package:flutter_api_samples/widgets/sliver_fill/sliver_fill_remaining.1.dart' • flutter/examples/api/test/widgets/sliver_fill/sliver_fill_remaining.1_test.dart:6:8 • uri_does_not_exist
  error • Target of URI doesn't exist: 'package:flutter_api_samples/widgets/sliver_fill/sliver_fill_remaining.2.dart' • flutter/examples/api/test/widgets/sliver_fill/sliver_fill_remaining.2_test.dart:6:8 • uri_does_not_exist
  error • Target of URI doesn't exist: 'package:flutter_api_samples/widgets/sliver_fill/sliver_fill_remaining.3.dart' • flutter/examples/api/test/widgets/sliver_fill/sliver_fill_remaining.3_test.dart:6:8 • uri_does_not_exist
  error • Target of URI doesn't exist: 'package:flutter_api_samples/widgets/slotted_render_object_widget/slotted_multi_child_render_object_widget_mixin.0.dart' • flutter/examples/api/test/widgets/slotted_render_object_widget/slotted_multi_child_render_object_widget_mixin.0_test.dart:6:8 • uri_does_not_exist
  error • Target of URI doesn't exist: 'package:flutter_api_samples/widgets/system_context_menu/system_context_menu.0.dart' • flutter/examples/api/test/widgets/system_context_menu/system_context_menu.0_test.dart:7:8 • uri_does_not_exist
  error • The 'case' shouldn't complete normally • flutter/examples/api/test/widgets/system_context_menu/system_context_menu.0_test.dart:40:9 • switch_case_completes_normally
  error • Target of URI doesn't exist: 'package:flutter_api_samples/widgets/system_context_menu/system_context_menu.1.dart' • flutter/examples/api/test/widgets/system_context_menu/system_context_menu.1_test.dart:8:8 • uri_does_not_exist
  error • Target of URI doesn't exist: 'package:flutter_api_samples/widgets/table/table.0.dart' • flutter/examples/api/test/widgets/table/table.0_test.dart:6:8 • uri_does_not_exist
  error • Target of URI doesn't exist: 'package:flutter_api_samples/widgets/tap_region/text_field_tap_region.0.dart' • flutter/examples/api/test/widgets/tap_region/text_field_tap_region.0_test.dart:6:8 • uri_does_not_exist
  error • Target of URI doesn't exist: 'package:flutter_api_samples/widgets/text/text.0.dart' • flutter/examples/api/test/widgets/text/text.0_test.dart:6:8 • uri_does_not_exist
  error • Target of URI doesn't exist: 'package:flutter_api_samples/widgets/text_editing_intents/editable_text_tap_up_outside_intent.0.dart' • flutter/examples/api/test/widgets/text_editing_intents/editable_text_tap_up_outside_intent.0_test.dart:6:8 • uri_does_not_exist
  error • Target of URI doesn't exist: 'package:flutter_api_samples/widgets/text_magnifier/text_magnifier.0.dart' • flutter/examples/api/test/widgets/text_magnifier/text_magnifier.0_test.dart:7:8 • uri_does_not_exist
  error • Target of URI doesn't exist: 'package:flutter_api_samples/widgets/transitions/align_transition.0.dart' • flutter/examples/api/test/widgets/transitions/align_transition.0_test.dart:6:8 • uri_does_not_exist
  error • Target of URI doesn't exist: 'package:flutter_api_samples/widgets/transitions/animated_builder.0.dart' • flutter/examples/api/test/widgets/transitions/animated_builder.0_test.dart:8:8 • uri_does_not_exist
  error • Target of URI doesn't exist: 'package:flutter_api_samples/widgets/transitions/animated_widget.0.dart' • flutter/examples/api/test/widgets/transitions/animated_widget.0_test.dart:8:8 • uri_does_not_exist
  error • Target of URI doesn't exist: 'package:flutter_api_samples/widgets/transitions/decorated_box_transition.0.dart' • flutter/examples/api/test/widgets/transitions/decorated_box_transition.0_test.dart:6:8 • uri_does_not_exist
  error • Target of URI doesn't exist: 'package:flutter_api_samples/widgets/transitions/default_text_style_transition.0.dart' • flutter/examples/api/test/widgets/transitions/default_text_style_transition.0_test.dart:6:8 • uri_does_not_exist
  error • Target of URI doesn't exist: 'package:flutter_api_samples/widgets/transitions/fade_transition.0.dart' • flutter/examples/api/test/widgets/transitions/fade_transition.0_test.dart:8:8 • uri_does_not_exist
  error • Target of URI doesn't exist: 'package:flutter_api_samples/widgets/transitions/listenable_builder.0.dart' • flutter/examples/api/test/widgets/transitions/listenable_builder.0_test.dart:6:8 • uri_does_not_exist
  error • Target of URI doesn't exist: 'package:flutter_api_samples/widgets/transitions/listenable_builder.1.dart' • flutter/examples/api/test/widgets/transitions/listenable_builder.1_test.dart:6:8 • uri_does_not_exist
  error • Target of URI doesn't exist: 'package:flutter_api_samples/widgets/transitions/listenable_builder.2.dart' • flutter/examples/api/test/widgets/transitions/listenable_builder.2_test.dart:6:8 • uri_does_not_exist
  error • Target of URI doesn't exist: 'package:flutter_api_samples/widgets/transitions/listenable_builder.3.dart' • flutter/examples/api/test/widgets/transitions/listenable_builder.3_test.dart:6:8 • uri_does_not_exist
  error • Target of URI doesn't exist: 'package:flutter_api_samples/widgets/transitions/matrix_transition.0.dart' • flutter/examples/api/test/widgets/transitions/matrix_transition.0_test.dart:6:8 • uri_does_not_exist
  error • Target of URI doesn't exist: 'package:flutter_api_samples/widgets/transitions/positioned_transition.0.dart' • flutter/examples/api/test/widgets/transitions/positioned_transition.0_test.dart:6:8 • uri_does_not_exist
  error • Target of URI doesn't exist: 'package:flutter_api_samples/widgets/transitions/relative_positioned_transition.0.dart' • flutter/examples/api/test/widgets/transitions/relative_positioned_transition.0_test.dart:6:8 • uri_does_not_exist
  error • Target of URI doesn't exist: 'package:flutter_api_samples/widgets/transitions/rotation_transition.0.dart' • flutter/examples/api/test/widgets/transitions/rotation_transition.0_test.dart:6:8 • uri_does_not_exist
  error • Target of URI doesn't exist: 'package:flutter_api_samples/widgets/transitions/scale_transition.0.dart' • flutter/examples/api/test/widgets/transitions/scale_transition.0_test.dart:6:8 • uri_does_not_exist
  error • Target of URI doesn't exist: 'package:flutter_api_samples/widgets/transitions/size_transition.0.dart' • flutter/examples/api/test/widgets/transitions/size_transition.0_test.dart:6:8 • uri_does_not_exist
  error • Target of URI doesn't exist: 'package:flutter_api_samples/widgets/transitions/slide_transition.0.dart' • flutter/examples/api/test/widgets/transitions/slide_transition.0_test.dart:6:8 • uri_does_not_exist
  error • Target of URI doesn't exist: 'package:flutter_api_samples/widgets/transitions/sliver_fade_transition.0.dart' • flutter/examples/api/test/widgets/transitions/sliver_fade_transition.0_test.dart:7:8 • uri_does_not_exist
  error • Target of URI doesn't exist: 'package:flutter_api_samples/widgets/tween_animation_builder/tween_animation_builder.0.dart' • flutter/examples/api/test/widgets/tween_animation_builder/tween_animation_builder.0_test.dart:8:8 • uri_does_not_exist
  error • Target of URI doesn't exist: 'package:flutter_api_samples/widgets/undo_history/undo_history_controller.0.dart' • flutter/examples/api/test/widgets/undo_history/undo_history_controller.0_test.dart:6:8 • uri_does_not_exist
  error • Target of URI doesn't exist: 'package:flutter_api_samples/widgets/value_listenable_builder/value_listenable_builder.0.dart' • flutter/examples/api/test/widgets/value_listenable_builder/value_listenable_builder.0_test.dart:6:8 • uri_does_not_exist
  error • Target of URI doesn't exist: 'package:flutter_api_samples/widgets/widget_state/widget_state_border_side.0.dart' • flutter/examples/api/test/widgets/widget_state/widget_state_border_side.0_test.dart:8:8 • uri_does_not_exist
  error • Target of URI doesn't exist: 'package:flutter_api_samples/widgets/widget_state/widget_state_mouse_cursor.0.dart' • flutter/examples/api/test/widgets/widget_state/widget_state_mouse_cursor.0_test.dart:9:8 • uri_does_not_exist
  error • Target of URI doesn't exist: 'package:flutter_api_samples/widgets/widget_state/widget_state_outlined_border.0.dart' • flutter/examples/api/test/widgets/widget_state/widget_state_outlined_border.0_test.dart:6:8 • uri_does_not_exist
  error • Target of URI doesn't exist: 'package:flutter_api_samples/widgets/widget_state/widget_state_property.0.dart' • flutter/examples/api/test/widgets/widget_state/widget_state_property.0_test.dart:8:8 • uri_does_not_exist
  error • Target of URI doesn't exist: 'package:integration_test/integration_test_driver.dart' • flutter/examples/api/test_driver/integration_test.dart:5:8 • uri_does_not_exist
  error • The function 'integrationDriver' isn't defined • flutter/examples/api/test_driver/integration_test.dart:7:24 • undefined_function
  error • Target of URI doesn't exist: 'package:hello_world/main.dart' • flutter/examples/hello_world/test/hello_test.dart:6:8 • uri_does_not_exist
  error • Target of URI doesn't exist: 'package:flutter_driver/driver_extension.dart' • flutter/examples/hello_world/test_driver/smoke_web_engine.dart:5:8 • uri_does_not_exist
  error • Target of URI doesn't exist: 'package:hello_world/main.dart' • flutter/examples/hello_world/test_driver/smoke_web_engine.dart:6:8 • uri_does_not_exist
  error • The function 'enableFlutterDriverExtension' isn't defined • flutter/examples/hello_world/test_driver/smoke_web_engine.dart:9:3 • undefined_function
  error • Target of URI doesn't exist: 'package:flutter_driver/flutter_driver.dart' • flutter/examples/hello_world/test_driver/smoke_web_engine_test.dart:7:8 • uri_does_not_exist
  error • Target of URI doesn't exist: 'package:test/test.dart' • flutter/examples/hello_world/test_driver/smoke_web_engine_test.dart:8:8 • uri_does_not_exist
  error • Target of URI doesn't exist: 'package:webdriver/async_io.dart' • flutter/examples/hello_world/test_driver/smoke_web_engine_test.dart:9:8 • uri_does_not_exist
  error • The function 'group' isn't defined • flutter/examples/hello_world/test_driver/smoke_web_engine_test.dart:16:3 • undefined_function
  error • Undefined class 'SerializableFinder' • flutter/examples/hello_world/test_driver/smoke_web_engine_test.dart:17:11 • undefined_class
  error • Undefined name 'find' • flutter/examples/hello_world/test_driver/smoke_web_engine_test.dart:17:44 • undefined_identifier
  error • Undefined class 'FlutterDriver' • flutter/examples/hello_world/test_driver/smoke_web_engine_test.dart:19:10 • undefined_class
  error • The function 'setUpAll' isn't defined • flutter/examples/hello_world/test_driver/smoke_web_engine_test.dart:22:5 • undefined_function
  error • Undefined name 'FlutterDriver' • flutter/examples/hello_world/test_driver/smoke_web_engine_test.dart:23:22 • undefined_identifier
  error • The function 'tearDownAll' isn't defined • flutter/examples/hello_world/test_driver/smoke_web_engine_test.dart:27:5 • undefined_function
  error • The function 'test' isn't defined • flutter/examples/hello_world/test_driver/smoke_web_engine_test.dart:31:5 • undefined_function
  error • The function 'expect' isn't defined • flutter/examples/hello_world/test_driver/smoke_web_engine_test.dart:32:7 • undefined_function
  error • The function 'test' isn't defined • flutter/examples/hello_world/test_driver/smoke_web_engine_test.dart:35:5 • undefined_function
  error • Undefined class 'WebElement' • flutter/examples/hello_world/test_driver/smoke_web_engine_test.dart:41:13 • undefined_class
  error • The name 'WebElement' isn't a type, so it can't be used in an 'as' expression • flutter/examples/hello_world/test_driver/smoke_web_engine_test.dart:46:18 • cast_to_non_type
  error • The function 'expect' isn't defined • flutter/examples/hello_world/test_driver/smoke_web_engine_test.dart:47:7 • undefined_function
  error • Undefined name 'isNotNull' • flutter/examples/hello_world/test_driver/smoke_web_engine_test.dart:47:28 • undefined_identifier
  error • Expected to find ';' • flutter/examples/layers/services/isolate.dart:259:5 • expected_token
warning • Dead code • flutter/examples/layers/services/isolate.dart:259:12 • dead_code
warning • Missing case clause for 'calculating' • flutter/examples/layers/services/isolate.dart:259:12 • missing_enum_constant_in_switch
warning • Missing case clause for 'idle' • flutter/examples/layers/services/isolate.dart:259:12 • missing_enum_constant_in_switch
warning • Missing case clause for 'loading' • flutter/examples/layers/services/isolate.dart:259:12 • missing_enum_constant_in_switch
  error • Expected an identifier • flutter/examples/layers/services/isolate.dart:259:12 • missing_identifier
  error • Expected to find 'case' • flutter/examples/layers/services/isolate.dart:260:7 • expected_token
   info • Unnecessary empty statement • flutter/examples/layers/services/isolate.dart:263:6 • empty_statements
  error • Target of URI doesn't exist: 'package:flutter_examples_layers/main.dart' • flutter/examples/layers/test/smoketests/lib/main_test.dart:5:8 • uri_does_not_exist
warning • Unused import: 'regular_window_edit_dialog.dart' • flutter/examples/multiple_windows/lib/app/main_window.dart:14:8 • unused_import
  error • Expected to find ';' • flutter/examples/multiple_windows/lib/app/main_window.dart:94:5 • expected_token
warning • Dead code • flutter/examples/multiple_windows/lib/app/main_window.dart:94:12 • dead_code
  error • Expected an identifier • flutter/examples/multiple_windows/lib/app/main_window.dart:94:12 • missing_identifier
  error • Expected to find 'case' • flutter/examples/multiple_windows/lib/app/main_window.dart:95:7 • expected_token
   info • Unnecessary empty statement • flutter/examples/multiple_windows/lib/app/main_window.dart:100:6 • empty_statements
  error • Expected to find ';' • flutter/examples/multiple_windows/lib/app/main_window.dart:104:5 • expected_token
warning • Dead code • flutter/examples/multiple_windows/lib/app/main_window.dart:104:12 • dead_code
  error • Expected an identifier • flutter/examples/multiple_windows/lib/app/main_window.dart:104:12 • missing_identifier
  error • Expected to find 'case' • flutter/examples/multiple_windows/lib/app/main_window.dart:105:7 • expected_token
   info • Unnecessary empty statement • flutter/examples/multiple_windows/lib/app/main_window.dart:107:6 • empty_statements
   info • Use 'const' with the constructor to improve performance • flutter/examples/multiple_windows/lib/app/regular_window_content.dart:40:29 • prefer_const_constructors
   info • Use 'const' with the constructor to improve performance • flutter/examples/multiple_windows/lib/app/regular_window_edit_dialog.dart:148:14 • prefer_const_constructors
   info • Use 'const' with the constructor to improve performance • flutter/examples/multiple_windows/lib/app/regular_window_edit_dialog.dart:155:25 • prefer_const_constructors
   info • Use 'const' with the constructor to improve performance • flutter/examples/multiple_windows/lib/app/regular_window_edit_dialog.dart:160:25 • prefer_const_constructors
   info • Use 'const' with the constructor to improve performance • flutter/examples/multiple_windows/lib/app/regular_window_edit_dialog.dart:164:25 • prefer_const_constructors
   info • Use 'const' with the constructor to improve performance • flutter/examples/multiple_windows/lib/app/regular_window_edit_dialog.dart:196:62 • prefer_const_constructors
   info • Use 'const' with the constructor to improve performance • flutter/examples/multiple_windows/lib/app/regular_window_edit_dialog.dart:197:55 • prefer_const_constructors
warning • Unused import: 'regular_window_content.dart' • flutter/examples/multiple_windows/lib/app/window_content.dart:9:8 • unused_import
  error • Expected to find ';' • flutter/examples/multiple_windows/lib/app/window_content.dart:30:5 • expected_token
warning • Dead code • flutter/examples/multiple_windows/lib/app/window_content.dart:30:12 • dead_code
  error • Expected an identifier • flutter/examples/multiple_windows/lib/app/window_content.dart:30:12 • missing_identifier
  error • Expected to find 'case' • flutter/examples/multiple_windows/lib/app/window_content.dart:31:7 • expected_token
   info • Unnecessary empty statement • flutter/examples/multiple_windows/lib/app/window_content.dart:37:6 • empty_statements
   info • Use 'const' with the constructor to improve performance • flutter/examples/multiple_windows/lib/main.dart:26:13 • prefer_const_constructors
   info • Use 'const' with the constructor to improve performance • flutter/examples/multiple_windows/lib/main.dart:69:14 • prefer_const_constructors
   info • Use 'const' with the constructor to improve performance • flutter/examples/multiple_windows/lib/main.dart:69:32 • prefer_const_constructors
  error • Target of URI doesn't exist: 'package:platform_channel/main.dart' • flutter/examples/platform_channel/test/platform_channel_test.dart:6:8 • uri_does_not_exist
  error • Target of URI doesn't exist: 'package:flutter_driver/driver_extension.dart' • flutter/examples/platform_channel/test_driver/button_tap.dart:5:8 • uri_does_not_exist
  error • Target of URI doesn't exist: 'package:platform_channel/main.dart' • flutter/examples/platform_channel/test_driver/button_tap.dart:6:8 • uri_does_not_exist
  error • The function 'enableFlutterDriverExtension' isn't defined • flutter/examples/platform_channel/test_driver/button_tap.dart:9:3 • undefined_function
  error • Target of URI doesn't exist: 'package:flutter_driver/flutter_driver.dart' • flutter/examples/platform_channel/test_driver/button_tap_test.dart:5:8 • uri_does_not_exist
  error • Target of URI doesn't exist: 'package:test/test.dart' • flutter/examples/platform_channel/test_driver/button_tap_test.dart:6:8 • uri_does_not_exist
  error • The function 'group' isn't defined • flutter/examples/platform_channel/test_driver/button_tap_test.dart:9:3 • undefined_function
  error • Undefined class 'FlutterDriver' • flutter/examples/platform_channel/test_driver/button_tap_test.dart:10:10 • undefined_class
  error • The function 'setUpAll' isn't defined • flutter/examples/platform_channel/test_driver/button_tap_test.dart:12:5 • undefined_function
  error • Undefined name 'FlutterDriver' • flutter/examples/platform_channel/test_driver/button_tap_test.dart:13:22 • undefined_identifier
  error • The function 'tearDownAll' isn't defined • flutter/examples/platform_channel/test_driver/button_tap_test.dart:16:5 • undefined_function
  error • The function 'test' isn't defined • flutter/examples/platform_channel/test_driver/button_tap_test.dart:20:5 • undefined_function
  error • Undefined class 'SerializableFinder' • flutter/examples/platform_channel/test_driver/button_tap_test.dart:21:13 • undefined_class
  error • Undefined name 'find' • flutter/examples/platform_channel/test_driver/button_tap_test.dart:21:52 • undefined_identifier
  error • The function 'expect' isn't defined • flutter/examples/platform_channel/test_driver/button_tap_test.dart:22:7 • undefined_function
  error • Undefined name 'isNotNull' • flutter/examples/platform_channel/test_driver/button_tap_test.dart:22:33 • undefined_identifier
  error • Undefined class 'SerializableFinder' • flutter/examples/platform_channel/test_driver/button_tap_test.dart:24:13 • undefined_class
  error • Undefined name 'find' • flutter/examples/platform_channel/test_driver/button_tap_test.dart:24:41 • undefined_identifier
  error • The function 'expect' isn't defined • flutter/examples/platform_channel/test_driver/button_tap_test.dart:36:7 • undefined_function
  error • Undefined name 'isTrue' • flutter/examples/platform_channel/test_driver/button_tap_test.dart:36:81 • undefined_identifier
  error • Target of URI doesn't exist: 'package:flutter_driver/driver_extension.dart' • flutter/examples/platform_channel_swift/test_driver/button_tap.dart:5:8 • uri_does_not_exist
  error • Target of URI doesn't exist: 'package:platform_channel_swift/main.dart' • flutter/examples/platform_channel_swift/test_driver/button_tap.dart:6:8 • uri_does_not_exist
  error • The function 'enableFlutterDriverExtension' isn't defined • flutter/examples/platform_channel_swift/test_driver/button_tap.dart:9:3 • undefined_function
  error • Target of URI doesn't exist: 'package:flutter_driver/flutter_driver.dart' • flutter/examples/platform_channel_swift/test_driver/button_tap_test.dart:5:8 • uri_does_not_exist
  error • Target of URI doesn't exist: 'package:test/test.dart' • flutter/examples/platform_channel_swift/test_driver/button_tap_test.dart:6:8 • uri_does_not_exist
  error • The function 'group' isn't defined • flutter/examples/platform_channel_swift/test_driver/button_tap_test.dart:9:3 • undefined_function
  error • Undefined class 'FlutterDriver' • flutter/examples/platform_channel_swift/test_driver/button_tap_test.dart:10:10 • undefined_class
  error • The function 'setUpAll' isn't defined • flutter/examples/platform_channel_swift/test_driver/button_tap_test.dart:12:5 • undefined_function
  error • Undefined name 'FlutterDriver' • flutter/examples/platform_channel_swift/test_driver/button_tap_test.dart:13:22 • undefined_identifier
  error • The function 'tearDownAll' isn't defined • flutter/examples/platform_channel_swift/test_driver/button_tap_test.dart:16:5 • undefined_function
  error • The function 'test' isn't defined • flutter/examples/platform_channel_swift/test_driver/button_tap_test.dart:20:5 • undefined_function
  error • Undefined class 'SerializableFinder' • flutter/examples/platform_channel_swift/test_driver/button_tap_test.dart:21:13 • undefined_class
  error • Undefined name 'find' • flutter/examples/platform_channel_swift/test_driver/button_tap_test.dart:21:52 • undefined_identifier
  error • The function 'expect' isn't defined • flutter/examples/platform_channel_swift/test_driver/button_tap_test.dart:22:7 • undefined_function
  error • Undefined name 'isNotNull' • flutter/examples/platform_channel_swift/test_driver/button_tap_test.dart:22:33 • undefined_identifier
  error • Undefined class 'SerializableFinder' • flutter/examples/platform_channel_swift/test_driver/button_tap_test.dart:24:13 • undefined_class
  error • Undefined name 'find' • flutter/examples/platform_channel_swift/test_driver/button_tap_test.dart:24:41 • undefined_identifier
  error • The function 'expect' isn't defined • flutter/examples/platform_channel_swift/test_driver/button_tap_test.dart:33:7 • undefined_function
  error • Undefined name 'isTrue' • flutter/examples/platform_channel_swift/test_driver/button_tap_test.dart:33:42 • undefined_identifier
   info • The import of 'package:flutter/foundation.dart' is unnecessary because all of the used elements are also provided by the import of 'package:flutter/material.dart' • flutter/examples/platform_view/lib/main.dart:6:8 • unnecessary_import
warning • The declaration '<unnamed>' isn't referenced • flutter/examples/platform_view/lib/main.dart:36:7 • unused_element
  error • Expected to find ';' • flutter/examples/platform_view/lib/main.dart:47:33 • expected_token
  error • Expected a class member • flutter/examples/platform_view/lib/main.dart:47:36 • expected_class_member
  error • Expected an identifier • flutter/examples/platform_view/lib/main.dart:47:36 • missing_identifier
  error • Expected an identifier • flutter/examples/platform_view/lib/main.dart:47:43 • missing_identifier
   info • Missing type annotation • flutter/examples/platform_view/lib/main.dart:47:44 • always_specify_types
   info • Missing type annotation • flutter/examples/platform_view/lib/main.dart:47:44 • strict_top_level_inference
   info • Unnecessary statement • flutter/examples/platform_view/lib/main.dart:48:5 • unnecessary_statements
  error • Expected to find ';' • flutter/examples/platform_view/lib/main.dart:48:20 • expected_token
  error • Expected an identifier • flutter/examples/platform_view/lib/main.dart:48:28 • missing_identifier
  error • Expected to find ';' • flutter/examples/platform_view/lib/main.dart:48:28 • expected_token
  error • Expected to find ';' • flutter/examples/platform_view/lib/main.dart:48:68 • expected_token
  error • Expected an identifier • flutter/examples/platform_view/lib/main.dart:48:69 • missing_identifier
  error • Unexpected text ';' • flutter/examples/platform_view/lib/main.dart:48:69 • unexpected_token
   info • Unnecessary statement • flutter/examples/platform_view/lib/main.dart:49:5 • unnecessary_statements
  error • Expected to find ';' • flutter/examples/platform_view/lib/main.dart:49:20 • expected_token
  error • Expected an identifier • flutter/examples/platform_view/lib/main.dart:49:24 • missing_identifier
  error • Expected to find ';' • flutter/examples/platform_view/lib/main.dart:49:24 • expected_token
  error • Expected to find ';' • flutter/examples/platform_view/lib/main.dart:49:60 • expected_token
  error • Expected an identifier • flutter/examples/platform_view/lib/main.dart:49:61 • missing_identifier
  error • Unexpected text ';' • flutter/examples/platform_view/lib/main.dart:49:61 • unexpected_token
   info • Unnecessary statement • flutter/examples/platform_view/lib/main.dart:50:5 • unnecessary_statements
  error • Expected to find ';' • flutter/examples/platform_view/lib/main.dart:50:20 • expected_token
  error • Expected an identifier • flutter/examples/platform_view/lib/main.dart:50:28 • missing_identifier
  error • Expected to find ';' • flutter/examples/platform_view/lib/main.dart:50:28 • expected_token
  error • Expected to find ';' • flutter/examples/platform_view/lib/main.dart:50:68 • expected_token
  error • Expected an identifier • flutter/examples/platform_view/lib/main.dart:50:69 • missing_identifier
  error • Unexpected text ';' • flutter/examples/platform_view/lib/main.dart:50:69 • unexpected_token
   info • Unnecessary statement • flutter/examples/platform_view/lib/main.dart:51:5 • unnecessary_statements
  error • Expected to find ';' • flutter/examples/platform_view/lib/main.dart:51:20 • expected_token
  error • Expected an identifier • flutter/examples/platform_view/lib/main.dart:51:26 • missing_identifier
  error • Expected to find ';' • flutter/examples/platform_view/lib/main.dart:51:26 • expected_token
  error • Expected to find ';' • flutter/examples/platform_view/lib/main.dart:51:64 • expected_token
  error • Expected an identifier • flutter/examples/platform_view/lib/main.dart:51:65 • missing_identifier
  error • Unexpected text ';' • flutter/examples/platform_view/lib/main.dart:51:65 • unexpected_token
   info • Unnecessary statement • flutter/examples/platform_view/lib/main.dart:52:5 • unnecessary_statements
  error • Expected to find ';' • flutter/examples/platform_view/lib/main.dart:52:20 • expected_token
  error • Expected an identifier • flutter/examples/platform_view/lib/main.dart:52:26 • missing_identifier
  error • Expected to find ';' • flutter/examples/platform_view/lib/main.dart:52:26 • expected_token
  error • Expected to find ';' • flutter/examples/platform_view/lib/main.dart:52:64 • expected_token
  error • Expected an identifier • flutter/examples/platform_view/lib/main.dart:52:65 • missing_identifier
  error • Unexpected text ';' • flutter/examples/platform_view/lib/main.dart:52:65 • unexpected_token
   info • Unnecessary statement • flutter/examples/platform_view/lib/main.dart:53:5 • unnecessary_statements
  error • Expected to find ';' • flutter/examples/platform_view/lib/main.dart:53:20 • expected_token
  error • Expected an identifier • flutter/examples/platform_view/lib/main.dart:53:28 • missing_identifier
  error • Expected to find ';' • flutter/examples/platform_view/lib/main.dart:53:28 • expected_token
  error • Expected to find ';' • flutter/examples/platform_view/lib/main.dart:53:86 • expected_token
  error • Expected an identifier • flutter/examples/platform_view/lib/main.dart:53:87 • missing_identifier
  error • Unexpected text ';' • flutter/examples/platform_view/lib/main.dart:53:87 • unexpected_token
  error • Expected a class member • flutter/examples/platform_view/lib/main.dart:54:4 • expected_class_member
  error • Target of URI doesn't exist: 'package:splash/main.dart' • flutter/examples/splash/test/splash_test.dart:8:8 • uri_does_not_exist
  error • Target of URI doesn't exist: 'package:texture/main.dart' • flutter/examples/texture/test/texture_test.dart:6:8 • uri_does_not_exist
warning • Target of URI doesn't exist: 'package:flutter_localizations/flutter_localizations.dart' • flutter/packages/flutter/lib/src/material/app.dart:5:16 • uri_does_not_exist_in_doc_import
warning • Target of URI doesn't exist: 'package:flutter_localizations/flutter_localizations.dart' • flutter/packages/flutter/lib/src/material/material_localizations.dart:6:16 • uri_does_not_exist_in_doc_import
warning • Target of URI doesn't exist: 'package:flutter_driver/driver_extension.dart' • flutter/packages/flutter/lib/src/painting/binding.dart:8:16 • uri_does_not_exist_in_doc_import
warning • Target of URI doesn't exist: 'package:flutter_localizations/flutter_localizations.dart' • flutter/packages/flutter/lib/src/widgets/localizations.dart:6:16 • uri_does_not_exist_in_doc_import
  error • Target of URI doesn't exist: 'package:flutter_goldens/flutter_goldens.dart' • flutter/packages/flutter/test/_goldens_io.dart:5:8 • uri_does_not_exist
  error • Target of URI doesn't exist: 'package:flutter_localizations/flutter_localizations.dart' • flutter/packages/flutter/test/cupertino/sheet_test.dart:8:8 • uri_does_not_exist
  error • The values in a const list literal must be constants • flutter/packages/flutter/test/cupertino/sheet_test.dart:823:11 • non_constant_list_element
  error • Undefined name 'GlobalMaterialLocalizations' • flutter/packages/flutter/test/cupertino/sheet_test.dart:823:11 • undefined_identifier
  error • The values in a const list literal must be constants • flutter/packages/flutter/test/cupertino/sheet_test.dart:824:11 • non_constant_list_element
  error • Undefined name 'GlobalWidgetsLocalizations' • flutter/packages/flutter/test/cupertino/sheet_test.dart:824:11 • undefined_identifier
  error • The values in a const list literal must be constants • flutter/packages/flutter/test/cupertino/sheet_test.dart:825:11 • non_constant_list_element
  error • Undefined name 'GlobalCupertinoLocalizations' • flutter/packages/flutter/test/cupertino/sheet_test.dart:825:11 • undefined_identifier
  error • The function 'testExecutable' isn't defined • flutter/packages/flutter/test/flutter_test_config.dart:54:26 • undefined_function
  error • Target of URI doesn't exist: 'package:flutter_localizations/flutter_localizations.dart' • flutter/packages/flutter/test/material/time_picker_test.dart:18:8 • uri_does_not_exist
  error • The values in a const list literal must be constants • flutter/packages/flutter/test/material/time_picker_test.dart:2664:11 • non_constant_list_element
  error • Undefined name 'GlobalMaterialLocalizations' • flutter/packages/flutter/test/material/time_picker_test.dart:2664:11 • undefined_identifier
  error • The values in a const list literal must be constants • flutter/packages/flutter/test/material/time_picker_test.dart:2665:11 • non_constant_list_element
  error • Undefined name 'GlobalWidgetsLocalizations' • flutter/packages/flutter/test/material/time_picker_test.dart:2665:11 • undefined_identifier
  error • Target of URI doesn't exist: 'package:process_runner/process_runner.dart' • flutter/packages/flutter/test_private/bin/test_private.dart:10:8 • uri_does_not_exist
  error • Undefined class 'ProcessRunner' • flutter/packages/flutter/test_private/bin/test_private.dart:226:11 • undefined_class
  error • The method 'ProcessRunner' isn't defined for the type 'TestCase' • flutter/packages/flutter/test_private/bin/test_private.dart:226:34 • undefined_method
  error • Undefined class 'ProcessRunnerResult' • flutter/packages/flutter/test_private/bin/test_private.dart:230:11 • undefined_class
  error • Undefined class 'ProcessRunner' • flutter/packages/flutter/test_private/bin/test_private.dart:245:11 • undefined_class
  error • The method 'ProcessRunner' isn't defined for the type 'TestCase' • flutter/packages/flutter/test_private/bin/test_private.dart:245:34 • undefined_method
  error • Undefined class 'ProcessRunnerResult' • flutter/packages/flutter/test_private/bin/test_private.dart:256:13 • undefined_class
warning • Unused import: 'diagnostics_tree.dart' • flutter/packages/flutter_driver/lib/src/common/deserialization_factory.dart:5:8 • unused_import
warning • Unused import: 'error.dart' • flutter/packages/flutter_driver/lib/src/common/deserialization_factory.dart:6:8 • unused_import
warning • Unused import: 'frame_sync.dart' • flutter/packages/flutter_driver/lib/src/common/deserialization_factory.dart:8:8 • unused_import
warning • Unused import: 'geometry.dart' • flutter/packages/flutter_driver/lib/src/common/deserialization_factory.dart:9:8 • unused_import
warning • Unused import: 'gesture.dart' • flutter/packages/flutter_driver/lib/src/common/deserialization_factory.dart:10:8 • unused_import
warning • Unused import: 'health.dart' • flutter/packages/flutter_driver/lib/src/common/deserialization_factory.dart:11:8 • unused_import
warning • Unused import: 'layer_tree.dart' • flutter/packages/flutter_driver/lib/src/common/deserialization_factory.dart:12:8 • unused_import
warning • Unused import: 'render_tree.dart' • flutter/packages/flutter_driver/lib/src/common/deserialization_factory.dart:14:8 • unused_import
warning • Unused import: 'request_data.dart' • flutter/packages/flutter_driver/lib/src/common/deserialization_factory.dart:15:8 • unused_import
warning • Unused import: 'screenshot.dart' • flutter/packages/flutter_driver/lib/src/common/deserialization_factory.dart:16:8 • unused_import
warning • Unused import: 'semantics.dart' • flutter/packages/flutter_driver/lib/src/common/deserialization_factory.dart:17:8 • unused_import
warning • Unused import: 'text.dart' • flutter/packages/flutter_driver/lib/src/common/deserialization_factory.dart:18:8 • unused_import
warning • Unused import: 'text_input_action.dart' • flutter/packages/flutter_driver/lib/src/common/deserialization_factory.dart:19:8 • unused_import
warning • Unused import: 'wait.dart' • flutter/packages/flutter_driver/lib/src/common/deserialization_factory.dart:20:8 • unused_import
  error • Expected to find ';' • flutter/packages/flutter_driver/lib/src/common/deserialization_factory.dart:32:5 • expected_token
warning • Dead code • flutter/packages/flutter_driver/lib/src/common/deserialization_factory.dart:32:12 • dead_code
  error • Expected an identifier • flutter/packages/flutter_driver/lib/src/common/deserialization_factory.dart:32:12 • missing_identifier
  error • Expected to find 'case' • flutter/packages/flutter_driver/lib/src/common/deserialization_factory.dart:33:7 • expected_token
   info • Unnecessary empty statement • flutter/packages/flutter_driver/lib/src/common/deserialization_factory.dart:42:6 • empty_statements
  error • Expected to find ';' • flutter/packages/flutter_driver/lib/src/common/deserialization_factory.dart:60:5 • expected_token
warning • Dead code • flutter/packages/flutter_driver/lib/src/common/deserialization_factory.dart:60:12 • dead_code
  error • Expected an identifier • flutter/packages/flutter_driver/lib/src/common/deserialization_factory.dart:60:12 • missing_identifier
  error • Expected to find 'case' • flutter/packages/flutter_driver/lib/src/common/deserialization_factory.dart:61:7 • expected_token
   info • Unnecessary empty statement • flutter/packages/flutter_driver/lib/src/common/deserialization_factory.dart:86:6 • empty_statements
warning • Target of URI doesn't exist: 'package:flutter_driver/flutter_driver.dart' • flutter/packages/flutter_driver/lib/src/common/find.dart:7:16 • uri_does_not_exist_in_doc_import
  error • Expected to find ';' • flutter/packages/flutter_driver/lib/src/common/find.dart:246:5 • expected_token
warning • Dead code • flutter/packages/flutter_driver/lib/src/common/find.dart:246:12 • dead_code
  error • Expected an identifier • flutter/packages/flutter_driver/lib/src/common/find.dart:246:12 • missing_identifier
  error • Expected to find 'case' • flutter/packages/flutter_driver/lib/src/common/find.dart:247:7 • expected_token
   info • Unnecessary empty statement • flutter/packages/flutter_driver/lib/src/common/find.dart:250:6 • empty_statements
  error • Target of URI doesn't exist: 'package:fuchsia_remote_debug_protocol/fuchsia_remote_debug_protocol.dart' • flutter/packages/flutter_driver/lib/src/common/fuchsia_compat.dart:7:8 • uri_does_not_exist
  error • Classes and mixins can only implement other classes and mixins • flutter/packages/flutter_driver/lib/src/common/fuchsia_compat.dart:11:38 • implements_non_class
warning • The getter doesn't override an inherited getter • flutter/packages/flutter_driver/lib/src/common/fuchsia_compat.dart:18:11 • override_on_non_overriding_member
warning • The getter doesn't override an inherited getter • flutter/packages/flutter_driver/lib/src/common/fuchsia_compat.dart:21:11 • override_on_non_overriding_member
warning • The getter doesn't override an inherited getter • flutter/packages/flutter_driver/lib/src/common/fuchsia_compat.dart:24:14 • override_on_non_overriding_member
warning • The method doesn't override an inherited method • flutter/packages/flutter_driver/lib/src/common/fuchsia_compat.dart:27:16 • override_on_non_overriding_member
  error • Classes and mixins can only implement other classes and mixins • flutter/packages/flutter_driver/lib/src/common/fuchsia_compat.dart:30:41 • implements_non_class
warning • The getter doesn't override an inherited getter • flutter/packages/flutter_driver/lib/src/common/fuchsia_compat.dart:38:14 • override_on_non_overriding_member
warning • The getter doesn't override an inherited getter • flutter/packages/flutter_driver/lib/src/common/fuchsia_compat.dart:41:14 • override_on_non_overriding_member
warning • The getter doesn't override an inherited getter • flutter/packages/flutter_driver/lib/src/common/fuchsia_compat.dart:44:14 • override_on_non_overriding_member
warning • The method doesn't override an inherited method • flutter/packages/flutter_driver/lib/src/common/fuchsia_compat.dart:47:24 • override_on_non_overriding_member
  error • The name 'PortForwarder' isn't a type, so it can't be used as a type argument • flutter/packages/flutter_driver/lib/src/common/fuchsia_compat.dart:67:8 • non_type_as_type_argument
  error • This requires the 'class-modifiers' language feature to be enabled • flutter/packages/flutter_driver/lib/src/common/fuchsia_compat.dart:82:10 • experiment_not_enabled
  error • Undefined name 'fuchsiaPortForwardingFunction' • flutter/packages/flutter_driver/lib/src/common/fuchsia_compat.dart:84:5 • undefined_identifier
  error • The method 'restoreFuchsiaPortForwardingFunction' isn't defined for the type 'FuchsiaCompat' • flutter/packages/flutter_driver/lib/src/common/fuchsia_compat.dart:91:5 • undefined_method
  error • The name 'FuchsiaRemoteConnection' isn't a type, so it can't be used as a type argument • flutter/packages/flutter_driver/lib/src/common/fuchsia_compat.dart:100:17 • non_type_as_type_argument
  error • Undefined name 'FuchsiaRemoteConnection' • flutter/packages/flutter_driver/lib/src/common/fuchsia_compat.dart:102:12 • undefined_identifier
warning • Target of URI doesn't exist: 'package:flutter_driver/flutter_driver.dart' • flutter/packages/flutter_driver/lib/src/common/handler_factory.dart:5:16 • uri_does_not_exist_in_doc_import
   info • The import of 'package:flutter/cupertino.dart' is unnecessary because all of the used elements are also provided by the import of 'package:flutter/material.dart' • flutter/packages/flutter_driver/lib/src/common/handler_factory.dart:11:8 • unnecessary_import
warning • Unused import: 'error.dart' • flutter/packages/flutter_driver/lib/src/common/handler_factory.dart:21:8 • unused_import
  error • Expected to find ';' • flutter/packages/flutter_driver/lib/src/common/handler_factory.dart:41:5 • expected_token
warning • Dead code • flutter/packages/flutter_driver/lib/src/common/handler_factory.dart:41:12 • dead_code
  error • Expected an identifier • flutter/packages/flutter_driver/lib/src/common/handler_factory.dart:41:12 • missing_identifier
  error • Expected to find 'case' • flutter/packages/flutter_driver/lib/src/common/handler_factory.dart:42:7 • expected_token
   info • Unnecessary empty statement • flutter/packages/flutter_driver/lib/src/common/handler_factory.dart:51:6 • empty_statements
warning • The declaration '_createByTextFinder' isn't referenced • flutter/packages/flutter_driver/lib/src/common/handler_factory.dart:54:10 • unused_element
warning • The declaration '_createByTooltipMessageFinder' isn't referenced • flutter/packages/flutter_driver/lib/src/common/handler_factory.dart:58:10 • unused_element
warning • The declaration '_createBySemanticsLabelFinder' isn't referenced • flutter/packages/flutter_driver/lib/src/common/handler_factory.dart:68:10 • unused_element
warning • The declaration '_createByValueKeyFinder' isn't referenced • flutter/packages/flutter_driver/lib/src/common/handler_factory.dart:82:10 • unused_element
  error • Expected to find ';' • flutter/packages/flutter_driver/lib/src/common/handler_factory.dart:83:5 • expected_token
warning • Dead code • flutter/packages/flutter_driver/lib/src/common/handler_factory.dart:83:12 • dead_code
  error • Expected an identifier • flutter/packages/flutter_driver/lib/src/common/handler_factory.dart:83:12 • missing_identifier
  error • Expected to find 'case' • flutter/packages/flutter_driver/lib/src/common/handler_factory.dart:84:7 • expected_token
   info • Unnecessary empty statement • flutter/packages/flutter_driver/lib/src/common/handler_factory.dart:87:6 • empty_statements
warning • The declaration '_createByTypeFinder' isn't referenced • flutter/packages/flutter_driver/lib/src/common/handler_factory.dart:90:10 • unused_element
warning • The declaration '_createPageBackFinder' isn't referenced • flutter/packages/flutter_driver/lib/src/common/handler_factory.dart:96:10 • unused_element
  error • Expected an identifier • flutter/packages/flutter_driver/lib/src/common/handler_factory.dart:98:28 • missing_identifier
  error • Expected to find ')' • flutter/packages/flutter_driver/lib/src/common/handler_factory.dart:98:28 • expected_token
warning • The declaration '_createAncestorFinder' isn't referenced • flutter/packages/flutter_driver/lib/src/common/handler_factory.dart:107:10 • unused_element
warning • The declaration '_createDescendantFinder' isn't referenced • flutter/packages/flutter_driver/lib/src/common/handler_factory.dart:116:10 • unused_element
  error • Expected to find ';' • flutter/packages/flutter_driver/lib/src/common/handler_factory.dart:150:5 • expected_token
warning • Dead code • flutter/packages/flutter_driver/lib/src/common/handler_factory.dart:150:12 • dead_code
  error • Expected an identifier • flutter/packages/flutter_driver/lib/src/common/handler_factory.dart:150:12 • missing_identifier
  error • Expected to find 'case' • flutter/packages/flutter_driver/lib/src/common/handler_factory.dart:151:7 • expected_token
   info • Unnecessary empty statement • flutter/packages/flutter_driver/lib/src/common/handler_factory.dart:176:6 • empty_statements
warning • The declaration '_getHealth' isn't referenced • flutter/packages/flutter_driver/lib/src/common/handler_factory.dart:179:18 • unused_element
warning • The declaration '_getLayerTree' isn't referenced • flutter/packages/flutter_driver/lib/src/common/handler_factory.dart:181:21 • unused_element
warning • The declaration '_getRenderTree' isn't referenced • flutter/packages/flutter_driver/lib/src/common/handler_factory.dart:189:22 • unused_element
warning • The declaration '_enterText' isn't referenced • flutter/packages/flutter_driver/lib/src/common/handler_factory.dart:197:18 • unused_element
warning • The declaration '_sendTextInputAction' isn't referenced • flutter/packages/flutter_driver/lib/src/common/handler_factory.dart:209:18 • unused_element
warning • The declaration '_requestData' isn't referenced • flutter/packages/flutter_driver/lib/src/common/handler_factory.dart:221:29 • unused_element
warning • The declaration '_setFrameSync' isn't referenced • flutter/packages/flutter_driver/lib/src/common/handler_factory.dart:231:18 • unused_element
warning • The declaration '_tap' isn't referenced • flutter/packages/flutter_driver/lib/src/common/handler_factory.dart:237:18 • unused_element
warning • The declaration '_waitFor' isn't referenced • flutter/packages/flutter_driver/lib/src/common/handler_factory.dart:250:18 • unused_element
warning • The declaration '_waitForAbsent' isn't referenced • flutter/packages/flutter_driver/lib/src/common/handler_factory.dart:256:18 • unused_element
warning • The declaration '_waitForTappable' isn't referenced • flutter/packages/flutter_driver/lib/src/common/handler_factory.dart:262:18 • unused_element
warning • The declaration '_waitForCondition' isn't referenced • flutter/packages/flutter_driver/lib/src/common/handler_factory.dart:268:18 • unused_element
warning • The declaration '_waitUntilNoTransientCallbacks' isn't referenced • flutter/packages/flutter_driver/lib/src/common/handler_factory.dart:279:18 • unused_element
warning • The declaration '_waitUntilNoPendingFrame' isn't referenced • flutter/packages/flutter_driver/lib/src/common/handler_factory.dart:309:18 • unused_element
warning • The declaration '_getSemanticsId' isn't referenced • flutter/packages/flutter_driver/lib/src/common/handler_factory.dart:317:32 • unused_element
warning • The declaration '_getOffset' isn't referenced • flutter/packages/flutter_driver/lib/src/common/handler_factory.dart:340:27 • unused_element
  error • Expected to find ';' • flutter/packages/flutter_driver/lib/src/common/handler_factory.dart:345:29 • expected_token
warning • Missing case clause for 'bottomLeft' • flutter/packages/flutter_driver/lib/src/common/handler_factory.dart:345:31 • missing_enum_constant_in_switch
warning • Missing case clause for 'bottomRight' • flutter/packages/flutter_driver/lib/src/common/handler_factory.dart:345:31 • missing_enum_constant_in_switch
warning • Missing case clause for 'center' • flutter/packages/flutter_driver/lib/src/common/handler_factory.dart:345:31 • missing_enum_constant_in_switch
warning • Missing case clause for 'topLeft' • flutter/packages/flutter_driver/lib/src/common/handler_factory.dart:345:31 • missing_enum_constant_in_switch
warning • Missing case clause for 'topRight' • flutter/packages/flutter_driver/lib/src/common/handler_factory.dart:345:31 • missing_enum_constant_in_switch
  error • Expected an identifier • flutter/packages/flutter_driver/lib/src/common/handler_factory.dart:345:31 • missing_identifier
  error • Expected to find 'case' • flutter/packages/flutter_driver/lib/src/common/handler_factory.dart:346:7 • expected_token
   info • Unnecessary empty statement • flutter/packages/flutter_driver/lib/src/common/handler_factory.dart:351:6 • empty_statements
warning • The declaration '_getDiagnosticsTree' isn't referenced • flutter/packages/flutter_driver/lib/src/common/handler_factory.dart:356:33 • unused_element
warning • The value of the local variable 'element' isn't used • flutter/packages/flutter_driver/lib/src/common/handler_factory.dart:364:19 • unused_local_variable
  error • Expected to find ';' • flutter/packages/flutter_driver/lib/src/common/handler_factory.dart:365:43 • expected_token
warning • Missing case clause for 'renderObject' • flutter/packages/flutter_driver/lib/src/common/handler_factory.dart:365:45 • missing_enum_constant_in_switch
warning • Missing case clause for 'widget' • flutter/packages/flutter_driver/lib/src/common/handler_factory.dart:365:45 • missing_enum_constant_in_switch
  error • Expected an identifier • flutter/packages/flutter_driver/lib/src/common/handler_factory.dart:365:45 • missing_identifier
  error • Expected to find 'case' • flutter/packages/flutter_driver/lib/src/common/handler_factory.dart:366:7 • expected_token
   info • Unnecessary empty statement • flutter/packages/flutter_driver/lib/src/common/handler_factory.dart:368:6 • empty_statements
warning • The declaration '_takeScreenshot' isn't referenced • flutter/packages/flutter_driver/lib/src/common/handler_factory.dart:379:28 • unused_element
warning • The declaration '_scroll' isn't referenced • flutter/packages/flutter_driver/lib/src/common/handler_factory.dart:391:18 • unused_element
warning • The declaration '_scrollIntoView' isn't referenced • flutter/packages/flutter_driver/lib/src/common/handler_factory.dart:419:18 • unused_element
warning • The declaration '_getText' isn't referenced • flutter/packages/flutter_driver/lib/src/common/handler_factory.dart:432:25 • unused_element
warning • The declaration '_setTextEntryEmulation' isn't referenced • flutter/packages/flutter_driver/lib/src/common/handler_factory.dart:459:18 • unused_element
warning • The declaration '_setSemantics' isn't referenced • flutter/packages/flutter_driver/lib/src/common/handler_factory.dart:472:30 • unused_element
warning • The declaration '_waitUntilFirstFrameRasterized' isn't referenced • flutter/packages/flutter_driver/lib/src/common/handler_factory.dart:497:18 • unused_element
warning • Target of URI doesn't exist: 'package:flutter_driver/flutter_driver.dart' • flutter/packages/flutter_driver/lib/src/common/health.dart:5:16 • uri_does_not_exist_in_doc_import
warning • Target of URI doesn't exist: 'package:flutter_driver/flutter_driver.dart' • flutter/packages/flutter_driver/lib/src/common/layer_tree.dart:5:16 • uri_does_not_exist_in_doc_import
warning • Target of URI doesn't exist: 'package:flutter_driver/flutter_driver.dart' • flutter/packages/flutter_driver/lib/src/common/render_tree.dart:5:16 • uri_does_not_exist_in_doc_import
  error • This requires the 'null-aware-elements' language feature to be enabled • flutter/packages/flutter_driver/lib/src/common/request_data.dart:27:61 • experiment_not_enabled
  error • The element type 'String?' can't be assigned to the map value type 'String' • flutter/packages/flutter_driver/lib/src/common/request_data.dart:27:62 • map_value_type_not_assignable
  error • Expected to find ';' • flutter/packages/flutter_driver/lib/src/common/wait.dart:224:3 • expected_token
warning • Dead code • flutter/packages/flutter_driver/lib/src/common/wait.dart:224:10 • dead_code
  error • Expected an identifier • flutter/packages/flutter_driver/lib/src/common/wait.dart:224:10 • missing_identifier
  error • Expected to find 'case' • flutter/packages/flutter_driver/lib/src/common/wait.dart:225:5 • expected_token
   info • Unnecessary empty statement • flutter/packages/flutter_driver/lib/src/common/wait.dart:233:4 • empty_statements
warning • Target of URI doesn't exist: 'package:flutter_driver/driver_extension.dart' • flutter/packages/flutter_driver/lib/src/driver/driver.dart:7:16 • uri_does_not_exist_in_doc_import
  error • Target of URI doesn't exist: 'package:webdriver/async_io.dart' • flutter/packages/flutter_driver/lib/src/driver/driver.dart:17:8 • uri_does_not_exist
  error • The 'case' shouldn't complete normally • flutter/packages/flutter_driver/lib/src/driver/frame_request_pending_latency_summarizer.dart:48:9 • switch_case_completes_normally
   info • This expression is not valid in a 'case' clause in Dart 3.0 • flutter/packages/flutter_driver/lib/src/driver/frame_request_pending_latency_summarizer.dart:48:14 • invalid_case_patterns
  error • Case expressions must be constant • flutter/packages/flutter_driver/lib/src/driver/frame_request_pending_latency_summarizer.dart:48:14 • non_constant_case_expression
  error • The constructor being called isn't a const constructor • flutter/packages/flutter_driver/lib/src/driver/frame_request_pending_latency_summarizer.dart:48:14 • const_with_non_const
  error • 1 positional argument expected by 'TimelineEvent.new', but 0 found • flutter/packages/flutter_driver/lib/src/driver/frame_request_pending_latency_summarizer.dart:48:28 • not_enough_positional_arguments
  error • The named parameter 'phase' isn't defined • flutter/packages/flutter_driver/lib/src/driver/frame_request_pending_latency_summarizer.dart:48:28 • undefined_named_parameter
  error • The named parameter 'json' isn't defined • flutter/packages/flutter_driver/lib/src/driver/frame_request_pending_latency_summarizer.dart:48:40 • undefined_named_parameter
   info • Missing type annotation • flutter/packages/flutter_driver/lib/src/driver/frame_request_pending_latency_summarizer.dart:48:46 • always_specify_types
  error • Expected an identifier • flutter/packages/flutter_driver/lib/src/driver/frame_request_pending_latency_summarizer.dart:48:53 • missing_identifier
  error • Expected to find '}' • flutter/packages/flutter_driver/lib/src/driver/frame_request_pending_latency_summarizer.dart:48:53 • expected_token
  error • Undefined name 'id' • flutter/packages/flutter_driver/lib/src/driver/frame_request_pending_latency_summarizer.dart:49:18 • undefined_identifier
   info • This expression is not valid in a 'case' clause in Dart 3.0 • flutter/packages/flutter_driver/lib/src/driver/frame_request_pending_latency_summarizer.dart:51:14 • invalid_case_patterns
  error • Case expressions must be constant • flutter/packages/flutter_driver/lib/src/driver/frame_request_pending_latency_summarizer.dart:51:14 • non_constant_case_expression
  error • The constructor being called isn't a const constructor • flutter/packages/flutter_driver/lib/src/driver/frame_request_pending_latency_summarizer.dart:51:14 • const_with_non_const
  error • 1 positional argument expected by 'TimelineEvent.new', but 0 found • flutter/packages/flutter_driver/lib/src/driver/frame_request_pending_latency_summarizer.dart:51:28 • not_enough_positional_arguments
  error • The named parameter 'phase' isn't defined • flutter/packages/flutter_driver/lib/src/driver/frame_request_pending_latency_summarizer.dart:51:28 • undefined_named_parameter
  error • The named parameter 'json' isn't defined • flutter/packages/flutter_driver/lib/src/driver/frame_request_pending_latency_summarizer.dart:51:40 • undefined_named_parameter
   info • Missing type annotation • flutter/packages/flutter_driver/lib/src/driver/frame_request_pending_latency_summarizer.dart:51:46 • always_specify_types
  error • Expected an identifier • flutter/packages/flutter_driver/lib/src/driver/frame_request_pending_latency_summarizer.dart:51:53 • missing_identifier
  error • Expected to find '}' • flutter/packages/flutter_driver/lib/src/driver/frame_request_pending_latency_summarizer.dart:51:53 • expected_token
  error • Undefined name 'id' • flutter/packages/flutter_driver/lib/src/driver/frame_request_pending_latency_summarizer.dart:52:37 • undefined_identifier
  error • Expected to find ';' • flutter/packages/flutter_driver/lib/src/driver/profiling_summarizer.dart:119:5 • expected_token
warning • Dead code • flutter/packages/flutter_driver/lib/src/driver/profiling_summarizer.dart:119:12 • dead_code
  error • Expected an identifier • flutter/packages/flutter_driver/lib/src/driver/profiling_summarizer.dart:119:12 • missing_identifier
  error • Expected to find 'case' • flutter/packages/flutter_driver/lib/src/driver/profiling_summarizer.dart:120:7 • expected_token
   info • Unnecessary empty statement • flutter/packages/flutter_driver/lib/src/driver/profiling_summarizer.dart:124:6 • empty_statements
  error • Expected to find ';' • flutter/packages/flutter_driver/lib/src/driver/timeline.dart:116:5 • expected_token
warning • Dead code • flutter/packages/flutter_driver/lib/src/driver/timeline.dart:116:12 • dead_code
  error • Expected an identifier • flutter/packages/flutter_driver/lib/src/driver/timeline.dart:116:12 • missing_identifier
   info • Unnecessary use of parentheses • flutter/packages/flutter_driver/lib/src/driver/timeline.dart:116:20 • unnecessary_parenthesis
  error • This requires the 'records' language feature to be enabled • flutter/packages/flutter_driver/lib/src/driver/timeline.dart:116:20 • experiment_not_enabled
  error • Expected to find 'case' • flutter/packages/flutter_driver/lib/src/driver/timeline.dart:117:7 • expected_token
   info • Unnecessary empty statement • flutter/packages/flutter_driver/lib/src/driver/timeline.dart:121:6 • empty_statements
  error • Target of URI doesn't exist: 'package:fuchsia_remote_debug_protocol/fuchsia_remote_debug_protocol.dart' • flutter/packages/flutter_driver/lib/src/driver/vmservice_driver.dart:12:8 • uri_does_not_exist
  error • Target of URI doesn't exist: 'package:webdriver/async_io.dart' • flutter/packages/flutter_driver/lib/src/driver/vmservice_driver.dart:15:8 • uri_does_not_exist
  error • Expected an identifier • flutter/packages/flutter_driver/lib/src/driver/vmservice_driver.dart:584:36 • missing_identifier
  error • Expected to find ')' • flutter/packages/flutter_driver/lib/src/driver/vmservice_driver.dart:584:36 • expected_token
  error • Target of URI doesn't exist: 'package:webdriver/async_io.dart' • flutter/packages/flutter_driver/lib/src/driver/web_driver.dart:13:8 • uri_does_not_exist
  error • Target of URI doesn't exist: 'package:webdriver/support/async.dart' • flutter/packages/flutter_driver/lib/src/driver/web_driver.dart:14:8 • uri_does_not_exist
  error • The method 'waitFor' isn't defined for the type 'FlutterWebConnection' • flutter/packages/flutter_driver/lib/src/driver/web_driver.dart:339:36 • undefined_method
  error • The function 'waitFor' isn't defined • flutter/packages/flutter_driver/lib/src/driver/web_driver.dart:372:9 • undefined_function
warning • Target of URI doesn't exist: 'package:flutter_driver/flutter_driver.dart' • flutter/packages/flutter_driver/lib/src/extension/extension.dart:5:16 • uri_does_not_exist_in_doc_import
warning • The declaration '_InternalNoTransientCallbacksCondition' isn't referenced • flutter/packages/flutter_driver/lib/src/extension/wait_conditions.dart:36:7 • unused_element
warning • The declaration '_InternalNoTransientCallbacksCondition.deserialize' isn't referenced • flutter/packages/flutter_driver/lib/src/extension/wait_conditions.dart:42:50 • unused_element
warning • The declaration '_InternalNoPendingFrameCondition' isn't referenced • flutter/packages/flutter_driver/lib/src/extension/wait_conditions.dart:64:7 • unused_element
warning • The declaration '_InternalNoPendingFrameCondition.deserialize' isn't referenced • flutter/packages/flutter_driver/lib/src/extension/wait_conditions.dart:70:44 • unused_element
warning • The declaration '_InternalFirstFrameRasterizedCondition' isn't referenced • flutter/packages/flutter_driver/lib/src/extension/wait_conditions.dart:92:7 • unused_element
warning • The declaration '_InternalFirstFrameRasterizedCondition.deserialize' isn't referenced • flutter/packages/flutter_driver/lib/src/extension/wait_conditions.dart:98:50 • unused_element
warning • The declaration '_InternalNoPendingPlatformMessagesCondition' isn't referenced • flutter/packages/flutter_driver/lib/src/extension/wait_conditions.dart:118:7 • unused_element
warning • The declaration '_InternalNoPendingPlatformMessagesCondition.deserialize' isn't referenced • flutter/packages/flutter_driver/lib/src/extension/wait_conditions.dart:124:55 • unused_element
warning • The declaration '_InternalCombinedCondition' isn't referenced • flutter/packages/flutter_driver/lib/src/extension/wait_conditions.dart:154:7 • unused_element
warning • The declaration '_InternalCombinedCondition.deserialize' isn't referenced • flutter/packages/flutter_driver/lib/src/extension/wait_conditions.dart:161:38 • unused_element
  error • Expected to find ';' • flutter/packages/flutter_driver/lib/src/extension/wait_conditions.dart:196:3 • expected_token
warning • Dead code • flutter/packages/flutter_driver/lib/src/extension/wait_conditions.dart:196:10 • dead_code
  error • Expected an identifier • flutter/packages/flutter_driver/lib/src/extension/wait_conditions.dart:196:10 • missing_identifier
  error • Expected to find 'case' • flutter/packages/flutter_driver/lib/src/extension/wait_conditions.dart:197:5 • expected_token
   info • Unnecessary empty statement • flutter/packages/flutter_driver/lib/src/extension/wait_conditions.dart:211:4 • empty_statements
  error • Target of URI doesn't exist: 'package:flutter_driver/src/common/error.dart' • flutter/packages/flutter_driver/test/common.dart:7:8 • uri_does_not_exist
  error • Target of URI doesn't exist: 'package:test/test.dart' • flutter/packages/flutter_driver/test/common.dart:8:8 • uri_does_not_exist
  error • Target of URI doesn't exist: 'package:test/fake.dart' • flutter/packages/flutter_driver/test/common.dart:10:8 • uri_does_not_exist
  error • Target of URI doesn't exist: 'package:test/test.dart' • flutter/packages/flutter_driver/test/common.dart:11:8 • uri_does_not_exist
  error • The function 'driverLog' isn't defined • flutter/packages/flutter_driver/test/common.dart:20:5 • undefined_function
  error • Undefined class 'Matcher' • flutter/packages/flutter_driver/test/common.dart:25:7 • undefined_class
  error • The function 'throwsA' isn't defined • flutter/packages/flutter_driver/test/common.dart:25:35 • undefined_function
  error • The function 'isA' isn't defined • flutter/packages/flutter_driver/test/common.dart:25:43 • undefined_function
  error • The name 'DriverError' isn't a type, so it can't be used as a type argument • flutter/packages/flutter_driver/test/common.dart:25:47 • non_type_as_type_argument
  error • Target of URI doesn't exist: 'package:flutter_driver/flutter_driver.dart' • flutter/packages/flutter_driver/test/src/gpu_memory_summarizer_test.dart:5:8 • uri_does_not_exist
  error • Target of URI doesn't exist: 'package:flutter_driver/src/driver/memory_summarizer.dart' • flutter/packages/flutter_driver/test/src/gpu_memory_summarizer_test.dart:6:8 • uri_does_not_exist
  error • Undefined class 'TimelineEvent' • flutter/packages/flutter_driver/test/src/gpu_memory_summarizer_test.dart:10:1 • undefined_class
  error • The function 'TimelineEvent' isn't defined • flutter/packages/flutter_driver/test/src/gpu_memory_summarizer_test.dart:10:46 • undefined_function
  error • Undefined class 'TimelineEvent' • flutter/packages/flutter_driver/test/src/gpu_memory_summarizer_test.dart:16:1 • undefined_class
  error • The function 'TimelineEvent' isn't defined • flutter/packages/flutter_driver/test/src/gpu_memory_summarizer_test.dart:16:51 • undefined_function
  error • The function 'test' isn't defined • flutter/packages/flutter_driver/test/src/gpu_memory_summarizer_test.dart:23:3 • undefined_function
  error • Undefined class 'GPUMemorySumarizer' • flutter/packages/flutter_driver/test/src/gpu_memory_summarizer_test.dart:24:11 • undefined_class
  error • The function 'GPUMemorySumarizer' isn't defined • flutter/packages/flutter_driver/test/src/gpu_memory_summarizer_test.dart:24:43 • undefined_function
  error • The name 'TimelineEvent' isn't a type, so it can't be used as a type argument • flutter/packages/flutter_driver/test/src/gpu_memory_summarizer_test.dart:24:63 • non_type_as_type_argument
  error • The function 'expect' isn't defined • flutter/packages/flutter_driver/test/src/gpu_memory_summarizer_test.dart:31:5 • undefined_function
  error • The function 'closeTo' isn't defined • flutter/packages/flutter_driver/test/src/gpu_memory_summarizer_test.dart:31:52 • undefined_function
  error • The function 'expect' isn't defined • flutter/packages/flutter_driver/test/src/gpu_memory_summarizer_test.dart:32:5 • undefined_function
  error • The function 'closeTo' isn't defined • flutter/packages/flutter_driver/test/src/gpu_memory_summarizer_test.dart:32:59 • undefined_function
  error • The function 'expect' isn't defined • flutter/packages/flutter_driver/test/src/gpu_memory_summarizer_test.dart:33:5 • undefined_function
  error • The function 'test' isn't defined • flutter/packages/flutter_driver/test/src/gpu_memory_summarizer_test.dart:36:3 • undefined_function
  error • Undefined class 'GPUMemorySumarizer' • flutter/packages/flutter_driver/test/src/gpu_memory_summarizer_test.dart:37:11 • undefined_class
  error • The function 'GPUMemorySumarizer' isn't defined • flutter/packages/flutter_driver/test/src/gpu_memory_summarizer_test.dart:37:43 • undefined_function
  error • The name 'TimelineEvent' isn't a type, so it can't be used as a type argument • flutter/packages/flutter_driver/test/src/gpu_memory_summarizer_test.dart:37:63 • non_type_as_type_argument
  error • The function 'expect' isn't defined • flutter/packages/flutter_driver/test/src/gpu_memory_summarizer_test.dart:44:5 • undefined_function
  error • The function 'closeTo' isn't defined • flutter/packages/flutter_driver/test/src/gpu_memory_summarizer_test.dart:44:52 • undefined_function
  error • The function 'expect' isn't defined • flutter/packages/flutter_driver/test/src/gpu_memory_summarizer_test.dart:45:5 • undefined_function
  error • The function 'closeTo' isn't defined • flutter/packages/flutter_driver/test/src/gpu_memory_summarizer_test.dart:45:59 • undefined_function
  error • The function 'expect' isn't defined • flutter/packages/flutter_driver/test/src/gpu_memory_summarizer_test.dart:46:5 • undefined_function
  error • Target of URI doesn't exist: 'package:flutter_driver/flutter_driver.dart' • flutter/packages/flutter_driver/test/src/gpu_summarizer_test.dart:5:8 • uri_does_not_exist
  error • Target of URI doesn't exist: 'package:flutter_driver/src/driver/gpu_sumarizer.dart' • flutter/packages/flutter_driver/test/src/gpu_summarizer_test.dart:6:8 • uri_does_not_exist
  error • Undefined class 'TimelineEvent' • flutter/packages/flutter_driver/test/src/gpu_summarizer_test.dart:10:1 • undefined_class
  error • The function 'TimelineEvent' isn't defined • flutter/packages/flutter_driver/test/src/gpu_summarizer_test.dart:10:46 • undefined_function
  error • The function 'test' isn't defined • flutter/packages/flutter_driver/test/src/gpu_summarizer_test.dart:17:3 • undefined_function
  error • Undefined class 'GpuSumarizer' • flutter/packages/flutter_driver/test/src/gpu_summarizer_test.dart:18:11 • undefined_class
  error • The function 'GpuSumarizer' isn't defined • flutter/packages/flutter_driver/test/src/gpu_summarizer_test.dart:18:37 • undefined_function
  error • The name 'TimelineEvent' isn't a type, so it can't be used as a type argument • flutter/packages/flutter_driver/test/src/gpu_summarizer_test.dart:18:51 • non_type_as_type_argument
  error • The function 'expect' isn't defined • flutter/packages/flutter_driver/test/src/gpu_summarizer_test.dart:25:5 • undefined_function
  error • The function 'closeTo' isn't defined • flutter/packages/flutter_driver/test/src/gpu_summarizer_test.dart:25:48 • undefined_function
  error • The function 'expect' isn't defined • flutter/packages/flutter_driver/test/src/gpu_summarizer_test.dart:26:5 • undefined_function
  error • The function 'closeTo' isn't defined • flutter/packages/flutter_driver/test/src/gpu_summarizer_test.dart:26:55 • undefined_function
  error • The function 'expect' isn't defined • flutter/packages/flutter_driver/test/src/gpu_summarizer_test.dart:27:5 • undefined_function
  error • Target of URI doesn't exist: 'package:flutter_driver/flutter_driver.dart' • flutter/packages/flutter_driver/test/src/real_tests/extension_test.dart:17:8 • uri_does_not_exist
  error • Target of URI doesn't exist: 'package:flutter_driver/src/extension/extension.dart' • flutter/packages/flutter_driver/test/src/real_tests/extension_test.dart:18:8 • uri_does_not_exist
  error • Undefined class 'DriverLogCallback' • flutter/packages/flutter_driver/test/src/real_tests/extension_test.dart:27:9 • undefined_class
  error • Undefined name 'driverLog' • flutter/packages/flutter_driver/test/src/real_tests/extension_test.dart:27:39 • undefined_identifier
  error • Undefined name 'driverLog' • flutter/packages/flutter_driver/test/src/real_tests/extension_test.dart:28:3 • undefined_identifier
  error • Undefined name 'driverLog' • flutter/packages/flutter_driver/test/src/real_tests/extension_test.dart:32:5 • undefined_identifier
  error • Undefined class 'FlutterDriverExtension' • flutter/packages/flutter_driver/test/src/real_tests/extension_test.dart:38:10 • undefined_class
  error • The function 'FlutterDriverExtension' isn't defined • flutter/packages/flutter_driver/test/src/real_tests/extension_test.dart:45:25 • undefined_function
  error • The name 'WaitForCondition' isn't a class • flutter/packages/flutter_driver/test/src/real_tests/extension_test.dart:59:23 • creation_with_non_type
  error • The function 'NoTransientCallbacks' isn't defined • flutter/packages/flutter_driver/test/src/real_tests/extension_test.dart:59:40 • undefined_function
  error • The name 'WaitForCondition' isn't a class • flutter/packages/flutter_driver/test/src/real_tests/extension_test.dart:76:23 • creation_with_non_type
  error • The function 'NoTransientCallbacks' isn't defined • flutter/packages/flutter_driver/test/src/real_tests/extension_test.dart:76:40 • undefined_function
  error • The name 'RequestData' isn't a class • flutter/packages/flutter_driver/test/src/real_tests/extension_test.dart:95:15 • creation_with_non_type
  error • Undefined class 'RequestDataResult' • flutter/packages/flutter_driver/test/src/real_tests/extension_test.dart:97:13 • undefined_class
  error • Undefined name 'RequestDataResult' • flutter/packages/flutter_driver/test/src/real_tests/extension_test.dart:97:40 • undefined_identifier
  error • Undefined class 'FlutterDriverExtension' • flutter/packages/flutter_driver/test/src/real_tests/extension_test.dart:106:10 • undefined_class
  error • The function 'FlutterDriverExtension' isn't defined • flutter/packages/flutter_driver/test/src/real_tests/extension_test.dart:113:25 • undefined_function
  error • The name 'WaitForCondition' isn't a class • flutter/packages/flutter_driver/test/src/real_tests/extension_test.dart:127:25 • creation_with_non_type
  error • The function 'NoTransientCallbacks' isn't defined • flutter/packages/flutter_driver/test/src/real_tests/extension_test.dart:127:42 • undefined_function
  error • The name 'WaitForCondition' isn't a class • flutter/packages/flutter_driver/test/src/real_tests/extension_test.dart:147:23 • creation_with_non_type
  error • The function 'NoTransientCallbacks' isn't defined • flutter/packages/flutter_driver/test/src/real_tests/extension_test.dart:147:40 • undefined_function
  error • The name 'WaitForCondition' isn't a class • flutter/packages/flutter_driver/test/src/real_tests/extension_test.dart:167:23 • creation_with_non_type
  error • The function 'NoPendingFrame' isn't defined • flutter/packages/flutter_driver/test/src/real_tests/extension_test.dart:167:40 • undefined_function
  error • The name 'WaitForCondition' isn't a class • flutter/packages/flutter_driver/test/src/real_tests/extension_test.dart:184:23 • creation_with_non_type
  error • The function 'NoPendingFrame' isn't defined • flutter/packages/flutter_driver/test/src/real_tests/extension_test.dart:184:40 • undefined_function
  error • Undefined class 'SerializableWaitCondition' • flutter/packages/flutter_driver/test/src/real_tests/extension_test.dart:201:13 • undefined_class
  error • Const variables must be initialized with a constant value • flutter/packages/flutter_driver/test/src/real_tests/extension_test.dart:201:59 • const_initialized_with_non_constant_value
  error • The function 'CombinedCondition' isn't defined • flutter/packages/flutter_driver/test/src/real_tests/extension_test.dart:201:59 • undefined_function
  error • The name 'SerializableWaitCondition' isn't a type, so it can't be used as a type argument • flutter/packages/flutter_driver/test/src/real_tests/extension_test.dart:202:10 • non_type_as_type_argument
  error • The function 'NoTransientCallbacks' isn't defined • flutter/packages/flutter_driver/test/src/real_tests/extension_test.dart:202:37 • undefined_function
  error • The values in a const list literal must be constants • flutter/packages/flutter_driver/test/src/real_tests/extension_test.dart:202:37 • non_constant_list_element
  error • The function 'NoPendingFrame' isn't defined • flutter/packages/flutter_driver/test/src/real_tests/extension_test.dart:202:61 • undefined_function
  error • The values in a const list literal must be constants • flutter/packages/flutter_driver/test/src/real_tests/extension_test.dart:202:61 • non_constant_list_element
  error • The name 'WaitForCondition' isn't a class • flutter/packages/flutter_driver/test/src/real_tests/extension_test.dart:205:23 • creation_with_non_type
  error • Undefined class 'SerializableWaitCondition' • flutter/packages/flutter_driver/test/src/real_tests/extension_test.dart:224:13 • undefined_class
  error • Const variables must be initialized with a constant value • flutter/packages/flutter_driver/test/src/real_tests/extension_test.dart:224:59 • const_initialized_with_non_constant_value
  error • The function 'CombinedCondition' isn't defined • flutter/packages/flutter_driver/test/src/real_tests/extension_test.dart:224:59 • undefined_function
  error • The name 'SerializableWaitCondition' isn't a type, so it can't be used as a type argument • flutter/packages/flutter_driver/test/src/real_tests/extension_test.dart:225:10 • non_type_as_type_argument
  error • The function 'NoTransientCallbacks' isn't defined • flutter/packages/flutter_driver/test/src/real_tests/extension_test.dart:225:37 • undefined_function
  error • The values in a const list literal must be constants • flutter/packages/flutter_driver/test/src/real_tests/extension_test.dart:225:37 • non_constant_list_element
  error • The function 'NoPendingFrame' isn't defined • flutter/packages/flutter_driver/test/src/real_tests/extension_test.dart:225:61 • undefined_function
  error • The values in a const list literal must be constants • flutter/packages/flutter_driver/test/src/real_tests/extension_test.dart:225:61 • non_constant_list_element
  error • The name 'WaitForCondition' isn't a class • flutter/packages/flutter_driver/test/src/real_tests/extension_test.dart:228:23 • creation_with_non_type
  error • Undefined class 'SerializableWaitCondition' • flutter/packages/flutter_driver/test/src/real_tests/extension_test.dart:252:13 • undefined_class
  error • Const variables must be initialized with a constant value • flutter/packages/flutter_driver/test/src/real_tests/extension_test.dart:252:59 • const_initialized_with_non_constant_value
  error • The function 'CombinedCondition' isn't defined • flutter/packages/flutter_driver/test/src/real_tests/extension_test.dart:252:59 • undefined_function
  error • The name 'SerializableWaitCondition' isn't a type, so it can't be used as a type argument • flutter/packages/flutter_driver/test/src/real_tests/extension_test.dart:253:10 • non_type_as_type_argument
  error • The function 'NoPendingFrame' isn't defined • flutter/packages/flutter_driver/test/src/real_tests/extension_test.dart:253:37 • undefined_function
  error • The values in a const list literal must be constants • flutter/packages/flutter_driver/test/src/real_tests/extension_test.dart:253:37 • non_constant_list_element
  error • The function 'NoTransientCallbacks' isn't defined • flutter/packages/flutter_driver/test/src/real_tests/extension_test.dart:253:55 • undefined_function
  error • The values in a const list literal must be constants • flutter/packages/flutter_driver/test/src/real_tests/extension_test.dart:253:55 • non_constant_list_element
  error • The name 'WaitForCondition' isn't a class • flutter/packages/flutter_driver/test/src/real_tests/extension_test.dart:256:23 • creation_with_non_type
  error • The name 'WaitForCondition' isn't a class • flutter/packages/flutter_driver/test/src/real_tests/extension_test.dart:276:25 • creation_with_non_type
  error • The function 'NoPendingPlatformMessages' isn't defined • flutter/packages/flutter_driver/test/src/real_tests/extension_test.dart:276:42 • undefined_function
  error • The name 'WaitForCondition' isn't a class • flutter/packages/flutter_driver/test/src/real_tests/extension_test.dart:304:25 • creation_with_non_type
  error • The function 'NoPendingPlatformMessages' isn't defined • flutter/packages/flutter_driver/test/src/real_tests/extension_test.dart:304:42 • undefined_function
  error • The name 'WaitForCondition' isn't a class • flutter/packages/flutter_driver/test/src/real_tests/extension_test.dart:351:25 • creation_with_non_type
  error • The function 'NoPendingPlatformMessages' isn't defined • flutter/packages/flutter_driver/test/src/real_tests/extension_test.dart:351:42 • undefined_function
  error • The name 'WaitForCondition' isn't a class • flutter/packages/flutter_driver/test/src/real_tests/extension_test.dart:402:25 • creation_with_non_type
  error • The function 'NoPendingPlatformMessages' isn't defined • flutter/packages/flutter_driver/test/src/real_tests/extension_test.dart:402:42 • undefined_function
  error • The name 'WaitForCondition' isn't a class • flutter/packages/flutter_driver/test/src/real_tests/extension_test.dart:454:25 • creation_with_non_type
  error • The function 'NoPendingPlatformMessages' isn't defined • flutter/packages/flutter_driver/test/src/real_tests/extension_test.dart:454:42 • undefined_function
  error • Undefined class 'FlutterDriverExtension' • flutter/packages/flutter_driver/test/src/real_tests/extension_test.dart:479:10 • undefined_class
  error • The function 'FlutterDriverExtension' isn't defined • flutter/packages/flutter_driver/test/src/real_tests/extension_test.dart:481:25 • undefined_function
  error • The function 'GetSemanticsId' isn't defined • flutter/packages/flutter_driver/test/src/real_tests/extension_test.dart:488:45 • undefined_function
  error • The name 'ByText' isn't a class • flutter/packages/flutter_driver/test/src/real_tests/extension_test.dart:488:66 • creation_with_non_type
  error • Undefined class 'GetSemanticsIdResult' • flutter/packages/flutter_driver/test/src/real_tests/extension_test.dart:490:13 • undefined_class
  error • Undefined name 'GetSemanticsIdResult' • flutter/packages/flutter_driver/test/src/real_tests/extension_test.dart:490:43 • undefined_identifier
  error • The function 'GetSemanticsId' isn't defined • flutter/packages/flutter_driver/test/src/real_tests/extension_test.dart:501:45 • undefined_function
  error • The name 'ByText' isn't a class • flutter/packages/flutter_driver/test/src/real_tests/extension_test.dart:501:66 • creation_with_non_type
  error • The function 'GetSemanticsId' isn't defined • flutter/packages/flutter_driver/test/src/real_tests/extension_test.dart:522:45 • undefined_function
  error • The name 'ByText' isn't a class • flutter/packages/flutter_driver/test/src/real_tests/extension_test.dart:522:66 • creation_with_non_type
  error • Undefined class 'FlutterDriverExtension' • flutter/packages/flutter_driver/test/src/real_tests/extension_test.dart:535:11 • undefined_class
  error • The function 'FlutterDriverExtension' isn't defined • flutter/packages/flutter_driver/test/src/real_tests/extension_test.dart:535:52 • undefined_function
  error • Undefined class 'OffsetType' • flutter/packages/flutter_driver/test/src/real_tests/extension_test.dart:541:30 • undefined_class
  error • The function 'GetOffset' isn't defined • flutter/packages/flutter_driver/test/src/real_tests/extension_test.dart:542:45 • undefined_function
  error • The function 'ByValueKey' isn't defined • flutter/packages/flutter_driver/test/src/real_tests/extension_test.dart:542:55 • undefined_function
  error • Undefined class 'GetOffsetResult' • flutter/packages/flutter_driver/test/src/real_tests/extension_test.dart:544:13 • undefined_class
  error • Undefined name 'GetOffsetResult' • flutter/packages/flutter_driver/test/src/real_tests/extension_test.dart:544:38 • undefined_identifier
  error • Undefined name 'OffsetType' • flutter/packages/flutter_driver/test/src/real_tests/extension_test.dart:560:28 • undefined_identifier
  error • Undefined name 'OffsetType' • flutter/packages/flutter_driver/test/src/real_tests/extension_test.dart:561:28 • undefined_identifier
  error • Undefined name 'OffsetType' • flutter/packages/flutter_driver/test/src/real_tests/extension_test.dart:562:28 • undefined_identifier
  error • Undefined name 'OffsetType' • flutter/packages/flutter_driver/test/src/real_tests/extension_test.dart:563:28 • undefined_identifier
  error • Undefined name 'OffsetType' • flutter/packages/flutter_driver/test/src/real_tests/extension_test.dart:564:28 • undefined_identifier
  error • Undefined class 'FlutterDriverExtension' • flutter/packages/flutter_driver/test/src/real_tests/extension_test.dart:569:13 • undefined_class
  error • The function 'FlutterDriverExtension' isn't defined • flutter/packages/flutter_driver/test/src/real_tests/extension_test.dart:569:54 • undefined_function
  error • Undefined class 'SerializableFinder' • flutter/packages/flutter_driver/test/src/real_tests/extension_test.dart:575:39 • undefined_class
  error • The function 'GetText' isn't defined • flutter/packages/flutter_driver/test/src/real_tests/extension_test.dart:576:47 • undefined_function
  error • Undefined name 'GetTextResult' • flutter/packages/flutter_driver/test/src/real_tests/extension_test.dart:584:16 • undefined_identifier
  error • The function 'ByValueKey' isn't defined • flutter/packages/flutter_driver/test/src/real_tests/extension_test.dart:646:36 • undefined_function
  error • The function 'ByValueKey' isn't defined • flutter/packages/flutter_driver/test/src/real_tests/extension_test.dart:647:36 • undefined_function
  error • The function 'ByValueKey' isn't defined • flutter/packages/flutter_driver/test/src/real_tests/extension_test.dart:648:36 • undefined_function
  error • The function 'ByValueKey' isn't defined • flutter/packages/flutter_driver/test/src/real_tests/extension_test.dart:649:36 • undefined_function
  error • The function 'ByValueKey' isn't defined • flutter/packages/flutter_driver/test/src/real_tests/extension_test.dart:650:36 • undefined_function
  error • The function 'ByValueKey' isn't defined • flutter/packages/flutter_driver/test/src/real_tests/extension_test.dart:651:36 • undefined_function
  error • The function 'GetText' isn't defined • flutter/packages/flutter_driver/test/src/real_tests/extension_test.dart:654:45 • undefined_function
  error • The function 'ByValueKey' isn't defined • flutter/packages/flutter_driver/test/src/real_tests/extension_test.dart:655:9 • undefined_function
  error • Undefined class 'FlutterDriverExtension' • flutter/packages/flutter_driver/test/src/real_tests/extension_test.dart:666:13 • undefined_class
  error • The function 'FlutterDriverExtension' isn't defined • flutter/packages/flutter_driver/test/src/real_tests/extension_test.dart:666:54 • undefined_function
  error • The function 'GetText' isn't defined • flutter/packages/flutter_driver/test/src/real_tests/extension_test.dart:673:47 • undefined_function
  error • The function 'Descendant' isn't defined • flutter/packages/flutter_driver/test/src/real_tests/extension_test.dart:674:11 • undefined_function
  error • The function 'ByValueKey' isn't defined • flutter/packages/flutter_driver/test/src/real_tests/extension_test.dart:674:26 • undefined_function
  error • The function 'ByValueKey' isn't defined • flutter/packages/flutter_driver/test/src/real_tests/extension_test.dart:674:52 • undefined_function
  error • Undefined name 'GetTextResult' • flutter/packages/flutter_driver/test/src/real_tests/extension_test.dart:681:16 • undefined_identifier
  error • Undefined class 'FlutterDriverExtension' • flutter/packages/flutter_driver/test/src/real_tests/extension_test.dart:714:13 • undefined_class
  error • The function 'FlutterDriverExtension' isn't defined • flutter/packages/flutter_driver/test/src/real_tests/extension_test.dart:714:54 • undefined_function
  error • The function 'GetText' isn't defined • flutter/packages/flutter_driver/test/src/real_tests/extension_test.dart:721:47 • undefined_function
  error • The function 'Descendant' isn't defined • flutter/packages/flutter_driver/test/src/real_tests/extension_test.dart:722:11 • undefined_function
  error • The function 'ByValueKey' isn't defined • flutter/packages/flutter_driver/test/src/real_tests/extension_test.dart:723:17 • undefined_function
  error • The name 'ByType' isn't a class • flutter/packages/flutter_driver/test/src/real_tests/extension_test.dart:724:29 • creation_with_non_type
  error • Undefined name 'GetTextResult' • flutter/packages/flutter_driver/test/src/real_tests/extension_test.dart:733:16 • undefined_identifier
  error • Undefined class 'FlutterDriverExtension' • flutter/packages/flutter_driver/test/src/real_tests/extension_test.dart:755:13 • undefined_class
  error • The function 'FlutterDriverExtension' isn't defined • flutter/packages/flutter_driver/test/src/real_tests/extension_test.dart:755:54 • undefined_function
  error • The function 'GetOffset' isn't defined • flutter/packages/flutter_driver/test/src/real_tests/extension_test.dart:766:47 • undefined_function
  error • The function 'Ancestor' isn't defined • flutter/packages/flutter_driver/test/src/real_tests/extension_test.dart:767:11 • undefined_function
  error • The function 'ByValueKey' isn't defined • flutter/packages/flutter_driver/test/src/real_tests/extension_test.dart:767:24 • undefined_function
  error • The function 'ByValueKey' isn't defined • flutter/packages/flutter_driver/test/src/real_tests/extension_test.dart:767:50 • undefined_function
  error • Undefined name 'OffsetType' • flutter/packages/flutter_driver/test/src/real_tests/extension_test.dart:768:11 • undefined_identifier
  error • Undefined class 'GetOffsetResult' • flutter/packages/flutter_driver/test/src/real_tests/extension_test.dart:775:15 • undefined_class
  error • Undefined name 'GetOffsetResult' • flutter/packages/flutter_driver/test/src/real_tests/extension_test.dart:775:40 • undefined_identifier
  error • Undefined class 'FlutterDriverExtension' • flutter/packages/flutter_driver/test/src/real_tests/extension_test.dart:827:13 • undefined_class
  error • The function 'FlutterDriverExtension' isn't defined • flutter/packages/flutter_driver/test/src/real_tests/extension_test.dart:827:54 • undefined_function
  error • The function 'GetOffset' isn't defined • flutter/packages/flutter_driver/test/src/real_tests/extension_test.dart:834:47 • undefined_function
  error • The function 'Ancestor' isn't defined • flutter/packages/flutter_driver/test/src/real_tests/extension_test.dart:835:11 • undefined_function
  error • The function 'ByValueKey' isn't defined • flutter/packages/flutter_driver/test/src/real_tests/extension_test.dart:836:17 • undefined_function
  error • The name 'ByType' isn't a class • flutter/packages/flutter_driver/test/src/real_tests/extension_test.dart:837:29 • creation_with_non_type
  error • Undefined name 'OffsetType' • flutter/packages/flutter_driver/test/src/real_tests/extension_test.dart:840:11 • undefined_identifier
  error • Undefined class 'GetOffsetResult' • flutter/packages/flutter_driver/test/src/real_tests/extension_test.dart:847:15 • undefined_class
  error • Undefined name 'GetOffsetResult' • flutter/packages/flutter_driver/test/src/real_tests/extension_test.dart:847:40 • undefined_identifier
  error • Undefined class 'FlutterDriverExtension' • flutter/packages/flutter_driver/test/src/real_tests/extension_test.dart:878:11 • undefined_class
  error • The function 'FlutterDriverExtension' isn't defined • flutter/packages/flutter_driver/test/src/real_tests/extension_test.dart:878:52 • undefined_function
  error • Undefined class 'DiagnosticsType' • flutter/packages/flutter_driver/test/src/real_tests/extension_test.dart:885:7 • undefined_class
  error • Undefined class 'SerializableFinder' • flutter/packages/flutter_driver/test/src/real_tests/extension_test.dart:886:7 • undefined_class
  error • The function 'GetDiagnosticsTree' isn't defined • flutter/packages/flutter_driver/test/src/real_tests/extension_test.dart:890:45 • undefined_function
  error • Undefined class 'DiagnosticsTreeResult' • flutter/packages/flutter_driver/test/src/real_tests/extension_test.dart:897:13 • undefined_class
  error • The function 'DiagnosticsTreeResult' isn't defined • flutter/packages/flutter_driver/test/src/real_tests/extension_test.dart:897:44 • undefined_function
  error • Undefined name 'DiagnosticsType' • flutter/packages/flutter_driver/test/src/real_tests/extension_test.dart:912:7 • undefined_identifier
  error • The function 'ByValueKey' isn't defined • flutter/packages/flutter_driver/test/src/real_tests/extension_test.dart:913:7 • undefined_function
  error • Undefined name 'DiagnosticsType' • flutter/packages/flutter_driver/test/src/real_tests/extension_test.dart:927:7 • undefined_identifier
  error • The function 'ByValueKey' isn't defined • flutter/packages/flutter_driver/test/src/real_tests/extension_test.dart:928:7 • undefined_function
  error • Undefined name 'DiagnosticsType' • flutter/packages/flutter_driver/test/src/real_tests/extension_test.dart:934:39 • undefined_identifier
  error • The function 'ByValueKey' isn't defined • flutter/packages/flutter_driver/test/src/real_tests/extension_test.dart:934:63 • undefined_function
  error • Undefined name 'DiagnosticsType' • flutter/packages/flutter_driver/test/src/real_tests/extension_test.dart:939:39 • undefined_identifier
  error • The function 'ByValueKey' isn't defined • flutter/packages/flutter_driver/test/src/real_tests/extension_test.dart:939:63 • undefined_function
  error • Undefined name 'DiagnosticsType' • flutter/packages/flutter_driver/test/src/real_tests/extension_test.dart:944:39 • undefined_identifier
  error • The function 'ByValueKey' isn't defined • flutter/packages/flutter_driver/test/src/real_tests/extension_test.dart:944:69 • undefined_function
  error • Undefined name 'DiagnosticsType' • flutter/packages/flutter_driver/test/src/real_tests/extension_test.dart:950:7 • undefined_identifier
  error • The function 'ByValueKey' isn't defined • flutter/packages/flutter_driver/test/src/real_tests/extension_test.dart:951:7 • undefined_function
  error • Undefined name 'DiagnosticsType' • flutter/packages/flutter_driver/test/src/real_tests/extension_test.dart:957:39 • undefined_identifier
  error • The function 'ByValueKey' isn't defined • flutter/packages/flutter_driver/test/src/real_tests/extension_test.dart:957:69 • undefined_function
  error • Undefined name 'DiagnosticsType' • flutter/packages/flutter_driver/test/src/real_tests/extension_test.dart:969:39 • undefined_identifier
  error • The function 'ByValueKey' isn't defined • flutter/packages/flutter_driver/test/src/real_tests/extension_test.dart:969:69 • undefined_function
  error • Undefined class 'FlutterDriverExtension' • flutter/packages/flutter_driver/test/src/real_tests/extension_test.dart:975:10 • undefined_class
  error • The name 'EnterText' isn't a class • flutter/packages/flutter_driver/test/src/real_tests/extension_test.dart:978:51 • creation_with_non_type
  error • The function 'FlutterDriverExtension' isn't defined • flutter/packages/flutter_driver/test/src/real_tests/extension_test.dart:990:25 • undefined_function
  error • The function 'FlutterDriverExtension' isn't defined • flutter/packages/flutter_driver/test/src/real_tests/extension_test.dart:999:25 • undefined_function
  error • Undefined class 'FlutterDriverExtension' • flutter/packages/flutter_driver/test/src/real_tests/extension_test.dart:1028:13 • undefined_class
  error • The function 'FlutterDriverExtension' isn't defined • flutter/packages/flutter_driver/test/src/real_tests/extension_test.dart:1028:54 • undefined_function
  error • The name 'FinderExtension' isn't a type, so it can't be used as a type argument • flutter/packages/flutter_driver/test/src/real_tests/extension_test.dart:1032:19 • non_type_as_type_argument
  error • Undefined class 'SerializableFinder' • flutter/packages/flutter_driver/test/src/real_tests/extension_test.dart:1035:44 • undefined_class
  error • The function 'GetText' isn't defined • flutter/packages/flutter_driver/test/src/real_tests/extension_test.dart:1036:47 • undefined_function
  error • Undefined class 'FlutterDriverExtension' • flutter/packages/flutter_driver/test/src/real_tests/extension_test.dart:1052:13 • undefined_class
  error • The function 'FlutterDriverExtension' isn't defined • flutter/packages/flutter_driver/test/src/real_tests/extension_test.dart:1052:54 • undefined_function
  error • The name 'FinderExtension' isn't a type, so it can't be used as a type argument • flutter/packages/flutter_driver/test/src/real_tests/extension_test.dart:1056:19 • non_type_as_type_argument
  error • The name 'GetTextResult' isn't a type, so it can't be used as a type argument • flutter/packages/flutter_driver/test/src/real_tests/extension_test.dart:1059:14 • non_type_as_type_argument
  error • Undefined class 'SerializableFinder' • flutter/packages/flutter_driver/test/src/real_tests/extension_test.dart:1059:37 • undefined_class
  error • The function 'GetText' isn't defined • flutter/packages/flutter_driver/test/src/real_tests/extension_test.dart:1060:47 • undefined_function
  error • Undefined name 'GetTextResult' • flutter/packages/flutter_driver/test/src/real_tests/extension_test.dart:1065:16 • undefined_identifier
  error • Undefined class 'GetTextResult' • flutter/packages/flutter_driver/test/src/real_tests/extension_test.dart:1070:13 • undefined_class
  error • Undefined class 'FlutterDriverExtension' • flutter/packages/flutter_driver/test/src/real_tests/extension_test.dart:1075:13 • undefined_class
  error • The function 'FlutterDriverExtension' isn't defined • flutter/packages/flutter_driver/test/src/real_tests/extension_test.dart:1075:54 • undefined_function
  error • The name 'FinderExtension' isn't a type, so it can't be used as a type argument • flutter/packages/flutter_driver/test/src/real_tests/extension_test.dart:1079:19 • non_type_as_type_argument
  error • The name 'GetTextResult' isn't a type, so it can't be used as a type argument • flutter/packages/flutter_driver/test/src/real_tests/extension_test.dart:1082:14 • non_type_as_type_argument
  error • Undefined class 'SerializableFinder' • flutter/packages/flutter_driver/test/src/real_tests/extension_test.dart:1082:37 • undefined_class
  error • The function 'GetText' isn't defined • flutter/packages/flutter_driver/test/src/real_tests/extension_test.dart:1083:47 • undefined_function
  error • Undefined name 'GetTextResult' • flutter/packages/flutter_driver/test/src/real_tests/extension_test.dart:1088:16 • undefined_identifier
  error • Undefined class 'GetTextResult' • flutter/packages/flutter_driver/test/src/real_tests/extension_test.dart:1093:13 • undefined_class
  error • The function 'Descendant' isn't defined • flutter/packages/flutter_driver/test/src/real_tests/extension_test.dart:1094:9 • undefined_function
  error • Undefined class 'FlutterDriverExtension' • flutter/packages/flutter_driver/test/src/real_tests/extension_test.dart:1100:13 • undefined_class
  error • The function 'FlutterDriverExtension' isn't defined • flutter/packages/flutter_driver/test/src/real_tests/extension_test.dart:1100:54 • undefined_function
  error • The name 'FinderExtension' isn't a type, so it can't be used as a type argument • flutter/packages/flutter_driver/test/src/real_tests/extension_test.dart:1104:19 • non_type_as_type_argument
  error • Undefined class 'SerializableFinder' • flutter/packages/flutter_driver/test/src/real_tests/extension_test.dart:1107:40 • undefined_class
  error • The function 'Tap' isn't defined • flutter/packages/flutter_driver/test/src/real_tests/extension_test.dart:1108:47 • undefined_function
  error • Undefined class 'FlutterDriverExtension' • flutter/packages/flutter_driver/test/src/real_tests/extension_test.dart:1146:13 • undefined_class
  error • The function 'FlutterDriverExtension' isn't defined • flutter/packages/flutter_driver/test/src/real_tests/extension_test.dart:1146:54 • undefined_function
  error • The name 'CommandExtension' isn't a type, so it can't be used as a type argument • flutter/packages/flutter_driver/test/src/real_tests/extension_test.dart:1150:20 • non_type_as_type_argument
  error • Undefined class 'SerializableFinder' • flutter/packages/flutter_driver/test/src/real_tests/extension_test.dart:1153:50 • undefined_class
  error • The function 'ByValueKey' isn't defined • flutter/packages/flutter_driver/test/src/real_tests/extension_test.dart:1160:63 • undefined_function
  error • Undefined class 'FlutterDriverExtension' • flutter/packages/flutter_driver/test/src/real_tests/extension_test.dart:1167:13 • undefined_class
  error • The function 'FlutterDriverExtension' isn't defined • flutter/packages/flutter_driver/test/src/real_tests/extension_test.dart:1167:54 • undefined_function
  error • The name 'CommandExtension' isn't a type, so it can't be used as a type argument • flutter/packages/flutter_driver/test/src/real_tests/extension_test.dart:1171:20 • non_type_as_type_argument
  error • Undefined class 'SerializableFinder' • flutter/packages/flutter_driver/test/src/real_tests/extension_test.dart:1174:47 • undefined_class
  error • The name 'SetFrameSync' isn't a class • flutter/packages/flutter_driver/test/src/real_tests/extension_test.dart:1176:17 • creation_with_non_type
  error • The function 'ByValueKey' isn't defined • flutter/packages/flutter_driver/test/src/real_tests/extension_test.dart:1191:60 • undefined_function
  error • Undefined class 'FlutterDriverExtension' • flutter/packages/flutter_driver/test/src/real_tests/extension_test.dart:1197:13 • undefined_class
  error • The function 'FlutterDriverExtension' isn't defined • flutter/packages/flutter_driver/test/src/real_tests/extension_test.dart:1197:54 • undefined_function
  error • The name 'CommandExtension' isn't a type, so it can't be used as a type argument • flutter/packages/flutter_driver/test/src/real_tests/extension_test.dart:1201:20 • non_type_as_type_argument
  error • Undefined class 'SerializableFinder' • flutter/packages/flutter_driver/test/src/real_tests/extension_test.dart:1204:47 • undefined_class
  error • The name 'SetFrameSync' isn't a class • flutter/packages/flutter_driver/test/src/real_tests/extension_test.dart:1206:17 • creation_with_non_type
  error • The function 'ByValueKey' isn't defined • flutter/packages/flutter_driver/test/src/real_tests/extension_test.dart:1221:60 • undefined_function
  error • Undefined class 'FlutterDriverExtension' • flutter/packages/flutter_driver/test/src/real_tests/extension_test.dart:1228:10 • undefined_class
  error • Undefined class 'SerializableFinder' • flutter/packages/flutter_driver/test/src/real_tests/extension_test.dart:1231:13 • undefined_class
  error • The function 'ByValueKey' isn't defined • flutter/packages/flutter_driver/test/src/real_tests/extension_test.dart:1231:41 • undefined_function
  error • The function 'WaitForTappable' isn't defined • flutter/packages/flutter_driver/test/src/real_tests/extension_test.dart:1232:45 • undefined_function
  error • The function 'FlutterDriverExtension' isn't defined • flutter/packages/flutter_driver/test/src/real_tests/extension_test.dart:1249:25 • undefined_function
  error • Undefined class 'FlutterDriverExtension' • flutter/packages/flutter_driver/test/src/real_tests/extension_test.dart:1259:10 • undefined_class
  error • The function 'FlutterDriverExtension' isn't defined • flutter/packages/flutter_driver/test/src/real_tests/extension_test.dart:1263:25 • undefined_function
  error • The name 'WaitForCondition' isn't a class • flutter/packages/flutter_driver/test/src/real_tests/extension_test.dart:1269:23 • creation_with_non_type
  error • The function 'NoPendingFrame' isn't defined • flutter/packages/flutter_driver/test/src/real_tests/extension_test.dart:1269:40 • undefined_function
  error • The name 'WaitForCondition' isn't a class • flutter/packages/flutter_driver/test/src/real_tests/extension_test.dart:1286:23 • creation_with_non_type
  error • The function 'NoPendingFrame' isn't defined • flutter/packages/flutter_driver/test/src/real_tests/extension_test.dart:1286:40 • undefined_function
  error • The name 'WaitForCondition' isn't a class • flutter/packages/flutter_driver/test/src/real_tests/extension_test.dart:1306:23 • creation_with_non_type
  error • The function 'NoPendingFrame' isn't defined • flutter/packages/flutter_driver/test/src/real_tests/extension_test.dart:1306:40 • undefined_function
  error • Undefined class 'FlutterDriverExtension' • flutter/packages/flutter_driver/test/src/real_tests/extension_test.dart:1324:10 • undefined_class
  error • Undefined class 'TextInputAction' • flutter/packages/flutter_driver/test/src/real_tests/extension_test.dart:1326:29 • undefined_class
  error • The function 'SendTextInputAction' isn't defined • flutter/packages/flutter_driver/test/src/real_tests/extension_test.dart:1327:45 • undefined_function
  error • The function 'FlutterDriverExtension' isn't defined • flutter/packages/flutter_driver/test/src/real_tests/extension_test.dart:1347:25 • undefined_function
  error • Undefined name 'TextInputAction' • flutter/packages/flutter_driver/test/src/real_tests/extension_test.dart:1353:24 • undefined_identifier
  error • Target of URI doesn't exist: 'package:flutter_driver/flutter_driver.dart' • flutter/packages/flutter_driver/test/src/real_tests/find_test.dart:5:8 • uri_does_not_exist
  error • The function 'test' isn't defined • flutter/packages/flutter_driver/test/src/real_tests/find_test.dart:12:3 • undefined_function
  error • Undefined class 'SerializableFinder' • flutter/packages/flutter_driver/test/src/real_tests/find_test.dart:13:11 • undefined_class
  error • Const variables must be initialized with a constant value • flutter/packages/flutter_driver/test/src/real_tests/find_test.dart:13:35 • const_initialized_with_non_constant_value
  error • The function 'ByType' isn't defined • flutter/packages/flutter_driver/test/src/real_tests/find_test.dart:13:35 • undefined_function
  error • Undefined class 'SerializableFinder' • flutter/packages/flutter_driver/test/src/real_tests/find_test.dart:14:11 • undefined_class
  error • The function 'ByValueKey' isn't defined • flutter/packages/flutter_driver/test/src/real_tests/find_test.dart:14:41 • undefined_function
  error • Undefined class 'Ancestor' • flutter/packages/flutter_driver/test/src/real_tests/find_test.dart:16:11 • undefined_class
  error • The function 'Ancestor' isn't defined • flutter/packages/flutter_driver/test/src/real_tests/find_test.dart:16:24 • undefined_function
  error • The function 'expect' isn't defined • flutter/packages/flutter_driver/test/src/real_tests/find_test.dart:17:5 • undefined_function
  error • The function 'test' isn't defined • flutter/packages/flutter_driver/test/src/real_tests/find_test.dart:26:3 • undefined_function
  error • Undefined class 'Ancestor' • flutter/packages/flutter_driver/test/src/real_tests/find_test.dart:35:11 • undefined_class
  error • Undefined name 'Ancestor' • flutter/packages/flutter_driver/test/src/real_tests/find_test.dart:35:24 • undefined_identifier
  error • The function 'expect' isn't defined • flutter/packages/flutter_driver/test/src/real_tests/find_test.dart:36:5 • undefined_function
  error • The function 'isA' isn't defined • flutter/packages/flutter_driver/test/src/real_tests/find_test.dart:36:18 • undefined_function
  error • The name 'ByType' isn't a type, so it can't be used as a type argument • flutter/packages/flutter_driver/test/src/real_tests/find_test.dart:36:22 • non_type_as_type_argument
  error • The function 'expect' isn't defined • flutter/packages/flutter_driver/test/src/real_tests/find_test.dart:37:5 • undefined_function
  error • The function 'isA' isn't defined • flutter/packages/flutter_driver/test/src/real_tests/find_test.dart:37:24 • undefined_function
  error • The name 'ByValueKey' isn't a type, so it can't be used as a type argument • flutter/packages/flutter_driver/test/src/real_tests/find_test.dart:37:28 • non_type_as_type_argument
  error • The function 'expect' isn't defined • flutter/packages/flutter_driver/test/src/real_tests/find_test.dart:38:5 • undefined_function
  error • Undefined name 'isTrue' • flutter/packages/flutter_driver/test/src/real_tests/find_test.dart:38:25 • undefined_identifier
  error • The function 'expect' isn't defined • flutter/packages/flutter_driver/test/src/real_tests/find_test.dart:39:5 • undefined_function
  error • Undefined name 'isTrue' • flutter/packages/flutter_driver/test/src/real_tests/find_test.dart:39:30 • undefined_identifier
  error • The function 'test' isn't defined • flutter/packages/flutter_driver/test/src/real_tests/find_test.dart:42:3 • undefined_function
  error • The function 'expect' isn't defined • flutter/packages/flutter_driver/test/src/real_tests/find_test.dart:50:5 • undefined_function
  error • Undefined name 'Ancestor' • flutter/packages/flutter_driver/test/src/real_tests/find_test.dart:51:13 • undefined_identifier
  error • The function 'throwsA' isn't defined • flutter/packages/flutter_driver/test/src/real_tests/find_test.dart:52:7 • undefined_function
  error • The function 'isA' isn't defined • flutter/packages/flutter_driver/test/src/real_tests/find_test.dart:53:9 • undefined_function
  error • The function 'test' isn't defined • flutter/packages/flutter_driver/test/src/real_tests/find_test.dart:60:3 • undefined_function
  error • The function 'expect' isn't defined • flutter/packages/flutter_driver/test/src/real_tests/find_test.dart:68:5 • undefined_function
  error • Undefined name 'Ancestor' • flutter/packages/flutter_driver/test/src/real_tests/find_test.dart:69:13 • undefined_identifier
  error • The function 'throwsA' isn't defined • flutter/packages/flutter_driver/test/src/real_tests/find_test.dart:70:7 • undefined_function
  error • The function 'isA' isn't defined • flutter/packages/flutter_driver/test/src/real_tests/find_test.dart:71:9 • undefined_function
  error • The function 'test' isn't defined • flutter/packages/flutter_driver/test/src/real_tests/find_test.dart:78:3 • undefined_function
  error • The function 'expect' isn't defined • flutter/packages/flutter_driver/test/src/real_tests/find_test.dart:87:5 • undefined_function
  error • Undefined name 'Ancestor' • flutter/packages/flutter_driver/test/src/real_tests/find_test.dart:88:13 • undefined_identifier
  error • The function 'throwsA' isn't defined • flutter/packages/flutter_driver/test/src/real_tests/find_test.dart:89:7 • undefined_function
  error • The function 'isA' isn't defined • flutter/packages/flutter_driver/test/src/real_tests/find_test.dart:90:9 • undefined_function
  error • The function 'test' isn't defined • flutter/packages/flutter_driver/test/src/real_tests/find_test.dart:97:3 • undefined_function
  error • Undefined class 'SerializableFinder' • flutter/packages/flutter_driver/test/src/real_tests/find_test.dart:98:11 • undefined_class
  error • Const variables must be initialized with a constant value • flutter/packages/flutter_driver/test/src/real_tests/find_test.dart:98:35 • const_initialized_with_non_constant_value
  error • The function 'ByType' isn't defined • flutter/packages/flutter_driver/test/src/real_tests/find_test.dart:98:35 • undefined_function
  error • Undefined class 'SerializableFinder' • flutter/packages/flutter_driver/test/src/real_tests/find_test.dart:99:11 • undefined_class
  error • The function 'ByValueKey' isn't defined • flutter/packages/flutter_driver/test/src/real_tests/find_test.dart:99:41 • undefined_function
  error • Undefined class 'Descendant' • flutter/packages/flutter_driver/test/src/real_tests/find_test.dart:101:11 • undefined_class
  error • The function 'Descendant' isn't defined • flutter/packages/flutter_driver/test/src/real_tests/find_test.dart:101:26 • undefined_function
  error • The function 'expect' isn't defined • flutter/packages/flutter_driver/test/src/real_tests/find_test.dart:107:5 • undefined_function
  error • The function 'test' isn't defined • flutter/packages/flutter_driver/test/src/real_tests/find_test.dart:116:3 • undefined_function
  error • Undefined class 'Descendant' • flutter/packages/flutter_driver/test/src/real_tests/find_test.dart:125:11 • undefined_class
  error • Undefined name 'Descendant' • flutter/packages/flutter_driver/test/src/real_tests/find_test.dart:125:26 • undefined_identifier
  error • The function 'expect' isn't defined • flutter/packages/flutter_driver/test/src/real_tests/find_test.dart:126:5 • undefined_function
  error • The function 'isA' isn't defined • flutter/packages/flutter_driver/test/src/real_tests/find_test.dart:126:18 • undefined_function
  error • The name 'ByType' isn't a type, so it can't be used as a type argument • flutter/packages/flutter_driver/test/src/real_tests/find_test.dart:126:22 • non_type_as_type_argument
  error • The function 'expect' isn't defined • flutter/packages/flutter_driver/test/src/real_tests/find_test.dart:127:5 • undefined_function
  error • The function 'isA' isn't defined • flutter/packages/flutter_driver/test/src/real_tests/find_test.dart:127:24 • undefined_function
  error • The name 'ByValueKey' isn't a type, so it can't be used as a type argument • flutter/packages/flutter_driver/test/src/real_tests/find_test.dart:127:28 • non_type_as_type_argument
  error • The function 'expect' isn't defined • flutter/packages/flutter_driver/test/src/real_tests/find_test.dart:128:5 • undefined_function
  error • Undefined name 'isTrue' • flutter/packages/flutter_driver/test/src/real_tests/find_test.dart:128:25 • undefined_identifier
  error • The function 'expect' isn't defined • flutter/packages/flutter_driver/test/src/real_tests/find_test.dart:129:5 • undefined_function
  error • Undefined name 'isTrue' • flutter/packages/flutter_driver/test/src/real_tests/find_test.dart:129:30 • undefined_identifier
  error • The function 'test' isn't defined • flutter/packages/flutter_driver/test/src/real_tests/find_test.dart:132:3 • undefined_function
  error • The function 'expect' isn't defined • flutter/packages/flutter_driver/test/src/real_tests/find_test.dart:140:5 • undefined_function
  error • Undefined name 'Descendant' • flutter/packages/flutter_driver/test/src/real_tests/find_test.dart:141:13 • undefined_identifier
  error • The function 'throwsA' isn't defined • flutter/packages/flutter_driver/test/src/real_tests/find_test.dart:142:7 • undefined_function
  error • The function 'isA' isn't defined • flutter/packages/flutter_driver/test/src/real_tests/find_test.dart:143:9 • undefined_function
  error • The function 'test' isn't defined • flutter/packages/flutter_driver/test/src/real_tests/find_test.dart:150:3 • undefined_function
  error • The function 'expect' isn't defined • flutter/packages/flutter_driver/test/src/real_tests/find_test.dart:158:5 • undefined_function
  error • Undefined name 'Descendant' • flutter/packages/flutter_driver/test/src/real_tests/find_test.dart:159:13 • undefined_identifier
  error • The function 'throwsA' isn't defined • flutter/packages/flutter_driver/test/src/real_tests/find_test.dart:160:7 • undefined_function
  error • The function 'isA' isn't defined • flutter/packages/flutter_driver/test/src/real_tests/find_test.dart:161:9 • undefined_function
  error • The function 'group' isn't defined • flutter/packages/flutter_driver/test/src/real_tests/find_test.dart:168:3 • undefined_function
  error • The function 'test' isn't defined • flutter/packages/flutter_driver/test/src/real_tests/find_test.dart:169:5 • undefined_function
  error • Undefined class 'ByTooltipMessage' • flutter/packages/flutter_driver/test/src/real_tests/find_test.dart:170:13 • undefined_class
  error • Const variables must be initialized with a constant value • flutter/packages/flutter_driver/test/src/real_tests/find_test.dart:170:39 • const_initialized_with_non_constant_value
  error • The function 'ByTooltipMessage' isn't defined • flutter/packages/flutter_driver/test/src/real_tests/find_test.dart:170:39 • undefined_function
  error • Undefined class 'ByTooltipMessage' • flutter/packages/flutter_driver/test/src/real_tests/find_test.dart:171:13 • undefined_class
  error • Undefined name 'ByTooltipMessage' • flutter/packages/flutter_driver/test/src/real_tests/find_test.dart:171:42 • undefined_identifier
  error • The function 'expect' isn't defined • flutter/packages/flutter_driver/test/src/real_tests/find_test.dart:172:7 • undefined_function
  error • The function 'test' isn't defined • flutter/packages/flutter_driver/test/src/real_tests/find_test.dart:175:5 • undefined_function
  error • The function 'expect' isn't defined • flutter/packages/flutter_driver/test/src/real_tests/find_test.dart:177:7 • undefined_function
  error • Undefined name 'ByTooltipMessage' • flutter/packages/flutter_driver/test/src/real_tests/find_test.dart:178:15 • undefined_identifier
  error • The function 'throwsA' isn't defined • flutter/packages/flutter_driver/test/src/real_tests/find_test.dart:179:9 • undefined_function
  error • The function 'isA' isn't defined • flutter/packages/flutter_driver/test/src/real_tests/find_test.dart:180:11 • undefined_function
  error • The function 'group' isn't defined • flutter/packages/flutter_driver/test/src/real_tests/find_test.dart:188:3 • undefined_function
  error • The function 'test' isn't defined • flutter/packages/flutter_driver/test/src/real_tests/find_test.dart:189:5 • undefined_function
  error • Undefined class 'BySemanticsLabel' • flutter/packages/flutter_driver/test/src/real_tests/find_test.dart:190:13 • undefined_class
  error • Const variables must be initialized with a constant value • flutter/packages/flutter_driver/test/src/real_tests/find_test.dart:190:39 • const_initialized_with_non_constant_value
  error • The function 'BySemanticsLabel' isn't defined • flutter/packages/flutter_driver/test/src/real_tests/find_test.dart:190:39 • undefined_function
  error • Undefined class 'BySemanticsLabel' • flutter/packages/flutter_driver/test/src/real_tests/find_test.dart:191:13 • undefined_class
  error • Undefined name 'BySemanticsLabel' • flutter/packages/flutter_driver/test/src/real_tests/find_test.dart:191:42 • undefined_identifier
  error • The function 'expect' isn't defined • flutter/packages/flutter_driver/test/src/real_tests/find_test.dart:192:7 • undefined_function
  error • The function 'test' isn't defined • flutter/packages/flutter_driver/test/src/real_tests/find_test.dart:195:5 • undefined_function
  error • Undefined class 'BySemanticsLabel' • flutter/packages/flutter_driver/test/src/real_tests/find_test.dart:196:13 • undefined_class
  error • The function 'BySemanticsLabel' isn't defined • flutter/packages/flutter_driver/test/src/real_tests/find_test.dart:196:39 • undefined_function
  error • Undefined class 'BySemanticsLabel' • flutter/packages/flutter_driver/test/src/real_tests/find_test.dart:197:13 • undefined_class
  error • Undefined name 'BySemanticsLabel' • flutter/packages/flutter_driver/test/src/real_tests/find_test.dart:197:42 • undefined_identifier
  error • The function 'expect' isn't defined • flutter/packages/flutter_driver/test/src/real_tests/find_test.dart:198:7 • undefined_function
  error • The function 'isA' isn't defined • flutter/packages/flutter_driver/test/src/real_tests/find_test.dart:198:31 • undefined_function
  error • The function 'expect' isn't defined • flutter/packages/flutter_driver/test/src/real_tests/find_test.dart:199:7 • undefined_function
  error • The function 'test' isn't defined • flutter/packages/flutter_driver/test/src/real_tests/find_test.dart:202:5 • undefined_function
  error • The function 'expect' isn't defined • flutter/packages/flutter_driver/test/src/real_tests/find_test.dart:204:7 • undefined_function
  error • Undefined name 'BySemanticsLabel' • flutter/packages/flutter_driver/test/src/real_tests/find_test.dart:205:15 • undefined_identifier
  error • The function 'throwsA' isn't defined • flutter/packages/flutter_driver/test/src/real_tests/find_test.dart:206:9 • undefined_function
  error • The function 'isA' isn't defined • flutter/packages/flutter_driver/test/src/real_tests/find_test.dart:207:11 • undefined_function
  error • The function 'group' isn't defined • flutter/packages/flutter_driver/test/src/real_tests/find_test.dart:215:3 • undefined_function
  error • The function 'test' isn't defined • flutter/packages/flutter_driver/test/src/real_tests/find_test.dart:216:5 • undefined_function
  error • Undefined class 'ByText' • flutter/packages/flutter_driver/test/src/real_tests/find_test.dart:217:13 • undefined_class
  error • Const variables must be initialized with a constant value • flutter/packages/flutter_driver/test/src/real_tests/find_test.dart:217:29 • const_initialized_with_non_constant_value
  error • The function 'ByText' isn't defined • flutter/packages/flutter_driver/test/src/real_tests/find_test.dart:217:29 • undefined_function
  error • Undefined class 'ByText' • flutter/packages/flutter_driver/test/src/real_tests/find_test.dart:218:13 • undefined_class
  error • Undefined name 'ByText' • flutter/packages/flutter_driver/test/src/real_tests/find_test.dart:218:32 • undefined_identifier
  error • The function 'expect' isn't defined • flutter/packages/flutter_driver/test/src/real_tests/find_test.dart:219:7 • undefined_function
  error • The function 'test' isn't defined • flutter/packages/flutter_driver/test/src/real_tests/find_test.dart:222:5 • undefined_function
  error • The function 'expect' isn't defined • flutter/packages/flutter_driver/test/src/real_tests/find_test.dart:224:7 • undefined_function
  error • Undefined name 'ByText' • flutter/packages/flutter_driver/test/src/real_tests/find_test.dart:225:15 • undefined_identifier
  error • The function 'throwsA' isn't defined • flutter/packages/flutter_driver/test/src/real_tests/find_test.dart:226:9 • undefined_function
  error • The function 'isA' isn't defined • flutter/packages/flutter_driver/test/src/real_tests/find_test.dart:227:11 • undefined_function
  error • The function 'group' isn't defined • flutter/packages/flutter_driver/test/src/real_tests/find_test.dart:235:3 • undefined_function
  error • The function 'test' isn't defined • flutter/packages/flutter_driver/test/src/real_tests/find_test.dart:236:5 • undefined_function
  error • Undefined class 'ByValueKey' • flutter/packages/flutter_driver/test/src/real_tests/find_test.dart:237:13 • undefined_class
  error • The function 'ByValueKey' isn't defined • flutter/packages/flutter_driver/test/src/real_tests/find_test.dart:237:33 • undefined_function
  error • Undefined class 'ByValueKey' • flutter/packages/flutter_driver/test/src/real_tests/find_test.dart:238:13 • undefined_class
  error • Undefined name 'ByValueKey' • flutter/packages/flutter_driver/test/src/real_tests/find_test.dart:238:36 • undefined_identifier
  error • The function 'expect' isn't defined • flutter/packages/flutter_driver/test/src/real_tests/find_test.dart:239:7 • undefined_function
  error • The function 'test' isn't defined • flutter/packages/flutter_driver/test/src/real_tests/find_test.dart:242:5 • undefined_function
  error • Undefined class 'ByValueKey' • flutter/packages/flutter_driver/test/src/real_tests/find_test.dart:243:13 • undefined_class
  error • The function 'ByValueKey' isn't defined • flutter/packages/flutter_driver/test/src/real_tests/find_test.dart:243:33 • undefined_function
  error • Undefined class 'ByValueKey' • flutter/packages/flutter_driver/test/src/real_tests/find_test.dart:244:13 • undefined_class
  error • Undefined name 'ByValueKey' • flutter/packages/flutter_driver/test/src/real_tests/find_test.dart:244:36 • undefined_identifier
  error • The function 'expect' isn't defined • flutter/packages/flutter_driver/test/src/real_tests/find_test.dart:245:7 • undefined_function
  error • The function 'test' isn't defined • flutter/packages/flutter_driver/test/src/real_tests/find_test.dart:248:5 • undefined_function
  error • The function 'expect' isn't defined • flutter/packages/flutter_driver/test/src/real_tests/find_test.dart:253:7 • undefined_function
  error • Undefined name 'ByValueKey' • flutter/packages/flutter_driver/test/src/real_tests/find_test.dart:254:15 • undefined_identifier
  error • The function 'throwsA' isn't defined • flutter/packages/flutter_driver/test/src/real_tests/find_test.dart:255:9 • undefined_function
  error • The function 'isA' isn't defined • flutter/packages/flutter_driver/test/src/real_tests/find_test.dart:256:11 • undefined_function
  error • The function 'test' isn't defined • flutter/packages/flutter_driver/test/src/real_tests/find_test.dart:263:5 • undefined_function
  error • The function 'expect' isn't defined • flutter/packages/flutter_driver/test/src/real_tests/find_test.dart:268:7 • undefined_function
  error • Undefined name 'ByValueKey' • flutter/packages/flutter_driver/test/src/real_tests/find_test.dart:269:15 • undefined_identifier
  error • The function 'throwsA' isn't defined • flutter/packages/flutter_driver/test/src/real_tests/find_test.dart:270:9 • undefined_function
  error • The function 'isA' isn't defined • flutter/packages/flutter_driver/test/src/real_tests/find_test.dart:271:11 • undefined_function
  error • The function 'test' isn't defined • flutter/packages/flutter_driver/test/src/real_tests/find_test.dart:278:5 • undefined_function
  error • The function 'expect' isn't defined • flutter/packages/flutter_driver/test/src/real_tests/find_test.dart:284:7 • undefined_function
  error • Undefined name 'ByValueKey' • flutter/packages/flutter_driver/test/src/real_tests/find_test.dart:285:15 • undefined_identifier
  error • The function 'throwsA' isn't defined • flutter/packages/flutter_driver/test/src/real_tests/find_test.dart:286:9 • undefined_function
  error • The function 'isA' isn't defined • flutter/packages/flutter_driver/test/src/real_tests/find_test.dart:287:11 • undefined_function
  error • The name 'DriverError' isn't a type, so it can't be used as a type argument • flutter/packages/flutter_driver/test/src/real_tests/find_test.dart:287:15 • non_type_as_type_argument
  error • Undefined class 'DriverError' • flutter/packages/flutter_driver/test/src/real_tests/find_test.dart:288:14 • undefined_class
  error • The function 'group' isn't defined • flutter/packages/flutter_driver/test/src/real_tests/find_test.dart:297:3 • undefined_function
  error • The function 'test' isn't defined • flutter/packages/flutter_driver/test/src/real_tests/find_test.dart:298:5 • undefined_function
  error • Undefined class 'ByType' • flutter/packages/flutter_driver/test/src/real_tests/find_test.dart:299:13 • undefined_class
  error • Const variables must be initialized with a constant value • flutter/packages/flutter_driver/test/src/real_tests/find_test.dart:299:29 • const_initialized_with_non_constant_value
  error • The function 'ByType' isn't defined • flutter/packages/flutter_driver/test/src/real_tests/find_test.dart:299:29 • undefined_function
  error • Undefined class 'ByType' • flutter/packages/flutter_driver/test/src/real_tests/find_test.dart:300:13 • undefined_class
  error • Undefined name 'ByType' • flutter/packages/flutter_driver/test/src/real_tests/find_test.dart:300:32 • undefined_identifier
  error • The function 'expect' isn't defined • flutter/packages/flutter_driver/test/src/real_tests/find_test.dart:301:7 • undefined_function
  error • The function 'test' isn't defined • flutter/packages/flutter_driver/test/src/real_tests/find_test.dart:304:5 • undefined_function
  error • The function 'expect' isn't defined • flutter/packages/flutter_driver/test/src/real_tests/find_test.dart:306:7 • undefined_function
  error • Undefined name 'ByType' • flutter/packages/flutter_driver/test/src/real_tests/find_test.dart:307:15 • undefined_identifier
  error • The function 'throwsA' isn't defined • flutter/packages/flutter_driver/test/src/real_tests/find_test.dart:308:9 • undefined_function
  error • The function 'isA' isn't defined • flutter/packages/flutter_driver/test/src/real_tests/find_test.dart:309:11 • undefined_function
  error • Mixin can only be applied to class • flutter/packages/flutter_driver/test/src/real_tests/find_test.dart:318:31 • mixin_with_non_class_superclass
  error • Classes can only mix in mixins and classes • flutter/packages/flutter_driver/test/src/real_tests/find_test.dart:318:41 • mixin_of_non_class
  error • Target of URI doesn't exist: 'package:flutter_driver/src/common/error.dart' • flutter/packages/flutter_driver/test/src/real_tests/flutter_driver_test.dart:10:8 • uri_does_not_exist
  error • Target of URI doesn't exist: 'package:flutter_driver/src/common/health.dart' • flutter/packages/flutter_driver/test/src/real_tests/flutter_driver_test.dart:11:8 • uri_does_not_exist
  error • Target of URI doesn't exist: 'package:flutter_driver/src/common/layer_tree.dart' • flutter/packages/flutter_driver/test/src/real_tests/flutter_driver_test.dart:12:8 • uri_does_not_exist
  error • Target of URI doesn't exist: 'package:flutter_driver/src/common/text_input_action.dart' • flutter/packages/flutter_driver/test/src/real_tests/flutter_driver_test.dart:13:8 • uri_does_not_exist
  error • Target of URI doesn't exist: 'package:flutter_driver/src/common/wait.dart' • flutter/packages/flutter_driver/test/src/real_tests/flutter_driver_test.dart:14:8 • uri_does_not_exist
  error • Target of URI doesn't exist: 'package:flutter_driver/src/driver/driver.dart' • flutter/packages/flutter_driver/test/src/real_tests/flutter_driver_test.dart:15:8 • uri_does_not_exist
  error • Target of URI doesn't exist: 'package:flutter_driver/src/driver/timeline.dart' • flutter/packages/flutter_driver/test/src/real_tests/flutter_driver_test.dart:16:8 • uri_does_not_exist
  error • Undefined name 'driverLog' • flutter/packages/flutter_driver/test/src/real_tests/flutter_driver_test.dart:30:3 • undefined_identifier
  error • The function 'group' isn't defined • flutter/packages/flutter_driver/test/src/real_tests/flutter_driver_test.dart:34:3 • undefined_function
  error • Undefined class 'VMServiceFlutterDriver' • flutter/packages/flutter_driver/test/src/real_tests/flutter_driver_test.dart:38:10 • undefined_class
  error • The function 'setUp' isn't defined • flutter/packages/flutter_driver/test/src/real_tests/flutter_driver_test.dart:41:5 • undefined_function
  error • The function 'tearDown' isn't defined • flutter/packages/flutter_driver/test/src/real_tests/flutter_driver_test.dart:48:5 • undefined_function
  error • The function 'group' isn't defined • flutter/packages/flutter_driver/test/src/real_tests/flutter_driver_test.dart:54:5 • undefined_function
  error • The function 'test' isn't defined • flutter/packages/flutter_driver/test/src/real_tests/flutter_driver_test.dart:55:7 • undefined_function
  error • Undefined name 'VMServiceFlutterDriver' • flutter/packages/flutter_driver/test/src/real_tests/flutter_driver_test.dart:56:18 • undefined_identifier
  error • Undefined name 'find' • flutter/packages/flutter_driver/test/src/real_tests/flutter_driver_test.dart:59:30 • undefined_identifier
  error • The function 'expect' isn't defined • flutter/packages/flutter_driver/test/src/real_tests/flutter_driver_test.dart:62:9 • undefined_function
  error • The function 'expect' isn't defined • flutter/packages/flutter_driver/test/src/real_tests/flutter_driver_test.dart:69:9 • undefined_function
  error • The function 'expect' isn't defined • flutter/packages/flutter_driver/test/src/real_tests/flutter_driver_test.dart:74:9 • undefined_function
  error • The function 'test' isn't defined • flutter/packages/flutter_driver/test/src/real_tests/flutter_driver_test.dart:81:7 • undefined_function
  error • Undefined name 'VMServiceFlutterDriver' • flutter/packages/flutter_driver/test/src/real_tests/flutter_driver_test.dart:82:18 • undefined_identifier
  error • Undefined name 'find' • flutter/packages/flutter_driver/test/src/real_tests/flutter_driver_test.dart:92:30 • undefined_identifier
  error • The function 'expect' isn't defined • flutter/packages/flutter_driver/test/src/real_tests/flutter_driver_test.dart:95:9 • undefined_function
  error • The function 'test' isn't defined • flutter/packages/flutter_driver/test/src/real_tests/flutter_driver_test.dart:98:7 • undefined_function
  error • Undefined name 'VMServiceFlutterDriver' • flutter/packages/flutter_driver/test/src/real_tests/flutter_driver_test.dart:99:18 • undefined_identifier
  error • The function 'expect' isn't defined • flutter/packages/flutter_driver/test/src/real_tests/flutter_driver_test.dart:101:9 • undefined_function
  error • The function 'endsWith' isn't defined • flutter/packages/flutter_driver/test/src/real_tests/flutter_driver_test.dart:101:30 • undefined_function
  error • The function 'group' isn't defined • flutter/packages/flutter_driver/test/src/real_tests/flutter_driver_test.dart:106:3 • undefined_function
  error • Undefined class 'VMServiceFlutterDriver' • flutter/packages/flutter_driver/test/src/real_tests/flutter_driver_test.dart:110:10 • undefined_class
  error • The function 'setUp' isn't defined • flutter/packages/flutter_driver/test/src/real_tests/flutter_driver_test.dart:112:5 • undefined_function
  error • The function 'test' isn't defined • flutter/packages/flutter_driver/test/src/real_tests/flutter_driver_test.dart:120:5 • undefined_function
  error • Undefined name 'VMServiceFlutterDriver' • flutter/packages/flutter_driver/test/src/real_tests/flutter_driver_test.dart:121:16 • undefined_identifier
  error • Undefined name 'find' • flutter/packages/flutter_driver/test/src/real_tests/flutter_driver_test.dart:126:28 • undefined_identifier
  error • The function 'expect' isn't defined • flutter/packages/flutter_driver/test/src/real_tests/flutter_driver_test.dart:127:7 • undefined_function
  error • The function 'test' isn't defined • flutter/packages/flutter_driver/test/src/real_tests/flutter_driver_test.dart:133:5 • undefined_function
  error • Undefined name 'VMServiceFlutterDriver' • flutter/packages/flutter_driver/test/src/real_tests/flutter_driver_test.dart:134:16 • undefined_identifier
  error • Undefined name 'find' • flutter/packages/flutter_driver/test/src/real_tests/flutter_driver_test.dart:135:28 • undefined_identifier
  error • The function 'expect' isn't defined • flutter/packages/flutter_driver/test/src/real_tests/flutter_driver_test.dart:136:7 • undefined_function
  error • The function 'group' isn't defined • flutter/packages/flutter_driver/test/src/real_tests/flutter_driver_test.dart:140:3 • undefined_function
  error • The function 'expect' isn't defined • flutter/packages/flutter_driver/test/src/real_tests/flutter_driver_test.dart:146:7 • undefined_function
  error • The function 'anyElement' isn't defined • flutter/packages/flutter_driver/test/src/real_tests/flutter_driver_test.dart:146:19 • undefined_function
  error • The function 'contains' isn't defined • flutter/packages/flutter_driver/test/src/real_tests/flutter_driver_test.dart:146:30 • undefined_function
  error • The function 'setUp' isn't defined • flutter/packages/flutter_driver/test/src/real_tests/flutter_driver_test.dart:149:5 • undefined_function
  error • Undefined name 'vmServiceConnectFunction' • flutter/packages/flutter_driver/test/src/real_tests/flutter_driver_test.dart:154:7 • undefined_identifier
  error • The function 'tearDown' isn't defined • flutter/packages/flutter_driver/test/src/real_tests/flutter_driver_test.dart:160:5 • undefined_function
  error • The function 'restoreVmServiceConnectFunction' isn't defined • flutter/packages/flutter_driver/test/src/real_tests/flutter_driver_test.dart:161:7 • undefined_function
  error • The function 'test' isn't defined • flutter/packages/flutter_driver/test/src/real_tests/flutter_driver_test.dart:164:5 • undefined_function
  error • The function 'restoreVmServiceConnectFunction' isn't defined • flutter/packages/flutter_driver/test/src/real_tests/flutter_driver_test.dart:166:7 • undefined_function
  error • The function 'expect' isn't defined • flutter/packages/flutter_driver/test/src/real_tests/flutter_driver_test.dart:171:7 • undefined_function
  error • The function 'vmServiceConnectFunction' isn't defined • flutter/packages/flutter_driver/test/src/real_tests/flutter_driver_test.dart:172:9 • undefined_function
  error • The function 'throwsA' isn't defined • flutter/packages/flutter_driver/test/src/real_tests/flutter_driver_test.dart:176:9 • undefined_function
  error • The function 'isA' isn't defined • flutter/packages/flutter_driver/test/src/real_tests/flutter_driver_test.dart:176:17 • undefined_function
  error • The function 'test' isn't defined • flutter/packages/flutter_driver/test/src/real_tests/flutter_driver_test.dart:180:5 • undefined_function
  error • Undefined name 'FlutterDriver' • flutter/packages/flutter_driver/test/src/real_tests/flutter_driver_test.dart:183:9 • undefined_identifier
  error • Undefined name 'kUnusuallyLongTimeout' • flutter/packages/flutter_driver/test/src/real_tests/flutter_driver_test.dart:184:21 • undefined_identifier
  error • The function 'expect' isn't defined • flutter/packages/flutter_driver/test/src/real_tests/flutter_driver_test.dart:186:7 • undefined_function
  error • The function 'test' isn't defined • flutter/packages/flutter_driver/test/src/real_tests/flutter_driver_test.dart:192:5 • undefined_function
  error • Undefined class 'FlutterDriver' • flutter/packages/flutter_driver/test/src/real_tests/flutter_driver_test.dart:195:13 • undefined_class
  error • Undefined name 'FlutterDriver' • flutter/packages/flutter_driver/test/src/real_tests/flutter_driver_test.dart:195:42 • undefined_identifier
  error • The function 'expect' isn't defined • flutter/packages/flutter_driver/test/src/real_tests/flutter_driver_test.dart:196:7 • undefined_function
  error • Undefined name 'isNotNull' • flutter/packages/flutter_driver/test/src/real_tests/flutter_driver_test.dart:196:22 • undefined_identifier
  error • The function 'expect' isn't defined • flutter/packages/flutter_driver/test/src/real_tests/flutter_driver_test.dart:197:7 • undefined_function
  error • The function 'test' isn't defined • flutter/packages/flutter_driver/test/src/real_tests/flutter_driver_test.dart:208:5 • undefined_function
  error • Undefined class 'FlutterDriver' • flutter/packages/flutter_driver/test/src/real_tests/flutter_driver_test.dart:215:13 • undefined_class
  error • Undefined name 'FlutterDriver' • flutter/packages/flutter_driver/test/src/real_tests/flutter_driver_test.dart:215:42 • undefined_identifier
  error • The function 'expect' isn't defined • flutter/packages/flutter_driver/test/src/real_tests/flutter_driver_test.dart:216:7 • undefined_function
  error • Undefined name 'isNotNull' • flutter/packages/flutter_driver/test/src/real_tests/flutter_driver_test.dart:216:22 • undefined_identifier
  error • The function 'expect' isn't defined • flutter/packages/flutter_driver/test/src/real_tests/flutter_driver_test.dart:217:7 • undefined_function
  error • The function 'test' isn't defined • flutter/packages/flutter_driver/test/src/real_tests/flutter_driver_test.dart:232:5 • undefined_function
  error • Undefined class 'FlutterDriver' • flutter/packages/flutter_driver/test/src/real_tests/flutter_driver_test.dart:234:13 • undefined_class
  error • Undefined name 'FlutterDriver' • flutter/packages/flutter_driver/test/src/real_tests/flutter_driver_test.dart:234:42 • undefined_identifier
  error • The function 'expect' isn't defined • flutter/packages/flutter_driver/test/src/real_tests/flutter_driver_test.dart:238:7 • undefined_function
  error • Undefined name 'isNotNull' • flutter/packages/flutter_driver/test/src/real_tests/flutter_driver_test.dart:238:22 • undefined_identifier
  error • The function 'expect' isn't defined • flutter/packages/flutter_driver/test/src/real_tests/flutter_driver_test.dart:239:7 • undefined_function
  error • The function 'test' isn't defined • flutter/packages/flutter_driver/test/src/real_tests/flutter_driver_test.dart:250:5 • undefined_function
  error • Undefined class 'FlutterDriver' • flutter/packages/flutter_driver/test/src/real_tests/flutter_driver_test.dart:253:13 • undefined_class
  error • Undefined name 'FlutterDriver' • flutter/packages/flutter_driver/test/src/real_tests/flutter_driver_test.dart:253:42 • undefined_identifier
  error • The function 'expect' isn't defined • flutter/packages/flutter_driver/test/src/real_tests/flutter_driver_test.dart:254:7 • undefined_function
  error • Undefined name 'isNotNull' • flutter/packages/flutter_driver/test/src/real_tests/flutter_driver_test.dart:254:22 • undefined_identifier
  error • The function 'expect' isn't defined • flutter/packages/flutter_driver/test/src/real_tests/flutter_driver_test.dart:256:7 • undefined_function
  error • The function 'test' isn't defined • flutter/packages/flutter_driver/test/src/real_tests/flutter_driver_test.dart:267:5 • undefined_function
  error • Undefined class 'FlutterDriver' • flutter/packages/flutter_driver/test/src/real_tests/flutter_driver_test.dart:271:13 • undefined_class
  error • Undefined name 'FlutterDriver' • flutter/packages/flutter_driver/test/src/real_tests/flutter_driver_test.dart:271:42 • undefined_identifier
  error • The function 'expect' isn't defined • flutter/packages/flutter_driver/test/src/real_tests/flutter_driver_test.dart:276:7 • undefined_function
  error • Undefined name 'isNotNull' • flutter/packages/flutter_driver/test/src/real_tests/flutter_driver_test.dart:276:22 • undefined_identifier
  error • The function 'test' isn't defined • flutter/packages/flutter_driver/test/src/real_tests/flutter_driver_test.dart:279:5 • undefined_function
  error • Undefined class 'FlutterDriver' • flutter/packages/flutter_driver/test/src/real_tests/flutter_driver_test.dart:282:13 • undefined_class
  error • Undefined name 'FlutterDriver' • flutter/packages/flutter_driver/test/src/real_tests/flutter_driver_test.dart:282:42 • undefined_identifier
  error • The function 'expect' isn't defined • flutter/packages/flutter_driver/test/src/real_tests/flutter_driver_test.dart:283:7 • undefined_function
  error • Undefined name 'isNotNull' • flutter/packages/flutter_driver/test/src/real_tests/flutter_driver_test.dart:283:22 • undefined_identifier
  error • The function 'test' isn't defined • flutter/packages/flutter_driver/test/src/real_tests/flutter_driver_test.dart:287:5 • undefined_function
  error • Undefined class 'FlutterDriver' • flutter/packages/flutter_driver/test/src/real_tests/flutter_driver_test.dart:290:13 • undefined_class
  error • Undefined name 'FlutterDriver' • flutter/packages/flutter_driver/test/src/real_tests/flutter_driver_test.dart:290:42 • undefined_identifier
  error • The function 'expect' isn't defined • flutter/packages/flutter_driver/test/src/real_tests/flutter_driver_test.dart:291:7 • undefined_function
  error • Undefined name 'isNotNull' • flutter/packages/flutter_driver/test/src/real_tests/flutter_driver_test.dart:291:22 • undefined_identifier
  error • The function 'test' isn't defined • flutter/packages/flutter_driver/test/src/real_tests/flutter_driver_test.dart:299:5 • undefined_function
  error • Undefined class 'FlutterDriver' • flutter/packages/flutter_driver/test/src/real_tests/flutter_driver_test.dart:303:13 • undefined_class
  error • Undefined name 'FlutterDriver' • flutter/packages/flutter_driver/test/src/real_tests/flutter_driver_test.dart:303:42 • undefined_identifier
  error • The function 'expect' isn't defined • flutter/packages/flutter_driver/test/src/real_tests/flutter_driver_test.dart:304:7 • undefined_function
  error • Undefined name 'isNotNull' • flutter/packages/flutter_driver/test/src/real_tests/flutter_driver_test.dart:304:22 • undefined_identifier
  error • The function 'test' isn't defined • flutter/packages/flutter_driver/test/src/real_tests/flutter_driver_test.dart:308:5 • undefined_function
  error • Undefined class 'FlutterDriver' • flutter/packages/flutter_driver/test/src/real_tests/flutter_driver_test.dart:311:13 • undefined_class
  error • Undefined name 'FlutterDriver' • flutter/packages/flutter_driver/test/src/real_tests/flutter_driver_test.dart:311:42 • undefined_identifier
  error • The function 'expect' isn't defined • flutter/packages/flutter_driver/test/src/real_tests/flutter_driver_test.dart:312:7 • undefined_function
  error • Undefined name 'isNotNull' • flutter/packages/flutter_driver/test/src/real_tests/flutter_driver_test.dart:312:22 • undefined_identifier
  error • The function 'test' isn't defined • flutter/packages/flutter_driver/test/src/real_tests/flutter_driver_test.dart:316:5 • undefined_function
  error • Undefined class 'FlutterDriver' • flutter/packages/flutter_driver/test/src/real_tests/flutter_driver_test.dart:321:13 • undefined_class
  error • Undefined name 'FlutterDriver' • flutter/packages/flutter_driver/test/src/real_tests/flutter_driver_test.dart:321:42 • undefined_identifier
  error • The function 'expect' isn't defined • flutter/packages/flutter_driver/test/src/real_tests/flutter_driver_test.dart:322:7 • undefined_function
  error • Undefined name 'isNotNull' • flutter/packages/flutter_driver/test/src/real_tests/flutter_driver_test.dart:322:22 • undefined_identifier
  error • The function 'group' isn't defined • flutter/packages/flutter_driver/test/src/real_tests/flutter_driver_test.dart:327:3 • undefined_function
  error • Undefined class 'VMServiceFlutterDriver' • flutter/packages/flutter_driver/test/src/real_tests/flutter_driver_test.dart:331:10 • undefined_class
  error • The function 'setUp' isn't defined • flutter/packages/flutter_driver/test/src/real_tests/flutter_driver_test.dart:333:5 • undefined_function
  error • Undefined name 'VMServiceFlutterDriver' • flutter/packages/flutter_driver/test/src/real_tests/flutter_driver_test.dart:337:16 • undefined_identifier
  error • The function 'test' isn't defined • flutter/packages/flutter_driver/test/src/real_tests/flutter_driver_test.dart:341:5 • undefined_function
  error • Undefined class 'Health' • flutter/packages/flutter_driver/test/src/real_tests/flutter_driver_test.dart:343:13 • undefined_class
  error • The function 'expect' isn't defined • flutter/packages/flutter_driver/test/src/real_tests/flutter_driver_test.dart:344:7 • undefined_function
  error • Undefined name 'HealthStatus' • flutter/packages/flutter_driver/test/src/real_tests/flutter_driver_test.dart:344:29 • undefined_identifier
  error • The function 'test' isn't defined • flutter/packages/flutter_driver/test/src/real_tests/flutter_driver_test.dart:347:5 • undefined_function
  error • The function 'expect' isn't defined • flutter/packages/flutter_driver/test/src/real_tests/flutter_driver_test.dart:349:7 • undefined_function
  error • The function 'group' isn't defined • flutter/packages/flutter_driver/test/src/real_tests/flutter_driver_test.dart:352:5 • undefined_function
  error • The function 'test' isn't defined • flutter/packages/flutter_driver/test/src/real_tests/flutter_driver_test.dart:353:7 • undefined_function
  error • The function 'expect' isn't defined • flutter/packages/flutter_driver/test/src/real_tests/flutter_driver_test.dart:354:9 • undefined_function
  error • Undefined name 'find' • flutter/packages/flutter_driver/test/src/real_tests/flutter_driver_test.dart:354:22 • undefined_identifier
  error • The function 'test' isn't defined • flutter/packages/flutter_driver/test/src/real_tests/flutter_driver_test.dart:357:7 • undefined_function
  error • Undefined name 'find' • flutter/packages/flutter_driver/test/src/real_tests/flutter_driver_test.dart:358:26 • undefined_identifier
  error • The function 'expect' isn't defined • flutter/packages/flutter_driver/test/src/real_tests/flutter_driver_test.dart:359:9 • undefined_function
  error • The function 'group' isn't defined • flutter/packages/flutter_driver/test/src/real_tests/flutter_driver_test.dart:365:5 • undefined_function
  error • The function 'test' isn't defined • flutter/packages/flutter_driver/test/src/real_tests/flutter_driver_test.dart:366:7 • undefined_function
  error • Undefined name 'find' • flutter/packages/flutter_driver/test/src/real_tests/flutter_driver_test.dart:367:26 • undefined_identifier
  error • The function 'expect' isn't defined • flutter/packages/flutter_driver/test/src/real_tests/flutter_driver_test.dart:368:9 • undefined_function
  error • The function 'test' isn't defined • flutter/packages/flutter_driver/test/src/real_tests/flutter_driver_test.dart:373:7 • undefined_function
  error • Undefined name 'find' • flutter/packages/flutter_driver/test/src/real_tests/flutter_driver_test.dart:374:26 • undefined_identifier
  error • The function 'expect' isn't defined • flutter/packages/flutter_driver/test/src/real_tests/flutter_driver_test.dart:375:9 • undefined_function
  error • The function 'group' isn't defined • flutter/packages/flutter_driver/test/src/real_tests/flutter_driver_test.dart:381:5 • undefined_function
  error • The function 'test' isn't defined • flutter/packages/flutter_driver/test/src/real_tests/flutter_driver_test.dart:382:7 • undefined_function
  error • Undefined name 'find' • flutter/packages/flutter_driver/test/src/real_tests/flutter_driver_test.dart:383:26 • undefined_identifier
  error • The function 'expect' isn't defined • flutter/packages/flutter_driver/test/src/real_tests/flutter_driver_test.dart:384:9 • undefined_function
  error • The function 'group' isn't defined • flutter/packages/flutter_driver/test/src/real_tests/flutter_driver_test.dart:390:5 • undefined_function
  error • The function 'test' isn't defined • flutter/packages/flutter_driver/test/src/real_tests/flutter_driver_test.dart:391:7 • undefined_function
  error • Undefined name 'find' • flutter/packages/flutter_driver/test/src/real_tests/flutter_driver_test.dart:393:52 • undefined_identifier
  error • The function 'expect' isn't defined • flutter/packages/flutter_driver/test/src/real_tests/flutter_driver_test.dart:394:9 • undefined_function
  error • The function 'expect' isn't defined • flutter/packages/flutter_driver/test/src/real_tests/flutter_driver_test.dart:395:9 • undefined_function
  error • The function 'group' isn't defined • flutter/packages/flutter_driver/test/src/real_tests/flutter_driver_test.dart:401:5 • undefined_function
  error • The function 'test' isn't defined • flutter/packages/flutter_driver/test/src/real_tests/flutter_driver_test.dart:402:7 • undefined_function
  error • Undefined name 'TextInputAction' • flutter/packages/flutter_driver/test/src/real_tests/flutter_driver_test.dart:404:42 • undefined_identifier
  error • The function 'expect' isn't defined • flutter/packages/flutter_driver/test/src/real_tests/flutter_driver_test.dart:405:9 • undefined_function
  error • The function 'group' isn't defined • flutter/packages/flutter_driver/test/src/real_tests/flutter_driver_test.dart:411:5 • undefined_function
  error • The function 'test' isn't defined • flutter/packages/flutter_driver/test/src/real_tests/flutter_driver_test.dart:412:7 • undefined_function
  error • Undefined class 'LayerTree' • flutter/packages/flutter_driver/test/src/real_tests/flutter_driver_test.dart:416:15 • undefined_class
  error • Undefined class 'LayerTree' • flutter/packages/flutter_driver/test/src/real_tests/flutter_driver_test.dart:417:15 • undefined_class
  error • Undefined name 'LayerTree' • flutter/packages/flutter_driver/test/src/real_tests/flutter_driver_test.dart:417:41 • undefined_identifier
  error • The function 'expect' isn't defined • flutter/packages/flutter_driver/test/src/real_tests/flutter_driver_test.dart:418:9 • undefined_function
  error • The function 'expect' isn't defined • flutter/packages/flutter_driver/test/src/real_tests/flutter_driver_test.dart:419:9 • undefined_function
  error • The function 'group' isn't defined • flutter/packages/flutter_driver/test/src/real_tests/flutter_driver_test.dart:425:5 • undefined_function
  error • The function 'test' isn't defined • flutter/packages/flutter_driver/test/src/real_tests/flutter_driver_test.dart:426:7 • undefined_function
  error • Undefined name 'find' • flutter/packages/flutter_driver/test/src/real_tests/flutter_driver_test.dart:428:30 • undefined_identifier
  error • The function 'expect' isn't defined • flutter/packages/flutter_driver/test/src/real_tests/flutter_driver_test.dart:429:9 • undefined_function
  error • The function 'group' isn't defined • flutter/packages/flutter_driver/test/src/real_tests/flutter_driver_test.dart:435:5 • undefined_function
  error • The function 'test' isn't defined • flutter/packages/flutter_driver/test/src/real_tests/flutter_driver_test.dart:436:7 • undefined_function
  error • Undefined name 'find' • flutter/packages/flutter_driver/test/src/real_tests/flutter_driver_test.dart:438:43 • undefined_identifier
  error • The function 'expect' isn't defined • flutter/packages/flutter_driver/test/src/real_tests/flutter_driver_test.dart:439:9 • undefined_function
  error • The function 'group' isn't defined • flutter/packages/flutter_driver/test/src/real_tests/flutter_driver_test.dart:445:5 • undefined_function
  error • The function 'test' isn't defined • flutter/packages/flutter_driver/test/src/real_tests/flutter_driver_test.dart:446:7 • undefined_function
  error • Undefined name 'find' • flutter/packages/flutter_driver/test/src/real_tests/flutter_driver_test.dart:448:49 • undefined_identifier
  error • The function 'expect' isn't defined • flutter/packages/flutter_driver/test/src/real_tests/flutter_driver_test.dart:449:9 • undefined_function
  error • The function 'group' isn't defined • flutter/packages/flutter_driver/test/src/real_tests/flutter_driver_test.dart:455:5 • undefined_function
  error • The function 'test' isn't defined • flutter/packages/flutter_driver/test/src/real_tests/flutter_driver_test.dart:456:7 • undefined_function
  error • The name 'NoPendingFrame' isn't a class • flutter/packages/flutter_driver/test/src/real_tests/flutter_driver_test.dart:458:45 • creation_with_non_type
  error • The function 'expect' isn't defined • flutter/packages/flutter_driver/test/src/real_tests/flutter_driver_test.dart:459:9 • undefined_function
  error • The function 'test' isn't defined • flutter/packages/flutter_driver/test/src/real_tests/flutter_driver_test.dart:464:7 • undefined_function
  error • The name 'NoPendingPlatformMessages' isn't a class • flutter/packages/flutter_driver/test/src/real_tests/flutter_driver_test.dart:466:45 • creation_with_non_type
  error • The function 'expect' isn't defined • flutter/packages/flutter_driver/test/src/real_tests/flutter_driver_test.dart:467:9 • undefined_function
  error • The function 'test' isn't defined • flutter/packages/flutter_driver/test/src/real_tests/flutter_driver_test.dart:472:7 • undefined_function
  error • Undefined class 'SerializableWaitCondition' • flutter/packages/flutter_driver/test/src/real_tests/flutter_driver_test.dart:474:15 • undefined_class
  error • Const variables must be initialized with a constant value • flutter/packages/flutter_driver/test/src/real_tests/flutter_driver_test.dart:474:61 • const_initialized_with_non_constant_value
  error • The function 'CombinedCondition' isn't defined • flutter/packages/flutter_driver/test/src/real_tests/flutter_driver_test.dart:474:61 • undefined_function
  error • The name 'SerializableWaitCondition' isn't a type, so it can't be used as a type argument • flutter/packages/flutter_driver/test/src/real_tests/flutter_driver_test.dart:475:12 • non_type_as_type_argument
  error • The function 'NoPendingFrame' isn't defined • flutter/packages/flutter_driver/test/src/real_tests/flutter_driver_test.dart:475:39 • undefined_function
  error • The values in a const list literal must be constants • flutter/packages/flutter_driver/test/src/real_tests/flutter_driver_test.dart:475:39 • non_constant_list_element
  error • The function 'NoTransientCallbacks' isn't defined • flutter/packages/flutter_driver/test/src/real_tests/flutter_driver_test.dart:475:57 • undefined_function
  error • The values in a const list literal must be constants • flutter/packages/flutter_driver/test/src/real_tests/flutter_driver_test.dart:475:57 • non_constant_list_element
  error • The function 'expect' isn't defined • flutter/packages/flutter_driver/test/src/real_tests/flutter_driver_test.dart:478:9 • undefined_function
  error • The function 'group' isn't defined • flutter/packages/flutter_driver/test/src/real_tests/flutter_driver_test.dart:484:5 • undefined_function
  error • The function 'test' isn't defined • flutter/packages/flutter_driver/test/src/real_tests/flutter_driver_test.dart:485:7 • undefined_function
  error • The function 'expect' isn't defined • flutter/packages/flutter_driver/test/src/real_tests/flutter_driver_test.dart:488:9 • undefined_function
  error • The function 'group' isn't defined • flutter/packages/flutter_driver/test/src/real_tests/flutter_driver_test.dart:494:5 • undefined_function
  error • The function 'test' isn't defined • flutter/packages/flutter_driver/test/src/real_tests/flutter_driver_test.dart:495:7 • undefined_function
  error • The function 'expect' isn't defined • flutter/packages/flutter_driver/test/src/real_tests/flutter_driver_test.dart:498:9 • undefined_function
  error • The function 'group' isn't defined • flutter/packages/flutter_driver/test/src/real_tests/flutter_driver_test.dart:504:5 • undefined_function
  error • The function 'setUp' isn't defined • flutter/packages/flutter_driver/test/src/real_tests/flutter_driver_test.dart:505:7 • undefined_function
  error • The function 'test' isn't defined • flutter/packages/flutter_driver/test/src/real_tests/flutter_driver_test.dart:509:7 • undefined_function
  error • Undefined class 'DriverOffset' • flutter/packages/flutter_driver/test/src/real_tests/flutter_driver_test.dart:510:15 • undefined_class
  error • Undefined name 'find' • flutter/packages/flutter_driver/test/src/real_tests/flutter_driver_test.dart:511:11 • undefined_identifier
  error • The function 'expect' isn't defined • flutter/packages/flutter_driver/test/src/real_tests/flutter_driver_test.dart:514:9 • undefined_function
  error • The name 'DriverOffset' isn't a class • flutter/packages/flutter_driver/test/src/real_tests/flutter_driver_test.dart:514:30 • creation_with_non_type
  error • The function 'expect' isn't defined • flutter/packages/flutter_driver/test/src/real_tests/flutter_driver_test.dart:515:9 • undefined_function
  error • The function 'test' isn't defined • flutter/packages/flutter_driver/test/src/real_tests/flutter_driver_test.dart:520:7 • undefined_function
  error • Undefined class 'DriverOffset' • flutter/packages/flutter_driver/test/src/real_tests/flutter_driver_test.dart:521:15 • undefined_class
  error • Undefined name 'find' • flutter/packages/flutter_driver/test/src/real_tests/flutter_driver_test.dart:522:11 • undefined_identifier
  error • The function 'expect' isn't defined • flutter/packages/flutter_driver/test/src/real_tests/flutter_driver_test.dart:525:9 • undefined_function
  error • The name 'DriverOffset' isn't a class • flutter/packages/flutter_driver/test/src/real_tests/flutter_driver_test.dart:525:30 • creation_with_non_type
  error • The function 'expect' isn't defined • flutter/packages/flutter_driver/test/src/real_tests/flutter_driver_test.dart:526:9 • undefined_function
  error • The function 'test' isn't defined • flutter/packages/flutter_driver/test/src/real_tests/flutter_driver_test.dart:531:7 • undefined_function
  error • Undefined class 'DriverOffset' • flutter/packages/flutter_driver/test/src/real_tests/flutter_driver_test.dart:532:15 • undefined_class
  error • Undefined name 'find' • flutter/packages/flutter_driver/test/src/real_tests/flutter_driver_test.dart:533:11 • undefined_identifier
  error • The function 'expect' isn't defined • flutter/packages/flutter_driver/test/src/real_tests/flutter_driver_test.dart:536:9 • undefined_function
  error • The name 'DriverOffset' isn't a class • flutter/packages/flutter_driver/test/src/real_tests/flutter_driver_test.dart:536:30 • creation_with_non_type
  error • The function 'expect' isn't defined • flutter/packages/flutter_driver/test/src/real_tests/flutter_driver_test.dart:537:9 • undefined_function
  error • The function 'test' isn't defined • flutter/packages/flutter_driver/test/src/real_tests/flutter_driver_test.dart:542:7 • undefined_function
  error • Undefined class 'DriverOffset' • flutter/packages/flutter_driver/test/src/real_tests/flutter_driver_test.dart:543:15 • undefined_class
  error • Undefined name 'find' • flutter/packages/flutter_driver/test/src/real_tests/flutter_driver_test.dart:544:11 • undefined_identifier
  error • The function 'expect' isn't defined • flutter/packages/flutter_driver/test/src/real_tests/flutter_driver_test.dart:547:9 • undefined_function
  error • The name 'DriverOffset' isn't a class • flutter/packages/flutter_driver/test/src/real_tests/flutter_driver_test.dart:547:30 • creation_with_non_type
  error • The function 'expect' isn't defined • flutter/packages/flutter_driver/test/src/real_tests/flutter_driver_test.dart:548:9 • undefined_function
  error • The function 'test' isn't defined • flutter/packages/flutter_driver/test/src/real_tests/flutter_driver_test.dart:553:7 • undefined_function
  error • Undefined class 'DriverOffset' • flutter/packages/flutter_driver/test/src/real_tests/flutter_driver_test.dart:554:15 • undefined_class
  error • Undefined name 'find' • flutter/packages/flutter_driver/test/src/real_tests/flutter_driver_test.dart:555:11 • undefined_identifier
  error • The function 'expect' isn't defined • flutter/packages/flutter_driver/test/src/real_tests/flutter_driver_test.dart:558:9 • undefined_function
  error • The name 'DriverOffset' isn't a class • flutter/packages/flutter_driver/test/src/real_tests/flutter_driver_test.dart:558:30 • creation_with_non_type
  error • The function 'expect' isn't defined • flutter/packages/flutter_driver/test/src/real_tests/flutter_driver_test.dart:559:9 • undefined_function
  error • The function 'group' isn't defined • flutter/packages/flutter_driver/test/src/real_tests/flutter_driver_test.dart:565:5 • undefined_function
  error • The function 'test' isn't defined • flutter/packages/flutter_driver/test/src/real_tests/flutter_driver_test.dart:566:7 • undefined_function
  error • The function 'expect' isn't defined • flutter/packages/flutter_driver/test/src/real_tests/flutter_driver_test.dart:568:9 • undefined_function
  error • The function 'contains' isn't defined • flutter/packages/flutter_driver/test/src/real_tests/flutter_driver_test.dart:568:42 • undefined_function
  error • The function 'group' isn't defined • flutter/packages/flutter_driver/test/src/real_tests/flutter_driver_test.dart:572:5 • undefined_function
  error • The function 'test' isn't defined • flutter/packages/flutter_driver/test/src/real_tests/flutter_driver_test.dart:573:7 • undefined_function
  error • Undefined class 'Timeline' • flutter/packages/flutter_driver/test/src/real_tests/flutter_driver_test.dart:574:15 • undefined_class
  error • The function 'expect' isn't defined • flutter/packages/flutter_driver/test/src/real_tests/flutter_driver_test.dart:578:9 • undefined_function
  error • The function 'expect' isn't defined • flutter/packages/flutter_driver/test/src/real_tests/flutter_driver_test.dart:585:9 • undefined_function
  error • The function 'test' isn't defined • flutter/packages/flutter_driver/test/src/real_tests/flutter_driver_test.dart:588:7 • undefined_function
  error • Undefined class 'Timeline' • flutter/packages/flutter_driver/test/src/real_tests/flutter_driver_test.dart:589:15 • undefined_class
  error • The function 'expect' isn't defined • flutter/packages/flutter_driver/test/src/real_tests/flutter_driver_test.dart:593:9 • undefined_function
  error • The function 'expect' isn't defined • flutter/packages/flutter_driver/test/src/real_tests/flutter_driver_test.dart:603:9 • undefined_function
  error • The function 'test' isn't defined • flutter/packages/flutter_driver/test/src/real_tests/flutter_driver_test.dart:606:7 • undefined_function
  error • Undefined class 'Timeline' • flutter/packages/flutter_driver/test/src/real_tests/flutter_driver_test.dart:615:15 • undefined_class
  error • The function 'expect' isn't defined • flutter/packages/flutter_driver/test/src/real_tests/flutter_driver_test.dart:619:9 • undefined_function
  error • The function 'expect' isn't defined • flutter/packages/flutter_driver/test/src/real_tests/flutter_driver_test.dart:630:9 • undefined_function
  error • Undefined class 'TimelineEvent' • flutter/packages/flutter_driver/test/src/real_tests/flutter_driver_test.dart:630:38 • undefined_class
  error • The function 'group' isn't defined • flutter/packages/flutter_driver/test/src/real_tests/flutter_driver_test.dart:637:5 • undefined_function
  error • The function 'test' isn't defined • flutter/packages/flutter_driver/test/src/real_tests/flutter_driver_test.dart:638:7 • undefined_function
  error • Undefined class 'Timeline' • flutter/packages/flutter_driver/test/src/real_tests/flutter_driver_test.dart:641:15 • undefined_class
  error • The name 'TimelineStream' isn't a type, so it can't be used as a type argument • flutter/packages/flutter_driver/test/src/real_tests/flutter_driver_test.dart:645:27 • non_type_as_type_argument
  error • The values in a const list literal must be constants • flutter/packages/flutter_driver/test/src/real_tests/flutter_driver_test.dart:646:13 • non_constant_list_element
  error • Undefined name 'TimelineStream' • flutter/packages/flutter_driver/test/src/real_tests/flutter_driver_test.dart:646:13 • undefined_identifier
  error • The values in a const list literal must be constants • flutter/packages/flutter_driver/test/src/real_tests/flutter_driver_test.dart:647:13 • non_constant_list_element
  error • Undefined name 'TimelineStream' • flutter/packages/flutter_driver/test/src/real_tests/flutter_driver_test.dart:647:13 • undefined_identifier
  error • The values in a const list literal must be constants • flutter/packages/flutter_driver/test/src/real_tests/flutter_driver_test.dart:648:13 • non_constant_list_element
  error • Undefined name 'TimelineStream' • flutter/packages/flutter_driver/test/src/real_tests/flutter_driver_test.dart:648:13 • undefined_identifier
  error • The function 'expect' isn't defined • flutter/packages/flutter_driver/test/src/real_tests/flutter_driver_test.dart:653:9 • undefined_function
  error • Undefined name 'isTrue' • flutter/packages/flutter_driver/test/src/real_tests/flutter_driver_test.dart:653:30 • undefined_identifier
  error • The function 'expect' isn't defined • flutter/packages/flutter_driver/test/src/real_tests/flutter_driver_test.dart:654:9 • undefined_function
  error • The function 'expect' isn't defined • flutter/packages/flutter_driver/test/src/real_tests/flutter_driver_test.dart:661:9 • undefined_function
  error • The function 'group' isn't defined • flutter/packages/flutter_driver/test/src/real_tests/flutter_driver_test.dart:665:5 • undefined_function
  error • The function 'test' isn't defined • flutter/packages/flutter_driver/test/src/real_tests/flutter_driver_test.dart:666:7 • undefined_function
  error • Undefined name 'find' • flutter/packages/flutter_driver/test/src/real_tests/flutter_driver_test.dart:670:26 • undefined_identifier
  error • The function 'expect' isn't defined • flutter/packages/flutter_driver/test/src/real_tests/flutter_driver_test.dart:671:11 • undefined_function
  error • Undefined name 'kUnusuallyLongTimeout' • flutter/packages/flutter_driver/test/src/real_tests/flutter_driver_test.dart:672:23 • undefined_identifier
  error • The function 'expect' isn't defined • flutter/packages/flutter_driver/test/src/real_tests/flutter_driver_test.dart:674:9 • undefined_function
  error • The function 'test' isn't defined • flutter/packages/flutter_driver/test/src/real_tests/flutter_driver_test.dart:679:7 • undefined_function
  error • Undefined name 'kUnusuallyLongTimeout' • flutter/packages/flutter_driver/test/src/real_tests/flutter_driver_test.dart:683:42 • undefined_identifier
  error • Undefined name 'find' • flutter/packages/flutter_driver/test/src/real_tests/flutter_driver_test.dart:684:26 • undefined_identifier
  error • The function 'expect' isn't defined • flutter/packages/flutter_driver/test/src/real_tests/flutter_driver_test.dart:685:11 • undefined_function
  error • The function 'expect' isn't defined • flutter/packages/flutter_driver/test/src/real_tests/flutter_driver_test.dart:688:9 • undefined_function
  error • The function 'test' isn't defined • flutter/packages/flutter_driver/test/src/real_tests/flutter_driver_test.dart:693:7 • undefined_function
  error • The function 'expectLater' isn't defined • flutter/packages/flutter_driver/test/src/real_tests/flutter_driver_test.dart:697:15 • undefined_function
  error • Undefined name 'find' • flutter/packages/flutter_driver/test/src/real_tests/flutter_driver_test.dart:698:32 • undefined_identifier
  error • The function 'throwsA' isn't defined • flutter/packages/flutter_driver/test/src/real_tests/flutter_driver_test.dart:699:11 • undefined_function
  error • The function 'isA' isn't defined • flutter/packages/flutter_driver/test/src/real_tests/flutter_driver_test.dart:700:13 • undefined_function
  error • The name 'DriverError' isn't a type, so it can't be used as a type argument • flutter/packages/flutter_driver/test/src/real_tests/flutter_driver_test.dart:700:17 • non_type_as_type_argument
  error • Undefined class 'DriverError' • flutter/packages/flutter_driver/test/src/real_tests/flutter_driver_test.dart:701:16 • undefined_class
  error • The function 'test' isn't defined • flutter/packages/flutter_driver/test/src/real_tests/flutter_driver_test.dart:709:7 • undefined_function
  error • The function 'expect' isn't defined • flutter/packages/flutter_driver/test/src/real_tests/flutter_driver_test.dart:714:9 • undefined_function
  error • Undefined name 'find' • flutter/packages/flutter_driver/test/src/real_tests/flutter_driver_test.dart:714:31 • undefined_identifier
  error • The function 'group' isn't defined • flutter/packages/flutter_driver/test/src/real_tests/flutter_driver_test.dart:718:5 • undefined_function
  error • The function 'test' isn't defined • flutter/packages/flutter_driver/test/src/real_tests/flutter_driver_test.dart:719:7 • undefined_function
  error • The function 'expect' isn't defined • flutter/packages/flutter_driver/test/src/real_tests/flutter_driver_test.dart:724:9 • undefined_function
  error • The function 'test' isn't defined • flutter/packages/flutter_driver/test/src/real_tests/flutter_driver_test.dart:729:7 • undefined_function
  error • The function 'expect' isn't defined • flutter/packages/flutter_driver/test/src/real_tests/flutter_driver_test.dart:734:9 • undefined_function
  error • The function 'test' isn't defined • flutter/packages/flutter_driver/test/src/real_tests/flutter_driver_test.dart:740:5 • undefined_function
  error • The function 'expect' isn't defined • flutter/packages/flutter_driver/test/src/real_tests/flutter_driver_test.dart:741:7 • undefined_function
  error • Undefined name 'throwsUnsupportedError' • flutter/packages/flutter_driver/test/src/real_tests/flutter_driver_test.dart:741:38 • undefined_identifier
  error • The function 'group' isn't defined • flutter/packages/flutter_driver/test/src/real_tests/flutter_driver_test.dart:744:5 • undefined_function
  error • The function 'test' isn't defined • flutter/packages/flutter_driver/test/src/real_tests/flutter_driver_test.dart:745:7 • undefined_function
  error • Undefined name 'find' • flutter/packages/flutter_driver/test/src/real_tests/flutter_driver_test.dart:750:32 • undefined_identifier
  error • The function 'expect' isn't defined • flutter/packages/flutter_driver/test/src/real_tests/flutter_driver_test.dart:753:9 • undefined_function
  error • The function 'group' isn't defined • flutter/packages/flutter_driver/test/src/real_tests/flutter_driver_test.dart:762:3 • undefined_function
  error • Undefined class 'VMServiceFlutterDriver' • flutter/packages/flutter_driver/test/src/real_tests/flutter_driver_test.dart:766:10 • undefined_class
  error • The function 'setUp' isn't defined • flutter/packages/flutter_driver/test/src/real_tests/flutter_driver_test.dart:768:5 • undefined_function
  error • Undefined name 'VMServiceFlutterDriver' • flutter/packages/flutter_driver/test/src/real_tests/flutter_driver_test.dart:772:16 • undefined_identifier
  error • The function 'test' isn't defined • flutter/packages/flutter_driver/test/src/real_tests/flutter_driver_test.dart:776:5 • undefined_function
  error • The function 'expect' isn't defined • flutter/packages/flutter_driver/test/src/real_tests/flutter_driver_test.dart:778:7 • undefined_function
  error • The function 'test' isn't defined • flutter/packages/flutter_driver/test/src/real_tests/flutter_driver_test.dart:781:5 • undefined_function
  error • The function 'expect' isn't defined • flutter/packages/flutter_driver/test/src/real_tests/flutter_driver_test.dart:783:7 • undefined_function
  error • The function 'group' isn't defined • flutter/packages/flutter_driver/test/src/real_tests/flutter_driver_test.dart:789:3 • undefined_function
  error • Undefined class 'WebFlutterDriver' • flutter/packages/flutter_driver/test/src/real_tests/flutter_driver_test.dart:791:10 • undefined_class
  error • The function 'setUp' isn't defined • flutter/packages/flutter_driver/test/src/real_tests/flutter_driver_test.dart:794:5 • undefined_function
  error • The function 'tearDown' isn't defined • flutter/packages/flutter_driver/test/src/real_tests/flutter_driver_test.dart:802:5 • undefined_function
  error • The function 'test' isn't defined • flutter/packages/flutter_driver/test/src/real_tests/flutter_driver_test.dart:808:5 • undefined_function
  error • Undefined name 'WebFlutterDriver' • flutter/packages/flutter_driver/test/src/real_tests/flutter_driver_test.dart:809:16 • undefined_identifier
  error • Undefined name 'find' • flutter/packages/flutter_driver/test/src/real_tests/flutter_driver_test.dart:811:28 • undefined_identifier
  error • The function 'expect' isn't defined • flutter/packages/flutter_driver/test/src/real_tests/flutter_driver_test.dart:814:7 • undefined_function
  error • The function 'expect' isn't defined • flutter/packages/flutter_driver/test/src/real_tests/flutter_driver_test.dart:821:7 • undefined_function
  error • The function 'contains' isn't defined • flutter/packages/flutter_driver/test/src/real_tests/flutter_driver_test.dart:823:9 • undefined_function
  error • The function 'expect' isn't defined • flutter/packages/flutter_driver/test/src/real_tests/flutter_driver_test.dart:826:7 • undefined_function
  error • The function 'contains' isn't defined • flutter/packages/flutter_driver/test/src/real_tests/flutter_driver_test.dart:826:26 • undefined_function
  error • The function 'test' isn't defined • flutter/packages/flutter_driver/test/src/real_tests/flutter_driver_test.dart:829:5 • undefined_function
  error • Undefined name 'WebFlutterDriver' • flutter/packages/flutter_driver/test/src/real_tests/flutter_driver_test.dart:830:16 • undefined_identifier
  error • Undefined name 'find' • flutter/packages/flutter_driver/test/src/real_tests/flutter_driver_test.dart:836:28 • undefined_identifier
  error • The function 'expect' isn't defined • flutter/packages/flutter_driver/test/src/real_tests/flutter_driver_test.dart:838:7 • undefined_function
  error • The function 'group' isn't defined • flutter/packages/flutter_driver/test/src/real_tests/flutter_driver_test.dart:842:3 • undefined_function
  error • Undefined class 'WebFlutterDriver' • flutter/packages/flutter_driver/test/src/real_tests/flutter_driver_test.dart:844:10 • undefined_class
  error • The function 'setUp' isn't defined • flutter/packages/flutter_driver/test/src/real_tests/flutter_driver_test.dart:846:5 • undefined_function
  error • The function 'test' isn't defined • flutter/packages/flutter_driver/test/src/real_tests/flutter_driver_test.dart:855:5 • undefined_function
  error • Undefined name 'WebFlutterDriver' • flutter/packages/flutter_driver/test/src/real_tests/flutter_driver_test.dart:856:16 • undefined_identifier
  error • Undefined name 'find' • flutter/packages/flutter_driver/test/src/real_tests/flutter_driver_test.dart:857:28 • undefined_identifier
  error • The function 'expect' isn't defined • flutter/packages/flutter_driver/test/src/real_tests/flutter_driver_test.dart:858:7 • undefined_function
  error • The function 'test' isn't defined • flutter/packages/flutter_driver/test/src/real_tests/flutter_driver_test.dart:864:5 • undefined_function
  error • Undefined name 'WebFlutterDriver' • flutter/packages/flutter_driver/test/src/real_tests/flutter_driver_test.dart:865:16 • undefined_identifier
  error • Undefined name 'find' • flutter/packages/flutter_driver/test/src/real_tests/flutter_driver_test.dart:866:28 • undefined_identifier
  error • The function 'expect' isn't defined • flutter/packages/flutter_driver/test/src/real_tests/flutter_driver_test.dart:867:7 • undefined_function
  error • The function 'group' isn't defined • flutter/packages/flutter_driver/test/src/real_tests/flutter_driver_test.dart:871:3 • undefined_function
  error • Undefined class 'WebFlutterDriver' • flutter/packages/flutter_driver/test/src/real_tests/flutter_driver_test.dart:873:10 • undefined_class
  error • The function 'setUp' isn't defined • flutter/packages/flutter_driver/test/src/real_tests/flutter_driver_test.dart:875:5 • undefined_function
  error • Undefined name 'WebFlutterDriver' • flutter/packages/flutter_driver/test/src/real_tests/flutter_driver_test.dart:878:16 • undefined_identifier
  error • The function 'test' isn't defined • flutter/packages/flutter_driver/test/src/real_tests/flutter_driver_test.dart:881:5 • undefined_function
  error • The function 'group' isn't defined • flutter/packages/flutter_driver/test/src/real_tests/flutter_driver_test.dart:885:5 • undefined_function
  error • The function 'test' isn't defined • flutter/packages/flutter_driver/test/src/real_tests/flutter_driver_test.dart:886:7 • undefined_function
  error • The function 'expect' isn't defined • flutter/packages/flutter_driver/test/src/real_tests/flutter_driver_test.dart:887:9 • undefined_function
  error • Undefined name 'find' • flutter/packages/flutter_driver/test/src/real_tests/flutter_driver_test.dart:887:22 • undefined_identifier
  error • The function 'test' isn't defined • flutter/packages/flutter_driver/test/src/real_tests/flutter_driver_test.dart:890:7 • undefined_function
  error • Undefined name 'find' • flutter/packages/flutter_driver/test/src/real_tests/flutter_driver_test.dart:892:26 • undefined_identifier
  error • The function 'expect' isn't defined • flutter/packages/flutter_driver/test/src/real_tests/flutter_driver_test.dart:893:9 • undefined_function
  error • The function 'group' isn't defined • flutter/packages/flutter_driver/test/src/real_tests/flutter_driver_test.dart:899:5 • undefined_function
  error • The function 'test' isn't defined • flutter/packages/flutter_driver/test/src/real_tests/flutter_driver_test.dart:900:7 • undefined_function
  error • Undefined name 'find' • flutter/packages/flutter_driver/test/src/real_tests/flutter_driver_test.dart:902:26 • undefined_identifier
  error • The function 'expect' isn't defined • flutter/packages/flutter_driver/test/src/real_tests/flutter_driver_test.dart:903:9 • undefined_function
  error • The function 'test' isn't defined • flutter/packages/flutter_driver/test/src/real_tests/flutter_driver_test.dart:908:7 • undefined_function
  error • Undefined name 'find' • flutter/packages/flutter_driver/test/src/real_tests/flutter_driver_test.dart:910:26 • undefined_identifier
  error • The function 'expect' isn't defined • flutter/packages/flutter_driver/test/src/real_tests/flutter_driver_test.dart:911:9 • undefined_function
  error • The function 'group' isn't defined • flutter/packages/flutter_driver/test/src/real_tests/flutter_driver_test.dart:917:5 • undefined_function
  error • The function 'test' isn't defined • flutter/packages/flutter_driver/test/src/real_tests/flutter_driver_test.dart:918:7 • undefined_function
  error • Undefined name 'find' • flutter/packages/flutter_driver/test/src/real_tests/flutter_driver_test.dart:920:26 • undefined_identifier
  error • The function 'expect' isn't defined • flutter/packages/flutter_driver/test/src/real_tests/flutter_driver_test.dart:921:9 • undefined_function
  error • The function 'group' isn't defined • flutter/packages/flutter_driver/test/src/real_tests/flutter_driver_test.dart:927:5 • undefined_function
  error • The function 'test' isn't defined • flutter/packages/flutter_driver/test/src/real_tests/flutter_driver_test.dart:928:7 • undefined_function
  error • Undefined name 'find' • flutter/packages/flutter_driver/test/src/real_tests/flutter_driver_test.dart:932:52 • undefined_identifier
  error • The function 'expect' isn't defined • flutter/packages/flutter_driver/test/src/real_tests/flutter_driver_test.dart:933:9 • undefined_function
  error • The function 'expect' isn't defined • flutter/packages/flutter_driver/test/src/real_tests/flutter_driver_test.dart:934:9 • undefined_function
  error • The function 'group' isn't defined • flutter/packages/flutter_driver/test/src/real_tests/flutter_driver_test.dart:940:5 • undefined_function
  error • The function 'test' isn't defined • flutter/packages/flutter_driver/test/src/real_tests/flutter_driver_test.dart:941:7 • undefined_function
  error • Undefined name 'find' • flutter/packages/flutter_driver/test/src/real_tests/flutter_driver_test.dart:945:30 • undefined_identifier
  error • The function 'expect' isn't defined • flutter/packages/flutter_driver/test/src/real_tests/flutter_driver_test.dart:946:9 • undefined_function
  error • The function 'group' isn't defined • flutter/packages/flutter_driver/test/src/real_tests/flutter_driver_test.dart:952:5 • undefined_function
  error • The function 'setUp' isn't defined • flutter/packages/flutter_driver/test/src/real_tests/flutter_driver_test.dart:953:7 • undefined_function
  error • The function 'test' isn't defined • flutter/packages/flutter_driver/test/src/real_tests/flutter_driver_test.dart:959:7 • undefined_function
  error • The name 'NoPendingFrame' isn't a class • flutter/packages/flutter_driver/test/src/real_tests/flutter_driver_test.dart:960:45 • creation_with_non_type
  error • The function 'expect' isn't defined • flutter/packages/flutter_driver/test/src/real_tests/flutter_driver_test.dart:961:9 • undefined_function
  error • The function 'test' isn't defined • flutter/packages/flutter_driver/test/src/real_tests/flutter_driver_test.dart:966:7 • undefined_function
  error • The name 'NoPendingPlatformMessages' isn't a class • flutter/packages/flutter_driver/test/src/real_tests/flutter_driver_test.dart:967:45 • creation_with_non_type
  error • The function 'expect' isn't defined • flutter/packages/flutter_driver/test/src/real_tests/flutter_driver_test.dart:968:9 • undefined_function
  error • The function 'test' isn't defined • flutter/packages/flutter_driver/test/src/real_tests/flutter_driver_test.dart:973:7 • undefined_function
  error • Undefined class 'SerializableWaitCondition' • flutter/packages/flutter_driver/test/src/real_tests/flutter_driver_test.dart:974:15 • undefined_class
  error • Const variables must be initialized with a constant value • flutter/packages/flutter_driver/test/src/real_tests/flutter_driver_test.dart:974:61 • const_initialized_with_non_constant_value
  error • The function 'CombinedCondition' isn't defined • flutter/packages/flutter_driver/test/src/real_tests/flutter_driver_test.dart:974:61 • undefined_function
  error • The name 'SerializableWaitCondition' isn't a type, so it can't be used as a type argument • flutter/packages/flutter_driver/test/src/real_tests/flutter_driver_test.dart:975:12 • non_type_as_type_argument
  error • The function 'NoPendingFrame' isn't defined • flutter/packages/flutter_driver/test/src/real_tests/flutter_driver_test.dart:975:39 • undefined_function
  error • The values in a const list literal must be constants • flutter/packages/flutter_driver/test/src/real_tests/flutter_driver_test.dart:975:39 • non_constant_list_element
  error • The function 'NoTransientCallbacks' isn't defined • flutter/packages/flutter_driver/test/src/real_tests/flutter_driver_test.dart:975:57 • undefined_function
  error • The values in a const list literal must be constants • flutter/packages/flutter_driver/test/src/real_tests/flutter_driver_test.dart:975:57 • non_constant_list_element
  error • The function 'expect' isn't defined • flutter/packages/flutter_driver/test/src/real_tests/flutter_driver_test.dart:978:9 • undefined_function
  error • The function 'group' isn't defined • flutter/packages/flutter_driver/test/src/real_tests/flutter_driver_test.dart:984:5 • undefined_function
  error • The function 'test' isn't defined • flutter/packages/flutter_driver/test/src/real_tests/flutter_driver_test.dart:985:7 • undefined_function
  error • The function 'expect' isn't defined • flutter/packages/flutter_driver/test/src/real_tests/flutter_driver_test.dart:990:9 • undefined_function
  error • The function 'group' isn't defined • flutter/packages/flutter_driver/test/src/real_tests/flutter_driver_test.dart:996:5 • undefined_function
  error • The function 'setUp' isn't defined • flutter/packages/flutter_driver/test/src/real_tests/flutter_driver_test.dart:997:7 • undefined_function
  error • The function 'test' isn't defined • flutter/packages/flutter_driver/test/src/real_tests/flutter_driver_test.dart:1003:7 • undefined_function
  error • Undefined class 'DriverOffset' • flutter/packages/flutter_driver/test/src/real_tests/flutter_driver_test.dart:1004:15 • undefined_class
  error • Undefined name 'find' • flutter/packages/flutter_driver/test/src/real_tests/flutter_driver_test.dart:1005:11 • undefined_identifier
  error • The function 'expect' isn't defined • flutter/packages/flutter_driver/test/src/real_tests/flutter_driver_test.dart:1008:9 • undefined_function
  error • The name 'DriverOffset' isn't a class • flutter/packages/flutter_driver/test/src/real_tests/flutter_driver_test.dart:1008:30 • creation_with_non_type
  error • The function 'expect' isn't defined • flutter/packages/flutter_driver/test/src/real_tests/flutter_driver_test.dart:1009:9 • undefined_function
  error • The function 'test' isn't defined • flutter/packages/flutter_driver/test/src/real_tests/flutter_driver_test.dart:1014:7 • undefined_function
  error • Undefined class 'DriverOffset' • flutter/packages/flutter_driver/test/src/real_tests/flutter_driver_test.dart:1015:15 • undefined_class
  error • Undefined name 'find' • flutter/packages/flutter_driver/test/src/real_tests/flutter_driver_test.dart:1016:11 • undefined_identifier
  error • The function 'expect' isn't defined • flutter/packages/flutter_driver/test/src/real_tests/flutter_driver_test.dart:1019:9 • undefined_function
  error • The name 'DriverOffset' isn't a class • flutter/packages/flutter_driver/test/src/real_tests/flutter_driver_test.dart:1019:30 • creation_with_non_type
  error • The function 'expect' isn't defined • flutter/packages/flutter_driver/test/src/real_tests/flutter_driver_test.dart:1020:9 • undefined_function
  error • The function 'test' isn't defined • flutter/packages/flutter_driver/test/src/real_tests/flutter_driver_test.dart:1025:7 • undefined_function
  error • Undefined class 'DriverOffset' • flutter/packages/flutter_driver/test/src/real_tests/flutter_driver_test.dart:1026:15 • undefined_class
  error • Undefined name 'find' • flutter/packages/flutter_driver/test/src/real_tests/flutter_driver_test.dart:1027:11 • undefined_identifier
  error • The function 'expect' isn't defined • flutter/packages/flutter_driver/test/src/real_tests/flutter_driver_test.dart:1030:9 • undefined_function
  error • The name 'DriverOffset' isn't a class • flutter/packages/flutter_driver/test/src/real_tests/flutter_driver_test.dart:1030:30 • creation_with_non_type
  error • The function 'expect' isn't defined • flutter/packages/flutter_driver/test/src/real_tests/flutter_driver_test.dart:1031:9 • undefined_function
  error • The function 'test' isn't defined • flutter/packages/flutter_driver/test/src/real_tests/flutter_driver_test.dart:1036:7 • undefined_function
  error • Undefined class 'DriverOffset' • flutter/packages/flutter_driver/test/src/real_tests/flutter_driver_test.dart:1037:15 • undefined_class
  error • Undefined name 'find' • flutter/packages/flutter_driver/test/src/real_tests/flutter_driver_test.dart:1038:11 • undefined_identifier
  error • The function 'expect' isn't defined • flutter/packages/flutter_driver/test/src/real_tests/flutter_driver_test.dart:1041:9 • undefined_function
  error • The name 'DriverOffset' isn't a class • flutter/packages/flutter_driver/test/src/real_tests/flutter_driver_test.dart:1041:30 • creation_with_non_type
  error • The function 'expect' isn't defined • flutter/packages/flutter_driver/test/src/real_tests/flutter_driver_test.dart:1042:9 • undefined_function
  error • The function 'test' isn't defined • flutter/packages/flutter_driver/test/src/real_tests/flutter_driver_test.dart:1047:7 • undefined_function
  error • Undefined class 'DriverOffset' • flutter/packages/flutter_driver/test/src/real_tests/flutter_driver_test.dart:1048:15 • undefined_class
  error • Undefined name 'find' • flutter/packages/flutter_driver/test/src/real_tests/flutter_driver_test.dart:1049:11 • undefined_identifier
  error • The function 'expect' isn't defined • flutter/packages/flutter_driver/test/src/real_tests/flutter_driver_test.dart:1052:9 • undefined_function
  error • The name 'DriverOffset' isn't a class • flutter/packages/flutter_driver/test/src/real_tests/flutter_driver_test.dart:1052:30 • creation_with_non_type
  error • The function 'expect' isn't defined • flutter/packages/flutter_driver/test/src/real_tests/flutter_driver_test.dart:1053:9 • undefined_function
  error • The function 'test' isn't defined • flutter/packages/flutter_driver/test/src/real_tests/flutter_driver_test.dart:1059:5 • undefined_function
  error • The function 'expect' isn't defined • flutter/packages/flutter_driver/test/src/real_tests/flutter_driver_test.dart:1064:7 • undefined_function
  error • The function 'group' isn't defined • flutter/packages/flutter_driver/test/src/real_tests/flutter_driver_test.dart:1069:5 • undefined_function
  error • The function 'test' isn't defined • flutter/packages/flutter_driver/test/src/real_tests/flutter_driver_test.dart:1070:7 • undefined_function
  error • The function 'expect' isn't defined • flutter/packages/flutter_driver/test/src/real_tests/flutter_driver_test.dart:1071:9 • undefined_function
  error • Undefined name 'throwsUnimplementedError' • flutter/packages/flutter_driver/test/src/real_tests/flutter_driver_test.dart:1071:34 • undefined_identifier
  error • The function 'test' isn't defined • flutter/packages/flutter_driver/test/src/real_tests/flutter_driver_test.dart:1074:7 • undefined_function
  error • The function 'expect' isn't defined • flutter/packages/flutter_driver/test/src/real_tests/flutter_driver_test.dart:1075:9 • undefined_function
  error • Undefined name 'throwsUnimplementedError' • flutter/packages/flutter_driver/test/src/real_tests/flutter_driver_test.dart:1075:37 • undefined_identifier
  error • The function 'test' isn't defined • flutter/packages/flutter_driver/test/src/real_tests/flutter_driver_test.dart:1078:7 • undefined_function
  error • The function 'expect' isn't defined • flutter/packages/flutter_driver/test/src/real_tests/flutter_driver_test.dart:1079:9 • undefined_function
  error • Undefined name 'throwsUnimplementedError' • flutter/packages/flutter_driver/test/src/real_tests/flutter_driver_test.dart:1079:56 • undefined_identifier
  error • The function 'test' isn't defined • flutter/packages/flutter_driver/test/src/real_tests/flutter_driver_test.dart:1082:7 • undefined_function
  error • The function 'expect' isn't defined • flutter/packages/flutter_driver/test/src/real_tests/flutter_driver_test.dart:1083:9 • undefined_function
  error • Undefined name 'throwsUnsupportedError' • flutter/packages/flutter_driver/test/src/real_tests/flutter_driver_test.dart:1083:55 • undefined_identifier
  error • The function 'test' isn't defined • flutter/packages/flutter_driver/test/src/real_tests/flutter_driver_test.dart:1086:7 • undefined_function
  error • The function 'expect' isn't defined • flutter/packages/flutter_driver/test/src/real_tests/flutter_driver_test.dart:1087:9 • undefined_function
  error • Undefined name 'throwsUnsupportedError' • flutter/packages/flutter_driver/test/src/real_tests/flutter_driver_test.dart:1087:52 • undefined_identifier
  error • The function 'group' isn't defined • flutter/packages/flutter_driver/test/src/real_tests/flutter_driver_test.dart:1091:5 • undefined_function
  error • The function 'test' isn't defined • flutter/packages/flutter_driver/test/src/real_tests/flutter_driver_test.dart:1092:7 • undefined_function
  error • Undefined name 'find' • flutter/packages/flutter_driver/test/src/real_tests/flutter_driver_test.dart:1101:32 • undefined_identifier
  error • The function 'expect' isn't defined • flutter/packages/flutter_driver/test/src/real_tests/flutter_driver_test.dart:1104:9 • undefined_function
  error • The function 'group' isn't defined • flutter/packages/flutter_driver/test/src/real_tests/flutter_driver_test.dart:1113:3 • undefined_function
  error • Undefined class 'WebFlutterDriver' • flutter/packages/flutter_driver/test/src/real_tests/flutter_driver_test.dart:1115:10 • undefined_class
  error • The function 'setUp' isn't defined • flutter/packages/flutter_driver/test/src/real_tests/flutter_driver_test.dart:1117:5 • undefined_function
  error • Undefined name 'WebFlutterDriver' • flutter/packages/flutter_driver/test/src/real_tests/flutter_driver_test.dart:1119:16 • undefined_identifier
  error • The function 'test' isn't defined • flutter/packages/flutter_driver/test/src/real_tests/flutter_driver_test.dart:1122:5 • undefined_function
  error • The function 'expect' isn't defined • flutter/packages/flutter_driver/test/src/real_tests/flutter_driver_test.dart:1123:7 • undefined_function
  error • Undefined name 'throwsUnsupportedError' • flutter/packages/flutter_driver/test/src/real_tests/flutter_driver_test.dart:1127:9 • undefined_identifier
  error • The function 'expect' isn't defined • flutter/packages/flutter_driver/test/src/real_tests/flutter_driver_test.dart:1129:7 • undefined_function
  error • Undefined name 'throwsUnsupportedError' • flutter/packages/flutter_driver/test/src/real_tests/flutter_driver_test.dart:1129:37 • undefined_identifier
  error • The function 'expect' isn't defined • flutter/packages/flutter_driver/test/src/real_tests/flutter_driver_test.dart:1130:7 • undefined_function
  error • Undefined name 'throwsUnsupportedError' • flutter/packages/flutter_driver/test/src/real_tests/flutter_driver_test.dart:1130:55 • undefined_identifier
  error • The function 'expect' isn't defined • flutter/packages/flutter_driver/test/src/real_tests/flutter_driver_test.dart:1131:7 • undefined_function
  error • Undefined name 'throwsUnsupportedError' • flutter/packages/flutter_driver/test/src/real_tests/flutter_driver_test.dart:1131:38 • undefined_identifier
  error • The function 'expect' isn't defined • flutter/packages/flutter_driver/test/src/real_tests/flutter_driver_test.dart:1140:3 • undefined_function
  error • The function 'isA' isn't defined • flutter/packages/flutter_driver/test/src/real_tests/flutter_driver_test.dart:1140:18 • undefined_function
  error • The function 'expect' isn't defined • flutter/packages/flutter_driver/test/src/real_tests/flutter_driver_test.dart:1142:3 • undefined_function
  error • Undefined name 'isTrue' • flutter/packages/flutter_driver/test/src/real_tests/flutter_driver_test.dart:1142:54 • undefined_identifier
  error • The function 'expect' isn't defined • flutter/packages/flutter_driver/test/src/real_tests/flutter_driver_test.dart:1143:3 • undefined_function
  error • Undefined name 'isTrue' • flutter/packages/flutter_driver/test/src/real_tests/flutter_driver_test.dart:1143:52 • undefined_identifier
  error • Classes can only extend other classes • flutter/packages/flutter_driver/test/src/real_tests/flutter_driver_test.dart:1161:40 • extends_non_class
  error • Classes and mixins can only implement other classes and mixins • flutter/packages/flutter_driver/test/src/real_tests/flutter_driver_test.dart:1161:56 • implements_non_class
warning • The field doesn't override an inherited getter or setter • flutter/packages/flutter_driver/test/src/real_tests/flutter_driver_test.dart:1163:8 • override_on_non_overriding_member
   info • Unreachable member 'sendCommand' in an executable library • flutter/packages/flutter_driver/test/src/real_tests/flutter_driver_test.dart:1168:19 • unreachable_from_main
warning • The method doesn't override an inherited method • flutter/packages/flutter_driver/test/src/real_tests/flutter_driver_test.dart:1168:19 • override_on_non_overriding_member
   info • Unreachable member 'close' in an executable library • flutter/packages/flutter_driver/test/src/real_tests/flutter_driver_test.dart:1178:16 • unreachable_from_main
warning • The method doesn't override an inherited method • flutter/packages/flutter_driver/test/src/real_tests/flutter_driver_test.dart:1178:16 • override_on_non_overriding_member
  error • Missing concrete implementations of 'class VmService.addBreakpoint', 'class VmService.addBreakpointAtEntry', 'class VmService.addBreakpointWithScriptUri', 'class VmService.callMethod', and 65 more • flutter/packages/flutter_driver/test/src/real_tests/flutter_driver_test.dart:1183:7 • non_abstract_class_inherits_abstract_member
  error • Classes can only extend other classes • flutter/packages/flutter_driver/test/src/real_tests/flutter_driver_test.dart:1183:29 • extends_non_class
  error • Missing concrete implementations of 'class VM extends Response implements VMRef.toJson', 'getter class Response.json', 'getter class VM extends Response implements VMRef.architectureBits', 'getter class VM extends Response implements VMRef.hostCPU', and 23 more • flutter/packages/flutter_driver/test/src/real_tests/flutter_driver_test.dart:1322:7 • non_abstract_class_inherits_abstract_member
  error • Classes can only extend other classes • flutter/packages/flutter_driver/test/src/real_tests/flutter_driver_test.dart:1322:22 • extends_non_class
  error • Target of URI doesn't exist: 'package:flutter_driver/src/extension/_extension_io.dart' • flutter/packages/flutter_driver/test/src/real_tests/io_extension_test.dart:5:8 • uri_does_not_exist
  error • The function 'group' isn't defined • flutter/packages/flutter_driver/test/src/real_tests/io_extension_test.dart:10:3 • undefined_function
  error • The function 'setUp' isn't defined • flutter/packages/flutter_driver/test/src/real_tests/io_extension_test.dart:13:5 • undefined_function
  error • The function 'test' isn't defined • flutter/packages/flutter_driver/test/src/real_tests/io_extension_test.dart:19:5 • undefined_function
  error • The function 'expect' isn't defined • flutter/packages/flutter_driver/test/src/real_tests/io_extension_test.dart:20:7 • undefined_function
  error • The function 'registerWebServiceExtension' isn't defined • flutter/packages/flutter_driver/test/src/real_tests/io_extension_test.dart:20:20 • undefined_function
  error • Undefined name 'throwsUnsupportedError' • flutter/packages/flutter_driver/test/src/real_tests/io_extension_test.dart:20:55 • undefined_identifier
  error • Target of URI doesn't exist: 'package:flutter_driver/flutter_driver.dart' • flutter/packages/flutter_driver/test/src/real_tests/request_data_test.dart:5:8 • uri_does_not_exist
  error • The function 'group' isn't defined • flutter/packages/flutter_driver/test/src/real_tests/request_data_test.dart:10:3 • undefined_function
  error • The function 'test' isn't defined • flutter/packages/flutter_driver/test/src/real_tests/request_data_test.dart:11:5 • undefined_function
  error • Undefined class 'RequestData' • flutter/packages/flutter_driver/test/src/real_tests/request_data_test.dart:12:13 • undefined_class
  error • Const variables must be initialized with a constant value • flutter/packages/flutter_driver/test/src/real_tests/request_data_test.dart:12:32 • const_initialized_with_non_constant_value
  error • The function 'RequestData' isn't defined • flutter/packages/flutter_driver/test/src/real_tests/request_data_test.dart:12:32 • undefined_function
  error • The function 'expect' isn't defined • flutter/packages/flutter_driver/test/src/real_tests/request_data_test.dart:14:7 • undefined_function
  error • The function 'test' isn't defined • flutter/packages/flutter_driver/test/src/real_tests/request_data_test.dart:17:5 • undefined_function
  error • Undefined class 'RequestData' • flutter/packages/flutter_driver/test/src/real_tests/request_data_test.dart:18:13 • undefined_class
  error • Const variables must be initialized with a constant value • flutter/packages/flutter_driver/test/src/real_tests/request_data_test.dart:18:32 • const_initialized_with_non_constant_value
  error • The function 'RequestData' isn't defined • flutter/packages/flutter_driver/test/src/real_tests/request_data_test.dart:18:32 • undefined_function
  error • Undefined class 'RequestData' • flutter/packages/flutter_driver/test/src/real_tests/request_data_test.dart:19:13 • undefined_class
  error • Undefined name 'RequestData' • flutter/packages/flutter_driver/test/src/real_tests/request_data_test.dart:19:37 • undefined_identifier
  error • The function 'expect' isn't defined • flutter/packages/flutter_driver/test/src/real_tests/request_data_test.dart:20:7 • undefined_function
  error • Target of URI doesn't exist: 'package:flutter_driver/flutter_driver.dart' • flutter/packages/flutter_driver/test/src/real_tests/stubs/stub_command.dart:5:8 • uri_does_not_exist
  error • Classes can only extend other classes • flutter/packages/flutter_driver/test/src/real_tests/stubs/stub_command.dart:7:33 • extends_non_class
  error • No associated positional super constructor parameter • flutter/packages/flutter_driver/test/src/real_tests/stubs/stub_command.dart:8:27 • super_formal_parameter_without_associated_positional
  error • No associated named super constructor parameter • flutter/packages/flutter_driver/test/src/real_tests/stubs/stub_command.dart:8:54 • super_formal_parameter_without_associated_named
  error • No associated positional super constructor parameter • flutter/packages/flutter_driver/test/src/real_tests/stubs/stub_command.dart:10:39 • super_formal_parameter_without_associated_positional
  error • No associated positional super constructor parameter • flutter/packages/flutter_driver/test/src/real_tests/stubs/stub_command.dart:10:51 • super_formal_parameter_without_associated_positional
   info • Method invocation or property access on a 'dynamic' target • flutter/packages/flutter_driver/test/src/real_tests/stubs/stub_command.dart:11:25 • avoid_dynamic_calls
  error • The argument type 'dynamic' can't be assigned to the parameter type 'String'.  • flutter/packages/flutter_driver/test/src/real_tests/stubs/stub_command.dart:11:25 • argument_type_not_assignable
  error • The class 'Object' doesn't have a constructor named 'deserialize' • flutter/packages/flutter_driver/test/src/real_tests/stubs/stub_command.dart:12:7 • undefined_constructor_in_initializer
warning • The method doesn't override an inherited method • flutter/packages/flutter_driver/test/src/real_tests/stubs/stub_command.dart:15:23 • override_on_non_overriding_member
  error • The method 'serialize' isn't defined in a superclass of 'StubNestedCommand' • flutter/packages/flutter_driver/test/src/real_tests/stubs/stub_command.dart:16:18 • undefined_super_member
warning • The getter doesn't override an inherited getter • flutter/packages/flutter_driver/test/src/real_tests/stubs/stub_command.dart:20:14 • override_on_non_overriding_member
  error • Classes can only extend other classes • flutter/packages/flutter_driver/test/src/real_tests/stubs/stub_command.dart:25:33 • extends_non_class
  error • No associated positional super constructor parameter • flutter/packages/flutter_driver/test/src/real_tests/stubs/stub_command.dart:26:27 • super_formal_parameter_without_associated_positional
  error • No associated named super constructor parameter • flutter/packages/flutter_driver/test/src/real_tests/stubs/stub_command.dart:26:54 • super_formal_parameter_without_associated_named
  error • No associated positional super constructor parameter • flutter/packages/flutter_driver/test/src/real_tests/stubs/stub_command.dart:28:39 • super_formal_parameter_without_associated_positional
  error • No associated positional super constructor parameter • flutter/packages/flutter_driver/test/src/real_tests/stubs/stub_command.dart:28:51 • super_formal_parameter_without_associated_positional
   info • Method invocation or property access on a 'dynamic' target • flutter/packages/flutter_driver/test/src/real_tests/stubs/stub_command.dart:29:25 • avoid_dynamic_calls
  error • The argument type 'dynamic' can't be assigned to the parameter type 'String'.  • flutter/packages/flutter_driver/test/src/real_tests/stubs/stub_command.dart:29:25 • argument_type_not_assignable
  error • The class 'Object' doesn't have a constructor named 'deserialize' • flutter/packages/flutter_driver/test/src/real_tests/stubs/stub_command.dart:30:7 • undefined_constructor_in_initializer
warning • The method doesn't override an inherited method • flutter/packages/flutter_driver/test/src/real_tests/stubs/stub_command.dart:33:23 • override_on_non_overriding_member
  error • The method 'serialize' isn't defined in a superclass of 'StubProberCommand' • flutter/packages/flutter_driver/test/src/real_tests/stubs/stub_command.dart:34:18 • undefined_super_member
warning • The getter doesn't override an inherited getter • flutter/packages/flutter_driver/test/src/real_tests/stubs/stub_command.dart:38:14 • override_on_non_overriding_member
  error • Classes can only extend other classes • flutter/packages/flutter_driver/test/src/real_tests/stubs/stub_command.dart:43:33 • extends_non_class
warning • The method doesn't override an inherited method • flutter/packages/flutter_driver/test/src/real_tests/stubs/stub_command.dart:49:24 • override_on_non_overriding_member
  error • Target of URI doesn't exist: 'package:flutter_driver/driver_extension.dart' • flutter/packages/flutter_driver/test/src/real_tests/stubs/stub_command_extension.dart:5:8 • uri_does_not_exist
  error • Target of URI doesn't exist: 'package:flutter_driver/flutter_driver.dart' • flutter/packages/flutter_driver/test/src/real_tests/stubs/stub_command_extension.dart:6:8 • uri_does_not_exist
  error • Classes can only extend other classes • flutter/packages/flutter_driver/test/src/real_tests/stubs/stub_command_extension.dart:11:42 • extends_non_class
warning • The getter doesn't override an inherited getter • flutter/packages/flutter_driver/test/src/real_tests/stubs/stub_command_extension.dart:13:14 • override_on_non_overriding_member
  error • The name 'Result' isn't a type, so it can't be used as a type argument • flutter/packages/flutter_driver/test/src/real_tests/stubs/stub_command_extension.dart:16:10 • non_type_as_type_argument
warning • The method doesn't override an inherited method • flutter/packages/flutter_driver/test/src/real_tests/stubs/stub_command_extension.dart:16:18 • override_on_non_overriding_member
  error • Undefined class 'Command' • flutter/packages/flutter_driver/test/src/real_tests/stubs/stub_command_extension.dart:17:5 • undefined_class
  error • Undefined class 'CreateFinderFactory' • flutter/packages/flutter_driver/test/src/real_tests/stubs/stub_command_extension.dart:19:5 • undefined_class
  error • Undefined class 'CommandHandlerFactory' • flutter/packages/flutter_driver/test/src/real_tests/stubs/stub_command_extension.dart:20:5 • undefined_class
  error • The getter 'finder' isn't defined for the type 'StubNestedCommand' • flutter/packages/flutter_driver/test/src/real_tests/stubs/stub_command_extension.dart:23:74 • undefined_getter
  error • The method 'Tap' isn't defined for the type 'StubNestedCommandExtension' • flutter/packages/flutter_driver/test/src/real_tests/stubs/stub_command_extension.dart:25:42 • undefined_method
  error • The getter 'finder' isn't defined for the type 'StubNestedCommand' • flutter/packages/flutter_driver/test/src/real_tests/stubs/stub_command_extension.dart:25:58 • undefined_getter
  error • Undefined class 'Command' • flutter/packages/flutter_driver/test/src/real_tests/stubs/stub_command_extension.dart:31:3 • undefined_class
warning • The method doesn't override an inherited method • flutter/packages/flutter_driver/test/src/real_tests/stubs/stub_command_extension.dart:31:11 • override_on_non_overriding_member
  error • Undefined class 'DeserializeFinderFactory' • flutter/packages/flutter_driver/test/src/real_tests/stubs/stub_command_extension.dart:33:5 • undefined_class
  error • Undefined class 'DeserializeCommandFactory' • flutter/packages/flutter_driver/test/src/real_tests/stubs/stub_command_extension.dart:34:5 • undefined_class
  error • Classes can only extend other classes • flutter/packages/flutter_driver/test/src/real_tests/stubs/stub_command_extension.dart:40:42 • extends_non_class
warning • The getter doesn't override an inherited getter • flutter/packages/flutter_driver/test/src/real_tests/stubs/stub_command_extension.dart:42:14 • override_on_non_overriding_member
  error • The name 'Result' isn't a type, so it can't be used as a type argument • flutter/packages/flutter_driver/test/src/real_tests/stubs/stub_command_extension.dart:45:10 • non_type_as_type_argument
warning • The method doesn't override an inherited method • flutter/packages/flutter_driver/test/src/real_tests/stubs/stub_command_extension.dart:45:18 • override_on_non_overriding_member
  error • Undefined class 'Command' • flutter/packages/flutter_driver/test/src/real_tests/stubs/stub_command_extension.dart:46:5 • undefined_class
  error • Undefined class 'CreateFinderFactory' • flutter/packages/flutter_driver/test/src/real_tests/stubs/stub_command_extension.dart:48:5 • undefined_class
  error • Undefined class 'CommandHandlerFactory' • flutter/packages/flutter_driver/test/src/real_tests/stubs/stub_command_extension.dart:49:5 • undefined_class
  error • The getter 'finder' isn't defined for the type 'StubProberCommand' • flutter/packages/flutter_driver/test/src/real_tests/stubs/stub_command_extension.dart:52:66 • undefined_getter
  error • Undefined class 'Command' • flutter/packages/flutter_driver/test/src/real_tests/stubs/stub_command_extension.dart:61:3 • undefined_class
warning • The method doesn't override an inherited method • flutter/packages/flutter_driver/test/src/real_tests/stubs/stub_command_extension.dart:61:11 • override_on_non_overriding_member
  error • Undefined class 'DeserializeFinderFactory' • flutter/packages/flutter_driver/test/src/real_tests/stubs/stub_command_extension.dart:63:5 • undefined_class
  error • Undefined class 'DeserializeCommandFactory' • flutter/packages/flutter_driver/test/src/real_tests/stubs/stub_command_extension.dart:64:5 • undefined_class
  error • Target of URI doesn't exist: 'package:flutter_driver/flutter_driver.dart' • flutter/packages/flutter_driver/test/src/real_tests/stubs/stub_finder.dart:5:8 • uri_does_not_exist
  error • Classes can only extend other classes • flutter/packages/flutter_driver/test/src/real_tests/stubs/stub_finder.dart:7:26 • extends_non_class
warning • The getter doesn't override an inherited getter • flutter/packages/flutter_driver/test/src/real_tests/stubs/stub_finder.dart:13:14 • override_on_non_overriding_member
warning • The method doesn't override an inherited method • flutter/packages/flutter_driver/test/src/real_tests/stubs/stub_finder.dart:16:23 • override_on_non_overriding_member
  error • The method 'serialize' isn't defined in a superclass of 'StubFinder' • flutter/packages/flutter_driver/test/src/real_tests/stubs/stub_finder.dart:17:18 • undefined_super_member
  error • Target of URI doesn't exist: 'package:flutter_driver/driver_extension.dart' • flutter/packages/flutter_driver/test/src/real_tests/stubs/stub_finder_extension.dart:6:8 • uri_does_not_exist
  error • Target of URI doesn't exist: 'package:flutter_driver/src/common/find.dart' • flutter/packages/flutter_driver/test/src/real_tests/stubs/stub_finder_extension.dart:7:8 • uri_does_not_exist
  error • Classes can only extend other classes • flutter/packages/flutter_driver/test/src/real_tests/stubs/stub_finder_extension.dart:12:35 • extends_non_class
warning • The method doesn't override an inherited method • flutter/packages/flutter_driver/test/src/real_tests/stubs/stub_finder_extension.dart:14:10 • override_on_non_overriding_member
  error • Undefined class 'SerializableFinder' • flutter/packages/flutter_driver/test/src/real_tests/stubs/stub_finder_extension.dart:14:23 • undefined_class
  error • Undefined class 'CreateFinderFactory' • flutter/packages/flutter_driver/test/src/real_tests/stubs/stub_finder_extension.dart:14:50 • undefined_class
  error • Undefined class 'SerializableFinder' • flutter/packages/flutter_driver/test/src/real_tests/stubs/stub_finder_extension.dart:25:3 • undefined_class
warning • The method doesn't override an inherited method • flutter/packages/flutter_driver/test/src/real_tests/stubs/stub_finder_extension.dart:25:22 • override_on_non_overriding_member
  error • Undefined class 'DeserializeFinderFactory' • flutter/packages/flutter_driver/test/src/real_tests/stubs/stub_finder_extension.dart:27:5 • undefined_class
warning • The getter doesn't override an inherited getter • flutter/packages/flutter_driver/test/src/real_tests/stubs/stub_finder_extension.dart:33:14 • override_on_non_overriding_member
  error • Target of URI doesn't exist: 'package:flutter_driver/flutter_driver.dart' • flutter/packages/flutter_driver/test/src/real_tests/text_input_action_test.dart:5:8 • uri_does_not_exist
  error • Target of URI doesn't exist: 'package:flutter_driver/src/common/text_input_action.dart' • flutter/packages/flutter_driver/test/src/real_tests/text_input_action_test.dart:6:8 • uri_does_not_exist
  error • Const variables must be initialized with a constant value • flutter/packages/flutter_driver/test/src/real_tests/text_input_action_test.dart:12:50 • const_initialized_with_non_constant_value
  error • Target of URI doesn't exist: 'package:flutter_driver/flutter_driver.dart' • flutter/packages/flutter_driver/test/src/real_tests/timeline_summary_test.dart:9:8 • uri_does_not_exist
  error • Target of URI doesn't exist: 'package:flutter_driver/src/driver/profiling_summarizer.dart' • flutter/packages/flutter_driver/test/src/real_tests/timeline_summary_test.dart:10:8 • uri_does_not_exist
  error • Target of URI doesn't exist: 'package:flutter_driver/src/driver/refresh_rate_summarizer.dart' • flutter/packages/flutter_driver/test/src/real_tests/timeline_summary_test.dart:11:8 • uri_does_not_exist
  error • Target of URI doesn't exist: 'package:flutter_driver/src/driver/scene_display_lag_summarizer.dart' • flutter/packages/flutter_driver/test/src/real_tests/timeline_summary_test.dart:12:8 • uri_does_not_exist
  error • Target of URI doesn't exist: 'package:flutter_driver/src/driver/vsync_frame_lag_summarizer.dart' • flutter/packages/flutter_driver/test/src/real_tests/timeline_summary_test.dart:13:8 • uri_does_not_exist
  error • The function 'group' isn't defined • flutter/packages/flutter_driver/test/src/real_tests/timeline_summary_test.dart:19:3 • undefined_function
  error • Undefined class 'TimelineSummary' • flutter/packages/flutter_driver/test/src/real_tests/timeline_summary_test.dart:20:5 • undefined_class
  error • Undefined name 'TimelineSummary' • flutter/packages/flutter_driver/test/src/real_tests/timeline_summary_test.dart:21:14 • undefined_identifier
  error • Undefined name 'Timeline' • flutter/packages/flutter_driver/test/src/real_tests/timeline_summary_test.dart:22:9 • undefined_identifier
  error • The function 'group' isn't defined • flutter/packages/flutter_driver/test/src/real_tests/timeline_summary_test.dart:154:5 • undefined_function
  error • The function 'test' isn't defined • flutter/packages/flutter_driver/test/src/real_tests/timeline_summary_test.dart:155:7 • undefined_function
  error • The function 'expect' isn't defined • flutter/packages/flutter_driver/test/src/real_tests/timeline_summary_test.dart:156:9 • undefined_function
  error • The function 'group' isn't defined • flutter/packages/flutter_driver/test/src/real_tests/timeline_summary_test.dart:168:5 • undefined_function
  error • The function 'test' isn't defined • flutter/packages/flutter_driver/test/src/real_tests/timeline_summary_test.dart:169:7 • undefined_function
  error • The function 'expect' isn't defined • flutter/packages/flutter_driver/test/src/real_tests/timeline_summary_test.dart:170:9 • undefined_function
  error • The function 'throwsA' isn't defined • flutter/packages/flutter_driver/test/src/real_tests/timeline_summary_test.dart:172:11 • undefined_function
  error • The function 'isA' isn't defined • flutter/packages/flutter_driver/test/src/real_tests/timeline_summary_test.dart:173:13 • undefined_function
  error • The function 'contains' isn't defined • flutter/packages/flutter_driver/test/src/real_tests/timeline_summary_test.dart:176:15 • undefined_function
  error • The function 'test' isn't defined • flutter/packages/flutter_driver/test/src/real_tests/timeline_summary_test.dart:182:7 • undefined_function
  error • The function 'expect' isn't defined • flutter/packages/flutter_driver/test/src/real_tests/timeline_summary_test.dart:183:9 • undefined_function
  error • The function 'test' isn't defined • flutter/packages/flutter_driver/test/src/real_tests/timeline_summary_test.dart:194:7 • undefined_function
  error • The function 'expect' isn't defined • flutter/packages/flutter_driver/test/src/real_tests/timeline_summary_test.dart:195:9 • undefined_function
  error • The function 'test' isn't defined • flutter/packages/flutter_driver/test/src/real_tests/timeline_summary_test.dart:205:7 • undefined_function
  error • The function 'expect' isn't defined • flutter/packages/flutter_driver/test/src/real_tests/timeline_summary_test.dart:206:9 • undefined_function
  error • The function 'test' isn't defined • flutter/packages/flutter_driver/test/src/real_tests/timeline_summary_test.dart:217:7 • undefined_function
  error • The function 'expect' isn't defined • flutter/packages/flutter_driver/test/src/real_tests/timeline_summary_test.dart:218:9 • undefined_function
  error • The function 'test' isn't defined • flutter/packages/flutter_driver/test/src/real_tests/timeline_summary_test.dart:228:7 • undefined_function
  error • The function 'expect' isn't defined • flutter/packages/flutter_driver/test/src/real_tests/timeline_summary_test.dart:229:9 • undefined_function
  error • The function 'group' isn't defined • flutter/packages/flutter_driver/test/src/real_tests/timeline_summary_test.dart:242:5 • undefined_function
  error • The function 'test' isn't defined • flutter/packages/flutter_driver/test/src/real_tests/timeline_summary_test.dart:243:7 • undefined_function
  error • The function 'expect' isn't defined • flutter/packages/flutter_driver/test/src/real_tests/timeline_summary_test.dart:244:9 • undefined_function
  error • The function 'throwsA' isn't defined • flutter/packages/flutter_driver/test/src/real_tests/timeline_summary_test.dart:246:11 • undefined_function
  error • The function 'isA' isn't defined • flutter/packages/flutter_driver/test/src/real_tests/timeline_summary_test.dart:247:13 • undefined_function
  error • The function 'contains' isn't defined • flutter/packages/flutter_driver/test/src/real_tests/timeline_summary_test.dart:250:15 • undefined_function
  error • The function 'test' isn't defined • flutter/packages/flutter_driver/test/src/real_tests/timeline_summary_test.dart:256:7 • undefined_function
  error • The function 'expect' isn't defined • flutter/packages/flutter_driver/test/src/real_tests/timeline_summary_test.dart:257:9 • undefined_function
  error • The function 'expect' isn't defined • flutter/packages/flutter_driver/test/src/real_tests/timeline_summary_test.dart:266:9 • undefined_function
  error • The function 'test' isn't defined • flutter/packages/flutter_driver/test/src/real_tests/timeline_summary_test.dart:277:7 • undefined_function
  error • The function 'expect' isn't defined • flutter/packages/flutter_driver/test/src/real_tests/timeline_summary_test.dart:278:9 • undefined_function
  error • The function 'test' isn't defined • flutter/packages/flutter_driver/test/src/real_tests/timeline_summary_test.dart:288:7 • undefined_function
  error • The function 'expect' isn't defined • flutter/packages/flutter_driver/test/src/real_tests/timeline_summary_test.dart:289:9 • undefined_function
  error • The function 'group' isn't defined • flutter/packages/flutter_driver/test/src/real_tests/timeline_summary_test.dart:300:5 • undefined_function
  error • The function 'test' isn't defined • flutter/packages/flutter_driver/test/src/real_tests/timeline_summary_test.dart:301:7 • undefined_function
  error • Undefined class 'TimelineSummary' • flutter/packages/flutter_driver/test/src/real_tests/timeline_summary_test.dart:302:15 • undefined_class
  error • The function 'expect' isn't defined • flutter/packages/flutter_driver/test/src/real_tests/timeline_summary_test.dart:311:9 • undefined_function
  error • The function 'expect' isn't defined • flutter/packages/flutter_driver/test/src/real_tests/timeline_summary_test.dart:312:9 • undefined_function
  error • The function 'group' isn't defined • flutter/packages/flutter_driver/test/src/real_tests/timeline_summary_test.dart:316:5 • undefined_function
  error • The function 'test' isn't defined • flutter/packages/flutter_driver/test/src/real_tests/timeline_summary_test.dart:317:7 • undefined_function
  error • The function 'expect' isn't defined • flutter/packages/flutter_driver/test/src/real_tests/timeline_summary_test.dart:318:9 • undefined_function
  error • The function 'throwsA' isn't defined • flutter/packages/flutter_driver/test/src/real_tests/timeline_summary_test.dart:320:11 • undefined_function
  error • The function 'isA' isn't defined • flutter/packages/flutter_driver/test/src/real_tests/timeline_summary_test.dart:321:13 • undefined_function
  error • The function 'contains' isn't defined • flutter/packages/flutter_driver/test/src/real_tests/timeline_summary_test.dart:324:15 • undefined_function
  error • The function 'test' isn't defined • flutter/packages/flutter_driver/test/src/real_tests/timeline_summary_test.dart:330:7 • undefined_function
  error • The function 'expect' isn't defined • flutter/packages/flutter_driver/test/src/real_tests/timeline_summary_test.dart:331:9 • undefined_function
  error • The function 'test' isn't defined • flutter/packages/flutter_driver/test/src/real_tests/timeline_summary_test.dart:342:7 • undefined_function
  error • The function 'expect' isn't defined • flutter/packages/flutter_driver/test/src/real_tests/timeline_summary_test.dart:343:9 • undefined_function
  error • The function 'test' isn't defined • flutter/packages/flutter_driver/test/src/real_tests/timeline_summary_test.dart:353:7 • undefined_function
  error • The function 'expect' isn't defined • flutter/packages/flutter_driver/test/src/real_tests/timeline_summary_test.dart:354:9 • undefined_function
  error • The function 'group' isn't defined • flutter/packages/flutter_driver/test/src/real_tests/timeline_summary_test.dart:365:5 • undefined_function
  error • The function 'test' isn't defined • flutter/packages/flutter_driver/test/src/real_tests/timeline_summary_test.dart:366:7 • undefined_function
  error • The function 'expect' isn't defined • flutter/packages/flutter_driver/test/src/real_tests/timeline_summary_test.dart:367:9 • undefined_function
  error • The function 'throwsA' isn't defined • flutter/packages/flutter_driver/test/src/real_tests/timeline_summary_test.dart:369:11 • undefined_function
  error • The function 'isA' isn't defined • flutter/packages/flutter_driver/test/src/real_tests/timeline_summary_test.dart:370:13 • undefined_function
  error • The function 'contains' isn't defined • flutter/packages/flutter_driver/test/src/real_tests/timeline_summary_test.dart:373:15 • undefined_function
  error • The function 'test' isn't defined • flutter/packages/flutter_driver/test/src/real_tests/timeline_summary_test.dart:379:7 • undefined_function
  error • The function 'expect' isn't defined • flutter/packages/flutter_driver/test/src/real_tests/timeline_summary_test.dart:380:9 • undefined_function
  error • The function 'expect' isn't defined • flutter/packages/flutter_driver/test/src/real_tests/timeline_summary_test.dart:389:9 • undefined_function
  error • The function 'test' isn't defined • flutter/packages/flutter_driver/test/src/real_tests/timeline_summary_test.dart:400:7 • undefined_function
  error • The function 'expect' isn't defined • flutter/packages/flutter_driver/test/src/real_tests/timeline_summary_test.dart:401:9 • undefined_function
  error • The function 'test' isn't defined • flutter/packages/flutter_driver/test/src/real_tests/timeline_summary_test.dart:411:7 • undefined_function
  error • The function 'expect' isn't defined • flutter/packages/flutter_driver/test/src/real_tests/timeline_summary_test.dart:412:9 • undefined_function
  error • The function 'group' isn't defined • flutter/packages/flutter_driver/test/src/real_tests/timeline_summary_test.dart:423:5 • undefined_function
  error • The function 'test' isn't defined • flutter/packages/flutter_driver/test/src/real_tests/timeline_summary_test.dart:424:7 • undefined_function
  error • The function 'expect' isn't defined • flutter/packages/flutter_driver/test/src/real_tests/timeline_summary_test.dart:425:9 • undefined_function
  error • The function 'throwsA' isn't defined • flutter/packages/flutter_driver/test/src/real_tests/timeline_summary_test.dart:428:11 • undefined_function
  error • The function 'isA' isn't defined • flutter/packages/flutter_driver/test/src/real_tests/timeline_summary_test.dart:429:13 • undefined_function
  error • The function 'contains' isn't defined • flutter/packages/flutter_driver/test/src/real_tests/timeline_summary_test.dart:432:15 • undefined_function
  error • The function 'test' isn't defined • flutter/packages/flutter_driver/test/src/real_tests/timeline_summary_test.dart:446:7 • undefined_function
  error • The function 'expect' isn't defined • flutter/packages/flutter_driver/test/src/real_tests/timeline_summary_test.dart:448:11 • undefined_function
  error • The function 'test' isn't defined • flutter/packages/flutter_driver/test/src/real_tests/timeline_summary_test.dart:457:7 • undefined_function
  error • The function 'expect' isn't defined • flutter/packages/flutter_driver/test/src/real_tests/timeline_summary_test.dart:462:9 • undefined_function
  error • The function 'group' isn't defined • flutter/packages/flutter_driver/test/src/real_tests/timeline_summary_test.dart:471:5 • undefined_function
  error • The function 'test' isn't defined • flutter/packages/flutter_driver/test/src/real_tests/timeline_summary_test.dart:472:7 • undefined_function
  error • Undefined class 'TimelineSummary' • flutter/packages/flutter_driver/test/src/real_tests/timeline_summary_test.dart:473:15 • undefined_class
  error • The function 'expect' isn't defined • flutter/packages/flutter_driver/test/src/real_tests/timeline_summary_test.dart:482:9 • undefined_function
  error • The function 'group' isn't defined • flutter/packages/flutter_driver/test/src/real_tests/timeline_summary_test.dart:486:5 • undefined_function
  error • The function 'test' isn't defined • flutter/packages/flutter_driver/test/src/real_tests/timeline_summary_test.dart:487:7 • undefined_function
  error • The function 'expect' isn't defined • flutter/packages/flutter_driver/test/src/real_tests/timeline_summary_test.dart:488:9 • undefined_function
  error • The function 'group' isn't defined • flutter/packages/flutter_driver/test/src/real_tests/timeline_summary_test.dart:576:5 • undefined_function
  error • The function 'setUp' isn't defined • flutter/packages/flutter_driver/test/src/real_tests/timeline_summary_test.dart:579:7 • undefined_function
  error • The function 'useMemoryFileSystemForTesting' isn't defined • flutter/packages/flutter_driver/test/src/real_tests/timeline_summary_test.dart:580:9 • undefined_function
  error • Undefined name 'fs' • flutter/packages/flutter_driver/test/src/real_tests/timeline_summary_test.dart:581:19 • undefined_identifier
  error • The function 'tearDown' isn't defined • flutter/packages/flutter_driver/test/src/real_tests/timeline_summary_test.dart:584:7 • undefined_function
  error • The function 'restoreFileSystem' isn't defined • flutter/packages/flutter_driver/test/src/real_tests/timeline_summary_test.dart:586:9 • undefined_function
  error • The function 'test' isn't defined • flutter/packages/flutter_driver/test/src/real_tests/timeline_summary_test.dart:589:7 • undefined_function
  error • Undefined name 'fs' • flutter/packages/flutter_driver/test/src/real_tests/timeline_summary_test.dart:593:38 • undefined_identifier
  error • The function 'expect' isn't defined • flutter/packages/flutter_driver/test/src/real_tests/timeline_summary_test.dart:596:9 • undefined_function
  error • The function 'test' isn't defined • flutter/packages/flutter_driver/test/src/real_tests/timeline_summary_test.dart:599:7 • undefined_function
  error • Undefined name 'fs' • flutter/packages/flutter_driver/test/src/real_tests/timeline_summary_test.dart:607:38 • undefined_identifier
  error • The function 'expect' isn't defined • flutter/packages/flutter_driver/test/src/real_tests/timeline_summary_test.dart:610:9 • undefined_function
  error • The function 'test' isn't defined • flutter/packages/flutter_driver/test/src/real_tests/timeline_summary_test.dart:620:7 • undefined_function
  error • Undefined name 'fs' • flutter/packages/flutter_driver/test/src/real_tests/timeline_summary_test.dart:655:38 • undefined_identifier
  error • The function 'expect' isn't defined • flutter/packages/flutter_driver/test/src/real_tests/timeline_summary_test.dart:658:9 • undefined_function
  error • The function 'group' isn't defined • flutter/packages/flutter_driver/test/src/real_tests/timeline_summary_test.dart:728:5 • undefined_function
  error • Undefined class 'SceneDisplayLagSummarizer' • flutter/packages/flutter_driver/test/src/real_tests/timeline_summary_test.dart:729:7 • undefined_class
  error • Undefined class 'Timeline' • flutter/packages/flutter_driver/test/src/real_tests/timeline_summary_test.dart:730:15 • undefined_class
  error • Undefined name 'Timeline' • flutter/packages/flutter_driver/test/src/real_tests/timeline_summary_test.dart:730:35 • undefined_identifier
  error • The function 'SceneDisplayLagSummarizer' isn't defined • flutter/packages/flutter_driver/test/src/real_tests/timeline_summary_test.dart:731:16 • undefined_function
  error • The function 'test' isn't defined • flutter/packages/flutter_driver/test/src/real_tests/timeline_summary_test.dart:734:7 • undefined_function
  error • Undefined class 'SceneDisplayLagSummarizer' • flutter/packages/flutter_driver/test/src/real_tests/timeline_summary_test.dart:735:15 • undefined_class
  error • The function 'expect' isn't defined • flutter/packages/flutter_driver/test/src/real_tests/timeline_summary_test.dart:743:9 • undefined_function
  error • The function 'test' isn't defined • flutter/packages/flutter_driver/test/src/real_tests/timeline_summary_test.dart:746:7 • undefined_function
  error • Undefined class 'SceneDisplayLagSummarizer' • flutter/packages/flutter_driver/test/src/real_tests/timeline_summary_test.dart:747:15 • undefined_class
  error • The function 'expect' isn't defined • flutter/packages/flutter_driver/test/src/real_tests/timeline_summary_test.dart:748:9 • undefined_function
  error • The function 'expect' isn't defined • flutter/packages/flutter_driver/test/src/real_tests/timeline_summary_test.dart:749:9 • undefined_function
  error • The function 'expect' isn't defined • flutter/packages/flutter_driver/test/src/real_tests/timeline_summary_test.dart:750:9 • undefined_function
  error • The function 'test' isn't defined • flutter/packages/flutter_driver/test/src/real_tests/timeline_summary_test.dart:753:7 • undefined_function
  error • Undefined class 'SceneDisplayLagSummarizer' • flutter/packages/flutter_driver/test/src/real_tests/timeline_summary_test.dart:754:15 • undefined_class
  error • The function 'expect' isn't defined • flutter/packages/flutter_driver/test/src/real_tests/timeline_summary_test.dart:774:9 • undefined_function
  error • The function 'test' isn't defined • flutter/packages/flutter_driver/test/src/real_tests/timeline_summary_test.dart:777:7 • undefined_function
  error • Undefined class 'SceneDisplayLagSummarizer' • flutter/packages/flutter_driver/test/src/real_tests/timeline_summary_test.dart:778:15 • undefined_class
  error • The function 'expect' isn't defined • flutter/packages/flutter_driver/test/src/real_tests/timeline_summary_test.dart:790:9 • undefined_function
  error • The function 'group' isn't defined • flutter/packages/flutter_driver/test/src/real_tests/timeline_summary_test.dart:794:5 • undefined_function
  error • Undefined class 'ProfilingSummarizer' • flutter/packages/flutter_driver/test/src/real_tests/timeline_summary_test.dart:795:7 • undefined_class
  error • Undefined class 'Timeline' • flutter/packages/flutter_driver/test/src/real_tests/timeline_summary_test.dart:796:15 • undefined_class
  error • Undefined name 'Timeline' • flutter/packages/flutter_driver/test/src/real_tests/timeline_summary_test.dart:796:35 • undefined_identifier
  error • Undefined name 'ProfilingSummarizer' • flutter/packages/flutter_driver/test/src/real_tests/timeline_summary_test.dart:797:16 • undefined_identifier
  error • The function 'test' isn't defined • flutter/packages/flutter_driver/test/src/real_tests/timeline_summary_test.dart:800:7 • undefined_function
  error • Undefined class 'ProfilingSummarizer' • flutter/packages/flutter_driver/test/src/real_tests/timeline_summary_test.dart:801:15 • undefined_class
  error • The function 'expect' isn't defined • flutter/packages/flutter_driver/test/src/real_tests/timeline_summary_test.dart:807:9 • undefined_function
  error • Undefined name 'ProfileType' • flutter/packages/flutter_driver/test/src/real_tests/timeline_summary_test.dart:807:42 • undefined_identifier
  error • The function 'expect' isn't defined • flutter/packages/flutter_driver/test/src/real_tests/timeline_summary_test.dart:808:9 • undefined_function
  error • Undefined name 'ProfileType' • flutter/packages/flutter_driver/test/src/real_tests/timeline_summary_test.dart:808:42 • undefined_identifier
  error • The function 'test' isn't defined • flutter/packages/flutter_driver/test/src/real_tests/timeline_summary_test.dart:811:7 • undefined_function
  error • Undefined class 'ProfilingSummarizer' • flutter/packages/flutter_driver/test/src/real_tests/timeline_summary_test.dart:812:15 • undefined_class
  error • The function 'expect' isn't defined • flutter/packages/flutter_driver/test/src/real_tests/timeline_summary_test.dart:816:9 • undefined_function
  error • Undefined name 'ProfileType' • flutter/packages/flutter_driver/test/src/real_tests/timeline_summary_test.dart:816:42 • undefined_identifier
  error • The function 'expect' isn't defined • flutter/packages/flutter_driver/test/src/real_tests/timeline_summary_test.dart:817:9 • undefined_function
  error • The function 'test' isn't defined • flutter/packages/flutter_driver/test/src/real_tests/timeline_summary_test.dart:820:7 • undefined_function
  error • Undefined class 'ProfilingSummarizer' • flutter/packages/flutter_driver/test/src/real_tests/timeline_summary_test.dart:821:15 • undefined_class
  error • The function 'expect' isn't defined • flutter/packages/flutter_driver/test/src/real_tests/timeline_summary_test.dart:831:9 • undefined_function
  error • Undefined name 'ProfileType' • flutter/packages/flutter_driver/test/src/real_tests/timeline_summary_test.dart:831:45 • undefined_identifier
  error • The function 'group' isn't defined • flutter/packages/flutter_driver/test/src/real_tests/timeline_summary_test.dart:835:5 • undefined_function
  error • Undefined class 'VsyncFrameLagSummarizer' • flutter/packages/flutter_driver/test/src/real_tests/timeline_summary_test.dart:836:7 • undefined_class
  error • Undefined class 'Timeline' • flutter/packages/flutter_driver/test/src/real_tests/timeline_summary_test.dart:837:15 • undefined_class
  error • Undefined name 'Timeline' • flutter/packages/flutter_driver/test/src/real_tests/timeline_summary_test.dart:837:35 • undefined_identifier
  error • The function 'VsyncFrameLagSummarizer' isn't defined • flutter/packages/flutter_driver/test/src/real_tests/timeline_summary_test.dart:838:16 • undefined_function
  error • The function 'test' isn't defined • flutter/packages/flutter_driver/test/src/real_tests/timeline_summary_test.dart:841:7 • undefined_function
  error • Undefined class 'VsyncFrameLagSummarizer' • flutter/packages/flutter_driver/test/src/real_tests/timeline_summary_test.dart:842:15 • undefined_class
  error • The function 'expect' isn't defined • flutter/packages/flutter_driver/test/src/real_tests/timeline_summary_test.dart:848:9 • undefined_function
  error • The function 'test' isn't defined • flutter/packages/flutter_driver/test/src/real_tests/timeline_summary_test.dart:851:7 • undefined_function
  error • Undefined class 'VsyncFrameLagSummarizer' • flutter/packages/flutter_driver/test/src/real_tests/timeline_summary_test.dart:852:15 • undefined_class
  error • The function 'expect' isn't defined • flutter/packages/flutter_driver/test/src/real_tests/timeline_summary_test.dart:856:9 • undefined_function
  error • The function 'expect' isn't defined • flutter/packages/flutter_driver/test/src/real_tests/timeline_summary_test.dart:857:9 • undefined_function
  error • The function 'test' isn't defined • flutter/packages/flutter_driver/test/src/real_tests/timeline_summary_test.dart:860:7 • undefined_function
  error • Undefined class 'VsyncFrameLagSummarizer' • flutter/packages/flutter_driver/test/src/real_tests/timeline_summary_test.dart:861:15 • undefined_class
  error • The function 'expect' isn't defined • flutter/packages/flutter_driver/test/src/real_tests/timeline_summary_test.dart:865:9 • undefined_function
  error • The function 'test' isn't defined • flutter/packages/flutter_driver/test/src/real_tests/timeline_summary_test.dart:868:7 • undefined_function
  error • Undefined class 'VsyncFrameLagSummarizer' • flutter/packages/flutter_driver/test/src/real_tests/timeline_summary_test.dart:869:15 • undefined_class
  error • The function 'expect' isn't defined • flutter/packages/flutter_driver/test/src/real_tests/timeline_summary_test.dart:874:9 • undefined_function
  error • The function 'test' isn't defined • flutter/packages/flutter_driver/test/src/real_tests/timeline_summary_test.dart:877:7 • undefined_function
  error • Undefined class 'VsyncFrameLagSummarizer' • flutter/packages/flutter_driver/test/src/real_tests/timeline_summary_test.dart:886:15 • undefined_class
  error • The function 'expect' isn't defined • flutter/packages/flutter_driver/test/src/real_tests/timeline_summary_test.dart:887:9 • undefined_function
  error • The function 'expect' isn't defined • flutter/packages/flutter_driver/test/src/real_tests/timeline_summary_test.dart:888:9 • undefined_function
  error • The function 'group' isn't defined • flutter/packages/flutter_driver/test/src/real_tests/timeline_summary_test.dart:892:5 • undefined_function
  error • Undefined class 'RefreshRateSummary' • flutter/packages/flutter_driver/test/src/real_tests/timeline_summary_test.dart:894:7 • undefined_class
  error • Undefined class 'Timeline' • flutter/packages/flutter_driver/test/src/real_tests/timeline_summary_test.dart:895:15 • undefined_class
  error • Undefined name 'Timeline' • flutter/packages/flutter_driver/test/src/real_tests/timeline_summary_test.dart:895:35 • undefined_identifier
  error • The function 'RefreshRateSummary' isn't defined • flutter/packages/flutter_driver/test/src/real_tests/timeline_summary_test.dart:896:16 • undefined_function
  error • The function 'test' isn't defined • flutter/packages/flutter_driver/test/src/real_tests/timeline_summary_test.dart:922:7 • undefined_function
  error • Undefined class 'RefreshRateSummary' • flutter/packages/flutter_driver/test/src/real_tests/timeline_summary_test.dart:933:15 • undefined_class
  error • The function 'expect' isn't defined • flutter/packages/flutter_driver/test/src/real_tests/timeline_summary_test.dart:934:9 • undefined_function
  error • The function 'closeTo' isn't defined • flutter/packages/flutter_driver/test/src/real_tests/timeline_summary_test.dart:934:48 • undefined_function
  error • The function 'expect' isn't defined • flutter/packages/flutter_driver/test/src/real_tests/timeline_summary_test.dart:935:9 • undefined_function
  error • The function 'expect' isn't defined • flutter/packages/flutter_driver/test/src/real_tests/timeline_summary_test.dart:936:9 • undefined_function
  error • The function 'expect' isn't defined • flutter/packages/flutter_driver/test/src/real_tests/timeline_summary_test.dart:937:9 • undefined_function
  error • The function 'expect' isn't defined • flutter/packages/flutter_driver/test/src/real_tests/timeline_summary_test.dart:938:9 • undefined_function
  error • Undefined name 'isEmpty' • flutter/packages/flutter_driver/test/src/real_tests/timeline_summary_test.dart:938:54 • undefined_identifier
  error • The function 'test' isn't defined • flutter/packages/flutter_driver/test/src/real_tests/timeline_summary_test.dart:941:7 • undefined_function
  error • Undefined class 'RefreshRateSummary' • flutter/packages/flutter_driver/test/src/real_tests/timeline_summary_test.dart:953:15 • undefined_class
  error • The function 'expect' isn't defined • flutter/packages/flutter_driver/test/src/real_tests/timeline_summary_test.dart:954:9 • undefined_function
  error • The function 'expect' isn't defined • flutter/packages/flutter_driver/test/src/real_tests/timeline_summary_test.dart:955:9 • undefined_function
  error • The function 'closeTo' isn't defined • flutter/packages/flutter_driver/test/src/real_tests/timeline_summary_test.dart:955:48 • undefined_function
  error • The function 'expect' isn't defined • flutter/packages/flutter_driver/test/src/real_tests/timeline_summary_test.dart:956:9 • undefined_function
  error • The function 'expect' isn't defined • flutter/packages/flutter_driver/test/src/real_tests/timeline_summary_test.dart:957:9 • undefined_function
  error • The function 'expect' isn't defined • flutter/packages/flutter_driver/test/src/real_tests/timeline_summary_test.dart:958:9 • undefined_function
  error • Undefined name 'isEmpty' • flutter/packages/flutter_driver/test/src/real_tests/timeline_summary_test.dart:958:54 • undefined_identifier
  error • The function 'test' isn't defined • flutter/packages/flutter_driver/test/src/real_tests/timeline_summary_test.dart:961:7 • undefined_function
  error • Undefined class 'RefreshRateSummary' • flutter/packages/flutter_driver/test/src/real_tests/timeline_summary_test.dart:973:15 • undefined_class
  error • The function 'expect' isn't defined • flutter/packages/flutter_driver/test/src/real_tests/timeline_summary_test.dart:974:9 • undefined_function
  error • The function 'expect' isn't defined • flutter/packages/flutter_driver/test/src/real_tests/timeline_summary_test.dart:975:9 • undefined_function
  error • The function 'expect' isn't defined • flutter/packages/flutter_driver/test/src/real_tests/timeline_summary_test.dart:976:9 • undefined_function
  error • The function 'closeTo' isn't defined • flutter/packages/flutter_driver/test/src/real_tests/timeline_summary_test.dart:976:48 • undefined_function
  error • The function 'expect' isn't defined • flutter/packages/flutter_driver/test/src/real_tests/timeline_summary_test.dart:977:9 • undefined_function
  error • The function 'expect' isn't defined • flutter/packages/flutter_driver/test/src/real_tests/timeline_summary_test.dart:978:9 • undefined_function
  error • Undefined name 'isEmpty' • flutter/packages/flutter_driver/test/src/real_tests/timeline_summary_test.dart:978:54 • undefined_identifier
  error • The function 'test' isn't defined • flutter/packages/flutter_driver/test/src/real_tests/timeline_summary_test.dart:981:7 • undefined_function
  error • Undefined class 'RefreshRateSummary' • flutter/packages/flutter_driver/test/src/real_tests/timeline_summary_test.dart:992:15 • undefined_class
  error • The function 'expect' isn't defined • flutter/packages/flutter_driver/test/src/real_tests/timeline_summary_test.dart:993:9 • undefined_function
  error • The function 'expect' isn't defined • flutter/packages/flutter_driver/test/src/real_tests/timeline_summary_test.dart:994:9 • undefined_function
  error • The function 'expect' isn't defined • flutter/packages/flutter_driver/test/src/real_tests/timeline_summary_test.dart:995:9 • undefined_function
  error • The function 'expect' isn't defined • flutter/packages/flutter_driver/test/src/real_tests/timeline_summary_test.dart:996:9 • undefined_function
  error • The function 'closeTo' isn't defined • flutter/packages/flutter_driver/test/src/real_tests/timeline_summary_test.dart:996:49 • undefined_function
  error • The function 'expect' isn't defined • flutter/packages/flutter_driver/test/src/real_tests/timeline_summary_test.dart:997:9 • undefined_function
  error • Undefined name 'isEmpty' • flutter/packages/flutter_driver/test/src/real_tests/timeline_summary_test.dart:997:54 • undefined_identifier
  error • The function 'test' isn't defined • flutter/packages/flutter_driver/test/src/real_tests/timeline_summary_test.dart:1000:7 • undefined_function
  error • Undefined class 'RefreshRateSummary' • flutter/packages/flutter_driver/test/src/real_tests/timeline_summary_test.dart:1009:15 • undefined_class
  error • The function 'expect' isn't defined • flutter/packages/flutter_driver/test/src/real_tests/timeline_summary_test.dart:1010:9 • undefined_function
  error • The function 'expect' isn't defined • flutter/packages/flutter_driver/test/src/real_tests/timeline_summary_test.dart:1011:9 • undefined_function
  error • The function 'expect' isn't defined • flutter/packages/flutter_driver/test/src/real_tests/timeline_summary_test.dart:1012:9 • undefined_function
  error • The function 'expect' isn't defined • flutter/packages/flutter_driver/test/src/real_tests/timeline_summary_test.dart:1013:9 • undefined_function
  error • The function 'expect' isn't defined • flutter/packages/flutter_driver/test/src/real_tests/timeline_summary_test.dart:1014:9 • undefined_function
  error • Undefined name 'isNotEmpty' • flutter/packages/flutter_driver/test/src/real_tests/timeline_summary_test.dart:1014:54 • undefined_identifier
  error • The function 'expect' isn't defined • flutter/packages/flutter_driver/test/src/real_tests/timeline_summary_test.dart:1015:9 • undefined_function
  error • The function 'closeTo' isn't defined • flutter/packages/flutter_driver/test/src/real_tests/timeline_summary_test.dart:1015:60 • undefined_function
  error • The function 'test' isn't defined • flutter/packages/flutter_driver/test/src/real_tests/timeline_summary_test.dart:1018:7 • undefined_function
  error • Undefined class 'RefreshRateSummary' • flutter/packages/flutter_driver/test/src/real_tests/timeline_summary_test.dart:1058:15 • undefined_class
  error • The function 'expect' isn't defined • flutter/packages/flutter_driver/test/src/real_tests/timeline_summary_test.dart:1060:9 • undefined_function
  error • The function 'closeTo' isn't defined • flutter/packages/flutter_driver/test/src/real_tests/timeline_summary_test.dart:1060:48 • undefined_function
  error • The function 'expect' isn't defined • flutter/packages/flutter_driver/test/src/real_tests/timeline_summary_test.dart:1061:9 • undefined_function
  error • The function 'closeTo' isn't defined • flutter/packages/flutter_driver/test/src/real_tests/timeline_summary_test.dart:1061:48 • undefined_function
  error • The function 'expect' isn't defined • flutter/packages/flutter_driver/test/src/real_tests/timeline_summary_test.dart:1062:9 • undefined_function
  error • The function 'closeTo' isn't defined • flutter/packages/flutter_driver/test/src/real_tests/timeline_summary_test.dart:1062:48 • undefined_function
  error • The function 'expect' isn't defined • flutter/packages/flutter_driver/test/src/real_tests/timeline_summary_test.dart:1063:9 • undefined_function
  error • The function 'closeTo' isn't defined • flutter/packages/flutter_driver/test/src/real_tests/timeline_summary_test.dart:1063:48 • undefined_function
  error • The function 'expect' isn't defined • flutter/packages/flutter_driver/test/src/real_tests/timeline_summary_test.dart:1064:9 • undefined_function
  error • The function 'closeTo' isn't defined • flutter/packages/flutter_driver/test/src/real_tests/timeline_summary_test.dart:1066:11 • undefined_function
  error • The function 'expect' isn't defined • flutter/packages/flutter_driver/test/src/real_tests/timeline_summary_test.dart:1068:9 • undefined_function
  error • Undefined name 'isNotEmpty' • flutter/packages/flutter_driver/test/src/real_tests/timeline_summary_test.dart:1068:54 • undefined_identifier
  error • The function 'expect' isn't defined • flutter/packages/flutter_driver/test/src/real_tests/timeline_summary_test.dart:1069:9 • undefined_function
  error • Target of URI doesn't exist: 'package:flutter_driver/src/driver/timeline.dart' • flutter/packages/flutter_driver/test/src/real_tests/timeline_test.dart:5:8 • uri_does_not_exist
  error • The function 'group' isn't defined • flutter/packages/flutter_driver/test/src/real_tests/timeline_test.dart:10:3 • undefined_function
  error • The function 'test' isn't defined • flutter/packages/flutter_driver/test/src/real_tests/timeline_test.dart:11:5 • undefined_function
  error • Undefined class 'Timeline' • flutter/packages/flutter_driver/test/src/real_tests/timeline_test.dart:12:13 • undefined_class
  error • Undefined name 'Timeline' • flutter/packages/flutter_driver/test/src/real_tests/timeline_test.dart:12:33 • undefined_identifier
  error • The function 'expect' isn't defined • flutter/packages/flutter_driver/test/src/real_tests/timeline_test.dart:31:7 • undefined_function
  error • The function 'hasLength' isn't defined • flutter/packages/flutter_driver/test/src/real_tests/timeline_test.dart:31:31 • undefined_function
  error • Undefined class 'TimelineEvent' • flutter/packages/flutter_driver/test/src/real_tests/timeline_test.dart:33:13 • undefined_class
  error • The function 'expect' isn't defined • flutter/packages/flutter_driver/test/src/real_tests/timeline_test.dart:34:7 • undefined_function
  error • The function 'expect' isn't defined • flutter/packages/flutter_driver/test/src/real_tests/timeline_test.dart:35:7 • undefined_function
  error • The function 'expect' isn't defined • flutter/packages/flutter_driver/test/src/real_tests/timeline_test.dart:36:7 • undefined_function
  error • The function 'expect' isn't defined • flutter/packages/flutter_driver/test/src/real_tests/timeline_test.dart:37:7 • undefined_function
  error • The function 'expect' isn't defined • flutter/packages/flutter_driver/test/src/real_tests/timeline_test.dart:38:7 • undefined_function
  error • The function 'expect' isn't defined • flutter/packages/flutter_driver/test/src/real_tests/timeline_test.dart:39:7 • undefined_function
  error • The function 'expect' isn't defined • flutter/packages/flutter_driver/test/src/real_tests/timeline_test.dart:40:7 • undefined_function
  error • The function 'expect' isn't defined • flutter/packages/flutter_driver/test/src/real_tests/timeline_test.dart:41:7 • undefined_function
  error • The function 'expect' isn't defined • flutter/packages/flutter_driver/test/src/real_tests/timeline_test.dart:42:7 • undefined_function
  error • The function 'expect' isn't defined • flutter/packages/flutter_driver/test/src/real_tests/timeline_test.dart:43:7 • undefined_function
  error • Undefined class 'TimelineEvent' • flutter/packages/flutter_driver/test/src/real_tests/timeline_test.dart:45:13 • undefined_class
  error • The function 'expect' isn't defined • flutter/packages/flutter_driver/test/src/real_tests/timeline_test.dart:46:7 • undefined_function
  error • Undefined name 'isNull' • flutter/packages/flutter_driver/test/src/real_tests/timeline_test.dart:46:23 • undefined_identifier
  error • The function 'expect' isn't defined • flutter/packages/flutter_driver/test/src/real_tests/timeline_test.dart:47:7 • undefined_function
  error • Undefined name 'isNull' • flutter/packages/flutter_driver/test/src/real_tests/timeline_test.dart:47:27 • undefined_identifier
  error • The function 'expect' isn't defined • flutter/packages/flutter_driver/test/src/real_tests/timeline_test.dart:48:7 • undefined_function
  error • Undefined name 'isNull' • flutter/packages/flutter_driver/test/src/real_tests/timeline_test.dart:48:24 • undefined_identifier
  error • The function 'expect' isn't defined • flutter/packages/flutter_driver/test/src/real_tests/timeline_test.dart:49:7 • undefined_function
  error • Undefined name 'isNull' • flutter/packages/flutter_driver/test/src/real_tests/timeline_test.dart:49:28 • undefined_identifier
  error • The function 'expect' isn't defined • flutter/packages/flutter_driver/test/src/real_tests/timeline_test.dart:50:7 • undefined_function
  error • Undefined name 'isNull' • flutter/packages/flutter_driver/test/src/real_tests/timeline_test.dart:50:27 • undefined_identifier
  error • The function 'expect' isn't defined • flutter/packages/flutter_driver/test/src/real_tests/timeline_test.dart:51:7 • undefined_function
  error • Undefined name 'isNull' • flutter/packages/flutter_driver/test/src/real_tests/timeline_test.dart:51:27 • undefined_identifier
  error • The function 'expect' isn't defined • flutter/packages/flutter_driver/test/src/real_tests/timeline_test.dart:52:7 • undefined_function
  error • Undefined name 'isNull' • flutter/packages/flutter_driver/test/src/real_tests/timeline_test.dart:52:33 • undefined_identifier
  error • The function 'expect' isn't defined • flutter/packages/flutter_driver/test/src/real_tests/timeline_test.dart:53:7 • undefined_function
  error • Undefined name 'isNull' • flutter/packages/flutter_driver/test/src/real_tests/timeline_test.dart:53:34 • undefined_identifier
  error • The function 'expect' isn't defined • flutter/packages/flutter_driver/test/src/real_tests/timeline_test.dart:54:7 • undefined_function
  error • Undefined name 'isNull' • flutter/packages/flutter_driver/test/src/real_tests/timeline_test.dart:54:40 • undefined_identifier
  error • The function 'expect' isn't defined • flutter/packages/flutter_driver/test/src/real_tests/timeline_test.dart:55:7 • undefined_function
  error • Undefined name 'isNull' • flutter/packages/flutter_driver/test/src/real_tests/timeline_test.dart:55:28 • undefined_identifier
  error • The function 'test' isn't defined • flutter/packages/flutter_driver/test/src/real_tests/timeline_test.dart:58:5 • undefined_function
  error • Undefined class 'Timeline' • flutter/packages/flutter_driver/test/src/real_tests/timeline_test.dart:59:13 • undefined_class
  error • Undefined name 'Timeline' • flutter/packages/flutter_driver/test/src/real_tests/timeline_test.dart:59:33 • undefined_identifier
  error • The function 'expect' isn't defined • flutter/packages/flutter_driver/test/src/real_tests/timeline_test.dart:66:7 • undefined_function
  error • The function 'hasLength' isn't defined • flutter/packages/flutter_driver/test/src/real_tests/timeline_test.dart:66:31 • undefined_function
  error • The function 'expect' isn't defined • flutter/packages/flutter_driver/test/src/real_tests/timeline_test.dart:67:7 • undefined_function
  error • The function 'equals' isn't defined • flutter/packages/flutter_driver/test/src/real_tests/timeline_test.dart:67:51 • undefined_function
  error • The function 'expect' isn't defined • flutter/packages/flutter_driver/test/src/real_tests/timeline_test.dart:68:7 • undefined_function
  error • The function 'equals' isn't defined • flutter/packages/flutter_driver/test/src/real_tests/timeline_test.dart:68:51 • undefined_function
  error • The function 'expect' isn't defined • flutter/packages/flutter_driver/test/src/real_tests/timeline_test.dart:69:7 • undefined_function
  error • The function 'equals' isn't defined • flutter/packages/flutter_driver/test/src/real_tests/timeline_test.dart:69:40 • undefined_function
  error • The function 'expect' isn't defined • flutter/packages/flutter_driver/test/src/real_tests/timeline_test.dart:70:7 • undefined_function
  error • The function 'equals' isn't defined • flutter/packages/flutter_driver/test/src/real_tests/timeline_test.dart:70:40 • undefined_function
  error • The function 'test' isn't defined • flutter/packages/flutter_driver/test/src/real_tests/timeline_test.dart:73:5 • undefined_function
  error • Undefined class 'Timeline' • flutter/packages/flutter_driver/test/src/real_tests/timeline_test.dart:74:13 • undefined_class
  error • Undefined name 'Timeline' • flutter/packages/flutter_driver/test/src/real_tests/timeline_test.dart:74:33 • undefined_identifier
  error • The function 'expect' isn't defined • flutter/packages/flutter_driver/test/src/real_tests/timeline_test.dart:83:7 • undefined_function
  error • The function 'hasLength' isn't defined • flutter/packages/flutter_driver/test/src/real_tests/timeline_test.dart:83:31 • undefined_function
  error • The function 'expect' isn't defined • flutter/packages/flutter_driver/test/src/real_tests/timeline_test.dart:84:7 • undefined_function
  error • Undefined name 'isNull' • flutter/packages/flutter_driver/test/src/real_tests/timeline_test.dart:84:51 • undefined_identifier
  error • The function 'expect' isn't defined • flutter/packages/flutter_driver/test/src/real_tests/timeline_test.dart:85:7 • undefined_function
  error • Undefined name 'isNull' • flutter/packages/flutter_driver/test/src/real_tests/timeline_test.dart:85:51 • undefined_identifier
  error • The function 'expect' isn't defined • flutter/packages/flutter_driver/test/src/real_tests/timeline_test.dart:86:7 • undefined_function
  error • The function 'equals' isn't defined • flutter/packages/flutter_driver/test/src/real_tests/timeline_test.dart:86:51 • undefined_function
  error • The function 'expect' isn't defined • flutter/packages/flutter_driver/test/src/real_tests/timeline_test.dart:87:7 • undefined_function
  error • The function 'equals' isn't defined • flutter/packages/flutter_driver/test/src/real_tests/timeline_test.dart:87:51 • undefined_function
  error • The function 'expect' isn't defined • flutter/packages/flutter_driver/test/src/real_tests/timeline_test.dart:88:7 • undefined_function
  error • The function 'equals' isn't defined • flutter/packages/flutter_driver/test/src/real_tests/timeline_test.dart:88:40 • undefined_function
  error • The function 'expect' isn't defined • flutter/packages/flutter_driver/test/src/real_tests/timeline_test.dart:89:7 • undefined_function
  error • The function 'equals' isn't defined • flutter/packages/flutter_driver/test/src/real_tests/timeline_test.dart:89:40 • undefined_function
  error • The function 'expect' isn't defined • flutter/packages/flutter_driver/test/src/real_tests/timeline_test.dart:90:7 • undefined_function
  error • The function 'equals' isn't defined • flutter/packages/flutter_driver/test/src/real_tests/timeline_test.dart:90:40 • undefined_function
  error • The function 'expect' isn't defined • flutter/packages/flutter_driver/test/src/real_tests/timeline_test.dart:91:7 • undefined_function
  error • The function 'equals' isn't defined • flutter/packages/flutter_driver/test/src/real_tests/timeline_test.dart:91:40 • undefined_function
  error • Target of URI doesn't exist: 'package:flutter_driver/src/common/wait.dart' • flutter/packages/flutter_driver/test/src/real_tests/wait_test.dart:5:8 • uri_does_not_exist
  error • The function 'group' isn't defined • flutter/packages/flutter_driver/test/src/real_tests/wait_test.dart:10:3 • undefined_function
  error • The function 'test' isn't defined • flutter/packages/flutter_driver/test/src/real_tests/wait_test.dart:11:5 • undefined_function
  error • The function 'expect' isn't defined • flutter/packages/flutter_driver/test/src/real_tests/wait_test.dart:12:7 • undefined_function
  error • The name 'WaitForCondition' isn't a class • flutter/packages/flutter_driver/test/src/real_tests/wait_test.dart:12:20 • creation_with_non_type
  error • The function 'NoTransientCallbacks' isn't defined • flutter/packages/flutter_driver/test/src/real_tests/wait_test.dart:12:37 • undefined_function
  error • The function 'test' isn't defined • flutter/packages/flutter_driver/test/src/real_tests/wait_test.dart:18:5 • undefined_function
  error • The function 'expect' isn't defined • flutter/packages/flutter_driver/test/src/real_tests/wait_test.dart:19:7 • undefined_function
  error • The name 'WaitForCondition' isn't a class • flutter/packages/flutter_driver/test/src/real_tests/wait_test.dart:20:15 • creation_with_non_type
  error • The function 'NoTransientCallbacks' isn't defined • flutter/packages/flutter_driver/test/src/real_tests/wait_test.dart:21:11 • undefined_function
  error • The function 'test' isn't defined • flutter/packages/flutter_driver/test/src/real_tests/wait_test.dart:32:5 • undefined_function
  error • Undefined class 'WaitForCondition' • flutter/packages/flutter_driver/test/src/real_tests/wait_test.dart:37:13 • undefined_class
  error • Undefined name 'WaitForCondition' • flutter/packages/flutter_driver/test/src/real_tests/wait_test.dart:37:49 • undefined_identifier
  error • The function 'expect' isn't defined • flutter/packages/flutter_driver/test/src/real_tests/wait_test.dart:38:7 • undefined_function
  error • The function 'expect' isn't defined • flutter/packages/flutter_driver/test/src/real_tests/wait_test.dart:39:7 • undefined_function
  error • The function 'equals' isn't defined • flutter/packages/flutter_driver/test/src/real_tests/wait_test.dart:39:42 • undefined_function
  error • The name 'NoTransientCallbacks' isn't a class • flutter/packages/flutter_driver/test/src/real_tests/wait_test.dart:39:55 • creation_with_non_type
  error • The function 'test' isn't defined • flutter/packages/flutter_driver/test/src/real_tests/wait_test.dart:42:5 • undefined_function
  error • Undefined class 'WaitForCondition' • flutter/packages/flutter_driver/test/src/real_tests/wait_test.dart:48:13 • undefined_class
  error • Undefined name 'WaitForCondition' • flutter/packages/flutter_driver/test/src/real_tests/wait_test.dart:48:49 • undefined_identifier
  error • The function 'expect' isn't defined • flutter/packages/flutter_driver/test/src/real_tests/wait_test.dart:49:7 • undefined_function
  error • The function 'expect' isn't defined • flutter/packages/flutter_driver/test/src/real_tests/wait_test.dart:50:7 • undefined_function
  error • The function 'equals' isn't defined • flutter/packages/flutter_driver/test/src/real_tests/wait_test.dart:50:42 • undefined_function
  error • The name 'NoTransientCallbacks' isn't a class • flutter/packages/flutter_driver/test/src/real_tests/wait_test.dart:50:55 • creation_with_non_type
  error • The function 'expect' isn't defined • flutter/packages/flutter_driver/test/src/real_tests/wait_test.dart:51:7 • undefined_function
  error • The function 'equals' isn't defined • flutter/packages/flutter_driver/test/src/real_tests/wait_test.dart:51:40 • undefined_function
  error • The function 'test' isn't defined • flutter/packages/flutter_driver/test/src/real_tests/wait_test.dart:54:5 • undefined_function
  error • The function 'expect' isn't defined • flutter/packages/flutter_driver/test/src/real_tests/wait_test.dart:56:7 • undefined_function
  error • Undefined name 'WaitForCondition' • flutter/packages/flutter_driver/test/src/real_tests/wait_test.dart:57:15 • undefined_identifier
  error • The function 'throwsA' isn't defined • flutter/packages/flutter_driver/test/src/real_tests/wait_test.dart:58:9 • undefined_function
  error • The function 'isA' isn't defined • flutter/packages/flutter_driver/test/src/real_tests/wait_test.dart:59:11 • undefined_function
  error • The function 'test' isn't defined • flutter/packages/flutter_driver/test/src/real_tests/wait_test.dart:66:5 • undefined_function
  error • The function 'expect' isn't defined • flutter/packages/flutter_driver/test/src/real_tests/wait_test.dart:67:7 • undefined_function
  error • The name 'WaitForCondition' isn't a class • flutter/packages/flutter_driver/test/src/real_tests/wait_test.dart:67:20 • creation_with_non_type
  error • The function 'NoTransientCallbacks' isn't defined • flutter/packages/flutter_driver/test/src/real_tests/wait_test.dart:67:37 • undefined_function
  error • Undefined name 'isTrue' • flutter/packages/flutter_driver/test/src/real_tests/wait_test.dart:67:89 • undefined_identifier
  error • The function 'expect' isn't defined • flutter/packages/flutter_driver/test/src/real_tests/wait_test.dart:68:7 • undefined_function
  error • The name 'WaitForCondition' isn't a class • flutter/packages/flutter_driver/test/src/real_tests/wait_test.dart:68:20 • creation_with_non_type
  error • The function 'FirstFrameRasterized' isn't defined • flutter/packages/flutter_driver/test/src/real_tests/wait_test.dart:68:37 • undefined_function
  error • Undefined name 'isFalse' • flutter/packages/flutter_driver/test/src/real_tests/wait_test.dart:68:89 • undefined_identifier
  error • The function 'group' isn't defined • flutter/packages/flutter_driver/test/src/real_tests/wait_test.dart:72:3 • undefined_function
  error • The function 'test' isn't defined • flutter/packages/flutter_driver/test/src/real_tests/wait_test.dart:73:5 • undefined_function
  error • The function 'expect' isn't defined • flutter/packages/flutter_driver/test/src/real_tests/wait_test.dart:74:7 • undefined_function
  error • The name 'NoTransientCallbacks' isn't a class • flutter/packages/flutter_driver/test/src/real_tests/wait_test.dart:74:20 • creation_with_non_type
  error • The function 'test' isn't defined • flutter/packages/flutter_driver/test/src/real_tests/wait_test.dart:79:5 • undefined_function
  error • Undefined class 'NoTransientCallbacks' • flutter/packages/flutter_driver/test/src/real_tests/wait_test.dart:83:13 • undefined_class
  error • Undefined name 'NoTransientCallbacks' • flutter/packages/flutter_driver/test/src/real_tests/wait_test.dart:83:46 • undefined_identifier
  error • The function 'expect' isn't defined • flutter/packages/flutter_driver/test/src/real_tests/wait_test.dart:84:7 • undefined_function
  error • The function 'equals' isn't defined • flutter/packages/flutter_driver/test/src/real_tests/wait_test.dart:84:25 • undefined_function
  error • The name 'NoTransientCallbacks' isn't a class • flutter/packages/flutter_driver/test/src/real_tests/wait_test.dart:84:38 • creation_with_non_type
  error • The function 'expect' isn't defined • flutter/packages/flutter_driver/test/src/real_tests/wait_test.dart:85:7 • undefined_function
  error • The function 'equals' isn't defined • flutter/packages/flutter_driver/test/src/real_tests/wait_test.dart:85:37 • undefined_function
  error • The function 'test' isn't defined • flutter/packages/flutter_driver/test/src/real_tests/wait_test.dart:88:5 • undefined_function
  error • The function 'expect' isn't defined • flutter/packages/flutter_driver/test/src/real_tests/wait_test.dart:89:7 • undefined_function
  error • Undefined name 'NoTransientCallbacks' • flutter/packages/flutter_driver/test/src/real_tests/wait_test.dart:90:15 • undefined_identifier
  error • The function 'throwsA' isn't defined • flutter/packages/flutter_driver/test/src/real_tests/wait_test.dart:91:9 • undefined_function
  error • The function 'predicate' isn't defined • flutter/packages/flutter_driver/test/src/real_tests/wait_test.dart:92:11 • undefined_function
  error • The name 'SerializationException' isn't a type, so it can't be used as a type argument • flutter/packages/flutter_driver/test/src/real_tests/wait_test.dart:92:21 • non_type_as_type_argument
  error • Undefined class 'SerializationException' • flutter/packages/flutter_driver/test/src/real_tests/wait_test.dart:93:14 • undefined_class
  error • The function 'group' isn't defined • flutter/packages/flutter_driver/test/src/real_tests/wait_test.dart:102:3 • undefined_function
  error • The function 'test' isn't defined • flutter/packages/flutter_driver/test/src/real_tests/wait_test.dart:103:5 • undefined_function
  error • The function 'expect' isn't defined • flutter/packages/flutter_driver/test/src/real_tests/wait_test.dart:104:7 • undefined_function
  error • The name 'NoPendingFrame' isn't a class • flutter/packages/flutter_driver/test/src/real_tests/wait_test.dart:104:20 • creation_with_non_type
  error • The function 'test' isn't defined • flutter/packages/flutter_driver/test/src/real_tests/wait_test.dart:109:5 • undefined_function
  error • Undefined class 'NoPendingFrame' • flutter/packages/flutter_driver/test/src/real_tests/wait_test.dart:113:13 • undefined_class
  error • Undefined name 'NoPendingFrame' • flutter/packages/flutter_driver/test/src/real_tests/wait_test.dart:113:40 • undefined_identifier
  error • The function 'expect' isn't defined • flutter/packages/flutter_driver/test/src/real_tests/wait_test.dart:114:7 • undefined_function
  error • The function 'equals' isn't defined • flutter/packages/flutter_driver/test/src/real_tests/wait_test.dart:114:25 • undefined_function
  error • The name 'NoPendingFrame' isn't a class • flutter/packages/flutter_driver/test/src/real_tests/wait_test.dart:114:38 • creation_with_non_type
  error • The function 'expect' isn't defined • flutter/packages/flutter_driver/test/src/real_tests/wait_test.dart:115:7 • undefined_function
  error • The function 'equals' isn't defined • flutter/packages/flutter_driver/test/src/real_tests/wait_test.dart:115:37 • undefined_function
  error • The function 'test' isn't defined • flutter/packages/flutter_driver/test/src/real_tests/wait_test.dart:118:5 • undefined_function
  error • The function 'expect' isn't defined • flutter/packages/flutter_driver/test/src/real_tests/wait_test.dart:119:7 • undefined_function
  error • Undefined name 'NoPendingFrame' • flutter/packages/flutter_driver/test/src/real_tests/wait_test.dart:120:15 • undefined_identifier
  error • The function 'throwsA' isn't defined • flutter/packages/flutter_driver/test/src/real_tests/wait_test.dart:121:9 • undefined_function
  error • The function 'predicate' isn't defined • flutter/packages/flutter_driver/test/src/real_tests/wait_test.dart:122:11 • undefined_function
  error • The name 'SerializationException' isn't a type, so it can't be used as a type argument • flutter/packages/flutter_driver/test/src/real_tests/wait_test.dart:122:21 • non_type_as_type_argument
  error • Undefined class 'SerializationException' • flutter/packages/flutter_driver/test/src/real_tests/wait_test.dart:123:14 • undefined_class
  error • The function 'group' isn't defined • flutter/packages/flutter_driver/test/src/real_tests/wait_test.dart:132:3 • undefined_function
  error • The function 'test' isn't defined • flutter/packages/flutter_driver/test/src/real_tests/wait_test.dart:133:5 • undefined_function
  error • The function 'expect' isn't defined • flutter/packages/flutter_driver/test/src/real_tests/wait_test.dart:134:7 • undefined_function
  error • The name 'FirstFrameRasterized' isn't a class • flutter/packages/flutter_driver/test/src/real_tests/wait_test.dart:134:20 • creation_with_non_type
  error • The function 'test' isn't defined • flutter/packages/flutter_driver/test/src/real_tests/wait_test.dart:139:5 • undefined_function
  error • Undefined class 'FirstFrameRasterized' • flutter/packages/flutter_driver/test/src/real_tests/wait_test.dart:143:13 • undefined_class
  error • Undefined name 'FirstFrameRasterized' • flutter/packages/flutter_driver/test/src/real_tests/wait_test.dart:143:46 • undefined_identifier
  error • The function 'expect' isn't defined • flutter/packages/flutter_driver/test/src/real_tests/wait_test.dart:144:7 • undefined_function
  error • The function 'equals' isn't defined • flutter/packages/flutter_driver/test/src/real_tests/wait_test.dart:144:25 • undefined_function
  error • The name 'FirstFrameRasterized' isn't a class • flutter/packages/flutter_driver/test/src/real_tests/wait_test.dart:144:38 • creation_with_non_type
  error • The function 'expect' isn't defined • flutter/packages/flutter_driver/test/src/real_tests/wait_test.dart:145:7 • undefined_function
  error • The function 'equals' isn't defined • flutter/packages/flutter_driver/test/src/real_tests/wait_test.dart:145:37 • undefined_function
  error • The function 'test' isn't defined • flutter/packages/flutter_driver/test/src/real_tests/wait_test.dart:148:5 • undefined_function
  error • The function 'expect' isn't defined • flutter/packages/flutter_driver/test/src/real_tests/wait_test.dart:149:7 • undefined_function
  error • Undefined name 'FirstFrameRasterized' • flutter/packages/flutter_driver/test/src/real_tests/wait_test.dart:150:15 • undefined_identifier
  error • The function 'throwsA' isn't defined • flutter/packages/flutter_driver/test/src/real_tests/wait_test.dart:151:9 • undefined_function
  error • The function 'predicate' isn't defined • flutter/packages/flutter_driver/test/src/real_tests/wait_test.dart:152:11 • undefined_function
  error • The name 'SerializationException' isn't a type, so it can't be used as a type argument • flutter/packages/flutter_driver/test/src/real_tests/wait_test.dart:152:21 • non_type_as_type_argument
  error • Undefined class 'SerializationException' • flutter/packages/flutter_driver/test/src/real_tests/wait_test.dart:153:14 • undefined_class
  error • The function 'test' isn't defined • flutter/packages/flutter_driver/test/src/real_tests/wait_test.dart:161:5 • undefined_function
  error • The function 'expect' isn't defined • flutter/packages/flutter_driver/test/src/real_tests/wait_test.dart:162:7 • undefined_function
  error • The name 'FirstFrameRasterized' isn't a class • flutter/packages/flutter_driver/test/src/real_tests/wait_test.dart:162:20 • creation_with_non_type
  error • Undefined name 'isFalse' • flutter/packages/flutter_driver/test/src/real_tests/wait_test.dart:162:71 • undefined_identifier
  error • The function 'group' isn't defined • flutter/packages/flutter_driver/test/src/real_tests/wait_test.dart:166:3 • undefined_function
  error • The function 'test' isn't defined • flutter/packages/flutter_driver/test/src/real_tests/wait_test.dart:167:5 • undefined_function
  error • Undefined class 'CombinedCondition' • flutter/packages/flutter_driver/test/src/real_tests/wait_test.dart:168:13 • undefined_class
  error • Const variables must be initialized with a constant value • flutter/packages/flutter_driver/test/src/real_tests/wait_test.dart:168:51 • const_initialized_with_non_constant_value
  error • The function 'CombinedCondition' isn't defined • flutter/packages/flutter_driver/test/src/real_tests/wait_test.dart:168:51 • undefined_function
  error • The name 'SerializableWaitCondition' isn't a type, so it can't be used as a type argument • flutter/packages/flutter_driver/test/src/real_tests/wait_test.dart:168:70 • non_type_as_type_argument
  error • The function 'NoTransientCallbacks' isn't defined • flutter/packages/flutter_driver/test/src/real_tests/wait_test.dart:169:9 • undefined_function
  error • The values in a const list literal must be constants • flutter/packages/flutter_driver/test/src/real_tests/wait_test.dart:169:9 • non_constant_list_element
  error • The function 'NoPendingFrame' isn't defined • flutter/packages/flutter_driver/test/src/real_tests/wait_test.dart:170:9 • undefined_function
  error • The values in a const list literal must be constants • flutter/packages/flutter_driver/test/src/real_tests/wait_test.dart:170:9 • non_constant_list_element
  error • The function 'expect' isn't defined • flutter/packages/flutter_driver/test/src/real_tests/wait_test.dart:173:7 • undefined_function
  error • The function 'test' isn't defined • flutter/packages/flutter_driver/test/src/real_tests/wait_test.dart:180:5 • undefined_function
  error • Undefined class 'CombinedCondition' • flutter/packages/flutter_driver/test/src/real_tests/wait_test.dart:181:13 • undefined_class
  error • Const variables must be initialized with a constant value • flutter/packages/flutter_driver/test/src/real_tests/wait_test.dart:181:51 • const_initialized_with_non_constant_value
  error • The function 'CombinedCondition' isn't defined • flutter/packages/flutter_driver/test/src/real_tests/wait_test.dart:181:51 • undefined_function
  error • The name 'SerializableWaitCondition' isn't a type, so it can't be used as a type argument • flutter/packages/flutter_driver/test/src/real_tests/wait_test.dart:181:70 • non_type_as_type_argument
  error • The function 'expect' isn't defined • flutter/packages/flutter_driver/test/src/real_tests/wait_test.dart:183:7 • undefined_function
  error • The function 'test' isn't defined • flutter/packages/flutter_driver/test/src/real_tests/wait_test.dart:189:5 • undefined_function
  error • Undefined class 'CombinedCondition' • flutter/packages/flutter_driver/test/src/real_tests/wait_test.dart:194:13 • undefined_class
  error • Undefined name 'CombinedCondition' • flutter/packages/flutter_driver/test/src/real_tests/wait_test.dart:194:43 • undefined_identifier
  error • The function 'expect' isn't defined • flutter/packages/flutter_driver/test/src/real_tests/wait_test.dart:195:7 • undefined_function
  error • The function 'equals' isn't defined • flutter/packages/flutter_driver/test/src/real_tests/wait_test.dart:195:36 • undefined_function
  error • The name 'SerializableWaitCondition' isn't a type, so it can't be used as a type argument • flutter/packages/flutter_driver/test/src/real_tests/wait_test.dart:195:44 • non_type_as_type_argument
  error • The function 'expect' isn't defined • flutter/packages/flutter_driver/test/src/real_tests/wait_test.dart:196:7 • undefined_function
  error • The function 'equals' isn't defined • flutter/packages/flutter_driver/test/src/real_tests/wait_test.dart:196:37 • undefined_function
  error • The function 'test' isn't defined • flutter/packages/flutter_driver/test/src/real_tests/wait_test.dart:199:5 • undefined_function
  error • Undefined class 'CombinedCondition' • flutter/packages/flutter_driver/test/src/real_tests/wait_test.dart:205:13 • undefined_class
  error • Undefined name 'CombinedCondition' • flutter/packages/flutter_driver/test/src/real_tests/wait_test.dart:205:43 • undefined_identifier
  error • The function 'expect' isn't defined • flutter/packages/flutter_driver/test/src/real_tests/wait_test.dart:206:7 • undefined_function
  error • The function 'equals' isn't defined • flutter/packages/flutter_driver/test/src/real_tests/wait_test.dart:208:9 • undefined_function
  error • The name 'SerializableWaitCondition' isn't a type, so it can't be used as a type argument • flutter/packages/flutter_driver/test/src/real_tests/wait_test.dart:208:17 • non_type_as_type_argument
  error • The name 'NoPendingFrame' isn't a class • flutter/packages/flutter_driver/test/src/real_tests/wait_test.dart:208:50 • creation_with_non_type
  error • The name 'NoTransientCallbacks' isn't a class • flutter/packages/flutter_driver/test/src/real_tests/wait_test.dart:208:74 • creation_with_non_type
  error • The function 'expect' isn't defined • flutter/packages/flutter_driver/test/src/real_tests/wait_test.dart:210:7 • undefined_function
  error • The function 'test' isn't defined • flutter/packages/flutter_driver/test/src/real_tests/wait_test.dart:213:5 • undefined_function
  error • Undefined class 'CombinedCondition' • flutter/packages/flutter_driver/test/src/real_tests/wait_test.dart:214:13 • undefined_class
  error • Undefined name 'CombinedCondition' • flutter/packages/flutter_driver/test/src/real_tests/wait_test.dart:214:43 • undefined_identifier
  error • The function 'expect' isn't defined • flutter/packages/flutter_driver/test/src/real_tests/wait_test.dart:217:7 • undefined_function
  error • The function 'equals' isn't defined • flutter/packages/flutter_driver/test/src/real_tests/wait_test.dart:217:36 • undefined_function
  error • The name 'SerializableWaitCondition' isn't a type, so it can't be used as a type argument • flutter/packages/flutter_driver/test/src/real_tests/wait_test.dart:217:44 • non_type_as_type_argument
  error • The function 'expect' isn't defined • flutter/packages/flutter_driver/test/src/real_tests/wait_test.dart:218:7 • undefined_function
  error • The function 'test' isn't defined • flutter/packages/flutter_driver/test/src/real_tests/wait_test.dart:224:5 • undefined_function
  error • The function 'expect' isn't defined • flutter/packages/flutter_driver/test/src/real_tests/wait_test.dart:225:7 • undefined_function
  error • Undefined name 'CombinedCondition' • flutter/packages/flutter_driver/test/src/real_tests/wait_test.dart:226:15 • undefined_identifier
  error • The function 'throwsA' isn't defined • flutter/packages/flutter_driver/test/src/real_tests/wait_test.dart:227:9 • undefined_function
  error • The function 'predicate' isn't defined • flutter/packages/flutter_driver/test/src/real_tests/wait_test.dart:228:11 • undefined_function
  error • The name 'SerializationException' isn't a type, so it can't be used as a type argument • flutter/packages/flutter_driver/test/src/real_tests/wait_test.dart:228:21 • non_type_as_type_argument
  error • Undefined class 'SerializationException' • flutter/packages/flutter_driver/test/src/real_tests/wait_test.dart:229:14 • undefined_class
  error • The function 'test' isn't defined • flutter/packages/flutter_driver/test/src/real_tests/wait_test.dart:237:5 • undefined_function
  error • The function 'expect' isn't defined • flutter/packages/flutter_driver/test/src/real_tests/wait_test.dart:238:7 • undefined_function
  error • Undefined name 'CombinedCondition' • flutter/packages/flutter_driver/test/src/real_tests/wait_test.dart:240:18 • undefined_identifier
  error • The function 'throwsA' isn't defined • flutter/packages/flutter_driver/test/src/real_tests/wait_test.dart:246:9 • undefined_function
  error • The function 'predicate' isn't defined • flutter/packages/flutter_driver/test/src/real_tests/wait_test.dart:247:11 • undefined_function
  error • The name 'SerializationException' isn't a type, so it can't be used as a type argument • flutter/packages/flutter_driver/test/src/real_tests/wait_test.dart:247:21 • non_type_as_type_argument
  error • Undefined class 'SerializationException' • flutter/packages/flutter_driver/test/src/real_tests/wait_test.dart:248:14 • undefined_class
  error • Target of URI doesn't exist: 'package:flutter_driver/src/common/error.dart' • flutter/packages/flutter_driver/test/src/web_tests/web_driver_test.dart:5:8 • uri_does_not_exist
  error • Target of URI doesn't exist: 'package:flutter_driver/src/common/health.dart' • flutter/packages/flutter_driver/test/src/web_tests/web_driver_test.dart:6:8 • uri_does_not_exist
  error • Target of URI doesn't exist: 'package:flutter_driver/src/driver/web_driver.dart' • flutter/packages/flutter_driver/test/src/web_tests/web_driver_test.dart:7:8 • uri_does_not_exist
  error • Target of URI doesn't exist: 'package:webdriver/async_io.dart' • flutter/packages/flutter_driver/test/src/web_tests/web_driver_test.dart:8:8 • uri_does_not_exist
  error • The function 'group' isn't defined • flutter/packages/flutter_driver/test/src/web_tests/web_driver_test.dart:13:3 • undefined_function
  error • Undefined class 'WebFlutterDriver' • flutter/packages/flutter_driver/test/src/web_tests/web_driver_test.dart:15:10 • undefined_class
  error • The function 'setUp' isn't defined • flutter/packages/flutter_driver/test/src/web_tests/web_driver_test.dart:17:5 • undefined_function
  error • Undefined name 'WebFlutterDriver' • flutter/packages/flutter_driver/test/src/web_tests/web_driver_test.dart:19:16 • undefined_identifier
  error • The function 'test' isn't defined • flutter/packages/flutter_driver/test/src/web_tests/web_driver_test.dart:22:5 • undefined_function
  error • The name 'GetHealth' isn't a class • flutter/packages/flutter_driver/test/src/web_tests/web_driver_test.dart:32:76 • creation_with_non_type
  error • The function 'expect' isn't defined • flutter/packages/flutter_driver/test/src/web_tests/web_driver_test.dart:33:7 • undefined_function
  error • The function 'test' isn't defined • flutter/packages/flutter_driver/test/src/web_tests/web_driver_test.dart:36:5 • undefined_function
  error • The function 'expect' isn't defined • flutter/packages/flutter_driver/test/src/web_tests/web_driver_test.dart:38:7 • undefined_function
  error • The name 'GetHealth' isn't a class • flutter/packages/flutter_driver/test/src/web_tests/web_driver_test.dart:39:40 • creation_with_non_type
  error • The function 'test' isn't defined • flutter/packages/flutter_driver/test/src/web_tests/web_driver_test.dart:47:5 • undefined_function
  error • The function 'expect' isn't defined • flutter/packages/flutter_driver/test/src/web_tests/web_driver_test.dart:49:7 • undefined_function
  error • The name 'GetHealth' isn't a class • flutter/packages/flutter_driver/test/src/web_tests/web_driver_test.dart:50:40 • creation_with_non_type
  error • The function 'test' isn't defined • flutter/packages/flutter_driver/test/src/web_tests/web_driver_test.dart:55:5 • undefined_function
  error • The function 'expect' isn't defined • flutter/packages/flutter_driver/test/src/web_tests/web_driver_test.dart:57:7 • undefined_function
  error • The name 'GetHealth' isn't a class • flutter/packages/flutter_driver/test/src/web_tests/web_driver_test.dart:58:40 • creation_with_non_type
  error • The function 'test' isn't defined • flutter/packages/flutter_driver/test/src/web_tests/web_driver_test.dart:63:5 • undefined_function
  error • The function 'expect' isn't defined • flutter/packages/flutter_driver/test/src/web_tests/web_driver_test.dart:70:7 • undefined_function
  error • The name 'GetHealth' isn't a class • flutter/packages/flutter_driver/test/src/web_tests/web_driver_test.dart:71:40 • creation_with_non_type
  error • The function 'test' isn't defined • flutter/packages/flutter_driver/test/src/web_tests/web_driver_test.dart:76:5 • undefined_function
  error • The function 'expect' isn't defined • flutter/packages/flutter_driver/test/src/web_tests/web_driver_test.dart:78:7 • undefined_function
  error • The name 'GetHealth' isn't a class • flutter/packages/flutter_driver/test/src/web_tests/web_driver_test.dart:79:40 • creation_with_non_type
  error • The function 'test' isn't defined • flutter/packages/flutter_driver/test/src/web_tests/web_driver_test.dart:84:5 • undefined_function
  error • The function 'expect' isn't defined • flutter/packages/flutter_driver/test/src/web_tests/web_driver_test.dart:86:7 • undefined_function
  error • The name 'GetHealth' isn't a class • flutter/packages/flutter_driver/test/src/web_tests/web_driver_test.dart:87:40 • creation_with_non_type
  error • Undefined class 'Matcher' • flutter/packages/flutter_driver/test/src/web_tests/web_driver_test.dart:94:1 • undefined_class
  error • The function 'throwsA' isn't defined • flutter/packages/flutter_driver/test/src/web_tests/web_driver_test.dart:95:10 • undefined_function
  error • The function 'allOf' isn't defined • flutter/packages/flutter_driver/test/src/web_tests/web_driver_test.dart:96:5 • undefined_function
  error • The function 'isA' isn't defined • flutter/packages/flutter_driver/test/src/web_tests/web_driver_test.dart:97:7 • undefined_function
  error • The name 'DriverError' isn't a type, so it can't be used as a type argument • flutter/packages/flutter_driver/test/src/web_tests/web_driver_test.dart:97:11 • non_type_as_type_argument
  error • The function 'predicate' isn't defined • flutter/packages/flutter_driver/test/src/web_tests/web_driver_test.dart:98:7 • undefined_function
  error • The name 'DriverError' isn't a type, so it can't be used as a type argument • flutter/packages/flutter_driver/test/src/web_tests/web_driver_test.dart:98:17 • non_type_as_type_argument
  error • Undefined class 'DriverError' • flutter/packages/flutter_driver/test/src/web_tests/web_driver_test.dart:98:31 • undefined_class
  error • Undefined class 'Matcher' • flutter/packages/flutter_driver/test/src/web_tests/web_driver_test.dart:106:1 • undefined_class
  error • Classes and mixins can only implement other classes and mixins • flutter/packages/flutter_driver/test/src/web_tests/web_driver_test.dart:114:43 • implements_non_class
   info • Unreachable member 'supportsTimelineAction' in an executable library • flutter/packages/flutter_driver/test/src/web_tests/web_driver_test.dart:116:8 • unreachable_from_main
warning • The field doesn't override an inherited getter or setter • flutter/packages/flutter_driver/test/src/web_tests/web_driver_test.dart:116:8 • override_on_non_overriding_member
   info • Unreachable member 'close' in an executable library • flutter/packages/flutter_driver/test/src/web_tests/web_driver_test.dart:119:16 • unreachable_from_main
warning • The method doesn't override an inherited method • flutter/packages/flutter_driver/test/src/web_tests/web_driver_test.dart:119:16 • override_on_non_overriding_member
  error • The name 'LogEntry' isn't a type, so it can't be used as a type argument • flutter/packages/flutter_driver/test/src/web_tests/web_driver_test.dart:122:10 • non_type_as_type_argument
   info • Unreachable member 'logs' in an executable library • flutter/packages/flutter_driver/test/src/web_tests/web_driver_test.dart:122:24 • unreachable_from_main
warning • The getter doesn't override an inherited getter • flutter/packages/flutter_driver/test/src/web_tests/web_driver_test.dart:122:24 • override_on_non_overriding_member
   info • Unreachable member 'screenshot' in an executable library • flutter/packages/flutter_driver/test/src/web_tests/web_driver_test.dart:125:21 • unreachable_from_main
warning • The method doesn't override an inherited method • flutter/packages/flutter_driver/test/src/web_tests/web_driver_test.dart:125:21 • override_on_non_overriding_member
   info • Unreachable member 'sendCommand' in an executable library • flutter/packages/flutter_driver/test/src/web_tests/web_driver_test.dart:133:19 • unreachable_from_main
warning • The method doesn't override an inherited method • flutter/packages/flutter_driver/test/src/web_tests/web_driver_test.dart:133:19 • override_on_non_overriding_member
  error • Target of URI doesn't exist: 'package:flutter_driver/src/extension/_extension_web.dart' • flutter/packages/flutter_driver/test/src/web_tests/web_extension_test.dart:8:8 • uri_does_not_exist
  error • The function 'registerWebServiceExtension' isn't defined • flutter/packages/flutter_driver/test/src/web_tests/web_extension_test.dart:25:20 • undefined_function
  error • Target of URI doesn't exist: 'package:flutter_driver/driver_extension.dart' • flutter/packages/flutter_driver/test_driver/failure.dart:5:8 • uri_does_not_exist
  error • The function 'enableFlutterDriverExtension' isn't defined • flutter/packages/flutter_driver/test_driver/failure.dart:9:3 • undefined_function
  error • The function 'test' isn't defined • flutter/packages/flutter_driver/test_driver/failure_test.dart:10:3 • undefined_function
  error • The function 'expect' isn't defined • flutter/packages/flutter_driver/test_driver/failure_test.dart:11:5 • undefined_function
  error • Undefined name 'isFalse' • flutter/packages/flutter_driver/test_driver/failure_test.dart:11:18 • undefined_identifier
  error • Target of URI doesn't exist: 'package:flutter_driver/driver_extension.dart' • flutter/packages/flutter_driver/test_driver/screenshot.dart:6:8 • uri_does_not_exist
  error • The function 'enableFlutterDriverExtension' isn't defined • flutter/packages/flutter_driver/test_driver/screenshot.dart:9:3 • undefined_function
  error • Target of URI doesn't exist: 'package:flutter_driver/flutter_driver.dart' • flutter/packages/flutter_driver/test_driver/screenshot_test.dart:7:8 • uri_does_not_exist
  error • Undefined class 'FlutterDriver' • flutter/packages/flutter_driver/test_driver/screenshot_test.dart:12:8 • undefined_class
  error • The function 'setUpAll' isn't defined • flutter/packages/flutter_driver/test_driver/screenshot_test.dart:14:3 • undefined_function
  error • Undefined name 'FlutterDriver' • flutter/packages/flutter_driver/test_driver/screenshot_test.dart:15:20 • undefined_identifier
  error • The function 'test' isn't defined • flutter/packages/flutter_driver/test_driver/screenshot_test.dart:19:3 • undefined_function
  error • The function 'expect' isn't defined • flutter/packages/flutter_driver/test_driver/screenshot_test.dart:24:5 • undefined_function
  error • The function 'tearDownAll' isn't defined • flutter/packages/flutter_driver/test_driver/screenshot_test.dart:27:3 • undefined_function
  error • Target of URI doesn't exist: 'package:flutter_driver/driver_extension.dart' • flutter/packages/flutter_driver/test_driver/success.dart:5:8 • uri_does_not_exist
  error • The function 'enableFlutterDriverExtension' isn't defined • flutter/packages/flutter_driver/test_driver/success.dart:9:3 • undefined_function
  error • The function 'test' isn't defined • flutter/packages/flutter_driver/test_driver/success_test.dart:9:3 • undefined_function
  error • The function 'expect' isn't defined • flutter/packages/flutter_driver/test_driver/success_test.dart:10:5 • undefined_function
  error • Target of URI doesn't exist: 'package:process/process.dart' • flutter/packages/flutter_goldens/lib/flutter_goldens.dart:16:8 • uri_does_not_exist
  error • Undefined class 'ProcessManager' • flutter/packages/flutter_goldens/lib/flutter_goldens.dart:67:9 • undefined_class
  error • Const variables must be initialized with a constant value • flutter/packages/flutter_goldens/lib/flutter_goldens.dart:67:34 • const_initialized_with_non_constant_value
  error • The function 'LocalProcessManager' isn't defined • flutter/packages/flutter_goldens/lib/flutter_goldens.dart:67:34 • undefined_function
  error • Expected to find ';' • flutter/packages/flutter_goldens/lib/flutter_goldens.dart:210:36 • expected_token
  error • Expected an identifier • flutter/packages/flutter_goldens/lib/flutter_goldens.dart:210:38 • missing_identifier
  error • Expected to find 'case' • flutter/packages/flutter_goldens/lib/flutter_goldens.dart:211:7 • expected_token
   info • Unnecessary empty statement • flutter/packages/flutter_goldens/lib/flutter_goldens.dart:213:6 • empty_statements
  error • This requires the 'null-aware-elements' language feature to be enabled • flutter/packages/flutter_goldens/lib/flutter_goldens.dart:237:9 • experiment_not_enabled
  error • The element type 'String?' can't be assigned to the list type 'String' • flutter/packages/flutter_goldens/lib/flutter_goldens.dart:237:10 • list_element_type_not_assignable
  error • Undefined class 'ProcessManager' • flutter/packages/flutter_goldens/lib/flutter_goldens.dart:287:14 • undefined_class
  error • Undefined class 'ProcessManager' • flutter/packages/flutter_goldens/lib/flutter_goldens.dart:393:14 • undefined_class
  error • Undefined class 'ProcessManager' • flutter/packages/flutter_goldens/lib/flutter_goldens.dart:498:14 • undefined_class
  error • Undefined class 'ProcessManager' • flutter/packages/flutter_goldens/lib/flutter_goldens.dart:593:14 • undefined_class
  error • Target of URI doesn't exist: 'package:process/process.dart' • flutter/packages/flutter_goldens/lib/skia_client.dart:15:8 • uri_does_not_exist
  error • Undefined class 'ProcessManager' • flutter/packages/flutter_goldens/lib/skia_client.dart:76:9 • undefined_class
  error • Expected to find ';' • flutter/packages/flutter_goldens/lib/skia_client.dart:508:27 • expected_token
warning • Dead code • flutter/packages/flutter_goldens/lib/skia_client.dart:509:9 • dead_code
  error • Expected an identifier • flutter/packages/flutter_goldens/lib/skia_client.dart:509:9 • missing_identifier
  error • Expected to find 'case' • flutter/packages/flutter_goldens/lib/skia_client.dart:510:11 • expected_token
   info • Unnecessary empty statement • flutter/packages/flutter_goldens/lib/skia_client.dart:512:10 • empty_statements
  error • This requires the 'null-aware-elements' language feature to be enabled • flutter/packages/flutter_goldens/lib/skia_client.dart:537:22 • experiment_not_enabled
  error • Target of URI doesn't exist: 'package:flutter_goldens/flutter_goldens.dart' • flutter/packages/flutter_goldens/test/comparator_selection_test.dart:5:8 • uri_does_not_exist
  error • Undefined name 'FlutterPostSubmitFileComparator' • flutter/packages/flutter_goldens/test/comparator_selection_test.dart:29:7 • undefined_identifier
  error • Undefined name 'FlutterPreSubmitFileComparator' • flutter/packages/flutter_goldens/test/comparator_selection_test.dart:32:7 • undefined_identifier
  error • Undefined name 'FlutterSkippingFileComparator' • flutter/packages/flutter_goldens/test/comparator_selection_test.dart:35:7 • undefined_identifier
  error • Target of URI doesn't exist: 'package:flutter_goldens/flutter_goldens.dart' • flutter/packages/flutter_goldens/test/flutter_goldens_test.dart:13:8 • uri_does_not_exist
  error • Target of URI doesn't exist: 'package:process/process.dart' • flutter/packages/flutter_goldens/test/flutter_goldens_test.dart:17:8 • uri_does_not_exist
  error • Undefined class 'SkiaGoldClient' • flutter/packages/flutter_goldens/test/flutter_goldens_test.dart:114:13 • undefined_class
  error • The function 'SkiaGoldClient' isn't defined • flutter/packages/flutter_goldens/test/flutter_goldens_test.dart:114:41 • undefined_function
  error • Undefined class 'SkiaGoldClient' • flutter/packages/flutter_goldens/test/flutter_goldens_test.dart:153:13 • undefined_class
  error • The function 'SkiaGoldClient' isn't defined • flutter/packages/flutter_goldens/test/flutter_goldens_test.dart:153:41 • undefined_function
  error • Undefined class 'SkiaGoldClient' • flutter/packages/flutter_goldens/test/flutter_goldens_test.dart:180:13 • undefined_class
  error • The function 'SkiaGoldClient' isn't defined • flutter/packages/flutter_goldens/test/flutter_goldens_test.dart:180:41 • undefined_function
  error • Undefined class 'SkiaGoldClient' • flutter/packages/flutter_goldens/test/flutter_goldens_test.dart:208:13 • undefined_class
  error • The function 'SkiaGoldClient' isn't defined • flutter/packages/flutter_goldens/test/flutter_goldens_test.dart:208:41 • undefined_function
  error • Undefined class 'SkiaGoldClient' • flutter/packages/flutter_goldens/test/flutter_goldens_test.dart:232:13 • undefined_class
  error • The function 'SkiaGoldClient' isn't defined • flutter/packages/flutter_goldens/test/flutter_goldens_test.dart:232:41 • undefined_function
  error • Undefined class 'SkiaGoldClient' • flutter/packages/flutter_goldens/test/flutter_goldens_test.dart:284:13 • undefined_class
  error • The function 'SkiaGoldClient' isn't defined • flutter/packages/flutter_goldens/test/flutter_goldens_test.dart:284:41 • undefined_function
  error • Undefined class 'SkiaGoldClient' • flutter/packages/flutter_goldens/test/flutter_goldens_test.dart:345:13 • undefined_class
  error • The function 'SkiaGoldClient' isn't defined • flutter/packages/flutter_goldens/test/flutter_goldens_test.dart:345:41 • undefined_function
  error • Undefined class 'SkiaGoldClient' • flutter/packages/flutter_goldens/test/flutter_goldens_test.dart:412:13 • undefined_class
  error • The function 'SkiaGoldClient' isn't defined • flutter/packages/flutter_goldens/test/flutter_goldens_test.dart:412:41 • undefined_function
  error • Undefined class 'SkiaGoldClient' • flutter/packages/flutter_goldens/test/flutter_goldens_test.dart:459:13 • undefined_class
  error • The function 'SkiaGoldClient' isn't defined • flutter/packages/flutter_goldens/test/flutter_goldens_test.dart:459:41 • undefined_function
  error • Undefined class 'SkiaGoldClient' • flutter/packages/flutter_goldens/test/flutter_goldens_test.dart:499:13 • undefined_class
  error • The function 'SkiaGoldClient' isn't defined • flutter/packages/flutter_goldens/test/flutter_goldens_test.dart:499:41 • undefined_function
  error • Undefined class 'SkiaGoldClient' • flutter/packages/flutter_goldens/test/flutter_goldens_test.dart:528:13 • undefined_class
  error • The function 'SkiaGoldClient' isn't defined • flutter/packages/flutter_goldens/test/flutter_goldens_test.dart:528:41 • undefined_function
  error • Undefined class 'SkiaGoldClient' • flutter/packages/flutter_goldens/test/flutter_goldens_test.dart:550:13 • undefined_class
  error • The function 'SkiaGoldClient' isn't defined • flutter/packages/flutter_goldens/test/flutter_goldens_test.dart:550:41 • undefined_function
  error • Undefined class 'SkiaGoldClient' • flutter/packages/flutter_goldens/test/flutter_goldens_test.dart:573:13 • undefined_class
  error • The function 'SkiaGoldClient' isn't defined • flutter/packages/flutter_goldens/test/flutter_goldens_test.dart:573:41 • undefined_function
  error • The name 'SkiaException' isn't a type, so it can't be used as a type argument • flutter/packages/flutter_goldens/test/flutter_goldens_test.dart:604:15 • non_type_as_type_argument
  error • Undefined class 'SkiaException' • flutter/packages/flutter_goldens/test/flutter_goldens_test.dart:605:14 • undefined_class
  error • Undefined class 'SkiaGoldClient' • flutter/packages/flutter_goldens/test/flutter_goldens_test.dart:625:13 • undefined_class
  error • The function 'SkiaGoldClient' isn't defined • flutter/packages/flutter_goldens/test/flutter_goldens_test.dart:625:41 • undefined_function
  error • The name 'SkiaException' isn't a type, so it can't be used as a type argument • flutter/packages/flutter_goldens/test/flutter_goldens_test.dart:655:15 • non_type_as_type_argument
  error • Undefined class 'SkiaException' • flutter/packages/flutter_goldens/test/flutter_goldens_test.dart:656:14 • undefined_class
  error • Undefined class 'SkiaGoldClient' • flutter/packages/flutter_goldens/test/flutter_goldens_test.dart:676:15 • undefined_class
  error • The function 'SkiaGoldClient' isn't defined • flutter/packages/flutter_goldens/test/flutter_goldens_test.dart:676:43 • undefined_function
  error • Undefined name 'FlutterGoldenFileComparator' • flutter/packages/flutter_goldens/test/flutter_goldens_test.dart:713:33 • undefined_identifier
  error • Undefined class 'FlutterGoldenFileComparator' • flutter/packages/flutter_goldens/test/flutter_goldens_test.dart:730:13 • undefined_class
  error • The function 'FlutterPostSubmitFileComparator' isn't defined • flutter/packages/flutter_goldens/test/flutter_goldens_test.dart:730:54 • undefined_function
  error • Undefined class 'FlutterGoldenFileComparator' • flutter/packages/flutter_goldens/test/flutter_goldens_test.dart:756:13 • undefined_class
  error • The function 'FlutterPostSubmitFileComparator' isn't defined • flutter/packages/flutter_goldens/test/flutter_goldens_test.dart:756:54 • undefined_function
  error • Undefined class 'FlutterGoldenFileComparator' • flutter/packages/flutter_goldens/test/flutter_goldens_test.dart:781:15 • undefined_class
  error • The function 'FlutterPostSubmitFileComparator' isn't defined • flutter/packages/flutter_goldens/test/flutter_goldens_test.dart:781:56 • undefined_function
  error • Undefined class 'FlutterGoldenFileComparator' • flutter/packages/flutter_goldens/test/flutter_goldens_test.dart:820:15 • undefined_class
  error • The function 'FlutterPostSubmitFileComparator' isn't defined • flutter/packages/flutter_goldens/test/flutter_goldens_test.dart:820:56 • undefined_function
  error • Undefined name 'FlutterPostSubmitFileComparator' • flutter/packages/flutter_goldens/test/flutter_goldens_test.dart:845:9 • undefined_identifier
  error • Undefined class 'FlutterGoldenFileComparator' • flutter/packages/flutter_goldens/test/flutter_goldens_test.dart:867:15 • undefined_class
  error • The function 'FlutterPostSubmitFileComparator' isn't defined • flutter/packages/flutter_goldens/test/flutter_goldens_test.dart:867:56 • undefined_function
  error • Undefined class 'FlutterGoldenFileComparator' • flutter/packages/flutter_goldens/test/flutter_goldens_test.dart:907:15 • undefined_class
  error • The function 'FlutterPreSubmitFileComparator' isn't defined • flutter/packages/flutter_goldens/test/flutter_goldens_test.dart:907:56 • undefined_function
  error • Undefined class 'FlutterGoldenFileComparator' • flutter/packages/flutter_goldens/test/flutter_goldens_test.dart:946:15 • undefined_class
  error • The function 'FlutterPreSubmitFileComparator' isn't defined • flutter/packages/flutter_goldens/test/flutter_goldens_test.dart:946:56 • undefined_function
  error • Undefined name 'FlutterPostSubmitFileComparator' • flutter/packages/flutter_goldens/test/flutter_goldens_test.dart:971:9 • undefined_identifier
  error • Undefined class 'FlutterGoldenFileComparator' • flutter/packages/flutter_goldens/test/flutter_goldens_test.dart:992:15 • undefined_class
  error • The function 'FlutterLocalFileComparator' isn't defined • flutter/packages/flutter_goldens/test/flutter_goldens_test.dart:992:56 • undefined_function
  error • Undefined class 'FlutterGoldenFileComparator' • flutter/packages/flutter_goldens/test/flutter_goldens_test.dart:1035:15 • undefined_class
  error • The function 'FlutterLocalFileComparator' isn't defined • flutter/packages/flutter_goldens/test/flutter_goldens_test.dart:1035:56 • undefined_function
  error • Undefined class 'FlutterGoldenFileComparator' • flutter/packages/flutter_goldens/test/flutter_goldens_test.dart:1081:17 • undefined_class
  error • Undefined name 'FlutterLocalFileComparator' • flutter/packages/flutter_goldens/test/flutter_goldens_test.dart:1082:21 • undefined_identifier
  error • Undefined name 'FlutterSkippingFileComparator' • flutter/packages/flutter_goldens/test/flutter_goldens_test.dart:1096:43 • undefined_identifier
  error • Undefined class 'FlutterGoldenFileComparator' • flutter/packages/flutter_goldens/test/flutter_goldens_test.dart:1099:17 • undefined_class
  error • Undefined name 'FlutterLocalFileComparator' • flutter/packages/flutter_goldens/test/flutter_goldens_test.dart:1100:21 • undefined_identifier
  error • Undefined name 'FlutterSkippingFileComparator' • flutter/packages/flutter_goldens/test/flutter_goldens_test.dart:1114:43 • undefined_identifier
  error • Undefined class 'FlutterGoldenFileComparator' • flutter/packages/flutter_goldens/test/flutter_goldens_test.dart:1117:17 • undefined_class
  error • Undefined name 'FlutterLocalFileComparator' • flutter/packages/flutter_goldens/test/flutter_goldens_test.dart:1118:21 • undefined_identifier
  error • Undefined name 'FlutterSkippingFileComparator' • flutter/packages/flutter_goldens/test/flutter_goldens_test.dart:1132:43 • undefined_identifier
  error • Classes and mixins can only implement other classes and mixins • flutter/packages/flutter_goldens/test/flutter_goldens_test.dart:1181:50 • implements_non_class
   info • Unreachable member 'run' in an executable library • flutter/packages/flutter_goldens/test/flutter_goldens_test.dart:1190:25 • unreachable_from_main
warning • The method doesn't override an inherited method • flutter/packages/flutter_goldens/test/flutter_goldens_test.dart:1190:25 • override_on_non_overriding_member
  error • Classes and mixins can only implement other classes and mixins • flutter/packages/flutter_goldens/test/flutter_goldens_test.dart:1213:50 • implements_non_class
   info • Unreachable member 'getExpectationForTest' in an executable library • flutter/packages/flutter_goldens/test/flutter_goldens_test.dart:1217:18 • unreachable_from_main
warning • The method doesn't override an inherited method • flutter/packages/flutter_goldens/test/flutter_goldens_test.dart:1217:18 • override_on_non_overriding_member
   info • Unreachable member 'auth' in an executable library • flutter/packages/flutter_goldens/test/flutter_goldens_test.dart:1225:16 • unreachable_from_main
warning • The method doesn't override an inherited method • flutter/packages/flutter_goldens/test/flutter_goldens_test.dart:1225:16 • override_on_non_overriding_member
   info • Unreachable member 'imgtestInit' in an executable library • flutter/packages/flutter_goldens/test/flutter_goldens_test.dart:1231:16 • unreachable_from_main
warning • The method doesn't override an inherited method • flutter/packages/flutter_goldens/test/flutter_goldens_test.dart:1231:16 • override_on_non_overriding_member
   info • Unreachable member 'imgtestAdd' in an executable library • flutter/packages/flutter_goldens/test/flutter_goldens_test.dart:1233:16 • unreachable_from_main
warning • The method doesn't override an inherited method • flutter/packages/flutter_goldens/test/flutter_goldens_test.dart:1233:16 • override_on_non_overriding_member
   info • Unreachable member 'tryjobInit' in an executable library • flutter/packages/flutter_goldens/test/flutter_goldens_test.dart:1240:16 • unreachable_from_main
warning • The method doesn't override an inherited method • flutter/packages/flutter_goldens/test/flutter_goldens_test.dart:1240:16 • override_on_non_overriding_member
   info • Unreachable member 'tryjobAdd' in an executable library • flutter/packages/flutter_goldens/test/flutter_goldens_test.dart:1242:19 • unreachable_from_main
warning • The method doesn't override an inherited method • flutter/packages/flutter_goldens/test/flutter_goldens_test.dart:1242:19 • override_on_non_overriding_member
   info • Unreachable member 'getImageBytes' in an executable library • flutter/packages/flutter_goldens/test/flutter_goldens_test.dart:1246:21 • unreachable_from_main
warning • The method doesn't override an inherited method • flutter/packages/flutter_goldens/test/flutter_goldens_test.dart:1246:21 • override_on_non_overriding_member
   info • Unreachable member 'cleanTestName' in an executable library • flutter/packages/flutter_goldens/test/flutter_goldens_test.dart:1250:10 • unreachable_from_main
warning • The method doesn't override an inherited method • flutter/packages/flutter_goldens/test/flutter_goldens_test.dart:1250:10 • override_on_non_overriding_member
  error • Classes and mixins can only implement other classes and mixins • flutter/packages/flutter_goldens/test/flutter_goldens_test.dart:1253:60 • implements_non_class
   info • Unreachable member 'imgtestInit' in an executable library • flutter/packages/flutter_goldens/test/flutter_goldens_test.dart:1258:16 • unreachable_from_main
warning • The method doesn't override an inherited method • flutter/packages/flutter_goldens/test/flutter_goldens_test.dart:1258:16 • override_on_non_overriding_member
   info • Unreachable member 'imgtestAdd' in an executable library • flutter/packages/flutter_goldens/test/flutter_goldens_test.dart:1263:16 • unreachable_from_main
warning • The method doesn't override an inherited method • flutter/packages/flutter_goldens/test/flutter_goldens_test.dart:1263:16 • override_on_non_overriding_member
   info • Don't throw instances of classes that don't extend either 'Exception' or 'Error' • flutter/packages/flutter_goldens/test/flutter_goldens_test.dart:1264:11 • only_throw_errors
  error • The method 'SkiaException' isn't defined for the type 'ThrowsOnImgTestAddSkiaClient' • flutter/packages/flutter_goldens/test/flutter_goldens_test.dart:1264:11 • undefined_method
  error • This requires the 'null-aware-elements' language feature to be enabled • flutter/packages/flutter_localizations/lib/src/cupertino_localizations.dart:360:5 • experiment_not_enabled
  error • The element type 'String?' can't be assigned to the list type 'String' • flutter/packages/flutter_localizations/lib/src/cupertino_localizations.dart:360:6 • list_element_type_not_assignable
  error • This requires the 'null-aware-elements' language feature to be enabled • flutter/packages/flutter_localizations/lib/src/cupertino_localizations.dart:361:5 • experiment_not_enabled
  error • The element type 'String?' can't be assigned to the list type 'String' • flutter/packages/flutter_localizations/lib/src/cupertino_localizations.dart:361:6 • list_element_type_not_assignable
  error • This requires the 'null-aware-elements' language feature to be enabled • flutter/packages/flutter_localizations/lib/src/cupertino_localizations.dart:362:5 • experiment_not_enabled
  error • The element type 'String?' can't be assigned to the list type 'String' • flutter/packages/flutter_localizations/lib/src/cupertino_localizations.dart:362:6 • list_element_type_not_assignable
  error • This requires the 'null-aware-elements' language feature to be enabled • flutter/packages/flutter_localizations/lib/src/cupertino_localizations.dart:363:5 • experiment_not_enabled
  error • The element type 'String?' can't be assigned to the list type 'String' • flutter/packages/flutter_localizations/lib/src/cupertino_localizations.dart:363:6 • list_element_type_not_assignable
  error • This requires the 'null-aware-elements' language feature to be enabled • flutter/packages/flutter_localizations/lib/src/cupertino_localizations.dart:364:5 • experiment_not_enabled
  error • The element type 'String?' can't be assigned to the list type 'String' • flutter/packages/flutter_localizations/lib/src/cupertino_localizations.dart:364:6 • list_element_type_not_assignable
  error • This requires the 'null-aware-elements' language feature to be enabled • flutter/packages/flutter_localizations/lib/src/cupertino_localizations.dart:365:5 • experiment_not_enabled
  error • The element type 'String?' can't be assigned to the list type 'String' • flutter/packages/flutter_localizations/lib/src/cupertino_localizations.dart:365:6 • list_element_type_not_assignable
  error • This requires the 'null-aware-elements' language feature to be enabled • flutter/packages/flutter_localizations/lib/src/cupertino_localizations.dart:408:5 • experiment_not_enabled
  error • The element type 'String?' can't be assigned to the list type 'String' • flutter/packages/flutter_localizations/lib/src/cupertino_localizations.dart:408:6 • list_element_type_not_assignable
  error • This requires the 'null-aware-elements' language feature to be enabled • flutter/packages/flutter_localizations/lib/src/cupertino_localizations.dart:409:5 • experiment_not_enabled
  error • The element type 'String?' can't be assigned to the list type 'String' • flutter/packages/flutter_localizations/lib/src/cupertino_localizations.dart:409:6 • list_element_type_not_assignable
  error • This requires the 'null-aware-elements' language feature to be enabled • flutter/packages/flutter_localizations/lib/src/cupertino_localizations.dart:410:5 • experiment_not_enabled
  error • The element type 'String?' can't be assigned to the list type 'String' • flutter/packages/flutter_localizations/lib/src/cupertino_localizations.dart:410:6 • list_element_type_not_assignable
  error • This requires the 'null-aware-elements' language feature to be enabled • flutter/packages/flutter_localizations/lib/src/cupertino_localizations.dart:411:5 • experiment_not_enabled
  error • The element type 'String?' can't be assigned to the list type 'String' • flutter/packages/flutter_localizations/lib/src/cupertino_localizations.dart:411:6 • list_element_type_not_assignable
  error • This requires the 'null-aware-elements' language feature to be enabled • flutter/packages/flutter_localizations/lib/src/cupertino_localizations.dart:412:5 • experiment_not_enabled
  error • The element type 'String?' can't be assigned to the list type 'String' • flutter/packages/flutter_localizations/lib/src/cupertino_localizations.dart:412:6 • list_element_type_not_assignable
  error • This requires the 'null-aware-elements' language feature to be enabled • flutter/packages/flutter_localizations/lib/src/cupertino_localizations.dart:413:5 • experiment_not_enabled
  error • The element type 'String?' can't be assigned to the list type 'String' • flutter/packages/flutter_localizations/lib/src/cupertino_localizations.dart:413:6 • list_element_type_not_assignable
  error • This requires the 'null-aware-elements' language feature to be enabled • flutter/packages/flutter_localizations/lib/src/cupertino_localizations.dart:456:5 • experiment_not_enabled
  error • The element type 'String?' can't be assigned to the list type 'String' • flutter/packages/flutter_localizations/lib/src/cupertino_localizations.dart:456:6 • list_element_type_not_assignable
  error • This requires the 'null-aware-elements' language feature to be enabled • flutter/packages/flutter_localizations/lib/src/cupertino_localizations.dart:457:5 • experiment_not_enabled
  error • The element type 'String?' can't be assigned to the list type 'String' • flutter/packages/flutter_localizations/lib/src/cupertino_localizations.dart:457:6 • list_element_type_not_assignable
  error • This requires the 'null-aware-elements' language feature to be enabled • flutter/packages/flutter_localizations/lib/src/cupertino_localizations.dart:458:5 • experiment_not_enabled
  error • The element type 'String?' can't be assigned to the list type 'String' • flutter/packages/flutter_localizations/lib/src/cupertino_localizations.dart:458:6 • list_element_type_not_assignable
  error • This requires the 'null-aware-elements' language feature to be enabled • flutter/packages/flutter_localizations/lib/src/cupertino_localizations.dart:459:5 • experiment_not_enabled
  error • The element type 'String?' can't be assigned to the list type 'String' • flutter/packages/flutter_localizations/lib/src/cupertino_localizations.dart:459:6 • list_element_type_not_assignable
  error • This requires the 'null-aware-elements' language feature to be enabled • flutter/packages/flutter_localizations/lib/src/cupertino_localizations.dart:460:5 • experiment_not_enabled
  error • The element type 'String?' can't be assigned to the list type 'String' • flutter/packages/flutter_localizations/lib/src/cupertino_localizations.dart:460:6 • list_element_type_not_assignable
  error • This requires the 'null-aware-elements' language feature to be enabled • flutter/packages/flutter_localizations/lib/src/cupertino_localizations.dart:461:5 • experiment_not_enabled
  error • The element type 'String?' can't be assigned to the list type 'String' • flutter/packages/flutter_localizations/lib/src/cupertino_localizations.dart:461:6 • list_element_type_not_assignable
  error • Expected to find ';' • flutter/packages/flutter_localizations/lib/src/material_localizations.dart:232:5 • expected_token
warning • Dead code • flutter/packages/flutter_localizations/lib/src/material_localizations.dart:232:12 • dead_code
warning • Missing case clause for 'am' • flutter/packages/flutter_localizations/lib/src/material_localizations.dart:232:12 • missing_enum_constant_in_switch
warning • Missing case clause for 'pm' • flutter/packages/flutter_localizations/lib/src/material_localizations.dart:232:12 • missing_enum_constant_in_switch
  error • Expected an identifier • flutter/packages/flutter_localizations/lib/src/material_localizations.dart:232:12 • missing_identifier
  error • Expected to find 'case' • flutter/packages/flutter_localizations/lib/src/material_localizations.dart:233:7 • expected_token
   info • Unnecessary empty statement • flutter/packages/flutter_localizations/lib/src/material_localizations.dart:235:6 • empty_statements
  error • Target of URI doesn't exist: 'package:flutter_localizations/flutter_localizations.dart' • flutter/packages/flutter_localizations/test/basics_test.dart:6:8 • uri_does_not_exist
  error • Undefined name 'GlobalMaterialLocalizations' • flutter/packages/flutter_localizations/test/basics_test.dart:19:26 • undefined_identifier
  error • Undefined name 'GlobalMaterialLocalizations' • flutter/packages/flutter_localizations/test/basics_test.dart:48:26 • undefined_identifier
  error • Undefined name 'GlobalMaterialLocalizations' • flutter/packages/flutter_localizations/test/basics_test.dart:76:16 • undefined_identifier
  error • Undefined name 'GlobalMaterialLocalizations' • flutter/packages/flutter_localizations/test/basics_test.dart:92:33 • undefined_identifier
  error • Target of URI doesn't exist: 'package:flutter_localizations/flutter_localizations.dart' • flutter/packages/flutter_localizations/test/cupertino/date_picker_test.dart:6:8 • uri_does_not_exist
  error • Undefined name 'GlobalCupertinoLocalizations' • flutter/packages/flutter_localizations/test/cupertino/date_picker_test.dart:25:33 • undefined_identifier
  error • Undefined name 'GlobalCupertinoLocalizations' • flutter/packages/flutter_localizations/test/cupertino/date_picker_test.dart:47:33 • undefined_identifier
  error • Target of URI doesn't exist: 'package:flutter_localizations/flutter_localizations.dart' • flutter/packages/flutter_localizations/test/cupertino/translations_test.dart:10:8 • uri_does_not_exist
  error • Undefined name 'kCupertinoSupportedLanguages' • flutter/packages/flutter_localizations/test/cupertino/translations_test.dart:19:33 • undefined_identifier
  error • Undefined name 'GlobalCupertinoLocalizations' • flutter/packages/flutter_localizations/test/cupertino/translations_test.dart:23:14 • undefined_identifier
  error • Undefined name 'GlobalCupertinoLocalizations' • flutter/packages/flutter_localizations/test/cupertino/translations_test.dart:25:58 • undefined_identifier
  error • Undefined name 'GlobalCupertinoLocalizations' • flutter/packages/flutter_localizations/test/cupertino/translations_test.dart:127:12 • undefined_identifier
  error • Undefined name 'GlobalCupertinoLocalizations' • flutter/packages/flutter_localizations/test/cupertino/translations_test.dart:128:56 • undefined_identifier
  error • The name 'CupertinoLocalizationFr' isn't a type, so it can't be used as a type argument • flutter/packages/flutter_localizations/test/cupertino/translations_test.dart:131:31 • non_type_as_type_argument
  error • Undefined name 'GlobalCupertinoLocalizations' • flutter/packages/flutter_localizations/test/cupertino/translations_test.dart:144:12 • undefined_identifier
  error • Undefined name 'GlobalCupertinoLocalizations' • flutter/packages/flutter_localizations/test/cupertino/translations_test.dart:145:56 • undefined_identifier
  error • The name 'CupertinoLocalizationZh' isn't a type, so it can't be used as a type argument • flutter/packages/flutter_localizations/test/cupertino/translations_test.dart:148:31 • non_type_as_type_argument
  error • Undefined name 'GlobalCupertinoLocalizations' • flutter/packages/flutter_localizations/test/cupertino/translations_test.dart:172:14 • undefined_identifier
  error • Undefined name 'GlobalCupertinoLocalizations' • flutter/packages/flutter_localizations/test/cupertino/translations_test.dart:173:52 • undefined_identifier
  error • The name 'CupertinoLocalizationNo' isn't a type, so it can't be used as a type argument • flutter/packages/flutter_localizations/test/cupertino/translations_test.dart:176:33 • non_type_as_type_argument
  error • Undefined name 'GlobalCupertinoLocalizations' • flutter/packages/flutter_localizations/test/cupertino/translations_test.dart:183:14 • undefined_identifier
  error • Undefined name 'GlobalCupertinoLocalizations' • flutter/packages/flutter_localizations/test/cupertino/translations_test.dart:184:29 • undefined_identifier
  error • The name 'CupertinoLocalizationNb' isn't a type, so it can't be used as a type argument • flutter/packages/flutter_localizations/test/cupertino/translations_test.dart:185:33 • non_type_as_type_argument
  error • Undefined name 'GlobalCupertinoLocalizations' • flutter/packages/flutter_localizations/test/cupertino/translations_test.dart:221:12 • undefined_identifier
  error • Undefined name 'GlobalCupertinoLocalizations' • flutter/packages/flutter_localizations/test/cupertino/translations_test.dart:222:56 • undefined_identifier
  error • The name 'CupertinoLocalizationFi' isn't a type, so it can't be used as a type argument • flutter/packages/flutter_localizations/test/cupertino/translations_test.dart:225:31 • non_type_as_type_argument
  error • Undefined name 'GlobalCupertinoLocalizations' • flutter/packages/flutter_localizations/test/cupertino/translations_test.dart:236:35 • undefined_identifier
  error • Undefined name 'GlobalCupertinoLocalizations' • flutter/packages/flutter_localizations/test/cupertino/translations_test.dart:255:12 • undefined_identifier
  error • Undefined name 'GlobalCupertinoLocalizations' • flutter/packages/flutter_localizations/test/cupertino/translations_test.dart:256:56 • undefined_identifier
  error • The name 'CupertinoLocalizationZh' isn't a type, so it can't be used as a type argument • flutter/packages/flutter_localizations/test/cupertino/translations_test.dart:259:31 • non_type_as_type_argument
  error • Undefined name 'GlobalCupertinoLocalizations' • flutter/packages/flutter_localizations/test/cupertino/translations_test.dart:268:12 • undefined_identifier
  error • Undefined name 'GlobalCupertinoLocalizations' • flutter/packages/flutter_localizations/test/cupertino/translations_test.dart:269:56 • undefined_identifier
  error • The name 'CupertinoLocalizationKo' isn't a type, so it can't be used as a type argument • flutter/packages/flutter_localizations/test/cupertino/translations_test.dart:272:31 • non_type_as_type_argument
  error • Undefined name 'GlobalCupertinoLocalizations' • flutter/packages/flutter_localizations/test/cupertino/translations_test.dart:282:12 • undefined_identifier
  error • Undefined name 'GlobalCupertinoLocalizations' • flutter/packages/flutter_localizations/test/cupertino/translations_test.dart:283:56 • undefined_identifier
  error • The name 'CupertinoLocalizationZh' isn't a type, so it can't be used as a type argument • flutter/packages/flutter_localizations/test/cupertino/translations_test.dart:286:31 • non_type_as_type_argument
  error • Undefined name 'GlobalCupertinoLocalizations' • flutter/packages/flutter_localizations/test/cupertino/translations_test.dart:295:12 • undefined_identifier
  error • Undefined name 'GlobalCupertinoLocalizations' • flutter/packages/flutter_localizations/test/cupertino/translations_test.dart:297:56 • undefined_identifier
  error • The name 'CupertinoLocalizationKo' isn't a type, so it can't be used as a type argument • flutter/packages/flutter_localizations/test/cupertino/translations_test.dart:301:31 • non_type_as_type_argument
  error • Target of URI doesn't exist: 'package:flutter_localizations/flutter_localizations.dart' • flutter/packages/flutter_localizations/test/material/date_picker_test.dart:6:8 • uri_does_not_exist
  error • Undefined name 'GlobalMaterialLocalizations' • flutter/packages/flutter_localizations/test/material/date_picker_test.dart:120:33 • undefined_identifier
  error • Undefined name 'GlobalMaterialLocalizations' • flutter/packages/flutter_localizations/test/material/date_picker_test.dart:159:33 • undefined_identifier
  error • Undefined name 'GlobalMaterialLocalizations' • flutter/packages/flutter_localizations/test/material/date_picker_test.dart:278:33 • undefined_identifier
  error • Undefined name 'GlobalMaterialLocalizations' • flutter/packages/flutter_localizations/test/material/date_picker_test.dart:321:33 • undefined_identifier
  error • Undefined name 'GlobalMaterialLocalizations' • flutter/packages/flutter_localizations/test/material/date_picker_test.dart:375:28 • undefined_identifier
  error • Undefined name 'GlobalMaterialLocalizations' • flutter/packages/flutter_localizations/test/material/date_picker_test.dart:431:22 • undefined_identifier
  error • Target of URI doesn't exist: 'package:flutter_localizations/flutter_localizations.dart' • flutter/packages/flutter_localizations/test/material/date_time_test.dart:8:8 • uri_does_not_exist
  error • Undefined name 'GlobalMaterialLocalizations' • flutter/packages/flutter_localizations/test/material/date_time_test.dart:13:9 • undefined_identifier
  error • Undefined class 'GlobalMaterialLocalizations' • flutter/packages/flutter_localizations/test/material/date_time_test.dart:15:13 • undefined_class
  error • Undefined name 'GlobalMaterialLocalizations' • flutter/packages/flutter_localizations/test/material/date_time_test.dart:16:17 • undefined_identifier
  error • The name 'GlobalMaterialLocalizations' isn't a type, so it can't be used in an 'as' expression • flutter/packages/flutter_localizations/test/material/date_time_test.dart:17:18 • cast_to_non_type
  error • Undefined class 'GlobalMaterialLocalizations' • flutter/packages/flutter_localizations/test/material/date_time_test.dart:22:13 • undefined_class
  error • Undefined name 'GlobalMaterialLocalizations' • flutter/packages/flutter_localizations/test/material/date_time_test.dart:23:17 • undefined_identifier
  error • The name 'GlobalMaterialLocalizations' isn't a type, so it can't be used in an 'as' expression • flutter/packages/flutter_localizations/test/material/date_time_test.dart:24:18 • cast_to_non_type
  error • Undefined name 'GlobalMaterialLocalizations' • flutter/packages/flutter_localizations/test/material/date_time_test.dart:30:15 • undefined_identifier
  error • Undefined name 'GlobalMaterialLocalizations' • flutter/packages/flutter_localizations/test/material/date_time_test.dart:41:37 • undefined_identifier
  error • Undefined class 'GlobalMaterialLocalizations' • flutter/packages/flutter_localizations/test/material/date_time_test.dart:107:15 • undefined_class
  error • Undefined name 'GlobalMaterialLocalizations' • flutter/packages/flutter_localizations/test/material/date_time_test.dart:108:19 • undefined_identifier
  error • The name 'GlobalMaterialLocalizations' isn't a type, so it can't be used in an 'as' expression • flutter/packages/flutter_localizations/test/material/date_time_test.dart:109:20 • cast_to_non_type
  error • Undefined name 'GlobalMaterialLocalizations' • flutter/packages/flutter_localizations/test/material/date_time_test.dart:125:37 • undefined_identifier
  error • Undefined name 'GlobalMaterialLocalizations' • flutter/packages/flutter_localizations/test/material/date_time_test.dart:232:37 • undefined_identifier
  error • Undefined name 'GlobalMaterialLocalizations' • flutter/packages/flutter_localizations/test/material/date_time_test.dart:309:33 • undefined_identifier
  error • Undefined name 'GlobalMaterialLocalizations' • flutter/packages/flutter_localizations/test/material/date_time_test.dart:330:33 • undefined_identifier
  error • Undefined name 'GlobalMaterialLocalizations' • flutter/packages/flutter_localizations/test/material/date_time_test.dart:352:33 • undefined_identifier
  error • Target of URI doesn't exist: 'package:flutter_localizations/flutter_localizations.dart' • flutter/packages/flutter_localizations/test/material/tabs_test.dart:6:8 • uri_does_not_exist
  error • The values in a const list literal must be constants • flutter/packages/flutter_localizations/test/material/tabs_test.dart:17:11 • non_constant_list_element
  error • Undefined name 'GlobalMaterialLocalizations' • flutter/packages/flutter_localizations/test/material/tabs_test.dart:17:11 • undefined_identifier
  error • The values in a const list literal must be constants • flutter/packages/flutter_localizations/test/material/tabs_test.dart:18:11 • non_constant_list_element
  error • Undefined name 'GlobalWidgetsLocalizations' • flutter/packages/flutter_localizations/test/material/tabs_test.dart:18:11 • undefined_identifier
  error • Target of URI doesn't exist: 'package:flutter_localizations/flutter_localizations.dart' • flutter/packages/flutter_localizations/test/material/time_picker_test.dart:6:8 • uri_does_not_exist
  error • Undefined name 'GlobalMaterialLocalizations' • flutter/packages/flutter_localizations/test/material/time_picker_test.dart:907:31 • undefined_identifier
  error • Target of URI doesn't exist: 'package:flutter_localizations/flutter_localizations.dart' • flutter/packages/flutter_localizations/test/material/translations_test.dart:9:8 • uri_does_not_exist
  error • Undefined name 'kMaterialSupportedLanguages' • flutter/packages/flutter_localizations/test/material/translations_test.dart:18:33 • undefined_identifier
  error • Undefined name 'GlobalMaterialLocalizations' • flutter/packages/flutter_localizations/test/material/translations_test.dart:22:14 • undefined_identifier
  error • Undefined name 'GlobalMaterialLocalizations' • flutter/packages/flutter_localizations/test/material/translations_test.dart:24:57 • undefined_identifier
  error • Undefined name 'GlobalMaterialLocalizations' • flutter/packages/flutter_localizations/test/material/translations_test.dart:123:12 • undefined_identifier
  error • Undefined name 'GlobalMaterialLocalizations' • flutter/packages/flutter_localizations/test/material/translations_test.dart:124:49 • undefined_identifier
  error • The name 'MaterialLocalizationZh' isn't a type, so it can't be used as a type argument • flutter/packages/flutter_localizations/test/material/translations_test.dart:125:31 • non_type_as_type_argument
  error • Undefined name 'GlobalMaterialLocalizations' • flutter/packages/flutter_localizations/test/material/translations_test.dart:130:27 • undefined_identifier
  error • Undefined name 'GlobalMaterialLocalizations' • flutter/packages/flutter_localizations/test/material/translations_test.dart:131:12 • undefined_identifier
  error • Undefined name 'GlobalMaterialLocalizations' • flutter/packages/flutter_localizations/test/material/translations_test.dart:138:12 • undefined_identifier
  error • Undefined name 'GlobalMaterialLocalizations' • flutter/packages/flutter_localizations/test/material/translations_test.dart:139:55 • undefined_identifier
  error • The name 'MaterialLocalizationEn' isn't a type, so it can't be used as a type argument • flutter/packages/flutter_localizations/test/material/translations_test.dart:142:31 • non_type_as_type_argument
  error • Undefined name 'GlobalMaterialLocalizations' • flutter/packages/flutter_localizations/test/material/translations_test.dart:147:49 • undefined_identifier
  error • Undefined name 'GlobalMaterialLocalizations' • flutter/packages/flutter_localizations/test/material/translations_test.dart:162:27 • undefined_identifier
  error • Undefined name 'GlobalMaterialLocalizations' • flutter/packages/flutter_localizations/test/material/translations_test.dart:175:27 • undefined_identifier
  error • Undefined name 'GlobalMaterialLocalizations' • flutter/packages/flutter_localizations/test/material/translations_test.dart:188:27 • undefined_identifier
  error • Undefined name 'GlobalMaterialLocalizations' • flutter/packages/flutter_localizations/test/material/translations_test.dart:199:49 • undefined_identifier
  error • Undefined name 'GlobalMaterialLocalizations' • flutter/packages/flutter_localizations/test/material/translations_test.dart:205:27 • undefined_identifier
  error • Undefined name 'GlobalMaterialLocalizations' • flutter/packages/flutter_localizations/test/material/translations_test.dart:209:27 • undefined_identifier
  error • Undefined name 'GlobalMaterialLocalizations' • flutter/packages/flutter_localizations/test/material/translations_test.dart:213:27 • undefined_identifier
  error • Undefined name 'GlobalMaterialLocalizations' • flutter/packages/flutter_localizations/test/material/translations_test.dart:220:12 • undefined_identifier
  error • Undefined name 'GlobalMaterialLocalizations' • flutter/packages/flutter_localizations/test/material/translations_test.dart:221:49 • undefined_identifier
  error • The name 'MaterialLocalizationZh' isn't a type, so it can't be used as a type argument • flutter/packages/flutter_localizations/test/material/translations_test.dart:222:31 • non_type_as_type_argument
  error • Undefined name 'GlobalMaterialLocalizations' • flutter/packages/flutter_localizations/test/material/translations_test.dart:225:12 • undefined_identifier
  error • Undefined name 'GlobalMaterialLocalizations' • flutter/packages/flutter_localizations/test/material/translations_test.dart:226:27 • undefined_identifier
  error • The name 'MaterialLocalizationZhHantTw' isn't a type, so it can't be used as a type argument • flutter/packages/flutter_localizations/test/material/translations_test.dart:227:31 • non_type_as_type_argument
  error • Undefined name 'GlobalMaterialLocalizations' • flutter/packages/flutter_localizations/test/material/translations_test.dart:230:12 • undefined_identifier
  error • Undefined name 'GlobalMaterialLocalizations' • flutter/packages/flutter_localizations/test/material/translations_test.dart:231:27 • undefined_identifier
  error • The name 'MaterialLocalizationZhHantHk' isn't a type, so it can't be used as a type argument • flutter/packages/flutter_localizations/test/material/translations_test.dart:232:31 • non_type_as_type_argument
  error • Undefined name 'GlobalMaterialLocalizations' • flutter/packages/flutter_localizations/test/material/translations_test.dart:235:12 • undefined_identifier
  error • Undefined name 'GlobalMaterialLocalizations' • flutter/packages/flutter_localizations/test/material/translations_test.dart:236:27 • undefined_identifier
  error • The name 'MaterialLocalizationZhHantTw' isn't a type, so it can't be used as a type argument • flutter/packages/flutter_localizations/test/material/translations_test.dart:237:31 • non_type_as_type_argument
  error • Undefined name 'GlobalMaterialLocalizations' • flutter/packages/flutter_localizations/test/material/translations_test.dart:240:12 • undefined_identifier
  error • Undefined name 'GlobalMaterialLocalizations' • flutter/packages/flutter_localizations/test/material/translations_test.dart:241:27 • undefined_identifier
  error • The name 'MaterialLocalizationZhHans' isn't a type, so it can't be used as a type argument • flutter/packages/flutter_localizations/test/material/translations_test.dart:242:31 • non_type_as_type_argument
  error • Undefined name 'GlobalMaterialLocalizations' • flutter/packages/flutter_localizations/test/material/translations_test.dart:245:12 • undefined_identifier
  error • Undefined name 'GlobalMaterialLocalizations' • flutter/packages/flutter_localizations/test/material/translations_test.dart:246:27 • undefined_identifier
  error • The name 'MaterialLocalizationZhHant' isn't a type, so it can't be used as a type argument • flutter/packages/flutter_localizations/test/material/translations_test.dart:247:31 • non_type_as_type_argument
  error • Undefined name 'GlobalMaterialLocalizations' • flutter/packages/flutter_localizations/test/material/translations_test.dart:250:12 • undefined_identifier
  error • Undefined name 'GlobalMaterialLocalizations' • flutter/packages/flutter_localizations/test/material/translations_test.dart:251:27 • undefined_identifier
  error • The name 'MaterialLocalizationZhHans' isn't a type, so it can't be used as a type argument • flutter/packages/flutter_localizations/test/material/translations_test.dart:252:31 • non_type_as_type_argument
  error • Undefined name 'GlobalMaterialLocalizations' • flutter/packages/flutter_localizations/test/material/translations_test.dart:255:12 • undefined_identifier
  error • Undefined name 'GlobalMaterialLocalizations' • flutter/packages/flutter_localizations/test/material/translations_test.dart:256:27 • undefined_identifier
  error • The name 'MaterialLocalizationZhHans' isn't a type, so it can't be used as a type argument • flutter/packages/flutter_localizations/test/material/translations_test.dart:257:31 • non_type_as_type_argument
  error • Undefined name 'GlobalMaterialLocalizations' • flutter/packages/flutter_localizations/test/material/translations_test.dart:260:12 • undefined_identifier
  error • Undefined name 'GlobalMaterialLocalizations' • flutter/packages/flutter_localizations/test/material/translations_test.dart:261:27 • undefined_identifier
  error • The name 'MaterialLocalizationZhHans' isn't a type, so it can't be used as a type argument • flutter/packages/flutter_localizations/test/material/translations_test.dart:262:31 • non_type_as_type_argument
  error • Undefined name 'GlobalMaterialLocalizations' • flutter/packages/flutter_localizations/test/material/translations_test.dart:265:12 • undefined_identifier
  error • Undefined name 'GlobalMaterialLocalizations' • flutter/packages/flutter_localizations/test/material/translations_test.dart:266:27 • undefined_identifier
  error • The name 'MaterialLocalizationZhHant' isn't a type, so it can't be used as a type argument • flutter/packages/flutter_localizations/test/material/translations_test.dart:267:31 • non_type_as_type_argument
  error • Undefined name 'GlobalMaterialLocalizations' • flutter/packages/flutter_localizations/test/material/translations_test.dart:270:12 • undefined_identifier
  error • Undefined name 'GlobalMaterialLocalizations' • flutter/packages/flutter_localizations/test/material/translations_test.dart:271:27 • undefined_identifier
  error • The name 'MaterialLocalizationZhHant' isn't a type, so it can't be used as a type argument • flutter/packages/flutter_localizations/test/material/translations_test.dart:272:31 • non_type_as_type_argument
  error • Undefined name 'GlobalMaterialLocalizations' • flutter/packages/flutter_localizations/test/material/translations_test.dart:275:12 • undefined_identifier
  error • Undefined name 'GlobalMaterialLocalizations' • flutter/packages/flutter_localizations/test/material/translations_test.dart:276:27 • undefined_identifier
  error • The name 'MaterialLocalizationZh' isn't a type, so it can't be used as a type argument • flutter/packages/flutter_localizations/test/material/translations_test.dart:277:31 • non_type_as_type_argument
  error • Undefined name 'GlobalMaterialLocalizations' • flutter/packages/flutter_localizations/test/material/translations_test.dart:280:12 • undefined_identifier
  error • Undefined name 'GlobalMaterialLocalizations' • flutter/packages/flutter_localizations/test/material/translations_test.dart:281:27 • undefined_identifier
  error • The name 'MaterialLocalizationZh' isn't a type, so it can't be used as a type argument • flutter/packages/flutter_localizations/test/material/translations_test.dart:282:31 • non_type_as_type_argument
  error • Undefined name 'GlobalMaterialLocalizations' • flutter/packages/flutter_localizations/test/material/translations_test.dart:285:12 • undefined_identifier
  error • Undefined name 'GlobalMaterialLocalizations' • flutter/packages/flutter_localizations/test/material/translations_test.dart:286:27 • undefined_identifier
  error • The name 'MaterialLocalizationZh' isn't a type, so it can't be used as a type argument • flutter/packages/flutter_localizations/test/material/translations_test.dart:287:31 • non_type_as_type_argument
  error • Undefined name 'GlobalMaterialLocalizations' • flutter/packages/flutter_localizations/test/material/translations_test.dart:290:12 • undefined_identifier
  error • Undefined name 'GlobalMaterialLocalizations' • flutter/packages/flutter_localizations/test/material/translations_test.dart:291:27 • undefined_identifier
  error • The name 'MaterialLocalizationEn' isn't a type, so it can't be used as a type argument • flutter/packages/flutter_localizations/test/material/translations_test.dart:292:31 • non_type_as_type_argument
  error • Undefined name 'GlobalMaterialLocalizations' • flutter/packages/flutter_localizations/test/material/translations_test.dart:295:12 • undefined_identifier
  error • Undefined name 'GlobalMaterialLocalizations' • flutter/packages/flutter_localizations/test/material/translations_test.dart:296:27 • undefined_identifier
  error • The name 'MaterialLocalizationZh' isn't a type, so it can't be used as a type argument • flutter/packages/flutter_localizations/test/material/translations_test.dart:297:31 • non_type_as_type_argument
  error • Undefined name 'GlobalMaterialLocalizations' • flutter/packages/flutter_localizations/test/material/translations_test.dart:300:12 • undefined_identifier
  error • Undefined name 'GlobalMaterialLocalizations' • flutter/packages/flutter_localizations/test/material/translations_test.dart:301:27 • undefined_identifier
  error • The name 'MaterialLocalizationZh' isn't a type, so it can't be used as a type argument • flutter/packages/flutter_localizations/test/material/translations_test.dart:302:31 • non_type_as_type_argument
  error • Undefined name 'GlobalMaterialLocalizations' • flutter/packages/flutter_localizations/test/material/translations_test.dart:305:12 • undefined_identifier
  error • Undefined name 'GlobalMaterialLocalizations' • flutter/packages/flutter_localizations/test/material/translations_test.dart:306:27 • undefined_identifier
  error • The name 'MaterialLocalizationZh' isn't a type, so it can't be used as a type argument • flutter/packages/flutter_localizations/test/material/translations_test.dart:307:31 • non_type_as_type_argument
  error • Undefined name 'GlobalMaterialLocalizations' • flutter/packages/flutter_localizations/test/material/translations_test.dart:312:12 • undefined_identifier
  error • Undefined name 'GlobalMaterialLocalizations' • flutter/packages/flutter_localizations/test/material/translations_test.dart:313:49 • undefined_identifier
  error • The name 'MaterialLocalizationSr' isn't a type, so it can't be used as a type argument • flutter/packages/flutter_localizations/test/material/translations_test.dart:314:31 • non_type_as_type_argument
  error • Undefined name 'GlobalMaterialLocalizations' • flutter/packages/flutter_localizations/test/material/translations_test.dart:317:12 • undefined_identifier
  error • Undefined name 'GlobalMaterialLocalizations' • flutter/packages/flutter_localizations/test/material/translations_test.dart:318:27 • undefined_identifier
  error • The name 'MaterialLocalizationSrCyrl' isn't a type, so it can't be used as a type argument • flutter/packages/flutter_localizations/test/material/translations_test.dart:319:31 • non_type_as_type_argument
  error • Undefined name 'GlobalMaterialLocalizations' • flutter/packages/flutter_localizations/test/material/translations_test.dart:322:12 • undefined_identifier
  error • Undefined name 'GlobalMaterialLocalizations' • flutter/packages/flutter_localizations/test/material/translations_test.dart:323:27 • undefined_identifier
  error • The name 'MaterialLocalizationSrLatn' isn't a type, so it can't be used as a type argument • flutter/packages/flutter_localizations/test/material/translations_test.dart:324:31 • non_type_as_type_argument
  error • Undefined name 'GlobalMaterialLocalizations' • flutter/packages/flutter_localizations/test/material/translations_test.dart:327:12 • undefined_identifier
  error • Undefined name 'GlobalMaterialLocalizations' • flutter/packages/flutter_localizations/test/material/translations_test.dart:328:27 • undefined_identifier
  error • The name 'MaterialLocalizationSr' isn't a type, so it can't be used as a type argument • flutter/packages/flutter_localizations/test/material/translations_test.dart:329:31 • non_type_as_type_argument
  error • Undefined name 'GlobalMaterialLocalizations' • flutter/packages/flutter_localizations/test/material/translations_test.dart:332:12 • undefined_identifier
  error • Undefined name 'GlobalMaterialLocalizations' • flutter/packages/flutter_localizations/test/material/translations_test.dart:333:27 • undefined_identifier
  error • The name 'MaterialLocalizationSrCyrl' isn't a type, so it can't be used as a type argument • flutter/packages/flutter_localizations/test/material/translations_test.dart:334:31 • non_type_as_type_argument
  error • Undefined name 'GlobalMaterialLocalizations' • flutter/packages/flutter_localizations/test/material/translations_test.dart:337:12 • undefined_identifier
  error • Undefined name 'GlobalMaterialLocalizations' • flutter/packages/flutter_localizations/test/material/translations_test.dart:338:27 • undefined_identifier
  error • The name 'MaterialLocalizationSrLatn' isn't a type, so it can't be used as a type argument • flutter/packages/flutter_localizations/test/material/translations_test.dart:339:31 • non_type_as_type_argument
  error • Undefined name 'GlobalMaterialLocalizations' • flutter/packages/flutter_localizations/test/material/translations_test.dart:342:12 • undefined_identifier
  error • Undefined name 'GlobalMaterialLocalizations' • flutter/packages/flutter_localizations/test/material/translations_test.dart:343:27 • undefined_identifier
  error • The name 'MaterialLocalizationSrCyrl' isn't a type, so it can't be used as a type argument • flutter/packages/flutter_localizations/test/material/translations_test.dart:344:31 • non_type_as_type_argument
  error • Undefined name 'GlobalMaterialLocalizations' • flutter/packages/flutter_localizations/test/material/translations_test.dart:347:12 • undefined_identifier
  error • Undefined name 'GlobalMaterialLocalizations' • flutter/packages/flutter_localizations/test/material/translations_test.dart:348:27 • undefined_identifier
  error • The name 'MaterialLocalizationSrLatn' isn't a type, so it can't be used as a type argument • flutter/packages/flutter_localizations/test/material/translations_test.dart:349:31 • non_type_as_type_argument
  error • Undefined name 'GlobalMaterialLocalizations' • flutter/packages/flutter_localizations/test/material/translations_test.dart:352:12 • undefined_identifier
  error • Undefined name 'GlobalMaterialLocalizations' • flutter/packages/flutter_localizations/test/material/translations_test.dart:353:27 • undefined_identifier
  error • The name 'MaterialLocalizationSr' isn't a type, so it can't be used as a type argument • flutter/packages/flutter_localizations/test/material/translations_test.dart:354:31 • non_type_as_type_argument
  error • Undefined name 'GlobalMaterialLocalizations' • flutter/packages/flutter_localizations/test/material/translations_test.dart:359:12 • undefined_identifier
  error • Undefined name 'GlobalMaterialLocalizations' • flutter/packages/flutter_localizations/test/material/translations_test.dart:360:49 • undefined_identifier
  error • The name 'MaterialLocalizationEn' isn't a type, so it can't be used as a type argument • flutter/packages/flutter_localizations/test/material/translations_test.dart:361:31 • non_type_as_type_argument
  error • Undefined name 'GlobalMaterialLocalizations' • flutter/packages/flutter_localizations/test/material/translations_test.dart:364:12 • undefined_identifier
  error • Undefined name 'GlobalMaterialLocalizations' • flutter/packages/flutter_localizations/test/material/translations_test.dart:365:27 • undefined_identifier
  error • The name 'MaterialLocalizationEn' isn't a type, so it can't be used as a type argument • flutter/packages/flutter_localizations/test/material/translations_test.dart:366:31 • non_type_as_type_argument
  error • Undefined name 'GlobalMaterialLocalizations' • flutter/packages/flutter_localizations/test/material/translations_test.dart:369:12 • undefined_identifier
  error • Undefined name 'GlobalMaterialLocalizations' • flutter/packages/flutter_localizations/test/material/translations_test.dart:370:27 • undefined_identifier
  error • The name 'MaterialLocalizationEn' isn't a type, so it can't be used as a type argument • flutter/packages/flutter_localizations/test/material/translations_test.dart:371:31 • non_type_as_type_argument
  error • Undefined name 'GlobalMaterialLocalizations' • flutter/packages/flutter_localizations/test/material/translations_test.dart:374:12 • undefined_identifier
  error • Undefined name 'GlobalMaterialLocalizations' • flutter/packages/flutter_localizations/test/material/translations_test.dart:375:27 • undefined_identifier
  error • The name 'MaterialLocalizationEnAu' isn't a type, so it can't be used as a type argument • flutter/packages/flutter_localizations/test/material/translations_test.dart:376:31 • non_type_as_type_argument
  error • Undefined name 'GlobalMaterialLocalizations' • flutter/packages/flutter_localizations/test/material/translations_test.dart:379:12 • undefined_identifier
  error • Undefined name 'GlobalMaterialLocalizations' • flutter/packages/flutter_localizations/test/material/translations_test.dart:380:27 • undefined_identifier
  error • The name 'MaterialLocalizationEnGb' isn't a type, so it can't be used as a type argument • flutter/packages/flutter_localizations/test/material/translations_test.dart:381:31 • non_type_as_type_argument
  error • Undefined name 'GlobalMaterialLocalizations' • flutter/packages/flutter_localizations/test/material/translations_test.dart:384:12 • undefined_identifier
  error • Undefined name 'GlobalMaterialLocalizations' • flutter/packages/flutter_localizations/test/material/translations_test.dart:385:27 • undefined_identifier
  error • The name 'MaterialLocalizationEnSg' isn't a type, so it can't be used as a type argument • flutter/packages/flutter_localizations/test/material/translations_test.dart:386:31 • non_type_as_type_argument
  error • Undefined name 'GlobalMaterialLocalizations' • flutter/packages/flutter_localizations/test/material/translations_test.dart:389:12 • undefined_identifier
  error • Undefined name 'GlobalMaterialLocalizations' • flutter/packages/flutter_localizations/test/material/translations_test.dart:390:27 • undefined_identifier
  error • The name 'MaterialLocalizationEn' isn't a type, so it can't be used as a type argument • flutter/packages/flutter_localizations/test/material/translations_test.dart:391:31 • non_type_as_type_argument
  error • Undefined name 'GlobalMaterialLocalizations' • flutter/packages/flutter_localizations/test/material/translations_test.dart:394:12 • undefined_identifier
  error • Undefined name 'GlobalMaterialLocalizations' • flutter/packages/flutter_localizations/test/material/translations_test.dart:395:27 • undefined_identifier
  error • The name 'MaterialLocalizationEn' isn't a type, so it can't be used as a type argument • flutter/packages/flutter_localizations/test/material/translations_test.dart:396:31 • non_type_as_type_argument
  error • Undefined name 'GlobalMaterialLocalizations' • flutter/packages/flutter_localizations/test/material/translations_test.dart:399:12 • undefined_identifier
  error • Undefined name 'GlobalMaterialLocalizations' • flutter/packages/flutter_localizations/test/material/translations_test.dart:400:27 • undefined_identifier
  error • The name 'MaterialLocalizationEn' isn't a type, so it can't be used as a type argument • flutter/packages/flutter_localizations/test/material/translations_test.dart:401:31 • non_type_as_type_argument
  error • Undefined name 'GlobalMaterialLocalizations' • flutter/packages/flutter_localizations/test/material/translations_test.dart:404:12 • undefined_identifier
  error • Undefined name 'GlobalMaterialLocalizations' • flutter/packages/flutter_localizations/test/material/translations_test.dart:405:27 • undefined_identifier
  error • The name 'MaterialLocalizationEn' isn't a type, so it can't be used as a type argument • flutter/packages/flutter_localizations/test/material/translations_test.dart:406:31 • non_type_as_type_argument
  error • Undefined name 'GlobalMaterialLocalizations' • flutter/packages/flutter_localizations/test/material/translations_test.dart:409:12 • undefined_identifier
  error • Undefined name 'GlobalMaterialLocalizations' • flutter/packages/flutter_localizations/test/material/translations_test.dart:410:27 • undefined_identifier
  error • The name 'MaterialLocalizationEs' isn't a type, so it can't be used as a type argument • flutter/packages/flutter_localizations/test/material/translations_test.dart:411:31 • non_type_as_type_argument
  error • Undefined name 'GlobalMaterialLocalizations' • flutter/packages/flutter_localizations/test/material/translations_test.dart:414:12 • undefined_identifier
  error • Undefined name 'GlobalMaterialLocalizations' • flutter/packages/flutter_localizations/test/material/translations_test.dart:415:27 • undefined_identifier
  error • The name 'MaterialLocalizationEs419' isn't a type, so it can't be used as a type argument • flutter/packages/flutter_localizations/test/material/translations_test.dart:416:31 • non_type_as_type_argument
  error • Undefined name 'GlobalMaterialLocalizations' • flutter/packages/flutter_localizations/test/material/translations_test.dart:419:12 • undefined_identifier
  error • Undefined name 'GlobalMaterialLocalizations' • flutter/packages/flutter_localizations/test/material/translations_test.dart:420:27 • undefined_identifier
  error • The name 'MaterialLocalizationEsMx' isn't a type, so it can't be used as a type argument • flutter/packages/flutter_localizations/test/material/translations_test.dart:421:31 • non_type_as_type_argument
  error • Undefined name 'GlobalMaterialLocalizations' • flutter/packages/flutter_localizations/test/material/translations_test.dart:424:12 • undefined_identifier
  error • Undefined name 'GlobalMaterialLocalizations' • flutter/packages/flutter_localizations/test/material/translations_test.dart:425:27 • undefined_identifier
  error • The name 'MaterialLocalizationEsUs' isn't a type, so it can't be used as a type argument • flutter/packages/flutter_localizations/test/material/translations_test.dart:426:31 • non_type_as_type_argument
  error • Undefined name 'GlobalMaterialLocalizations' • flutter/packages/flutter_localizations/test/material/translations_test.dart:429:12 • undefined_identifier
  error • Undefined name 'GlobalMaterialLocalizations' • flutter/packages/flutter_localizations/test/material/translations_test.dart:430:27 • undefined_identifier
  error • The name 'MaterialLocalizationEsAr' isn't a type, so it can't be used as a type argument • flutter/packages/flutter_localizations/test/material/translations_test.dart:431:31 • non_type_as_type_argument
  error • Undefined name 'GlobalMaterialLocalizations' • flutter/packages/flutter_localizations/test/material/translations_test.dart:434:12 • undefined_identifier
  error • Undefined name 'GlobalMaterialLocalizations' • flutter/packages/flutter_localizations/test/material/translations_test.dart:435:27 • undefined_identifier
  error • The name 'MaterialLocalizationEs' isn't a type, so it can't be used as a type argument • flutter/packages/flutter_localizations/test/material/translations_test.dart:436:31 • non_type_as_type_argument
  error • Undefined name 'GlobalMaterialLocalizations' • flutter/packages/flutter_localizations/test/material/translations_test.dart:439:12 • undefined_identifier
  error • Undefined name 'GlobalMaterialLocalizations' • flutter/packages/flutter_localizations/test/material/translations_test.dart:440:27 • undefined_identifier
  error • The name 'MaterialLocalizationEs' isn't a type, so it can't be used as a type argument • flutter/packages/flutter_localizations/test/material/translations_test.dart:441:31 • non_type_as_type_argument
  error • Undefined name 'GlobalMaterialLocalizations' • flutter/packages/flutter_localizations/test/material/translations_test.dart:444:12 • undefined_identifier
  error • Undefined name 'GlobalMaterialLocalizations' • flutter/packages/flutter_localizations/test/material/translations_test.dart:445:27 • undefined_identifier
  error • The name 'MaterialLocalizationEsUs' isn't a type, so it can't be used as a type argument • flutter/packages/flutter_localizations/test/material/translations_test.dart:446:31 • non_type_as_type_argument
  error • Undefined name 'GlobalMaterialLocalizations' • flutter/packages/flutter_localizations/test/material/translations_test.dart:449:12 • undefined_identifier
  error • Undefined name 'GlobalMaterialLocalizations' • flutter/packages/flutter_localizations/test/material/translations_test.dart:450:27 • undefined_identifier
  error • The name 'MaterialLocalizationFr' isn't a type, so it can't be used as a type argument • flutter/packages/flutter_localizations/test/material/translations_test.dart:451:31 • non_type_as_type_argument
  error • Undefined name 'GlobalMaterialLocalizations' • flutter/packages/flutter_localizations/test/material/translations_test.dart:454:12 • undefined_identifier
  error • Undefined name 'GlobalMaterialLocalizations' • flutter/packages/flutter_localizations/test/material/translations_test.dart:455:27 • undefined_identifier
  error • The name 'MaterialLocalizationFrCa' isn't a type, so it can't be used as a type argument • flutter/packages/flutter_localizations/test/material/translations_test.dart:456:31 • non_type_as_type_argument
  error • Undefined name 'GlobalMaterialLocalizations' • flutter/packages/flutter_localizations/test/material/translations_test.dart:459:12 • undefined_identifier
  error • Undefined name 'GlobalMaterialLocalizations' • flutter/packages/flutter_localizations/test/material/translations_test.dart:460:27 • undefined_identifier
  error • The name 'MaterialLocalizationDe' isn't a type, so it can't be used as a type argument • flutter/packages/flutter_localizations/test/material/translations_test.dart:461:31 • non_type_as_type_argument
  error • Undefined name 'GlobalMaterialLocalizations' • flutter/packages/flutter_localizations/test/material/translations_test.dart:464:12 • undefined_identifier
  error • Undefined name 'GlobalMaterialLocalizations' • flutter/packages/flutter_localizations/test/material/translations_test.dart:465:27 • undefined_identifier
  error • The name 'MaterialLocalizationDeCh' isn't a type, so it can't be used as a type argument • flutter/packages/flutter_localizations/test/material/translations_test.dart:466:31 • non_type_as_type_argument
  error • Undefined name 'GlobalMaterialLocalizations' • flutter/packages/flutter_localizations/test/material/translations_test.dart:469:12 • undefined_identifier
  error • Undefined name 'GlobalMaterialLocalizations' • flutter/packages/flutter_localizations/test/material/translations_test.dart:470:27 • undefined_identifier
  error • The name 'MaterialLocalizationTh' isn't a type, so it can't be used as a type argument • flutter/packages/flutter_localizations/test/material/translations_test.dart:471:31 • non_type_as_type_argument
  error • Undefined name 'GlobalMaterialLocalizations' • flutter/packages/flutter_localizations/test/material/translations_test.dart:474:12 • undefined_identifier
  error • Undefined name 'GlobalMaterialLocalizations' • flutter/packages/flutter_localizations/test/material/translations_test.dart:475:27 • undefined_identifier
  error • The name 'MaterialLocalizationRu' isn't a type, so it can't be used as a type argument • flutter/packages/flutter_localizations/test/material/translations_test.dart:476:31 • non_type_as_type_argument
  error • Undefined name 'GlobalMaterialLocalizations' • flutter/packages/flutter_localizations/test/material/translations_test.dart:481:12 • undefined_identifier
  error • Undefined name 'GlobalMaterialLocalizations' • flutter/packages/flutter_localizations/test/material/translations_test.dart:482:49 • undefined_identifier
  error • The name 'MaterialLocalizationZh' isn't a type, so it can't be used as a type argument • flutter/packages/flutter_localizations/test/material/translations_test.dart:483:31 • non_type_as_type_argument
  error • Undefined name 'GlobalMaterialLocalizations' • flutter/packages/flutter_localizations/test/material/translations_test.dart:490:12 • undefined_identifier
  error • Undefined name 'GlobalMaterialLocalizations' • flutter/packages/flutter_localizations/test/material/translations_test.dart:491:27 • undefined_identifier
  error • The name 'MaterialLocalizationZhHans' isn't a type, so it can't be used as a type argument • flutter/packages/flutter_localizations/test/material/translations_test.dart:492:31 • non_type_as_type_argument
  error • Undefined name 'GlobalMaterialLocalizations' • flutter/packages/flutter_localizations/test/material/translations_test.dart:499:12 • undefined_identifier
  error • Undefined name 'GlobalMaterialLocalizations' • flutter/packages/flutter_localizations/test/material/translations_test.dart:500:27 • undefined_identifier
  error • The name 'MaterialLocalizationZhHant' isn't a type, so it can't be used as a type argument • flutter/packages/flutter_localizations/test/material/translations_test.dart:501:31 • non_type_as_type_argument
  error • Undefined name 'GlobalMaterialLocalizations' • flutter/packages/flutter_localizations/test/material/translations_test.dart:508:12 • undefined_identifier
  error • Undefined name 'GlobalMaterialLocalizations' • flutter/packages/flutter_localizations/test/material/translations_test.dart:509:27 • undefined_identifier
  error • The name 'MaterialLocalizationZhHantTw' isn't a type, so it can't be used as a type argument • flutter/packages/flutter_localizations/test/material/translations_test.dart:510:31 • non_type_as_type_argument
  error • Undefined name 'GlobalMaterialLocalizations' • flutter/packages/flutter_localizations/test/material/translations_test.dart:517:12 • undefined_identifier
  error • Undefined name 'GlobalMaterialLocalizations' • flutter/packages/flutter_localizations/test/material/translations_test.dart:518:27 • undefined_identifier
  error • The name 'MaterialLocalizationZhHantHk' isn't a type, so it can't be used as a type argument • flutter/packages/flutter_localizations/test/material/translations_test.dart:519:31 • non_type_as_type_argument
  error • Undefined name 'GlobalMaterialLocalizations' • flutter/packages/flutter_localizations/test/material/translations_test.dart:555:12 • undefined_identifier
  error • Undefined name 'GlobalMaterialLocalizations' • flutter/packages/flutter_localizations/test/material/translations_test.dart:556:55 • undefined_identifier
  error • The name 'MaterialLocalizationFi' isn't a type, so it can't be used as a type argument • flutter/packages/flutter_localizations/test/material/translations_test.dart:559:31 • non_type_as_type_argument
  error • Undefined name 'GlobalMaterialLocalizations' • flutter/packages/flutter_localizations/test/material/translations_test.dart:566:12 • undefined_identifier
  error • Undefined name 'GlobalMaterialLocalizations' • flutter/packages/flutter_localizations/test/material/translations_test.dart:567:55 • undefined_identifier
  error • The name 'MaterialLocalizationEn' isn't a type, so it can't be used as a type argument • flutter/packages/flutter_localizations/test/material/translations_test.dart:570:31 • non_type_as_type_argument
  error • Undefined name 'GlobalCupertinoLocalizations' • flutter/packages/flutter_localizations/test/material/translations_test.dart:577:12 • undefined_identifier
  error • Undefined name 'GlobalMaterialLocalizations' • flutter/packages/flutter_localizations/test/material/translations_test.dart:578:55 • undefined_identifier
  error • The name 'MaterialLocalizationZh' isn't a type, so it can't be used as a type argument • flutter/packages/flutter_localizations/test/material/translations_test.dart:581:31 • non_type_as_type_argument
  error • Undefined name 'GlobalCupertinoLocalizations' • flutter/packages/flutter_localizations/test/material/translations_test.dart:590:12 • undefined_identifier
  error • Undefined name 'GlobalMaterialLocalizations' • flutter/packages/flutter_localizations/test/material/translations_test.dart:591:55 • undefined_identifier
  error • The name 'MaterialLocalizationKo' isn't a type, so it can't be used as a type argument • flutter/packages/flutter_localizations/test/material/translations_test.dart:594:31 • non_type_as_type_argument
  error • Undefined name 'GlobalCupertinoLocalizations' • flutter/packages/flutter_localizations/test/material/translations_test.dart:603:12 • undefined_identifier
  error • Undefined name 'GlobalMaterialLocalizations' • flutter/packages/flutter_localizations/test/material/translations_test.dart:604:55 • undefined_identifier
  error • The name 'MaterialLocalizationIt' isn't a type, so it can't be used as a type argument • flutter/packages/flutter_localizations/test/material/translations_test.dart:607:31 • non_type_as_type_argument
  error • Target of URI doesn't exist: 'package:flutter_localizations/flutter_localizations.dart' • flutter/packages/flutter_localizations/test/override_test.dart:7:8 • uri_does_not_exist
  error • Classes can only extend other classes • flutter/packages/flutter_localizations/test/override_test.dart:11:40 • extends_non_class
  error • The named parameter 'localeName' isn't defined • flutter/packages/flutter_localizations/test/override_test.dart:14:9 • undefined_named_parameter
  error • The named parameter 'fullYearFormat' isn't defined • flutter/packages/flutter_localizations/test/override_test.dart:15:9 • undefined_named_parameter
  error • The named parameter 'compactDateFormat' isn't defined • flutter/packages/flutter_localizations/test/override_test.dart:16:9 • undefined_named_parameter
  error • The named parameter 'shortDateFormat' isn't defined • flutter/packages/flutter_localizations/test/override_test.dart:17:9 • undefined_named_parameter
  error • The named parameter 'mediumDateFormat' isn't defined • flutter/packages/flutter_localizations/test/override_test.dart:18:9 • undefined_named_parameter
  error • The named parameter 'longDateFormat' isn't defined • flutter/packages/flutter_localizations/test/override_test.dart:19:9 • undefined_named_parameter
  error • The named parameter 'yearMonthFormat' isn't defined • flutter/packages/flutter_localizations/test/override_test.dart:20:9 • undefined_named_parameter
  error • The named parameter 'shortMonthDayFormat' isn't defined • flutter/packages/flutter_localizations/test/override_test.dart:21:9 • undefined_named_parameter
  error • The named parameter 'decimalFormat' isn't defined • flutter/packages/flutter_localizations/test/override_test.dart:22:9 • undefined_named_parameter
  error • The named parameter 'twoDigitZeroPaddedFormat' isn't defined • flutter/packages/flutter_localizations/test/override_test.dart:23:9 • undefined_named_parameter
   info • Unreachable member 'backButtonTooltip' in an executable library • flutter/packages/flutter_localizations/test/override_test.dart:27:16 • unreachable_from_main
warning • The field doesn't override an inherited getter or setter • flutter/packages/flutter_localizations/test/override_test.dart:27:16 • override_on_non_overriding_member
  error • 'FooMaterialLocalizationsDelegate.load' ('Future<FooMaterialLocalizations> Function(Locale)') isn't a valid override of 'LocalizationsDelegate.load' ('Future<MaterialLocalizations> Function(Locale)') • flutter/packages/flutter_localizations/test/override_test.dart:45:36 • invalid_override
  error • Undefined name 'GlobalMaterialLocalizations' • flutter/packages/flutter_localizations/test/override_test.dart:57:56 • undefined_identifier
  error • Undefined name 'GlobalCupertinoLocalizations' • flutter/packages/flutter_localizations/test/override_test.dart:177:11 • undefined_identifier
  error • Undefined name 'GlobalCupertinoLocalizations' • flutter/packages/flutter_localizations/test/override_test.dart:208:11 • undefined_identifier
  error • Undefined name 'GlobalCupertinoLocalizations' • flutter/packages/flutter_localizations/test/override_test.dart:237:11 • undefined_identifier
  error • Target of URI doesn't exist: 'package:flutter_localizations/flutter_localizations.dart' • flutter/packages/flutter_localizations/test/text_test.dart:6:8 • uri_does_not_exist
  error • Undefined name 'GlobalMaterialLocalizations' • flutter/packages/flutter_localizations/test/text_test.dart:26:33 • undefined_identifier
  error • Undefined name 'GlobalMaterialLocalizations' • flutter/packages/flutter_localizations/test/text_test.dart:90:33 • undefined_identifier
  error • Undefined name 'GlobalMaterialLocalizations' • flutter/packages/flutter_localizations/test/text_test.dart:155:33 • undefined_identifier
  error • Undefined name 'GlobalMaterialLocalizations' • flutter/packages/flutter_localizations/test/text_test.dart:219:33 • undefined_identifier
  error • Target of URI doesn't exist: 'package:flutter_localizations/flutter_localizations.dart' • flutter/packages/flutter_localizations/test/widgets/translations_test.dart:6:8 • uri_does_not_exist
  error • Undefined name 'kWidgetsSupportedLanguages' • flutter/packages/flutter_localizations/test/widgets/translations_test.dart:10:33 • undefined_identifier
  error • Undefined name 'GlobalWidgetsLocalizations' • flutter/packages/flutter_localizations/test/widgets/translations_test.dart:14:14 • undefined_identifier
  error • Undefined name 'GlobalWidgetsLocalizations' • flutter/packages/flutter_localizations/test/widgets/translations_test.dart:16:56 • undefined_identifier
  error • Target of URI doesn't exist: 'package:flutter_localizations/flutter_localizations.dart' • flutter/packages/flutter_localizations/test/widgets_test.dart:7:8 • uri_does_not_exist
  error • The name '_' is already defined • flutter/packages/flutter_localizations/test/widgets_test.dart:159:84 • duplicate_definition
  error • The values in a const list literal must be constants • flutter/packages/flutter_localizations/test/widgets_test.dart:482:59 • non_constant_list_element
  error • Undefined name 'GlobalWidgetsLocalizations' • flutter/packages/flutter_localizations/test/widgets_test.dart:482:59 • undefined_identifier
  error • The values in a const list literal must be constants • flutter/packages/flutter_localizations/test/widgets_test.dart:560:59 • non_constant_list_element
  error • Undefined name 'GlobalWidgetsLocalizations' • flutter/packages/flutter_localizations/test/widgets_test.dart:560:59 • undefined_identifier
warning • Target of URI doesn't exist: 'package:flutter_driver/flutter_driver.dart' • flutter/packages/flutter_test/lib/src/controller.dart:8:16 • uri_does_not_exist_in_doc_import
warning • Target of URI doesn't exist: 'package:flutter_driver/flutter_driver.dart' • flutter/packages/flutter_test/lib/src/frame_timing_summarizer.dart:5:16 • uri_does_not_exist_in_doc_import
warning • The include file 'package:flutter_lints/flutter.yaml' in '/workspaces/TheHittersLedger/flutter/packages/flutter_tools/test/widget_preview_scaffold.shard/widget_preview_scaffold/analysis_options.yaml' can't be found when analyzing '/workspaces/TheHittersLedger/flutter/packages/flutter_tools' • flutter/packages/flutter_tools/test/widget_preview_scaffold.shard/widget_preview_scaffold/analysis_options.yaml:10:10 • include_file_not_found
  error • Target of URI doesn't exist: 'package:flutter/material.dart' • flutter/packages/flutter_tools/test/widget_preview_scaffold.shard/widget_preview_scaffold/lib/src/controls.dart:5:8 • uri_does_not_exist
  error • Classes can only extend other classes • flutter/packages/flutter_tools/test/widget_preview_scaffold.shard/widget_preview_scaffold/lib/src/controls.dart:11:28 • extends_non_class
  error • No associated named super constructor parameter • flutter/packages/flutter_tools/test/widget_preview_scaffold.shard/widget_preview_scaffold/lib/src/controls.dart:14:11 • super_formal_parameter_without_associated_named
  error • Undefined class 'TransformationController' • flutter/packages/flutter_tools/test/widget_preview_scaffold.shard/widget_preview_scaffold/lib/src/controls.dart:15:14 • undefined_class
  error • Undefined class 'TransformationController' • flutter/packages/flutter_tools/test/widget_preview_scaffold.shard/widget_preview_scaffold/lib/src/controls.dart:18:9 • undefined_class
  error • Undefined class 'Widget' • flutter/packages/flutter_tools/test/widget_preview_scaffold.shard/widget_preview_scaffold/lib/src/controls.dart:21:3 • undefined_class
warning • The method doesn't override an inherited method • flutter/packages/flutter_tools/test/widget_preview_scaffold.shard/widget_preview_scaffold/lib/src/controls.dart:21:10 • override_on_non_overriding_member
  error • Undefined class 'BuildContext' • flutter/packages/flutter_tools/test/widget_preview_scaffold.shard/widget_preview_scaffold/lib/src/controls.dart:21:16 • undefined_class
  error • Const variables must be initialized with a constant value • flutter/packages/flutter_tools/test/widget_preview_scaffold.shard/widget_preview_scaffold/lib/src/controls.dart:22:23 • const_initialized_with_non_constant_value
  error • Undefined name 'Colors' • flutter/packages/flutter_tools/test/widget_preview_scaffold.shard/widget_preview_scaffold/lib/src/controls.dart:22:23 • undefined_identifier
  error • The method 'Row' isn't defined for the type 'ZoomControls' • flutter/packages/flutter_tools/test/widget_preview_scaffold.shard/widget_preview_scaffold/lib/src/controls.dart:24:14 • undefined_method
  error • Undefined name 'MainAxisSize' • flutter/packages/flutter_tools/test/widget_preview_scaffold.shard/widget_preview_scaffold/lib/src/controls.dart:25:23 • undefined_identifier
  error • The method 'IconButton' isn't defined for the type 'ZoomControls' • flutter/packages/flutter_tools/test/widget_preview_scaffold.shard/widget_preview_scaffold/lib/src/controls.dart:27:11 • undefined_method
  error • The method 'Icon' isn't defined for the type 'ZoomControls' • flutter/packages/flutter_tools/test/widget_preview_scaffold.shard/widget_preview_scaffold/lib/src/controls.dart:30:19 • undefined_method
  error • Undefined name 'Icons' • flutter/packages/flutter_tools/test/widget_preview_scaffold.shard/widget_preview_scaffold/lib/src/controls.dart:30:24 • undefined_identifier
  error • The method 'IconButton' isn't defined for the type 'ZoomControls' • flutter/packages/flutter_tools/test/widget_preview_scaffold.shard/widget_preview_scaffold/lib/src/controls.dart:33:11 • undefined_method
  error • The method 'Icon' isn't defined for the type 'ZoomControls' • flutter/packages/flutter_tools/test/widget_preview_scaffold.shard/widget_preview_scaffold/lib/src/controls.dart:36:19 • undefined_method
  error • Undefined name 'Icons' • flutter/packages/flutter_tools/test/widget_preview_scaffold.shard/widget_preview_scaffold/lib/src/controls.dart:36:24 • undefined_identifier
  error • The method 'IconButton' isn't defined for the type 'ZoomControls' • flutter/packages/flutter_tools/test/widget_preview_scaffold.shard/widget_preview_scaffold/lib/src/controls.dart:39:11 • undefined_method
  error • The method 'Icon' isn't defined for the type 'ZoomControls' • flutter/packages/flutter_tools/test/widget_preview_scaffold.shard/widget_preview_scaffold/lib/src/controls.dart:42:19 • undefined_method
  error • Undefined name 'Icons' • flutter/packages/flutter_tools/test/widget_preview_scaffold.shard/widget_preview_scaffold/lib/src/controls.dart:42:24 • undefined_identifier
  error • Undefined name 'Matrix4' • flutter/packages/flutter_tools/test/widget_preview_scaffold.shard/widget_preview_scaffold/lib/src/controls.dart:51:39 • undefined_identifier
  error • Undefined class 'Matrix4' • flutter/packages/flutter_tools/test/widget_preview_scaffold.shard/widget_preview_scaffold/lib/src/controls.dart:57:11 • undefined_class
  error • Undefined name 'Matrix4' • flutter/packages/flutter_tools/test/widget_preview_scaffold.shard/widget_preview_scaffold/lib/src/controls.dart:57:29 • undefined_identifier
  error • Undefined name 'Matrix4' • flutter/packages/flutter_tools/test/widget_preview_scaffold.shard/widget_preview_scaffold/lib/src/controls.dart:71:39 • undefined_identifier
  error • Classes can only extend other classes • flutter/packages/flutter_tools/test/widget_preview_scaffold.shard/widget_preview_scaffold/lib/src/controls.dart:75:33 • extends_non_class
  error • Undefined class 'Widget' • flutter/packages/flutter_tools/test/widget_preview_scaffold.shard/widget_preview_scaffold/lib/src/controls.dart:78:9 • undefined_class
  error • Undefined class 'Widget' • flutter/packages/flutter_tools/test/widget_preview_scaffold.shard/widget_preview_scaffold/lib/src/controls.dart:81:3 • undefined_class
warning • The method doesn't override an inherited method • flutter/packages/flutter_tools/test/widget_preview_scaffold.shard/widget_preview_scaffold/lib/src/controls.dart:81:10 • override_on_non_overriding_member
  error • Undefined class 'BuildContext' • flutter/packages/flutter_tools/test/widget_preview_scaffold.shard/widget_preview_scaffold/lib/src/controls.dart:81:16 • undefined_class
  error • The method 'Container' isn't defined for the type '_ControlDecorator' • flutter/packages/flutter_tools/test/widget_preview_scaffold.shard/widget_preview_scaffold/lib/src/controls.dart:82:12 • undefined_method
  error • Undefined name 'EdgeInsets' • flutter/packages/flutter_tools/test/widget_preview_scaffold.shard/widget_preview_scaffold/lib/src/controls.dart:83:16 • undefined_identifier
  error • The method 'BoxDecoration' isn't defined for the type '_ControlDecorator' • flutter/packages/flutter_tools/test/widget_preview_scaffold.shard/widget_preview_scaffold/lib/src/controls.dart:84:19 • undefined_method
  error • Undefined name 'Colors' • flutter/packages/flutter_tools/test/widget_preview_scaffold.shard/widget_preview_scaffold/lib/src/controls.dart:85:16 • undefined_identifier
  error • Classes can only extend other classes • flutter/packages/flutter_tools/test/widget_preview_scaffold.shard/widget_preview_scaffold/lib/src/controls.dart:94:34 • extends_non_class
  error • No associated named super constructor parameter • flutter/packages/flutter_tools/test/widget_preview_scaffold.shard/widget_preview_scaffold/lib/src/controls.dart:95:35 • super_formal_parameter_without_associated_named
  error • Undefined class 'Widget' • flutter/packages/flutter_tools/test/widget_preview_scaffold.shard/widget_preview_scaffold/lib/src/controls.dart:100:3 • undefined_class
warning • The method doesn't override an inherited method • flutter/packages/flutter_tools/test/widget_preview_scaffold.shard/widget_preview_scaffold/lib/src/controls.dart:100:10 • override_on_non_overriding_member
  error • Undefined class 'BuildContext' • flutter/packages/flutter_tools/test/widget_preview_scaffold.shard/widget_preview_scaffold/lib/src/controls.dart:100:16 • undefined_class
  error • Undefined name 'Theme' • flutter/packages/flutter_tools/test/widget_preview_scaffold.shard/widget_preview_scaffold/lib/src/controls.dart:101:19 • undefined_identifier
  error • The method 'ValueListenableBuilder' isn't defined for the type 'LayoutTypeSelector' • flutter/packages/flutter_tools/test/widget_preview_scaffold.shard/widget_preview_scaffold/lib/src/controls.dart:103:14 • undefined_method
  error • The method 'Row' isn't defined for the type 'LayoutTypeSelector' • flutter/packages/flutter_tools/test/widget_preview_scaffold.shard/widget_preview_scaffold/lib/src/controls.dart:106:18 • undefined_method
  error • The method 'IconButton' isn't defined for the type 'LayoutTypeSelector' • flutter/packages/flutter_tools/test/widget_preview_scaffold.shard/widget_preview_scaffold/lib/src/controls.dart:108:15 • undefined_method
  error • Undefined name 'VisualDensity' • flutter/packages/flutter_tools/test/widget_preview_scaffold.shard/widget_preview_scaffold/lib/src/controls.dart:110:32 • undefined_identifier
  error • The method 'Icon' isn't defined for the type 'LayoutTypeSelector' • flutter/packages/flutter_tools/test/widget_preview_scaffold.shard/widget_preview_scaffold/lib/src/controls.dart:112:23 • undefined_method
  error • Undefined name 'Icons' • flutter/packages/flutter_tools/test/widget_preview_scaffold.shard/widget_preview_scaffold/lib/src/controls.dart:112:28 • undefined_identifier
  error • Undefined name 'Colors' • flutter/packages/flutter_tools/test/widget_preview_scaffold.shard/widget_preview_scaffold/lib/src/controls.dart:114:23 • undefined_identifier
  error • Undefined name 'Colors' • flutter/packages/flutter_tools/test/widget_preview_scaffold.shard/widget_preview_scaffold/lib/src/controls.dart:115:23 • undefined_identifier
  error • The method 'IconButton' isn't defined for the type 'LayoutTypeSelector' • flutter/packages/flutter_tools/test/widget_preview_scaffold.shard/widget_preview_scaffold/lib/src/controls.dart:117:15 • undefined_method
  error • Undefined name 'VisualDensity' • flutter/packages/flutter_tools/test/widget_preview_scaffold.shard/widget_preview_scaffold/lib/src/controls.dart:119:32 • undefined_identifier
  error • The method 'Icon' isn't defined for the type 'LayoutTypeSelector' • flutter/packages/flutter_tools/test/widget_preview_scaffold.shard/widget_preview_scaffold/lib/src/controls.dart:120:23 • undefined_method
  error • Undefined name 'Icons' • flutter/packages/flutter_tools/test/widget_preview_scaffold.shard/widget_preview_scaffold/lib/src/controls.dart:120:28 • undefined_identifier
  error • Undefined name 'Colors' • flutter/packages/flutter_tools/test/widget_preview_scaffold.shard/widget_preview_scaffold/lib/src/controls.dart:122:23 • undefined_identifier
  error • Undefined name 'Colors' • flutter/packages/flutter_tools/test/widget_preview_scaffold.shard/widget_preview_scaffold/lib/src/controls.dart:123:23 • undefined_identifier
  error • Classes can only extend other classes • flutter/packages/flutter_tools/test/widget_preview_scaffold.shard/widget_preview_scaffold/lib/src/controls.dart:137:42 • extends_non_class
  error • No associated named super constructor parameter • flutter/packages/flutter_tools/test/widget_preview_scaffold.shard/widget_preview_scaffold/lib/src/controls.dart:138:43 • super_formal_parameter_without_associated_named
  error • Undefined name 'visibleForTesting' used as an annotation • flutter/packages/flutter_tools/test/widget_preview_scaffold.shard/widget_preview_scaffold/lib/src/controls.dart:140:3 • undefined_annotation
  error • Undefined class 'Widget' • flutter/packages/flutter_tools/test/widget_preview_scaffold.shard/widget_preview_scaffold/lib/src/controls.dart:146:3 • undefined_class
warning • The method doesn't override an inherited method • flutter/packages/flutter_tools/test/widget_preview_scaffold.shard/widget_preview_scaffold/lib/src/controls.dart:146:10 • override_on_non_overriding_member
  error • Undefined class 'BuildContext' • flutter/packages/flutter_tools/test/widget_preview_scaffold.shard/widget_preview_scaffold/lib/src/controls.dart:146:16 • undefined_class
  error • The method 'ValueListenableBuilder' isn't defined for the type 'FilterBySelectedFileToggle' • flutter/packages/flutter_tools/test/widget_preview_scaffold.shard/widget_preview_scaffold/lib/src/controls.dart:147:12 • undefined_method
  error • The method 'Container' isn't defined for the type 'FilterBySelectedFileToggle' • flutter/packages/flutter_tools/test/widget_preview_scaffold.shard/widget_preview_scaffold/lib/src/controls.dart:151:18 • undefined_method
  error • The method 'ValueListenableBuilder' isn't defined for the type 'FilterBySelectedFileToggle' • flutter/packages/flutter_tools/test/widget_preview_scaffold.shard/widget_preview_scaffold/lib/src/controls.dart:154:18 • undefined_method
  error • The method 'IconButton' isn't defined for the type 'FilterBySelectedFileToggle' • flutter/packages/flutter_tools/test/widget_preview_scaffold.shard/widget_preview_scaffold/lib/src/controls.dart:157:22 • undefined_method
  error • The method 'Icon' isn't defined for the type 'FilterBySelectedFileToggle' • flutter/packages/flutter_tools/test/widget_preview_scaffold.shard/widget_preview_scaffold/lib/src/controls.dart:159:23 • undefined_method
  error • Undefined name 'Icons' • flutter/packages/flutter_tools/test/widget_preview_scaffold.shard/widget_preview_scaffold/lib/src/controls.dart:159:28 • undefined_identifier
  error • Undefined name 'Colors' • flutter/packages/flutter_tools/test/widget_preview_scaffold.shard/widget_preview_scaffold/lib/src/controls.dart:160:32 • undefined_identifier
  error • Undefined name 'Colors' • flutter/packages/flutter_tools/test/widget_preview_scaffold.shard/widget_preview_scaffold/lib/src/controls.dart:160:46 • undefined_identifier
  error • Classes can only extend other classes • flutter/packages/flutter_tools/test/widget_preview_scaffold.shard/widget_preview_scaffold/lib/src/controls.dart:176:33 • extends_non_class
  error • No associated named super constructor parameter • flutter/packages/flutter_tools/test/widget_preview_scaffold.shard/widget_preview_scaffold/lib/src/controls.dart:177:34 • super_formal_parameter_without_associated_named
  error • Undefined class 'ValueNotifier' • flutter/packages/flutter_tools/test/widget_preview_scaffold.shard/widget_preview_scaffold/lib/src/controls.dart:179:9 • undefined_class
  error • Undefined class 'Widget' • flutter/packages/flutter_tools/test/widget_preview_scaffold.shard/widget_preview_scaffold/lib/src/controls.dart:182:3 • undefined_class
warning • The method doesn't override an inherited method • flutter/packages/flutter_tools/test/widget_preview_scaffold.shard/widget_preview_scaffold/lib/src/controls.dart:182:10 • override_on_non_overriding_member
  error • Undefined class 'BuildContext' • flutter/packages/flutter_tools/test/widget_preview_scaffold.shard/widget_preview_scaffold/lib/src/controls.dart:182:16 • undefined_class
  error • The method 'IconButton' isn't defined for the type 'SoftRestartButton' • flutter/packages/flutter_tools/test/widget_preview_scaffold.shard/widget_preview_scaffold/lib/src/controls.dart:184:14 • undefined_method
  error • The method 'Icon' isn't defined for the type 'SoftRestartButton' • flutter/packages/flutter_tools/test/widget_preview_scaffold.shard/widget_preview_scaffold/lib/src/controls.dart:187:15 • undefined_method
  error • Undefined name 'Icons' • flutter/packages/flutter_tools/test/widget_preview_scaffold.shard/widget_preview_scaffold/lib/src/controls.dart:187:20 • undefined_identifier
  error • Undefined name 'Colors' • flutter/packages/flutter_tools/test/widget_preview_scaffold.shard/widget_preview_scaffold/lib/src/controls.dart:188:16 • undefined_identifier
  error • Classes can only extend other classes • flutter/packages/flutter_tools/test/widget_preview_scaffold.shard/widget_preview_scaffold/lib/src/controls.dart:200:44 • extends_non_class
  error • No associated named super constructor parameter • flutter/packages/flutter_tools/test/widget_preview_scaffold.shard/widget_preview_scaffold/lib/src/controls.dart:201:45 • super_formal_parameter_without_associated_named
  error • Undefined class 'Widget' • flutter/packages/flutter_tools/test/widget_preview_scaffold.shard/widget_preview_scaffold/lib/src/controls.dart:206:3 • undefined_class
warning • The method doesn't override an inherited method • flutter/packages/flutter_tools/test/widget_preview_scaffold.shard/widget_preview_scaffold/lib/src/controls.dart:206:10 • override_on_non_overriding_member
  error • Undefined class 'BuildContext' • flutter/packages/flutter_tools/test/widget_preview_scaffold.shard/widget_preview_scaffold/lib/src/controls.dart:206:16 • undefined_class
  error • The method 'IconButton' isn't defined for the type 'WidgetPreviewerRestartButton' • flutter/packages/flutter_tools/test/widget_preview_scaffold.shard/widget_preview_scaffold/lib/src/controls.dart:208:14 • undefined_method
  error • The method 'Icon' isn't defined for the type 'WidgetPreviewerRestartButton' • flutter/packages/flutter_tools/test/widget_preview_scaffold.shard/widget_preview_scaffold/lib/src/controls.dart:211:15 • undefined_method
  error • Undefined name 'Icons' • flutter/packages/flutter_tools/test/widget_preview_scaffold.shard/widget_preview_scaffold/lib/src/controls.dart:211:20 • undefined_identifier
  error • Undefined name 'Colors' • flutter/packages/flutter_tools/test/widget_preview_scaffold.shard/widget_preview_scaffold/lib/src/controls.dart:212:16 • undefined_identifier
  error • Undefined class 'Brightness' • flutter/packages/flutter_tools/test/widget_preview_scaffold.shard/widget_preview_scaffold/lib/src/controls.dart:218:14 • undefined_class
  error • Undefined class 'Brightness' • flutter/packages/flutter_tools/test/widget_preview_scaffold.shard/widget_preview_scaffold/lib/src/controls.dart:219:3 • undefined_class
warning • The declaration 'invert' isn't referenced • flutter/packages/flutter_tools/test/widget_preview_scaffold.shard/widget_preview_scaffold/lib/src/controls.dart:219:18 • unused_element
  error • Undefined name 'Brightness' • flutter/packages/flutter_tools/test/widget_preview_scaffold.shard/widget_preview_scaffold/lib/src/controls.dart:219:38 • undefined_identifier
  error • Undefined name 'Brightness' • flutter/packages/flutter_tools/test/widget_preview_scaffold.shard/widget_preview_scaffold/lib/src/controls.dart:219:56 • undefined_identifier
  error • Undefined name 'Brightness' • flutter/packages/flutter_tools/test/widget_preview_scaffold.shard/widget_preview_scaffold/lib/src/controls.dart:220:31 • undefined_identifier
  error • Classes can only extend other classes • flutter/packages/flutter_tools/test/widget_preview_scaffold.shard/widget_preview_scaffold/lib/src/controls.dart:224:38 • extends_non_class
  error • No associated named super constructor parameter • flutter/packages/flutter_tools/test/widget_preview_scaffold.shard/widget_preview_scaffold/lib/src/controls.dart:225:39 • super_formal_parameter_without_associated_named
  error • Undefined class 'ValueNotifier' • flutter/packages/flutter_tools/test/widget_preview_scaffold.shard/widget_preview_scaffold/lib/src/controls.dart:227:9 • undefined_class
  error • The name 'Brightness' isn't a type, so it can't be used as a type argument • flutter/packages/flutter_tools/test/widget_preview_scaffold.shard/widget_preview_scaffold/lib/src/controls.dart:227:23 • non_type_as_type_argument
  error • Undefined class 'Widget' • flutter/packages/flutter_tools/test/widget_preview_scaffold.shard/widget_preview_scaffold/lib/src/controls.dart:230:3 • undefined_class
warning • The method doesn't override an inherited method • flutter/packages/flutter_tools/test/widget_preview_scaffold.shard/widget_preview_scaffold/lib/src/controls.dart:230:10 • override_on_non_overriding_member
  error • Undefined class 'BuildContext' • flutter/packages/flutter_tools/test/widget_preview_scaffold.shard/widget_preview_scaffold/lib/src/controls.dart:230:16 • undefined_class
  error • The method 'ValueListenableBuilder' isn't defined for the type 'BrightnessToggleButton' • flutter/packages/flutter_tools/test/widget_preview_scaffold.shard/widget_preview_scaffold/lib/src/controls.dart:231:12 • undefined_method
  error • The name 'Brightness' isn't a type, so it can't be used as a type argument • flutter/packages/flutter_tools/test/widget_preview_scaffold.shard/widget_preview_scaffold/lib/src/controls.dart:231:35 • non_type_as_type_argument
  error • The method 'IconButton' isn't defined for the type 'BrightnessToggleButton' • flutter/packages/flutter_tools/test/widget_preview_scaffold.shard/widget_preview_scaffold/lib/src/controls.dart:236:18 • undefined_method
  error • The method 'Icon' isn't defined for the type 'BrightnessToggleButton' • flutter/packages/flutter_tools/test/widget_preview_scaffold.shard/widget_preview_scaffold/lib/src/controls.dart:239:19 • undefined_method
  error • Undefined name 'Icons' • flutter/packages/flutter_tools/test/widget_preview_scaffold.shard/widget_preview_scaffold/lib/src/controls.dart:239:45 • undefined_identifier
  error • Undefined name 'Icons' • flutter/packages/flutter_tools/test/widget_preview_scaffold.shard/widget_preview_scaffold/lib/src/controls.dart:239:63 • undefined_identifier
  error • Undefined name 'Colors' • flutter/packages/flutter_tools/test/widget_preview_scaffold.shard/widget_preview_scaffold/lib/src/controls.dart:240:20 • undefined_identifier
  error • Target of URI doesn't exist: 'package:widget_preview_scaffold/src/dtd/dtd_connection_info.dart' • flutter/packages/flutter_tools/test/widget_preview_scaffold.shard/widget_preview_scaffold/lib/src/dtd/dtd_services.dart:9:8 • uri_does_not_exist
  error • Target of URI doesn't exist: 'package:widget_preview_scaffold/src/dtd/editor_service.dart' • flutter/packages/flutter_tools/test/widget_preview_scaffold.shard/widget_preview_scaffold/lib/src/dtd/dtd_services.dart:10:8 • uri_does_not_exist
  error • Target of URI doesn't exist: 'package:widget_preview_scaffold/src/dtd/utils.dart' • flutter/packages/flutter_tools/test/widget_preview_scaffold.shard/widget_preview_scaffold/lib/src/dtd/dtd_services.dart:11:8 • uri_does_not_exist
  error • Classes can only mix in mixins and classes • flutter/packages/flutter_tools/test/widget_preview_scaffold.shard/widget_preview_scaffold/lib/src/dtd/dtd_services.dart:14:45 • mixin_of_non_class
  error • Undefined name 'kWidgetPreviewDtdUri' • flutter/packages/flutter_tools/test/widget_preview_scaffold.shard/widget_preview_scaffold/lib/src/dtd/dtd_services.dart:38:46 • undefined_identifier
  error • The method 'initializeEditorService' isn't defined for the type 'WidgetPreviewScaffoldDtdServices' • flutter/packages/flutter_tools/test/widget_preview_scaffold.shard/widget_preview_scaffold/lib/src/dtd/dtd_services.dart:48:11 • undefined_method
warning • The method doesn't override an inherited method • flutter/packages/flutter_tools/test/widget_preview_scaffold.shard/widget_preview_scaffold/lib/src/dtd/dtd_services.dart:53:16 • override_on_non_overriding_member
  error • The method 'dispose' isn't defined in a superclass of 'WidgetPreviewScaffoldDtdServices' • flutter/packages/flutter_tools/test/widget_preview_scaffold.shard/widget_preview_scaffold/lib/src/dtd/dtd_services.dart:54:11 • undefined_super_member
  error • The method 'safeCall' isn't defined for the type 'DartToolingDaemon' • flutter/packages/flutter_tools/test/widget_preview_scaffold.shard/widget_preview_scaffold/lib/src/dtd/dtd_services.dart:61:13 • undefined_method
warning • The field doesn't override an inherited getter or setter • flutter/packages/flutter_tools/test/widget_preview_scaffold.shard/widget_preview_scaffold/lib/src/dtd/dtd_services.dart:121:32 • override_on_non_overriding_member
  error • Target of URI doesn't exist: 'package:flutter/foundation.dart' • flutter/packages/flutter_tools/test/widget_preview_scaffold.shard/widget_preview_scaffold/lib/src/dtd/editor_service.dart:8:8 • uri_does_not_exist
  error • Target of URI doesn't exist: 'package:widget_preview_scaffold/src/dtd/dtd_services.dart' • flutter/packages/flutter_tools/test/widget_preview_scaffold.shard/widget_preview_scaffold/lib/src/dtd/editor_service.dart:9:8 • uri_does_not_exist
  error • Target of URI doesn't exist: 'package:widget_preview_scaffold/src/dtd/utils.dart' • flutter/packages/flutter_tools/test/widget_preview_scaffold.shard/widget_preview_scaffold/lib/src/dtd/editor_service.dart:10:8 • uri_does_not_exist
  error • Undefined class 'ValueListenable' • flutter/packages/flutter_tools/test/widget_preview_scaffold.shard/widget_preview_scaffold/lib/src/dtd/editor_service.dart:37:3 • undefined_class
  error • The method 'ValueNotifier' isn't defined for the type 'DtdEditorService' • flutter/packages/flutter_tools/test/widget_preview_scaffold.shard/widget_preview_scaffold/lib/src/dtd/editor_service.dart:38:42 • undefined_method
  error • Undefined class 'ValueListenable' • flutter/packages/flutter_tools/test/widget_preview_scaffold.shard/widget_preview_scaffold/lib/src/dtd/editor_service.dart:41:3 • undefined_class
  error • The method 'ValueNotifier' isn't defined for the type 'DtdEditorService' • flutter/packages/flutter_tools/test/widget_preview_scaffold.shard/widget_preview_scaffold/lib/src/dtd/editor_service.dart:42:38 • undefined_method
  error • Undefined class 'ValueListenable' • flutter/packages/flutter_tools/test/widget_preview_scaffold.shard/widget_preview_scaffold/lib/src/dtd/editor_service.dart:45:3 • undefined_class
  error • The method 'ValueNotifier' isn't defined for the type 'DtdEditorService' • flutter/packages/flutter_tools/test/widget_preview_scaffold.shard/widget_preview_scaffold/lib/src/dtd/editor_service.dart:46:31 • undefined_method
  error • Undefined class 'WidgetPreviewScaffoldDtdServices' • flutter/packages/flutter_tools/test/widget_preview_scaffold.shard/widget_preview_scaffold/lib/src/dtd/editor_service.dart:50:5 • undefined_class
  error • The method 'safeStreamListen' isn't defined for the type 'DartToolingDaemon' • flutter/packages/flutter_tools/test/widget_preview_scaffold.shard/widget_preview_scaffold/lib/src/dtd/editor_service.dart:68:15 • undefined_method
  error • The method 'safeStreamListen' isn't defined for the type 'DartToolingDaemon' • flutter/packages/flutter_tools/test/widget_preview_scaffold.shard/widget_preview_scaffold/lib/src/dtd/editor_service.dart:94:15 • undefined_method
  error • Undefined name 'mustCallSuper' used as an annotation • flutter/packages/flutter_tools/test/widget_preview_scaffold.shard/widget_preview_scaffold/lib/src/dtd/editor_service.dart:97:3 • undefined_annotation
  error • The method 'safeCall' isn't defined for the type 'DartToolingDaemon' • flutter/packages/flutter_tools/test/widget_preview_scaffold.shard/widget_preview_scaffold/lib/src/dtd/editor_service.dart:105:32 • undefined_method
  error • The method 'safeCall' isn't defined for the type 'DartToolingDaemon' • flutter/packages/flutter_tools/test/widget_preview_scaffold.shard/widget_preview_scaffold/lib/src/dtd/editor_service.dart:117:15 • undefined_method
  error • Target of URI doesn't exist: 'dart:ui' • flutter/packages/flutter_tools/test/widget_preview_scaffold.shard/widget_preview_scaffold/lib/src/theme/_ide_theme_web.dart:7:8 • uri_does_not_exist
  error • Undefined class 'Color' • flutter/packages/flutter_tools/test/widget_preview_scaffold.shard/widget_preview_scaffold/lib/src/theme/_ide_theme_web.dart:36:22 • undefined_class
  error • Target of URI doesn't exist: 'package:flutter/widgets.dart' • flutter/packages/flutter_tools/test/widget_preview_scaffold.shard/widget_preview_scaffold/lib/src/theme/ide_theme.dart:7:8 • uri_does_not_exist
  error • Undefined class 'Color' • flutter/packages/flutter_tools/test/widget_preview_scaffold.shard/widget_preview_scaffold/lib/src/theme/ide_theme.dart:20:9 • undefined_class
  error • Undefined class 'Color' • flutter/packages/flutter_tools/test/widget_preview_scaffold.shard/widget_preview_scaffold/lib/src/theme/ide_theme.dart:21:9 • undefined_class
  error • Undefined class 'Color' • flutter/packages/flutter_tools/test/widget_preview_scaffold.shard/widget_preview_scaffold/lib/src/theme/ide_theme.dart:35:3 • undefined_class
  error • Undefined class 'Color' • flutter/packages/flutter_tools/test/widget_preview_scaffold.shard/widget_preview_scaffold/lib/src/theme/ide_theme.dart:37:3 • undefined_class
  error • Target of URI doesn't exist: 'package:flutter/material.dart' • flutter/packages/flutter_tools/test/widget_preview_scaffold.shard/widget_preview_scaffold/lib/src/theme/theme.dart:7:8 • uri_does_not_exist
  error • Target of URI doesn't exist: 'package:google_fonts/google_fonts.dart' • flutter/packages/flutter_tools/test/widget_preview_scaffold.shard/widget_preview_scaffold/lib/src/theme/theme.dart:8:8 • uri_does_not_exist
  error • Target of URI doesn't exist: 'package:widget_preview_scaffold/src/utils/color_utils.dart' • flutter/packages/flutter_tools/test/widget_preview_scaffold.shard/widget_preview_scaffold/lib/src/theme/theme.dart:9:8 • uri_does_not_exist
  error • Undefined class 'ThemeData' • flutter/packages/flutter_tools/test/widget_preview_scaffold.shard/widget_preview_scaffold/lib/src/theme/theme.dart:22:1 • undefined_class
  error • Undefined class 'ThemeData' • flutter/packages/flutter_tools/test/widget_preview_scaffold.shard/widget_preview_scaffold/lib/src/theme/theme.dart:25:12 • undefined_class
  error • Undefined class 'ThemeData' • flutter/packages/flutter_tools/test/widget_preview_scaffold.shard/widget_preview_scaffold/lib/src/theme/theme.dart:37:1 • undefined_class
  error • Undefined class 'ThemeData' • flutter/packages/flutter_tools/test/widget_preview_scaffold.shard/widget_preview_scaffold/lib/src/theme/theme.dart:37:60 • undefined_class
  error • Undefined class 'ThemeData' • flutter/packages/flutter_tools/test/widget_preview_scaffold.shard/widget_preview_scaffold/lib/src/theme/theme.dart:44:1 • undefined_class
  error • Undefined class 'ThemeData' • flutter/packages/flutter_tools/test/widget_preview_scaffold.shard/widget_preview_scaffold/lib/src/theme/theme.dart:44:61 • undefined_class
  error • Undefined class 'ThemeData' • flutter/packages/flutter_tools/test/widget_preview_scaffold.shard/widget_preview_scaffold/lib/src/theme/theme.dart:51:1 • undefined_class
  error • Undefined class 'ThemeData' • flutter/packages/flutter_tools/test/widget_preview_scaffold.shard/widget_preview_scaffold/lib/src/theme/theme.dart:52:12 • undefined_class
  error • Undefined class 'Color' • flutter/packages/flutter_tools/test/widget_preview_scaffold.shard/widget_preview_scaffold/lib/src/theme/theme.dart:53:12 • undefined_class
  error • Const variables must be initialized with a constant value • flutter/packages/flutter_tools/test/widget_preview_scaffold.shard/widget_preview_scaffold/lib/src/theme/theme.dart:57:23 • const_initialized_with_non_constant_value
  error • Undefined name 'Radius' • flutter/packages/flutter_tools/test/widget_preview_scaffold.shard/widget_preview_scaffold/lib/src/theme/theme.dart:57:23 • undefined_identifier
  error • Undefined name 'TabAlignment' • flutter/packages/flutter_tools/test/widget_preview_scaffold.shard/widget_preview_scaffold/lib/src/theme/theme.dart:60:21 • undefined_identifier
  error • Undefined name 'EdgeInsets' • flutter/packages/flutter_tools/test/widget_preview_scaffold.shard/widget_preview_scaffold/lib/src/theme/theme.dart:62:27 • undefined_identifier
  error • The function 'IconButtonThemeData' isn't defined • flutter/packages/flutter_tools/test/widget_preview_scaffold.shard/widget_preview_scaffold/lib/src/theme/theme.dart:68:22 • undefined_function
  error • Undefined name 'IconButton' • flutter/packages/flutter_tools/test/widget_preview_scaffold.shard/widget_preview_scaffold/lib/src/theme/theme.dart:69:14 • undefined_identifier
  error • Undefined name 'EdgeInsets' • flutter/packages/flutter_tools/test/widget_preview_scaffold.shard/widget_preview_scaffold/lib/src/theme/theme.dart:70:24 • undefined_identifier
  error • The name 'Size' isn't a class • flutter/packages/flutter_tools/test/widget_preview_scaffold.shard/widget_preview_scaffold/lib/src/theme/theme.dart:71:28 • creation_with_non_type
  error • The name 'Size' isn't a class • flutter/packages/flutter_tools/test/widget_preview_scaffold.shard/widget_preview_scaffold/lib/src/theme/theme.dart:72:26 • creation_with_non_type
  error • The function 'OutlinedButtonThemeData' isn't defined • flutter/packages/flutter_tools/test/widget_preview_scaffold.shard/widget_preview_scaffold/lib/src/theme/theme.dart:76:26 • undefined_function
  error • Undefined name 'OutlinedButton' • flutter/packages/flutter_tools/test/widget_preview_scaffold.shard/widget_preview_scaffold/lib/src/theme/theme.dart:77:14 • undefined_identifier
  error • The name 'Size' isn't a class • flutter/packages/flutter_tools/test/widget_preview_scaffold.shard/widget_preview_scaffold/lib/src/theme/theme.dart:78:28 • creation_with_non_type
  error • Undefined name 'Size' • flutter/packages/flutter_tools/test/widget_preview_scaffold.shard/widget_preview_scaffold/lib/src/theme/theme.dart:79:26 • undefined_identifier
  error • Undefined name 'EdgeInsets' • flutter/packages/flutter_tools/test/widget_preview_scaffold.shard/widget_preview_scaffold/lib/src/theme/theme.dart:81:24 • undefined_identifier
  error • The function 'TextButtonThemeData' isn't defined • flutter/packages/flutter_tools/test/widget_preview_scaffold.shard/widget_preview_scaffold/lib/src/theme/theme.dart:84:22 • undefined_function
  error • Undefined name 'TextButton' • flutter/packages/flutter_tools/test/widget_preview_scaffold.shard/widget_preview_scaffold/lib/src/theme/theme.dart:85:14 • undefined_identifier
  error • Undefined name 'EdgeInsets' • flutter/packages/flutter_tools/test/widget_preview_scaffold.shard/widget_preview_scaffold/lib/src/theme/theme.dart:86:24 • undefined_identifier
  error • The name 'Size' isn't a class • flutter/packages/flutter_tools/test/widget_preview_scaffold.shard/widget_preview_scaffold/lib/src/theme/theme.dart:87:28 • creation_with_non_type
  error • Undefined name 'Size' • flutter/packages/flutter_tools/test/widget_preview_scaffold.shard/widget_preview_scaffold/lib/src/theme/theme.dart:88:26 • undefined_identifier
  error • The function 'ElevatedButtonThemeData' isn't defined • flutter/packages/flutter_tools/test/widget_preview_scaffold.shard/widget_preview_scaffold/lib/src/theme/theme.dart:91:26 • undefined_function
  error • Undefined name 'ElevatedButton' • flutter/packages/flutter_tools/test/widget_preview_scaffold.shard/widget_preview_scaffold/lib/src/theme/theme.dart:92:14 • undefined_identifier
  error • The name 'Size' isn't a class • flutter/packages/flutter_tools/test/widget_preview_scaffold.shard/widget_preview_scaffold/lib/src/theme/theme.dart:93:28 • creation_with_non_type
  error • Undefined name 'Size' • flutter/packages/flutter_tools/test/widget_preview_scaffold.shard/widget_preview_scaffold/lib/src/theme/theme.dart:94:26 • undefined_identifier
  error • Undefined name 'EdgeInsets' • flutter/packages/flutter_tools/test/widget_preview_scaffold.shard/widget_preview_scaffold/lib/src/theme/theme.dart:97:24 • undefined_identifier
  error • The function 'MenuButtonThemeData' isn't defined • flutter/packages/flutter_tools/test/widget_preview_scaffold.shard/widget_preview_scaffold/lib/src/theme/theme.dart:100:22 • undefined_function
  error • The function 'ButtonStyle' isn't defined • flutter/packages/flutter_tools/test/widget_preview_scaffold.shard/widget_preview_scaffold/lib/src/theme/theme.dart:101:14 • undefined_function
  error • The function 'WidgetStatePropertyAll' isn't defined • flutter/packages/flutter_tools/test/widget_preview_scaffold.shard/widget_preview_scaffold/lib/src/theme/theme.dart:102:20 • undefined_function
  error • The name 'TextStyle' isn't a type, so it can't be used as a type argument • flutter/packages/flutter_tools/test/widget_preview_scaffold.shard/widget_preview_scaffold/lib/src/theme/theme.dart:102:43 • non_type_as_type_argument
  error • The name 'WidgetStatePropertyAll' isn't a class • flutter/packages/flutter_tools/test/widget_preview_scaffold.shard/widget_preview_scaffold/lib/src/theme/theme.dart:103:26 • creation_with_non_type
  error • The name 'Size' isn't a type, so it can't be used as a type argument • flutter/packages/flutter_tools/test/widget_preview_scaffold.shard/widget_preview_scaffold/lib/src/theme/theme.dart:103:49 • non_type_as_type_argument
  error • Undefined name 'Size' • flutter/packages/flutter_tools/test/widget_preview_scaffold.shard/widget_preview_scaffold/lib/src/theme/theme.dart:103:55 • undefined_identifier
  error • The function 'ExpansionTileThemeData' isn't defined • flutter/packages/flutter_tools/test/widget_preview_scaffold.shard/widget_preview_scaffold/lib/src/theme/theme.dart:106:25 • undefined_function
  error • The function 'RoundedRectangleBorder' isn't defined • flutter/packages/flutter_tools/test/widget_preview_scaffold.shard/widget_preview_scaffold/lib/src/theme/theme.dart:108:14 • undefined_function
  error • Undefined name 'BorderRadius' • flutter/packages/flutter_tools/test/widget_preview_scaffold.shard/widget_preview_scaffold/lib/src/theme/theme.dart:109:23 • undefined_identifier
  error • The function 'RoundedRectangleBorder' isn't defined • flutter/packages/flutter_tools/test/widget_preview_scaffold.shard/widget_preview_scaffold/lib/src/theme/theme.dart:111:23 • undefined_function
  error • Undefined name 'BorderRadius' • flutter/packages/flutter_tools/test/widget_preview_scaffold.shard/widget_preview_scaffold/lib/src/theme/theme.dart:112:23 • undefined_identifier
  error • The function 'ListTileThemeData' isn't defined • flutter/packages/flutter_tools/test/widget_preview_scaffold.shard/widget_preview_scaffold/lib/src/theme/theme.dart:115:20 • undefined_function
  error • The function 'RoundedRectangleBorder' isn't defined • flutter/packages/flutter_tools/test/widget_preview_scaffold.shard/widget_preview_scaffold/lib/src/theme/theme.dart:118:14 • undefined_function
  error • Undefined name 'BorderRadius' • flutter/packages/flutter_tools/test/widget_preview_scaffold.shard/widget_preview_scaffold/lib/src/theme/theme.dart:119:23 • undefined_identifier
  error • The function 'DropdownMenuThemeData' isn't defined • flutter/packages/flutter_tools/test/widget_preview_scaffold.shard/widget_preview_scaffold/lib/src/theme/theme.dart:122:24 • undefined_function
  error • Undefined class 'TextTheme' • flutter/packages/flutter_tools/test/widget_preview_scaffold.shard/widget_preview_scaffold/lib/src/theme/theme.dart:129:1 • undefined_class
  error • Undefined class 'ThemeData' • flutter/packages/flutter_tools/test/widget_preview_scaffold.shard/widget_preview_scaffold/lib/src/theme/theme.dart:129:30 • undefined_class
  error • Undefined class 'TextTheme' • flutter/packages/flutter_tools/test/widget_preview_scaffold.shard/widget_preview_scaffold/lib/src/theme/theme.dart:129:47 • undefined_class
  error • Undefined name 'FontWeight' • flutter/packages/flutter_tools/test/widget_preview_scaffold.shard/widget_preview_scaffold/lib/src/theme/theme.dart:136:19 • undefined_identifier
  error • Undefined name 'FontWeight' • flutter/packages/flutter_tools/test/widget_preview_scaffold.shard/widget_preview_scaffold/lib/src/theme/theme.dart:140:19 • undefined_identifier
  error • Undefined name 'FontWeight' • flutter/packages/flutter_tools/test/widget_preview_scaffold.shard/widget_preview_scaffold/lib/src/theme/theme.dart:144:19 • undefined_identifier
  error • Undefined name 'FontWeight' • flutter/packages/flutter_tools/test/widget_preview_scaffold.shard/widget_preview_scaffold/lib/src/theme/theme.dart:146:55 • undefined_identifier
  error • Undefined name 'FontWeight' • flutter/packages/flutter_tools/test/widget_preview_scaffold.shard/widget_preview_scaffold/lib/src/theme/theme.dart:147:62 • undefined_identifier
  error • Undefined name 'FontWeight' • flutter/packages/flutter_tools/test/widget_preview_scaffold.shard/widget_preview_scaffold/lib/src/theme/theme.dart:148:55 • undefined_identifier
  error • Const variables must be initialized with a constant value • flutter/packages/flutter_tools/test/widget_preview_scaffold.shard/widget_preview_scaffold/lib/src/theme/theme.dart:161:26 • const_initialized_with_non_constant_value
  error • The function 'ColorScheme' isn't defined • flutter/packages/flutter_tools/test/widget_preview_scaffold.shard/widget_preview_scaffold/lib/src/theme/theme.dart:161:26 • undefined_function
  error • Undefined name 'Brightness' • flutter/packages/flutter_tools/test/widget_preview_scaffold.shard/widget_preview_scaffold/lib/src/theme/theme.dart:162:15 • undefined_identifier
  error • The function 'Color' isn't defined • flutter/packages/flutter_tools/test/widget_preview_scaffold.shard/widget_preview_scaffold/lib/src/theme/theme.dart:163:12 • undefined_function
  error • The function 'Color' isn't defined • flutter/packages/flutter_tools/test/widget_preview_scaffold.shard/widget_preview_scaffold/lib/src/theme/theme.dart:164:14 • undefined_function
  error • The function 'Color' isn't defined • flutter/packages/flutter_tools/test/widget_preview_scaffold.shard/widget_preview_scaffold/lib/src/theme/theme.dart:165:21 • undefined_function
  error • The function 'Color' isn't defined • flutter/packages/flutter_tools/test/widget_preview_scaffold.shard/widget_preview_scaffold/lib/src/theme/theme.dart:166:23 • undefined_function
  error • The function 'Color' isn't defined • flutter/packages/flutter_tools/test/widget_preview_scaffold.shard/widget_preview_scaffold/lib/src/theme/theme.dart:167:14 • undefined_function
  error • The function 'Color' isn't defined • flutter/packages/flutter_tools/test/widget_preview_scaffold.shard/widget_preview_scaffold/lib/src/theme/theme.dart:168:16 • undefined_function
  error • The function 'Color' isn't defined • flutter/packages/flutter_tools/test/widget_preview_scaffold.shard/widget_preview_scaffold/lib/src/theme/theme.dart:169:23 • undefined_function
  error • The function 'Color' isn't defined • flutter/packages/flutter_tools/test/widget_preview_scaffold.shard/widget_preview_scaffold/lib/src/theme/theme.dart:170:25 • undefined_function
  error • The function 'Color' isn't defined • flutter/packages/flutter_tools/test/widget_preview_scaffold.shard/widget_preview_scaffold/lib/src/theme/theme.dart:171:13 • undefined_function
  error • The function 'Color' isn't defined • flutter/packages/flutter_tools/test/widget_preview_scaffold.shard/widget_preview_scaffold/lib/src/theme/theme.dart:172:15 • undefined_function
  error • The function 'Color' isn't defined • flutter/packages/flutter_tools/test/widget_preview_scaffold.shard/widget_preview_scaffold/lib/src/theme/theme.dart:173:22 • undefined_function
  error • The function 'Color' isn't defined • flutter/packages/flutter_tools/test/widget_preview_scaffold.shard/widget_preview_scaffold/lib/src/theme/theme.dart:174:24 • undefined_function
  error • The function 'Color' isn't defined • flutter/packages/flutter_tools/test/widget_preview_scaffold.shard/widget_preview_scaffold/lib/src/theme/theme.dart:175:10 • undefined_function
  error • The function 'Color' isn't defined • flutter/packages/flutter_tools/test/widget_preview_scaffold.shard/widget_preview_scaffold/lib/src/theme/theme.dart:176:19 • undefined_function
  error • The function 'Color' isn't defined • flutter/packages/flutter_tools/test/widget_preview_scaffold.shard/widget_preview_scaffold/lib/src/theme/theme.dart:177:12 • undefined_function
  error • The function 'Color' isn't defined • flutter/packages/flutter_tools/test/widget_preview_scaffold.shard/widget_preview_scaffold/lib/src/theme/theme.dart:178:21 • undefined_function
  error • The function 'Color' isn't defined • flutter/packages/flutter_tools/test/widget_preview_scaffold.shard/widget_preview_scaffold/lib/src/theme/theme.dart:179:12 • undefined_function
  error • The function 'Color' isn't defined • flutter/packages/flutter_tools/test/widget_preview_scaffold.shard/widget_preview_scaffold/lib/src/theme/theme.dart:180:14 • undefined_function
  error • The function 'Color' isn't defined • flutter/packages/flutter_tools/test/widget_preview_scaffold.shard/widget_preview_scaffold/lib/src/theme/theme.dart:181:28 • undefined_function
  error • The function 'Color' isn't defined • flutter/packages/flutter_tools/test/widget_preview_scaffold.shard/widget_preview_scaffold/lib/src/theme/theme.dart:182:21 • undefined_function
  error • The function 'Color' isn't defined • flutter/packages/flutter_tools/test/widget_preview_scaffold.shard/widget_preview_scaffold/lib/src/theme/theme.dart:183:12 • undefined_function
  error • The function 'Color' isn't defined • flutter/packages/flutter_tools/test/widget_preview_scaffold.shard/widget_preview_scaffold/lib/src/theme/theme.dart:184:21 • undefined_function
  error • The function 'Color' isn't defined • flutter/packages/flutter_tools/test/widget_preview_scaffold.shard/widget_preview_scaffold/lib/src/theme/theme.dart:185:19 • undefined_function
  error • The function 'Color' isn't defined • flutter/packages/flutter_tools/test/widget_preview_scaffold.shard/widget_preview_scaffold/lib/src/theme/theme.dart:186:19 • undefined_function
  error • The function 'Color' isn't defined • flutter/packages/flutter_tools/test/widget_preview_scaffold.shard/widget_preview_scaffold/lib/src/theme/theme.dart:187:11 • undefined_function
  error • The function 'Color' isn't defined • flutter/packages/flutter_tools/test/widget_preview_scaffold.shard/widget_preview_scaffold/lib/src/theme/theme.dart:188:16 • undefined_function
  error • The function 'Color' isn't defined • flutter/packages/flutter_tools/test/widget_preview_scaffold.shard/widget_preview_scaffold/lib/src/theme/theme.dart:189:19 • undefined_function
  error • The function 'Color' isn't defined • flutter/packages/flutter_tools/test/widget_preview_scaffold.shard/widget_preview_scaffold/lib/src/theme/theme.dart:190:10 • undefined_function
  error • Const variables must be initialized with a constant value • flutter/packages/flutter_tools/test/widget_preview_scaffold.shard/widget_preview_scaffold/lib/src/theme/theme.dart:196:25 • const_initialized_with_non_constant_value
  error • The function 'ColorScheme' isn't defined • flutter/packages/flutter_tools/test/widget_preview_scaffold.shard/widget_preview_scaffold/lib/src/theme/theme.dart:196:25 • undefined_function
  error • Undefined name 'Brightness' • flutter/packages/flutter_tools/test/widget_preview_scaffold.shard/widget_preview_scaffold/lib/src/theme/theme.dart:197:15 • undefined_identifier
  error • The function 'Color' isn't defined • flutter/packages/flutter_tools/test/widget_preview_scaffold.shard/widget_preview_scaffold/lib/src/theme/theme.dart:198:12 • undefined_function
  error • The function 'Color' isn't defined • flutter/packages/flutter_tools/test/widget_preview_scaffold.shard/widget_preview_scaffold/lib/src/theme/theme.dart:199:14 • undefined_function
  error • The function 'Color' isn't defined • flutter/packages/flutter_tools/test/widget_preview_scaffold.shard/widget_preview_scaffold/lib/src/theme/theme.dart:200:21 • undefined_function
  error • The function 'Color' isn't defined • flutter/packages/flutter_tools/test/widget_preview_scaffold.shard/widget_preview_scaffold/lib/src/theme/theme.dart:201:23 • undefined_function
  error • The function 'Color' isn't defined • flutter/packages/flutter_tools/test/widget_preview_scaffold.shard/widget_preview_scaffold/lib/src/theme/theme.dart:202:14 • undefined_function
  error • The function 'Color' isn't defined • flutter/packages/flutter_tools/test/widget_preview_scaffold.shard/widget_preview_scaffold/lib/src/theme/theme.dart:203:16 • undefined_function
  error • The function 'Color' isn't defined • flutter/packages/flutter_tools/test/widget_preview_scaffold.shard/widget_preview_scaffold/lib/src/theme/theme.dart:204:23 • undefined_function
  error • The function 'Color' isn't defined • flutter/packages/flutter_tools/test/widget_preview_scaffold.shard/widget_preview_scaffold/lib/src/theme/theme.dart:205:25 • undefined_function
  error • The function 'Color' isn't defined • flutter/packages/flutter_tools/test/widget_preview_scaffold.shard/widget_preview_scaffold/lib/src/theme/theme.dart:206:13 • undefined_function
  error • The function 'Color' isn't defined • flutter/packages/flutter_tools/test/widget_preview_scaffold.shard/widget_preview_scaffold/lib/src/theme/theme.dart:207:15 • undefined_function
  error • The function 'Color' isn't defined • flutter/packages/flutter_tools/test/widget_preview_scaffold.shard/widget_preview_scaffold/lib/src/theme/theme.dart:208:22 • undefined_function
  error • The function 'Color' isn't defined • flutter/packages/flutter_tools/test/widget_preview_scaffold.shard/widget_preview_scaffold/lib/src/theme/theme.dart:209:24 • undefined_function
  error • The function 'Color' isn't defined • flutter/packages/flutter_tools/test/widget_preview_scaffold.shard/widget_preview_scaffold/lib/src/theme/theme.dart:210:10 • undefined_function
  error • The function 'Color' isn't defined • flutter/packages/flutter_tools/test/widget_preview_scaffold.shard/widget_preview_scaffold/lib/src/theme/theme.dart:211:19 • undefined_function
  error • The function 'Color' isn't defined • flutter/packages/flutter_tools/test/widget_preview_scaffold.shard/widget_preview_scaffold/lib/src/theme/theme.dart:212:12 • undefined_function
  error • The function 'Color' isn't defined • flutter/packages/flutter_tools/test/widget_preview_scaffold.shard/widget_preview_scaffold/lib/src/theme/theme.dart:213:21 • undefined_function
  error • The function 'Color' isn't defined • flutter/packages/flutter_tools/test/widget_preview_scaffold.shard/widget_preview_scaffold/lib/src/theme/theme.dart:214:12 • undefined_function
  error • The function 'Color' isn't defined • flutter/packages/flutter_tools/test/widget_preview_scaffold.shard/widget_preview_scaffold/lib/src/theme/theme.dart:215:14 • undefined_function
  error • The function 'Color' isn't defined • flutter/packages/flutter_tools/test/widget_preview_scaffold.shard/widget_preview_scaffold/lib/src/theme/theme.dart:216:28 • undefined_function
  error • The function 'Color' isn't defined • flutter/packages/flutter_tools/test/widget_preview_scaffold.shard/widget_preview_scaffold/lib/src/theme/theme.dart:217:21 • undefined_function
  error • The function 'Color' isn't defined • flutter/packages/flutter_tools/test/widget_preview_scaffold.shard/widget_preview_scaffold/lib/src/theme/theme.dart:218:12 • undefined_function
  error • The function 'Color' isn't defined • flutter/packages/flutter_tools/test/widget_preview_scaffold.shard/widget_preview_scaffold/lib/src/theme/theme.dart:219:21 • undefined_function
  error • The function 'Color' isn't defined • flutter/packages/flutter_tools/test/widget_preview_scaffold.shard/widget_preview_scaffold/lib/src/theme/theme.dart:220:19 • undefined_function
  error • The function 'Color' isn't defined • flutter/packages/flutter_tools/test/widget_preview_scaffold.shard/widget_preview_scaffold/lib/src/theme/theme.dart:221:19 • undefined_function
  error • The function 'Color' isn't defined • flutter/packages/flutter_tools/test/widget_preview_scaffold.shard/widget_preview_scaffold/lib/src/theme/theme.dart:222:11 • undefined_function
  error • The function 'Color' isn't defined • flutter/packages/flutter_tools/test/widget_preview_scaffold.shard/widget_preview_scaffold/lib/src/theme/theme.dart:223:16 • undefined_function
  error • The function 'Color' isn't defined • flutter/packages/flutter_tools/test/widget_preview_scaffold.shard/widget_preview_scaffold/lib/src/theme/theme.dart:224:19 • undefined_function
  error • The function 'Color' isn't defined • flutter/packages/flutter_tools/test/widget_preview_scaffold.shard/widget_preview_scaffold/lib/src/theme/theme.dart:225:10 • undefined_function
  error • Undefined class 'Color' • flutter/packages/flutter_tools/test/widget_preview_scaffold.shard/widget_preview_scaffold/lib/src/theme/theme.dart:238:23 • undefined_class
  error • Undefined class 'Color' • flutter/packages/flutter_tools/test/widget_preview_scaffold.shard/widget_preview_scaffold/lib/src/theme/theme.dart:245:24 • undefined_class
  error • Undefined name 'BorderRadius' • flutter/packages/flutter_tools/test/widget_preview_scaffold.shard/widget_preview_scaffold/lib/src/theme/theme.dart:272:29 • undefined_identifier
  error • Const variables must be initialized with a constant value • flutter/packages/flutter_tools/test/widget_preview_scaffold.shard/widget_preview_scaffold/lib/src/theme/theme.dart:273:23 • const_initialized_with_non_constant_value
  error • Undefined name 'Radius' • flutter/packages/flutter_tools/test/widget_preview_scaffold.shard/widget_preview_scaffold/lib/src/theme/theme.dart:273:23 • undefined_identifier
  error • Undefined class 'ColorScheme' • flutter/packages/flutter_tools/test/widget_preview_scaffold.shard/widget_preview_scaffold/lib/src/theme/theme.dart:283:40 • undefined_class
  error • Undefined name 'brightness' • flutter/packages/flutter_tools/test/widget_preview_scaffold.shard/widget_preview_scaffold/lib/src/theme/theme.dart:284:23 • undefined_identifier
  error • Undefined name 'Brightness' • flutter/packages/flutter_tools/test/widget_preview_scaffold.shard/widget_preview_scaffold/lib/src/theme/theme.dart:284:37 • undefined_identifier
  error • Undefined name 'brightness' • flutter/packages/flutter_tools/test/widget_preview_scaffold.shard/widget_preview_scaffold/lib/src/theme/theme.dart:286:22 • undefined_identifier
  error • Undefined name 'Brightness' • flutter/packages/flutter_tools/test/widget_preview_scaffold.shard/widget_preview_scaffold/lib/src/theme/theme.dart:286:36 • undefined_identifier
  error • Undefined class 'Color' • flutter/packages/flutter_tools/test/widget_preview_scaffold.shard/widget_preview_scaffold/lib/src/theme/theme.dart:288:3 • undefined_class
  error • The name 'Color' isn't a class • flutter/packages/flutter_tools/test/widget_preview_scaffold.shard/widget_preview_scaffold/lib/src/theme/theme.dart:288:38 • creation_with_non_type
  error • Undefined class 'Color' • flutter/packages/flutter_tools/test/widget_preview_scaffold.shard/widget_preview_scaffold/lib/src/theme/theme.dart:290:3 • undefined_class
warning • The declaration '_devtoolsLink' isn't referenced • flutter/packages/flutter_tools/test/widget_preview_scaffold.shard/widget_preview_scaffold/lib/src/theme/theme.dart:290:13 • unused_element
  error • The name 'Color' isn't a class • flutter/packages/flutter_tools/test/widget_preview_scaffold.shard/widget_preview_scaffold/lib/src/theme/theme.dart:291:23 • creation_with_non_type
  error • Undefined name 'Colors' • flutter/packages/flutter_tools/test/widget_preview_scaffold.shard/widget_preview_scaffold/lib/src/theme/theme.dart:291:43 • undefined_identifier
  error • Undefined class 'Color' • flutter/packages/flutter_tools/test/widget_preview_scaffold.shard/widget_preview_scaffold/lib/src/theme/theme.dart:293:3 • undefined_class
  error • Undefined name 'Colors' • flutter/packages/flutter_tools/test/widget_preview_scaffold.shard/widget_preview_scaffold/lib/src/theme/theme.dart:293:43 • undefined_identifier
  error • Undefined name 'Colors' • flutter/packages/flutter_tools/test/widget_preview_scaffold.shard/widget_preview_scaffold/lib/src/theme/theme.dart:293:58 • undefined_identifier
  error • Undefined class 'ThemeData' • flutter/packages/flutter_tools/test/widget_preview_scaffold.shard/widget_preview_scaffold/lib/src/theme/theme.dart:297:33 • undefined_class
  error • Undefined name 'brightness' • flutter/packages/flutter_tools/test/widget_preview_scaffold.shard/widget_preview_scaffold/lib/src/theme/theme.dart:299:27 • undefined_identifier
  error • Undefined name 'Brightness' • flutter/packages/flutter_tools/test/widget_preview_scaffold.shard/widget_preview_scaffold/lib/src/theme/theme.dart:299:41 • undefined_identifier
  error • Undefined class 'TextStyle' • flutter/packages/flutter_tools/test/widget_preview_scaffold.shard/widget_preview_scaffold/lib/src/theme/theme.dart:301:3 • undefined_class
  error • Undefined name 'colorScheme' • flutter/packages/flutter_tools/test/widget_preview_scaffold.shard/widget_preview_scaffold/lib/src/theme/theme.dart:302:22 • undefined_identifier
  error • Undefined class 'TextStyle' • flutter/packages/flutter_tools/test/widget_preview_scaffold.shard/widget_preview_scaffold/lib/src/theme/theme.dart:305:3 • undefined_class
  error • Undefined class 'Color' • flutter/packages/flutter_tools/test/widget_preview_scaffold.shard/widget_preview_scaffold/lib/src/theme/theme.dart:305:39 • undefined_class
  error • Undefined class 'Color' • flutter/packages/flutter_tools/test/widget_preview_scaffold.shard/widget_preview_scaffold/lib/src/theme/theme.dart:305:54 • undefined_class
  error • Undefined class 'TextStyle' • flutter/packages/flutter_tools/test/widget_preview_scaffold.shard/widget_preview_scaffold/lib/src/theme/theme.dart:308:3 • undefined_class
warning • The declaration '_smallText' isn't referenced • flutter/packages/flutter_tools/test/widget_preview_scaffold.shard/widget_preview_scaffold/lib/src/theme/theme.dart:308:17 • unused_element
  error • Undefined class 'TextStyle' • flutter/packages/flutter_tools/test/widget_preview_scaffold.shard/widget_preview_scaffold/lib/src/theme/theme.dart:311:3 • undefined_class
warning • The declaration '_largeText' isn't referenced • flutter/packages/flutter_tools/test/widget_preview_scaffold.shard/widget_preview_scaffold/lib/src/theme/theme.dart:311:17 • unused_element
  error • Undefined class 'TextStyle' • flutter/packages/flutter_tools/test/widget_preview_scaffold.shard/widget_preview_scaffold/lib/src/theme/theme.dart:314:3 • undefined_class
  error • Undefined name 'colorScheme' • flutter/packages/flutter_tools/test/widget_preview_scaffold.shard/widget_preview_scaffold/lib/src/theme/theme.dart:314:61 • undefined_identifier
  error • Undefined class 'TextStyle' • flutter/packages/flutter_tools/test/widget_preview_scaffold.shard/widget_preview_scaffold/lib/src/theme/theme.dart:316:3 • undefined_class
  error • Undefined name 'FontWeight' • flutter/packages/flutter_tools/test/widget_preview_scaffold.shard/widget_preview_scaffold/lib/src/theme/theme.dart:317:45 • undefined_identifier
  error • Undefined class 'TextStyle' • flutter/packages/flutter_tools/test/widget_preview_scaffold.shard/widget_preview_scaffold/lib/src/theme/theme.dart:319:3 • undefined_class
  error • Undefined name 'colorScheme' • flutter/packages/flutter_tools/test/widget_preview_scaffold.shard/widget_preview_scaffold/lib/src/theme/theme.dart:320:40 • undefined_identifier
  error • Undefined class 'TextStyle' • flutter/packages/flutter_tools/test/widget_preview_scaffold.shard/widget_preview_scaffold/lib/src/theme/theme.dart:322:3 • undefined_class
  error • Undefined name 'GoogleFonts' • flutter/packages/flutter_tools/test/widget_preview_scaffold.shard/widget_preview_scaffold/lib/src/theme/theme.dart:324:19 • undefined_identifier
  error • Undefined class 'TextStyle' • flutter/packages/flutter_tools/test/widget_preview_scaffold.shard/widget_preview_scaffold/lib/src/theme/theme.dart:331:3 • undefined_class
  error • Undefined name 'colorScheme' • flutter/packages/flutter_tools/test/widget_preview_scaffold.shard/widget_preview_scaffold/lib/src/theme/theme.dart:332:38 • undefined_identifier
  error • Undefined class 'TextStyle' • flutter/packages/flutter_tools/test/widget_preview_scaffold.shard/widget_preview_scaffold/lib/src/theme/theme.dart:334:3 • undefined_class
  error • Undefined name 'colorScheme' • flutter/packages/flutter_tools/test/widget_preview_scaffold.shard/widget_preview_scaffold/lib/src/theme/theme.dart:335:39 • undefined_identifier
  error • Undefined class 'TextStyle' • flutter/packages/flutter_tools/test/widget_preview_scaffold.shard/widget_preview_scaffold/lib/src/theme/theme.dart:337:3 • undefined_class
  error • Undefined name 'colorScheme' • flutter/packages/flutter_tools/test/widget_preview_scaffold.shard/widget_preview_scaffold/lib/src/theme/theme.dart:338:38 • undefined_identifier
  error • Undefined class 'TextStyle' • flutter/packages/flutter_tools/test/widget_preview_scaffold.shard/widget_preview_scaffold/lib/src/theme/theme.dart:340:3 • undefined_class
  error • Undefined name 'colorScheme' • flutter/packages/flutter_tools/test/widget_preview_scaffold.shard/widget_preview_scaffold/lib/src/theme/theme.dart:341:12 • undefined_identifier
  error • Undefined name 'TextDecoration' • flutter/packages/flutter_tools/test/widget_preview_scaffold.shard/widget_preview_scaffold/lib/src/theme/theme.dart:342:17 • undefined_identifier
  error • Undefined class 'TextStyle' • flutter/packages/flutter_tools/test/widget_preview_scaffold.shard/widget_preview_scaffold/lib/src/theme/theme.dart:345:3 • undefined_class
  error • Undefined name 'colorScheme' • flutter/packages/flutter_tools/test/widget_preview_scaffold.shard/widget_preview_scaffold/lib/src/theme/theme.dart:347:14 • undefined_identifier
  error • Undefined name 'TextDecoration' • flutter/packages/flutter_tools/test/widget_preview_scaffold.shard/widget_preview_scaffold/lib/src/theme/theme.dart:348:19 • undefined_identifier
  error • Undefined class 'TextStyle' • flutter/packages/flutter_tools/test/widget_preview_scaffold.shard/widget_preview_scaffold/lib/src/theme/theme.dart:356:1 • undefined_class
  error • Undefined class 'TextStyle' • flutter/packages/flutter_tools/test/widget_preview_scaffold.shard/widget_preview_scaffold/lib/src/theme/theme.dart:356:25 • undefined_class
  error • Undefined name 'FontFeature' • flutter/packages/flutter_tools/test/widget_preview_scaffold.shard/widget_preview_scaffold/lib/src/theme/theme.dart:358:26 • undefined_identifier
  error • Target of URI doesn't exist: 'package:flutter/material.dart' • flutter/packages/flutter_tools/test/widget_preview_scaffold.shard/widget_preview_scaffold/lib/src/utils.dart:5:8 • uri_does_not_exist
  error • Target of URI doesn't exist: 'package:flutter/widget_previews.dart' • flutter/packages/flutter_tools/test/widget_preview_scaffold.shard/widget_preview_scaffold/lib/src/utils.dart:6:8 • uri_does_not_exist
  error • Undefined class 'MultiPreview' • flutter/packages/flutter_tools/test/widget_preview_scaffold.shard/widget_preview_scaffold/lib/src/utils.dart:15:12 • undefined_class
  error • Undefined class 'Preview' • flutter/packages/flutter_tools/test/widget_preview_scaffold.shard/widget_preview_scaffold/lib/src/utils.dart:35:12 • undefined_class
  error • Undefined class 'Widget' • flutter/packages/flutter_tools/test/widget_preview_scaffold.shard/widget_preview_scaffold/lib/src/utils.dart:38:3 • undefined_class
warning • Unnecessary type check; the result is always 'true' • flutter/packages/flutter_tools/test/widget_preview_scaffold.shard/widget_preview_scaffold/lib/src/utils.dart:39:7 • unnecessary_type_check
  error • Undefined class 'WidgetBuilder' • flutter/packages/flutter_tools/test/widget_preview_scaffold.shard/widget_preview_scaffold/lib/src/utils.dart:39:26 • undefined_class
  error • The function 'Builder' isn't defined • flutter/packages/flutter_tools/test/widget_preview_scaffold.shard/widget_preview_scaffold/lib/src/utils.dart:41:14 • undefined_function
  error • Undefined class 'Widget' • flutter/packages/flutter_tools/test/widget_preview_scaffold.shard/widget_preview_scaffold/lib/src/utils.dart:44:41 • undefined_class
  error • The function 'Text' isn't defined • flutter/packages/flutter_tools/test/widget_preview_scaffold.shard/widget_preview_scaffold/lib/src/utils.dart:70:20 • undefined_function
  error • The name 'Preview' isn't a class • flutter/packages/flutter_tools/test/widget_preview_scaffold.shard/widget_preview_scaffold/lib/src/utils.dart:74:24 • creation_with_non_type
  error • Classes can only extend other classes • flutter/packages/flutter_tools/test/widget_preview_scaffold.shard/widget_preview_scaffold/lib/src/utils.dart:80:30 • extends_non_class
  error • No associated named super constructor parameter • flutter/packages/flutter_tools/test/widget_preview_scaffold.shard/widget_preview_scaffold/lib/src/utils.dart:82:31 • super_formal_parameter_without_associated_named
  error • Undefined class 'Widget' • flutter/packages/flutter_tools/test/widget_preview_scaffold.shard/widget_preview_scaffold/lib/src/utils.dart:85:3 • undefined_class
warning • The method doesn't override an inherited method • flutter/packages/flutter_tools/test/widget_preview_scaffold.shard/widget_preview_scaffold/lib/src/utils.dart:85:10 • override_on_non_overriding_member
  error • Undefined class 'BuildContext' • flutter/packages/flutter_tools/test/widget_preview_scaffold.shard/widget_preview_scaffold/lib/src/utils.dart:85:16 • undefined_class
  error • The name 'SizedBox' isn't a class • flutter/packages/flutter_tools/test/widget_preview_scaffold.shard/widget_preview_scaffold/lib/src/utils.dart:86:18 • creation_with_non_type
  error • Classes can only extend other classes • flutter/packages/flutter_tools/test/widget_preview_scaffold.shard/widget_preview_scaffold/lib/src/utils.dart:91:32 • extends_non_class
  error • No associated named super constructor parameter • flutter/packages/flutter_tools/test/widget_preview_scaffold.shard/widget_preview_scaffold/lib/src/utils.dart:93:33 • super_formal_parameter_without_associated_named
  error • Undefined class 'Widget' • flutter/packages/flutter_tools/test/widget_preview_scaffold.shard/widget_preview_scaffold/lib/src/utils.dart:96:3 • undefined_class
warning • The method doesn't override an inherited method • flutter/packages/flutter_tools/test/widget_preview_scaffold.shard/widget_preview_scaffold/lib/src/utils.dart:96:10 • override_on_non_overriding_member
  error • Undefined class 'BuildContext' • flutter/packages/flutter_tools/test/widget_preview_scaffold.shard/widget_preview_scaffold/lib/src/utils.dart:96:16 • undefined_class
  error • The name 'SizedBox' isn't a class • flutter/packages/flutter_tools/test/widget_preview_scaffold.shard/widget_preview_scaffold/lib/src/utils.dart:97:18 • creation_with_non_type
  error • Classes can only extend other classes • flutter/packages/flutter_tools/test/widget_preview_scaffold.shard/widget_preview_scaffold/lib/src/utils.dart:104:33 • extends_non_class
  error • No associated named super constructor parameter • flutter/packages/flutter_tools/test/widget_preview_scaffold.shard/widget_preview_scaffold/lib/src/utils.dart:106:11 • super_formal_parameter_without_associated_named
  error • Undefined class 'VoidCallback' • flutter/packages/flutter_tools/test/widget_preview_scaffold.shard/widget_preview_scaffold/lib/src/utils.dart:111:9 • undefined_class
  error • Undefined class 'Widget' • flutter/packages/flutter_tools/test/widget_preview_scaffold.shard/widget_preview_scaffold/lib/src/utils.dart:112:9 • undefined_class
warning • The method doesn't override an inherited method • flutter/packages/flutter_tools/test/widget_preview_scaffold.shard/widget_preview_scaffold/lib/src/utils.dart:115:26 • override_on_non_overriding_member
  error • Classes can only extend other classes • flutter/packages/flutter_tools/test/widget_preview_scaffold.shard/widget_preview_scaffold/lib/src/utils.dart:118:38 • extends_non_class
warning • The method doesn't override an inherited method • flutter/packages/flutter_tools/test/widget_preview_scaffold.shard/widget_preview_scaffold/lib/src/utils.dart:120:8 • override_on_non_overriding_member
  error • The method 'reassemble' isn't defined in a superclass of 'HotReloadListenerState' • flutter/packages/flutter_tools/test/widget_preview_scaffold.shard/widget_preview_scaffold/lib/src/utils.dart:121:11 • undefined_super_member
  error • Undefined name 'widget' • flutter/packages/flutter_tools/test/widget_preview_scaffold.shard/widget_preview_scaffold/lib/src/utils.dart:122:5 • undefined_identifier
  error • Undefined class 'Widget' • flutter/packages/flutter_tools/test/widget_preview_scaffold.shard/widget_preview_scaffold/lib/src/utils.dart:126:3 • undefined_class
warning • The method doesn't override an inherited method • flutter/packages/flutter_tools/test/widget_preview_scaffold.shard/widget_preview_scaffold/lib/src/utils.dart:126:10 • override_on_non_overriding_member
  error • Undefined class 'BuildContext' • flutter/packages/flutter_tools/test/widget_preview_scaffold.shard/widget_preview_scaffold/lib/src/utils.dart:126:16 • undefined_class
  error • Undefined name 'widget' • flutter/packages/flutter_tools/test/widget_preview_scaffold.shard/widget_preview_scaffold/lib/src/utils.dart:127:12 • undefined_identifier
  error • Target of URI doesn't exist: 'dart:ui' • flutter/packages/flutter_tools/test/widget_preview_scaffold.shard/widget_preview_scaffold/lib/src/utils/color_utils.dart:5:8 • uri_does_not_exist
  error • Undefined class 'Color' • flutter/packages/flutter_tools/test/widget_preview_scaffold.shard/widget_preview_scaffold/lib/src/utils/color_utils.dart:7:1 • undefined_class
  error • Undefined class 'Color' • flutter/packages/flutter_tools/test/widget_preview_scaffold.shard/widget_preview_scaffold/lib/src/utils/color_utils.dart:18:1 • undefined_class
  error • The function 'Color' isn't defined • flutter/packages/flutter_tools/test/widget_preview_scaffold.shard/widget_preview_scaffold/lib/src/utils/color_utils.dart:39:10 • undefined_function
  error • Undefined class 'Color' • flutter/packages/flutter_tools/test/widget_preview_scaffold.shard/widget_preview_scaffold/lib/src/utils/color_utils.dart:43:29 • undefined_class
  error • Undefined class 'Color' • flutter/packages/flutter_tools/test/widget_preview_scaffold.shard/widget_preview_scaffold/lib/src/utils/color_utils.dart:45:3 • undefined_class
  error • Undefined name 'Color' • flutter/packages/flutter_tools/test/widget_preview_scaffold.shard/widget_preview_scaffold/lib/src/utils/color_utils.dart:50:12 • undefined_identifier
  error • Undefined class 'Color' • flutter/packages/flutter_tools/test/widget_preview_scaffold.shard/widget_preview_scaffold/lib/src/utils/color_utils.dart:59:3 • undefined_class
  error • Undefined name 'Color' • flutter/packages/flutter_tools/test/widget_preview_scaffold.shard/widget_preview_scaffold/lib/src/utils/color_utils.dart:63:12 • undefined_identifier
  error • Target of URI doesn't exist: 'package:flutter/foundation.dart' • flutter/packages/flutter_tools/test/widget_preview_scaffold.shard/widget_preview_scaffold/lib/src/widget_preview.dart:5:8 • uri_does_not_exist
  error • Target of URI doesn't exist: 'package:flutter/widget_previews.dart' • flutter/packages/flutter_tools/test/widget_preview_scaffold.shard/widget_preview_scaffold/lib/src/widget_preview.dart:6:8 • uri_does_not_exist
  error • Target of URI doesn't exist: 'package:flutter/widgets.dart' • flutter/packages/flutter_tools/test/widget_preview_scaffold.shard/widget_preview_scaffold/lib/src/widget_preview.dart:7:8 • uri_does_not_exist
  error • Undefined name 'visibleForTesting' used as an annotation • flutter/packages/flutter_tools/test/widget_preview_scaffold.shard/widget_preview_scaffold/lib/src/widget_preview.dart:40:3 • undefined_annotation
  error • Undefined class 'Widget' • flutter/packages/flutter_tools/test/widget_preview_scaffold.shard/widget_preview_scaffold/lib/src/widget_preview.dart:73:9 • undefined_class
  error • Undefined class 'Widget' • flutter/packages/flutter_tools/test/widget_preview_scaffold.shard/widget_preview_scaffold/lib/src/widget_preview.dart:75:3 • undefined_class
  error • Undefined class 'Preview' • flutter/packages/flutter_tools/test/widget_preview_scaffold.shard/widget_preview_scaffold/lib/src/widget_preview.dart:80:7 • undefined_class
  error • Undefined class 'Widget' • flutter/packages/flutter_tools/test/widget_preview_scaffold.shard/widget_preview_scaffold/lib/src/widget_preview.dart:80:22 • undefined_class
  error • Undefined class 'Widget' • flutter/packages/flutter_tools/test/widget_preview_scaffold.shard/widget_preview_scaffold/lib/src/widget_preview.dart:80:38 • undefined_class
  error • Undefined class 'Size' • flutter/packages/flutter_tools/test/widget_preview_scaffold.shard/widget_preview_scaffold/lib/src/widget_preview.dart:94:3 • undefined_class
  error • Undefined class 'PreviewThemeData' • flutter/packages/flutter_tools/test/widget_preview_scaffold.shard/widget_preview_scaffold/lib/src/widget_preview.dart:105:3 • undefined_class
  error • Undefined class 'Brightness' • flutter/packages/flutter_tools/test/widget_preview_scaffold.shard/widget_preview_scaffold/lib/src/widget_preview.dart:110:3 • undefined_class
  error • Undefined class 'PreviewLocalizationsData' • flutter/packages/flutter_tools/test/widget_preview_scaffold.shard/widget_preview_scaffold/lib/src/widget_preview.dart:117:3 • undefined_class
  error • Undefined class 'Preview' • flutter/packages/flutter_tools/test/widget_preview_scaffold.shard/widget_preview_scaffold/lib/src/widget_preview.dart:120:9 • undefined_class
  error • Undefined class 'DiagnosticPropertiesBuilder' • flutter/packages/flutter_tools/test/widget_preview_scaffold.shard/widget_preview_scaffold/lib/src/widget_preview.dart:122:28 • undefined_class
  error • The method 'DiagnosticsProperty' isn't defined for the type 'WidgetPreview' • flutter/packages/flutter_tools/test/widget_preview_scaffold.shard/widget_preview_scaffold/lib/src/widget_preview.dart:124:13 • undefined_method
  error • The method 'DiagnosticsProperty' isn't defined for the type 'WidgetPreview' • flutter/packages/flutter_tools/test/widget_preview_scaffold.shard/widget_preview_scaffold/lib/src/widget_preview.dart:125:13 • undefined_method
  error • The method 'DiagnosticsProperty' isn't defined for the type 'WidgetPreview' • flutter/packages/flutter_tools/test/widget_preview_scaffold.shard/widget_preview_scaffold/lib/src/widget_preview.dart:126:13 • undefined_method
  error • The name 'Size' isn't a type, so it can't be used as a type argument • flutter/packages/flutter_tools/test/widget_preview_scaffold.shard/widget_preview_scaffold/lib/src/widget_preview.dart:126:33 • non_type_as_type_argument
  error • The method 'DiagnosticsProperty' isn't defined for the type 'WidgetPreview' • flutter/packages/flutter_tools/test/widget_preview_scaffold.shard/widget_preview_scaffold/lib/src/widget_preview.dart:127:13 • undefined_method
  error • The method 'DiagnosticsProperty' isn't defined for the type 'WidgetPreview' • flutter/packages/flutter_tools/test/widget_preview_scaffold.shard/widget_preview_scaffold/lib/src/widget_preview.dart:128:13 • undefined_method
  error • The name 'PreviewThemeData' isn't a type, so it can't be used as a type argument • flutter/packages/flutter_tools/test/widget_preview_scaffold.shard/widget_preview_scaffold/lib/src/widget_preview.dart:128:33 • non_type_as_type_argument
  error • The method 'DiagnosticsProperty' isn't defined for the type 'WidgetPreview' • flutter/packages/flutter_tools/test/widget_preview_scaffold.shard/widget_preview_scaffold/lib/src/widget_preview.dart:129:13 • undefined_method
  error • The name 'Brightness' isn't a type, so it can't be used as a type argument • flutter/packages/flutter_tools/test/widget_preview_scaffold.shard/widget_preview_scaffold/lib/src/widget_preview.dart:129:33 • non_type_as_type_argument
  error • The method 'DiagnosticsProperty' isn't defined for the type 'WidgetPreview' • flutter/packages/flutter_tools/test/widget_preview_scaffold.shard/widget_preview_scaffold/lib/src/widget_preview.dart:131:9 • undefined_method
  error • The name 'PreviewLocalizationsData' isn't a type, so it can't be used as a type argument • flutter/packages/flutter_tools/test/widget_preview_scaffold.shard/widget_preview_scaffold/lib/src/widget_preview.dart:131:29 • non_type_as_type_argument
  error • Target of URI doesn't exist: 'package:flutter/widgets.dart' • flutter/packages/flutter_tools/test/widget_preview_scaffold.shard/widget_preview_scaffold/lib/src/widget_preview_inspector_service.dart:5:8 • uri_does_not_exist
  error • Target of URI doesn't exist: 'package:widget_preview_scaffold/src/dtd/dtd_services.dart' • flutter/packages/flutter_tools/test/widget_preview_scaffold.shard/widget_preview_scaffold/lib/src/widget_preview_inspector_service.dart:6:8 • uri_does_not_exist
  error • Target of URI doesn't exist: 'package:widget_preview_scaffold/src/dtd/editor_service.dart' • flutter/packages/flutter_tools/test/widget_preview_scaffold.shard/widget_preview_scaffold/lib/src/widget_preview_inspector_service.dart:7:8 • uri_does_not_exist
  error • Target of URI doesn't exist: 'package:widget_preview_scaffold/src/widget_preview_rendering.dart' • flutter/packages/flutter_tools/test/widget_preview_scaffold.shard/widget_preview_scaffold/lib/src/widget_preview_inspector_service.dart:8:8 • uri_does_not_exist
  error • Classes can only mix in mixins and classes • flutter/packages/flutter_tools/test/widget_preview_scaffold.shard/widget_preview_scaffold/lib/src/widget_preview_inspector_service.dart:16:50 • mixin_of_non_class
  error • Undefined name 'WidgetInspectorService' • flutter/packages/flutter_tools/test/widget_preview_scaffold.shard/widget_preview_scaffold/lib/src/widget_preview_inspector_service.dart:18:5 • undefined_identifier
  error • Undefined class 'WidgetPreviewScaffoldDtdServices' • flutter/packages/flutter_tools/test/widget_preview_scaffold.shard/widget_preview_scaffold/lib/src/widget_preview_inspector_service.dart:22:9 • undefined_class
  error • Undefined class 'CodeLocation' • flutter/packages/flutter_tools/test/widget_preview_scaffold.shard/widget_preview_scaffold/lib/src/widget_preview_inspector_service.dart:31:3 • undefined_class
  error • Undefined name 'protected' used as an annotation • flutter/packages/flutter_tools/test/widget_preview_scaffold.shard/widget_preview_scaffold/lib/src/widget_preview_inspector_service.dart:33:3 • undefined_annotation
warning • The method doesn't override an inherited method • flutter/packages/flutter_tools/test/widget_preview_scaffold.shard/widget_preview_scaffold/lib/src/widget_preview_inspector_service.dart:35:8 • override_on_non_overriding_member
  error • The name 'PreviewWidgetElement' isn't defined, so it can't be used in an 'is' expression • flutter/packages/flutter_tools/test/widget_preview_scaffold.shard/widget_preview_scaffold/lib/src/widget_preview_inspector_service.dart:39:19 • type_test_with_undefined_name
  error • The name 'PreviewWidget' isn't a type, so it can't be used in an 'as' expression • flutter/packages/flutter_tools/test/widget_preview_scaffold.shard/widget_preview_scaffold/lib/src/widget_preview_inspector_service.dart:40:45 • cast_to_non_type
  error • The method 'CodeLocation' isn't defined for the type 'WidgetPreviewScaffoldInspectorService' • flutter/packages/flutter_tools/test/widget_preview_scaffold.shard/widget_preview_scaffold/lib/src/widget_preview_inspector_service.dart:41:33 • undefined_method
  error • The method 'setSelection' isn't defined in a superclass of 'WidgetPreviewScaffoldInspectorService' • flutter/packages/flutter_tools/test/widget_preview_scaffold.shard/widget_preview_scaffold/lib/src/widget_preview_inspector_service.dart:47:26 • undefined_super_member
warning • The method doesn't override an inherited method • flutter/packages/flutter_tools/test/widget_preview_scaffold.shard/widget_preview_scaffold/lib/src/widget_preview_inspector_service.dart:53:8 • override_on_non_overriding_member
  error • Undefined class 'CodeLocation' • flutter/packages/flutter_tools/test/widget_preview_scaffold.shard/widget_preview_scaffold/lib/src/widget_preview_inspector_service.dart:62:7 • undefined_class
  error • The method 'CodeLocation' isn't defined for the type 'WidgetPreviewScaffoldInspectorService' • flutter/packages/flutter_tools/test/widget_preview_scaffold.shard/widget_preview_scaffold/lib/src/widget_preview_inspector_service.dart:68:20 • undefined_method
  error • The method 'postEvent' isn't defined in a superclass of 'WidgetPreviewScaffoldInspectorService' • flutter/packages/flutter_tools/test/widget_preview_scaffold.shard/widget_preview_scaffold/lib/src/widget_preview_inspector_service.dart:85:11 • undefined_super_member
  error • Target of URI doesn't exist: 'package:flutter/cupertino.dart' • flutter/packages/flutter_tools/test/widget_preview_scaffold.shard/widget_preview_scaffold/lib/src/widget_preview_rendering.dart:7:8 • uri_does_not_exist
  error • Target of URI doesn't exist: 'package:flutter/foundation.dart' • flutter/packages/flutter_tools/test/widget_preview_scaffold.shard/widget_preview_scaffold/lib/src/widget_preview_rendering.dart:8:8 • uri_does_not_exist
  error • Target of URI doesn't exist: 'package:flutter/gestures.dart' • flutter/packages/flutter_tools/test/widget_preview_scaffold.shard/widget_preview_scaffold/lib/src/widget_preview_rendering.dart:9:8 • uri_does_not_exist
  error • Target of URI doesn't exist: 'package:flutter/material.dart' • flutter/packages/flutter_tools/test/widget_preview_scaffold.shard/widget_preview_scaffold/lib/src/widget_preview_rendering.dart:10:8 • uri_does_not_exist
  error • Target of URI doesn't exist: 'package:flutter/rendering.dart' • flutter/packages/flutter_tools/test/widget_preview_scaffold.shard/widget_preview_scaffold/lib/src/widget_preview_rendering.dart:11:8 • uri_does_not_exist
  error • Target of URI doesn't exist: 'package:flutter/services.dart' • flutter/packages/flutter_tools/test/widget_preview_scaffold.shard/widget_preview_scaffold/lib/src/widget_preview_rendering.dart:12:8 • uri_does_not_exist
  error • Target of URI doesn't exist: 'package:flutter/widget_previews.dart' • flutter/packages/flutter_tools/test/widget_preview_scaffold.shard/widget_preview_scaffold/lib/src/widget_preview_rendering.dart:13:8 • uri_does_not_exist
  error • Target of URI doesn't exist: 'package:url_launcher/url_launcher.dart' • flutter/packages/flutter_tools/test/widget_preview_scaffold.shard/widget_preview_scaffold/lib/src/widget_preview_rendering.dart:16:8 • uri_does_not_exist
  error • Target of URI doesn't exist: 'package:widget_preview_scaffold/src/dtd/editor_service.dart' • flutter/packages/flutter_tools/test/widget_preview_scaffold.shard/widget_preview_scaffold/lib/src/widget_preview_rendering.dart:17:8 • uri_does_not_exist
  error • Target of URI doesn't exist: 'package:widget_preview_scaffold/src/theme/ide_theme.dart' • flutter/packages/flutter_tools/test/widget_preview_scaffold.shard/widget_preview_scaffold/lib/src/widget_preview_rendering.dart:18:8 • uri_does_not_exist
  error • Target of URI doesn't exist: 'package:widget_preview_scaffold/src/theme/theme.dart' • flutter/packages/flutter_tools/test/widget_preview_scaffold.shard/widget_preview_scaffold/lib/src/widget_preview_rendering.dart:19:8 • uri_does_not_exist
  error • Target of URI doesn't exist: 'package:widget_preview_scaffold/src/controls.dart' • flutter/packages/flutter_tools/test/widget_preview_scaffold.shard/widget_preview_scaffold/lib/src/widget_preview_rendering.dart:21:8 • uri_does_not_exist
  error • Target of URI doesn't exist: 'package:widget_preview_scaffold/src/generated_preview.dart' • flutter/packages/flutter_tools/test/widget_preview_scaffold.shard/widget_preview_scaffold/lib/src/widget_preview_rendering.dart:22:8 • uri_does_not_exist
  error • Target of URI doesn't exist: 'package:widget_preview_scaffold/src/utils.dart' • flutter/packages/flutter_tools/test/widget_preview_scaffold.shard/widget_preview_scaffold/lib/src/widget_preview_rendering.dart:23:8 • uri_does_not_exist
  error • Target of URI doesn't exist: 'package:widget_preview_scaffold/src/widget_preview.dart' • flutter/packages/flutter_tools/test/widget_preview_scaffold.shard/widget_preview_scaffold/lib/src/widget_preview_rendering.dart:24:8 • uri_does_not_exist
  error • Target of URI doesn't exist: 'package:widget_preview_scaffold/src/widget_preview_inspector_service.dart' • flutter/packages/flutter_tools/test/widget_preview_scaffold.shard/widget_preview_scaffold/lib/src/widget_preview_rendering.dart:25:8 • uri_does_not_exist
  error • Target of URI doesn't exist: 'package:widget_preview_scaffold/src/widget_preview_scaffold_controller.dart' • flutter/packages/flutter_tools/test/widget_preview_scaffold.shard/widget_preview_scaffold/lib/src/widget_preview_rendering.dart:26:8 • uri_does_not_exist
  error • Classes can only extend other classes • flutter/packages/flutter_tools/test/widget_preview_scaffold.shard/widget_preview_scaffold/lib/src/widget_preview_rendering.dart:33:40 • extends_non_class
  error • No associated named super constructor parameter • flutter/packages/flutter_tools/test/widget_preview_scaffold.shard/widget_preview_scaffold/lib/src/widget_preview_rendering.dart:35:11 • super_formal_parameter_without_associated_named
  error • Undefined class 'WidgetPreviewScaffoldController' • flutter/packages/flutter_tools/test/widget_preview_scaffold.shard/widget_preview_scaffold/lib/src/widget_preview_rendering.dart:42:9 • undefined_class
  error • Undefined class 'Size' • flutter/packages/flutter_tools/test/widget_preview_scaffold.shard/widget_preview_scaffold/lib/src/widget_preview_rendering.dart:51:9 • undefined_class
  error • Undefined class 'Widget' • flutter/packages/flutter_tools/test/widget_preview_scaffold.shard/widget_preview_scaffold/lib/src/widget_preview_rendering.dart:54:3 • undefined_class
warning • The method doesn't override an inherited method • flutter/packages/flutter_tools/test/widget_preview_scaffold.shard/widget_preview_scaffold/lib/src/widget_preview_rendering.dart:54:10 • override_on_non_overriding_member
  error • Undefined class 'BuildContext' • flutter/packages/flutter_tools/test/widget_preview_scaffold.shard/widget_preview_scaffold/lib/src/widget_preview_rendering.dart:54:16 • undefined_class
  error • Undefined name 'Theme' • flutter/packages/flutter_tools/test/widget_preview_scaffold.shard/widget_preview_scaffold/lib/src/widget_preview_rendering.dart:55:19 • undefined_identifier
  error • The method 'SizedBox' isn't defined for the type 'WidgetPreviewErrorWidget' • flutter/packages/flutter_tools/test/widget_preview_scaffold.shard/widget_preview_scaffold/lib/src/widget_preview_rendering.dart:56:12 • undefined_method
  error • The method 'SingleChildScrollView' isn't defined for the type 'WidgetPreviewErrorWidget' • flutter/packages/flutter_tools/test/widget_preview_scaffold.shard/widget_preview_scaffold/lib/src/widget_preview_rendering.dart:58:14 • undefined_method
  error • The method 'Column' isn't defined for the type 'WidgetPreviewErrorWidget' • flutter/packages/flutter_tools/test/widget_preview_scaffold.shard/widget_preview_scaffold/lib/src/widget_preview_rendering.dart:59:16 • undefined_method
  error • Undefined name 'CrossAxisAlignment' • flutter/packages/flutter_tools/test/widget_preview_scaffold.shard/widget_preview_scaffold/lib/src/widget_preview_rendering.dart:60:31 • undefined_identifier
  error • Undefined name 'Text' • flutter/packages/flutter_tools/test/widget_preview_scaffold.shard/widget_preview_scaffold/lib/src/widget_preview_rendering.dart:62:13 • undefined_identifier
  error • The method 'TextSpan' isn't defined for the type 'WidgetPreviewErrorWidget' • flutter/packages/flutter_tools/test/widget_preview_scaffold.shard/widget_preview_scaffold/lib/src/widget_preview_rendering.dart:63:15 • undefined_method
  error • The method 'TextSpan' isn't defined for the type 'WidgetPreviewErrorWidget' • flutter/packages/flutter_tools/test/widget_preview_scaffold.shard/widget_preview_scaffold/lib/src/widget_preview_rendering.dart:65:19 • undefined_method
  error • The method 'TextSpan' isn't defined for the type 'WidgetPreviewErrorWidget' • flutter/packages/flutter_tools/test/widget_preview_scaffold.shard/widget_preview_scaffold/lib/src/widget_preview_rendering.dart:69:19 • undefined_method
  error • The method 'Text' isn't defined for the type 'WidgetPreviewErrorWidget' • flutter/packages/flutter_tools/test/widget_preview_scaffold.shard/widget_preview_scaffold/lib/src/widget_preview_rendering.dart:73:13 • undefined_method
  error • The method 'ValueListenableBuilder' isn't defined for the type 'WidgetPreviewErrorWidget' • flutter/packages/flutter_tools/test/widget_preview_scaffold.shard/widget_preview_scaffold/lib/src/widget_preview_rendering.dart:74:13 • undefined_method
  error • Undefined name 'SelectableText' • flutter/packages/flutter_tools/test/widget_preview_scaffold.shard/widget_preview_scaffold/lib/src/widget_preview_rendering.dart:77:24 • undefined_identifier
  error • The method 'TextSpan' isn't defined for the type 'WidgetPreviewErrorWidget' • flutter/packages/flutter_tools/test/widget_preview_scaffold.shard/widget_preview_scaffold/lib/src/widget_preview_rendering.dart:78:19 • undefined_method
  error • The name 'TextSpan' isn't a type, so it can't be used as a type argument • flutter/packages/flutter_tools/test/widget_preview_scaffold.shard/widget_preview_scaffold/lib/src/widget_preview_rendering.dart:95:8 • non_type_as_type_argument
  error • Undefined class 'ThemeData' • flutter/packages/flutter_tools/test/widget_preview_scaffold.shard/widget_preview_scaffold/lib/src/widget_preview_rendering.dart:96:5 • undefined_class
  error • The name 'TextSpan' isn't a type, so it can't be used as a type argument • flutter/packages/flutter_tools/test/widget_preview_scaffold.shard/widget_preview_scaffold/lib/src/widget_preview_rendering.dart:106:23 • non_type_as_type_argument
  error • The method 'TextSpan' isn't defined for the type 'WidgetPreviewErrorWidget' • flutter/packages/flutter_tools/test/widget_preview_scaffold.shard/widget_preview_scaffold/lib/src/widget_preview_rendering.dart:107:42 • undefined_method
  error • The method 'TextSpan' isn't defined for the type 'WidgetPreviewErrorWidget' • flutter/packages/flutter_tools/test/widget_preview_scaffold.shard/widget_preview_scaffold/lib/src/widget_preview_rendering.dart:117:14 • undefined_method
  error • The method 'TextSpan' isn't defined for the type 'WidgetPreviewErrorWidget' • flutter/packages/flutter_tools/test/widget_preview_scaffold.shard/widget_preview_scaffold/lib/src/widget_preview_rendering.dart:119:11 • undefined_method
  error • The method 'TapGestureRecognizer' isn't defined for the type 'WidgetPreviewErrorWidget' • flutter/packages/flutter_tools/test/widget_preview_scaffold.shard/widget_preview_scaffold/lib/src/widget_preview_rendering.dart:123:20 • undefined_method
  error • The method 'CodeLocation' isn't defined for the type 'WidgetPreviewErrorWidget' • flutter/packages/flutter_tools/test/widget_preview_scaffold.shard/widget_preview_scaffold/lib/src/widget_preview_rendering.dart:128:25 • undefined_method
  error • The method 'TextSpan' isn't defined for the type 'WidgetPreviewErrorWidget' • flutter/packages/flutter_tools/test/widget_preview_scaffold.shard/widget_preview_scaffold/lib/src/widget_preview_rendering.dart:137:11 • undefined_method
  error • The name 'TextSpan' isn't a class • flutter/packages/flutter_tools/test/widget_preview_scaffold.shard/widget_preview_scaffold/lib/src/widget_preview_rendering.dart:138:17 • creation_with_non_type
  error • The method 'TextSpan' isn't defined for the type 'WidgetPreviewErrorWidget' • flutter/packages/flutter_tools/test/widget_preview_scaffold.shard/widget_preview_scaffold/lib/src/widget_preview_rendering.dart:139:11 • undefined_method
  error • Classes can only extend other classes • flutter/packages/flutter_tools/test/widget_preview_scaffold.shard/widget_preview_scaffold/lib/src/widget_preview_rendering.dart:149:40 • extends_non_class
  error • No associated named super constructor parameter • flutter/packages/flutter_tools/test/widget_preview_scaffold.shard/widget_preview_scaffold/lib/src/widget_preview_rendering.dart:150:41 • super_formal_parameter_without_associated_named
  error • Undefined class 'Widget' • flutter/packages/flutter_tools/test/widget_preview_scaffold.shard/widget_preview_scaffold/lib/src/widget_preview_rendering.dart:155:3 • undefined_class
warning • The method doesn't override an inherited method • flutter/packages/flutter_tools/test/widget_preview_scaffold.shard/widget_preview_scaffold/lib/src/widget_preview_rendering.dart:155:10 • override_on_non_overriding_member
  error • Undefined class 'BuildContext' • flutter/packages/flutter_tools/test/widget_preview_scaffold.shard/widget_preview_scaffold/lib/src/widget_preview_rendering.dart:155:16 • undefined_class
  error • Undefined name 'Theme' • flutter/packages/flutter_tools/test/widget_preview_scaffold.shard/widget_preview_scaffold/lib/src/widget_preview_rendering.dart:156:19 • undefined_identifier
  error • The method 'Center' isn't defined for the type 'NoPreviewsDetectedWidget' • flutter/packages/flutter_tools/test/widget_preview_scaffold.shard/widget_preview_scaffold/lib/src/widget_preview_rendering.dart:157:12 • undefined_method
  error • The method 'Column' isn't defined for the type 'NoPreviewsDetectedWidget' • flutter/packages/flutter_tools/test/widget_preview_scaffold.shard/widget_preview_scaffold/lib/src/widget_preview_rendering.dart:158:14 • undefined_method
  error • The method 'Text' isn't defined for the type 'NoPreviewsDetectedWidget' • flutter/packages/flutter_tools/test/widget_preview_scaffold.shard/widget_preview_scaffold/lib/src/widget_preview_rendering.dart:160:11 • undefined_method
  error • The name 'VerticalSpacer' isn't a class • flutter/packages/flutter_tools/test/widget_preview_scaffold.shard/widget_preview_scaffold/lib/src/widget_preview_rendering.dart:161:17 • creation_with_non_type
  error • The method 'Text' isn't defined for the type 'NoPreviewsDetectedWidget' • flutter/packages/flutter_tools/test/widget_preview_scaffold.shard/widget_preview_scaffold/lib/src/widget_preview_rendering.dart:162:11 • undefined_method
  error • Undefined name 'Text' • flutter/packages/flutter_tools/test/widget_preview_scaffold.shard/widget_preview_scaffold/lib/src/widget_preview_rendering.dart:163:11 • undefined_identifier
  error • The method 'TextSpan' isn't defined for the type 'NoPreviewsDetectedWidget' • flutter/packages/flutter_tools/test/widget_preview_scaffold.shard/widget_preview_scaffold/lib/src/widget_preview_rendering.dart:164:13 • undefined_method
  error • The method 'TapGestureRecognizer' isn't defined for the type 'NoPreviewsDetectedWidget' • flutter/packages/flutter_tools/test/widget_preview_scaffold.shard/widget_preview_scaffold/lib/src/widget_preview_rendering.dart:167:27 • undefined_method
  error • The method 'launchUrl' isn't defined for the type 'NoPreviewsDetectedWidget' • flutter/packages/flutter_tools/test/widget_preview_scaffold.shard/widget_preview_scaffold/lib/src/widget_preview_rendering.dart:169:19 • undefined_method
  error • Classes can only extend other classes • flutter/packages/flutter_tools/test/widget_preview_scaffold.shard/widget_preview_scaffold/lib/src/widget_preview_rendering.dart:180:29 • extends_non_class
  error • No associated named super constructor parameter • flutter/packages/flutter_tools/test/widget_preview_scaffold.shard/widget_preview_scaffold/lib/src/widget_preview_rendering.dart:181:30 • super_formal_parameter_without_associated_named
  error • Undefined class 'WidgetPreview' • flutter/packages/flutter_tools/test/widget_preview_scaffold.shard/widget_preview_scaffold/lib/src/widget_preview_rendering.dart:183:9 • undefined_class
  error • Undefined class 'Widget' • flutter/packages/flutter_tools/test/widget_preview_scaffold.shard/widget_preview_scaffold/lib/src/widget_preview_rendering.dart:184:9 • undefined_class
  error • Undefined class 'StatelessElement' • flutter/packages/flutter_tools/test/widget_preview_scaffold.shard/widget_preview_scaffold/lib/src/widget_preview_rendering.dart:187:3 • undefined_class
warning • The method doesn't override an inherited method • flutter/packages/flutter_tools/test/widget_preview_scaffold.shard/widget_preview_scaffold/lib/src/widget_preview_rendering.dart:187:20 • override_on_non_overriding_member
  error • Undefined class 'Widget' • flutter/packages/flutter_tools/test/widget_preview_scaffold.shard/widget_preview_scaffold/lib/src/widget_preview_rendering.dart:190:3 • undefined_class
warning • The method doesn't override an inherited method • flutter/packages/flutter_tools/test/widget_preview_scaffold.shard/widget_preview_scaffold/lib/src/widget_preview_rendering.dart:190:10 • override_on_non_overriding_member
  error • Undefined class 'BuildContext' • flutter/packages/flutter_tools/test/widget_preview_scaffold.shard/widget_preview_scaffold/lib/src/widget_preview_rendering.dart:190:16 • undefined_class
warning • The method doesn't override an inherited method • flutter/packages/flutter_tools/test/widget_preview_scaffold.shard/widget_preview_scaffold/lib/src/widget_preview_rendering.dart:195:10 • override_on_non_overriding_member
warning • The method doesn't override an inherited method • flutter/packages/flutter_tools/test/widget_preview_scaffold.shard/widget_preview_scaffold/lib/src/widget_preview_rendering.dart:206:8 • override_on_non_overriding_member
  error • Undefined class 'DiagnosticPropertiesBuilder' • flutter/packages/flutter_tools/test/widget_preview_scaffold.shard/widget_preview_scaffold/lib/src/widget_preview_rendering.dart:206:28 • undefined_class
  error • The method 'debugFillProperties' isn't defined in a superclass of 'PreviewWidget' • flutter/packages/flutter_tools/test/widget_preview_scaffold.shard/widget_preview_scaffold/lib/src/widget_preview_rendering.dart:207:11 • undefined_super_member
  error • Classes can only extend other classes • flutter/packages/flutter_tools/test/widget_preview_scaffold.shard/widget_preview_scaffold/lib/src/widget_preview_rendering.dart:214:36 • extends_non_class
  error • No associated positional super constructor parameter • flutter/packages/flutter_tools/test/widget_preview_scaffold.shard/widget_preview_scaffold/lib/src/widget_preview_rendering.dart:215:30 • super_formal_parameter_without_associated_positional
  error • Classes can only extend other classes • flutter/packages/flutter_tools/test/widget_preview_scaffold.shard/widget_preview_scaffold/lib/src/widget_preview_rendering.dart:218:40 • extends_non_class
  error • No associated named super constructor parameter • flutter/packages/flutter_tools/test/widget_preview_scaffold.shard/widget_preview_scaffold/lib/src/widget_preview_rendering.dart:220:11 • super_formal_parameter_without_associated_named
  error • Undefined class 'WidgetPreviewScaffoldController' • flutter/packages/flutter_tools/test/widget_preview_scaffold.shard/widget_preview_scaffold/lib/src/widget_preview_rendering.dart:225:9 • undefined_class
  error • Undefined class 'WidgetPreviewGroup' • flutter/packages/flutter_tools/test/widget_preview_scaffold.shard/widget_preview_scaffold/lib/src/widget_preview_rendering.dart:226:9 • undefined_class
  error • Const variables must be initialized with a constant value • flutter/packages/flutter_tools/test/widget_preview_scaffold.shard/widget_preview_scaffold/lib/src/widget_preview_rendering.dart:234:31 • const_initialized_with_non_constant_value
  error • Undefined name 'Radius' • flutter/packages/flutter_tools/test/widget_preview_scaffold.shard/widget_preview_scaffold/lib/src/widget_preview_rendering.dart:234:31 • undefined_identifier
  error • Undefined class 'Widget' • flutter/packages/flutter_tools/test/widget_preview_scaffold.shard/widget_preview_scaffold/lib/src/widget_preview_rendering.dart:236:3 • undefined_class
  error • The name 'WidgetPreview' isn't a type, so it can't be used as a type argument • flutter/packages/flutter_tools/test/widget_preview_scaffold.shard/widget_preview_scaffold/lib/src/widget_preview_rendering.dart:236:34 • non_type_as_type_argument
  error • The method 'Wrap' isn't defined for the type 'WidgetPreviewGroupWidget' • flutter/packages/flutter_tools/test/widget_preview_scaffold.shard/widget_preview_scaffold/lib/src/widget_preview_rendering.dart:237:12 • undefined_method
  error • Undefined name 'WrapAlignment' • flutter/packages/flutter_tools/test/widget_preview_scaffold.shard/widget_preview_scaffold/lib/src/widget_preview_rendering.dart:240:18 • undefined_identifier
  error • Undefined class 'WidgetPreview' • flutter/packages/flutter_tools/test/widget_preview_scaffold.shard/widget_preview_scaffold/lib/src/widget_preview_rendering.dart:242:20 • undefined_class
  error • Undefined class 'Widget' • flutter/packages/flutter_tools/test/widget_preview_scaffold.shard/widget_preview_scaffold/lib/src/widget_preview_rendering.dart:248:3 • undefined_class
  error • The name 'WidgetPreview' isn't a type, so it can't be used as a type argument • flutter/packages/flutter_tools/test/widget_preview_scaffold.shard/widget_preview_scaffold/lib/src/widget_preview_rendering.dart:248:38 • non_type_as_type_argument
  error • The method 'Column' isn't defined for the type 'WidgetPreviewGroupWidget' • flutter/packages/flutter_tools/test/widget_preview_scaffold.shard/widget_preview_scaffold/lib/src/widget_preview_rendering.dart:249:12 • undefined_method
  error • The method 'Center' isn't defined for the type 'WidgetPreviewGroupWidget' • flutter/packages/flutter_tools/test/widget_preview_scaffold.shard/widget_preview_scaffold/lib/src/widget_preview_rendering.dart:252:11 • undefined_method
  error • Undefined class 'Widget' • flutter/packages/flutter_tools/test/widget_preview_scaffold.shard/widget_preview_scaffold/lib/src/widget_preview_rendering.dart:263:3 • undefined_class
warning • The method doesn't override an inherited method • flutter/packages/flutter_tools/test/widget_preview_scaffold.shard/widget_preview_scaffold/lib/src/widget_preview_rendering.dart:263:10 • override_on_non_overriding_member
  error • Undefined class 'BuildContext' • flutter/packages/flutter_tools/test/widget_preview_scaffold.shard/widget_preview_scaffold/lib/src/widget_preview_rendering.dart:263:16 • undefined_class
  error • Undefined name 'Theme' • flutter/packages/flutter_tools/test/widget_preview_scaffold.shard/widget_preview_scaffold/lib/src/widget_preview_rendering.dart:264:19 • undefined_identifier
  error • The method 'Card' isn't defined for the type 'WidgetPreviewGroupWidget' • flutter/packages/flutter_tools/test/widget_preview_scaffold.shard/widget_preview_scaffold/lib/src/widget_preview_rendering.dart:265:12 • undefined_method
  error • The method 'ListTileTheme' isn't defined for the type 'WidgetPreviewGroupWidget' • flutter/packages/flutter_tools/test/widget_preview_scaffold.shard/widget_preview_scaffold/lib/src/widget_preview_rendering.dart:266:14 • undefined_method
  error • Undefined name 'ListTileTheme' • flutter/packages/flutter_tools/test/widget_preview_scaffold.shard/widget_preview_scaffold/lib/src/widget_preview_rendering.dart:267:15 • undefined_identifier
  error • The method 'RoundedRectangleBorder' isn't defined for the type 'WidgetPreviewGroupWidget' • flutter/packages/flutter_tools/test/widget_preview_scaffold.shard/widget_preview_scaffold/lib/src/widget_preview_rendering.dart:269:18 • undefined_method
  error • Undefined name 'BorderRadius' • flutter/packages/flutter_tools/test/widget_preview_scaffold.shard/widget_preview_scaffold/lib/src/widget_preview_rendering.dart:270:27 • undefined_identifier
  error • The method 'Theme' isn't defined for the type 'WidgetPreviewGroupWidget' • flutter/packages/flutter_tools/test/widget_preview_scaffold.shard/widget_preview_scaffold/lib/src/widget_preview_rendering.dart:273:16 • undefined_method
  error • Undefined name 'Colors' • flutter/packages/flutter_tools/test/widget_preview_scaffold.shard/widget_preview_scaffold/lib/src/widget_preview_rendering.dart:276:46 • undefined_identifier
  error • The method 'ExpansionTile' isn't defined for the type 'WidgetPreviewGroupWidget' • flutter/packages/flutter_tools/test/widget_preview_scaffold.shard/widget_preview_scaffold/lib/src/widget_preview_rendering.dart:277:18 • undefined_method
  error • The method 'PageStorageKey' isn't defined for the type 'WidgetPreviewGroupWidget' • flutter/packages/flutter_tools/test/widget_preview_scaffold.shard/widget_preview_scaffold/lib/src/widget_preview_rendering.dart:278:18 • undefined_method
  error • The method 'Text' isn't defined for the type 'WidgetPreviewGroupWidget' • flutter/packages/flutter_tools/test/widget_preview_scaffold.shard/widget_preview_scaffold/lib/src/widget_preview_rendering.dart:279:20 • undefined_method
  error • The method 'ValueListenableBuilder' isn't defined for the type 'WidgetPreviewGroupWidget' • flutter/packages/flutter_tools/test/widget_preview_scaffold.shard/widget_preview_scaffold/lib/src/widget_preview_rendering.dart:282:15 • undefined_method
  error • The name 'LayoutType' isn't a type, so it can't be used as a type argument • flutter/packages/flutter_tools/test/widget_preview_scaffold.shard/widget_preview_scaffold/lib/src/widget_preview_rendering.dart:282:38 • non_type_as_type_argument
  error • Undefined name 'LayoutType' • flutter/packages/flutter_tools/test/widget_preview_scaffold.shard/widget_preview_scaffold/lib/src/widget_preview_rendering.dart:286:21 • undefined_identifier
  error • Undefined name 'LayoutType' • flutter/packages/flutter_tools/test/widget_preview_scaffold.shard/widget_preview_scaffold/lib/src/widget_preview_rendering.dart:287:21 • undefined_identifier
  error • Classes can only extend other classes • flutter/packages/flutter_tools/test/widget_preview_scaffold.shard/widget_preview_scaffold/lib/src/widget_preview_rendering.dart:301:35 • extends_non_class
  error • No associated named super constructor parameter • flutter/packages/flutter_tools/test/widget_preview_scaffold.shard/widget_preview_scaffold/lib/src/widget_preview_rendering.dart:303:11 • super_formal_parameter_without_associated_named
  error • Undefined class 'WidgetPreview' • flutter/packages/flutter_tools/test/widget_preview_scaffold.shard/widget_preview_scaffold/lib/src/widget_preview_rendering.dart:308:9 • undefined_class
  error • Undefined class 'WidgetPreviewScaffoldController' • flutter/packages/flutter_tools/test/widget_preview_scaffold.shard/widget_preview_scaffold/lib/src/widget_preview_rendering.dart:310:9 • undefined_class
  error • Undefined class 'State' • flutter/packages/flutter_tools/test/widget_preview_scaffold.shard/widget_preview_scaffold/lib/src/widget_preview_rendering.dart:313:3 • undefined_class
warning • The method doesn't override an inherited method • flutter/packages/flutter_tools/test/widget_preview_scaffold.shard/widget_preview_scaffold/lib/src/widget_preview_rendering.dart:313:30 • override_on_non_overriding_member
  error • Classes can only extend other classes • flutter/packages/flutter_tools/test/widget_preview_scaffold.shard/widget_preview_scaffold/lib/src/widget_preview_rendering.dart:316:40 • extends_non_class
  error • The method 'TransformationController' isn't defined for the type 'WidgetPreviewWidgetState' • flutter/packages/flutter_tools/test/widget_preview_scaffold.shard/widget_preview_scaffold/lib/src/widget_preview_rendering.dart:317:36 • undefined_method
  error • The method 'ValueNotifier' isn't defined for the type 'WidgetPreviewWidgetState' • flutter/packages/flutter_tools/test/widget_preview_scaffold.shard/widget_preview_scaffold/lib/src/widget_preview_rendering.dart:321:37 • undefined_method
  error • The name 'Brightness' isn't a type, so it can't be used as a type argument • flutter/packages/flutter_tools/test/widget_preview_scaffold.shard/widget_preview_scaffold/lib/src/widget_preview_rendering.dart:321:51 • non_type_as_type_argument
  error • Undefined name 'widget' • flutter/packages/flutter_tools/test/widget_preview_scaffold.shard/widget_preview_scaffold/lib/src/widget_preview_rendering.dart:322:5 • undefined_identifier
  error • Undefined name 'MediaQuery' • flutter/packages/flutter_tools/test/widget_preview_scaffold.shard/widget_preview_scaffold/lib/src/widget_preview_rendering.dart:322:34 • undefined_identifier
  error • Undefined name 'context' • flutter/packages/flutter_tools/test/widget_preview_scaffold.shard/widget_preview_scaffold/lib/src/widget_preview_rendering.dart:322:66 • undefined_identifier
  error • The method 'ValueNotifier' isn't defined for the type 'WidgetPreviewWidgetState' • flutter/packages/flutter_tools/test/widget_preview_scaffold.shard/widget_preview_scaffold/lib/src/widget_preview_rendering.dart:325:33 • undefined_method
  error • The method 'GlobalKey' isn't defined for the type 'WidgetPreviewWidgetState' • flutter/packages/flutter_tools/test/widget_preview_scaffold.shard/widget_preview_scaffold/lib/src/widget_preview_rendering.dart:326:15 • undefined_method
  error • Undefined class 'Size' • flutter/packages/flutter_tools/test/widget_preview_scaffold.shard/widget_preview_scaffold/lib/src/widget_preview_rendering.dart:329:3 • undefined_class
  error • The name 'RenderBox' isn't a type, so it can't be used in an 'as' expression • flutter/packages/flutter_tools/test/widget_preview_scaffold.shard/widget_preview_scaffold/lib/src/widget_preview_rendering.dart:330:50 • cast_to_non_type
warning • The method doesn't override an inherited method • flutter/packages/flutter_tools/test/widget_preview_scaffold.shard/widget_preview_scaffold/lib/src/widget_preview_rendering.dart:333:8 • override_on_non_overriding_member
  error • The method 'didUpdateWidget' isn't defined in a superclass of 'WidgetPreviewWidgetState' • flutter/packages/flutter_tools/test/widget_preview_scaffold.shard/widget_preview_scaffold/lib/src/widget_preview_rendering.dart:334:11 • undefined_super_member
  error • Undefined name 'widget' • flutter/packages/flutter_tools/test/widget_preview_scaffold.shard/widget_preview_scaffold/lib/src/widget_preview_rendering.dart:337:27 • undefined_identifier
  error • Undefined name 'MediaQuery' • flutter/packages/flutter_tools/test/widget_preview_scaffold.shard/widget_preview_scaffold/lib/src/widget_preview_rendering.dart:339:30 • undefined_identifier
  error • Undefined name 'context' • flutter/packages/flutter_tools/test/widget_preview_scaffold.shard/widget_preview_scaffold/lib/src/widget_preview_rendering.dart:339:62 • undefined_identifier
  error • Undefined class 'Widget' • flutter/packages/flutter_tools/test/widget_preview_scaffold.shard/widget_preview_scaffold/lib/src/widget_preview_rendering.dart:360:3 • undefined_class
warning • The method doesn't override an inherited method • flutter/packages/flutter_tools/test/widget_preview_scaffold.shard/widget_preview_scaffold/lib/src/widget_preview_rendering.dart:360:10 • override_on_non_overriding_member
  error • Undefined class 'BuildContext' • flutter/packages/flutter_tools/test/widget_preview_scaffold.shard/widget_preview_scaffold/lib/src/widget_preview_rendering.dart:360:16 • undefined_class
  error • Undefined class 'Widget' • flutter/packages/flutter_tools/test/widget_preview_scaffold.shard/widget_preview_scaffold/lib/src/widget_preview_rendering.dart:377:5 • undefined_class
  error • The method 'ValueListenableBuilder' isn't defined for the type 'WidgetPreviewWidgetState' • flutter/packages/flutter_tools/test/widget_preview_scaffold.shard/widget_preview_scaffold/lib/src/widget_preview_rendering.dart:377:22 • undefined_method
  error • The method 'Container' isn't defined for the type 'WidgetPreviewWidgetState' • flutter/packages/flutter_tools/test/widget_preview_scaffold.shard/widget_preview_scaffold/lib/src/widget_preview_rendering.dart:381:33 • undefined_method
  error • Undefined name 'widget' • flutter/packages/flutter_tools/test/widget_preview_scaffold.shard/widget_preview_scaffold/lib/src/widget_preview_rendering.dart:384:22 • undefined_identifier
  error • The method 'EnableWidgetInspectorScope' isn't defined for the type 'WidgetPreviewWidgetState' • flutter/packages/flutter_tools/test/widget_preview_scaffold.shard/widget_preview_scaffold/lib/src/widget_preview_rendering.dart:385:22 • undefined_method
  error • Undefined name 'widget' • flutter/packages/flutter_tools/test/widget_preview_scaffold.shard/widget_preview_scaffold/lib/src/widget_preview_rendering.dart:387:28 • undefined_identifier
  error • Undefined name 'widget' • flutter/packages/flutter_tools/test/widget_preview_scaffold.shard/widget_preview_scaffold/lib/src/widget_preview_rendering.dart:388:26 • undefined_identifier
  error • Undefined name 'WidgetsBinding' • flutter/packages/flutter_tools/test/widget_preview_scaffold.shard/widget_preview_scaffold/lib/src/widget_preview_rendering.dart:394:13 • undefined_identifier
  error • Undefined name 'SizedBox' • flutter/packages/flutter_tools/test/widget_preview_scaffold.shard/widget_preview_scaffold/lib/src/widget_preview_rendering.dart:398:20 • undefined_identifier
  error • Undefined name 'widget' • flutter/packages/flutter_tools/test/widget_preview_scaffold.shard/widget_preview_scaffold/lib/src/widget_preview_rendering.dart:406:25 • undefined_identifier
  error • Undefined class 'Size' • flutter/packages/flutter_tools/test/widget_preview_scaffold.shard/widget_preview_scaffold/lib/src/widget_preview_rendering.dart:415:11 • undefined_class
  error • Undefined name 'widget' • flutter/packages/flutter_tools/test/widget_preview_scaffold.shard/widget_preview_scaffold/lib/src/widget_preview_rendering.dart:415:24 • undefined_identifier
  error • The method 'ValueListenableBuilder' isn't defined for the type 'WidgetPreviewWidgetState' • flutter/packages/flutter_tools/test/widget_preview_scaffold.shard/widget_preview_scaffold/lib/src/widget_preview_rendering.dart:419:15 • undefined_method
  error • Undefined name 'WidgetsBinding' • flutter/packages/flutter_tools/test/widget_preview_scaffold.shard/widget_preview_scaffold/lib/src/widget_preview_rendering.dart:421:11 • undefined_identifier
  error • The method 'WidgetInspector' isn't defined for the type 'WidgetPreviewWidgetState' • flutter/packages/flutter_tools/test/widget_preview_scaffold.shard/widget_preview_scaffold/lib/src/widget_preview_rendering.dart:428:18 • undefined_method
  error • The method 'SizedBox' isn't defined for the type 'WidgetPreviewWidgetState' • flutter/packages/flutter_tools/test/widget_preview_scaffold.shard/widget_preview_scaffold/lib/src/widget_preview_rendering.dart:445:16 • undefined_method
  error • Undefined name 'widget' • flutter/packages/flutter_tools/test/widget_preview_scaffold.shard/widget_preview_scaffold/lib/src/widget_preview_rendering.dart:454:16 • undefined_identifier
  error • Undefined name 'widget' • flutter/packages/flutter_tools/test/widget_preview_scaffold.shard/widget_preview_scaffold/lib/src/widget_preview_rendering.dart:460:26 • undefined_identifier
  error • The method 'DefaultAssetBundle' isn't defined for the type 'WidgetPreviewWidgetState' • flutter/packages/flutter_tools/test/widget_preview_scaffold.shard/widget_preview_scaffold/lib/src/widget_preview_rendering.dart:474:15 • undefined_method
  error • Undefined name 'widget' • flutter/packages/flutter_tools/test/widget_preview_scaffold.shard/widget_preview_scaffold/lib/src/widget_preview_rendering.dart:475:47 • undefined_identifier
  error • Undefined name 'widget' • flutter/packages/flutter_tools/test/widget_preview_scaffold.shard/widget_preview_scaffold/lib/src/widget_preview_rendering.dart:479:21 • undefined_identifier
  error • The method 'Column' isn't defined for the type 'WidgetPreviewWidgetState' • flutter/packages/flutter_tools/test/widget_preview_scaffold.shard/widget_preview_scaffold/lib/src/widget_preview_rendering.dart:480:15 • undefined_method
  error • Undefined name 'CrossAxisAlignment' • flutter/packages/flutter_tools/test/widget_preview_scaffold.shard/widget_preview_scaffold/lib/src/widget_preview_rendering.dart:481:27 • undefined_identifier
  error • The method 'Padding' isn't defined for the type 'WidgetPreviewWidgetState' • flutter/packages/flutter_tools/test/widget_preview_scaffold.shard/widget_preview_scaffold/lib/src/widget_preview_rendering.dart:484:11 • undefined_method
  error • Undefined name 'EdgeInsets' • flutter/packages/flutter_tools/test/widget_preview_scaffold.shard/widget_preview_scaffold/lib/src/widget_preview_rendering.dart:485:28 • undefined_identifier
  error • The method 'Text' isn't defined for the type 'WidgetPreviewWidgetState' • flutter/packages/flutter_tools/test/widget_preview_scaffold.shard/widget_preview_scaffold/lib/src/widget_preview_rendering.dart:486:20 • undefined_method
  error • Undefined name 'widget' • flutter/packages/flutter_tools/test/widget_preview_scaffold.shard/widget_preview_scaffold/lib/src/widget_preview_rendering.dart:487:15 • undefined_identifier
  error • The method 'fixBlurryText' isn't defined for the type 'WidgetPreviewWidgetState' • flutter/packages/flutter_tools/test/widget_preview_scaffold.shard/widget_preview_scaffold/lib/src/widget_preview_rendering.dart:488:22 • undefined_method
  error • The method 'TextStyle' isn't defined for the type 'WidgetPreviewWidgetState' • flutter/packages/flutter_tools/test/widget_preview_scaffold.shard/widget_preview_scaffold/lib/src/widget_preview_rendering.dart:489:17 • undefined_method
  error • Undefined name 'FontWeight' • flutter/packages/flutter_tools/test/widget_preview_scaffold.shard/widget_preview_scaffold/lib/src/widget_preview_rendering.dart:489:53 • undefined_identifier
  error • The method 'Container' isn't defined for the type 'WidgetPreviewWidgetState' • flutter/packages/flutter_tools/test/widget_preview_scaffold.shard/widget_preview_scaffold/lib/src/widget_preview_rendering.dart:493:9 • undefined_method
  error • Undefined name 'EdgeInsets' • flutter/packages/flutter_tools/test/widget_preview_scaffold.shard/widget_preview_scaffold/lib/src/widget_preview_rendering.dart:494:26 • undefined_identifier
  error • Undefined name 'EdgeInsets' • flutter/packages/flutter_tools/test/widget_preview_scaffold.shard/widget_preview_scaffold/lib/src/widget_preview_rendering.dart:497:33 • undefined_identifier
  error • Undefined name 'EdgeInsets' • flutter/packages/flutter_tools/test/widget_preview_scaffold.shard/widget_preview_scaffold/lib/src/widget_preview_rendering.dart:497:61 • undefined_identifier
  error • The method 'BoxDecoration' isn't defined for the type 'WidgetPreviewWidgetState' • flutter/packages/flutter_tools/test/widget_preview_scaffold.shard/widget_preview_scaffold/lib/src/widget_preview_rendering.dart:499:17 • undefined_method
  error • The method 'Border' isn't defined for the type 'WidgetPreviewWidgetState' • flutter/packages/flutter_tools/test/widget_preview_scaffold.shard/widget_preview_scaffold/lib/src/widget_preview_rendering.dart:500:27 • undefined_method
  error • Undefined name 'Divider' • flutter/packages/flutter_tools/test/widget_preview_scaffold.shard/widget_preview_scaffold/lib/src/widget_preview_rendering.dart:500:39 • undefined_identifier
  error • The method 'Column' isn't defined for the type 'WidgetPreviewWidgetState' • flutter/packages/flutter_tools/test/widget_preview_scaffold.shard/widget_preview_scaffold/lib/src/widget_preview_rendering.dart:503:18 • undefined_method
  error • The name 'VerticalSpacer' isn't a class • flutter/packages/flutter_tools/test/widget_preview_scaffold.shard/widget_preview_scaffold/lib/src/widget_preview_rendering.dart:509:21 • creation_with_non_type
  error • The method 'Builder' isn't defined for the type 'WidgetPreviewWidgetState' • flutter/packages/flutter_tools/test/widget_preview_scaffold.shard/widget_preview_scaffold/lib/src/widget_preview_rendering.dart:510:15 • undefined_method
  error • The method 'Padding' isn't defined for the type 'WidgetPreviewWidgetState' • flutter/packages/flutter_tools/test/widget_preview_scaffold.shard/widget_preview_scaffold/lib/src/widget_preview_rendering.dart:527:12 • undefined_method
  error • Undefined name 'EdgeInsets' • flutter/packages/flutter_tools/test/widget_preview_scaffold.shard/widget_preview_scaffold/lib/src/widget_preview_rendering.dart:528:22 • undefined_identifier
  error • Undefined name 'Card' • flutter/packages/flutter_tools/test/widget_preview_scaffold.shard/widget_preview_scaffold/lib/src/widget_preview_rendering.dart:529:14 • undefined_identifier
  error • The method 'Padding' isn't defined for the type 'WidgetPreviewWidgetState' • flutter/packages/flutter_tools/test/widget_preview_scaffold.shard/widget_preview_scaffold/lib/src/widget_preview_rendering.dart:530:16 • undefined_method
  error • Undefined name 'EdgeInsets' • flutter/packages/flutter_tools/test/widget_preview_scaffold.shard/widget_preview_scaffold/lib/src/widget_preview_rendering.dart:531:26 • undefined_identifier
  error • Classes can only extend other classes • flutter/packages/flutter_tools/test/widget_preview_scaffold.shard/widget_preview_scaffold/lib/src/widget_preview_rendering.dart:539:40 • extends_non_class
  error • Undefined class 'TransformationController' • flutter/packages/flutter_tools/test/widget_preview_scaffold.shard/widget_preview_scaffold/lib/src/widget_preview_rendering.dart:547:9 • undefined_class
  error • Undefined class 'ValueNotifier' • flutter/packages/flutter_tools/test/widget_preview_scaffold.shard/widget_preview_scaffold/lib/src/widget_preview_rendering.dart:549:9 • undefined_class
  error • The name 'Brightness' isn't a type, so it can't be used as a type argument • flutter/packages/flutter_tools/test/widget_preview_scaffold.shard/widget_preview_scaffold/lib/src/widget_preview_rendering.dart:549:23 • non_type_as_type_argument
  error • Undefined class 'ValueNotifier' • flutter/packages/flutter_tools/test/widget_preview_scaffold.shard/widget_preview_scaffold/lib/src/widget_preview_rendering.dart:550:9 • undefined_class
  error • Undefined class 'Widget' • flutter/packages/flutter_tools/test/widget_preview_scaffold.shard/widget_preview_scaffold/lib/src/widget_preview_rendering.dart:553:3 • undefined_class
warning • The method doesn't override an inherited method • flutter/packages/flutter_tools/test/widget_preview_scaffold.shard/widget_preview_scaffold/lib/src/widget_preview_rendering.dart:553:10 • override_on_non_overriding_member
  error • Undefined class 'BuildContext' • flutter/packages/flutter_tools/test/widget_preview_scaffold.shard/widget_preview_scaffold/lib/src/widget_preview_rendering.dart:553:16 • undefined_class
  error • The method 'Container' isn't defined for the type '_WidgetPreviewControlRow' • flutter/packages/flutter_tools/test/widget_preview_scaffold.shard/widget_preview_scaffold/lib/src/widget_preview_rendering.dart:556:14 • undefined_method
  error • The method 'Row' isn't defined for the type '_WidgetPreviewControlRow' • flutter/packages/flutter_tools/test/widget_preview_scaffold.shard/widget_preview_scaffold/lib/src/widget_preview_rendering.dart:558:12 • undefined_method
  error • Undefined name 'MainAxisSize' • flutter/packages/flutter_tools/test/widget_preview_scaffold.shard/widget_preview_scaffold/lib/src/widget_preview_rendering.dart:559:21 • undefined_identifier
  error • The method 'ZoomControls' isn't defined for the type '_WidgetPreviewControlRow' • flutter/packages/flutter_tools/test/widget_preview_scaffold.shard/widget_preview_scaffold/lib/src/widget_preview_rendering.dart:564:9 • undefined_method
  error • The name 'SizedBox' isn't a class • flutter/packages/flutter_tools/test/widget_preview_scaffold.shard/widget_preview_scaffold/lib/src/widget_preview_rendering.dart:565:15 • creation_with_non_type
  error • The method 'BrightnessToggleButton' isn't defined for the type '_WidgetPreviewControlRow' • flutter/packages/flutter_tools/test/widget_preview_scaffold.shard/widget_preview_scaffold/lib/src/widget_preview_rendering.dart:566:9 • undefined_method
  error • The name 'SizedBox' isn't a class • flutter/packages/flutter_tools/test/widget_preview_scaffold.shard/widget_preview_scaffold/lib/src/widget_preview_rendering.dart:567:15 • creation_with_non_type
  error • The method 'SoftRestartButton' isn't defined for the type '_WidgetPreviewControlRow' • flutter/packages/flutter_tools/test/widget_preview_scaffold.shard/widget_preview_scaffold/lib/src/widget_preview_rendering.dart:568:9 • undefined_method
  error • Classes can only extend other classes • flutter/packages/flutter_tools/test/widget_preview_scaffold.shard/widget_preview_scaffold/lib/src/widget_preview_rendering.dart:575:36 • extends_non_class
  error • No associated named super constructor parameter • flutter/packages/flutter_tools/test/widget_preview_scaffold.shard/widget_preview_scaffold/lib/src/widget_preview_rendering.dart:577:11 • super_formal_parameter_without_associated_named
  error • Undefined class 'Widget' • flutter/packages/flutter_tools/test/widget_preview_scaffold.shard/widget_preview_scaffold/lib/src/widget_preview_rendering.dart:582:9 • undefined_class
  error • Undefined class 'PreviewThemeData' • flutter/packages/flutter_tools/test/widget_preview_scaffold.shard/widget_preview_scaffold/lib/src/widget_preview_rendering.dart:585:9 • undefined_class
  error • Undefined class 'Widget' • flutter/packages/flutter_tools/test/widget_preview_scaffold.shard/widget_preview_scaffold/lib/src/widget_preview_rendering.dart:588:3 • undefined_class
warning • The method doesn't override an inherited method • flutter/packages/flutter_tools/test/widget_preview_scaffold.shard/widget_preview_scaffold/lib/src/widget_preview_rendering.dart:588:10 • override_on_non_overriding_member
  error • Undefined class 'BuildContext' • flutter/packages/flutter_tools/test/widget_preview_scaffold.shard/widget_preview_scaffold/lib/src/widget_preview_rendering.dart:588:16 • undefined_class
  error • Undefined name 'MediaQuery' • flutter/packages/flutter_tools/test/widget_preview_scaffold.shard/widget_preview_scaffold/lib/src/widget_preview_rendering.dart:594:7 • undefined_identifier
  error • Undefined class 'Widget' • flutter/packages/flutter_tools/test/widget_preview_scaffold.shard/widget_preview_scaffold/lib/src/widget_preview_rendering.dart:596:5 • undefined_class
  error • The method 'Theme' isn't defined for the type 'WidgetPreviewTheming' • flutter/packages/flutter_tools/test/widget_preview_scaffold.shard/widget_preview_scaffold/lib/src/widget_preview_rendering.dart:598:16 • undefined_method
  error • The method 'CupertinoTheme' isn't defined for the type 'WidgetPreviewTheming' • flutter/packages/flutter_tools/test/widget_preview_scaffold.shard/widget_preview_scaffold/lib/src/widget_preview_rendering.dart:601:16 • undefined_method
  error • Classes can only extend other classes • flutter/packages/flutter_tools/test/widget_preview_scaffold.shard/widget_preview_scaffold/lib/src/widget_preview_rendering.dart:609:47 • extends_non_class
  error • No associated named super constructor parameter • flutter/packages/flutter_tools/test/widget_preview_scaffold.shard/widget_preview_scaffold/lib/src/widget_preview_rendering.dart:611:11 • super_formal_parameter_without_associated_named
  error • Undefined class 'WidgetPreview' • flutter/packages/flutter_tools/test/widget_preview_scaffold.shard/widget_preview_scaffold/lib/src/widget_preview_rendering.dart:618:9 • undefined_class
  error • Undefined class 'ValueListenable' • flutter/packages/flutter_tools/test/widget_preview_scaffold.shard/widget_preview_scaffold/lib/src/widget_preview_rendering.dart:621:9 • undefined_class
  error • The name 'Brightness' isn't a type, so it can't be used as a type argument • flutter/packages/flutter_tools/test/widget_preview_scaffold.shard/widget_preview_scaffold/lib/src/widget_preview_rendering.dart:621:25 • non_type_as_type_argument
  error • Undefined class 'Widget' • flutter/packages/flutter_tools/test/widget_preview_scaffold.shard/widget_preview_scaffold/lib/src/widget_preview_rendering.dart:623:9 • undefined_class
  error • Undefined class 'Widget' • flutter/packages/flutter_tools/test/widget_preview_scaffold.shard/widget_preview_scaffold/lib/src/widget_preview_rendering.dart:626:3 • undefined_class
warning • The method doesn't override an inherited method • flutter/packages/flutter_tools/test/widget_preview_scaffold.shard/widget_preview_scaffold/lib/src/widget_preview_rendering.dart:626:10 • override_on_non_overriding_member
  error • Undefined class 'BuildContext' • flutter/packages/flutter_tools/test/widget_preview_scaffold.shard/widget_preview_scaffold/lib/src/widget_preview_rendering.dart:626:16 • undefined_class
  error • The method 'ValueListenableBuilder' isn't defined for the type 'WidgetPreviewMediaQueryOverride' • flutter/packages/flutter_tools/test/widget_preview_scaffold.shard/widget_preview_scaffold/lib/src/widget_preview_rendering.dart:627:12 • undefined_method
  error • The name 'Brightness' isn't a type, so it can't be used as a type argument • flutter/packages/flutter_tools/test/widget_preview_scaffold.shard/widget_preview_scaffold/lib/src/widget_preview_rendering.dart:627:35 • non_type_as_type_argument
  error • The method 'MediaQuery' isn't defined for the type 'WidgetPreviewMediaQueryOverride' • flutter/packages/flutter_tools/test/widget_preview_scaffold.shard/widget_preview_scaffold/lib/src/widget_preview_rendering.dart:630:16 • undefined_method
  error • Undefined class 'MediaQueryData' • flutter/packages/flutter_tools/test/widget_preview_scaffold.shard/widget_preview_scaffold/lib/src/widget_preview_rendering.dart:643:3 • undefined_class
  error • Undefined class 'BuildContext' • flutter/packages/flutter_tools/test/widget_preview_scaffold.shard/widget_preview_scaffold/lib/src/widget_preview_rendering.dart:644:14 • undefined_class
  error • Undefined class 'Brightness' • flutter/packages/flutter_tools/test/widget_preview_scaffold.shard/widget_preview_scaffold/lib/src/widget_preview_rendering.dart:645:14 • undefined_class
  error • Undefined name 'MediaQuery' • flutter/packages/flutter_tools/test/widget_preview_scaffold.shard/widget_preview_scaffold/lib/src/widget_preview_rendering.dart:647:26 • undefined_identifier
  error • Undefined name 'TextScaler' • flutter/packages/flutter_tools/test/widget_preview_scaffold.shard/widget_preview_scaffold/lib/src/widget_preview_rendering.dart:653:21 • undefined_identifier
  error • The method 'Size' isn't defined for the type 'WidgetPreviewMediaQueryOverride' • flutter/packages/flutter_tools/test/widget_preview_scaffold.shard/widget_preview_scaffold/lib/src/widget_preview_rendering.dart:657:16 • undefined_method
  error • Classes can only extend other classes • flutter/packages/flutter_tools/test/widget_preview_scaffold.shard/widget_preview_scaffold/lib/src/widget_preview_rendering.dart:672:42 • extends_non_class
  error • No associated named super constructor parameter • flutter/packages/flutter_tools/test/widget_preview_scaffold.shard/widget_preview_scaffold/lib/src/widget_preview_rendering.dart:674:11 • super_formal_parameter_without_associated_named
  error • Undefined class 'PreviewLocalizationsData' • flutter/packages/flutter_tools/test/widget_preview_scaffold.shard/widget_preview_scaffold/lib/src/widget_preview_rendering.dart:679:9 • undefined_class
  error • Undefined class 'Widget' • flutter/packages/flutter_tools/test/widget_preview_scaffold.shard/widget_preview_scaffold/lib/src/widget_preview_rendering.dart:680:9 • undefined_class
  error • Undefined class 'State' • flutter/packages/flutter_tools/test/widget_preview_scaffold.shard/widget_preview_scaffold/lib/src/widget_preview_rendering.dart:683:3 • undefined_class
warning • The method doesn't override an inherited method • flutter/packages/flutter_tools/test/widget_preview_scaffold.shard/widget_preview_scaffold/lib/src/widget_preview_rendering.dart:683:37 • override_on_non_overriding_member
  error • Classes can only extend other classes • flutter/packages/flutter_tools/test/widget_preview_scaffold.shard/widget_preview_scaffold/lib/src/widget_preview_rendering.dart:688:13 • extends_non_class
  error • Undefined class 'PreviewLocalizationsData' • flutter/packages/flutter_tools/test/widget_preview_scaffold.shard/widget_preview_scaffold/lib/src/widget_preview_rendering.dart:689:3 • undefined_class
  error • Undefined name 'widget' • flutter/packages/flutter_tools/test/widget_preview_scaffold.shard/widget_preview_scaffold/lib/src/widget_preview_rendering.dart:689:54 • undefined_identifier
  error • Undefined class 'LocalizationsResolver' • flutter/packages/flutter_tools/test/widget_preview_scaffold.shard/widget_preview_scaffold/lib/src/widget_preview_rendering.dart:690:14 • undefined_class
  error • The method 'LocalizationsResolver' isn't defined for the type '_WidgetPreviewLocalizationsState' • flutter/packages/flutter_tools/test/widget_preview_scaffold.shard/widget_preview_scaffold/lib/src/widget_preview_rendering.dart:691:7 • undefined_method
warning • The method doesn't override an inherited method • flutter/packages/flutter_tools/test/widget_preview_scaffold.shard/widget_preview_scaffold/lib/src/widget_preview_rendering.dart:701:8 • override_on_non_overriding_member
  error • The method 'didUpdateWidget' isn't defined in a superclass of '_WidgetPreviewLocalizationsState' • flutter/packages/flutter_tools/test/widget_preview_scaffold.shard/widget_preview_scaffold/lib/src/widget_preview_rendering.dart:702:11 • undefined_super_member
  error • Undefined class 'PreviewLocalizationsData' • flutter/packages/flutter_tools/test/widget_preview_scaffold.shard/widget_preview_scaffold/lib/src/widget_preview_rendering.dart:703:11 • undefined_class
  error • Undefined name 'widget' • flutter/packages/flutter_tools/test/widget_preview_scaffold.shard/widget_preview_scaffold/lib/src/widget_preview_rendering.dart:704:9 • undefined_identifier
  error • Undefined class 'Widget' • flutter/packages/flutter_tools/test/widget_preview_scaffold.shard/widget_preview_scaffold/lib/src/widget_preview_rendering.dart:719:3 • undefined_class
warning • The method doesn't override an inherited method • flutter/packages/flutter_tools/test/widget_preview_scaffold.shard/widget_preview_scaffold/lib/src/widget_preview_rendering.dart:719:10 • override_on_non_overriding_member
  error • Undefined class 'BuildContext' • flutter/packages/flutter_tools/test/widget_preview_scaffold.shard/widget_preview_scaffold/lib/src/widget_preview_rendering.dart:719:16 • undefined_class
  error • Undefined name 'widget' • flutter/packages/flutter_tools/test/widget_preview_scaffold.shard/widget_preview_scaffold/lib/src/widget_preview_rendering.dart:720:9 • undefined_identifier
  error • Undefined name 'widget' • flutter/packages/flutter_tools/test/widget_preview_scaffold.shard/widget_preview_scaffold/lib/src/widget_preview_rendering.dart:721:14 • undefined_identifier
  error • The method 'ListenableBuilder' isn't defined for the type '_WidgetPreviewLocalizationsState' • flutter/packages/flutter_tools/test/widget_preview_scaffold.shard/widget_preview_scaffold/lib/src/widget_preview_rendering.dart:723:12 • undefined_method
  error • The method 'Localizations' isn't defined for the type '_WidgetPreviewLocalizationsState' • flutter/packages/flutter_tools/test/widget_preview_scaffold.shard/widget_preview_scaffold/lib/src/widget_preview_rendering.dart:726:16 • undefined_method
  error • Undefined name 'widget' • flutter/packages/flutter_tools/test/widget_preview_scaffold.shard/widget_preview_scaffold/lib/src/widget_preview_rendering.dart:729:18 • undefined_identifier
  error • Classes can only extend other classes • flutter/packages/flutter_tools/test/widget_preview_scaffold.shard/widget_preview_scaffold/lib/src/widget_preview_rendering.dart:741:48 • extends_non_class
  error • No associated named super constructor parameter • flutter/packages/flutter_tools/test/widget_preview_scaffold.shard/widget_preview_scaffold/lib/src/widget_preview_rendering.dart:743:11 • super_formal_parameter_without_associated_named
  error • No associated named super constructor parameter • flutter/packages/flutter_tools/test/widget_preview_scaffold.shard/widget_preview_scaffold/lib/src/widget_preview_rendering.dart:744:20 • super_formal_parameter_without_associated_named
  error • Undefined class 'BoxConstraints' • flutter/packages/flutter_tools/test/widget_preview_scaffold.shard/widget_preview_scaffold/lib/src/widget_preview_rendering.dart:748:9 • undefined_class
  error • Undefined class 'BoxConstraints' • flutter/packages/flutter_tools/test/widget_preview_scaffold.shard/widget_preview_scaffold/lib/src/widget_preview_rendering.dart:750:10 • undefined_class
  error • Undefined class 'BuildContext' • flutter/packages/flutter_tools/test/widget_preview_scaffold.shard/widget_preview_scaffold/lib/src/widget_preview_rendering.dart:750:44 • undefined_class
warning • The method doesn't override an inherited method • flutter/packages/flutter_tools/test/widget_preview_scaffold.shard/widget_preview_scaffold/lib/src/widget_preview_rendering.dart:761:8 • override_on_non_overriding_member
  error • Classes can only extend other classes • flutter/packages/flutter_tools/test/widget_preview_scaffold.shard/widget_preview_scaffold/lib/src/widget_preview_rendering.dart:766:40 • extends_non_class
  error • No associated named super constructor parameter • flutter/packages/flutter_tools/test/widget_preview_scaffold.shard/widget_preview_scaffold/lib/src/widget_preview_rendering.dart:768:11 • super_formal_parameter_without_associated_named
  error • Undefined class 'Widget' • flutter/packages/flutter_tools/test/widget_preview_scaffold.shard/widget_preview_scaffold/lib/src/widget_preview_rendering.dart:773:9 • undefined_class
  error • Undefined class 'TransformationController' • flutter/packages/flutter_tools/test/widget_preview_scaffold.shard/widget_preview_scaffold/lib/src/widget_preview_rendering.dart:774:9 • undefined_class
  error • Undefined class 'Widget' • flutter/packages/flutter_tools/test/widget_preview_scaffold.shard/widget_preview_scaffold/lib/src/widget_preview_rendering.dart:777:3 • undefined_class
warning • The method doesn't override an inherited method • flutter/packages/flutter_tools/test/widget_preview_scaffold.shard/widget_preview_scaffold/lib/src/widget_preview_rendering.dart:777:10 • override_on_non_overriding_member
  error • Undefined class 'BuildContext' • flutter/packages/flutter_tools/test/widget_preview_scaffold.shard/widget_preview_scaffold/lib/src/widget_preview_rendering.dart:777:16 • undefined_class
  error • The method 'InteractiveViewer' isn't defined for the type 'InteractiveViewerWrapper' • flutter/packages/flutter_tools/test/widget_preview_scaffold.shard/widget_preview_scaffold/lib/src/widget_preview_rendering.dart:778:12 • undefined_method
  error • Classes can only extend other classes • flutter/packages/flutter_tools/test/widget_preview_scaffold.shard/widget_preview_scaffold/lib/src/widget_preview_rendering.dart:790:37 • extends_non_class
  error • No associated named super constructor parameter • flutter/packages/flutter_tools/test/widget_preview_scaffold.shard/widget_preview_scaffold/lib/src/widget_preview_rendering.dart:792:11 • super_formal_parameter_without_associated_named
  error • Undefined class 'BoxConstraints' • flutter/packages/flutter_tools/test/widget_preview_scaffold.shard/widget_preview_scaffold/lib/src/widget_preview_rendering.dart:797:9 • undefined_class
  error • Undefined class 'RenderObject' • flutter/packages/flutter_tools/test/widget_preview_scaffold.shard/widget_preview_scaffold/lib/src/widget_preview_rendering.dart:800:3 • undefined_class
warning • The method doesn't override an inherited method • flutter/packages/flutter_tools/test/widget_preview_scaffold.shard/widget_preview_scaffold/lib/src/widget_preview_rendering.dart:800:16 • override_on_non_overriding_member
  error • Undefined class 'BuildContext' • flutter/packages/flutter_tools/test/widget_preview_scaffold.shard/widget_preview_scaffold/lib/src/widget_preview_rendering.dart:800:35 • undefined_class
warning • The method doesn't override an inherited method • flutter/packages/flutter_tools/test/widget_preview_scaffold.shard/widget_preview_scaffold/lib/src/widget_preview_rendering.dart:808:8 • override_on_non_overriding_member
  error • Undefined class 'BuildContext' • flutter/packages/flutter_tools/test/widget_preview_scaffold.shard/widget_preview_scaffold/lib/src/widget_preview_rendering.dart:809:5 • undefined_class
  error • Classes can only extend other classes • flutter/packages/flutter_tools/test/widget_preview_scaffold.shard/widget_preview_scaffold/lib/src/widget_preview_rendering.dart:817:40 • extends_non_class
  error • Undefined class 'RenderBox' • flutter/packages/flutter_tools/test/widget_preview_scaffold.shard/widget_preview_scaffold/lib/src/widget_preview_rendering.dart:819:14 • undefined_class
  error • Undefined class 'BoxConstraints' • flutter/packages/flutter_tools/test/widget_preview_scaffold.shard/widget_preview_scaffold/lib/src/widget_preview_rendering.dart:820:14 • undefined_class
  error • Too many positional arguments: 0 expected, but 1 found • flutter/packages/flutter_tools/test/widget_preview_scaffold.shard/widget_preview_scaffold/lib/src/widget_preview_rendering.dart:822:14 • extra_positional_arguments
  error • Undefined class 'BoxConstraints' • flutter/packages/flutter_tools/test/widget_preview_scaffold.shard/widget_preview_scaffold/lib/src/widget_preview_rendering.dart:824:3 • undefined_class
  error • The name 'BoxConstraints' isn't a class • flutter/packages/flutter_tools/test/widget_preview_scaffold.shard/widget_preview_scaffold/lib/src/widget_preview_rendering.dart:824:46 • creation_with_non_type
  error • Undefined class 'BoxConstraints' • flutter/packages/flutter_tools/test/widget_preview_scaffold.shard/widget_preview_scaffold/lib/src/widget_preview_rendering.dart:825:3 • undefined_class
  error • Undefined class 'BoxConstraints' • flutter/packages/flutter_tools/test/widget_preview_scaffold.shard/widget_preview_scaffold/lib/src/widget_preview_rendering.dart:827:32 • undefined_class
  error • The method 'markNeedsLayout' isn't defined for the type '_WidgetPreviewWrapperBox' • flutter/packages/flutter_tools/test/widget_preview_scaffold.shard/widget_preview_scaffold/lib/src/widget_preview_rendering.dart:832:5 • undefined_method
warning • The method doesn't override an inherited method • flutter/packages/flutter_tools/test/widget_preview_scaffold.shard/widget_preview_scaffold/lib/src/widget_preview_rendering.dart:836:8 • override_on_non_overriding_member
  error • Undefined class 'Constraints' • flutter/packages/flutter_tools/test/widget_preview_scaffold.shard/widget_preview_scaffold/lib/src/widget_preview_rendering.dart:836:15 • undefined_class
  error • Undefined name 'child' • flutter/packages/flutter_tools/test/widget_preview_scaffold.shard/widget_preview_scaffold/lib/src/widget_preview_rendering.dart:837:9 • undefined_identifier
  error • The name 'BoxConstraints' isn't defined, so it can't be used in an 'is' expression • flutter/packages/flutter_tools/test/widget_preview_scaffold.shard/widget_preview_scaffold/lib/src/widget_preview_rendering.dart:837:41 • type_test_with_undefined_name
  error • Undefined name 'child' • flutter/packages/flutter_tools/test/widget_preview_scaffold.shard/widget_preview_scaffold/lib/src/widget_preview_rendering.dart:840:31 • undefined_identifier
  error • The name 'BoxConstraints' isn't a class • flutter/packages/flutter_tools/test/widget_preview_scaffold.shard/widget_preview_scaffold/lib/src/widget_preview_rendering.dart:854:19 • creation_with_non_type
  error • The method 'layout' isn't defined in a superclass of '_WidgetPreviewWrapperBox' • flutter/packages/flutter_tools/test/widget_preview_scaffold.shard/widget_preview_scaffold/lib/src/widget_preview_rendering.dart:856:11 • undefined_super_member
warning • The method doesn't override an inherited method • flutter/packages/flutter_tools/test/widget_preview_scaffold.shard/widget_preview_scaffold/lib/src/widget_preview_rendering.dart:860:8 • override_on_non_overriding_member
  error • The getter 'child' isn't defined for the type '_WidgetPreviewWrapperBox' • flutter/packages/flutter_tools/test/widget_preview_scaffold.shard/widget_preview_scaffold/lib/src/widget_preview_rendering.dart:861:24 • undefined_getter
  error • Undefined name 'size' • flutter/packages/flutter_tools/test/widget_preview_scaffold.shard/widget_preview_scaffold/lib/src/widget_preview_rendering.dart:863:7 • undefined_identifier
  error • Undefined name 'Size' • flutter/packages/flutter_tools/test/widget_preview_scaffold.shard/widget_preview_scaffold/lib/src/widget_preview_rendering.dart:863:14 • undefined_identifier
  error • Undefined name 'constraints' • flutter/packages/flutter_tools/test/widget_preview_scaffold.shard/widget_preview_scaffold/lib/src/widget_preview_rendering.dart:866:60 • undefined_identifier
  error • Undefined name 'size' • flutter/packages/flutter_tools/test/widget_preview_scaffold.shard/widget_preview_scaffold/lib/src/widget_preview_rendering.dart:868:5 • undefined_identifier
  error • Undefined name 'constraints' • flutter/packages/flutter_tools/test/widget_preview_scaffold.shard/widget_preview_scaffold/lib/src/widget_preview_rendering.dart:868:12 • undefined_identifier
  error • Classes can only extend other classes • flutter/packages/flutter_tools/test/widget_preview_scaffold.shard/widget_preview_scaffold/lib/src/widget_preview_rendering.dart:874:34 • extends_non_class
  error • The name 'ByteData' isn't a type, so it can't be used as a type argument • flutter/packages/flutter_tools/test/widget_preview_scaffold.shard/widget_preview_scaffold/lib/src/widget_preview_rendering.dart:896:10 • non_type_as_type_argument
warning • The method doesn't override an inherited method • flutter/packages/flutter_tools/test/widget_preview_scaffold.shard/widget_preview_scaffold/lib/src/widget_preview_rendering.dart:896:20 • override_on_non_overriding_member
  error • The method 'load' isn't defined in a superclass of 'PreviewAssetBundle' • flutter/packages/flutter_tools/test/widget_preview_scaffold.shard/widget_preview_scaffold/lib/src/widget_preview_rendering.dart:905:20 • undefined_super_member
  error • The method 'load' isn't defined in a superclass of 'PreviewAssetBundle' • flutter/packages/flutter_tools/test/widget_preview_scaffold.shard/widget_preview_scaffold/lib/src/widget_preview_rendering.dart:909:18 • undefined_super_member
  error • The name 'ImmutableBuffer' isn't a type, so it can't be used as a type argument • flutter/packages/flutter_tools/test/widget_preview_scaffold.shard/widget_preview_scaffold/lib/src/widget_preview_rendering.dart:913:10 • non_type_as_type_argument
warning • The method doesn't override an inherited method • flutter/packages/flutter_tools/test/widget_preview_scaffold.shard/widget_preview_scaffold/lib/src/widget_preview_rendering.dart:913:27 • override_on_non_overriding_member
  error • Undefined name 'kIsWeb' • flutter/packages/flutter_tools/test/widget_preview_scaffold.shard/widget_preview_scaffold/lib/src/widget_preview_rendering.dart:914:9 • undefined_identifier
  error • Undefined class 'ByteData' • flutter/packages/flutter_tools/test/widget_preview_scaffold.shard/widget_preview_scaffold/lib/src/widget_preview_rendering.dart:915:13 • undefined_class
  error • Undefined name 'ImmutableBuffer' • flutter/packages/flutter_tools/test/widget_preview_scaffold.shard/widget_preview_scaffold/lib/src/widget_preview_rendering.dart:916:14 • undefined_identifier
  error • Undefined name 'Uint8List' • flutter/packages/flutter_tools/test/widget_preview_scaffold.shard/widget_preview_scaffold/lib/src/widget_preview_rendering.dart:916:44 • undefined_identifier
  error • Undefined name 'ImmutableBuffer' • flutter/packages/flutter_tools/test/widget_preview_scaffold.shard/widget_preview_scaffold/lib/src/widget_preview_rendering.dart:918:18 • undefined_identifier
  error • The function 'WidgetPreviewScaffoldController' isn't defined • flutter/packages/flutter_tools/test/widget_preview_scaffold.shard/widget_preview_scaffold/lib/src/widget_preview_rendering.dart:932:22 • undefined_function
  error • Undefined name 'previews' • flutter/packages/flutter_tools/test/widget_preview_scaffold.shard/widget_preview_scaffold/lib/src/widget_preview_rendering.dart:932:64 • undefined_identifier
  error • The function 'WidgetPreviewScaffoldInspectorService' isn't defined • flutter/packages/flutter_tools/test/widget_preview_scaffold.shard/widget_preview_scaffold/lib/src/widget_preview_rendering.dart:939:3 • undefined_function
  error • Undefined class 'WidgetsBinding' • flutter/packages/flutter_tools/test/widget_preview_scaffold.shard/widget_preview_scaffold/lib/src/widget_preview_rendering.dart:940:9 • undefined_class
  error • Undefined name 'WidgetsFlutterBinding' • flutter/packages/flutter_tools/test/widget_preview_scaffold.shard/widget_preview_scaffold/lib/src/widget_preview_rendering.dart:940:34 • undefined_identifier
  error • The function 'runWidget' isn't defined • flutter/packages/flutter_tools/test/widget_preview_scaffold.shard/widget_preview_scaffold/lib/src/widget_preview_rendering.dart:946:3 • undefined_function
  error • The function 'DisableWidgetInspectorScope' isn't defined • flutter/packages/flutter_tools/test/widget_preview_scaffold.shard/widget_preview_scaffold/lib/src/widget_preview_rendering.dart:947:5 • undefined_function
  error • The function 'HotReloadListener' isn't defined • flutter/packages/flutter_tools/test/widget_preview_scaffold.shard/widget_preview_scaffold/lib/src/widget_preview_rendering.dart:950:9 • undefined_function
  error • The function 'getIdeTheme' isn't defined • flutter/packages/flutter_tools/test/widget_preview_scaffold.shard/widget_preview_scaffold/lib/src/widget_preview_rendering.dart:954:23 • undefined_function
  error • Classes can only extend other classes • flutter/packages/flutter_tools/test/widget_preview_scaffold.shard/widget_preview_scaffold/lib/src/widget_preview_rendering.dart:962:37 • extends_non_class
  error • No associated named super constructor parameter • flutter/packages/flutter_tools/test/widget_preview_scaffold.shard/widget_preview_scaffold/lib/src/widget_preview_rendering.dart:964:11 • super_formal_parameter_without_associated_named
  error • The name 'IdeTheme' isn't a class • flutter/packages/flutter_tools/test/widget_preview_scaffold.shard/widget_preview_scaffold/lib/src/widget_preview_rendering.dart:966:27 • creation_with_non_type
  error • Undefined class 'WidgetPreviewScaffoldController' • flutter/packages/flutter_tools/test/widget_preview_scaffold.shard/widget_preview_scaffold/lib/src/widget_preview_rendering.dart:969:9 • undefined_class
  error • Undefined class 'IdeTheme' • flutter/packages/flutter_tools/test/widget_preview_scaffold.shard/widget_preview_scaffold/lib/src/widget_preview_rendering.dart:970:9 • undefined_class
  error • Undefined class 'Widget' • flutter/packages/flutter_tools/test/widget_preview_scaffold.shard/widget_preview_scaffold/lib/src/widget_preview_rendering.dart:973:3 • undefined_class
warning • The method doesn't override an inherited method • flutter/packages/flutter_tools/test/widget_preview_scaffold.shard/widget_preview_scaffold/lib/src/widget_preview_rendering.dart:973:10 • override_on_non_overriding_member
  error • Undefined class 'BuildContext' • flutter/packages/flutter_tools/test/widget_preview_scaffold.shard/widget_preview_scaffold/lib/src/widget_preview_rendering.dart:973:16 • undefined_class
  error • The method 'MaterialApp' isn't defined for the type 'WidgetPreviewScaffold' • flutter/packages/flutter_tools/test/widget_preview_scaffold.shard/widget_preview_scaffold/lib/src/widget_preview_rendering.dart:974:12 • undefined_method
  error • The method 'themeFor' isn't defined for the type 'WidgetPreviewScaffold' • flutter/packages/flutter_tools/test/widget_preview_scaffold.shard/widget_preview_scaffold/lib/src/widget_preview_rendering.dart:976:14 • undefined_method
  error • The method 'ThemeData' isn't defined for the type 'WidgetPreviewScaffold' • flutter/packages/flutter_tools/test/widget_preview_scaffold.shard/widget_preview_scaffold/lib/src/widget_preview_rendering.dart:979:16 • undefined_method
  error • The method 'themeFor' isn't defined for the type 'WidgetPreviewScaffold' • flutter/packages/flutter_tools/test/widget_preview_scaffold.shard/widget_preview_scaffold/lib/src/widget_preview_rendering.dart:981:18 • undefined_method
  error • Undefined name 'ThemeData' • flutter/packages/flutter_tools/test/widget_preview_scaffold.shard/widget_preview_scaffold/lib/src/widget_preview_rendering.dart:984:16 • undefined_identifier
  error • Undefined name 'ThemeMode' • flutter/packages/flutter_tools/test/widget_preview_scaffold.shard/widget_preview_scaffold/lib/src/widget_preview_rendering.dart:986:40 • undefined_identifier
  error • Undefined name 'ThemeMode' • flutter/packages/flutter_tools/test/widget_preview_scaffold.shard/widget_preview_scaffold/lib/src/widget_preview_rendering.dart:986:57 • undefined_identifier
  error • The method 'Material' isn't defined for the type 'WidgetPreviewScaffold' • flutter/packages/flutter_tools/test/widget_preview_scaffold.shard/widget_preview_scaffold/lib/src/widget_preview_rendering.dart:987:13 • undefined_method
  error • The method 'Column' isn't defined for the type 'WidgetPreviewScaffold' • flutter/packages/flutter_tools/test/widget_preview_scaffold.shard/widget_preview_scaffold/lib/src/widget_preview_rendering.dart:988:16 • undefined_method
  error • The method 'Expanded' isn't defined for the type 'WidgetPreviewScaffold' • flutter/packages/flutter_tools/test/widget_preview_scaffold.shard/widget_preview_scaffold/lib/src/widget_preview_rendering.dart:991:13 • undefined_method
  error • The method 'Container' isn't defined for the type 'WidgetPreviewScaffold' • flutter/packages/flutter_tools/test/widget_preview_scaffold.shard/widget_preview_scaffold/lib/src/widget_preview_rendering.dart:992:22 • undefined_method
  error • Undefined name 'EdgeInsets' • flutter/packages/flutter_tools/test/widget_preview_scaffold.shard/widget_preview_scaffold/lib/src/widget_preview_rendering.dart:993:26 • undefined_identifier
  error • Classes can only extend other classes • flutter/packages/flutter_tools/test/widget_preview_scaffold.shard/widget_preview_scaffold/lib/src/widget_preview_rendering.dart:1006:37 • extends_non_class
  error • No associated named super constructor parameter • flutter/packages/flutter_tools/test/widget_preview_scaffold.shard/widget_preview_scaffold/lib/src/widget_preview_rendering.dart:1007:38 • super_formal_parameter_without_associated_named
  error • Undefined class 'WidgetPreviewScaffoldController' • flutter/packages/flutter_tools/test/widget_preview_scaffold.shard/widget_preview_scaffold/lib/src/widget_preview_rendering.dart:1010:9 • undefined_class
  error • Undefined class 'Widget' • flutter/packages/flutter_tools/test/widget_preview_scaffold.shard/widget_preview_scaffold/lib/src/widget_preview_rendering.dart:1013:3 • undefined_class
warning • The method doesn't override an inherited method • flutter/packages/flutter_tools/test/widget_preview_scaffold.shard/widget_preview_scaffold/lib/src/widget_preview_rendering.dart:1013:10 • override_on_non_overriding_member
  error • Undefined class 'BuildContext' • flutter/packages/flutter_tools/test/widget_preview_scaffold.shard/widget_preview_scaffold/lib/src/widget_preview_rendering.dart:1013:16 • undefined_class
  error • The method 'Container' isn't defined for the type 'WidgetPreviewControls' • flutter/packages/flutter_tools/test/widget_preview_scaffold.shard/widget_preview_scaffold/lib/src/widget_preview_rendering.dart:1014:12 • undefined_method
  error • Undefined name 'EdgeInsets' • flutter/packages/flutter_tools/test/widget_preview_scaffold.shard/widget_preview_scaffold/lib/src/widget_preview_rendering.dart:1015:16 • undefined_identifier
  error • The method 'Row' isn't defined for the type 'WidgetPreviewControls' • flutter/packages/flutter_tools/test/widget_preview_scaffold.shard/widget_preview_scaffold/lib/src/widget_preview_rendering.dart:1020:14 • undefined_method
  error • The method 'LayoutTypeSelector' isn't defined for the type 'WidgetPreviewControls' • flutter/packages/flutter_tools/test/widget_preview_scaffold.shard/widget_preview_scaffold/lib/src/widget_preview_rendering.dart:1022:11 • undefined_method
  error • The method 'HorizontalSpacer' isn't defined for the type 'WidgetPreviewControls' • flutter/packages/flutter_tools/test/widget_preview_scaffold.shard/widget_preview_scaffold/lib/src/widget_preview_rendering.dart:1023:11 • undefined_method
  error • The method 'FilterBySelectedFileToggle' isn't defined for the type 'WidgetPreviewControls' • flutter/packages/flutter_tools/test/widget_preview_scaffold.shard/widget_preview_scaffold/lib/src/widget_preview_rendering.dart:1024:11 • undefined_method
  error • The method 'Spacer' isn't defined for the type 'WidgetPreviewControls' • flutter/packages/flutter_tools/test/widget_preview_scaffold.shard/widget_preview_scaffold/lib/src/widget_preview_rendering.dart:1025:11 • undefined_method
  error • The method 'WidgetPreviewerRestartButton' isn't defined for the type 'WidgetPreviewControls' • flutter/packages/flutter_tools/test/widget_preview_scaffold.shard/widget_preview_scaffold/lib/src/widget_preview_rendering.dart:1026:11 • undefined_method
  error • Classes can only extend other classes • flutter/packages/flutter_tools/test/widget_preview_scaffold.shard/widget_preview_scaffold/lib/src/widget_preview_rendering.dart:1034:30 • extends_non_class
  error • No associated named super constructor parameter • flutter/packages/flutter_tools/test/widget_preview_scaffold.shard/widget_preview_scaffold/lib/src/widget_preview_rendering.dart:1035:31 • super_formal_parameter_without_associated_named
  error • Undefined class 'WidgetPreviewScaffoldController' • flutter/packages/flutter_tools/test/widget_preview_scaffold.shard/widget_preview_scaffold/lib/src/widget_preview_rendering.dart:1037:9 • undefined_class
  error • Undefined class 'Widget' • flutter/packages/flutter_tools/test/widget_preview_scaffold.shard/widget_preview_scaffold/lib/src/widget_preview_rendering.dart:1040:3 • undefined_class
warning • The method doesn't override an inherited method • flutter/packages/flutter_tools/test/widget_preview_scaffold.shard/widget_preview_scaffold/lib/src/widget_preview_rendering.dart:1040:10 • override_on_non_overriding_member
  error • Undefined class 'BuildContext' • flutter/packages/flutter_tools/test/widget_preview_scaffold.shard/widget_preview_scaffold/lib/src/widget_preview_rendering.dart:1040:16 • undefined_class
  error • The method 'ValueListenableBuilder' isn't defined for the type 'WidgetPreviews' • flutter/packages/flutter_tools/test/widget_preview_scaffold.shard/widget_preview_scaffold/lib/src/widget_preview_rendering.dart:1041:12 • undefined_method
  error • The name 'WidgetPreviewGroups' isn't a type, so it can't be used as a type argument • flutter/packages/flutter_tools/test/widget_preview_scaffold.shard/widget_preview_scaffold/lib/src/widget_preview_rendering.dart:1041:35 • non_type_as_type_argument
  error • The method 'Column' isn't defined for the type 'WidgetPreviews' • flutter/packages/flutter_tools/test/widget_preview_scaffold.shard/widget_preview_scaffold/lib/src/widget_preview_rendering.dart:1045:18 • undefined_method
  error • Undefined name 'MainAxisAlignment' • flutter/packages/flutter_tools/test/widget_preview_scaffold.shard/widget_preview_scaffold/lib/src/widget_preview_rendering.dart:1046:32 • undefined_identifier
  error • The method 'LayoutBuilder' isn't defined for the type 'WidgetPreviews' • flutter/packages/flutter_tools/test/widget_preview_scaffold.shard/widget_preview_scaffold/lib/src/widget_preview_rendering.dart:1050:16 • undefined_method
  error • Undefined class 'BuildContext' • flutter/packages/flutter_tools/test/widget_preview_scaffold.shard/widget_preview_scaffold/lib/src/widget_preview_rendering.dart:1051:21 • undefined_class
  error • Undefined class 'BoxConstraints' • flutter/packages/flutter_tools/test/widget_preview_scaffold.shard/widget_preview_scaffold/lib/src/widget_preview_rendering.dart:1051:43 • undefined_class
  error • Undefined name 'ListView' • flutter/packages/flutter_tools/test/widget_preview_scaffold.shard/widget_preview_scaffold/lib/src/widget_preview_rendering.dart:1055:22 • undefined_identifier
  error • Target of URI doesn't exist: 'package:flutter/foundation.dart' • flutter/packages/flutter_tools/test/widget_preview_scaffold.shard/widget_preview_scaffold/lib/src/widget_preview_scaffold_controller.dart:5:8 • uri_does_not_exist
  error • Target of URI doesn't exist: 'package:widget_preview_scaffold/src/widget_preview_rendering.dart' • flutter/packages/flutter_tools/test/widget_preview_scaffold.shard/widget_preview_scaffold/lib/src/widget_preview_scaffold_controller.dart:7:8 • uri_does_not_exist
  error • Undefined name 'visibleForTesting' used as an annotation • flutter/packages/flutter_tools/test/widget_preview_scaffold.shard/widget_preview_scaffold/lib/src/widget_preview_scaffold_controller.dart:23:5 • undefined_annotation
  error • Undefined name 'visibleForTesting' used as an annotation • flutter/packages/flutter_tools/test/widget_preview_scaffold.shard/widget_preview_scaffold/lib/src/widget_preview_scaffold_controller.dart:27:3 • undefined_annotation
  error • Undefined class 'ValueListenable' • flutter/packages/flutter_tools/test/widget_preview_scaffold.shard/widget_preview_scaffold/lib/src/widget_preview_scaffold_controller.dart:65:3 • undefined_class
  error • The method 'ValueNotifier' isn't defined for the type 'WidgetPreviewScaffoldController' • flutter/packages/flutter_tools/test/widget_preview_scaffold.shard/widget_preview_scaffold/lib/src/widget_preview_scaffold_controller.dart:66:23 • undefined_method
  error • Undefined class 'ValueListenable' • flutter/packages/flutter_tools/test/widget_preview_scaffold.shard/widget_preview_scaffold/lib/src/widget_preview_scaffold_controller.dart:72:3 • undefined_class
  error • The getter 'editorServiceAvailable' isn't defined for the type 'WidgetPreviewScaffoldDtdServices' • flutter/packages/flutter_tools/test/widget_preview_scaffold.shard/widget_preview_scaffold/lib/src/widget_preview_scaffold_controller.dart:73:19 • undefined_getter
  error • Undefined class 'ValueListenable' • flutter/packages/flutter_tools/test/widget_preview_scaffold.shard/widget_preview_scaffold/lib/src/widget_preview_scaffold_controller.dart:76:3 • undefined_class
  error • The method 'ValueNotifier' isn't defined for the type 'WidgetPreviewScaffoldController' • flutter/packages/flutter_tools/test/widget_preview_scaffold.shard/widget_preview_scaffold/lib/src/widget_preview_scaffold_controller.dart:78:33 • undefined_method
  error • Undefined class 'ValueListenable' • flutter/packages/flutter_tools/test/widget_preview_scaffold.shard/widget_preview_scaffold/lib/src/widget_preview_scaffold_controller.dart:88:3 • undefined_class
  error • The method 'ValueNotifier' isn't defined for the type 'WidgetPreviewScaffoldController' • flutter/packages/flutter_tools/test/widget_preview_scaffold.shard/widget_preview_scaffold/lib/src/widget_preview_scaffold_controller.dart:90:31 • undefined_method
  error • The getter 'selectedSourceFile' isn't defined for the type 'WidgetPreviewScaffoldDtdServices' • flutter/packages/flutter_tools/test/widget_preview_scaffold.shard/widget_preview_scaffold/lib/src/widget_preview_scaffold_controller.dart:93:17 • undefined_getter
  error • The getter 'selectedSourceFile' isn't defined for the type 'WidgetPreviewScaffoldDtdServices' • flutter/packages/flutter_tools/test/widget_preview_scaffold.shard/widget_preview_scaffold/lib/src/widget_preview_scaffold_controller.dart:125:44 • undefined_getter
  error • Target of URI doesn't exist: 'package:flutter/cupertino.dart' • flutter/packages/flutter_tools/test/widget_preview_scaffold.shard/widget_preview_scaffold/test/custom_previews_test.dart:5:8 • uri_does_not_exist
  error • Target of URI doesn't exist: 'package:flutter/material.dart' • flutter/packages/flutter_tools/test/widget_preview_scaffold.shard/widget_preview_scaffold/test/custom_previews_test.dart:6:8 • uri_does_not_exist
  error • Target of URI doesn't exist: 'package:flutter/widget_previews.dart' • flutter/packages/flutter_tools/test/widget_preview_scaffold.shard/widget_preview_scaffold/test/custom_previews_test.dart:7:8 • uri_does_not_exist
  error • Target of URI doesn't exist: 'package:flutter_test/flutter_test.dart' • flutter/packages/flutter_tools/test/widget_preview_scaffold.shard/widget_preview_scaffold/test/custom_previews_test.dart:8:8 • uri_does_not_exist
  error • Target of URI doesn't exist: 'package:widget_preview_scaffold/src/utils.dart' • flutter/packages/flutter_tools/test/widget_preview_scaffold.shard/widget_preview_scaffold/test/custom_previews_test.dart:9:8 • uri_does_not_exist
  error • Target of URI doesn't exist: 'package:widget_preview_scaffold/src/widget_preview_rendering.dart' • flutter/packages/flutter_tools/test/widget_preview_scaffold.shard/widget_preview_scaffold/test/custom_previews_test.dart:10:8 • uri_does_not_exist
  error • Classes can only extend other classes • flutter/packages/flutter_tools/test/widget_preview_scaffold.shard/widget_preview_scaffold/test/custom_previews_test.dart:14:38 • extends_non_class
warning • The field doesn't override an inherited getter or setter • flutter/packages/flutter_tools/test/widget_preview_scaffold.shard/widget_preview_scaffold/test/custom_previews_test.dart:20:9 • override_on_non_overriding_member
  error • The name 'Preview' isn't a type, so it can't be used as a type argument • flutter/packages/flutter_tools/test/widget_preview_scaffold.shard/widget_preview_scaffold/test/custom_previews_test.dart:20:27 • non_type_as_type_argument
  error • Invalid constant value • flutter/packages/flutter_tools/test/widget_preview_scaffold.shard/widget_preview_scaffold/test/custom_previews_test.dart:21:34 • invalid_constant
  error • Undefined name 'Brightness' • flutter/packages/flutter_tools/test/widget_preview_scaffold.shard/widget_preview_scaffold/test/custom_previews_test.dart:21:34 • undefined_identifier
  error • Invalid constant value • flutter/packages/flutter_tools/test/widget_preview_scaffold.shard/widget_preview_scaffold/test/custom_previews_test.dart:22:34 • invalid_constant
  error • Undefined name 'Brightness' • flutter/packages/flutter_tools/test/widget_preview_scaffold.shard/widget_preview_scaffold/test/custom_previews_test.dart:22:34 • undefined_identifier
  error • Undefined class 'Widget' • flutter/packages/flutter_tools/test/widget_preview_scaffold.shard/widget_preview_scaffold/test/custom_previews_test.dart:27:3 • undefined_class
  error • Undefined class 'Widget' • flutter/packages/flutter_tools/test/widget_preview_scaffold.shard/widget_preview_scaffold/test/custom_previews_test.dart:27:19 • undefined_class
  error • The method 'Container' isn't defined for the type 'BrightnessPreview' • flutter/packages/flutter_tools/test/widget_preview_scaffold.shard/widget_preview_scaffold/test/custom_previews_test.dart:29:12 • undefined_method
  error • The name 'Preview' isn't a type, so it can't be used as a type argument • flutter/packages/flutter_tools/test/widget_preview_scaffold.shard/widget_preview_scaffold/test/custom_previews_test.dart:33:8 • non_type_as_type_argument
warning • The method doesn't override an inherited method • flutter/packages/flutter_tools/test/widget_preview_scaffold.shard/widget_preview_scaffold/test/custom_previews_test.dart:33:17 • override_on_non_overriding_member
  error • The method 'transform' isn't defined in a superclass of 'BrightnessPreview' • flutter/packages/flutter_tools/test/widget_preview_scaffold.shard/widget_preview_scaffold/test/custom_previews_test.dart:34:34 • undefined_super_member
  error • The name 'Preview' isn't a type, so it can't be used as a type argument • flutter/packages/flutter_tools/test/widget_preview_scaffold.shard/widget_preview_scaffold/test/custom_previews_test.dart:35:26 • non_type_as_type_argument
  error • Classes can only extend other classes • flutter/packages/flutter_tools/test/widget_preview_scaffold.shard/widget_preview_scaffold/test/custom_previews_test.dart:47:37 • extends_non_class
  error • No associated named super constructor parameter • flutter/packages/flutter_tools/test/widget_preview_scaffold.shard/widget_preview_scaffold/test/custom_previews_test.dart:48:33 • super_formal_parameter_without_associated_named
  error • The named parameter 'size' isn't defined • flutter/packages/flutter_tools/test/widget_preview_scaffold.shard/widget_preview_scaffold/test/custom_previews_test.dart:49:13 • undefined_named_parameter
  error • The name 'Size' isn't a class • flutter/packages/flutter_tools/test/widget_preview_scaffold.shard/widget_preview_scaffold/test/custom_previews_test.dart:49:25 • creation_with_non_type
  error • Undefined class 'Widget' • flutter/packages/flutter_tools/test/widget_preview_scaffold.shard/widget_preview_scaffold/test/custom_previews_test.dart:53:3 • undefined_class
  error • Undefined class 'Widget' • flutter/packages/flutter_tools/test/widget_preview_scaffold.shard/widget_preview_scaffold/test/custom_previews_test.dart:53:19 • undefined_class
  error • The method 'Container' isn't defined for the type 'FixedSizePreview' • flutter/packages/flutter_tools/test/widget_preview_scaffold.shard/widget_preview_scaffold/test/custom_previews_test.dart:55:12 • undefined_method
  error • Undefined class 'Preview' • flutter/packages/flutter_tools/test/widget_preview_scaffold.shard/widget_preview_scaffold/test/custom_previews_test.dart:59:3 • undefined_class
warning • The method doesn't override an inherited method • flutter/packages/flutter_tools/test/widget_preview_scaffold.shard/widget_preview_scaffold/test/custom_previews_test.dart:59:11 • override_on_non_overriding_member
  error • The method 'transform' isn't defined in a superclass of 'FixedSizePreview' • flutter/packages/flutter_tools/test/widget_preview_scaffold.shard/widget_preview_scaffold/test/custom_previews_test.dart:60:26 • undefined_super_member
  error • The function 'buildMultiWidgetPreview' isn't defined • flutter/packages/flutter_tools/test/widget_preview_scaffold.shard/widget_preview_scaffold/test/custom_previews_test.dart:69:20 • undefined_function
  error • The function 'Text' isn't defined • flutter/packages/flutter_tools/test/widget_preview_scaffold.shard/widget_preview_scaffold/test/custom_previews_test.dart:73:28 • undefined_function
  error • The function 'Column' isn't defined • flutter/packages/flutter_tools/test/widget_preview_scaffold.shard/widget_preview_scaffold/test/custom_previews_test.dart:79:12 • undefined_function
  error • The function 'WidgetPreviewWidget' isn't defined • flutter/packages/flutter_tools/test/widget_preview_scaffold.shard/widget_preview_scaffold/test/custom_previews_test.dart:82:18 • undefined_function
  error • The function 'testWidgets' isn't defined • flutter/packages/flutter_tools/test/widget_preview_scaffold.shard/widget_preview_scaffold/test/custom_previews_test.dart:90:3 • undefined_function
  error • The function 'expect' isn't defined • flutter/packages/flutter_tools/test/widget_preview_scaffold.shard/widget_preview_scaffold/test/custom_previews_test.dart:105:5 • undefined_function
  error • Undefined name 'find' • flutter/packages/flutter_tools/test/widget_preview_scaffold.shard/widget_preview_scaffold/test/custom_previews_test.dart:106:7 • undefined_identifier
  error • Undefined name 'findsOneWidget' • flutter/packages/flutter_tools/test/widget_preview_scaffold.shard/widget_preview_scaffold/test/custom_previews_test.dart:107:7 • undefined_identifier
  error • The function 'expect' isn't defined • flutter/packages/flutter_tools/test/widget_preview_scaffold.shard/widget_preview_scaffold/test/custom_previews_test.dart:109:5 • undefined_function
  error • Undefined name 'find' • flutter/packages/flutter_tools/test/widget_preview_scaffold.shard/widget_preview_scaffold/test/custom_previews_test.dart:110:7 • undefined_identifier
  error • Undefined name 'findsOneWidget' • flutter/packages/flutter_tools/test/widget_preview_scaffold.shard/widget_preview_scaffold/test/custom_previews_test.dart:111:7 • undefined_identifier
  error • The function 'expect' isn't defined • flutter/packages/flutter_tools/test/widget_preview_scaffold.shard/widget_preview_scaffold/test/custom_previews_test.dart:115:5 • undefined_function
  error • The function 'expect' isn't defined • flutter/packages/flutter_tools/test/widget_preview_scaffold.shard/widget_preview_scaffold/test/custom_previews_test.dart:116:5 • undefined_function
  error • Target of URI doesn't exist: 'package:widget_preview_scaffold/src/dtd/dtd_services.dart' • flutter/packages/flutter_tools/test/widget_preview_scaffold.shard/widget_preview_scaffold/test/dtd_services_test.dart:18:8 • uri_does_not_exist
  error • The function 'WidgetPreviewScaffoldDtdServices' isn't defined • flutter/packages/flutter_tools/test/widget_preview_scaffold.shard/widget_preview_scaffold/test/dtd_services_test.dart:73:21 • undefined_function
  error • The function 'WidgetPreviewScaffoldDtdServices' isn't defined • flutter/packages/flutter_tools/test/widget_preview_scaffold.shard/widget_preview_scaffold/test/dtd_services_test.dart:114:21 • undefined_function
  error • Target of URI doesn't exist: 'package:flutter/gestures.dart' • flutter/packages/flutter_tools/test/widget_preview_scaffold.shard/widget_preview_scaffold/test/error_widget_test.dart:5:8 • uri_does_not_exist
  error • Target of URI doesn't exist: 'package:flutter/material.dart' • flutter/packages/flutter_tools/test/widget_preview_scaffold.shard/widget_preview_scaffold/test/error_widget_test.dart:6:8 • uri_does_not_exist
  error • Target of URI doesn't exist: 'package:flutter/widget_previews.dart' • flutter/packages/flutter_tools/test/widget_preview_scaffold.shard/widget_preview_scaffold/test/error_widget_test.dart:7:8 • uri_does_not_exist
  error • Target of URI doesn't exist: 'package:flutter_test/flutter_test.dart' • flutter/packages/flutter_tools/test/widget_preview_scaffold.shard/widget_preview_scaffold/test/error_widget_test.dart:8:8 • uri_does_not_exist
  error • Target of URI doesn't exist: 'package:widget_preview_scaffold/src/widget_preview.dart' • flutter/packages/flutter_tools/test/widget_preview_scaffold.shard/widget_preview_scaffold/test/error_widget_test.dart:9:8 • uri_does_not_exist
  error • Target of URI doesn't exist: 'package:widget_preview_scaffold/src/widget_preview_rendering.dart' • flutter/packages/flutter_tools/test/widget_preview_scaffold.shard/widget_preview_scaffold/test/error_widget_test.dart:10:8 • uri_does_not_exist
  error • Target of URI doesn't exist: 'package:widget_preview_scaffold/src/widget_preview_scaffold_controller.dart' • flutter/packages/flutter_tools/test/widget_preview_scaffold.shard/widget_preview_scaffold/test/error_widget_test.dart:11:8 • uri_does_not_exist
  error • Undefined class 'SelectableText' • flutter/packages/flutter_tools/test/widget_preview_scaffold.shard/widget_preview_scaffold/test/error_widget_test.dart:17:32 • undefined_class
  error • The name 'TextSpan' isn't defined, so it can't be used in an 'is' expression • flutter/packages/flutter_tools/test/widget_preview_scaffold.shard/widget_preview_scaffold/test/error_widget_test.dart:23:15 • type_test_with_undefined_name
  error • The name 'TapGestureRecognizer' isn't defined, so it can't be used in an 'is' expression • flutter/packages/flutter_tools/test/widget_preview_scaffold.shard/widget_preview_scaffold/test/error_widget_test.dart:28:47 • type_test_with_undefined_name
  error • The function 'testWidgets' isn't defined • flutter/packages/flutter_tools/test/widget_preview_scaffold.shard/widget_preview_scaffold/test/error_widget_test.dart:38:3 • undefined_function
  error • Undefined name 'WidgetPreviewErrorWidget' • flutter/packages/flutter_tools/test/widget_preview_scaffold.shard/widget_preview_scaffold/test/error_widget_test.dart:38:17 • undefined_identifier
  error • The function 'WidgetPreviewScaffoldController' isn't defined • flutter/packages/flutter_tools/test/widget_preview_scaffold.shard/widget_preview_scaffold/test/error_widget_test.dart:42:24 • undefined_function
  error • Undefined name 'WidgetPreview' • flutter/packages/flutter_tools/test/widget_preview_scaffold.shard/widget_preview_scaffold/test/error_widget_test.dart:45:9 • undefined_identifier
  error • The function 'Preview' isn't defined • flutter/packages/flutter_tools/test/widget_preview_scaffold.shard/widget_preview_scaffold/test/error_widget_test.dart:47:24 • undefined_function
  error • The function 'WidgetPreviewScaffold' isn't defined • flutter/packages/flutter_tools/test/widget_preview_scaffold.shard/widget_preview_scaffold/test/error_widget_test.dart:58:29 • undefined_function
  error • Undefined name 'find' • flutter/packages/flutter_tools/test/widget_preview_scaffold.shard/widget_preview_scaffold/test/error_widget_test.dart:61:31 • undefined_identifier
  error • Undefined name 'WidgetPreviewErrorWidget' • flutter/packages/flutter_tools/test/widget_preview_scaffold.shard/widget_preview_scaffold/test/error_widget_test.dart:61:43 • undefined_identifier
  error • The function 'expect' isn't defined • flutter/packages/flutter_tools/test/widget_preview_scaffold.shard/widget_preview_scaffold/test/error_widget_test.dart:62:5 • undefined_function
  error • Undefined name 'findsOne' • flutter/packages/flutter_tools/test/widget_preview_scaffold.shard/widget_preview_scaffold/test/error_widget_test.dart:62:31 • undefined_identifier
  error • Undefined name 'find' • flutter/packages/flutter_tools/test/widget_preview_scaffold.shard/widget_preview_scaffold/test/error_widget_test.dart:64:39 • undefined_identifier
  error • The name 'SelectableText' isn't defined, so it can't be used in an 'is' expression • flutter/packages/flutter_tools/test/widget_preview_scaffold.shard/widget_preview_scaffold/test/error_widget_test.dart:66:21 • type_test_with_undefined_name
  error • Undefined name 'find' • flutter/packages/flutter_tools/test/widget_preview_scaffold.shard/widget_preview_scaffold/test/error_widget_test.dart:70:39 • undefined_identifier
  error • The name 'SelectableText' isn't defined, so it can't be used in an 'is' expression • flutter/packages/flutter_tools/test/widget_preview_scaffold.shard/widget_preview_scaffold/test/error_widget_test.dart:72:21 • type_test_with_undefined_name
  error • Undefined name 'find' • flutter/packages/flutter_tools/test/widget_preview_scaffold.shard/widget_preview_scaffold/test/error_widget_test.dart:76:34 • undefined_identifier
  error • The name 'SelectableText' isn't defined, so it can't be used in an 'is' expression • flutter/packages/flutter_tools/test/widget_preview_scaffold.shard/widget_preview_scaffold/test/error_widget_test.dart:78:21 • type_test_with_undefined_name
  error • The function 'expect' isn't defined • flutter/packages/flutter_tools/test/widget_preview_scaffold.shard/widget_preview_scaffold/test/error_widget_test.dart:84:5 • undefined_function
  error • Undefined name 'findsOne' • flutter/packages/flutter_tools/test/widget_preview_scaffold.shard/widget_preview_scaffold/test/error_widget_test.dart:84:39 • undefined_identifier
  error • The function 'expect' isn't defined • flutter/packages/flutter_tools/test/widget_preview_scaffold.shard/widget_preview_scaffold/test/error_widget_test.dart:85:5 • undefined_function
  error • Undefined name 'findsOne' • flutter/packages/flutter_tools/test/widget_preview_scaffold.shard/widget_preview_scaffold/test/error_widget_test.dart:85:39 • undefined_identifier
  error • The function 'expect' isn't defined • flutter/packages/flutter_tools/test/widget_preview_scaffold.shard/widget_preview_scaffold/test/error_widget_test.dart:86:5 • undefined_function
  error • Undefined name 'findsOne' • flutter/packages/flutter_tools/test/widget_preview_scaffold.shard/widget_preview_scaffold/test/error_widget_test.dart:86:34 • undefined_identifier
  error • The function 'expect' isn't defined • flutter/packages/flutter_tools/test/widget_preview_scaffold.shard/widget_preview_scaffold/test/error_widget_test.dart:93:5 • undefined_function
  error • The function 'hasLength' isn't defined • flutter/packages/flutter_tools/test/widget_preview_scaffold.shard/widget_preview_scaffold/test/error_widget_test.dart:93:46 • undefined_function
  error • The function 'expect' isn't defined • flutter/packages/flutter_tools/test/widget_preview_scaffold.shard/widget_preview_scaffold/test/error_widget_test.dart:94:5 • undefined_function
  error • The function 'endsWith' isn't defined • flutter/packages/flutter_tools/test/widget_preview_scaffold.shard/widget_preview_scaffold/test/error_widget_test.dart:96:7 • undefined_function
  error • The function 'expect' isn't defined • flutter/packages/flutter_tools/test/widget_preview_scaffold.shard/widget_preview_scaffold/test/error_widget_test.dart:98:5 • undefined_function
  error • The function 'startsWith' isn't defined • flutter/packages/flutter_tools/test/widget_preview_scaffold.shard/widget_preview_scaffold/test/error_widget_test.dart:98:53 • undefined_function
  error • The function 'WidgetPreviewScaffold' isn't defined • flutter/packages/flutter_tools/test/widget_preview_scaffold.shard/widget_preview_scaffold/test/error_widget_test.dart:104:29 • undefined_function
  error • The function 'expect' isn't defined • flutter/packages/flutter_tools/test/widget_preview_scaffold.shard/widget_preview_scaffold/test/error_widget_test.dart:108:5 • undefined_function
  error • Undefined name 'findsOne' • flutter/packages/flutter_tools/test/widget_preview_scaffold.shard/widget_preview_scaffold/test/error_widget_test.dart:108:39 • undefined_identifier
  error • The function 'expect' isn't defined • flutter/packages/flutter_tools/test/widget_preview_scaffold.shard/widget_preview_scaffold/test/error_widget_test.dart:109:5 • undefined_function
  error • Undefined name 'findsOne' • flutter/packages/flutter_tools/test/widget_preview_scaffold.shard/widget_preview_scaffold/test/error_widget_test.dart:109:39 • undefined_identifier
  error • The function 'expect' isn't defined • flutter/packages/flutter_tools/test/widget_preview_scaffold.shard/widget_preview_scaffold/test/error_widget_test.dart:110:5 • undefined_function
  error • Undefined name 'findsOne' • flutter/packages/flutter_tools/test/widget_preview_scaffold.shard/widget_preview_scaffold/test/error_widget_test.dart:110:34 • undefined_identifier
  error • The function 'expect' isn't defined • flutter/packages/flutter_tools/test/widget_preview_scaffold.shard/widget_preview_scaffold/test/error_widget_test.dart:117:5 • undefined_function
  error • Undefined name 'isEmpty' • flutter/packages/flutter_tools/test/widget_preview_scaffold.shard/widget_preview_scaffold/test/error_widget_test.dart:117:46 • undefined_identifier
  error • Target of URI doesn't exist: 'package:flutter/material.dart' • flutter/packages/flutter_tools/test/widget_preview_scaffold.shard/widget_preview_scaffold/test/filter_by_selected_file_test.dart:5:8 • uri_does_not_exist
  error • Target of URI doesn't exist: 'package:flutter/widget_previews.dart' • flutter/packages/flutter_tools/test/widget_preview_scaffold.shard/widget_preview_scaffold/test/filter_by_selected_file_test.dart:6:8 • uri_does_not_exist
  error • Target of URI doesn't exist: 'package:flutter_test/flutter_test.dart' • flutter/packages/flutter_tools/test/widget_preview_scaffold.shard/widget_preview_scaffold/test/filter_by_selected_file_test.dart:7:8 • uri_does_not_exist
  error • Target of URI doesn't exist: 'package:widget_preview_scaffold/src/controls.dart' • flutter/packages/flutter_tools/test/widget_preview_scaffold.shard/widget_preview_scaffold/test/filter_by_selected_file_test.dart:9:8 • uri_does_not_exist
  error • Target of URI doesn't exist: 'package:widget_preview_scaffold/src/dtd/editor_service.dart' • flutter/packages/flutter_tools/test/widget_preview_scaffold.shard/widget_preview_scaffold/test/filter_by_selected_file_test.dart:10:8 • uri_does_not_exist
  error • Target of URI doesn't exist: 'package:widget_preview_scaffold/src/widget_preview.dart' • flutter/packages/flutter_tools/test/widget_preview_scaffold.shard/widget_preview_scaffold/test/filter_by_selected_file_test.dart:11:8 • uri_does_not_exist
  error • Target of URI doesn't exist: 'package:widget_preview_scaffold/src/widget_preview_rendering.dart' • flutter/packages/flutter_tools/test/widget_preview_scaffold.shard/widget_preview_scaffold/test/filter_by_selected_file_test.dart:12:8 • uri_does_not_exist
  error • Target of URI doesn't exist: 'package:widget_preview_scaffold/src/widget_preview_scaffold_controller.dart' • flutter/packages/flutter_tools/test/widget_preview_scaffold.shard/widget_preview_scaffold/test/filter_by_selected_file_test.dart:13:8 • uri_does_not_exist
  error • Undefined class 'WidgetTester' • flutter/packages/flutter_tools/test/widget_preview_scaffold.shard/widget_preview_scaffold/test/filter_by_selected_file_test.dart:18:12 • undefined_class
  error • The name 'WidgetPreview' isn't a type, so it can't be used as a type argument • flutter/packages/flutter_tools/test/widget_preview_scaffold.shard/widget_preview_scaffold/test/filter_by_selected_file_test.dart:32:21 • non_type_as_type_argument
  error • Undefined name 'WidgetPreview' • flutter/packages/flutter_tools/test/widget_preview_scaffold.shard/widget_preview_scaffold/test/filter_by_selected_file_test.dart:33:5 • undefined_identifier
  error • The function 'Text' isn't defined • flutter/packages/flutter_tools/test/widget_preview_scaffold.shard/widget_preview_scaffold/test/filter_by_selected_file_test.dart:34:22 • undefined_function
  error • The function 'Preview' isn't defined • flutter/packages/flutter_tools/test/widget_preview_scaffold.shard/widget_preview_scaffold/test/filter_by_selected_file_test.dart:36:20 • undefined_function
  error • Undefined name 'WidgetPreview' • flutter/packages/flutter_tools/test/widget_preview_scaffold.shard/widget_preview_scaffold/test/filter_by_selected_file_test.dart:38:5 • undefined_identifier
  error • The function 'Text' isn't defined • flutter/packages/flutter_tools/test/widget_preview_scaffold.shard/widget_preview_scaffold/test/filter_by_selected_file_test.dart:39:22 • undefined_function
  error • The function 'Preview' isn't defined • flutter/packages/flutter_tools/test/widget_preview_scaffold.shard/widget_preview_scaffold/test/filter_by_selected_file_test.dart:41:20 • undefined_function
  error • The method 'initialize' isn't defined for the type 'FakeWidgetPreviewScaffoldController' • flutter/packages/flutter_tools/test/widget_preview_scaffold.shard/widget_preview_scaffold/test/filter_by_selected_file_test.dart:48:20 • undefined_method
  error • Undefined class 'WidgetPreviewScaffold' • flutter/packages/flutter_tools/test/widget_preview_scaffold.shard/widget_preview_scaffold/test/filter_by_selected_file_test.dart:49:9 • undefined_class
  error • The function 'WidgetPreviewScaffold' isn't defined • flutter/packages/flutter_tools/test/widget_preview_scaffold.shard/widget_preview_scaffold/test/filter_by_selected_file_test.dart:49:47 • undefined_function
  error • The function 'expect' isn't defined • flutter/packages/flutter_tools/test/widget_preview_scaffold.shard/widget_preview_scaffold/test/filter_by_selected_file_test.dart:55:3 • undefined_function
  error • The getter 'filterBySelectedFileListenable' isn't defined for the type 'FakeWidgetPreviewScaffoldController' • flutter/packages/flutter_tools/test/widget_preview_scaffold.shard/widget_preview_scaffold/test/filter_by_selected_file_test.dart:55:21 • undefined_getter
  error • The function 'expect' isn't defined • flutter/packages/flutter_tools/test/widget_preview_scaffold.shard/widget_preview_scaffold/test/filter_by_selected_file_test.dart:56:3 • undefined_function
  error • Undefined name 'isNull' • flutter/packages/flutter_tools/test/widget_preview_scaffold.shard/widget_preview_scaffold/test/filter_by_selected_file_test.dart:56:48 • undefined_identifier
  error • The function 'expect' isn't defined • flutter/packages/flutter_tools/test/widget_preview_scaffold.shard/widget_preview_scaffold/test/filter_by_selected_file_test.dart:57:3 • undefined_function
  error • The getter 'filteredPreviewSetListenable' isn't defined for the type 'FakeWidgetPreviewScaffoldController' • flutter/packages/flutter_tools/test/widget_preview_scaffold.shard/widget_preview_scaffold/test/filter_by_selected_file_test.dart:57:21 • undefined_getter
  error • Undefined name 'isEmpty' • flutter/packages/flutter_tools/test/widget_preview_scaffold.shard/widget_preview_scaffold/test/filter_by_selected_file_test.dart:57:57 • undefined_identifier
  error • The function 'TextDocument' isn't defined • flutter/packages/flutter_tools/test/widget_preview_scaffold.shard/widget_preview_scaffold/test/filter_by_selected_file_test.dart:60:42 • undefined_function
  error • The function 'expect' isn't defined • flutter/packages/flutter_tools/test/widget_preview_scaffold.shard/widget_preview_scaffold/test/filter_by_selected_file_test.dart:67:3 • undefined_function
  error • The function 'expect' isn't defined • flutter/packages/flutter_tools/test/widget_preview_scaffold.shard/widget_preview_scaffold/test/filter_by_selected_file_test.dart:74:3 • undefined_function
  error • The getter 'filteredPreviewSetListenable' isn't defined for the type 'FakeWidgetPreviewScaffoldController' • flutter/packages/flutter_tools/test/widget_preview_scaffold.shard/widget_preview_scaffold/test/filter_by_selected_file_test.dart:76:10 • undefined_getter
  error • The function 'expect' isn't defined • flutter/packages/flutter_tools/test/widget_preview_scaffold.shard/widget_preview_scaffold/test/filter_by_selected_file_test.dart:91:3 • undefined_function
  error • The function 'expect' isn't defined • flutter/packages/flutter_tools/test/widget_preview_scaffold.shard/widget_preview_scaffold/test/filter_by_selected_file_test.dart:92:3 • undefined_function
  error • The getter 'filteredPreviewSetListenable' isn't defined for the type 'FakeWidgetPreviewScaffoldController' • flutter/packages/flutter_tools/test/widget_preview_scaffold.shard/widget_preview_scaffold/test/filter_by_selected_file_test.dart:94:10 • undefined_getter
  error • The function 'TextDocument' isn't defined • flutter/packages/flutter_tools/test/widget_preview_scaffold.shard/widget_preview_scaffold/test/filter_by_selected_file_test.dart:104:42 • undefined_function
  error • The function 'expect' isn't defined • flutter/packages/flutter_tools/test/widget_preview_scaffold.shard/widget_preview_scaffold/test/filter_by_selected_file_test.dart:111:3 • undefined_function
  error • The function 'expect' isn't defined • flutter/packages/flutter_tools/test/widget_preview_scaffold.shard/widget_preview_scaffold/test/filter_by_selected_file_test.dart:118:3 • undefined_function
  error • The getter 'filteredPreviewSetListenable' isn't defined for the type 'FakeWidgetPreviewScaffoldController' • flutter/packages/flutter_tools/test/widget_preview_scaffold.shard/widget_preview_scaffold/test/filter_by_selected_file_test.dart:120:10 • undefined_getter
  error • Undefined class 'Finder' • flutter/packages/flutter_tools/test/widget_preview_scaffold.shard/widget_preview_scaffold/test/filter_by_selected_file_test.dart:129:9 • undefined_class
  error • Undefined name 'find' • flutter/packages/flutter_tools/test/widget_preview_scaffold.shard/widget_preview_scaffold/test/filter_by_selected_file_test.dart:129:45 • undefined_identifier
  error • Undefined name 'FilterBySelectedFileToggle' • flutter/packages/flutter_tools/test/widget_preview_scaffold.shard/widget_preview_scaffold/test/filter_by_selected_file_test.dart:130:5 • undefined_identifier
  error • The function 'expect' isn't defined • flutter/packages/flutter_tools/test/widget_preview_scaffold.shard/widget_preview_scaffold/test/filter_by_selected_file_test.dart:134:3 • undefined_function
  error • The getter 'filterBySelectedFileListenable' isn't defined for the type 'FakeWidgetPreviewScaffoldController' • flutter/packages/flutter_tools/test/widget_preview_scaffold.shard/widget_preview_scaffold/test/filter_by_selected_file_test.dart:134:21 • undefined_getter
  error • The function 'expect' isn't defined • flutter/packages/flutter_tools/test/widget_preview_scaffold.shard/widget_preview_scaffold/test/filter_by_selected_file_test.dart:136:3 • undefined_function
  error • The getter 'filterBySelectedFileListenable' isn't defined for the type 'FakeWidgetPreviewScaffoldController' • flutter/packages/flutter_tools/test/widget_preview_scaffold.shard/widget_preview_scaffold/test/filter_by_selected_file_test.dart:136:21 • undefined_getter
  error • The function 'expect' isn't defined • flutter/packages/flutter_tools/test/widget_preview_scaffold.shard/widget_preview_scaffold/test/filter_by_selected_file_test.dart:138:3 • undefined_function
  error • The function 'expect' isn't defined • flutter/packages/flutter_tools/test/widget_preview_scaffold.shard/widget_preview_scaffold/test/filter_by_selected_file_test.dart:145:3 • undefined_function
  error • The getter 'filteredPreviewSetListenable' isn't defined for the type 'FakeWidgetPreviewScaffoldController' • flutter/packages/flutter_tools/test/widget_preview_scaffold.shard/widget_preview_scaffold/test/filter_by_selected_file_test.dart:145:21 • undefined_getter
  error • The function 'hasLength' isn't defined • flutter/packages/flutter_tools/test/widget_preview_scaffold.shard/widget_preview_scaffold/test/filter_by_selected_file_test.dart:145:57 • undefined_function
  error • The function 'expect' isn't defined • flutter/packages/flutter_tools/test/widget_preview_scaffold.shard/widget_preview_scaffold/test/filter_by_selected_file_test.dart:146:3 • undefined_function
  error • The getter 'filteredPreviewSetListenable' isn't defined for the type 'FakeWidgetPreviewScaffoldController' • flutter/packages/flutter_tools/test/widget_preview_scaffold.shard/widget_preview_scaffold/test/filter_by_selected_file_test.dart:147:16 • undefined_getter
  error • The function 'testWidgets' isn't defined • flutter/packages/flutter_tools/test/widget_preview_scaffold.shard/widget_preview_scaffold/test/filter_by_selected_file_test.dart:153:3 • undefined_function
  error • The function 'testWidgets' isn't defined • flutter/packages/flutter_tools/test/widget_preview_scaffold.shard/widget_preview_scaffold/test/filter_by_selected_file_test.dart:168:3 • undefined_function
  error • The function 'testWidgets' isn't defined • flutter/packages/flutter_tools/test/widget_preview_scaffold.shard/widget_preview_scaffold/test/filter_by_selected_file_test.dart:186:3 • undefined_function
  error • The name 'WidgetPreview' isn't a type, so it can't be used as a type argument • flutter/packages/flutter_tools/test/widget_preview_scaffold.shard/widget_preview_scaffold/test/filter_by_selected_file_test.dart:190:23 • non_type_as_type_argument
  error • Undefined name 'WidgetPreview' • flutter/packages/flutter_tools/test/widget_preview_scaffold.shard/widget_preview_scaffold/test/filter_by_selected_file_test.dart:191:7 • undefined_identifier
  error • The function 'Text' isn't defined • flutter/packages/flutter_tools/test/widget_preview_scaffold.shard/widget_preview_scaffold/test/filter_by_selected_file_test.dart:192:24 • undefined_function
  error • The function 'Preview' isn't defined • flutter/packages/flutter_tools/test/widget_preview_scaffold.shard/widget_preview_scaffold/test/filter_by_selected_file_test.dart:193:22 • undefined_function
  error • Undefined name 'WidgetPreview' • flutter/packages/flutter_tools/test/widget_preview_scaffold.shard/widget_preview_scaffold/test/filter_by_selected_file_test.dart:195:7 • undefined_identifier
  error • The function 'Text' isn't defined • flutter/packages/flutter_tools/test/widget_preview_scaffold.shard/widget_preview_scaffold/test/filter_by_selected_file_test.dart:196:24 • undefined_function
  error • The function 'Preview' isn't defined • flutter/packages/flutter_tools/test/widget_preview_scaffold.shard/widget_preview_scaffold/test/filter_by_selected_file_test.dart:197:22 • undefined_function
  error • The method 'initialize' isn't defined for the type 'FakeWidgetPreviewScaffoldController' • flutter/packages/flutter_tools/test/widget_preview_scaffold.shard/widget_preview_scaffold/test/filter_by_selected_file_test.dart:204:22 • undefined_method
  error • Undefined class 'WidgetPreviewScaffold' • flutter/packages/flutter_tools/test/widget_preview_scaffold.shard/widget_preview_scaffold/test/filter_by_selected_file_test.dart:205:11 • undefined_class
  error • The function 'WidgetPreviewScaffold' isn't defined • flutter/packages/flutter_tools/test/widget_preview_scaffold.shard/widget_preview_scaffold/test/filter_by_selected_file_test.dart:205:49 • undefined_function
  error • Undefined class 'Finder' • flutter/packages/flutter_tools/test/widget_preview_scaffold.shard/widget_preview_scaffold/test/filter_by_selected_file_test.dart:214:11 • undefined_class
  error • Undefined name 'find' • flutter/packages/flutter_tools/test/widget_preview_scaffold.shard/widget_preview_scaffold/test/filter_by_selected_file_test.dart:214:47 • undefined_identifier
  error • Undefined name 'FilterBySelectedFileToggle' • flutter/packages/flutter_tools/test/widget_preview_scaffold.shard/widget_preview_scaffold/test/filter_by_selected_file_test.dart:215:7 • undefined_identifier
  error • The function 'expect' isn't defined • flutter/packages/flutter_tools/test/widget_preview_scaffold.shard/widget_preview_scaffold/test/filter_by_selected_file_test.dart:217:5 • undefined_function
  error • Undefined name 'findsNothing' • flutter/packages/flutter_tools/test/widget_preview_scaffold.shard/widget_preview_scaffold/test/filter_by_selected_file_test.dart:217:40 • undefined_identifier
  error • The function 'expect' isn't defined • flutter/packages/flutter_tools/test/widget_preview_scaffold.shard/widget_preview_scaffold/test/filter_by_selected_file_test.dart:218:5 • undefined_function
  error • The getter 'filteredPreviewSetListenable' isn't defined for the type 'FakeWidgetPreviewScaffoldController' • flutter/packages/flutter_tools/test/widget_preview_scaffold.shard/widget_preview_scaffold/test/filter_by_selected_file_test.dart:218:23 • undefined_getter
  error • The function 'hasLength' isn't defined • flutter/packages/flutter_tools/test/widget_preview_scaffold.shard/widget_preview_scaffold/test/filter_by_selected_file_test.dart:218:59 • undefined_function
  error • The function 'expect' isn't defined • flutter/packages/flutter_tools/test/widget_preview_scaffold.shard/widget_preview_scaffold/test/filter_by_selected_file_test.dart:219:5 • undefined_function
  error • The getter 'filteredPreviewSetListenable' isn't defined for the type 'FakeWidgetPreviewScaffoldController' • flutter/packages/flutter_tools/test/widget_preview_scaffold.shard/widget_preview_scaffold/test/filter_by_selected_file_test.dart:220:18 • undefined_getter
  error • The function 'expect' isn't defined • flutter/packages/flutter_tools/test/widget_preview_scaffold.shard/widget_preview_scaffold/test/filter_by_selected_file_test.dart:229:5 • undefined_function
  error • Undefined name 'findsOne' • flutter/packages/flutter_tools/test/widget_preview_scaffold.shard/widget_preview_scaffold/test/filter_by_selected_file_test.dart:229:40 • undefined_identifier
  error • The function 'expect' isn't defined • flutter/packages/flutter_tools/test/widget_preview_scaffold.shard/widget_preview_scaffold/test/filter_by_selected_file_test.dart:233:5 • undefined_function
  error • The getter 'filterBySelectedFileListenable' isn't defined for the type 'FakeWidgetPreviewScaffoldController' • flutter/packages/flutter_tools/test/widget_preview_scaffold.shard/widget_preview_scaffold/test/filter_by_selected_file_test.dart:233:23 • undefined_getter
  error • The function 'expect' isn't defined • flutter/packages/flutter_tools/test/widget_preview_scaffold.shard/widget_preview_scaffold/test/filter_by_selected_file_test.dart:234:5 • undefined_function
  error • Undefined name 'isNull' • flutter/packages/flutter_tools/test/widget_preview_scaffold.shard/widget_preview_scaffold/test/filter_by_selected_file_test.dart:234:50 • undefined_identifier
  error • The function 'expect' isn't defined • flutter/packages/flutter_tools/test/widget_preview_scaffold.shard/widget_preview_scaffold/test/filter_by_selected_file_test.dart:235:5 • undefined_function
  error • The getter 'filteredPreviewSetListenable' isn't defined for the type 'FakeWidgetPreviewScaffoldController' • flutter/packages/flutter_tools/test/widget_preview_scaffold.shard/widget_preview_scaffold/test/filter_by_selected_file_test.dart:235:23 • undefined_getter
  error • Undefined name 'isEmpty' • flutter/packages/flutter_tools/test/widget_preview_scaffold.shard/widget_preview_scaffold/test/filter_by_selected_file_test.dart:235:59 • undefined_identifier
  error • The function 'testWidgets' isn't defined • flutter/packages/flutter_tools/test/widget_preview_scaffold.shard/widget_preview_scaffold/test/filter_by_selected_file_test.dart:238:3 • undefined_function
  error • Undefined name 'WidgetPreviewScaffoldController' • flutter/packages/flutter_tools/test/widget_preview_scaffold.shard/widget_preview_scaffold/test/filter_by_selected_file_test.dart:244:33 • undefined_identifier
  error • The function 'expect' isn't defined • flutter/packages/flutter_tools/test/widget_preview_scaffold.shard/widget_preview_scaffold/test/filter_by_selected_file_test.dart:249:5 • undefined_function
  error • The method 'initialize' isn't defined for the type 'FakeWidgetPreviewScaffoldController' • flutter/packages/flutter_tools/test/widget_preview_scaffold.shard/widget_preview_scaffold/test/filter_by_selected_file_test.dart:254:22 • undefined_method
  error • The function 'expect' isn't defined • flutter/packages/flutter_tools/test/widget_preview_scaffold.shard/widget_preview_scaffold/test/filter_by_selected_file_test.dart:255:5 • undefined_function
  error • The getter 'filterBySelectedFileListenable' isn't defined for the type 'FakeWidgetPreviewScaffoldController' • flutter/packages/flutter_tools/test/widget_preview_scaffold.shard/widget_preview_scaffold/test/filter_by_selected_file_test.dart:255:23 • undefined_getter
  error • The function 'expect' isn't defined • flutter/packages/flutter_tools/test/widget_preview_scaffold.shard/widget_preview_scaffold/test/filter_by_selected_file_test.dart:258:5 • undefined_function
  error • The method 'toggleFilterBySelectedFile' isn't defined for the type 'FakeWidgetPreviewScaffoldController' • flutter/packages/flutter_tools/test/widget_preview_scaffold.shard/widget_preview_scaffold/test/filter_by_selected_file_test.dart:261:22 • undefined_method
  error • The function 'expect' isn't defined • flutter/packages/flutter_tools/test/widget_preview_scaffold.shard/widget_preview_scaffold/test/filter_by_selected_file_test.dart:262:5 • undefined_function
  error • The getter 'filterBySelectedFileListenable' isn't defined for the type 'FakeWidgetPreviewScaffoldController' • flutter/packages/flutter_tools/test/widget_preview_scaffold.shard/widget_preview_scaffold/test/filter_by_selected_file_test.dart:262:23 • undefined_getter
  error • The function 'expect' isn't defined • flutter/packages/flutter_tools/test/widget_preview_scaffold.shard/widget_preview_scaffold/test/filter_by_selected_file_test.dart:263:5 • undefined_function
  error • The method 'toggleFilterBySelectedFile' isn't defined for the type 'FakeWidgetPreviewScaffoldController' • flutter/packages/flutter_tools/test/widget_preview_scaffold.shard/widget_preview_scaffold/test/filter_by_selected_file_test.dart:265:22 • undefined_method
  error • The function 'expect' isn't defined • flutter/packages/flutter_tools/test/widget_preview_scaffold.shard/widget_preview_scaffold/test/filter_by_selected_file_test.dart:266:5 • undefined_function
  error • The getter 'filterBySelectedFileListenable' isn't defined for the type 'FakeWidgetPreviewScaffoldController' • flutter/packages/flutter_tools/test/widget_preview_scaffold.shard/widget_preview_scaffold/test/filter_by_selected_file_test.dart:266:23 • undefined_getter
  error • The function 'expect' isn't defined • flutter/packages/flutter_tools/test/widget_preview_scaffold.shard/widget_preview_scaffold/test/filter_by_selected_file_test.dart:267:5 • undefined_function
  error • Target of URI doesn't exist: 'package:flutter_test/flutter_test.dart' • flutter/packages/flutter_tools/test/widget_preview_scaffold.shard/widget_preview_scaffold/test/hot_restart_test.dart:5:8 • uri_does_not_exist
  error • Target of URI doesn't exist: 'package:widget_preview_scaffold/src/controls.dart' • flutter/packages/flutter_tools/test/widget_preview_scaffold.shard/widget_preview_scaffold/test/hot_restart_test.dart:6:8 • uri_does_not_exist
  error • Target of URI doesn't exist: 'package:widget_preview_scaffold/src/widget_preview_rendering.dart' • flutter/packages/flutter_tools/test/widget_preview_scaffold.shard/widget_preview_scaffold/test/hot_restart_test.dart:7:8 • uri_does_not_exist
  error • The function 'testWidgets' isn't defined • flutter/packages/flutter_tools/test/widget_preview_scaffold.shard/widget_preview_scaffold/test/hot_restart_test.dart:12:3 • undefined_function
  error • Undefined class 'WidgetPreviewScaffold' • flutter/packages/flutter_tools/test/widget_preview_scaffold.shard/widget_preview_scaffold/test/hot_restart_test.dart:17:13 • undefined_class
  error • The function 'WidgetPreviewScaffold' isn't defined • flutter/packages/flutter_tools/test/widget_preview_scaffold.shard/widget_preview_scaffold/test/hot_restart_test.dart:17:51 • undefined_function
  error • Undefined class 'Finder' • flutter/packages/flutter_tools/test/widget_preview_scaffold.shard/widget_preview_scaffold/test/hot_restart_test.dart:24:13 • undefined_class
  error • Undefined name 'find' • flutter/packages/flutter_tools/test/widget_preview_scaffold.shard/widget_preview_scaffold/test/hot_restart_test.dart:24:36 • undefined_identifier
  error • Undefined name 'WidgetPreviewerRestartButton' • flutter/packages/flutter_tools/test/widget_preview_scaffold.shard/widget_preview_scaffold/test/hot_restart_test.dart:24:48 • undefined_identifier
  error • The function 'expect' isn't defined • flutter/packages/flutter_tools/test/widget_preview_scaffold.shard/widget_preview_scaffold/test/hot_restart_test.dart:28:7 • undefined_function
  error • The function 'expect' isn't defined • flutter/packages/flutter_tools/test/widget_preview_scaffold.shard/widget_preview_scaffold/test/hot_restart_test.dart:30:7 • undefined_function
  error • Target of URI doesn't exist: 'dart:ui' • flutter/packages/flutter_tools/test/widget_preview_scaffold.shard/widget_preview_scaffold/test/ide_theme_test.dart:7:8 • uri_does_not_exist
  error • Target of URI doesn't exist: 'package:flutter_test/flutter_test.dart' • flutter/packages/flutter_tools/test/widget_preview_scaffold.shard/widget_preview_scaffold/test/ide_theme_test.dart:9:8 • uri_does_not_exist
  error • Target of URI doesn't exist: 'package:widget_preview_scaffold/src/theme/ide_theme.dart' • flutter/packages/flutter_tools/test/widget_preview_scaffold.shard/widget_preview_scaffold/test/ide_theme_test.dart:10:8 • uri_does_not_exist
  error • The function 'group' isn't defined • flutter/packages/flutter_tools/test/widget_preview_scaffold.shard/widget_preview_scaffold/test/ide_theme_test.dart:13:3 • undefined_function
  error • Undefined name 'IdeThemeQueryParams' • flutter/packages/flutter_tools/test/widget_preview_scaffold.shard/widget_preview_scaffold/test/ide_theme_test.dart:13:11 • undefined_identifier
  error • The function 'test' isn't defined • flutter/packages/flutter_tools/test/widget_preview_scaffold.shard/widget_preview_scaffold/test/ide_theme_test.dart:14:5 • undefined_function
  error • The function 'IdeThemeQueryParams' isn't defined • flutter/packages/flutter_tools/test/widget_preview_scaffold.shard/widget_preview_scaffold/test/ide_theme_test.dart:15:22 • undefined_function
  error • The function 'expect' isn't defined • flutter/packages/flutter_tools/test/widget_preview_scaffold.shard/widget_preview_scaffold/test/ide_theme_test.dart:21:7 • undefined_function
  error • Undefined name 'isNotEmpty' • flutter/packages/flutter_tools/test/widget_preview_scaffold.shard/widget_preview_scaffold/test/ide_theme_test.dart:21:29 • undefined_identifier
  error • The function 'expect' isn't defined • flutter/packages/flutter_tools/test/widget_preview_scaffold.shard/widget_preview_scaffold/test/ide_theme_test.dart:22:7 • undefined_function
  error • The name 'Color' isn't a class • flutter/packages/flutter_tools/test/widget_preview_scaffold.shard/widget_preview_scaffold/test/ide_theme_test.dart:22:44 • creation_with_non_type
  error • The function 'expect' isn't defined • flutter/packages/flutter_tools/test/widget_preview_scaffold.shard/widget_preview_scaffold/test/ide_theme_test.dart:23:7 • undefined_function
  error • The name 'Color' isn't a class • flutter/packages/flutter_tools/test/widget_preview_scaffold.shard/widget_preview_scaffold/test/ide_theme_test.dart:23:44 • creation_with_non_type
  error • The function 'expect' isn't defined • flutter/packages/flutter_tools/test/widget_preview_scaffold.shard/widget_preview_scaffold/test/ide_theme_test.dart:24:7 • undefined_function
  error • The function 'test' isn't defined • flutter/packages/flutter_tools/test/widget_preview_scaffold.shard/widget_preview_scaffold/test/ide_theme_test.dart:27:5 • undefined_function
  error • The function 'IdeThemeQueryParams' isn't defined • flutter/packages/flutter_tools/test/widget_preview_scaffold.shard/widget_preview_scaffold/test/ide_theme_test.dart:28:22 • undefined_function
  error • The function 'expect' isn't defined • flutter/packages/flutter_tools/test/widget_preview_scaffold.shard/widget_preview_scaffold/test/ide_theme_test.dart:34:7 • undefined_function
  error • Undefined name 'isNotEmpty' • flutter/packages/flutter_tools/test/widget_preview_scaffold.shard/widget_preview_scaffold/test/ide_theme_test.dart:34:29 • undefined_identifier
  error • The function 'expect' isn't defined • flutter/packages/flutter_tools/test/widget_preview_scaffold.shard/widget_preview_scaffold/test/ide_theme_test.dart:35:7 • undefined_function
  error • Undefined name 'isNull' • flutter/packages/flutter_tools/test/widget_preview_scaffold.shard/widget_preview_scaffold/test/ide_theme_test.dart:35:38 • undefined_identifier
  error • The function 'expect' isn't defined • flutter/packages/flutter_tools/test/widget_preview_scaffold.shard/widget_preview_scaffold/test/ide_theme_test.dart:36:7 • undefined_function
  error • Undefined name 'isNull' • flutter/packages/flutter_tools/test/widget_preview_scaffold.shard/widget_preview_scaffold/test/ide_theme_test.dart:36:38 • undefined_identifier
  error • The function 'expect' isn't defined • flutter/packages/flutter_tools/test/widget_preview_scaffold.shard/widget_preview_scaffold/test/ide_theme_test.dart:37:7 • undefined_function
  error • The function 'test' isn't defined • flutter/packages/flutter_tools/test/widget_preview_scaffold.shard/widget_preview_scaffold/test/ide_theme_test.dart:40:5 • undefined_function
  error • The function 'IdeThemeQueryParams' isn't defined • flutter/packages/flutter_tools/test/widget_preview_scaffold.shard/widget_preview_scaffold/test/ide_theme_test.dart:41:22 • undefined_function
  error • The function 'expect' isn't defined • flutter/packages/flutter_tools/test/widget_preview_scaffold.shard/widget_preview_scaffold/test/ide_theme_test.dart:46:7 • undefined_function
  error • The function 'test' isn't defined • flutter/packages/flutter_tools/test/widget_preview_scaffold.shard/widget_preview_scaffold/test/ide_theme_test.dart:49:5 • undefined_function
  error • The function 'IdeThemeQueryParams' isn't defined • flutter/packages/flutter_tools/test/widget_preview_scaffold.shard/widget_preview_scaffold/test/ide_theme_test.dart:50:22 • undefined_function
  error • The function 'expect' isn't defined • flutter/packages/flutter_tools/test/widget_preview_scaffold.shard/widget_preview_scaffold/test/ide_theme_test.dart:51:7 • undefined_function
  error • Undefined name 'isEmpty' • flutter/packages/flutter_tools/test/widget_preview_scaffold.shard/widget_preview_scaffold/test/ide_theme_test.dart:51:29 • undefined_identifier
  error • The function 'expect' isn't defined • flutter/packages/flutter_tools/test/widget_preview_scaffold.shard/widget_preview_scaffold/test/ide_theme_test.dart:52:7 • undefined_function
  error • Undefined name 'isNull' • flutter/packages/flutter_tools/test/widget_preview_scaffold.shard/widget_preview_scaffold/test/ide_theme_test.dart:52:38 • undefined_identifier
  error • The function 'expect' isn't defined • flutter/packages/flutter_tools/test/widget_preview_scaffold.shard/widget_preview_scaffold/test/ide_theme_test.dart:53:7 • undefined_function
  error • Undefined name 'isNull' • flutter/packages/flutter_tools/test/widget_preview_scaffold.shard/widget_preview_scaffold/test/ide_theme_test.dart:53:38 • undefined_identifier
  error • The function 'expect' isn't defined • flutter/packages/flutter_tools/test/widget_preview_scaffold.shard/widget_preview_scaffold/test/ide_theme_test.dart:54:7 • undefined_function
  error • Target of URI doesn't exist: 'package:flutter/cupertino.dart' • flutter/packages/flutter_tools/test/widget_preview_scaffold.shard/widget_preview_scaffold/test/localizations_test.dart:5:8 • uri_does_not_exist
  error • Target of URI doesn't exist: 'package:flutter/material.dart' • flutter/packages/flutter_tools/test/widget_preview_scaffold.shard/widget_preview_scaffold/test/localizations_test.dart:6:8 • uri_does_not_exist
  error • Target of URI doesn't exist: 'package:flutter/widget_previews.dart' • flutter/packages/flutter_tools/test/widget_preview_scaffold.shard/widget_preview_scaffold/test/localizations_test.dart:7:8 • uri_does_not_exist
  error • Target of URI doesn't exist: 'package:flutter_test/flutter_test.dart' • flutter/packages/flutter_tools/test/widget_preview_scaffold.shard/widget_preview_scaffold/test/localizations_test.dart:8:8 • uri_does_not_exist
  error • Target of URI doesn't exist: 'package:widget_preview_scaffold/src/widget_preview.dart' • flutter/packages/flutter_tools/test/widget_preview_scaffold.shard/widget_preview_scaffold/test/localizations_test.dart:9:8 • uri_does_not_exist
  error • Target of URI doesn't exist: 'package:widget_preview_scaffold/src/widget_preview_rendering.dart' • flutter/packages/flutter_tools/test/widget_preview_scaffold.shard/widget_preview_scaffold/test/localizations_test.dart:10:8 • uri_does_not_exist
  error • Undefined class 'BuildContext' • flutter/packages/flutter_tools/test/widget_preview_scaffold.shard/widget_preview_scaffold/test/localizations_test.dart:17:12 • undefined_class
  error • Undefined class 'PreviewLocalizationsData' • flutter/packages/flutter_tools/test/widget_preview_scaffold.shard/widget_preview_scaffold/test/localizations_test.dart:18:12 • undefined_class
  error • The function 'expect' isn't defined • flutter/packages/flutter_tools/test/widget_preview_scaffold.shard/widget_preview_scaffold/test/localizations_test.dart:21:3 • undefined_function
  error • The function 'isA' isn't defined • flutter/packages/flutter_tools/test/widget_preview_scaffold.shard/widget_preview_scaffold/test/localizations_test.dart:21:18 • undefined_function
  error • The function 'expect' isn't defined • flutter/packages/flutter_tools/test/widget_preview_scaffold.shard/widget_preview_scaffold/test/localizations_test.dart:23:5 • undefined_function
  error • Undefined name 'isNull' • flutter/packages/flutter_tools/test/widget_preview_scaffold.shard/widget_preview_scaffold/test/localizations_test.dart:23:20 • undefined_identifier
  error • The function 'expect' isn't defined • flutter/packages/flutter_tools/test/widget_preview_scaffold.shard/widget_preview_scaffold/test/localizations_test.dart:25:3 • undefined_function
  error • The function 'expect' isn't defined • flutter/packages/flutter_tools/test/widget_preview_scaffold.shard/widget_preview_scaffold/test/localizations_test.dart:26:3 • undefined_function
  error • Undefined class 'Key' • flutter/packages/flutter_tools/test/widget_preview_scaffold.shard/widget_preview_scaffold/test/localizations_test.dart:33:12 • undefined_class
  error • Undefined class 'PreviewLocalizations' • flutter/packages/flutter_tools/test/widget_preview_scaffold.shard/widget_preview_scaffold/test/localizations_test.dart:34:3 • undefined_class
  error • The function 'WidgetPreviewWidget' isn't defined • flutter/packages/flutter_tools/test/widget_preview_scaffold.shard/widget_preview_scaffold/test/localizations_test.dart:38:12 • undefined_function
  error • Undefined name 'WidgetPreview' • flutter/packages/flutter_tools/test/widget_preview_scaffold.shard/widget_preview_scaffold/test/localizations_test.dart:40:16 • undefined_identifier
  error • The function 'Text' isn't defined • flutter/packages/flutter_tools/test/widget_preview_scaffold.shard/widget_preview_scaffold/test/localizations_test.dart:41:24 • undefined_function
  error • The function 'Preview' isn't defined • flutter/packages/flutter_tools/test/widget_preview_scaffold.shard/widget_preview_scaffold/test/localizations_test.dart:42:22 • undefined_function
  error • The function 'testWidgets' isn't defined • flutter/packages/flutter_tools/test/widget_preview_scaffold.shard/widget_preview_scaffold/test/localizations_test.dart:49:3 • undefined_function
  error • The function 'GlobalKey' isn't defined • flutter/packages/flutter_tools/test/widget_preview_scaffold.shard/widget_preview_scaffold/test/localizations_test.dart:52:19 • undefined_function
  error • Undefined class 'PreviewLocalizationsData' • flutter/packages/flutter_tools/test/widget_preview_scaffold.shard/widget_preview_scaffold/test/localizations_test.dart:53:7 • undefined_class
  error • Target of URI doesn't exist: 'package:flutter/widget_previews.dart' • flutter/packages/flutter_tools/test/widget_preview_scaffold.shard/widget_preview_scaffold/test/no_previews_detected_test.dart:5:8 • uri_does_not_exist
  error • Target of URI doesn't exist: 'package:flutter/widgets.dart' • flutter/packages/flutter_tools/test/widget_preview_scaffold.shard/widget_preview_scaffold/test/no_previews_detected_test.dart:6:8 • uri_does_not_exist
  error • Target of URI doesn't exist: 'package:flutter_test/flutter_test.dart' • flutter/packages/flutter_tools/test/widget_preview_scaffold.shard/widget_preview_scaffold/test/no_previews_detected_test.dart:7:8 • uri_does_not_exist
  error • Target of URI doesn't exist: 'package:widget_preview_scaffold/src/widget_preview.dart' • flutter/packages/flutter_tools/test/widget_preview_scaffold.shard/widget_preview_scaffold/test/no_previews_detected_test.dart:8:8 • uri_does_not_exist
  error • Target of URI doesn't exist: 'package:widget_preview_scaffold/src/widget_preview_rendering.dart' • flutter/packages/flutter_tools/test/widget_preview_scaffold.shard/widget_preview_scaffold/test/no_previews_detected_test.dart:9:8 • uri_does_not_exist
  error • Target of URI doesn't exist: 'package:widget_preview_scaffold/src/widget_preview_scaffold_controller.dart' • flutter/packages/flutter_tools/test/widget_preview_scaffold.shard/widget_preview_scaffold/test/no_previews_detected_test.dart:11:8 • uri_does_not_exist
  error • The function 'testWidgets' isn't defined • flutter/packages/flutter_tools/test/widget_preview_scaffold.shard/widget_preview_scaffold/test/no_previews_detected_test.dart:16:3 • undefined_function
  error • The name 'WidgetPreview' isn't a type, so it can't be used as a type argument • flutter/packages/flutter_tools/test/widget_preview_scaffold.shard/widget_preview_scaffold/test/no_previews_detected_test.dart:19:32 • non_type_as_type_argument
  error • The function 'WidgetPreviewScaffoldController' isn't defined • flutter/packages/flutter_tools/test/widget_preview_scaffold.shard/widget_preview_scaffold/test/no_previews_detected_test.dart:21:26 • undefined_function
  error • The function 'WidgetPreviewScaffold' isn't defined • flutter/packages/flutter_tools/test/widget_preview_scaffold.shard/widget_preview_scaffold/test/no_previews_detected_test.dart:32:31 • undefined_function
  error • Undefined class 'Finder' • flutter/packages/flutter_tools/test/widget_preview_scaffold.shard/widget_preview_scaffold/test/no_previews_detected_test.dart:34:13 • undefined_class
  error • Undefined name 'find' • flutter/packages/flutter_tools/test/widget_preview_scaffold.shard/widget_preview_scaffold/test/no_previews_detected_test.dart:34:46 • undefined_identifier
  error • Undefined name 'NoPreviewsDetectedWidget' • flutter/packages/flutter_tools/test/widget_preview_scaffold.shard/widget_preview_scaffold/test/no_previews_detected_test.dart:35:9 • undefined_identifier
  error • Undefined class 'Finder' • flutter/packages/flutter_tools/test/widget_preview_scaffold.shard/widget_preview_scaffold/test/no_previews_detected_test.dart:37:13 • undefined_class
  error • Undefined name 'find' • flutter/packages/flutter_tools/test/widget_preview_scaffold.shard/widget_preview_scaffold/test/no_previews_detected_test.dart:37:53 • undefined_identifier
  error • Undefined name 'WidgetPreviewGroupWidget' • flutter/packages/flutter_tools/test/widget_preview_scaffold.shard/widget_preview_scaffold/test/no_previews_detected_test.dart:38:9 • undefined_identifier
  error • Undefined class 'Finder' • flutter/packages/flutter_tools/test/widget_preview_scaffold.shard/widget_preview_scaffold/test/no_previews_detected_test.dart:40:13 • undefined_class
  error • Undefined name 'find' • flutter/packages/flutter_tools/test/widget_preview_scaffold.shard/widget_preview_scaffold/test/no_previews_detected_test.dart:40:48 • undefined_identifier
  error • Undefined name 'WidgetPreviewWidget' • flutter/packages/flutter_tools/test/widget_preview_scaffold.shard/widget_preview_scaffold/test/no_previews_detected_test.dart:40:60 • undefined_identifier
  error • Undefined class 'Finder' • flutter/packages/flutter_tools/test/widget_preview_scaffold.shard/widget_preview_scaffold/test/no_previews_detected_test.dart:41:13 • undefined_class
  error • Undefined name 'find' • flutter/packages/flutter_tools/test/widget_preview_scaffold.shard/widget_preview_scaffold/test/no_previews_detected_test.dart:41:45 • undefined_identifier
  error • Undefined name 'NoPreviewsDetectedWidget' • flutter/packages/flutter_tools/test/widget_preview_scaffold.shard/widget_preview_scaffold/test/no_previews_detected_test.dart:42:9 • undefined_identifier
  error • The function 'expect' isn't defined • flutter/packages/flutter_tools/test/widget_preview_scaffold.shard/widget_preview_scaffold/test/no_previews_detected_test.dart:45:7 • undefined_function
  error • Undefined name 'findsOne' • flutter/packages/flutter_tools/test/widget_preview_scaffold.shard/widget_preview_scaffold/test/no_previews_detected_test.dart:45:39 • undefined_identifier
  error • The function 'expect' isn't defined • flutter/packages/flutter_tools/test/widget_preview_scaffold.shard/widget_preview_scaffold/test/no_previews_detected_test.dart:46:7 • undefined_function
  error • Undefined name 'findsOne' • flutter/packages/flutter_tools/test/widget_preview_scaffold.shard/widget_preview_scaffold/test/no_previews_detected_test.dart:46:38 • undefined_identifier
  error • The function 'expect' isn't defined • flutter/packages/flutter_tools/test/widget_preview_scaffold.shard/widget_preview_scaffold/test/no_previews_detected_test.dart:47:7 • undefined_function
  error • Undefined name 'findsNothing' • flutter/packages/flutter_tools/test/widget_preview_scaffold.shard/widget_preview_scaffold/test/no_previews_detected_test.dart:47:46 • undefined_identifier
  error • The function 'expect' isn't defined • flutter/packages/flutter_tools/test/widget_preview_scaffold.shard/widget_preview_scaffold/test/no_previews_detected_test.dart:48:7 • undefined_function
  error • Undefined name 'findsNothing' • flutter/packages/flutter_tools/test/widget_preview_scaffold.shard/widget_preview_scaffold/test/no_previews_detected_test.dart:48:41 • undefined_identifier
  error • The function 'WidgetPreview' isn't defined • flutter/packages/flutter_tools/test/widget_preview_scaffold.shard/widget_preview_scaffold/test/no_previews_detected_test.dart:51:9 • undefined_function
  error • The name 'Text' isn't a class • flutter/packages/flutter_tools/test/widget_preview_scaffold.shard/widget_preview_scaffold/test/no_previews_detected_test.dart:55:32 • creation_with_non_type
  error • The function 'Preview' isn't defined • flutter/packages/flutter_tools/test/widget_preview_scaffold.shard/widget_preview_scaffold/test/no_previews_detected_test.dart:56:24 • undefined_function
  error • The function 'WidgetPreviewScaffold' isn't defined • flutter/packages/flutter_tools/test/widget_preview_scaffold.shard/widget_preview_scaffold/test/no_previews_detected_test.dart:65:31 • undefined_function
  error • The function 'expect' isn't defined • flutter/packages/flutter_tools/test/widget_preview_scaffold.shard/widget_preview_scaffold/test/no_previews_detected_test.dart:67:7 • undefined_function
  error • Undefined name 'findsNothing' • flutter/packages/flutter_tools/test/widget_preview_scaffold.shard/widget_preview_scaffold/test/no_previews_detected_test.dart:67:39 • undefined_identifier
  error • The function 'expect' isn't defined • flutter/packages/flutter_tools/test/widget_preview_scaffold.shard/widget_preview_scaffold/test/no_previews_detected_test.dart:68:7 • undefined_function
  error • Undefined name 'findsNothing' • flutter/packages/flutter_tools/test/widget_preview_scaffold.shard/widget_preview_scaffold/test/no_previews_detected_test.dart:68:38 • undefined_identifier
  error • The function 'expect' isn't defined • flutter/packages/flutter_tools/test/widget_preview_scaffold.shard/widget_preview_scaffold/test/no_previews_detected_test.dart:69:7 • undefined_function
  error • Undefined name 'findsOne' • flutter/packages/flutter_tools/test/widget_preview_scaffold.shard/widget_preview_scaffold/test/no_previews_detected_test.dart:69:41 • undefined_identifier
  error • The function 'expect' isn't defined • flutter/packages/flutter_tools/test/widget_preview_scaffold.shard/widget_preview_scaffold/test/no_previews_detected_test.dart:70:7 • undefined_function
  error • Undefined name 'findsOne' • flutter/packages/flutter_tools/test/widget_preview_scaffold.shard/widget_preview_scaffold/test/no_previews_detected_test.dart:70:46 • undefined_identifier
  error • Target of URI doesn't exist: 'package:flutter/widget_previews.dart' • flutter/packages/flutter_tools/test/widget_preview_scaffold.shard/widget_preview_scaffold/test/soft_restart_test.dart:7:8 • uri_does_not_exist
  error • Target of URI doesn't exist: 'package:flutter/widgets.dart' • flutter/packages/flutter_tools/test/widget_preview_scaffold.shard/widget_preview_scaffold/test/soft_restart_test.dart:8:8 • uri_does_not_exist
  error • Target of URI doesn't exist: 'package:flutter_test/flutter_test.dart' • flutter/packages/flutter_tools/test/widget_preview_scaffold.shard/widget_preview_scaffold/test/soft_restart_test.dart:9:8 • uri_does_not_exist
  error • Target of URI doesn't exist: 'package:widget_preview_scaffold/src/controls.dart' • flutter/packages/flutter_tools/test/widget_preview_scaffold.shard/widget_preview_scaffold/test/soft_restart_test.dart:10:8 • uri_does_not_exist
  error • Target of URI doesn't exist: 'package:widget_preview_scaffold/src/widget_preview.dart' • flutter/packages/flutter_tools/test/widget_preview_scaffold.shard/widget_preview_scaffold/test/soft_restart_test.dart:11:8 • uri_does_not_exist
  error • Target of URI doesn't exist: 'package:widget_preview_scaffold/src/widget_preview_rendering.dart' • flutter/packages/flutter_tools/test/widget_preview_scaffold.shard/widget_preview_scaffold/test/soft_restart_test.dart:12:8 • uri_does_not_exist
  error • The function 'testWidgets' isn't defined • flutter/packages/flutter_tools/test/widget_preview_scaffold.shard/widget_preview_scaffold/test/soft_restart_test.dart:18:3 • undefined_function
  error • The function 'WidgetPreviewWidget' isn't defined • flutter/packages/flutter_tools/test/widget_preview_scaffold.shard/widget_preview_scaffold/test/soft_restart_test.dart:24:16 • undefined_function
  error • Undefined name 'WidgetPreview' • flutter/packages/flutter_tools/test/widget_preview_scaffold.shard/widget_preview_scaffold/test/soft_restart_test.dart:26:20 • undefined_identifier
  error • The name 'Text' isn't a class • flutter/packages/flutter_tools/test/widget_preview_scaffold.shard/widget_preview_scaffold/test/soft_restart_test.dart:27:34 • creation_with_non_type
  error • The function 'Preview' isn't defined • flutter/packages/flutter_tools/test/widget_preview_scaffold.shard/widget_preview_scaffold/test/soft_restart_test.dart:28:26 • undefined_function
  error • Undefined class 'Finder' • flutter/packages/flutter_tools/test/widget_preview_scaffold.shard/widget_preview_scaffold/test/soft_restart_test.dart:34:13 • undefined_class
  error • Undefined name 'find' • flutter/packages/flutter_tools/test/widget_preview_scaffold.shard/widget_preview_scaffold/test/soft_restart_test.dart:34:40 • undefined_identifier
  error • Undefined name 'SoftRestartButton' • flutter/packages/flutter_tools/test/widget_preview_scaffold.shard/widget_preview_scaffold/test/soft_restart_test.dart:34:52 • undefined_identifier
  error • Undefined class 'WidgetPreviewWidgetState' • flutter/packages/flutter_tools/test/widget_preview_scaffold.shard/widget_preview_scaffold/test/soft_restart_test.dart:35:13 • undefined_class
  error • The name 'WidgetPreviewWidgetState' isn't a type, so it can't be used as a type argument • flutter/packages/flutter_tools/test/widget_preview_scaffold.shard/widget_preview_scaffold/test/soft_restart_test.dart:36:18 • non_type_as_type_argument
  error • Undefined name 'find' • flutter/packages/flutter_tools/test/widget_preview_scaffold.shard/widget_preview_scaffold/test/soft_restart_test.dart:36:44 • undefined_identifier
  error • The function 'expect' isn't defined • flutter/packages/flutter_tools/test/widget_preview_scaffold.shard/widget_preview_scaffold/test/soft_restart_test.dart:42:11 • undefined_function
  error • The function 'expect' isn't defined • flutter/packages/flutter_tools/test/widget_preview_scaffold.shard/widget_preview_scaffold/test/soft_restart_test.dart:45:11 • undefined_function
  error • The function 'expect' isn't defined • flutter/packages/flutter_tools/test/widget_preview_scaffold.shard/widget_preview_scaffold/test/soft_restart_test.dart:51:7 • undefined_function
  error • Undefined class 'Size' • flutter/packages/flutter_tools/test/widget_preview_scaffold.shard/widget_preview_scaffold/test/soft_restart_test.dart:52:13 • undefined_class
  error • Undefined class 'Finder' • flutter/packages/flutter_tools/test/widget_preview_scaffold.shard/widget_preview_scaffold/test/soft_restart_test.dart:53:13 • undefined_class
  error • Undefined name 'find' • flutter/packages/flutter_tools/test/widget_preview_scaffold.shard/widget_preview_scaffold/test/soft_restart_test.dart:53:36 • undefined_identifier
  error • The function 'expect' isn't defined • flutter/packages/flutter_tools/test/widget_preview_scaffold.shard/widget_preview_scaffold/test/soft_restart_test.dart:54:7 • undefined_function
  error • Undefined name 'findsOne' • flutter/packages/flutter_tools/test/widget_preview_scaffold.shard/widget_preview_scaffold/test/soft_restart_test.dart:54:29 • undefined_identifier
  error • Undefined class 'Finder' • flutter/packages/flutter_tools/test/widget_preview_scaffold.shard/widget_preview_scaffold/test/soft_restart_test.dart:61:13 • undefined_class
  error • Undefined name 'find' • flutter/packages/flutter_tools/test/widget_preview_scaffold.shard/widget_preview_scaffold/test/soft_restart_test.dart:61:43 • undefined_identifier
  error • Undefined class 'Widget' • flutter/packages/flutter_tools/test/widget_preview_scaffold.shard/widget_preview_scaffold/test/soft_restart_test.dart:62:10 • undefined_class
  error • The name 'SizedBox' isn't defined, so it can't be used in an 'is' expression • flutter/packages/flutter_tools/test/widget_preview_scaffold.shard/widget_preview_scaffold/test/soft_restart_test.dart:63:23 • type_test_with_undefined_name
  error • The function 'expect' isn't defined • flutter/packages/flutter_tools/test/widget_preview_scaffold.shard/widget_preview_scaffold/test/soft_restart_test.dart:67:7 • undefined_function
  error • Undefined name 'findsOne' • flutter/packages/flutter_tools/test/widget_preview_scaffold.shard/widget_preview_scaffold/test/soft_restart_test.dart:67:36 • undefined_identifier
  error • The function 'expect' isn't defined • flutter/packages/flutter_tools/test/widget_preview_scaffold.shard/widget_preview_scaffold/test/soft_restart_test.dart:68:7 • undefined_function
  error • Undefined name 'findsNothing' • flutter/packages/flutter_tools/test/widget_preview_scaffold.shard/widget_preview_scaffold/test/soft_restart_test.dart:68:29 • undefined_identifier
  error • The function 'expect' isn't defined • flutter/packages/flutter_tools/test/widget_preview_scaffold.shard/widget_preview_scaffold/test/soft_restart_test.dart:69:7 • undefined_function
  error • The function 'expect' isn't defined • flutter/packages/flutter_tools/test/widget_preview_scaffold.shard/widget_preview_scaffold/test/soft_restart_test.dart:73:7 • undefined_function
  error • Undefined name 'findsNothing' • flutter/packages/flutter_tools/test/widget_preview_scaffold.shard/widget_preview_scaffold/test/soft_restart_test.dart:73:36 • undefined_identifier
  error • The function 'expect' isn't defined • flutter/packages/flutter_tools/test/widget_preview_scaffold.shard/widget_preview_scaffold/test/soft_restart_test.dart:74:7 • undefined_function
  error • Undefined name 'findsOne' • flutter/packages/flutter_tools/test/widget_preview_scaffold.shard/widget_preview_scaffold/test/soft_restart_test.dart:74:29 • undefined_identifier
  error • Target of URI doesn't exist: 'package:flutter_test/flutter_test.dart' • flutter/packages/flutter_tools/test/widget_preview_scaffold.shard/widget_preview_scaffold/test/template_change_detection_smoke_test.dart:7:8 • uri_does_not_exist
  error • The function 'test' isn't defined • flutter/packages/flutter_tools/test/widget_preview_scaffold.shard/widget_preview_scaffold/test/template_change_detection_smoke_test.dart:12:3 • undefined_function
  error • The function 'fail' isn't defined • flutter/packages/flutter_tools/test/widget_preview_scaffold.shard/widget_preview_scaffold/test/template_change_detection_smoke_test.dart:26:7 • undefined_function
  error • Target of URI doesn't exist: 'package:flutter/material.dart' • flutter/packages/flutter_tools/test/widget_preview_scaffold.shard/widget_preview_scaffold/test/theme_test.dart:7:8 • uri_does_not_exist
  error • Target of URI doesn't exist: 'package:flutter_test/flutter_test.dart' • flutter/packages/flutter_tools/test/widget_preview_scaffold.shard/widget_preview_scaffold/test/theme_test.dart:8:8 • uri_does_not_exist
  error • Target of URI doesn't exist: 'package:widget_preview_scaffold/src/theme/ide_theme.dart' • flutter/packages/flutter_tools/test/widget_preview_scaffold.shard/widget_preview_scaffold/test/theme_test.dart:9:8 • uri_does_not_exist
  error • Target of URI doesn't exist: 'package:widget_preview_scaffold/src/theme/theme.dart' • flutter/packages/flutter_tools/test/widget_preview_scaffold.shard/widget_preview_scaffold/test/theme_test.dart:10:8 • uri_does_not_exist
  error • The function 'group' isn't defined • flutter/packages/flutter_tools/test/widget_preview_scaffold.shard/widget_preview_scaffold/test/theme_test.dart:13:3 • undefined_function
  error • Undefined class 'ThemeData' • flutter/packages/flutter_tools/test/widget_preview_scaffold.shard/widget_preview_scaffold/test/theme_test.dart:14:5 • undefined_class
  error • The function 'test' isn't defined • flutter/packages/flutter_tools/test/widget_preview_scaffold.shard/widget_preview_scaffold/test/theme_test.dart:16:5 • undefined_function
  error • The function 'themeFor' isn't defined • flutter/packages/flutter_tools/test/widget_preview_scaffold.shard/widget_preview_scaffold/test/theme_test.dart:17:15 • undefined_function
  error • The function 'IdeTheme' isn't defined • flutter/packages/flutter_tools/test/widget_preview_scaffold.shard/widget_preview_scaffold/test/theme_test.dart:19:19 • undefined_function
  error • The function 'ThemeData' isn't defined • flutter/packages/flutter_tools/test/widget_preview_scaffold.shard/widget_preview_scaffold/test/theme_test.dart:20:16 • undefined_function
  error • Undefined name 'darkColorScheme' • flutter/packages/flutter_tools/test/widget_preview_scaffold.shard/widget_preview_scaffold/test/theme_test.dart:20:59 • undefined_identifier
  error • The function 'expect' isn't defined • flutter/packages/flutter_tools/test/widget_preview_scaffold.shard/widget_preview_scaffold/test/theme_test.dart:22:7 • undefined_function
  error • The function 'equals' isn't defined • flutter/packages/flutter_tools/test/widget_preview_scaffold.shard/widget_preview_scaffold/test/theme_test.dart:22:32 • undefined_function
  error • Undefined name 'Brightness' • flutter/packages/flutter_tools/test/widget_preview_scaffold.shard/widget_preview_scaffold/test/theme_test.dart:22:39 • undefined_identifier
  error • The function 'expect' isn't defined • flutter/packages/flutter_tools/test/widget_preview_scaffold.shard/widget_preview_scaffold/test/theme_test.dart:23:7 • undefined_function
  error • The function 'equals' isn't defined • flutter/packages/flutter_tools/test/widget_preview_scaffold.shard/widget_preview_scaffold/test/theme_test.dart:23:45 • undefined_function
  error • Undefined name 'darkColorScheme' • flutter/packages/flutter_tools/test/widget_preview_scaffold.shard/widget_preview_scaffold/test/theme_test.dart:23:52 • undefined_identifier
  error • The function 'themeFor' isn't defined • flutter/packages/flutter_tools/test/widget_preview_scaffold.shard/widget_preview_scaffold/test/theme_test.dart:25:15 • undefined_function
  error • The function 'IdeTheme' isn't defined • flutter/packages/flutter_tools/test/widget_preview_scaffold.shard/widget_preview_scaffold/test/theme_test.dart:27:19 • undefined_function
  error • The function 'ThemeData' isn't defined • flutter/packages/flutter_tools/test/widget_preview_scaffold.shard/widget_preview_scaffold/test/theme_test.dart:28:16 • undefined_function
  error • Undefined name 'lightColorScheme' • flutter/packages/flutter_tools/test/widget_preview_scaffold.shard/widget_preview_scaffold/test/theme_test.dart:28:59 • undefined_identifier
  error • The function 'expect' isn't defined • flutter/packages/flutter_tools/test/widget_preview_scaffold.shard/widget_preview_scaffold/test/theme_test.dart:30:7 • undefined_function
  error • The function 'equals' isn't defined • flutter/packages/flutter_tools/test/widget_preview_scaffold.shard/widget_preview_scaffold/test/theme_test.dart:30:32 • undefined_function
  error • Undefined name 'Brightness' • flutter/packages/flutter_tools/test/widget_preview_scaffold.shard/widget_preview_scaffold/test/theme_test.dart:30:39 • undefined_identifier
  error • The function 'expect' isn't defined • flutter/packages/flutter_tools/test/widget_preview_scaffold.shard/widget_preview_scaffold/test/theme_test.dart:31:7 • undefined_function
  error • The function 'equals' isn't defined • flutter/packages/flutter_tools/test/widget_preview_scaffold.shard/widget_preview_scaffold/test/theme_test.dart:31:45 • undefined_function
  error • Undefined name 'lightColorScheme' • flutter/packages/flutter_tools/test/widget_preview_scaffold.shard/widget_preview_scaffold/test/theme_test.dart:31:52 • undefined_identifier
  error • The function 'test' isn't defined • flutter/packages/flutter_tools/test/widget_preview_scaffold.shard/widget_preview_scaffold/test/theme_test.dart:34:5 • undefined_function
  error • The function 'themeFor' isn't defined • flutter/packages/flutter_tools/test/widget_preview_scaffold.shard/widget_preview_scaffold/test/theme_test.dart:35:15 • undefined_function
  error • The function 'IdeTheme' isn't defined • flutter/packages/flutter_tools/test/widget_preview_scaffold.shard/widget_preview_scaffold/test/theme_test.dart:37:19 • undefined_function
  error • Undefined name 'Colors' • flutter/packages/flutter_tools/test/widget_preview_scaffold.shard/widget_preview_scaffold/test/theme_test.dart:37:45 • undefined_identifier
  error • The function 'ThemeData' isn't defined • flutter/packages/flutter_tools/test/widget_preview_scaffold.shard/widget_preview_scaffold/test/theme_test.dart:38:16 • undefined_function
  error • Undefined name 'lightColorScheme' • flutter/packages/flutter_tools/test/widget_preview_scaffold.shard/widget_preview_scaffold/test/theme_test.dart:38:59 • undefined_identifier
  error • The function 'expect' isn't defined • flutter/packages/flutter_tools/test/widget_preview_scaffold.shard/widget_preview_scaffold/test/theme_test.dart:40:7 • undefined_function
  error • The function 'equals' isn't defined • flutter/packages/flutter_tools/test/widget_preview_scaffold.shard/widget_preview_scaffold/test/theme_test.dart:40:32 • undefined_function
  error • Undefined name 'Brightness' • flutter/packages/flutter_tools/test/widget_preview_scaffold.shard/widget_preview_scaffold/test/theme_test.dart:40:39 • undefined_identifier
  error • The function 'expect' isn't defined • flutter/packages/flutter_tools/test/widget_preview_scaffold.shard/widget_preview_scaffold/test/theme_test.dart:41:7 • undefined_function
  error • The function 'equals' isn't defined • flutter/packages/flutter_tools/test/widget_preview_scaffold.shard/widget_preview_scaffold/test/theme_test.dart:41:45 • undefined_function
  error • Undefined name 'Colors' • flutter/packages/flutter_tools/test/widget_preview_scaffold.shard/widget_preview_scaffold/test/theme_test.dart:41:52 • undefined_identifier
  error • The function 'themeFor' isn't defined • flutter/packages/flutter_tools/test/widget_preview_scaffold.shard/widget_preview_scaffold/test/theme_test.dart:43:15 • undefined_function
  error • The function 'IdeTheme' isn't defined • flutter/packages/flutter_tools/test/widget_preview_scaffold.shard/widget_preview_scaffold/test/theme_test.dart:45:19 • undefined_function
  error • Undefined name 'Colors' • flutter/packages/flutter_tools/test/widget_preview_scaffold.shard/widget_preview_scaffold/test/theme_test.dart:45:45 • undefined_identifier
  error • The function 'ThemeData' isn't defined • flutter/packages/flutter_tools/test/widget_preview_scaffold.shard/widget_preview_scaffold/test/theme_test.dart:46:16 • undefined_function
  error • Undefined name 'darkColorScheme' • flutter/packages/flutter_tools/test/widget_preview_scaffold.shard/widget_preview_scaffold/test/theme_test.dart:46:59 • undefined_identifier
  error • The function 'expect' isn't defined • flutter/packages/flutter_tools/test/widget_preview_scaffold.shard/widget_preview_scaffold/test/theme_test.dart:48:7 • undefined_function
  error • The function 'equals' isn't defined • flutter/packages/flutter_tools/test/widget_preview_scaffold.shard/widget_preview_scaffold/test/theme_test.dart:48:32 • undefined_function
  error • Undefined name 'Brightness' • flutter/packages/flutter_tools/test/widget_preview_scaffold.shard/widget_preview_scaffold/test/theme_test.dart:48:39 • undefined_identifier
  error • The function 'expect' isn't defined • flutter/packages/flutter_tools/test/widget_preview_scaffold.shard/widget_preview_scaffold/test/theme_test.dart:49:7 • undefined_function
  error • The function 'equals' isn't defined • flutter/packages/flutter_tools/test/widget_preview_scaffold.shard/widget_preview_scaffold/test/theme_test.dart:49:45 • undefined_function
  error • Undefined name 'Colors' • flutter/packages/flutter_tools/test/widget_preview_scaffold.shard/widget_preview_scaffold/test/theme_test.dart:49:52 • undefined_identifier
  error • The function 'test' isn't defined • flutter/packages/flutter_tools/test/widget_preview_scaffold.shard/widget_preview_scaffold/test/theme_test.dart:52:5 • undefined_function
  error • The function 'themeFor' isn't defined • flutter/packages/flutter_tools/test/widget_preview_scaffold.shard/widget_preview_scaffold/test/theme_test.dart:53:15 • undefined_function
  error • The function 'IdeTheme' isn't defined • flutter/packages/flutter_tools/test/widget_preview_scaffold.shard/widget_preview_scaffold/test/theme_test.dart:55:19 • undefined_function
  error • Undefined name 'Colors' • flutter/packages/flutter_tools/test/widget_preview_scaffold.shard/widget_preview_scaffold/test/theme_test.dart:55:45 • undefined_identifier
  error • The function 'ThemeData' isn't defined • flutter/packages/flutter_tools/test/widget_preview_scaffold.shard/widget_preview_scaffold/test/theme_test.dart:56:16 • undefined_function
  error • Undefined name 'lightColorScheme' • flutter/packages/flutter_tools/test/widget_preview_scaffold.shard/widget_preview_scaffold/test/theme_test.dart:56:59 • undefined_identifier
  error • The function 'expect' isn't defined • flutter/packages/flutter_tools/test/widget_preview_scaffold.shard/widget_preview_scaffold/test/theme_test.dart:58:7 • undefined_function
  error • The function 'equals' isn't defined • flutter/packages/flutter_tools/test/widget_preview_scaffold.shard/widget_preview_scaffold/test/theme_test.dart:58:32 • undefined_function
  error • Undefined name 'Brightness' • flutter/packages/flutter_tools/test/widget_preview_scaffold.shard/widget_preview_scaffold/test/theme_test.dart:58:39 • undefined_identifier
  error • The function 'expect' isn't defined • flutter/packages/flutter_tools/test/widget_preview_scaffold.shard/widget_preview_scaffold/test/theme_test.dart:59:7 • undefined_function
  error • The function 'equals' isn't defined • flutter/packages/flutter_tools/test/widget_preview_scaffold.shard/widget_preview_scaffold/test/theme_test.dart:59:45 • undefined_function
  error • Undefined name 'lightColorScheme' • flutter/packages/flutter_tools/test/widget_preview_scaffold.shard/widget_preview_scaffold/test/theme_test.dart:59:52 • undefined_identifier
  error • The function 'themeFor' isn't defined • flutter/packages/flutter_tools/test/widget_preview_scaffold.shard/widget_preview_scaffold/test/theme_test.dart:61:15 • undefined_function
  error • The function 'IdeTheme' isn't defined • flutter/packages/flutter_tools/test/widget_preview_scaffold.shard/widget_preview_scaffold/test/theme_test.dart:63:19 • undefined_function
  error • Undefined name 'Colors' • flutter/packages/flutter_tools/test/widget_preview_scaffold.shard/widget_preview_scaffold/test/theme_test.dart:63:45 • undefined_identifier
  error • The function 'ThemeData' isn't defined • flutter/packages/flutter_tools/test/widget_preview_scaffold.shard/widget_preview_scaffold/test/theme_test.dart:64:16 • undefined_function
  error • Undefined name 'darkColorScheme' • flutter/packages/flutter_tools/test/widget_preview_scaffold.shard/widget_preview_scaffold/test/theme_test.dart:64:59 • undefined_identifier
  error • The function 'expect' isn't defined • flutter/packages/flutter_tools/test/widget_preview_scaffold.shard/widget_preview_scaffold/test/theme_test.dart:66:7 • undefined_function
  error • The function 'equals' isn't defined • flutter/packages/flutter_tools/test/widget_preview_scaffold.shard/widget_preview_scaffold/test/theme_test.dart:66:32 • undefined_function
  error • Undefined name 'Brightness' • flutter/packages/flutter_tools/test/widget_preview_scaffold.shard/widget_preview_scaffold/test/theme_test.dart:66:39 • undefined_identifier
  error • The function 'expect' isn't defined • flutter/packages/flutter_tools/test/widget_preview_scaffold.shard/widget_preview_scaffold/test/theme_test.dart:67:7 • undefined_function
  error • The function 'equals' isn't defined • flutter/packages/flutter_tools/test/widget_preview_scaffold.shard/widget_preview_scaffold/test/theme_test.dart:67:45 • undefined_function
  error • Undefined name 'darkColorScheme' • flutter/packages/flutter_tools/test/widget_preview_scaffold.shard/widget_preview_scaffold/test/theme_test.dart:67:52 • undefined_identifier
  error • Target of URI doesn't exist: 'package:flutter/cupertino.dart' • flutter/packages/flutter_tools/test/widget_preview_scaffold.shard/widget_preview_scaffold/test/theming_test.dart:5:8 • uri_does_not_exist
  error • Target of URI doesn't exist: 'package:flutter/material.dart' • flutter/packages/flutter_tools/test/widget_preview_scaffold.shard/widget_preview_scaffold/test/theming_test.dart:6:8 • uri_does_not_exist
  error • Target of URI doesn't exist: 'package:flutter/widget_previews.dart' • flutter/packages/flutter_tools/test/widget_preview_scaffold.shard/widget_preview_scaffold/test/theming_test.dart:7:8 • uri_does_not_exist
  error • Target of URI doesn't exist: 'package:flutter_test/flutter_test.dart' • flutter/packages/flutter_tools/test/widget_preview_scaffold.shard/widget_preview_scaffold/test/theming_test.dart:8:8 • uri_does_not_exist
  error • Target of URI doesn't exist: 'package:widget_preview_scaffold/src/controls.dart' • flutter/packages/flutter_tools/test/widget_preview_scaffold.shard/widget_preview_scaffold/test/theming_test.dart:9:8 • uri_does_not_exist
  error • Target of URI doesn't exist: 'package:widget_preview_scaffold/src/widget_preview.dart' • flutter/packages/flutter_tools/test/widget_preview_scaffold.shard/widget_preview_scaffold/test/theming_test.dart:10:8 • uri_does_not_exist
  error • Target of URI doesn't exist: 'package:widget_preview_scaffold/src/widget_preview_rendering.dart' • flutter/packages/flutter_tools/test/widget_preview_scaffold.shard/widget_preview_scaffold/test/theming_test.dart:11:8 • uri_does_not_exist
  error • Undefined class 'ThemeData' • flutter/packages/flutter_tools/test/widget_preview_scaffold.shard/widget_preview_scaffold/test/theming_test.dart:17:1 • undefined_class
  error • Undefined class 'ThemeData' • flutter/packages/flutter_tools/test/widget_preview_scaffold.shard/widget_preview_scaffold/test/theming_test.dart:17:29 • undefined_class
  error • Undefined name 'ThemeData' • flutter/packages/flutter_tools/test/widget_preview_scaffold.shard/widget_preview_scaffold/test/theming_test.dart:18:10 • undefined_identifier
  error • Undefined name 'ScriptCategory' • flutter/packages/flutter_tools/test/widget_preview_scaffold.shard/widget_preview_scaffold/test/theming_test.dart:20:43 • undefined_identifier
  error • Undefined class 'CupertinoThemeData' • flutter/packages/flutter_tools/test/widget_preview_scaffold.shard/widget_preview_scaffold/test/theming_test.dart:26:1 • undefined_class
  error • Undefined class 'BuildContext' • flutter/packages/flutter_tools/test/widget_preview_scaffold.shard/widget_preview_scaffold/test/theming_test.dart:27:3 • undefined_class
  error • Undefined class 'CupertinoThemeData' • flutter/packages/flutter_tools/test/widget_preview_scaffold.shard/widget_preview_scaffold/test/theming_test.dart:28:3 • undefined_class
  error • Undefined class 'BuildContext' • flutter/packages/flutter_tools/test/widget_preview_scaffold.shard/widget_preview_scaffold/test/theming_test.dart:34:12 • undefined_class
  error • Undefined class 'ThemeData' • flutter/packages/flutter_tools/test/widget_preview_scaffold.shard/widget_preview_scaffold/test/theming_test.dart:35:12 • undefined_class
  error • Undefined class 'CupertinoThemeData' • flutter/packages/flutter_tools/test/widget_preview_scaffold.shard/widget_preview_scaffold/test/theming_test.dart:36:12 • undefined_class
  error • Undefined class 'ThemeData' • flutter/packages/flutter_tools/test/widget_preview_scaffold.shard/widget_preview_scaffold/test/theming_test.dart:38:3 • undefined_class
  error • Undefined name 'Theme' • flutter/packages/flutter_tools/test/widget_preview_scaffold.shard/widget_preview_scaffold/test/theming_test.dart:38:35 • undefined_identifier
  error • Undefined class 'CupertinoThemeData' • flutter/packages/flutter_tools/test/widget_preview_scaffold.shard/widget_preview_scaffold/test/theming_test.dart:39:3 • undefined_class
  error • Undefined name 'CupertinoTheme' • flutter/packages/flutter_tools/test/widget_preview_scaffold.shard/widget_preview_scaffold/test/theming_test.dart:39:45 • undefined_identifier
  error • The function 'expect' isn't defined • flutter/packages/flutter_tools/test/widget_preview_scaffold.shard/widget_preview_scaffold/test/theming_test.dart:40:3 • undefined_function
  error • The function 'expect' isn't defined • flutter/packages/flutter_tools/test/widget_preview_scaffold.shard/widget_preview_scaffold/test/theming_test.dart:41:3 • undefined_function
  error • Undefined class 'Key' • flutter/packages/flutter_tools/test/widget_preview_scaffold.shard/widget_preview_scaffold/test/theming_test.dart:48:12 • undefined_class
  error • Undefined class 'Brightness' • flutter/packages/flutter_tools/test/widget_preview_scaffold.shard/widget_preview_scaffold/test/theming_test.dart:49:3 • undefined_class
  error • Undefined class 'Brightness' • flutter/packages/flutter_tools/test/widget_preview_scaffold.shard/widget_preview_scaffold/test/theming_test.dart:50:3 • undefined_class
  error • Undefined class 'PreviewTheme' • flutter/packages/flutter_tools/test/widget_preview_scaffold.shard/widget_preview_scaffold/test/theming_test.dart:51:3 • undefined_class
  error • Undefined name 'Brightness' • flutter/packages/flutter_tools/test/widget_preview_scaffold.shard/widget_preview_scaffold/test/theming_test.dart:55:47 • undefined_identifier
  error • The function 'WidgetPreviewWidget' isn't defined • flutter/packages/flutter_tools/test/widget_preview_scaffold.shard/widget_preview_scaffold/test/theming_test.dart:56:12 • undefined_function
  error • Undefined name 'WidgetPreview' • flutter/packages/flutter_tools/test/widget_preview_scaffold.shard/widget_preview_scaffold/test/theming_test.dart:58:16 • undefined_identifier
  error • The function 'Text' isn't defined • flutter/packages/flutter_tools/test/widget_preview_scaffold.shard/widget_preview_scaffold/test/theming_test.dart:59:24 • undefined_function
  error • The function 'Preview' isn't defined • flutter/packages/flutter_tools/test/widget_preview_scaffold.shard/widget_preview_scaffold/test/theming_test.dart:60:22 • undefined_function
  error • Undefined class 'PreviewThemeData' • flutter/packages/flutter_tools/test/widget_preview_scaffold.shard/widget_preview_scaffold/test/theming_test.dart:66:7 • undefined_class
  error • The function 'PreviewThemeData' isn't defined • flutter/packages/flutter_tools/test/widget_preview_scaffold.shard/widget_preview_scaffold/test/theming_test.dart:66:43 • undefined_function
  error • Undefined name 'ThemeData' • flutter/packages/flutter_tools/test/widget_preview_scaffold.shard/widget_preview_scaffold/test/theming_test.dart:67:18 • undefined_identifier
  error • Undefined name 'Colors' • flutter/packages/flutter_tools/test/widget_preview_scaffold.shard/widget_preview_scaffold/test/theming_test.dart:67:59 • undefined_identifier
  error • Undefined name 'ThemeData' • flutter/packages/flutter_tools/test/widget_preview_scaffold.shard/widget_preview_scaffold/test/theming_test.dart:68:17 • undefined_identifier
  error • Undefined name 'Colors' • flutter/packages/flutter_tools/test/widget_preview_scaffold.shard/widget_preview_scaffold/test/theming_test.dart:68:57 • undefined_identifier
  error • The function 'CupertinoThemeData' isn't defined • flutter/packages/flutter_tools/test/widget_preview_scaffold.shard/widget_preview_scaffold/test/theming_test.dart:69:19 • undefined_function
  error • Undefined name 'Brightness' • flutter/packages/flutter_tools/test/widget_preview_scaffold.shard/widget_preview_scaffold/test/theming_test.dart:70:17 • undefined_identifier
  error • Undefined name 'Colors' • flutter/packages/flutter_tools/test/widget_preview_scaffold.shard/widget_preview_scaffold/test/theming_test.dart:71:19 • undefined_identifier
  error • The function 'CupertinoThemeData' isn't defined • flutter/packages/flutter_tools/test/widget_preview_scaffold.shard/widget_preview_scaffold/test/theming_test.dart:73:18 • undefined_function
  error • Undefined name 'Brightness' • flutter/packages/flutter_tools/test/widget_preview_scaffold.shard/widget_preview_scaffold/test/theming_test.dart:74:17 • undefined_identifier
  error • Undefined name 'Colors' • flutter/packages/flutter_tools/test/widget_preview_scaffold.shard/widget_preview_scaffold/test/theming_test.dart:75:19 • undefined_identifier
  error • The function 'testWidgets' isn't defined • flutter/packages/flutter_tools/test/widget_preview_scaffold.shard/widget_preview_scaffold/test/theming_test.dart:80:3 • undefined_function
  error • The function 'GlobalKey' isn't defined • flutter/packages/flutter_tools/test/widget_preview_scaffold.shard/widget_preview_scaffold/test/theming_test.dart:83:17 • undefined_function
  error • Undefined name 'Brightness' • flutter/packages/flutter_tools/test/widget_preview_scaffold.shard/widget_preview_scaffold/test/theming_test.dart:88:19 • undefined_identifier
  error • Undefined name 'Brightness' • flutter/packages/flutter_tools/test/widget_preview_scaffold.shard/widget_preview_scaffold/test/theming_test.dart:102:19 • undefined_identifier
  error • The function 'testWidgets' isn't defined • flutter/packages/flutter_tools/test/widget_preview_scaffold.shard/widget_preview_scaffold/test/theming_test.dart:114:3 • undefined_function
  error • The function 'GlobalKey' isn't defined • flutter/packages/flutter_tools/test/widget_preview_scaffold.shard/widget_preview_scaffold/test/theming_test.dart:117:17 • undefined_function
  error • Undefined name 'Brightness' • flutter/packages/flutter_tools/test/widget_preview_scaffold.shard/widget_preview_scaffold/test/theming_test.dart:121:19 • undefined_identifier
  error • The function 'ThemeData' isn't defined • flutter/packages/flutter_tools/test/widget_preview_scaffold.shard/widget_preview_scaffold/test/theming_test.dart:127:22 • undefined_function
  error • The function 'CupertinoThemeData' isn't defined • flutter/packages/flutter_tools/test/widget_preview_scaffold.shard/widget_preview_scaffold/test/theming_test.dart:128:23 • undefined_function
  error • Undefined name 'Brightness' • flutter/packages/flutter_tools/test/widget_preview_scaffold.shard/widget_preview_scaffold/test/theming_test.dart:132:64 • undefined_identifier
  error • The function 'ThemeData' isn't defined • flutter/packages/flutter_tools/test/widget_preview_scaffold.shard/widget_preview_scaffold/test/theming_test.dart:137:22 • undefined_function
  error • The function 'CupertinoThemeData' isn't defined • flutter/packages/flutter_tools/test/widget_preview_scaffold.shard/widget_preview_scaffold/test/theming_test.dart:138:23 • undefined_function
  error • The function 'testWidgets' isn't defined • flutter/packages/flutter_tools/test/widget_preview_scaffold.shard/widget_preview_scaffold/test/theming_test.dart:142:3 • undefined_function
  error • Undefined name 'BrightnessToggleButton' • flutter/packages/flutter_tools/test/widget_preview_scaffold.shard/widget_preview_scaffold/test/theming_test.dart:142:17 • undefined_identifier
  error • The function 'GlobalKey' isn't defined • flutter/packages/flutter_tools/test/widget_preview_scaffold.shard/widget_preview_scaffold/test/theming_test.dart:145:17 • undefined_function
  error • Undefined name 'Brightness' • flutter/packages/flutter_tools/test/widget_preview_scaffold.shard/widget_preview_scaffold/test/theming_test.dart:150:19 • undefined_identifier
  error • Undefined class 'Finder' • flutter/packages/flutter_tools/test/widget_preview_scaffold.shard/widget_preview_scaffold/test/theming_test.dart:155:11 • undefined_class
  error • Undefined name 'find' • flutter/packages/flutter_tools/test/widget_preview_scaffold.shard/widget_preview_scaffold/test/theming_test.dart:155:37 • undefined_identifier
  error • Undefined name 'BrightnessToggleButton' • flutter/packages/flutter_tools/test/widget_preview_scaffold.shard/widget_preview_scaffold/test/theming_test.dart:155:49 • undefined_identifier
  error • The function 'expect' isn't defined • flutter/packages/flutter_tools/test/widget_preview_scaffold.shard/widget_preview_scaffold/test/theming_test.dart:156:5 • undefined_function
  error • Undefined name 'findsOne' • flutter/packages/flutter_tools/test/widget_preview_scaffold.shard/widget_preview_scaffold/test/theming_test.dart:156:30 • undefined_identifier
  error • The function 'expect' isn't defined • flutter/packages/flutter_tools/test/widget_preview_scaffold.shard/widget_preview_scaffold/test/theming_test.dart:157:5 • undefined_function
  error • Undefined name 'find' • flutter/packages/flutter_tools/test/widget_preview_scaffold.shard/widget_preview_scaffold/test/theming_test.dart:157:12 • undefined_identifier
  error • Undefined name 'findsOne' • flutter/packages/flutter_tools/test/widget_preview_scaffold.shard/widget_preview_scaffold/test/theming_test.dart:157:51 • undefined_identifier
  error • Undefined class 'WidgetPreviewWidgetState' • flutter/packages/flutter_tools/test/widget_preview_scaffold.shard/widget_preview_scaffold/test/theming_test.dart:158:11 • undefined_class
  error • The name 'WidgetPreviewWidgetState' isn't a type, so it can't be used as a type argument • flutter/packages/flutter_tools/test/widget_preview_scaffold.shard/widget_preview_scaffold/test/theming_test.dart:159:16 • non_type_as_type_argument
  error • Undefined name 'find' • flutter/packages/flutter_tools/test/widget_preview_scaffold.shard/widget_preview_scaffold/test/theming_test.dart:159:42 • undefined_identifier
  error • The function 'expect' isn't defined • flutter/packages/flutter_tools/test/widget_preview_scaffold.shard/widget_preview_scaffold/test/theming_test.dart:160:5 • undefined_function
  error • Undefined name 'Brightness' • flutter/packages/flutter_tools/test/widget_preview_scaffold.shard/widget_preview_scaffold/test/theming_test.dart:160:46 • undefined_identifier
  error • The function 'expect' isn't defined • flutter/packages/flutter_tools/test/widget_preview_scaffold.shard/widget_preview_scaffold/test/theming_test.dart:172:5 • undefined_function
  error • Undefined name 'findsOne' • flutter/packages/flutter_tools/test/widget_preview_scaffold.shard/widget_preview_scaffold/test/theming_test.dart:172:30 • undefined_identifier
  error • The function 'expect' isn't defined • flutter/packages/flutter_tools/test/widget_preview_scaffold.shard/widget_preview_scaffold/test/theming_test.dart:173:5 • undefined_function
  error • Undefined name 'find' • flutter/packages/flutter_tools/test/widget_preview_scaffold.shard/widget_preview_scaffold/test/theming_test.dart:173:12 • undefined_identifier
  error • Undefined name 'findsOne' • flutter/packages/flutter_tools/test/widget_preview_scaffold.shard/widget_preview_scaffold/test/theming_test.dart:173:52 • undefined_identifier
  error • The function 'expect' isn't defined • flutter/packages/flutter_tools/test/widget_preview_scaffold.shard/widget_preview_scaffold/test/theming_test.dart:174:5 • undefined_function
  error • Undefined name 'Brightness' • flutter/packages/flutter_tools/test/widget_preview_scaffold.shard/widget_preview_scaffold/test/theming_test.dart:174:46 • undefined_identifier
  error • The function 'testWidgets' isn't defined • flutter/packages/flutter_tools/test/widget_preview_scaffold.shard/widget_preview_scaffold/test/theming_test.dart:184:3 • undefined_function
  error • Undefined name 'BrightnessToggleButton' • flutter/packages/flutter_tools/test/widget_preview_scaffold.shard/widget_preview_scaffold/test/theming_test.dart:185:65 • undefined_identifier
  error • The function 'GlobalKey' isn't defined • flutter/packages/flutter_tools/test/widget_preview_scaffold.shard/widget_preview_scaffold/test/theming_test.dart:187:19 • undefined_function
  error • Undefined class 'Finder' • flutter/packages/flutter_tools/test/widget_preview_scaffold.shard/widget_preview_scaffold/test/theming_test.dart:196:13 • undefined_class
  error • Undefined name 'find' • flutter/packages/flutter_tools/test/widget_preview_scaffold.shard/widget_preview_scaffold/test/theming_test.dart:196:39 • undefined_identifier
  error • Undefined name 'BrightnessToggleButton' • flutter/packages/flutter_tools/test/widget_preview_scaffold.shard/widget_preview_scaffold/test/theming_test.dart:196:51 • undefined_identifier
  error • Undefined class 'WidgetPreviewWidgetState' • flutter/packages/flutter_tools/test/widget_preview_scaffold.shard/widget_preview_scaffold/test/theming_test.dart:197:13 • undefined_class
  error • The name 'WidgetPreviewWidgetState' isn't a type, so it can't be used as a type argument • flutter/packages/flutter_tools/test/widget_preview_scaffold.shard/widget_preview_scaffold/test/theming_test.dart:198:18 • non_type_as_type_argument
  error • Undefined name 'find' • flutter/packages/flutter_tools/test/widget_preview_scaffold.shard/widget_preview_scaffold/test/theming_test.dart:198:44 • undefined_identifier
  error • The function 'expect' isn't defined • flutter/packages/flutter_tools/test/widget_preview_scaffold.shard/widget_preview_scaffold/test/theming_test.dart:201:9 • undefined_function
  error • Undefined name 'findsOne' • flutter/packages/flutter_tools/test/widget_preview_scaffold.shard/widget_preview_scaffold/test/theming_test.dart:201:34 • undefined_identifier
  error • The function 'expect' isn't defined • flutter/packages/flutter_tools/test/widget_preview_scaffold.shard/widget_preview_scaffold/test/theming_test.dart:202:9 • undefined_function
  error • Undefined name 'find' • flutter/packages/flutter_tools/test/widget_preview_scaffold.shard/widget_preview_scaffold/test/theming_test.dart:202:16 • undefined_identifier
  error • Undefined name 'findsOne' • flutter/packages/flutter_tools/test/widget_preview_scaffold.shard/widget_preview_scaffold/test/theming_test.dart:202:55 • undefined_identifier
  error • The function 'expect' isn't defined • flutter/packages/flutter_tools/test/widget_preview_scaffold.shard/widget_preview_scaffold/test/theming_test.dart:204:9 • undefined_function
  error • Undefined name 'Brightness' • flutter/packages/flutter_tools/test/widget_preview_scaffold.shard/widget_preview_scaffold/test/theming_test.dart:204:50 • undefined_identifier
  error • The function 'expect' isn't defined • flutter/packages/flutter_tools/test/widget_preview_scaffold.shard/widget_preview_scaffold/test/theming_test.dart:214:9 • undefined_function
  error • Undefined name 'findsOne' • flutter/packages/flutter_tools/test/widget_preview_scaffold.shard/widget_preview_scaffold/test/theming_test.dart:214:34 • undefined_identifier
  error • The function 'expect' isn't defined • flutter/packages/flutter_tools/test/widget_preview_scaffold.shard/widget_preview_scaffold/test/theming_test.dart:215:9 • undefined_function
  error • Undefined name 'find' • flutter/packages/flutter_tools/test/widget_preview_scaffold.shard/widget_preview_scaffold/test/theming_test.dart:215:16 • undefined_identifier
  error • Undefined name 'findsOne' • flutter/packages/flutter_tools/test/widget_preview_scaffold.shard/widget_preview_scaffold/test/theming_test.dart:215:56 • undefined_identifier
  error • The function 'expect' isn't defined • flutter/packages/flutter_tools/test/widget_preview_scaffold.shard/widget_preview_scaffold/test/theming_test.dart:217:9 • undefined_function
  error • Undefined name 'Brightness' • flutter/packages/flutter_tools/test/widget_preview_scaffold.shard/widget_preview_scaffold/test/theming_test.dart:217:50 • undefined_identifier
  error • Undefined name 'Brightness' • flutter/packages/flutter_tools/test/widget_preview_scaffold.shard/widget_preview_scaffold/test/theming_test.dart:238:21 • undefined_identifier
  error • The function 'expect' isn't defined • flutter/packages/flutter_tools/test/widget_preview_scaffold.shard/widget_preview_scaffold/test/theming_test.dart:244:7 • undefined_function
  error • Undefined name 'Brightness' • flutter/packages/flutter_tools/test/widget_preview_scaffold.shard/widget_preview_scaffold/test/theming_test.dart:244:47 • undefined_identifier
  error • Undefined name 'Brightness' • flutter/packages/flutter_tools/test/widget_preview_scaffold.shard/widget_preview_scaffold/test/theming_test.dart:258:21 • undefined_identifier
  error • Target of URI doesn't exist: 'package:flutter/foundation.dart' • flutter/packages/flutter_tools/test/widget_preview_scaffold.shard/widget_preview_scaffold/test/utils/localizations_utils.dart:7:8 • uri_does_not_exist
  error • Target of URI doesn't exist: 'package:flutter/widget_previews.dart' • flutter/packages/flutter_tools/test/widget_preview_scaffold.shard/widget_preview_scaffold/test/utils/localizations_utils.dart:8:8 • uri_does_not_exist
  error • Target of URI doesn't exist: 'package:flutter/widgets.dart' • flutter/packages/flutter_tools/test/widget_preview_scaffold.shard/widget_preview_scaffold/test/utils/localizations_utils.dart:9:8 • uri_does_not_exist
  error • Undefined class 'PreviewLocalizationsData' • flutter/packages/flutter_tools/test/widget_preview_scaffold.shard/widget_preview_scaffold/test/utils/localizations_utils.dart:11:1 • undefined_class
  error • The function 'PreviewLocalizationsData' isn't defined • flutter/packages/flutter_tools/test/widget_preview_scaffold.shard/widget_preview_scaffold/test/utils/localizations_utils.dart:12:10 • undefined_function
  error • The function 'Locale' isn't defined • flutter/packages/flutter_tools/test/widget_preview_scaffold.shard/widget_preview_scaffold/test/utils/localizations_utils.dart:13:13 • undefined_function
  error • Undefined class 'BuildContext' • flutter/packages/flutter_tools/test/widget_preview_scaffold.shard/widget_preview_scaffold/test/utils/localizations_utils.dart:29:31 • undefined_class
  error • Undefined name 'Localizations' • flutter/packages/flutter_tools/test/widget_preview_scaffold.shard/widget_preview_scaffold/test/utils/localizations_utils.dart:30:12 • undefined_identifier
  error • Undefined class 'LocalizationsDelegate' • flutter/packages/flutter_tools/test/widget_preview_scaffold.shard/widget_preview_scaffold/test/utils/localizations_utils.dart:33:16 • undefined_class
  error • The name 'LocalizationsDelegate' isn't a type, so it can't be used as a type argument • flutter/packages/flutter_tools/test/widget_preview_scaffold.shard/widget_preview_scaffold/test/utils/localizations_utils.dart:36:21 • non_type_as_type_argument
  error • The name 'LocalizationsDelegate' isn't a type, so it can't be used as a type argument • flutter/packages/flutter_tools/test/widget_preview_scaffold.shard/widget_preview_scaffold/test/utils/localizations_utils.dart:37:8 • non_type_as_type_argument
  error • The name 'Locale' isn't a type, so it can't be used as a type argument • flutter/packages/flutter_tools/test/widget_preview_scaffold.shard/widget_preview_scaffold/test/utils/localizations_utils.dart:48:21 • non_type_as_type_argument
  error • The name 'Locale' isn't a type, so it can't be used as a type argument • flutter/packages/flutter_tools/test/widget_preview_scaffold.shard/widget_preview_scaffold/test/utils/localizations_utils.dart:48:49 • non_type_as_type_argument
  error • Const variables must be initialized with a constant value • flutter/packages/flutter_tools/test/widget_preview_scaffold.shard/widget_preview_scaffold/test/utils/localizations_utils.dart:49:5 • const_initialized_with_non_constant_value
  error • The method 'Locale' isn't defined for the type 'AppLocalizations' • flutter/packages/flutter_tools/test/widget_preview_scaffold.shard/widget_preview_scaffold/test/utils/localizations_utils.dart:49:5 • undefined_method
  error • The values in a const list literal must be constants • flutter/packages/flutter_tools/test/widget_preview_scaffold.shard/widget_preview_scaffold/test/utils/localizations_utils.dart:49:5 • non_constant_list_element
  error • The method 'Locale' isn't defined for the type 'AppLocalizations' • flutter/packages/flutter_tools/test/widget_preview_scaffold.shard/widget_preview_scaffold/test/utils/localizations_utils.dart:50:5 • undefined_method
  error • The values in a const list literal must be constants • flutter/packages/flutter_tools/test/widget_preview_scaffold.shard/widget_preview_scaffold/test/utils/localizations_utils.dart:50:5 • non_constant_list_element
  error • Classes can only extend other classes • flutter/packages/flutter_tools/test/widget_preview_scaffold.shard/widget_preview_scaffold/test/utils/localizations_utils.dart:57:13 • extends_non_class
warning • The method doesn't override an inherited method • flutter/packages/flutter_tools/test/widget_preview_scaffold.shard/widget_preview_scaffold/test/utils/localizations_utils.dart:61:28 • override_on_non_overriding_member
  error • Undefined class 'Locale' • flutter/packages/flutter_tools/test/widget_preview_scaffold.shard/widget_preview_scaffold/test/utils/localizations_utils.dart:61:33 • undefined_class
  error • The method 'SynchronousFuture' isn't defined for the type '_AppLocalizationsDelegate' • flutter/packages/flutter_tools/test/widget_preview_scaffold.shard/widget_preview_scaffold/test/utils/localizations_utils.dart:62:12 • undefined_method
warning • The method doesn't override an inherited method • flutter/packages/flutter_tools/test/widget_preview_scaffold.shard/widget_preview_scaffold/test/utils/localizations_utils.dart:66:8 • override_on_non_overriding_member
  error • Undefined class 'Locale' • flutter/packages/flutter_tools/test/widget_preview_scaffold.shard/widget_preview_scaffold/test/utils/localizations_utils.dart:66:20 • undefined_class
warning • The method doesn't override an inherited method • flutter/packages/flutter_tools/test/widget_preview_scaffold.shard/widget_preview_scaffold/test/utils/localizations_utils.dart:70:8 • override_on_non_overriding_member
  error • Undefined class 'Locale' • flutter/packages/flutter_tools/test/widget_preview_scaffold.shard/widget_preview_scaffold/test/utils/localizations_utils.dart:73:41 • undefined_class
  error • The function 'FlutterError' isn't defined • flutter/packages/flutter_tools/test/widget_preview_scaffold.shard/widget_preview_scaffold/test/utils/localizations_utils.dart:82:9 • undefined_function
  error • Target of URI doesn't exist: 'package:flutter/material.dart' • flutter/packages/flutter_tools/test/widget_preview_scaffold.shard/widget_preview_scaffold/test/utils/widget_preview_scaffold_test_utils.dart:5:8 • uri_does_not_exist
  error • Target of URI doesn't exist: 'package:flutter_test/flutter_test.dart' • flutter/packages/flutter_tools/test/widget_preview_scaffold.shard/widget_preview_scaffold/test/utils/widget_preview_scaffold_test_utils.dart:6:8 • uri_does_not_exist
  error • Target of URI doesn't exist: 'package:widget_preview_scaffold/src/dtd/dtd_services.dart' • flutter/packages/flutter_tools/test/widget_preview_scaffold.shard/widget_preview_scaffold/test/utils/widget_preview_scaffold_test_utils.dart:7:8 • uri_does_not_exist
  error • Target of URI doesn't exist: 'package:widget_preview_scaffold/src/dtd/editor_service.dart' • flutter/packages/flutter_tools/test/widget_preview_scaffold.shard/widget_preview_scaffold/test/utils/widget_preview_scaffold_test_utils.dart:8:8 • uri_does_not_exist
  error • Target of URI doesn't exist: 'package:widget_preview_scaffold/src/widget_preview.dart' • flutter/packages/flutter_tools/test/widget_preview_scaffold.shard/widget_preview_scaffold/test/utils/widget_preview_scaffold_test_utils.dart:9:8 • uri_does_not_exist
  error • Target of URI doesn't exist: 'package:widget_preview_scaffold/src/widget_preview_rendering.dart' • flutter/packages/flutter_tools/test/widget_preview_scaffold.shard/widget_preview_scaffold/test/utils/widget_preview_scaffold_test_utils.dart:10:8 • uri_does_not_exist
  error • Target of URI doesn't exist: 'package:widget_preview_scaffold/src/widget_preview_scaffold_controller.dart' • flutter/packages/flutter_tools/test/widget_preview_scaffold.shard/widget_preview_scaffold/test/utils/widget_preview_scaffold_test_utils.dart:11:8 • uri_does_not_exist
  error • Classes can only extend other classes • flutter/packages/flutter_tools/test/widget_preview_scaffold.shard/widget_preview_scaffold/test/utils/widget_preview_scaffold_test_utils.dart:13:48 • extends_non_class
  error • No associated named super constructor parameter • flutter/packages/flutter_tools/test/widget_preview_scaffold.shard/widget_preview_scaffold/test/utils/widget_preview_scaffold_test_utils.dart:15:11 • super_formal_parameter_without_associated_named
  error • Undefined name 'Brightness' • flutter/packages/flutter_tools/test/widget_preview_scaffold.shard/widget_preview_scaffold/test/utils/widget_preview_scaffold_test_utils.dart:16:31 • undefined_identifier
  error • Undefined name 'WidgetsBinding' • flutter/packages/flutter_tools/test/widget_preview_scaffold.shard/widget_preview_scaffold/test/utils/widget_preview_scaffold_test_utils.dart:20:5 • undefined_identifier
  error • Undefined class 'Brightness' • flutter/packages/flutter_tools/test/widget_preview_scaffold.shard/widget_preview_scaffold/test/utils/widget_preview_scaffold_test_utils.dart:24:9 • undefined_class
  error • Undefined class 'Widget' • flutter/packages/flutter_tools/test/widget_preview_scaffold.shard/widget_preview_scaffold/test/utils/widget_preview_scaffold_test_utils.dart:26:9 • undefined_class
  error • Undefined class 'Widget' • flutter/packages/flutter_tools/test/widget_preview_scaffold.shard/widget_preview_scaffold/test/utils/widget_preview_scaffold_test_utils.dart:29:3 • undefined_class
warning • The method doesn't override an inherited method • flutter/packages/flutter_tools/test/widget_preview_scaffold.shard/widget_preview_scaffold/test/utils/widget_preview_scaffold_test_utils.dart:29:10 • override_on_non_overriding_member
  error • Undefined class 'BuildContext' • flutter/packages/flutter_tools/test/widget_preview_scaffold.shard/widget_preview_scaffold/test/utils/widget_preview_scaffold_test_utils.dart:29:16 • undefined_class
  error • The method 'MediaQuery' isn't defined for the type 'WidgetPreviewerWidgetScaffolding' • flutter/packages/flutter_tools/test/widget_preview_scaffold.shard/widget_preview_scaffold/test/utils/widget_preview_scaffold_test_utils.dart:30:12 • undefined_method
  error • Undefined name 'MediaQuery' • flutter/packages/flutter_tools/test/widget_preview_scaffold.shard/widget_preview_scaffold/test/utils/widget_preview_scaffold_test_utils.dart:31:13 • undefined_identifier
  error • The method 'WidgetsApp' isn't defined for the type 'WidgetPreviewerWidgetScaffolding' • flutter/packages/flutter_tools/test/widget_preview_scaffold.shard/widget_preview_scaffold/test/utils/widget_preview_scaffold_test_utils.dart:34:14 • undefined_method
  error • Undefined name 'Colors' • flutter/packages/flutter_tools/test/widget_preview_scaffold.shard/widget_preview_scaffold/test/utils/widget_preview_scaffold_test_utils.dart:35:16 • undefined_identifier
  error • The method 'LayoutBuilder' isn't defined for the type 'WidgetPreviewerWidgetScaffolding' • flutter/packages/flutter_tools/test/widget_preview_scaffold.shard/widget_preview_scaffold/test/utils/widget_preview_scaffold_test_utils.dart:36:15 • undefined_method
  error • Undefined class 'BuildContext' • flutter/packages/flutter_tools/test/widget_preview_scaffold.shard/widget_preview_scaffold/test/utils/widget_preview_scaffold_test_utils.dart:37:21 • undefined_class
  error • Undefined class 'BoxConstraints' • flutter/packages/flutter_tools/test/widget_preview_scaffold.shard/widget_preview_scaffold/test/utils/widget_preview_scaffold_test_utils.dart:37:43 • undefined_class
  error • The method 'WidgetPreviewerWindowConstraints' isn't defined for the type 'WidgetPreviewerWidgetScaffolding' • flutter/packages/flutter_tools/test/widget_preview_scaffold.shard/widget_preview_scaffold/test/utils/widget_preview_scaffold_test_utils.dart:38:20 • undefined_method
  error • Undefined class 'RouteSettings' • flutter/packages/flutter_tools/test/widget_preview_scaffold.shard/widget_preview_scaffold/test/utils/widget_preview_scaffold_test_utils.dart:44:31 • undefined_class
  error • Undefined class 'WidgetBuilder' • flutter/packages/flutter_tools/test/widget_preview_scaffold.shard/widget_preview_scaffold/test/utils/widget_preview_scaffold_test_utils.dart:44:55 • undefined_class
  error • The method 'PageRouteBuilder' isn't defined for the type 'WidgetPreviewerWidgetScaffolding' • flutter/packages/flutter_tools/test/widget_preview_scaffold.shard/widget_preview_scaffold/test/utils/widget_preview_scaffold_test_utils.dart:45:13 • undefined_method
  error • Undefined class 'BuildContext' • flutter/packages/flutter_tools/test/widget_preview_scaffold.shard/widget_preview_scaffold/test/utils/widget_preview_scaffold_test_utils.dart:49:21 • undefined_class
  error • Undefined class 'Animation' • flutter/packages/flutter_tools/test/widget_preview_scaffold.shard/widget_preview_scaffold/test/utils/widget_preview_scaffold_test_utils.dart:50:21 • undefined_class
  error • Undefined class 'Animation' • flutter/packages/flutter_tools/test/widget_preview_scaffold.shard/widget_preview_scaffold/test/utils/widget_preview_scaffold_test_utils.dart:51:21 • undefined_class
  error • Mixin can only be applied to class • flutter/packages/flutter_tools/test/widget_preview_scaffold.shard/widget_preview_scaffold/test/utils/widget_preview_scaffold_test_utils.dart:59:52 • mixin_with_non_class_superclass
  error • Classes can only mix in mixins and classes • flutter/packages/flutter_tools/test/widget_preview_scaffold.shard/widget_preview_scaffold/test/utils/widget_preview_scaffold_test_utils.dart:60:10 • mixin_of_non_class
  error • Classes and mixins can only implement other classes and mixins • flutter/packages/flutter_tools/test/widget_preview_scaffold.shard/widget_preview_scaffold/test/utils/widget_preview_scaffold_test_utils.dart:61:16 • implements_non_class
  error • The name 'CodeLocation' isn't a type, so it can't be used as a type argument • flutter/packages/flutter_tools/test/widget_preview_scaffold.shard/widget_preview_scaffold/test/utils/widget_preview_scaffold_test_utils.dart:64:29 • non_type_as_type_argument
warning • The method doesn't override an inherited method • flutter/packages/flutter_tools/test/widget_preview_scaffold.shard/widget_preview_scaffold/test/utils/widget_preview_scaffold_test_utils.dart:68:16 • override_on_non_overriding_member
warning • The method doesn't override an inherited method • flutter/packages/flutter_tools/test/widget_preview_scaffold.shard/widget_preview_scaffold/test/utils/widget_preview_scaffold_test_utils.dart:71:16 • override_on_non_overriding_member
  error • The method 'dispose' isn't defined in a superclass of 'FakeWidgetPreviewScaffoldDtdServices' • flutter/packages/flutter_tools/test/widget_preview_scaffold.shard/widget_preview_scaffold/test/utils/widget_preview_scaffold_test_utils.dart:72:11 • undefined_super_member
warning • The method doesn't override an inherited method • flutter/packages/flutter_tools/test/widget_preview_scaffold.shard/widget_preview_scaffold/test/utils/widget_preview_scaffold_test_utils.dart:78:16 • override_on_non_overriding_member
warning • The method doesn't override an inherited method • flutter/packages/flutter_tools/test/widget_preview_scaffold.shard/widget_preview_scaffold/test/utils/widget_preview_scaffold_test_utils.dart:86:16 • override_on_non_overriding_member
warning • The field doesn't override an inherited getter or setter • flutter/packages/flutter_tools/test/widget_preview_scaffold.shard/widget_preview_scaffold/test/utils/widget_preview_scaffold_test_utils.dart:91:14 • override_on_non_overriding_member
  error • Undefined class 'ValueNotifier' • flutter/packages/flutter_tools/test/widget_preview_scaffold.shard/widget_preview_scaffold/test/utils/widget_preview_scaffold_test_utils.dart:95:9 • undefined_class
  error • The name 'TextDocument' isn't a type, so it can't be used as a type argument • flutter/packages/flutter_tools/test/widget_preview_scaffold.shard/widget_preview_scaffold/test/utils/widget_preview_scaffold_test_utils.dart:95:23 • non_type_as_type_argument
warning • The field doesn't override an inherited getter or setter • flutter/packages/flutter_tools/test/widget_preview_scaffold.shard/widget_preview_scaffold/test/utils/widget_preview_scaffold_test_utils.dart:95:38 • override_on_non_overriding_member
  error • The method 'ValueNotifier' isn't defined for the type 'FakeWidgetPreviewScaffoldDtdServices' • flutter/packages/flutter_tools/test/widget_preview_scaffold.shard/widget_preview_scaffold/test/utils/widget_preview_scaffold_test_utils.dart:96:7 • undefined_method
  error • The name 'TextDocument' isn't a type, so it can't be used as a type argument • flutter/packages/flutter_tools/test/widget_preview_scaffold.shard/widget_preview_scaffold/test/utils/widget_preview_scaffold_test_utils.dart:96:21 • non_type_as_type_argument
  error • Undefined class 'ValueNotifier' • flutter/packages/flutter_tools/test/widget_preview_scaffold.shard/widget_preview_scaffold/test/utils/widget_preview_scaffold_test_utils.dart:100:9 • undefined_class
warning • The field doesn't override an inherited getter or setter • flutter/packages/flutter_tools/test/widget_preview_scaffold.shard/widget_preview_scaffold/test/utils/widget_preview_scaffold_test_utils.dart:100:29 • override_on_non_overriding_member
  error • The method 'ValueNotifier' isn't defined for the type 'FakeWidgetPreviewScaffoldDtdServices' • flutter/packages/flutter_tools/test/widget_preview_scaffold.shard/widget_preview_scaffold/test/utils/widget_preview_scaffold_test_utils.dart:100:54 • undefined_method
warning • The method doesn't override an inherited method • flutter/packages/flutter_tools/test/widget_preview_scaffold.shard/widget_preview_scaffold/test/utils/widget_preview_scaffold_test_utils.dart:106:16 • override_on_non_overriding_member
  error • Undefined class 'CodeLocation' • flutter/packages/flutter_tools/test/widget_preview_scaffold.shard/widget_preview_scaffold/test/utils/widget_preview_scaffold_test_utils.dart:106:31 • undefined_class
warning • The method doesn't override an inherited method • flutter/packages/flutter_tools/test/widget_preview_scaffold.shard/widget_preview_scaffold/test/utils/widget_preview_scaffold_test_utils.dart:114:16 • override_on_non_overriding_member
warning • The method doesn't override an inherited method • flutter/packages/flutter_tools/test/widget_preview_scaffold.shard/widget_preview_scaffold/test/utils/widget_preview_scaffold_test_utils.dart:120:16 • override_on_non_overriding_member
  error • Classes can only extend other classes • flutter/packages/flutter_tools/test/widget_preview_scaffold.shard/widget_preview_scaffold/test/utils/widget_preview_scaffold_test_utils.dart:130:13 • extends_non_class
  error • Undefined class 'WidgetPreviewScaffoldDtdServices' • flutter/packages/flutter_tools/test/widget_preview_scaffold.shard/widget_preview_scaffold/test/utils/widget_preview_scaffold_test_utils.dart:132:5 • undefined_class
  error • The name 'WidgetPreview' isn't a type, so it can't be used as a type argument • flutter/packages/flutter_tools/test/widget_preview_scaffold.shard/widget_preview_scaffold/test/utils/widget_preview_scaffold_test_utils.dart:133:10 • non_type_as_type_argument
  error • The named parameter 'previews' isn't defined • flutter/packages/flutter_tools/test/widget_preview_scaffold.shard/widget_preview_scaffold/test/utils/widget_preview_scaffold_test_utils.dart:135:10 • undefined_named_parameter
  error • The named parameter 'dtdServicesOverride' isn't defined • flutter/packages/flutter_tools/test/widget_preview_scaffold.shard/widget_preview_scaffold/test/utils/widget_preview_scaffold_test_utils.dart:136:10 • undefined_named_parameter
  error • Target of URI doesn't exist: 'package:flutter/widgets.dart' • flutter/packages/flutter_tools/test/widget_preview_scaffold.shard/widget_preview_scaffold/test/widget_inspector_service_override_test.dart:5:8 • uri_does_not_exist
  error • Target of URI doesn't exist: 'package:flutter_test/flutter_test.dart' • flutter/packages/flutter_tools/test/widget_preview_scaffold.shard/widget_preview_scaffold/test/widget_inspector_service_override_test.dart:6:8 • uri_does_not_exist
  error • Target of URI doesn't exist: 'package:widget_preview_scaffold/src/widget_preview_inspector_service.dart' • flutter/packages/flutter_tools/test/widget_preview_scaffold.shard/widget_preview_scaffold/test/widget_inspector_service_override_test.dart:7:8 • uri_does_not_exist
  error • The function 'test' isn't defined • flutter/packages/flutter_tools/test/widget_preview_scaffold.shard/widget_preview_scaffold/test/widget_inspector_service_override_test.dart:12:3 • undefined_function
  error • Undefined name 'WidgetPreviewScaffoldInspectorService' • flutter/packages/flutter_tools/test/widget_preview_scaffold.shard/widget_preview_scaffold/test/widget_inspector_service_override_test.dart:13:14 • undefined_identifier
  error • The function 'expect' isn't defined • flutter/packages/flutter_tools/test/widget_preview_scaffold.shard/widget_preview_scaffold/test/widget_inspector_service_override_test.dart:15:7 • undefined_function
  error • Undefined name 'WidgetInspectorService' • flutter/packages/flutter_tools/test/widget_preview_scaffold.shard/widget_preview_scaffold/test/widget_inspector_service_override_test.dart:16:9 • undefined_identifier
  error • The function 'isNot' isn't defined • flutter/packages/flutter_tools/test/widget_preview_scaffold.shard/widget_preview_scaffold/test/widget_inspector_service_override_test.dart:17:9 • undefined_function
  error • The function 'isA' isn't defined • flutter/packages/flutter_tools/test/widget_preview_scaffold.shard/widget_preview_scaffold/test/widget_inspector_service_override_test.dart:17:15 • undefined_function
  error • The name 'WidgetPreviewScaffoldInspectorService' isn't a type, so it can't be used as a type argument • flutter/packages/flutter_tools/test/widget_preview_scaffold.shard/widget_preview_scaffold/test/widget_inspector_service_override_test.dart:17:19 • non_type_as_type_argument
  error • The function 'expect' isn't defined • flutter/packages/flutter_tools/test/widget_preview_scaffold.shard/widget_preview_scaffold/test/widget_inspector_service_override_test.dart:22:7 • undefined_function
  error • Undefined name 'WidgetInspectorService' • flutter/packages/flutter_tools/test/widget_preview_scaffold.shard/widget_preview_scaffold/test/widget_inspector_service_override_test.dart:23:9 • undefined_identifier
  error • The function 'isA' isn't defined • flutter/packages/flutter_tools/test/widget_preview_scaffold.shard/widget_preview_scaffold/test/widget_inspector_service_override_test.dart:24:9 • undefined_function
  error • The name 'WidgetPreviewScaffoldInspectorService' isn't a type, so it can't be used as a type argument • flutter/packages/flutter_tools/test/widget_preview_scaffold.shard/widget_preview_scaffold/test/widget_inspector_service_override_test.dart:24:13 • non_type_as_type_argument
  error • Undefined name 'WidgetsFlutterBinding' • flutter/packages/flutter_tools/test/widget_preview_scaffold.shard/widget_preview_scaffold/test/widget_inspector_service_override_test.dart:30:7 • undefined_identifier
  error • The function 'expect' isn't defined • flutter/packages/flutter_tools/test/widget_preview_scaffold.shard/widget_preview_scaffold/test/widget_inspector_service_override_test.dart:31:7 • undefined_function
  error • Undefined name 'WidgetInspectorService' • flutter/packages/flutter_tools/test/widget_preview_scaffold.shard/widget_preview_scaffold/test/widget_inspector_service_override_test.dart:32:9 • undefined_identifier
  error • The function 'isA' isn't defined • flutter/packages/flutter_tools/test/widget_preview_scaffold.shard/widget_preview_scaffold/test/widget_inspector_service_override_test.dart:33:9 • undefined_function
  error • The name 'WidgetPreviewScaffoldInspectorService' isn't a type, so it can't be used as a type argument • flutter/packages/flutter_tools/test/widget_preview_scaffold.shard/widget_preview_scaffold/test/widget_inspector_service_override_test.dart:33:13 • non_type_as_type_argument
  error • The function 'expect' isn't defined • flutter/packages/flutter_tools/test/widget_preview_scaffold.shard/widget_preview_scaffold/test/widget_inspector_service_override_test.dart:35:7 • undefined_function
  error • Classes can only extend other classes • flutter/packages/flutter_tools/test/widget_preview_scaffold.shard/widget_preview_scaffold/test/widget_inspector_service_override_test.dart:44:13 • extends_non_class
  error • No associated named super constructor parameter • flutter/packages/flutter_tools/test/widget_preview_scaffold.shard/widget_preview_scaffold/test/widget_inspector_service_override_test.dart:45:61 • super_formal_parameter_without_associated_named
warning • The method doesn't override an inherited method • flutter/packages/flutter_tools/test/widget_preview_scaffold.shard/widget_preview_scaffold/test/widget_inspector_service_override_test.dart:50:8 • override_on_non_overriding_member
  error • Undefined class 'RegisterServiceExtensionCallback' • flutter/packages/flutter_tools/test/widget_preview_scaffold.shard/widget_preview_scaffold/test/widget_inspector_service_override_test.dart:51:5 • undefined_class
  error • The method 'initServiceExtensions' isn't defined in a superclass of 'TestWidgetPreviewScaffoldInspectorService' • flutter/packages/flutter_tools/test/widget_preview_scaffold.shard/widget_preview_scaffold/test/widget_inspector_service_override_test.dart:53:11 • undefined_super_member
  error • Target of URI doesn't exist: 'package:flutter/widget_previews.dart' • flutter/packages/flutter_tools/test/widget_preview_scaffold.shard/widget_preview_scaffold/test/widget_inspector_test.dart:5:8 • uri_does_not_exist
  error • Target of URI doesn't exist: 'package:flutter/widgets.dart' • flutter/packages/flutter_tools/test/widget_preview_scaffold.shard/widget_preview_scaffold/test/widget_inspector_test.dart:6:8 • uri_does_not_exist
  error • Target of URI doesn't exist: 'package:flutter_test/flutter_test.dart' • flutter/packages/flutter_tools/test/widget_preview_scaffold.shard/widget_preview_scaffold/test/widget_inspector_test.dart:7:8 • uri_does_not_exist
  error • Target of URI doesn't exist: 'package:widget_preview_scaffold/src/widget_preview.dart' • flutter/packages/flutter_tools/test/widget_preview_scaffold.shard/widget_preview_scaffold/test/widget_inspector_test.dart:8:8 • uri_does_not_exist
  error • Target of URI doesn't exist: 'package:widget_preview_scaffold/src/widget_preview_inspector_service.dart' • flutter/packages/flutter_tools/test/widget_preview_scaffold.shard/widget_preview_scaffold/test/widget_inspector_test.dart:9:8 • uri_does_not_exist
  error • Target of URI doesn't exist: 'package:widget_preview_scaffold/src/widget_preview_rendering.dart' • flutter/packages/flutter_tools/test/widget_preview_scaffold.shard/widget_preview_scaffold/test/widget_inspector_test.dart:10:8 • uri_does_not_exist
  error • The function 'testWidgets' isn't defined • flutter/packages/flutter_tools/test/widget_preview_scaffold.shard/widget_preview_scaffold/test/widget_inspector_test.dart:15:3 • undefined_function
  error • Undefined class 'WidgetsBinding' • flutter/packages/flutter_tools/test/widget_preview_scaffold.shard/widget_preview_scaffold/test/widget_inspector_test.dart:18:13 • undefined_class
  error • Undefined name 'WidgetsFlutterBinding' • flutter/packages/flutter_tools/test/widget_preview_scaffold.shard/widget_preview_scaffold/test/widget_inspector_test.dart:18:38 • undefined_identifier
  error • The function 'Column' isn't defined • flutter/packages/flutter_tools/test/widget_preview_scaffold.shard/widget_preview_scaffold/test/widget_inspector_test.dart:23:16 • undefined_function
  error • The name 'Widget' isn't a type, so it can't be used as a type argument • flutter/packages/flutter_tools/test/widget_preview_scaffold.shard/widget_preview_scaffold/test/widget_inspector_test.dart:24:22 • non_type_as_type_argument
  error • The function 'WidgetPreviewWidget' isn't defined • flutter/packages/flutter_tools/test/widget_preview_scaffold.shard/widget_preview_scaffold/test/widget_inspector_test.dart:26:15 • undefined_function
  error • Undefined name 'WidgetPreview' • flutter/packages/flutter_tools/test/widget_preview_scaffold.shard/widget_preview_scaffold/test/widget_inspector_test.dart:28:26 • undefined_identifier
  error • The function 'Text' isn't defined • flutter/packages/flutter_tools/test/widget_preview_scaffold.shard/widget_preview_scaffold/test/widget_inspector_test.dart:29:34 • undefined_function
  error • The function 'Preview' isn't defined • flutter/packages/flutter_tools/test/widget_preview_scaffold.shard/widget_preview_scaffold/test/widget_inspector_test.dart:30:32 • undefined_function
  error • Undefined class 'Finder' • flutter/packages/flutter_tools/test/widget_preview_scaffold.shard/widget_preview_scaffold/test/widget_inspector_test.dart:47:13 • undefined_class
  error • Undefined name 'find' • flutter/packages/flutter_tools/test/widget_preview_scaffold.shard/widget_preview_scaffold/test/widget_inspector_test.dart:47:44 • undefined_identifier
  error • Undefined name 'WidgetInspector' • flutter/packages/flutter_tools/test/widget_preview_scaffold.shard/widget_preview_scaffold/test/widget_inspector_test.dart:47:56 • undefined_identifier
  error • The function 'expect' isn't defined • flutter/packages/flutter_tools/test/widget_preview_scaffold.shard/widget_preview_scaffold/test/widget_inspector_test.dart:48:7 • undefined_function
  error • The function 'expect' isn't defined • flutter/packages/flutter_tools/test/widget_preview_scaffold.shard/widget_preview_scaffold/test/widget_inspector_test.dart:49:7 • undefined_function
  error • Undefined name 'findsNothing' • flutter/packages/flutter_tools/test/widget_preview_scaffold.shard/widget_preview_scaffold/test/widget_inspector_test.dart:49:37 • undefined_identifier
  error • The function 'expect' isn't defined • flutter/packages/flutter_tools/test/widget_preview_scaffold.shard/widget_preview_scaffold/test/widget_inspector_test.dart:57:7 • undefined_function
  error • The function 'findsExactly' isn't defined • flutter/packages/flutter_tools/test/widget_preview_scaffold.shard/widget_preview_scaffold/test/widget_inspector_test.dart:57:37 • undefined_function
  error • The function 'testWidgets' isn't defined • flutter/packages/flutter_tools/test/widget_preview_scaffold.shard/widget_preview_scaffold/test/widget_inspector_test.dart:61:3 • undefined_function
  error • Undefined class 'WidgetsBinding' • flutter/packages/flutter_tools/test/widget_preview_scaffold.shard/widget_preview_scaffold/test/widget_inspector_test.dart:64:11 • undefined_class
  error • Undefined name 'WidgetsFlutterBinding' • flutter/packages/flutter_tools/test/widget_preview_scaffold.shard/widget_preview_scaffold/test/widget_inspector_test.dart:64:36 • undefined_identifier
  error • The function 'SizedBox' isn't defined • flutter/packages/flutter_tools/test/widget_preview_scaffold.shard/widget_preview_scaffold/test/widget_inspector_test.dart:66:49 • undefined_function
  error • Undefined class 'Finder' • flutter/packages/flutter_tools/test/widget_preview_scaffold.shard/widget_preview_scaffold/test/widget_inspector_test.dart:78:11 • undefined_class
  error • Undefined name 'find' • flutter/packages/flutter_tools/test/widget_preview_scaffold.shard/widget_preview_scaffold/test/widget_inspector_test.dart:78:42 • undefined_identifier
  error • Undefined name 'WidgetInspector' • flutter/packages/flutter_tools/test/widget_preview_scaffold.shard/widget_preview_scaffold/test/widget_inspector_test.dart:78:54 • undefined_identifier
  error • The function 'expect' isn't defined • flutter/packages/flutter_tools/test/widget_preview_scaffold.shard/widget_preview_scaffold/test/widget_inspector_test.dart:79:5 • undefined_function
  error • The function 'expect' isn't defined • flutter/packages/flutter_tools/test/widget_preview_scaffold.shard/widget_preview_scaffold/test/widget_inspector_test.dart:80:5 • undefined_function
  error • Undefined name 'findsNothing' • flutter/packages/flutter_tools/test/widget_preview_scaffold.shard/widget_preview_scaffold/test/widget_inspector_test.dart:80:35 • undefined_identifier
  error • The function 'expect' isn't defined • flutter/packages/flutter_tools/test/widget_preview_scaffold.shard/widget_preview_scaffold/test/widget_inspector_test.dart:87:5 • undefined_function
  error • Undefined name 'findsNothing' • flutter/packages/flutter_tools/test/widget_preview_scaffold.shard/widget_preview_scaffold/test/widget_inspector_test.dart:87:35 • undefined_identifier
  error • The function 'testWidgets' isn't defined • flutter/packages/flutter_tools/test/widget_preview_scaffold.shard/widget_preview_scaffold/test/widget_inspector_test.dart:90:3 • undefined_function
  error • The function 'WidgetPreviewScaffoldInspectorService' isn't defined • flutter/packages/flutter_tools/test/widget_preview_scaffold.shard/widget_preview_scaffold/test/widget_inspector_test.dart:96:5 • undefined_function
  error • The method 'initialize' isn't defined for the type 'FakeWidgetPreviewScaffoldController' • flutter/packages/flutter_tools/test/widget_preview_scaffold.shard/widget_preview_scaffold/test/widget_inspector_test.dart:100:22 • undefined_method
  error • Undefined name 'WidgetInspectorService' • flutter/packages/flutter_tools/test/widget_preview_scaffold.shard/widget_preview_scaffold/test/widget_inspector_test.dart:102:21 • undefined_identifier
  error • The function 'Column' isn't defined • flutter/packages/flutter_tools/test/widget_preview_scaffold.shard/widget_preview_scaffold/test/widget_inspector_test.dart:110:14 • undefined_function
  error • The name 'Widget' isn't a type, so it can't be used as a type argument • flutter/packages/flutter_tools/test/widget_preview_scaffold.shard/widget_preview_scaffold/test/widget_inspector_test.dart:111:20 • non_type_as_type_argument
  error • The function 'WidgetPreviewWidget' isn't defined • flutter/packages/flutter_tools/test/widget_preview_scaffold.shard/widget_preview_scaffold/test/widget_inspector_test.dart:112:11 • undefined_function
  error • Undefined name 'WidgetPreview' • flutter/packages/flutter_tools/test/widget_preview_scaffold.shard/widget_preview_scaffold/test/widget_inspector_test.dart:114:22 • undefined_identifier
  error • The function 'Text' isn't defined • flutter/packages/flutter_tools/test/widget_preview_scaffold.shard/widget_preview_scaffold/test/widget_inspector_test.dart:115:30 • undefined_function
  error • The function 'Preview' isn't defined • flutter/packages/flutter_tools/test/widget_preview_scaffold.shard/widget_preview_scaffold/test/widget_inspector_test.dart:116:28 • undefined_function
  error • Undefined name 'find' • flutter/packages/flutter_tools/test/widget_preview_scaffold.shard/widget_preview_scaffold/test/widget_inspector_test.dart:127:21 • undefined_identifier
  error • Undefined name 'PreviewWidget' • flutter/packages/flutter_tools/test/widget_preview_scaffold.shard/widget_preview_scaffold/test/widget_inspector_test.dart:127:33 • undefined_identifier
  error • The function 'expect' isn't defined • flutter/packages/flutter_tools/test/widget_preview_scaffold.shard/widget_preview_scaffold/test/widget_inspector_test.dart:131:5 • undefined_function
  error • Undefined name 'isNull' • flutter/packages/flutter_tools/test/widget_preview_scaffold.shard/widget_preview_scaffold/test/widget_inspector_test.dart:131:39 • undefined_identifier
  error • The function 'expect' isn't defined • flutter/packages/flutter_tools/test/widget_preview_scaffold.shard/widget_preview_scaffold/test/widget_inspector_test.dart:137:5 • undefined_function
  error • The function 'hasLength' isn't defined • flutter/packages/flutter_tools/test/widget_preview_scaffold.shard/widget_preview_scaffold/test/widget_inspector_test.dart:137:34 • undefined_function
  error • The function 'expect' isn't defined • flutter/packages/flutter_tools/test/widget_preview_scaffold.shard/widget_preview_scaffold/test/widget_inspector_test.dart:143:5 • undefined_function
  error • The function 'expect' isn't defined • flutter/packages/flutter_tools/test/widget_preview_scaffold.shard/widget_preview_scaffold/test/widget_inspector_test.dart:144:5 • undefined_function
  error • The function 'expect' isn't defined • flutter/packages/flutter_tools/test/widget_preview_scaffold.shard/widget_preview_scaffold/test/widget_inspector_test.dart:145:5 • undefined_function
  error • Target of URI doesn't exist: 'package:process/process.dart' • flutter/packages/fuchsia_remote_debug_protocol/lib/src/fuchsia_remote_connection.dart:9:8 • uri_does_not_exist
  error • Undefined class 'ProcessManager' • flutter/packages/fuchsia_remote_debug_protocol/lib/src/fuchsia_remote_connection.dart:20:7 • undefined_class
  error • Const variables must be initialized with a constant value • flutter/packages/fuchsia_remote_debug_protocol/lib/src/fuchsia_remote_connection.dart:20:40 • const_initialized_with_non_constant_value
  error • The function 'LocalProcessManager' isn't defined • flutter/packages/fuchsia_remote_debug_protocol/lib/src/fuchsia_remote_connection.dart:20:40 • undefined_function
  error • Target of URI doesn't exist: 'package:process/process.dart' • flutter/packages/fuchsia_remote_debug_protocol/lib/src/runners/ssh_command_runner.dart:8:8 • uri_does_not_exist
  error • The name 'LocalProcessManager' isn't a class • flutter/packages/fuchsia_remote_debug_protocol/lib/src/runners/ssh_command_runner.dart:47:31 • creation_with_non_type
  error • Undefined class 'ProcessManager' • flutter/packages/fuchsia_remote_debug_protocol/lib/src/runners/ssh_command_runner.dart:64:9 • undefined_class
  error • Target of URI doesn't exist: 'package:fuchsia_remote_debug_protocol/fuchsia_remote_debug_protocol.dart' • flutter/packages/fuchsia_remote_debug_protocol/test/fuchsia_remote_connection_test.dart:5:8 • uri_does_not_exist
  error • Target of URI doesn't exist: 'package:test/fake.dart' • flutter/packages/fuchsia_remote_debug_protocol/test/fuchsia_remote_connection_test.dart:6:8 • uri_does_not_exist
  error • Target of URI doesn't exist: 'package:test/test.dart' • flutter/packages/fuchsia_remote_debug_protocol/test/fuchsia_remote_connection_test.dart:7:8 • uri_does_not_exist
  error • The function 'group' isn't defined • flutter/packages/fuchsia_remote_debug_protocol/test/fuchsia_remote_connection_test.dart:11:3 • undefined_function
  error • The function 'setUp' isn't defined • flutter/packages/fuchsia_remote_debug_protocol/test/fuchsia_remote_connection_test.dart:16:5 • undefined_function
  error • Undefined name 'fuchsiaVmServiceConnectionFunction' • flutter/packages/fuchsia_remote_debug_protocol/test/fuchsia_remote_connection_test.dart:68:7 • undefined_identifier
  error • The function 'tearDown' isn't defined • flutter/packages/fuchsia_remote_debug_protocol/test/fuchsia_remote_connection_test.dart:71:5 • undefined_function
  error • The function 'restoreFuchsiaPortForwardingFunction' isn't defined • flutter/packages/fuchsia_remote_debug_protocol/test/fuchsia_remote_connection_test.dart:74:7 • undefined_function
  error • The function 'restoreVmServiceConnectionFunction' isn't defined • flutter/packages/fuchsia_remote_debug_protocol/test/fuchsia_remote_connection_test.dart:75:7 • undefined_function
  error • The function 'test' isn't defined • flutter/packages/fuchsia_remote_debug_protocol/test/fuchsia_remote_connection_test.dart:78:5 • undefined_function
  error • The name 'PortForwarder' isn't a type, so it can't be used as a type argument • flutter/packages/fuchsia_remote_debug_protocol/test/fuchsia_remote_connection_test.dart:80:14 • non_type_as_type_argument
  error • The name 'PortForwarder' isn't a type, so it can't be used as a type argument • flutter/packages/fuchsia_remote_debug_protocol/test/fuchsia_remote_connection_test.dart:86:23 • non_type_as_type_argument
  error • Undefined name 'fuchsiaPortForwardingFunction' • flutter/packages/fuchsia_remote_debug_protocol/test/fuchsia_remote_connection_test.dart:95:7 • undefined_identifier
  error • Undefined class 'FuchsiaRemoteConnection' • flutter/packages/fuchsia_remote_debug_protocol/test/fuchsia_remote_connection_test.dart:139:13 • undefined_class
  error • Undefined name 'FuchsiaRemoteConnection' • flutter/packages/fuchsia_remote_debug_protocol/test/fuchsia_remote_connection_test.dart:140:17 • undefined_identifier
  error • The function 'expect' isn't defined • flutter/packages/fuchsia_remote_debug_protocol/test/fuchsia_remote_connection_test.dart:142:7 • undefined_function
  error • The function 'expect' isn't defined • flutter/packages/fuchsia_remote_debug_protocol/test/fuchsia_remote_connection_test.dart:143:7 • undefined_function
  error • The function 'expect' isn't defined • flutter/packages/fuchsia_remote_debug_protocol/test/fuchsia_remote_connection_test.dart:147:7 • undefined_function
  error • The name 'FlutterView' isn't a type, so it can't be used as a type argument • flutter/packages/fuchsia_remote_debug_protocol/test/fuchsia_remote_connection_test.dart:149:18 • non_type_as_type_argument
  error • The function 'expect' isn't defined • flutter/packages/fuchsia_remote_debug_protocol/test/fuchsia_remote_connection_test.dart:150:7 • undefined_function
  error • The function 'isNot' isn't defined • flutter/packages/fuchsia_remote_debug_protocol/test/fuchsia_remote_connection_test.dart:150:21 • undefined_function
  error • The function 'expect' isn't defined • flutter/packages/fuchsia_remote_debug_protocol/test/fuchsia_remote_connection_test.dart:151:7 • undefined_function
  error • The function 'expect' isn't defined • flutter/packages/fuchsia_remote_debug_protocol/test/fuchsia_remote_connection_test.dart:153:7 • undefined_function
  error • The function 'expect' isn't defined • flutter/packages/fuchsia_remote_debug_protocol/test/fuchsia_remote_connection_test.dart:155:7 • undefined_function
  error • The function 'equals' isn't defined • flutter/packages/fuchsia_remote_debug_protocol/test/fuchsia_remote_connection_test.dart:155:29 • undefined_function
  error • The function 'expect' isn't defined • flutter/packages/fuchsia_remote_debug_protocol/test/fuchsia_remote_connection_test.dart:159:7 • undefined_function
  error • The function 'test' isn't defined • flutter/packages/fuchsia_remote_debug_protocol/test/fuchsia_remote_connection_test.dart:162:5 • undefined_function
  error • The name 'PortForwarder' isn't a type, so it can't be used as a type argument • flutter/packages/fuchsia_remote_debug_protocol/test/fuchsia_remote_connection_test.dart:164:14 • non_type_as_type_argument
  error • The name 'PortForwarder' isn't a type, so it can't be used as a type argument • flutter/packages/fuchsia_remote_debug_protocol/test/fuchsia_remote_connection_test.dart:170:23 • non_type_as_type_argument
  error • Undefined name 'fuchsiaPortForwardingFunction' • flutter/packages/fuchsia_remote_debug_protocol/test/fuchsia_remote_connection_test.dart:180:7 • undefined_identifier
  error • Undefined class 'FuchsiaRemoteConnection' • flutter/packages/fuchsia_remote_debug_protocol/test/fuchsia_remote_connection_test.dart:223:13 • undefined_class
  error • Undefined name 'FuchsiaRemoteConnection' • flutter/packages/fuchsia_remote_debug_protocol/test/fuchsia_remote_connection_test.dart:224:17 • undefined_identifier
  error • The function 'expect' isn't defined • flutter/packages/fuchsia_remote_debug_protocol/test/fuchsia_remote_connection_test.dart:226:7 • undefined_function
  error • The function 'expect' isn't defined • flutter/packages/fuchsia_remote_debug_protocol/test/fuchsia_remote_connection_test.dart:227:7 • undefined_function
  error • The function 'expect' isn't defined • flutter/packages/fuchsia_remote_debug_protocol/test/fuchsia_remote_connection_test.dart:231:7 • undefined_function
  error • The name 'FlutterView' isn't a type, so it can't be used as a type argument • flutter/packages/fuchsia_remote_debug_protocol/test/fuchsia_remote_connection_test.dart:236:18 • non_type_as_type_argument
  error • The function 'expect' isn't defined • flutter/packages/fuchsia_remote_debug_protocol/test/fuchsia_remote_connection_test.dart:237:7 • undefined_function
  error • The function 'isNot' isn't defined • flutter/packages/fuchsia_remote_debug_protocol/test/fuchsia_remote_connection_test.dart:237:21 • undefined_function
  error • The function 'expect' isn't defined • flutter/packages/fuchsia_remote_debug_protocol/test/fuchsia_remote_connection_test.dart:238:7 • undefined_function
  error • The function 'expect' isn't defined • flutter/packages/fuchsia_remote_debug_protocol/test/fuchsia_remote_connection_test.dart:240:7 • undefined_function
  error • The function 'expect' isn't defined • flutter/packages/fuchsia_remote_debug_protocol/test/fuchsia_remote_connection_test.dart:242:7 • undefined_function
  error • The function 'equals' isn't defined • flutter/packages/fuchsia_remote_debug_protocol/test/fuchsia_remote_connection_test.dart:242:29 • undefined_function
  error • The function 'expect' isn't defined • flutter/packages/fuchsia_remote_debug_protocol/test/fuchsia_remote_connection_test.dart:246:7 • undefined_function
  error • The function 'test' isn't defined • flutter/packages/fuchsia_remote_debug_protocol/test/fuchsia_remote_connection_test.dart:249:5 • undefined_function
  error • The name 'PortForwarder' isn't a type, so it can't be used as a type argument • flutter/packages/fuchsia_remote_debug_protocol/test/fuchsia_remote_connection_test.dart:251:14 • non_type_as_type_argument
  error • The name 'PortForwarder' isn't a type, so it can't be used as a type argument • flutter/packages/fuchsia_remote_debug_protocol/test/fuchsia_remote_connection_test.dart:257:23 • non_type_as_type_argument
  error • Undefined name 'fuchsiaPortForwardingFunction' • flutter/packages/fuchsia_remote_debug_protocol/test/fuchsia_remote_connection_test.dart:266:7 • undefined_identifier
  error • Undefined class 'FuchsiaRemoteConnection' • flutter/packages/fuchsia_remote_debug_protocol/test/fuchsia_remote_connection_test.dart:309:13 • undefined_class
  error • Undefined name 'FuchsiaRemoteConnection' • flutter/packages/fuchsia_remote_debug_protocol/test/fuchsia_remote_connection_test.dart:310:17 • undefined_identifier
  error • The function 'expect' isn't defined • flutter/packages/fuchsia_remote_debug_protocol/test/fuchsia_remote_connection_test.dart:312:7 • undefined_function
  error • The function 'expect' isn't defined • flutter/packages/fuchsia_remote_debug_protocol/test/fuchsia_remote_connection_test.dart:313:7 • undefined_function
  error • The function 'expect' isn't defined • flutter/packages/fuchsia_remote_debug_protocol/test/fuchsia_remote_connection_test.dart:316:7 • undefined_function
  error • The name 'FlutterView' isn't a type, so it can't be used as a type argument • flutter/packages/fuchsia_remote_debug_protocol/test/fuchsia_remote_connection_test.dart:318:18 • non_type_as_type_argument
  error • The function 'expect' isn't defined • flutter/packages/fuchsia_remote_debug_protocol/test/fuchsia_remote_connection_test.dart:319:7 • undefined_function
  error • The function 'isNot' isn't defined • flutter/packages/fuchsia_remote_debug_protocol/test/fuchsia_remote_connection_test.dart:319:21 • undefined_function
  error • The function 'expect' isn't defined • flutter/packages/fuchsia_remote_debug_protocol/test/fuchsia_remote_connection_test.dart:320:7 • undefined_function
  error • The function 'expect' isn't defined • flutter/packages/fuchsia_remote_debug_protocol/test/fuchsia_remote_connection_test.dart:322:7 • undefined_function
  error • The function 'expect' isn't defined • flutter/packages/fuchsia_remote_debug_protocol/test/fuchsia_remote_connection_test.dart:324:7 • undefined_function
  error • The function 'equals' isn't defined • flutter/packages/fuchsia_remote_debug_protocol/test/fuchsia_remote_connection_test.dart:324:29 • undefined_function
  error • The function 'expect' isn't defined • flutter/packages/fuchsia_remote_debug_protocol/test/fuchsia_remote_connection_test.dart:328:7 • undefined_function
  error • The function 'test' isn't defined • flutter/packages/fuchsia_remote_debug_protocol/test/fuchsia_remote_connection_test.dart:331:5 • undefined_function
  error • Undefined name 'FuchsiaRemoteConnection' • flutter/packages/fuchsia_remote_debug_protocol/test/fuchsia_remote_connection_test.dart:333:15 • undefined_identifier
  error • The function 'expect' isn't defined • flutter/packages/fuchsia_remote_debug_protocol/test/fuchsia_remote_connection_test.dart:337:7 • undefined_function
  error • The function 'throwsA' isn't defined • flutter/packages/fuchsia_remote_debug_protocol/test/fuchsia_remote_connection_test.dart:337:31 • undefined_function
  error • The function 'isA' isn't defined • flutter/packages/fuchsia_remote_debug_protocol/test/fuchsia_remote_connection_test.dart:337:39 • undefined_function
  error • The name 'FuchsiaRemoteConnectionError' isn't a type, so it can't be used as a type argument • flutter/packages/fuchsia_remote_debug_protocol/test/fuchsia_remote_connection_test.dart:337:43 • non_type_as_type_argument
  error • Classes can only extend other classes • flutter/packages/fuchsia_remote_debug_protocol/test/fuchsia_remote_connection_test.dart:342:36 • extends_non_class
  error • Classes and mixins can only implement other classes and mixins • flutter/packages/fuchsia_remote_debug_protocol/test/fuchsia_remote_connection_test.dart:342:52 • implements_non_class
   info • Unreachable member 'run' in an executable library • flutter/packages/fuchsia_remote_debug_protocol/test/fuchsia_remote_connection_test.dart:345:24 • unreachable_from_main
warning • The method doesn't override an inherited method • flutter/packages/fuchsia_remote_debug_protocol/test/fuchsia_remote_connection_test.dart:345:24 • override_on_non_overriding_member
warning • The field doesn't override an inherited getter or setter • flutter/packages/fuchsia_remote_debug_protocol/test/fuchsia_remote_connection_test.dart:353:10 • override_on_non_overriding_member
warning • The field doesn't override an inherited getter or setter • flutter/packages/fuchsia_remote_debug_protocol/test/fuchsia_remote_connection_test.dart:356:10 • override_on_non_overriding_member
   info • Unreachable member 'sshConfigPath' in an executable library • flutter/packages/fuchsia_remote_debug_protocol/test/fuchsia_remote_connection_test.dart:359:14 • unreachable_from_main
warning • The getter doesn't override an inherited getter • flutter/packages/fuchsia_remote_debug_protocol/test/fuchsia_remote_connection_test.dart:359:14 • override_on_non_overriding_member
  error • Classes can only extend other classes • flutter/packages/fuchsia_remote_debug_protocol/test/fuchsia_remote_connection_test.dart:362:33 • extends_non_class
  error • Classes and mixins can only implement other classes and mixins • flutter/packages/fuchsia_remote_debug_protocol/test/fuchsia_remote_connection_test.dart:362:49 • implements_non_class
warning • The field doesn't override an inherited getter or setter • flutter/packages/fuchsia_remote_debug_protocol/test/fuchsia_remote_connection_test.dart:364:7 • override_on_non_overriding_member
warning • The field doesn't override an inherited getter or setter • flutter/packages/fuchsia_remote_debug_protocol/test/fuchsia_remote_connection_test.dart:367:7 • override_on_non_overriding_member
warning • The field doesn't override an inherited getter or setter • flutter/packages/fuchsia_remote_debug_protocol/test/fuchsia_remote_connection_test.dart:370:11 • override_on_non_overriding_member
   info • Unreachable member 'stop' in an executable library • flutter/packages/fuchsia_remote_debug_protocol/test/fuchsia_remote_connection_test.dart:374:16 • unreachable_from_main
warning • The method doesn't override an inherited method • flutter/packages/fuchsia_remote_debug_protocol/test/fuchsia_remote_connection_test.dart:374:16 • override_on_non_overriding_member
  error • Missing concrete implementations of 'class VmService.addBreakpoint', 'class VmService.addBreakpointAtEntry', 'class VmService.addBreakpointWithScriptUri', 'class VmService.callServiceExtension', and 76 more • flutter/packages/fuchsia_remote_debug_protocol/test/fuchsia_remote_connection_test.dart:379:7 • non_abstract_class_inherits_abstract_member
  error • Classes can only extend other classes • flutter/packages/fuchsia_remote_debug_protocol/test/fuchsia_remote_connection_test.dart:379:29 • extends_non_class
  error • Target of URI doesn't exist: 'package:fuchsia_remote_debug_protocol/src/common/network.dart' • flutter/packages/fuchsia_remote_debug_protocol/test/src/common/network_test.dart:5:8 • uri_does_not_exist
  error • Target of URI doesn't exist: 'package:test/test.dart' • flutter/packages/fuchsia_remote_debug_protocol/test/src/common/network_test.dart:7:8 • uri_does_not_exist
  error • The function 'group' isn't defined • flutter/packages/fuchsia_remote_debug_protocol/test/src/common/network_test.dart:17:3 • undefined_function
  error • The function 'test' isn't defined • flutter/packages/fuchsia_remote_debug_protocol/test/src/common/network_test.dart:18:5 • undefined_function
  error • The function 'expect' isn't defined • flutter/packages/fuchsia_remote_debug_protocol/test/src/common/network_test.dart:19:7 • undefined_function
warning • The type argument(s) of the function 'map' can't be inferred • flutter/packages/fuchsia_remote_debug_protocol/test/src/common/network_test.dart:19:28 • inference_failure_on_function_invocation
  error • Undefined name 'isIpV4Address' • flutter/packages/fuchsia_remote_debug_protocol/test/src/common/network_test.dart:19:32 • undefined_identifier
  error • The function 'everyElement' isn't defined • flutter/packages/fuchsia_remote_debug_protocol/test/src/common/network_test.dart:19:48 • undefined_function
  error • Undefined name 'isTrue' • flutter/packages/fuchsia_remote_debug_protocol/test/src/common/network_test.dart:19:61 • undefined_identifier
  error • The function 'expect' isn't defined • flutter/packages/fuchsia_remote_debug_protocol/test/src/common/network_test.dart:20:7 • undefined_function
warning • The type argument(s) of the function 'map' can't be inferred • flutter/packages/fuchsia_remote_debug_protocol/test/src/common/network_test.dart:20:28 • inference_failure_on_function_invocation
  error • Undefined name 'isIpV4Address' • flutter/packages/fuchsia_remote_debug_protocol/test/src/common/network_test.dart:20:32 • undefined_identifier
  error • The function 'everyElement' isn't defined • flutter/packages/fuchsia_remote_debug_protocol/test/src/common/network_test.dart:20:48 • undefined_function
  error • Undefined name 'isFalse' • flutter/packages/fuchsia_remote_debug_protocol/test/src/common/network_test.dart:20:61 • undefined_identifier
  error • The function 'test' isn't defined • flutter/packages/fuchsia_remote_debug_protocol/test/src/common/network_test.dart:23:5 • undefined_function
  error • The function 'expect' isn't defined • flutter/packages/fuchsia_remote_debug_protocol/test/src/common/network_test.dart:24:7 • undefined_function
warning • The type argument(s) of the function 'map' can't be inferred • flutter/packages/fuchsia_remote_debug_protocol/test/src/common/network_test.dart:24:28 • inference_failure_on_function_invocation
  error • Undefined name 'isIpV6Address' • flutter/packages/fuchsia_remote_debug_protocol/test/src/common/network_test.dart:24:32 • undefined_identifier
  error • The function 'everyElement' isn't defined • flutter/packages/fuchsia_remote_debug_protocol/test/src/common/network_test.dart:24:48 • undefined_function
  error • Undefined name 'isFalse' • flutter/packages/fuchsia_remote_debug_protocol/test/src/common/network_test.dart:24:61 • undefined_identifier
  error • The function 'expect' isn't defined • flutter/packages/fuchsia_remote_debug_protocol/test/src/common/network_test.dart:25:7 • undefined_function
warning • The type argument(s) of the function 'map' can't be inferred • flutter/packages/fuchsia_remote_debug_protocol/test/src/common/network_test.dart:25:28 • inference_failure_on_function_invocation
  error • Undefined name 'isIpV6Address' • flutter/packages/fuchsia_remote_debug_protocol/test/src/common/network_test.dart:25:32 • undefined_identifier
  error • The function 'everyElement' isn't defined • flutter/packages/fuchsia_remote_debug_protocol/test/src/common/network_test.dart:25:48 • undefined_function
  error • Undefined name 'isTrue' • flutter/packages/fuchsia_remote_debug_protocol/test/src/common/network_test.dart:25:61 • undefined_identifier
  error • Target of URI doesn't exist: 'package:fuchsia_remote_debug_protocol/src/dart/dart_vm.dart' • flutter/packages/fuchsia_remote_debug_protocol/test/src/dart/dart_vm_test.dart:7:8 • uri_does_not_exist
  error • Target of URI doesn't exist: 'package:test/fake.dart' • flutter/packages/fuchsia_remote_debug_protocol/test/src/dart/dart_vm_test.dart:8:8 • uri_does_not_exist
  error • Target of URI doesn't exist: 'package:test/test.dart' • flutter/packages/fuchsia_remote_debug_protocol/test/src/dart/dart_vm_test.dart:9:8 • uri_does_not_exist
  error • The function 'group' isn't defined • flutter/packages/fuchsia_remote_debug_protocol/test/src/dart/dart_vm_test.dart:13:3 • undefined_function
  error • The function 'tearDown' isn't defined • flutter/packages/fuchsia_remote_debug_protocol/test/src/dart/dart_vm_test.dart:14:5 • undefined_function
  error • The function 'restoreVmServiceConnectionFunction' isn't defined • flutter/packages/fuchsia_remote_debug_protocol/test/src/dart/dart_vm_test.dart:15:7 • undefined_function
  error • The function 'test' isn't defined • flutter/packages/fuchsia_remote_debug_protocol/test/src/dart/dart_vm_test.dart:18:5 • undefined_function
  error • Undefined name 'fuchsiaVmServiceConnectionFunction' • flutter/packages/fuchsia_remote_debug_protocol/test/src/dart/dart_vm_test.dart:24:7 • undefined_identifier
  error • Undefined class 'DartVm' • flutter/packages/fuchsia_remote_debug_protocol/test/src/dart/dart_vm_test.dart:25:13 • undefined_class
  error • Undefined name 'DartVm' • flutter/packages/fuchsia_remote_debug_protocol/test/src/dart/dart_vm_test.dart:25:31 • undefined_identifier
  error • The function 'expect' isn't defined • flutter/packages/fuchsia_remote_debug_protocol/test/src/dart/dart_vm_test.dart:26:7 • undefined_function
  error • The function 'isNot' isn't defined • flutter/packages/fuchsia_remote_debug_protocol/test/src/dart/dart_vm_test.dart:26:18 • undefined_function
  error • The function 'expect' isn't defined • flutter/packages/fuchsia_remote_debug_protocol/test/src/dart/dart_vm_test.dart:28:7 • undefined_function
  error • The function 'group' isn't defined • flutter/packages/fuchsia_remote_debug_protocol/test/src/dart/dart_vm_test.dart:32:3 • undefined_function
  error • The function 'setUp' isn't defined • flutter/packages/fuchsia_remote_debug_protocol/test/src/dart/dart_vm_test.dart:35:5 • undefined_function
  error • The function 'tearDown' isn't defined • flutter/packages/fuchsia_remote_debug_protocol/test/src/dart/dart_vm_test.dart:39:5 • undefined_function
  error • The function 'restoreVmServiceConnectionFunction' isn't defined • flutter/packages/fuchsia_remote_debug_protocol/test/src/dart/dart_vm_test.dart:40:7 • undefined_function
  error • The function 'test' isn't defined • flutter/packages/fuchsia_remote_debug_protocol/test/src/dart/dart_vm_test.dart:43:5 • undefined_function
  error • Undefined name 'fuchsiaVmServiceConnectionFunction' • flutter/packages/fuchsia_remote_debug_protocol/test/src/dart/dart_vm_test.dart:77:7 • undefined_identifier
  error • Undefined class 'DartVm' • flutter/packages/fuchsia_remote_debug_protocol/test/src/dart/dart_vm_test.dart:78:13 • undefined_class
  error • Undefined name 'DartVm' • flutter/packages/fuchsia_remote_debug_protocol/test/src/dart/dart_vm_test.dart:78:31 • undefined_identifier
  error • The function 'expect' isn't defined • flutter/packages/fuchsia_remote_debug_protocol/test/src/dart/dart_vm_test.dart:79:7 • undefined_function
  error • The function 'isNot' isn't defined • flutter/packages/fuchsia_remote_debug_protocol/test/src/dart/dart_vm_test.dart:79:18 • undefined_function
  error • The name 'FlutterView' isn't a type, so it can't be used as a type argument • flutter/packages/fuchsia_remote_debug_protocol/test/src/dart/dart_vm_test.dart:80:18 • non_type_as_type_argument
  error • The function 'expect' isn't defined • flutter/packages/fuchsia_remote_debug_protocol/test/src/dart/dart_vm_test.dart:81:7 • undefined_function
  error • The function 'expect' isn't defined • flutter/packages/fuchsia_remote_debug_protocol/test/src/dart/dart_vm_test.dart:83:7 • undefined_function
  error • The function 'expect' isn't defined • flutter/packages/fuchsia_remote_debug_protocol/test/src/dart/dart_vm_test.dart:84:7 • undefined_function
  error • The function 'expect' isn't defined • flutter/packages/fuchsia_remote_debug_protocol/test/src/dart/dart_vm_test.dart:85:7 • undefined_function
  error • The function 'expect' isn't defined • flutter/packages/fuchsia_remote_debug_protocol/test/src/dart/dart_vm_test.dart:88:7 • undefined_function
  error • The function 'equals' isn't defined • flutter/packages/fuchsia_remote_debug_protocol/test/src/dart/dart_vm_test.dart:88:29 • undefined_function
  error • The function 'expect' isn't defined • flutter/packages/fuchsia_remote_debug_protocol/test/src/dart/dart_vm_test.dart:89:7 • undefined_function
  error • The function 'expect' isn't defined • flutter/packages/fuchsia_remote_debug_protocol/test/src/dart/dart_vm_test.dart:90:7 • undefined_function
  error • The function 'test' isn't defined • flutter/packages/fuchsia_remote_debug_protocol/test/src/dart/dart_vm_test.dart:93:5 • undefined_function
  error • Undefined name 'fuchsiaVmServiceConnectionFunction' • flutter/packages/fuchsia_remote_debug_protocol/test/src/dart/dart_vm_test.dart:127:7 • undefined_identifier
  error • Undefined class 'DartVm' • flutter/packages/fuchsia_remote_debug_protocol/test/src/dart/dart_vm_test.dart:128:13 • undefined_class
  error • Undefined name 'DartVm' • flutter/packages/fuchsia_remote_debug_protocol/test/src/dart/dart_vm_test.dart:128:31 • undefined_identifier
  error • The function 'expect' isn't defined • flutter/packages/fuchsia_remote_debug_protocol/test/src/dart/dart_vm_test.dart:129:7 • undefined_function
  error • The function 'isNot' isn't defined • flutter/packages/fuchsia_remote_debug_protocol/test/src/dart/dart_vm_test.dart:129:18 • undefined_function
  error • The name 'FlutterView' isn't a type, so it can't be used as a type argument • flutter/packages/fuchsia_remote_debug_protocol/test/src/dart/dart_vm_test.dart:130:18 • non_type_as_type_argument
  error • The function 'expect' isn't defined • flutter/packages/fuchsia_remote_debug_protocol/test/src/dart/dart_vm_test.dart:131:7 • undefined_function
  error • The function 'expect' isn't defined • flutter/packages/fuchsia_remote_debug_protocol/test/src/dart/dart_vm_test.dart:133:7 • undefined_function
  error • The function 'expect' isn't defined • flutter/packages/fuchsia_remote_debug_protocol/test/src/dart/dart_vm_test.dart:134:7 • undefined_function
  error • The function 'expect' isn't defined • flutter/packages/fuchsia_remote_debug_protocol/test/src/dart/dart_vm_test.dart:135:7 • undefined_function
  error • The function 'expect' isn't defined • flutter/packages/fuchsia_remote_debug_protocol/test/src/dart/dart_vm_test.dart:138:7 • undefined_function
  error • The function 'equals' isn't defined • flutter/packages/fuchsia_remote_debug_protocol/test/src/dart/dart_vm_test.dart:138:29 • undefined_function
  error • The function 'expect' isn't defined • flutter/packages/fuchsia_remote_debug_protocol/test/src/dart/dart_vm_test.dart:139:7 • undefined_function
  error • The function 'expect' isn't defined • flutter/packages/fuchsia_remote_debug_protocol/test/src/dart/dart_vm_test.dart:140:7 • undefined_function
  error • The function 'test' isn't defined • flutter/packages/fuchsia_remote_debug_protocol/test/src/dart/dart_vm_test.dart:143:5 • undefined_function
  error • Undefined name 'fuchsiaVmServiceConnectionFunction' • flutter/packages/fuchsia_remote_debug_protocol/test/src/dart/dart_vm_test.dart:169:7 • undefined_identifier
  error • Undefined class 'DartVm' • flutter/packages/fuchsia_remote_debug_protocol/test/src/dart/dart_vm_test.dart:170:13 • undefined_class
  error • Undefined name 'DartVm' • flutter/packages/fuchsia_remote_debug_protocol/test/src/dart/dart_vm_test.dart:170:31 • undefined_identifier
  error • The function 'expect' isn't defined • flutter/packages/fuchsia_remote_debug_protocol/test/src/dart/dart_vm_test.dart:171:7 • undefined_function
  error • The function 'isNot' isn't defined • flutter/packages/fuchsia_remote_debug_protocol/test/src/dart/dart_vm_test.dart:171:18 • undefined_function
  error • The function 'expect' isn't defined • flutter/packages/fuchsia_remote_debug_protocol/test/src/dart/dart_vm_test.dart:177:7 • undefined_function
  error • The function 'throwsA' isn't defined • flutter/packages/fuchsia_remote_debug_protocol/test/src/dart/dart_vm_test.dart:177:31 • undefined_function
  error • The function 'isA' isn't defined • flutter/packages/fuchsia_remote_debug_protocol/test/src/dart/dart_vm_test.dart:177:39 • undefined_function
  error • The name 'RpcFormatError' isn't a type, so it can't be used as a type argument • flutter/packages/fuchsia_remote_debug_protocol/test/src/dart/dart_vm_test.dart:177:43 • non_type_as_type_argument
  error • The function 'test' isn't defined • flutter/packages/fuchsia_remote_debug_protocol/test/src/dart/dart_vm_test.dart:180:5 • undefined_function
  error • Undefined name 'fuchsiaVmServiceConnectionFunction' • flutter/packages/fuchsia_remote_debug_protocol/test/src/dart/dart_vm_test.dart:217:7 • undefined_identifier
  error • Undefined class 'DartVm' • flutter/packages/fuchsia_remote_debug_protocol/test/src/dart/dart_vm_test.dart:218:13 • undefined_class
  error • Undefined name 'DartVm' • flutter/packages/fuchsia_remote_debug_protocol/test/src/dart/dart_vm_test.dart:218:31 • undefined_identifier
  error • The function 'expect' isn't defined • flutter/packages/fuchsia_remote_debug_protocol/test/src/dart/dart_vm_test.dart:219:7 • undefined_function
  error • The function 'isNot' isn't defined • flutter/packages/fuchsia_remote_debug_protocol/test/src/dart/dart_vm_test.dart:219:18 • undefined_function
  error • The name 'IsolateRef' isn't a type, so it can't be used as a type argument • flutter/packages/fuchsia_remote_debug_protocol/test/src/dart/dart_vm_test.dart:220:18 • non_type_as_type_argument
  error • The function 'expect' isn't defined • flutter/packages/fuchsia_remote_debug_protocol/test/src/dart/dart_vm_test.dart:223:7 • undefined_function
  error • The name 'IsolateRef' isn't a type, so it can't be used as a type argument • flutter/packages/fuchsia_remote_debug_protocol/test/src/dart/dart_vm_test.dart:224:18 • non_type_as_type_argument
  error • The function 'expect' isn't defined • flutter/packages/fuchsia_remote_debug_protocol/test/src/dart/dart_vm_test.dart:225:7 • undefined_function
  error • The function 'test' isn't defined • flutter/packages/fuchsia_remote_debug_protocol/test/src/dart/dart_vm_test.dart:228:5 • undefined_function
  error • Undefined name 'fuchsiaVmServiceConnectionFunction' • flutter/packages/fuchsia_remote_debug_protocol/test/src/dart/dart_vm_test.dart:252:7 • undefined_identifier
  error • Undefined class 'DartVm' • flutter/packages/fuchsia_remote_debug_protocol/test/src/dart/dart_vm_test.dart:253:13 • undefined_class
  error • Undefined name 'DartVm' • flutter/packages/fuchsia_remote_debug_protocol/test/src/dart/dart_vm_test.dart:253:31 • undefined_identifier
  error • The function 'expect' isn't defined • flutter/packages/fuchsia_remote_debug_protocol/test/src/dart/dart_vm_test.dart:254:7 • undefined_function
  error • The function 'isNot' isn't defined • flutter/packages/fuchsia_remote_debug_protocol/test/src/dart/dart_vm_test.dart:254:18 • undefined_function
  error • The function 'expect' isn't defined • flutter/packages/fuchsia_remote_debug_protocol/test/src/dart/dart_vm_test.dart:260:7 • undefined_function
  error • The function 'throwsA' isn't defined • flutter/packages/fuchsia_remote_debug_protocol/test/src/dart/dart_vm_test.dart:260:31 • undefined_function
  error • The function 'isA' isn't defined • flutter/packages/fuchsia_remote_debug_protocol/test/src/dart/dart_vm_test.dart:260:39 • undefined_function
  error • The name 'RpcFormatError' isn't a type, so it can't be used as a type argument • flutter/packages/fuchsia_remote_debug_protocol/test/src/dart/dart_vm_test.dart:260:43 • non_type_as_type_argument
  error • Missing concrete implementations of 'class VmService.addBreakpoint', 'class VmService.addBreakpointAtEntry', 'class VmService.addBreakpointWithScriptUri', 'class VmService.callServiceExtension', and 76 more • flutter/packages/fuchsia_remote_debug_protocol/test/src/dart/dart_vm_test.dart:265:7 • non_abstract_class_inherits_abstract_member
  error • Classes can only extend other classes • flutter/packages/fuchsia_remote_debug_protocol/test/src/dart/dart_vm_test.dart:265:29 • extends_non_class
  error • Missing concrete implementations of 'class VM extends Response implements VMRef.toJson', 'getter class Response.json', 'getter class VM extends Response implements VMRef.architectureBits', 'getter class VM extends Response implements VMRef.hostCPU', and 22 more • flutter/packages/fuchsia_remote_debug_protocol/test/src/dart/dart_vm_test.dart:294:7 • non_abstract_class_inherits_abstract_member
  error • Classes can only extend other classes • flutter/packages/fuchsia_remote_debug_protocol/test/src/dart/dart_vm_test.dart:294:22 • extends_non_class
  error • Target of URI doesn't exist: 'package:fuchsia_remote_debug_protocol/src/runners/ssh_command_runner.dart' • flutter/packages/fuchsia_remote_debug_protocol/test/src/runners/ssh_command_runner_test.dart:8:8 • uri_does_not_exist
  error • Target of URI doesn't exist: 'package:process/process.dart' • flutter/packages/fuchsia_remote_debug_protocol/test/src/runners/ssh_command_runner_test.dart:9:8 • uri_does_not_exist
  error • Target of URI doesn't exist: 'package:test/fake.dart' • flutter/packages/fuchsia_remote_debug_protocol/test/src/runners/ssh_command_runner_test.dart:10:8 • uri_does_not_exist
  error • Target of URI doesn't exist: 'package:test/test.dart' • flutter/packages/fuchsia_remote_debug_protocol/test/src/runners/ssh_command_runner_test.dart:12:8 • uri_does_not_exist
  error • The function 'group' isn't defined • flutter/packages/fuchsia_remote_debug_protocol/test/src/runners/ssh_command_runner_test.dart:15:3 • undefined_function
  error • The function 'test' isn't defined • flutter/packages/fuchsia_remote_debug_protocol/test/src/runners/ssh_command_runner_test.dart:16:5 • undefined_function
  error • Undefined class 'SshCommandRunner' • flutter/packages/fuchsia_remote_debug_protocol/test/src/runners/ssh_command_runner_test.dart:17:7 • undefined_class
  error • The function 'SshCommandRunner' isn't defined • flutter/packages/fuchsia_remote_debug_protocol/test/src/runners/ssh_command_runner_test.dart:18:16 • undefined_function
  error • The function 'expect' isn't defined • flutter/packages/fuchsia_remote_debug_protocol/test/src/runners/ssh_command_runner_test.dart:21:7 • undefined_function
  error • Undefined name 'throwsArgumentError' • flutter/packages/fuchsia_remote_debug_protocol/test/src/runners/ssh_command_runner_test.dart:21:32 • undefined_identifier
  error • The function 'test' isn't defined • flutter/packages/fuchsia_remote_debug_protocol/test/src/runners/ssh_command_runner_test.dart:24:5 • undefined_function
  error • Undefined class 'SshCommandRunner' • flutter/packages/fuchsia_remote_debug_protocol/test/src/runners/ssh_command_runner_test.dart:25:7 • undefined_class
  error • Undefined name 'SshCommandRunner' • flutter/packages/fuchsia_remote_debug_protocol/test/src/runners/ssh_command_runner_test.dart:26:16 • undefined_identifier
  error • The name 'LocalProcessManager' isn't a class • flutter/packages/fuchsia_remote_debug_protocol/test/src/runners/ssh_command_runner_test.dart:27:17 • creation_with_non_type
  error • The function 'expect' isn't defined • flutter/packages/fuchsia_remote_debug_protocol/test/src/runners/ssh_command_runner_test.dart:32:7 • undefined_function
  error • Undefined name 'throwsArgumentError' • flutter/packages/fuchsia_remote_debug_protocol/test/src/runners/ssh_command_runner_test.dart:32:32 • undefined_identifier
  error • The function 'group' isn't defined • flutter/packages/fuchsia_remote_debug_protocol/test/src/runners/ssh_command_runner_test.dart:36:3 • undefined_function
  error • Undefined class 'SshCommandRunner' • flutter/packages/fuchsia_remote_debug_protocol/test/src/runners/ssh_command_runner_test.dart:38:5 • undefined_class
  error • The function 'setUp' isn't defined • flutter/packages/fuchsia_remote_debug_protocol/test/src/runners/ssh_command_runner_test.dart:40:5 • undefined_function
  error • The function 'test' isn't defined • flutter/packages/fuchsia_remote_debug_protocol/test/src/runners/ssh_command_runner_test.dart:44:5 • undefined_function
  error • Undefined name 'SshCommandRunner' • flutter/packages/fuchsia_remote_debug_protocol/test/src/runners/ssh_command_runner_test.dart:47:16 • undefined_identifier
  error • The function 'expect' isn't defined • flutter/packages/fuchsia_remote_debug_protocol/test/src/runners/ssh_command_runner_test.dart:55:7 • undefined_function
  error • The function 'contains' isn't defined • flutter/packages/fuchsia_remote_debug_protocol/test/src/runners/ssh_command_runner_test.dart:55:53 • undefined_function
  error • The function 'test' isn't defined • flutter/packages/fuchsia_remote_debug_protocol/test/src/runners/ssh_command_runner_test.dart:58:5 • undefined_function
  error • Undefined name 'SshCommandRunner' • flutter/packages/fuchsia_remote_debug_protocol/test/src/runners/ssh_command_runner_test.dart:60:16 • undefined_identifier
  error • The function 'expect' isn't defined • flutter/packages/fuchsia_remote_debug_protocol/test/src/runners/ssh_command_runner_test.dart:63:7 • undefined_function
  error • The function 'contains' isn't defined • flutter/packages/fuchsia_remote_debug_protocol/test/src/runners/ssh_command_runner_test.dart:63:53 • undefined_function
  error • The function 'test' isn't defined • flutter/packages/fuchsia_remote_debug_protocol/test/src/runners/ssh_command_runner_test.dart:66:5 • undefined_function
  error • Undefined name 'SshCommandRunner' • flutter/packages/fuchsia_remote_debug_protocol/test/src/runners/ssh_command_runner_test.dart:68:16 • undefined_identifier
  error • The function 'expect' isn't defined • flutter/packages/fuchsia_remote_debug_protocol/test/src/runners/ssh_command_runner_test.dart:75:7 • undefined_function
  error • The function 'hasLength' isn't defined • flutter/packages/fuchsia_remote_debug_protocol/test/src/runners/ssh_command_runner_test.dart:75:22 • undefined_function
  error • The function 'test' isn't defined • flutter/packages/fuchsia_remote_debug_protocol/test/src/runners/ssh_command_runner_test.dart:78:5 • undefined_function
  error • Undefined name 'SshCommandRunner' • flutter/packages/fuchsia_remote_debug_protocol/test/src/runners/ssh_command_runner_test.dart:80:16 • undefined_identifier
  error • The function 'expect' isn't defined • flutter/packages/fuchsia_remote_debug_protocol/test/src/runners/ssh_command_runner_test.dart:86:7 • undefined_function
  error • The function 'throwsA' isn't defined • flutter/packages/fuchsia_remote_debug_protocol/test/src/runners/ssh_command_runner_test.dart:86:31 • undefined_function
  error • The function 'isA' isn't defined • flutter/packages/fuchsia_remote_debug_protocol/test/src/runners/ssh_command_runner_test.dart:86:39 • undefined_function
  error • The name 'SshCommandError' isn't a type, so it can't be used as a type argument • flutter/packages/fuchsia_remote_debug_protocol/test/src/runners/ssh_command_runner_test.dart:86:43 • non_type_as_type_argument
  error • The function 'test' isn't defined • flutter/packages/fuchsia_remote_debug_protocol/test/src/runners/ssh_command_runner_test.dart:89:5 • undefined_function
  error • Undefined name 'SshCommandRunner' • flutter/packages/fuchsia_remote_debug_protocol/test/src/runners/ssh_command_runner_test.dart:92:16 • undefined_identifier
  error • The function 'expect' isn't defined • flutter/packages/fuchsia_remote_debug_protocol/test/src/runners/ssh_command_runner_test.dart:100:7 • undefined_function
  error • The function 'contains' isn't defined • flutter/packages/fuchsia_remote_debug_protocol/test/src/runners/ssh_command_runner_test.dart:100:29 • undefined_function
  error • The function 'expect' isn't defined • flutter/packages/fuchsia_remote_debug_protocol/test/src/runners/ssh_command_runner_test.dart:103:7 • undefined_function
  error • The function 'test' isn't defined • flutter/packages/fuchsia_remote_debug_protocol/test/src/runners/ssh_command_runner_test.dart:106:5 • undefined_function
  error • Undefined name 'SshCommandRunner' • flutter/packages/fuchsia_remote_debug_protocol/test/src/runners/ssh_command_runner_test.dart:108:16 • undefined_identifier
  error • The function 'expect' isn't defined • flutter/packages/fuchsia_remote_debug_protocol/test/src/runners/ssh_command_runner_test.dart:113:7 • undefined_function
  error • The function 'equals' isn't defined • flutter/packages/fuchsia_remote_debug_protocol/test/src/runners/ssh_command_runner_test.dart:113:27 • undefined_function
  error • Classes can only extend other classes • flutter/packages/fuchsia_remote_debug_protocol/test/src/runners/ssh_command_runner_test.dart:118:34 • extends_non_class
  error • Classes and mixins can only implement other classes and mixins • flutter/packages/fuchsia_remote_debug_protocol/test/src/runners/ssh_command_runner_test.dart:118:50 • implements_non_class
   info • Unreachable member 'run' in an executable library • flutter/packages/fuchsia_remote_debug_protocol/test/src/runners/ssh_command_runner_test.dart:124:25 • unreachable_from_main
warning • The method doesn't override an inherited method • flutter/packages/fuchsia_remote_debug_protocol/test/src/runners/ssh_command_runner_test.dart:124:25 • override_on_non_overriding_member
  error • Target of URI doesn't exist: 'package:integration_test/integration_test.dart' • flutter/packages/integration_test/example/integration_test/_example_test_io.dart:15:8 • uri_does_not_exist
  error • Target of URI doesn't exist: 'package:integration_test_example/main.dart' • flutter/packages/integration_test/example/integration_test/_example_test_io.dart:17:8 • uri_does_not_exist
  error • Undefined class 'IntegrationTestWidgetsFlutterBinding' • flutter/packages/integration_test/example/integration_test/_example_test_io.dart:20:9 • undefined_class
  error • Undefined name 'IntegrationTestWidgetsFlutterBinding' • flutter/packages/integration_test/example/integration_test/_example_test_io.dart:21:7 • undefined_identifier
  error • Target of URI doesn't exist: 'package:integration_test/integration_test.dart' • flutter/packages/integration_test/example/integration_test/_example_test_web.dart:14:8 • uri_does_not_exist
  error • Target of URI doesn't exist: 'package:integration_test_example/main.dart' • flutter/packages/integration_test/example/integration_test/_example_test_web.dart:15:8 • uri_does_not_exist
  error • Undefined name 'IntegrationTestWidgetsFlutterBinding' • flutter/packages/integration_test/example/integration_test/_example_test_web.dart:19:3 • undefined_identifier
  error • Target of URI doesn't exist: 'package:integration_test/integration_test.dart' • flutter/packages/integration_test/example/integration_test/_extended_test_io.dart:16:8 • uri_does_not_exist
  error • Target of URI doesn't exist: 'package:integration_test_example/main.dart' • flutter/packages/integration_test/example/integration_test/_extended_test_io.dart:18:8 • uri_does_not_exist
  error • Undefined class 'IntegrationTestWidgetsFlutterBinding' • flutter/packages/integration_test/example/integration_test/_extended_test_io.dart:21:9 • undefined_class
  error • Undefined name 'IntegrationTestWidgetsFlutterBinding' • flutter/packages/integration_test/example/integration_test/_extended_test_io.dart:22:7 • undefined_identifier
  error • Target of URI doesn't exist: 'package:integration_test/integration_test.dart' • flutter/packages/integration_test/example/integration_test/_extended_test_web.dart:14:8 • uri_does_not_exist
  error • Target of URI doesn't exist: 'package:integration_test_example/main.dart' • flutter/packages/integration_test/example/integration_test/_extended_test_web.dart:16:8 • uri_does_not_exist
  error • Undefined class 'IntegrationTestWidgetsFlutterBinding' • flutter/packages/integration_test/example/integration_test/_extended_test_web.dart:20:9 • undefined_class
  error • Undefined name 'IntegrationTestWidgetsFlutterBinding' • flutter/packages/integration_test/example/integration_test/_extended_test_web.dart:21:7 • undefined_identifier
  error • Target of URI doesn't exist: 'package:integration_test/integration_test.dart' • flutter/packages/integration_test/example/integration_test/example_test.dart:12:8 • uri_does_not_exist
  error • Undefined name 'IntegrationTestWidgetsFlutterBinding' • flutter/packages/integration_test/example/integration_test/example_test.dart:17:3 • undefined_identifier
  error • Target of URI doesn't exist: 'package:integration_test/integration_test.dart' • flutter/packages/integration_test/example/integration_test/extended_test.dart:14:8 • uri_does_not_exist
  error • Undefined name 'IntegrationTestWidgetsFlutterBinding' • flutter/packages/integration_test/example/integration_test/extended_test.dart:19:3 • undefined_identifier
  error • Target of URI doesn't exist: 'package:integration_test/integration_test.dart' • flutter/packages/integration_test/example/integration_test/matches_golden_test.dart:10:8 • uri_does_not_exist
  error • Target of URI doesn't exist: 'package:integration_test_example/main.dart' • flutter/packages/integration_test/example/integration_test/matches_golden_test.dart:12:8 • uri_does_not_exist
  error • Undefined name 'IntegrationTestWidgetsFlutterBinding' • flutter/packages/integration_test/example/integration_test/matches_golden_test.dart:25:3 • undefined_identifier
  error • Undefined name 'IntegrationTestWidgetsFlutterBinding' • flutter/packages/integration_test/example/integration_test/matches_golden_test.dart:43:40 • undefined_identifier
  error • Target of URI doesn't exist: 'package:flutter_driver/flutter_driver.dart' • flutter/packages/integration_test/example/test_driver/extended_integration_test.dart:5:8 • uri_does_not_exist
  error • Target of URI doesn't exist: 'package:integration_test/integration_test_driver_extended.dart' • flutter/packages/integration_test/example/test_driver/extended_integration_test.dart:6:8 • uri_does_not_exist
  error • Undefined class 'FlutterDriver' • flutter/packages/integration_test/example/test_driver/extended_integration_test.dart:9:9 • undefined_class
  error • Undefined name 'FlutterDriver' • flutter/packages/integration_test/example/test_driver/extended_integration_test.dart:9:38 • undefined_identifier
  error • The function 'integrationDriver' isn't defined • flutter/packages/integration_test/example/test_driver/extended_integration_test.dart:10:9 • undefined_function
  error • Target of URI doesn't exist: 'package:integration_test/integration_test.dart' • flutter/packages/integration_test/example/test_driver/failure.dart:7:8 • uri_does_not_exist
  error • Target of URI doesn't exist: 'package:integration_test_example/main.dart' • flutter/packages/integration_test/example/test_driver/failure.dart:9:8 • uri_does_not_exist
  error • Undefined name 'IntegrationTestWidgetsFlutterBinding' • flutter/packages/integration_test/example/test_driver/failure.dart:22:3 • undefined_identifier
  error • Target of URI doesn't exist: 'package:flutter_driver/flutter_driver.dart' • flutter/packages/integration_test/example/test_driver/failure_test.dart:5:8 • uri_does_not_exist
  error • Target of URI doesn't exist: 'package:integration_test/common.dart' • flutter/packages/integration_test/example/test_driver/failure_test.dart:6:8 • uri_does_not_exist
  error • Target of URI doesn't exist: 'package:test/test.dart' • flutter/packages/integration_test/example/test_driver/failure_test.dart:7:8 • uri_does_not_exist
  error • The function 'test' isn't defined • flutter/packages/integration_test/example/test_driver/failure_test.dart:13:3 • undefined_function
  error • Undefined class 'FlutterDriver' • flutter/packages/integration_test/example/test_driver/failure_test.dart:14:11 • undefined_class
  error • Undefined name 'FlutterDriver' • flutter/packages/integration_test/example/test_driver/failure_test.dart:14:40 • undefined_identifier
  error • The function 'expect' isn't defined • flutter/packages/integration_test/example/test_driver/failure_test.dart:18:5 • undefined_function
  error • Undefined name 'isFalse' • flutter/packages/integration_test/example/test_driver/failure_test.dart:18:37 • undefined_identifier
  error • The function 'expect' isn't defined • flutter/packages/integration_test/example/test_driver/failure_test.dart:19:5 • undefined_function
  error • The function 'hasLength' isn't defined • flutter/packages/integration_test/example/test_driver/failure_test.dart:19:37 • undefined_function
  error • The function 'expect' isn't defined • flutter/packages/integration_test/example/test_driver/failure_test.dart:20:5 • undefined_function
  error • The function 'expect' isn't defined • flutter/packages/integration_test/example/test_driver/failure_test.dart:21:5 • undefined_function
  error • Undefined name 'Timeout' • flutter/packages/integration_test/example/test_driver/failure_test.dart:22:15 • undefined_identifier
  error • Target of URI doesn't exist: 'package:integration_test/integration_test_driver.dart' • flutter/packages/integration_test/example/test_driver/integration_test.dart:5:8 • uri_does_not_exist
  error • The function 'integrationDriver' isn't defined • flutter/packages/integration_test/example/test_driver/integration_test.dart:7:24 • undefined_function
warning • Target of URI doesn't exist: 'package:flutter_driver/flutter_driver.dart' • flutter/packages/integration_test/lib/common.dart:5:16 • uri_does_not_exist_in_doc_import
  error • This requires the 'null-aware-elements' language feature to be enabled • flutter/packages/integration_test/lib/common.dart:75:13 • experiment_not_enabled
  error • A nullable expression can't be used as an iterator in a for-in loop • flutter/packages/integration_test/lib/common.dart:112:39 • unchecked_use_of_nullable_value
  error • Expected to find ';' • flutter/packages/integration_test/lib/common.dart:201:5 • expected_token
warning • Dead code • flutter/packages/integration_test/lib/common.dart:201:12 • dead_code
  error • Expected an identifier • flutter/packages/integration_test/lib/common.dart:201:12 • missing_identifier
  error • Expected to find 'case' • flutter/packages/integration_test/lib/common.dart:202:7 • expected_token
   info • Unnecessary empty statement • flutter/packages/integration_test/lib/common.dart:206:6 • empty_statements
  error • This requires the 'null-aware-elements' language feature to be enabled • flutter/packages/integration_test/lib/common.dart:238:77 • experiment_not_enabled
warning • Target of URI doesn't exist: 'package:flutter_driver/flutter_driver.dart' • flutter/packages/integration_test/lib/integration_test.dart:5:16 • uri_does_not_exist_in_doc_import
  error • Target of URI doesn't exist: 'package:flutter_driver/flutter_driver.dart' • flutter/packages/integration_test/lib/integration_test_driver.dart:12:8 • uri_does_not_exist
  error • Target of URI doesn't exist: 'package:flutter_driver/flutter_driver.dart' • flutter/packages/integration_test/lib/integration_test_driver.dart:17:8 • uri_does_not_exist
  error • Undefined name 'testOutputsDirectory' • flutter/packages/integration_test/lib/integration_test_driver.dart:32:28 • undefined_identifier
  error • Undefined name 'fs' • flutter/packages/integration_test/lib/integration_test_driver.dart:33:9 • undefined_identifier
  error • Undefined name 'fs' • flutter/packages/integration_test/lib/integration_test_driver.dart:34:21 • undefined_identifier
  error • The argument type 'String?' can't be assigned to the parameter type 'String'.  • flutter/packages/integration_test/lib/integration_test_driver.dart:34:39 • argument_type_not_assignable
  error • Undefined class 'FlutterDriver' • flutter/packages/integration_test/lib/integration_test_driver.dart:70:9 • undefined_class
  error • Undefined name 'FlutterDriver' • flutter/packages/integration_test/lib/integration_test_driver.dart:70:38 • undefined_identifier
  error • Target of URI doesn't exist: 'package:flutter_driver/flutter_driver.dart' • flutter/packages/integration_test/lib/integration_test_driver_extended.dart:12:8 • uri_does_not_exist
  error • Target of URI doesn't exist: 'package:flutter_driver/flutter_driver.dart' • flutter/packages/integration_test/lib/integration_test_driver_extended.dart:17:8 • uri_does_not_exist
  error • Undefined name 'testOutputsDirectory' • flutter/packages/integration_test/lib/integration_test_driver_extended.dart:32:28 • undefined_identifier
  error • Undefined name 'fs' • flutter/packages/integration_test/lib/integration_test_driver_extended.dart:33:9 • undefined_identifier
  error • Undefined name 'fs' • flutter/packages/integration_test/lib/integration_test_driver_extended.dart:34:21 • undefined_identifier
  error • The argument type 'String?' can't be assigned to the parameter type 'String'.  • flutter/packages/integration_test/lib/integration_test_driver_extended.dart:34:39 • argument_type_not_assignable
  error • Undefined class 'FlutterDriver' • flutter/packages/integration_test/lib/integration_test_driver_extended.dart:78:3 • undefined_class
  error • Undefined name 'FlutterDriver' • flutter/packages/integration_test/lib/integration_test_driver_extended.dart:83:20 • undefined_identifier
  error • The 'case' shouldn't complete normally • flutter/packages/integration_test/lib/src/_callback_io.dart:36:7 • switch_case_completes_normally
  error • The 'case' shouldn't complete normally • flutter/packages/integration_test/lib/src/_callback_io.dart:46:7 • switch_case_completes_normally
  error • The 'case' shouldn't complete normally • flutter/packages/integration_test/lib/src/_callback_web.dart:96:7 • switch_case_completes_normally
  error • The 'case' shouldn't complete normally • flutter/packages/integration_test/lib/src/_callback_web.dart:116:9 • switch_case_completes_normally
  error • The 'case' shouldn't complete normally • flutter/packages/integration_test/lib/src/_callback_web.dart:120:9 • switch_case_completes_normally
  error • This requires the 'class-modifiers' language feature to be enabled • flutter/packages/integration_test/lib/src/vm_service_golden_client.dart:67:1 • experiment_not_enabled
  error • A nullable expression can't be used as a condition • flutter/packages/integration_test/lib/src/vm_service_golden_client.dart:153:9 • unchecked_use_of_nullable_value
  error • Expected to find ')' • flutter/packages/integration_test/lib/src/vm_service_golden_client.dart:153:31 • expected_token
  error • The argument type 'String' can't be assigned to the parameter type 'bool'.  • flutter/packages/integration_test/lib/src/vm_service_golden_client.dart:154:35 • argument_type_not_assignable
  error • Expected to find ';' • flutter/packages/integration_test/lib/src/vm_service_golden_client.dart:191:5 • expected_token
warning • Dead code • flutter/packages/integration_test/lib/src/vm_service_golden_client.dart:191:12 • dead_code
  error • Expected an identifier • flutter/packages/integration_test/lib/src/vm_service_golden_client.dart:191:12 • missing_identifier
  error • Expected to find 'case' • flutter/packages/integration_test/lib/src/vm_service_golden_client.dart:192:7 • expected_token
   info • Unnecessary empty statement • flutter/packages/integration_test/lib/src/vm_service_golden_client.dart:194:6 • empty_statements
  error • This requires the 'sealed-class' language feature to be enabled • flutter/packages/integration_test/lib/src/vm_service_golden_client.dart:214:1 • experiment_not_enabled
  error • This requires the 'class-modifiers' language feature to be enabled • flutter/packages/integration_test/lib/src/vm_service_golden_client.dart:216:1 • experiment_not_enabled
  error • This requires the 'class-modifiers' language feature to be enabled • flutter/packages/integration_test/lib/src/vm_service_golden_client.dart:221:1 • experiment_not_enabled
  error • Target of URI doesn't exist: 'package:flutter_goldens/flutter_goldens.dart' • flutter/packages/integration_test/test/_goldens_io.dart:5:8 • uri_does_not_exist
warning • Target of URI doesn't exist: 'package:integration_test/integration_test.dart' • flutter/packages/integration_test/test/binding_fail_test.dart:5:16 • uri_does_not_exist_in_doc_import
  error • This requires the 'null-aware-elements' language feature to be enabled • flutter/packages/integration_test/test/binding_fail_test.dart:94:47 • experiment_not_enabled
  error • The element type 'Map<String, dynamic>?' can't be assigned to the list type 'Map<String, dynamic>' • flutter/packages/integration_test/test/binding_fail_test.dart:94:48 • list_element_type_not_assignable
  error • Target of URI doesn't exist: 'package:integration_test/common.dart' • flutter/packages/integration_test/test/binding_test.dart:9:8 • uri_does_not_exist
  error • Target of URI doesn't exist: 'package:integration_test/integration_test.dart' • flutter/packages/integration_test/test/binding_test.dart:10:8 • uri_does_not_exist
  error • Undefined class 'IntegrationTestWidgetsFlutterBinding' • flutter/packages/integration_test/test/binding_test.dart:23:11 • undefined_class
  error • Undefined name 'IntegrationTestWidgetsFlutterBinding' • flutter/packages/integration_test/test/binding_test.dart:24:9 • undefined_identifier
  error • Undefined class 'Response' • flutter/packages/integration_test/test/binding_test.dart:135:11 • undefined_class
  error • Undefined name 'Response' • flutter/packages/integration_test/test/binding_test.dart:135:29 • undefined_identifier
  error • Target of URI doesn't exist: 'package:integration_test/integration_test.dart' • flutter/packages/integration_test/test/data/fail_test_script.dart:8:8 • uri_does_not_exist
  error • Undefined class 'IntegrationTestWidgetsFlutterBinding' • flutter/packages/integration_test/test/data/fail_test_script.dart:11:9 • undefined_class
  error • Undefined name 'IntegrationTestWidgetsFlutterBinding' • flutter/packages/integration_test/test/data/fail_test_script.dart:12:7 • undefined_identifier
  error • Target of URI doesn't exist: 'package:integration_test/integration_test.dart' • flutter/packages/integration_test/test/data/fail_then_pass_test_script.dart:8:8 • uri_does_not_exist
  error • Undefined class 'IntegrationTestWidgetsFlutterBinding' • flutter/packages/integration_test/test/data/fail_then_pass_test_script.dart:11:9 • undefined_class
  error • Undefined name 'IntegrationTestWidgetsFlutterBinding' • flutter/packages/integration_test/test/data/fail_then_pass_test_script.dart:12:7 • undefined_identifier
  error • Target of URI doesn't exist: 'package:integration_test/integration_test.dart' • flutter/packages/integration_test/test/data/pass_test_script.dart:8:8 • uri_does_not_exist
  error • Undefined class 'IntegrationTestWidgetsFlutterBinding' • flutter/packages/integration_test/test/data/pass_test_script.dart:11:9 • undefined_class
  error • Undefined name 'IntegrationTestWidgetsFlutterBinding' • flutter/packages/integration_test/test/data/pass_test_script.dart:12:7 • undefined_identifier
  error • Target of URI doesn't exist: 'package:integration_test/integration_test.dart' • flutter/packages/integration_test/test/data/pass_then_fail_test_script.dart:8:8 • uri_does_not_exist
  error • Undefined class 'IntegrationTestWidgetsFlutterBinding' • flutter/packages/integration_test/test/data/pass_then_fail_test_script.dart:11:9 • undefined_class
  error • Undefined name 'IntegrationTestWidgetsFlutterBinding' • flutter/packages/integration_test/test/data/pass_then_fail_test_script.dart:12:7 • undefined_identifier
  error • The function 'testExecutable' isn't defined • flutter/packages/integration_test/test/flutter_test_config.dart:11:26 • undefined_function
  error • Target of URI doesn't exist: 'package:integration_test/integration_test.dart' • flutter/packages/integration_test/test/golden_screenshot_test.dart:10:8 • uri_does_not_exist
  error • Undefined name 'IntegrationTestWidgetsFlutterBinding' • flutter/packages/integration_test/test/golden_screenshot_test.dart:13:3 • undefined_identifier
  error • Target of URI doesn't exist: 'package:integration_test/common.dart' • flutter/packages/integration_test/test/response_serialization_test.dart:7:8 • uri_does_not_exist
  error • Undefined class 'Failure' • flutter/packages/integration_test/test/response_serialization_test.dart:11:11 • undefined_class
  error • The function 'Failure' isn't defined • flutter/packages/integration_test/test/response_serialization_test.dart:11:26 • undefined_function
  error • Undefined class 'Failure' • flutter/packages/integration_test/test/response_serialization_test.dart:12:11 • undefined_class
  error • Undefined name 'Failure' • flutter/packages/integration_test/test/response_serialization_test.dart:12:30 • undefined_identifier
  error • Undefined class 'Response' • flutter/packages/integration_test/test/response_serialization_test.dart:18:5 • undefined_class
  error • Undefined name 'Response' • flutter/packages/integration_test/test/response_serialization_test.dart:21:16 • undefined_identifier
  error • Undefined name 'Response' • flutter/packages/integration_test/test/response_serialization_test.dart:24:16 • undefined_identifier
  error • Undefined class 'Failure' • flutter/packages/integration_test/test/response_serialization_test.dart:29:11 • undefined_class
  error • The function 'Failure' isn't defined • flutter/packages/integration_test/test/response_serialization_test.dart:29:26 • undefined_function
  error • Undefined class 'Failure' • flutter/packages/integration_test/test/response_serialization_test.dart:30:11 • undefined_class
  error • The function 'Failure' isn't defined • flutter/packages/integration_test/test/response_serialization_test.dart:30:27 • undefined_function
  error • Undefined name 'Response' • flutter/packages/integration_test/test/response_serialization_test.dart:31:16 • undefined_identifier
  error • The name 'Failure' isn't a type, so it can't be used as a type argument • flutter/packages/integration_test/test/response_serialization_test.dart:31:42 • non_type_as_type_argument
  error • Undefined name 'Response' • flutter/packages/integration_test/test/response_serialization_test.dart:33:16 • undefined_identifier
  error • Undefined name 'Response' • flutter/packages/integration_test/test/response_serialization_test.dart:39:16 • undefined_identifier
  error • Undefined name 'Response' • flutter/packages/integration_test/test/response_serialization_test.dart:41:16 • undefined_identifier
  error • Undefined name 'Response' • flutter/packages/integration_test/test/response_serialization_test.dart:45:16 • undefined_identifier
  error • The name 'Failure' isn't a type, so it can't be used as a type argument • flutter/packages/integration_test/test/response_serialization_test.dart:45:42 • non_type_as_type_argument
  error • Undefined name 'Response' • flutter/packages/integration_test/test/response_serialization_test.dart:47:16 • undefined_identifier
  error • Target of URI doesn't exist: 'package:integration_test/integration_test.dart' • flutter/packages/integration_test/test/socket_fail_test.dart:8:8 • uri_does_not_exist
  error • Undefined class 'IntegrationTestWidgetsFlutterBinding' • flutter/packages/integration_test/test/socket_fail_test.dart:20:9 • undefined_class
  error • Undefined name 'IntegrationTestWidgetsFlutterBinding' • flutter/packages/integration_test/test/socket_fail_test.dart:21:7 • undefined_identifier
warning • The value of the local variable '<unnamed>' isn't used • flutter/packages/integration_test/test/vm_service_golden_client_test.dart:1:1 • unused_local_variable
  error • Target of URI doesn't exist: 'package:integration_test/integration_test.dart' • flutter/packages/integration_test/test/vm_service_golden_client_test.dart:10:8 • uri_does_not_exist
  error • This requires the 'records' language feature to be enabled • flutter/packages/integration_test/test/vm_service_golden_client_test.dart:158:17 • experiment_not_enabled
  error • This requires the 'records' language feature to be enabled • flutter/packages/integration_test/test/vm_service_golden_client_test.dart:161:25 • experiment_not_enabled
   info • Unnecessary use of parentheses • flutter/packages/integration_test/test/vm_service_golden_client_test.dart:167:28 • unnecessary_parenthesis
  error • This requires the 'records' language feature to be enabled • flutter/packages/integration_test/test/vm_service_golden_client_test.dart:167:28 • experiment_not_enabled
   info • Missing type annotation • flutter/packages/integration_test/test/vm_service_golden_client_test.dart:180:9 • always_specify_types
  error • Expected an identifier • flutter/packages/integration_test/test/vm_service_golden_client_test.dart:180:15 • missing_identifier
  error • Expected to find ';' • flutter/packages/integration_test/test/vm_service_golden_client_test.dart:180:15 • expected_token
   info • An uninitialized variable should have an explicit type annotation • flutter/packages/integration_test/test/vm_service_golden_client_test.dart:180:16 • prefer_typing_uninitialized_variables
warning • The type of  can't be inferred without either a type or initializer • flutter/packages/integration_test/test/vm_service_golden_client_test.dart:180:16 • inference_failure_on_uninitialized_variable
   info • The variable name 'Map' isn't a lowerCamelCase identifier • flutter/packages/integration_test/test/vm_service_golden_client_test.dart:180:30 • non_constant_identifier_names
warning • The value of the local variable 'Map' isn't used • flutter/packages/integration_test/test/vm_service_golden_client_test.dart:180:30 • unused_local_variable
  error • Expected to find ';' • flutter/packages/integration_test/test/vm_service_golden_client_test.dart:180:30 • expected_token
   info • Unnecessary statement • flutter/packages/integration_test/test/vm_service_golden_client_test.dart:180:33 • unnecessary_statements
  error • List literals require one type argument or none, but 2 found • flutter/packages/integration_test/test/vm_service_golden_client_test.dart:180:33 • expected_one_list_type_arguments
  error • Expected to find ';' • flutter/packages/integration_test/test/vm_service_golden_client_test.dart:180:50 • expected_token
   info • Unnecessary statement • flutter/packages/integration_test/test/vm_service_golden_client_test.dart:180:52 • unnecessary_statements
  error • Expected to find ';' • flutter/packages/integration_test/test/vm_service_golden_client_test.dart:180:52 • expected_token
  error • Expected to find '[' • flutter/packages/integration_test/test/vm_service_golden_client_test.dart:180:52 • expected_token
  error • Undefined name 'params' • flutter/packages/integration_test/test/vm_service_golden_client_test.dart:180:52 • undefined_identifier
  error • Expected an identifier • flutter/packages/integration_test/test/vm_service_golden_client_test.dart:180:58 • missing_identifier
  error • Unexpected text ';' • flutter/packages/integration_test/test/vm_service_golden_client_test.dart:180:58 • unexpected_token
  error • Expected an identifier • flutter/packages/integration_test/test/vm_service_golden_client_test.dart:180:60 • missing_identifier
  error • The non-nullable local variable 'event' must be assigned before it can be used • flutter/packages/integration_test/test/vm_service_golden_client_test.dart:181:16 • not_assigned_potentially_non_nullable_local_variable
  error • Undefined name 'params' • flutter/packages/integration_test/test/vm_service_golden_client_test.dart:182:16 • undefined_identifier
   info • Missing type annotation • flutter/packages/integration_test/test/vm_service_golden_client_test.dart:201:9 • always_specify_types
  error • Expected an identifier • flutter/packages/integration_test/test/vm_service_golden_client_test.dart:201:15 • missing_identifier
  error • Expected to find ';' • flutter/packages/integration_test/test/vm_service_golden_client_test.dart:201:15 • expected_token
   info • An uninitialized variable should have an explicit type annotation • flutter/packages/integration_test/test/vm_service_golden_client_test.dart:201:16 • prefer_typing_uninitialized_variables
warning • The type of  can't be inferred without either a type or initializer • flutter/packages/integration_test/test/vm_service_golden_client_test.dart:201:16 • inference_failure_on_uninitialized_variable
   info • The variable name 'Map' isn't a lowerCamelCase identifier • flutter/packages/integration_test/test/vm_service_golden_client_test.dart:201:30 • non_constant_identifier_names
warning • The value of the local variable 'Map' isn't used • flutter/packages/integration_test/test/vm_service_golden_client_test.dart:201:30 • unused_local_variable
  error • Expected to find ';' • flutter/packages/integration_test/test/vm_service_golden_client_test.dart:201:30 • expected_token
   info • Unnecessary statement • flutter/packages/integration_test/test/vm_service_golden_client_test.dart:201:33 • unnecessary_statements
  error • List literals require one type argument or none, but 2 found • flutter/packages/integration_test/test/vm_service_golden_client_test.dart:201:33 • expected_one_list_type_arguments
  error • Expected to find ';' • flutter/packages/integration_test/test/vm_service_golden_client_test.dart:201:50 • expected_token
   info • Unnecessary statement • flutter/packages/integration_test/test/vm_service_golden_client_test.dart:201:52 • unnecessary_statements
  error • Expected to find ';' • flutter/packages/integration_test/test/vm_service_golden_client_test.dart:201:52 • expected_token
  error • Expected to find '[' • flutter/packages/integration_test/test/vm_service_golden_client_test.dart:201:52 • expected_token
  error • Undefined name 'params' • flutter/packages/integration_test/test/vm_service_golden_client_test.dart:201:52 • undefined_identifier
  error • Expected an identifier • flutter/packages/integration_test/test/vm_service_golden_client_test.dart:201:58 • missing_identifier
  error • Unexpected text ';' • flutter/packages/integration_test/test/vm_service_golden_client_test.dart:201:58 • unexpected_token
  error • Expected an identifier • flutter/packages/integration_test/test/vm_service_golden_client_test.dart:201:60 • missing_identifier
  error • The non-nullable local variable 'event' must be assigned before it can be used • flutter/packages/integration_test/test/vm_service_golden_client_test.dart:202:16 • not_assigned_potentially_non_nullable_local_variable
  error • Undefined name 'params' • flutter/packages/integration_test/test/vm_service_golden_client_test.dart:203:16 • undefined_identifier
   info • Missing type annotation • flutter/packages/integration_test/test/vm_service_golden_client_test.dart:225:9 • always_specify_types
  error • Expected an identifier • flutter/packages/integration_test/test/vm_service_golden_client_test.dart:225:15 • missing_identifier
  error • Expected to find ';' • flutter/packages/integration_test/test/vm_service_golden_client_test.dart:225:15 • expected_token
   info • An uninitialized variable should have an explicit type annotation • flutter/packages/integration_test/test/vm_service_golden_client_test.dart:225:16 • prefer_typing_uninitialized_variables
warning • The type of  can't be inferred without either a type or initializer • flutter/packages/integration_test/test/vm_service_golden_client_test.dart:225:16 • inference_failure_on_uninitialized_variable
   info • The variable name 'Map' isn't a lowerCamelCase identifier • flutter/packages/integration_test/test/vm_service_golden_client_test.dart:225:30 • non_constant_identifier_names
warning • The value of the local variable 'Map' isn't used • flutter/packages/integration_test/test/vm_service_golden_client_test.dart:225:30 • unused_local_variable
  error • Expected to find ';' • flutter/packages/integration_test/test/vm_service_golden_client_test.dart:225:30 • expected_token
   info • Unnecessary statement • flutter/packages/integration_test/test/vm_service_golden_client_test.dart:225:33 • unnecessary_statements
  error • List literals require one type argument or none, but 2 found • flutter/packages/integration_test/test/vm_service_golden_client_test.dart:225:33 • expected_one_list_type_arguments
  error • Expected to find ';' • flutter/packages/integration_test/test/vm_service_golden_client_test.dart:225:50 • expected_token
   info • Unnecessary statement • flutter/packages/integration_test/test/vm_service_golden_client_test.dart:225:52 • unnecessary_statements
  error • Expected to find ';' • flutter/packages/integration_test/test/vm_service_golden_client_test.dart:225:52 • expected_token
  error • Expected to find '[' • flutter/packages/integration_test/test/vm_service_golden_client_test.dart:225:52 • expected_token
  error • Undefined name 'params' • flutter/packages/integration_test/test/vm_service_golden_client_test.dart:225:52 • undefined_identifier
  error • Expected an identifier • flutter/packages/integration_test/test/vm_service_golden_client_test.dart:225:58 • missing_identifier
  error • Unexpected text ';' • flutter/packages/integration_test/test/vm_service_golden_client_test.dart:225:58 • unexpected_token
  error • Expected an identifier • flutter/packages/integration_test/test/vm_service_golden_client_test.dart:225:60 • missing_identifier
  error • The non-nullable local variable 'event' must be assigned before it can be used • flutter/packages/integration_test/test/vm_service_golden_client_test.dart:226:16 • not_assigned_potentially_non_nullable_local_variable
  error • Undefined name 'params' • flutter/packages/integration_test/test/vm_service_golden_client_test.dart:227:16 • undefined_identifier
  error • This requires the 'records' language feature to be enabled • flutter/packages/integration_test/test/vm_service_golden_client_test.dart:237:17 • experiment_not_enabled
  error • This requires the 'records' language feature to be enabled • flutter/packages/integration_test/test/vm_service_golden_client_test.dart:240:25 • experiment_not_enabled
   info • Unnecessary use of parentheses • flutter/packages/integration_test/test/vm_service_golden_client_test.dart:246:28 • unnecessary_parenthesis
  error • This requires the 'records' language feature to be enabled • flutter/packages/integration_test/test/vm_service_golden_client_test.dart:246:28 • experiment_not_enabled
   info • Missing type annotation • flutter/packages/integration_test/test/vm_service_golden_client_test.dart:259:9 • always_specify_types
  error • Expected an identifier • flutter/packages/integration_test/test/vm_service_golden_client_test.dart:259:15 • missing_identifier
  error • Expected to find ';' • flutter/packages/integration_test/test/vm_service_golden_client_test.dart:259:15 • expected_token
   info • An uninitialized variable should have an explicit type annotation • flutter/packages/integration_test/test/vm_service_golden_client_test.dart:259:16 • prefer_typing_uninitialized_variables
warning • The type of  can't be inferred without either a type or initializer • flutter/packages/integration_test/test/vm_service_golden_client_test.dart:259:16 • inference_failure_on_uninitialized_variable
   info • The variable name 'Map' isn't a lowerCamelCase identifier • flutter/packages/integration_test/test/vm_service_golden_client_test.dart:259:30 • non_constant_identifier_names
warning • The value of the local variable 'Map' isn't used • flutter/packages/integration_test/test/vm_service_golden_client_test.dart:259:30 • unused_local_variable
  error • Expected to find ';' • flutter/packages/integration_test/test/vm_service_golden_client_test.dart:259:30 • expected_token
   info • Unnecessary statement • flutter/packages/integration_test/test/vm_service_golden_client_test.dart:259:33 • unnecessary_statements
  error • List literals require one type argument or none, but 2 found • flutter/packages/integration_test/test/vm_service_golden_client_test.dart:259:33 • expected_one_list_type_arguments
  error • Expected to find ';' • flutter/packages/integration_test/test/vm_service_golden_client_test.dart:259:50 • expected_token
   info • Unnecessary statement • flutter/packages/integration_test/test/vm_service_golden_client_test.dart:259:52 • unnecessary_statements
  error • Expected to find ';' • flutter/packages/integration_test/test/vm_service_golden_client_test.dart:259:52 • expected_token
  error • Expected to find '[' • flutter/packages/integration_test/test/vm_service_golden_client_test.dart:259:52 • expected_token
  error • Undefined name 'params' • flutter/packages/integration_test/test/vm_service_golden_client_test.dart:259:52 • undefined_identifier
  error • Expected an identifier • flutter/packages/integration_test/test/vm_service_golden_client_test.dart:259:58 • missing_identifier
  error • Unexpected text ';' • flutter/packages/integration_test/test/vm_service_golden_client_test.dart:259:58 • unexpected_token
  error • Expected an identifier • flutter/packages/integration_test/test/vm_service_golden_client_test.dart:259:60 • missing_identifier
  error • The non-nullable local variable 'event' must be assigned before it can be used • flutter/packages/integration_test/test/vm_service_golden_client_test.dart:260:16 • not_assigned_potentially_non_nullable_local_variable
  error • Undefined name 'params' • flutter/packages/integration_test/test/vm_service_golden_client_test.dart:261:16 • undefined_identifier
   info • Missing type annotation • flutter/packages/integration_test/test/vm_service_golden_client_test.dart:283:9 • always_specify_types
  error • Expected an identifier • flutter/packages/integration_test/test/vm_service_golden_client_test.dart:283:15 • missing_identifier
  error • Expected to find ';' • flutter/packages/integration_test/test/vm_service_golden_client_test.dart:283:15 • expected_token
   info • An uninitialized variable should have an explicit type annotation • flutter/packages/integration_test/test/vm_service_golden_client_test.dart:283:16 • prefer_typing_uninitialized_variables
warning • The type of  can't be inferred without either a type or initializer • flutter/packages/integration_test/test/vm_service_golden_client_test.dart:283:16 • inference_failure_on_uninitialized_variable
   info • The variable name 'Map' isn't a lowerCamelCase identifier • flutter/packages/integration_test/test/vm_service_golden_client_test.dart:283:30 • non_constant_identifier_names
warning • The value of the local variable 'Map' isn't used • flutter/packages/integration_test/test/vm_service_golden_client_test.dart:283:30 • unused_local_variable
  error • Expected to find ';' • flutter/packages/integration_test/test/vm_service_golden_client_test.dart:283:30 • expected_token
   info • Unnecessary statement • flutter/packages/integration_test/test/vm_service_golden_client_test.dart:283:33 • unnecessary_statements
  error • List literals require one type argument or none, but 2 found • flutter/packages/integration_test/test/vm_service_golden_client_test.dart:283:33 • expected_one_list_type_arguments
  error • Expected to find ';' • flutter/packages/integration_test/test/vm_service_golden_client_test.dart:283:50 • expected_token
   info • Unnecessary statement • flutter/packages/integration_test/test/vm_service_golden_client_test.dart:283:52 • unnecessary_statements
  error • Expected to find ';' • flutter/packages/integration_test/test/vm_service_golden_client_test.dart:283:52 • expected_token
  error • Expected to find '[' • flutter/packages/integration_test/test/vm_service_golden_client_test.dart:283:52 • expected_token
  error • Undefined name 'params' • flutter/packages/integration_test/test/vm_service_golden_client_test.dart:283:52 • undefined_identifier
  error • Expected an identifier • flutter/packages/integration_test/test/vm_service_golden_client_test.dart:283:58 • missing_identifier
  error • Unexpected text ';' • flutter/packages/integration_test/test/vm_service_golden_client_test.dart:283:58 • unexpected_token
  error • Expected an identifier • flutter/packages/integration_test/test/vm_service_golden_client_test.dart:283:60 • missing_identifier
  error • The non-nullable local variable 'event' must be assigned before it can be used • flutter/packages/integration_test/test/vm_service_golden_client_test.dart:284:16 • not_assigned_potentially_non_nullable_local_variable
  error • Undefined name 'params' • flutter/packages/integration_test/test/vm_service_golden_client_test.dart:285:16 • undefined_identifier
  error • This requires the 'class-modifiers' language feature to be enabled • flutter/packages/integration_test/test/vm_service_golden_client_test.dart:295:1 • experiment_not_enabled
  error • Target of URI doesn't exist: 'package:integration_test/integration_test.dart' • flutter/packages/integration_test/test/web_extension_test.dart:12:8 • uri_does_not_exist
  error • The function 'IntegrationTestWidgetsFlutterBinding' isn't defined • flutter/packages/integration_test/test/web_extension_test.dart:18:3 • undefined_function
   info • The import of 'dart:typed_data' is unnecessary because all of the used elements are also provided by the import of 'package:flutter/services.dart' • lib/main.dart:5:8 • unnecessary_import
warning • Duplicate import • lib/main.dart:14:8 • duplicate_import
   info • 'withOpacity' is deprecated and shouldn't be used. Use .withValues() to avoid precision loss • lib/main.dart:101:30 • deprecated_member_use
   info • 'withOpacity' is deprecated and shouldn't be used. Use .withValues() to avoid precision loss • lib/main.dart:111:48 • deprecated_member_use
   info • 'value' is deprecated and shouldn't be used. Use component accessors like .r or .g, or toARGB32 for an explicit conversion • lib/main.dart:168:72 • deprecated_member_use
   info • 'withOpacity' is deprecated and shouldn't be used. Use .withValues() to avoid precision loss • lib/main.dart:357:28 • deprecated_member_use
   info • 'withOpacity' is deprecated and shouldn't be used. Use .withValues() to avoid precision loss • lib/main.dart:357:53 • deprecated_member_use
   info • 'withOpacity' is deprecated and shouldn't be used. Use .withValues() to avoid precision loss • lib/main.dart:360:43 • deprecated_member_use
   info • 'withOpacity' is deprecated and shouldn't be used. Use .withValues() to avoid precision loss • lib/main.dart:369:78 • deprecated_member_use
   info • 'withOpacity' is deprecated and shouldn't be used. Use .withValues() to avoid precision loss • lib/main.dart:386:50 • deprecated_member_use
   info • 'withOpacity' is deprecated and shouldn't be used. Use .withValues() to avoid precision loss • lib/main.dart:391:47 • deprecated_member_use
warning • The declaration '_shareAtBat' isn't referenced • lib/main.dart:691:8 • unused_element
   info • 'withOpacity' is deprecated and shouldn't be used. Use .withValues() to avoid precision loss • lib/main.dart:895:59 • deprecated_member_use
   info • 'withOpacity' is deprecated and shouldn't be used. Use .withValues() to avoid precision loss • lib/main.dart:1101:143 • deprecated_member_use
   info • 'activeColor' is deprecated and shouldn't be used. Use activeThumbColor instead. This feature was deprecated after v3.31.0-2.0.pre • lib/main.dart:1124:17 • deprecated_member_use
   info • 'withOpacity' is deprecated and shouldn't be used. Use .withValues() to avoid precision loss • lib/main.dart:1286:124 • deprecated_member_use
   info • 'withOpacity' is deprecated and shouldn't be used. Use .withValues() to avoid precision loss • lib/main.dart:1286:155 • deprecated_member_use
   info • 'activeColor' is deprecated and shouldn't be used. Use activeThumbColor instead. This feature was deprecated after v3.31.0-2.0.pre • lib/main.dart:1348:13 • deprecated_member_use
   info • 'activeColor' is deprecated and shouldn't be used. Use activeThumbColor instead. This feature was deprecated after v3.31.0-2.0.pre • lib/main.dart:1358:13 • deprecated_member_use
   info • 'value' is deprecated and shouldn't be used. Use initialValue instead. This will set the initial value for the form field. This feature was deprecated after v3.33.0-1.0.pre • lib/main.dart:1411:59 • deprecated_member_use
   info • 'value' is deprecated and shouldn't be used. Use initialValue instead. This will set the initial value for the form field. This feature was deprecated after v3.33.0-1.0.pre • lib/main.dart:1413:56 • deprecated_member_use
   info • 'withOpacity' is deprecated and shouldn't be used. Use .withValues() to avoid precision loss • lib/main.dart:1436:75 • deprecated_member_use
   info • 'value' is deprecated and shouldn't be used. Use initialValue instead. This will set the initial value for the form field. This feature was deprecated after v3.33.0-1.0.pre • lib/main.dart:1460:41 • deprecated_member_use
   info • 'activeColor' is deprecated and shouldn't be used. Use activeThumbColor instead. This feature was deprecated after v3.31.0-2.0.pre • lib/main.dart:1464:144 • deprecated_member_use
   info • 'withOpacity' is deprecated and shouldn't be used. Use .withValues() to avoid precision loss • lib/main.dart:1501:149 • deprecated_member_use
   info • 'withOpacity' is deprecated and shouldn't be used. Use .withValues() to avoid precision loss • lib/main.dart:1532:145 • deprecated_member_use
   info • 'withOpacity' is deprecated and shouldn't be used. Use .withValues() to avoid precision loss • lib/main.dart:1596:71 • deprecated_member_use
   info • 'withOpacity' is deprecated and shouldn't be used. Use .withValues() to avoid precision loss • lib/main.dart:1785:65 • deprecated_member_use
   info • 'withOpacity' is deprecated and shouldn't be used. Use .withValues() to avoid precision loss • lib/main.dart:1829:48 • deprecated_member_use
   info • 'withOpacity' is deprecated and shouldn't be used. Use .withValues() to avoid precision loss • lib/main.dart:1831:67 • deprecated_member_use
warning • The declaration '_buildRakeStep' isn't referenced • lib/main.dart:1876:10 • unused_element
   info • 'withOpacity' is deprecated and shouldn't be used. Use .withValues() to avoid precision loss • lib/main.dart:1938:48 • deprecated_member_use
   info • 'withOpacity' is deprecated and shouldn't be used. Use .withValues() to avoid precision loss • lib/main.dart:1979:45 • deprecated_member_use
   info • 'withOpacity' is deprecated and shouldn't be used. Use .withValues() to avoid precision loss • lib/main.dart:1981:64 • deprecated_member_use
   info • The import of 'dart:typed_data' is unnecessary because all of the used elements are also provided by the import of 'package:flutter/services.dart' • lib/main_BACKUP_FEB_3.dart.dart:5:8 • unnecessary_import
warning • Duplicate import • lib/main_BACKUP_FEB_3.dart.dart:14:8 • duplicate_import
   info • 'withOpacity' is deprecated and shouldn't be used. Use .withValues() to avoid precision loss • lib/main_BACKUP_FEB_3.dart.dart:101:30 • deprecated_member_use
   info • 'withOpacity' is deprecated and shouldn't be used. Use .withValues() to avoid precision loss • lib/main_BACKUP_FEB_3.dart.dart:111:48 • deprecated_member_use
   info • 'value' is deprecated and shouldn't be used. Use component accessors like .r or .g, or toARGB32 for an explicit conversion • lib/main_BACKUP_FEB_3.dart.dart:168:72 • deprecated_member_use
   info • 'withOpacity' is deprecated and shouldn't be used. Use .withValues() to avoid precision loss • lib/main_BACKUP_FEB_3.dart.dart:357:28 • deprecated_member_use
   info • 'withOpacity' is deprecated and shouldn't be used. Use .withValues() to avoid precision loss • lib/main_BACKUP_FEB_3.dart.dart:357:53 • deprecated_member_use
   info • 'withOpacity' is deprecated and shouldn't be used. Use .withValues() to avoid precision loss • lib/main_BACKUP_FEB_3.dart.dart:360:43 • deprecated_member_use
   info • 'withOpacity' is deprecated and shouldn't be used. Use .withValues() to avoid precision loss • lib/main_BACKUP_FEB_3.dart.dart:369:78 • deprecated_member_use
   info • 'withOpacity' is deprecated and shouldn't be used. Use .withValues() to avoid precision loss • lib/main_BACKUP_FEB_3.dart.dart:386:50 • deprecated_member_use
   info • 'withOpacity' is deprecated and shouldn't be used. Use .withValues() to avoid precision loss • lib/main_BACKUP_FEB_3.dart.dart:391:47 • deprecated_member_use
warning • The declaration '_shareAtBat' isn't referenced • lib/main_BACKUP_FEB_3.dart.dart:691:8 • unused_element
   info • 'withOpacity' is deprecated and shouldn't be used. Use .withValues() to avoid precision loss • lib/main_BACKUP_FEB_3.dart.dart:895:59 • deprecated_member_use
   info • 'withOpacity' is deprecated and shouldn't be used. Use .withValues() to avoid precision loss • lib/main_BACKUP_FEB_3.dart.dart:1101:143 • deprecated_member_use
   info • 'activeColor' is deprecated and shouldn't be used. Use activeThumbColor instead. This feature was deprecated after v3.31.0-2.0.pre • lib/main_BACKUP_FEB_3.dart.dart:1124:17 • deprecated_member_use
   info • 'withOpacity' is deprecated and shouldn't be used. Use .withValues() to avoid precision loss • lib/main_BACKUP_FEB_3.dart.dart:1286:124 • deprecated_member_use
   info • 'withOpacity' is deprecated and shouldn't be used. Use .withValues() to avoid precision loss • lib/main_BACKUP_FEB_3.dart.dart:1286:155 • deprecated_member_use
   info • 'activeColor' is deprecated and shouldn't be used. Use activeThumbColor instead. This feature was deprecated after v3.31.0-2.0.pre • lib/main_BACKUP_FEB_3.dart.dart:1348:13 • deprecated_member_use
   info • 'activeColor' is deprecated and shouldn't be used. Use activeThumbColor instead. This feature was deprecated after v3.31.0-2.0.pre • lib/main_BACKUP_FEB_3.dart.dart:1358:13 • deprecated_member_use
   info • 'value' is deprecated and shouldn't be used. Use initialValue instead. This will set the initial value for the form field. This feature was deprecated after v3.33.0-1.0.pre • lib/main_BACKUP_FEB_3.dart.dart:1411:59 • deprecated_member_use
   info • 'value' is deprecated and shouldn't be used. Use initialValue instead. This will set the initial value for the form field. This feature was deprecated after v3.33.0-1.0.pre • lib/main_BACKUP_FEB_3.dart.dart:1413:56 • deprecated_member_use
   info • 'withOpacity' is deprecated and shouldn't be used. Use .withValues() to avoid precision loss • lib/main_BACKUP_FEB_3.dart.dart:1436:75 • deprecated_member_use
   info • 'value' is deprecated and shouldn't be used. Use initialValue instead. This will set the initial value for the form field. This feature was deprecated after v3.33.0-1.0.pre • lib/main_BACKUP_FEB_3.dart.dart:1460:41 • deprecated_member_use
   info • 'activeColor' is deprecated and shouldn't be used. Use activeThumbColor instead. This feature was deprecated after v3.31.0-2.0.pre • lib/main_BACKUP_FEB_3.dart.dart:1464:144 • deprecated_member_use
   info • 'withOpacity' is deprecated and shouldn't be used. Use .withValues() to avoid precision loss • lib/main_BACKUP_FEB_3.dart.dart:1501:149 • deprecated_member_use
   info • 'withOpacity' is deprecated and shouldn't be used. Use .withValues() to avoid precision loss • lib/main_BACKUP_FEB_3.dart.dart:1532:145 • deprecated_member_use
   info • 'withOpacity' is deprecated and shouldn't be used. Use .withValues() to avoid precision loss • lib/main_BACKUP_FEB_3.dart.dart:1596:71 • deprecated_member_use
   info • 'withOpacity' is deprecated and shouldn't be used. Use .withValues() to avoid precision loss • lib/main_BACKUP_FEB_3.dart.dart:1785:65 • deprecated_member_use
   info • 'withOpacity' is deprecated and shouldn't be used. Use .withValues() to avoid precision loss • lib/main_BACKUP_FEB_3.dart.dart:1829:48 • deprecated_member_use
   info • 'withOpacity' is deprecated and shouldn't be used. Use .withValues() to avoid precision loss • lib/main_BACKUP_FEB_3.dart.dart:1831:67 • deprecated_member_use
warning • The declaration '_buildRakeStep' isn't referenced • lib/main_BACKUP_FEB_3.dart.dart:1876:10 • unused_element
   info • 'withOpacity' is deprecated and shouldn't be used. Use .withValues() to avoid precision loss • lib/main_BACKUP_FEB_3.dart.dart:1938:48 • deprecated_member_use
   info • 'withOpacity' is deprecated and shouldn't be used. Use .withValues() to avoid precision loss • lib/main_BACKUP_FEB_3.dart.dart:1979:45 • deprecated_member_use
   info • 'withOpacity' is deprecated and shouldn't be used. Use .withValues() to avoid precision loss • lib/main_BACKUP_FEB_3.dart.dart:1981:64 • deprecated_member_use
   info • 'withOpacity' is deprecated and shouldn't be used. Use .withValues() to avoid precision loss • lib/scrapsheet.dart:106:30 • deprecated_member_use
   info • 'withOpacity' is deprecated and shouldn't be used. Use .withValues() to avoid precision loss • lib/scrapsheet.dart:116:48 • deprecated_member_use
   info • 'value' is deprecated and shouldn't be used. Use component accessors like .r or .g, or toARGB32 for an explicit conversion • lib/scrapsheet.dart:173:72 • deprecated_member_use
   info • 'withOpacity' is deprecated and shouldn't be used. Use .withValues() to avoid precision loss • lib/scrapsheet.dart:310:28 • deprecated_member_use
   info • 'withOpacity' is deprecated and shouldn't be used. Use .withValues() to avoid precision loss • lib/scrapsheet.dart:310:53 • deprecated_member_use
   info • 'withOpacity' is deprecated and shouldn't be used. Use .withValues() to avoid precision loss • lib/scrapsheet.dart:313:43 • deprecated_member_use
   info • 'withOpacity' is deprecated and shouldn't be used. Use .withValues() to avoid precision loss • lib/scrapsheet.dart:322:78 • deprecated_member_use
   info • 'withOpacity' is deprecated and shouldn't be used. Use .withValues() to avoid precision loss • lib/scrapsheet.dart:339:50 • deprecated_member_use
   info • 'withOpacity' is deprecated and shouldn't be used. Use .withValues() to avoid precision loss • lib/scrapsheet.dart:344:47 • deprecated_member_use
  error • Missing concrete implementation of 'abstract class State<T extends StatefulWidget> with Diagnosticable.build' • lib/scrapsheet.dart:370:7 • non_abstract_class_inherits_abstract_member
warning • The declaration '_captureAndShare' isn't referenced • lib/scrapsheet.dart:381:16 • unused_element
warning • The declaration '_saveLogs' isn't referenced • lib/scrapsheet.dart:406:16 • unused_element
warning • The declaration '_saveUserName' isn't referenced • lib/scrapsheet.dart:450:16 • unused_element
warning • The declaration '_showSeasonPicker' isn't referenced • lib/scrapsheet.dart:498:8 • unused_element
  error • Undefined name 'context' • lib/scrapsheet.dart:551:16 • undefined_identifier
  error • Undefined name '_nameController' • lib/scrapsheet.dart:556:23 • undefined_identifier
  error • Undefined name '_nameController' • lib/scrapsheet.dart:563:19 • undefined_identifier
  error • The function '_saveUserName' isn't defined • lib/scrapsheet.dart:564:17 • undefined_function
  error • Undefined name '_nameController' • lib/scrapsheet.dart:564:31 • undefined_identifier
  error • Undefined name 'context' • lib/scrapsheet.dart:576:16 • undefined_identifier
  error • The function 'setState' isn't defined • lib/scrapsheet.dart:592:17 • undefined_function
  error • Undefined name '_allLogs' • lib/scrapsheet.dart:593:19 • undefined_identifier
warning • The value of the local variable '_searchController' isn't used • lib/scrapsheet.dart:607:31 • unused_local_variable
warning • The value of the local variable '_selectedHandFilter' isn't used • lib/scrapsheet.dart:609:10 • unused_local_variable
warning • The value of the local variable '_selectedPitchFilter' isn't used • lib/scrapsheet.dart:610:10 • unused_local_variable
warning • The value of the local variable '_resultPitchOnly' isn't used • lib/scrapsheet.dart:618:8 • unused_local_variable
warning • The declaration '_calculateAVG' isn't referenced • lib/scrapsheet.dart:625:10 • unused_element
warning • The declaration '_calculateSLG' isn't referenced • lib/scrapsheet.dart:632:10 • unused_element
warning • The declaration '_shareAtBat' isn't referenced • lib/scrapsheet.dart:644:8 • unused_element
warning • The declaration '_calculateOBP' isn't referenced • lib/scrapsheet.dart:658:10 • unused_element
warning • The declaration 'build' isn't referenced • lib/scrapsheet.dart:712:10 • unused_element
  error • Undefined name '_userName' • lib/scrapsheet.dart:718:13 • undefined_identifier
  error • Undefined name '_userName' • lib/scrapsheet.dart:718:56 • undefined_identifier
  error • Undefined name '_activeSeason' • lib/scrapsheet.dart:729:19 • undefined_identifier
  error • The function '_showSeasonPicker' isn't defined • lib/scrapsheet.dart:736:34 • undefined_function
  error • Expected an identifier • lib/scrapsheet.dart:742:11 • missing_identifier
  error • Expected to find ')' • lib/scrapsheet.dart:742:11 • expected_token
  error • Expected to find ';' • lib/scrapsheet.dart:756:9 • expected_token
warning • Dead code • lib/scrapsheet.dart:756:10 • dead_code
  error • Expected an identifier • lib/scrapsheet.dart:756:10 • missing_identifier
  error • Unexpected text ';' • lib/scrapsheet.dart:756:10 • unexpected_token
warning • The label 'body' isn't used • lib/scrapsheet.dart:757:9 • unused_label
  error • Expected to find ';' • lib/scrapsheet.dart:767:9 • expected_token
  error • Expected an identifier • lib/scrapsheet.dart:767:10 • missing_identifier
  error • Unexpected text ';' • lib/scrapsheet.dart:767:10 • unexpected_token
warning • The label 'floatingActionButton' isn't used • lib/scrapsheet.dart:768:9 • unused_label
  error • Undefined name '_activeSeason' • lib/scrapsheet.dart:775:19 • undefined_identifier
  error • The function '_saveLogs' isn't defined • lib/scrapsheet.dart:783:5 • undefined_function
  error • Expected to find ';' • lib/scrapsheet.dart:799:7 • expected_token
  error • Expected an identifier • lib/scrapsheet.dart:799:8 • missing_identifier
  error • Expected to find ';' • lib/scrapsheet.dart:799:8 • expected_token
  error • Unexpected text ';' • lib/scrapsheet.dart:799:8 • unexpected_token
  error • Expected an identifier • lib/scrapsheet.dart:800:1 • missing_identifier
  error • Expected to find ';' • lib/scrapsheet.dart:800:1 • expected_token
  error • Unexpected text ';' • lib/scrapsheet.dart:800:1 • unexpected_token
  error • Expected an identifier • lib/scrapsheet.dart:800:2 • missing_identifier
  error • Expected to find ';' • lib/scrapsheet.dart:800:2 • expected_token
  error • Unexpected text ';' • lib/scrapsheet.dart:800:2 • unexpected_token
  error • Expected an identifier • lib/scrapsheet.dart:801:5 • missing_identifier
  error • Unexpected text ';' • lib/scrapsheet.dart:801:5 • unexpected_token
  error • Undefined name '_searchController' • lib/scrapsheet.dart:806:17 • undefined_identifier
  error • Undefined name '_searchController' • lib/scrapsheet.dart:813:23 • undefined_identifier
  error • The function 'setState' isn't defined • lib/scrapsheet.dart:814:29 • undefined_function
  error • Undefined name '_pData' • lib/scrapsheet.dart:825:21 • undefined_identifier
  error • Undefined name '_activeSeason' • lib/scrapsheet.dart:865:51 • undefined_identifier
  error • Undefined name '_activeSeason' • lib/scrapsheet.dart:874:42 • undefined_identifier
  error • The method 'builder' isn't defined for the type 'Function' • lib/scrapsheet.dart:881:29 • undefined_method
  error • 'return' can't be used as an identifier because it's a keyword • lib/scrapsheet.dart:895:13 • expected_identifier_but_got_keyword
  error • Expected to find ';' • lib/scrapsheet.dart:895:13 • expected_token
  error • Variables must be declared using the keywords 'const', 'final', 'var' or a type name • lib/scrapsheet.dart:895:13 • missing_const_final_var_or_type
  error • Functions must have an explicit list of parameters • lib/scrapsheet.dart:895:20 • missing_function_parameters
  error • A function body must be provided • lib/scrapsheet.dart:895:28 • missing_function_body
  error • Expected a method, getter, setter or operator declaration • lib/scrapsheet.dart:895:28 • expected_executable
   info • Using a colon as the separator before a default value is deprecated and will not be supported in language version 3.0 and later • lib/scrapsheet.dart:896:24 • deprecated_colon_for_default_value
  error • Named parameters must be enclosed in curly braces ('{' and '}') • lib/scrapsheet.dart:896:24 • named_parameter_outside_group
  error • Undefined name 'filteredLogs' • lib/scrapsheet.dart:896:26 • undefined_identifier
   info • Using a colon as the separator before a default value is deprecated and will not be supported in language version 3.0 and later • lib/scrapsheet.dart:897:26 • deprecated_colon_for_default_value
  error • Named parameters must be enclosed in curly braces ('{' and '}') • lib/scrapsheet.dart:897:26 • named_parameter_outside_group
  error • The default value of an optional parameter must be constant • lib/scrapsheet.dart:897:28 • non_constant_default_value
  error • Undefined name 'filteredLogs' • lib/scrapsheet.dart:898:42 • undefined_identifier
  error • A function body must be provided • lib/scrapsheet.dart:900:14 • missing_function_body
  error • Expected a method, getter, setter or operator declaration • lib/scrapsheet.dart:901:11 • expected_executable
warning • The declaration '_buildScoutingReport' isn't referenced • lib/scrapsheet.dart:903:10 • unused_element
   info • 'withOpacity' is deprecated and shouldn't be used. Use .withValues() to avoid precision loss • lib/scrapsheet.dart:917:59 • deprecated_member_use
  error • The function '_calculateAVG' isn't defined • lib/scrapsheet.dart:928:78 • undefined_function
  error • The function '_calculateSLG' isn't defined • lib/scrapsheet.dart:928:108 • undefined_function
  error • Undefined name 'context' • lib/scrapsheet.dart:930:38 • undefined_identifier
  error • The function '_calculateAVG' isn't defined • lib/scrapsheet.dart:937:28 • undefined_function
  error • The function '_calculateSLG' isn't defined • lib/scrapsheet.dart:938:28 • undefined_function
  error • Undefined name '_atBatKeys' • lib/scrapsheet.dart:966:3 • undefined_identifier
  error • Undefined name '_atBatKeys' • lib/scrapsheet.dart:967:29 • undefined_identifier
  error • The function '_captureAndShare' isn't defined • lib/scrapsheet.dart:1029:32 • undefined_function
  error • Undefined name '_allLogs' • lib/scrapsheet.dart:1097:24 • undefined_identifier
  error • Undefined name '_activeSeason' • lib/scrapsheet.dart:1097:58 • undefined_identifier
  error • The named parameter 'physics' isn't defined • lib/scrapsheet.dart:1100:5 • undefined_named_parameter
  error • The named parameter 'padding' isn't defined • lib/scrapsheet.dart:1101:5 • undefined_named_parameter
  error • The named parameter 'children' isn't defined • lib/scrapsheet.dart:1102:5 • undefined_named_parameter
  error • The function '_calculateAVG' isn't defined • lib/scrapsheet.dart:1105:31 • undefined_function
  error • The function '_calculateSLG' isn't defined • lib/scrapsheet.dart:1106:31 • undefined_function
  error • The function '_calculateOBP' isn't defined • lib/scrapsheet.dart:1107:31 • undefined_function
  error • The function '_calculateChaseRate' isn't defined • lib/scrapsheet.dart:1115:41 • undefined_function
  error • The function '_calculateFirstPitchSwing' isn't defined • lib/scrapsheet.dart:1116:45 • undefined_function
   info • 'withOpacity' is deprecated and shouldn't be used. Use .withValues() to avoid precision loss • lib/scrapsheet.dart:1123:143 • deprecated_member_use
  error • Undefined name '_allLogs' • lib/scrapsheet.dart:1129:31 • undefined_identifier
  error • Undefined name '_activeSeason' • lib/scrapsheet.dart:1129:65 • undefined_identifier
  error • Undefined name '_selectedHandFilter' • lib/scrapsheet.dart:1129:83 • undefined_identifier
  error • Undefined name '_selectedHandFilter' • lib/scrapsheet.dart:1129:126 • undefined_identifier
  error • Undefined name '_selectedHandFilter' • lib/scrapsheet.dart:1135:35 • undefined_identifier
  error • The function 'setState' isn't defined • lib/scrapsheet.dart:1135:86 • undefined_function
  error • Undefined name '_selectedHandFilter' • lib/scrapsheet.dart:1135:101 • undefined_identifier
  error • Undefined name '_selectedPitchFilter' • lib/scrapsheet.dart:1136:36 • undefined_identifier
  error • The function 'setState' isn't defined • lib/scrapsheet.dart:1136:131 • undefined_function
  error • Undefined name '_selectedPitchFilter' • lib/scrapsheet.dart:1136:146 • undefined_identifier
  error • Undefined name '_resultPitchOnly' • lib/scrapsheet.dart:1145:24 • undefined_identifier
   info • 'activeColor' is deprecated and shouldn't be used. Use activeThumbColor instead. This feature was deprecated after v3.31.0-2.0.pre • lib/scrapsheet.dart:1146:17 • deprecated_member_use
  error • The function 'setState' isn't defined • lib/scrapsheet.dart:1147:35 • undefined_function
  error • Undefined name '_resultPitchOnly' • lib/scrapsheet.dart:1147:50 • undefined_identifier
  error • Undefined name '_selectedPitchFilter' • lib/scrapsheet.dart:1153:50 • undefined_identifier
  error • Undefined name '_resultPitchOnly' • lib/scrapsheet.dart:1153:84 • undefined_identifier
  error • Undefined name '_allLogs' • lib/scrapsheet.dart:1167:26 • undefined_identifier
  error • Undefined name '_activeSeason' • lib/scrapsheet.dart:1167:60 • undefined_identifier
  error • Undefined name '_chasePitchFilter' • lib/scrapsheet.dart:1171:50 • undefined_identifier
  error • Undefined name '_firstPitchFilter' • lib/scrapsheet.dart:1171:88 • undefined_identifier
  error • Undefined name '_chaseHandFilter' • lib/scrapsheet.dart:1172:49 • undefined_identifier
  error • Undefined name '_firstHandFilter' • lib/scrapsheet.dart:1172:86 • undefined_identifier
  error • The function 'setState' isn't defined • lib/scrapsheet.dart:1185:19 • undefined_function
  error • Undefined name '_chaseHandFilter' • lib/scrapsheet.dart:1186:42 • undefined_identifier
  error • Undefined name '_firstHandFilter' • lib/scrapsheet.dart:1187:42 • undefined_identifier
  error • Undefined name '_pData' • lib/scrapsheet.dart:1190:72 • undefined_identifier
  error • The function 'setState' isn't defined • lib/scrapsheet.dart:1191:19 • undefined_function
  error • Undefined name '_chasePitchFilter' • lib/scrapsheet.dart:1192:42 • undefined_identifier
  error • Undefined name '_firstPitchFilter' • lib/scrapsheet.dart:1193:42 • undefined_identifier
  error • Expected a method, getter, setter or operator declaration • lib/scrapsheet.dart:1291:1 • expected_executable
   info • 'withOpacity' is deprecated and shouldn't be used. Use .withValues() to avoid precision loss • lib/scrapsheet.dart:1308:124 • deprecated_member_use
   info • 'withOpacity' is deprecated and shouldn't be used. Use .withValues() to avoid precision loss • lib/scrapsheet.dart:1308:155 • deprecated_member_use
   info • 'activeColor' is deprecated and shouldn't be used. Use activeThumbColor instead. This feature was deprecated after v3.31.0-2.0.pre • lib/scrapsheet.dart:1371:13 • deprecated_member_use
   info • 'activeColor' is deprecated and shouldn't be used. Use activeThumbColor instead. This feature was deprecated after v3.31.0-2.0.pre • lib/scrapsheet.dart:1381:13 • deprecated_member_use
   info • 'value' is deprecated and shouldn't be used. Use initialValue instead. This will set the initial value for the form field. This feature was deprecated after v3.33.0-1.0.pre • lib/scrapsheet.dart:1434:59 • deprecated_member_use
   info • 'value' is deprecated and shouldn't be used. Use initialValue instead. This will set the initial value for the form field. This feature was deprecated after v3.33.0-1.0.pre • lib/scrapsheet.dart:1436:56 • deprecated_member_use
   info • 'withOpacity' is deprecated and shouldn't be used. Use .withValues() to avoid precision loss • lib/scrapsheet.dart:1459:75 • deprecated_member_use
   info • 'value' is deprecated and shouldn't be used. Use initialValue instead. This will set the initial value for the form field. This feature was deprecated after v3.33.0-1.0.pre • lib/scrapsheet.dart:1483:41 • deprecated_member_use
   info • 'activeColor' is deprecated and shouldn't be used. Use activeThumbColor instead. This feature was deprecated after v3.31.0-2.0.pre • lib/scrapsheet.dart:1487:144 • deprecated_member_use
  error • The method 'builder' isn't defined for the type 'Function' • lib/scrapsheet.dart:1518:22 • undefined_method
   info • 'withOpacity' is deprecated and shouldn't be used. Use .withValues() to avoid precision loss • lib/scrapsheet.dart:1524:149 • deprecated_member_use
  error • The named parameter 'physics' isn't defined • lib/scrapsheet.dart:1542:9 • undefined_named_parameter
  error • The named parameter 'padding' isn't defined • lib/scrapsheet.dart:1543:9 • undefined_named_parameter
  error • The named parameter 'children' isn't defined • lib/scrapsheet.dart:1544:9 • undefined_named_parameter
   info • 'withOpacity' is deprecated and shouldn't be used. Use .withValues() to avoid precision loss • lib/scrapsheet.dart:1555:145 • deprecated_member_use
   info • 'withOpacity' is deprecated and shouldn't be used. Use .withValues() to avoid precision loss • lib/scrapsheet.dart:1619:71 • deprecated_member_use
   info • 'withOpacity' is deprecated and shouldn't be used. Use .withValues() to avoid precision loss • lib/scrapsheet.dart:1808:65 • deprecated_member_use
   info • 'withOpacity' is deprecated and shouldn't be used. Use .withValues() to avoid precision loss • lib/scrapsheet.dart:1852:48 • deprecated_member_use
   info • 'withOpacity' is deprecated and shouldn't be used. Use .withValues() to avoid precision loss • lib/scrapsheet.dart:1854:67 • deprecated_member_use
   info • 'withOpacity' is deprecated and shouldn't be used. Use .withValues() to avoid precision loss • lib/scrapsheet.dart:1939:48 • deprecated_member_use
   info • 'withOpacity' is deprecated and shouldn't be used. Use .withValues() to avoid precision loss • lib/scrapsheet.dart:1980:45 • deprecated_member_use
   info • 'withOpacity' is deprecated and shouldn't be used. Use .withValues() to avoid precision loss • lib/scrapsheet.dart:1982:64 • deprecated_member_use
  error • The method 'builder' isn't defined for the type 'Function' • lib/scrapsheet.dart:2119:28 • undefined_method

